status file for recon-all
Sun Mar  8 20:47:12 CET 2026
#@# Tessellate lh Sun Mar  8 20:47:12 CET 2026
#@# Smooth1 lh Sun Mar  8 20:47:15 CET 2026
#@# Inflation1 lh Sun Mar  8 20:47:17 CET 2026
#@# QSphere lh Sun Mar  8 20:47:26 CET 2026
#@# Fix Topology lh Sun Mar  8 20:48:12 CET 2026
#@# Smooth2 lh Sun Mar  8 20:53:33 CET 2026
#@# Inflation2 lh Sun Mar  8 20:53:35 CET 2026
#@# Curv .H and .K lh Sun Mar  8 20:53:45 CET 2026
#@# Sphere lh Sun Mar  8 20:54:26 CET 2026
#@# Surf Reg lh Sun Mar  8 20:56:39 CET 2026
#@# Jacobian white lh Sun Mar  8 20:59:29 CET 2026
#@# AvgCurv lh Sun Mar  8 20:59:30 CET 2026
#@# Cortical Parc lh Sun Mar  8 20:59:30 CET 2026
#@# white curv lh Sun Mar  8 21:04:46 CET 2026
#@# white area lh Sun Mar  8 21:04:47 CET 2026
#@# pial curv lh Sun Mar  8 21:04:48 CET 2026
#@# pial area lh Sun Mar  8 21:04:49 CET 2026
#@# thickness lh Sun Mar  8 21:04:50 CET 2026
#@# area and vertex vol lh Sun Mar  8 21:05:12 CET 2026
#@# Curvature Stats lh Sun Mar  8 21:05:13 CET 2026
#@# Cortical Parc 2 lh Sun Mar  8 21:05:14 CET 2026
#@# Cortical Parc 3 lh Sun Mar  8 21:05:25 CET 2026
#@# WM/GM Contrast lh Sun Mar  8 21:05:33 CET 2026
recon-all -s sub-v1s14x0051579_ses-1 finished without error at Sun Mar  8 21:05:35 CET 2026



#New# invocation of recon-all 



status file for recon-all
Sun Mar  8 21:29:12 CET 2026
#@# white curv lh Sun Mar  8 21:29:13 CET 2026
#@# white area lh Sun Mar  8 21:29:13 CET 2026
#@# pial curv lh Sun Mar  8 21:29:13 CET 2026
#@# pial area lh Sun Mar  8 21:29:13 CET 2026
#@# thickness lh Sun Mar  8 21:29:13 CET 2026
#@# area and vertex vol lh Sun Mar  8 21:29:13 CET 2026
#@# Parcellation Stats lh Sun Mar  8 21:29:13 CET 2026
#@# Parcellation Stats 2 lh Sun Mar  8 21:29:29 CET 2026
#@# Parcellation Stats 3 lh Sun Mar  8 21:29:38 CET 2026
#@# BA_exvivo Labels lh Sun Mar  8 21:29:47 CET 2026
recon-all -s sub-v1s14x0051579_ses-1 finished without error at Sun Mar  8 21:31:44 CET 2026
