status file for recon-all
Sun Mar  8 19:31:13 CET 2026
#@# MotionCor Sun Mar  8 19:31:14 CET 2026
#@# Talairach Sun Mar  8 19:31:20 CET 2026
#@# Talairach Failure Detection Sun Mar  8 19:34:09 CET 2026
#@# Nu Intensity Correction Sun Mar  8 19:34:09 CET 2026
#@# Intensity Normalization Sun Mar  8 19:36:53 CET 2026
recon-all -s sub-v1s14x0051579_ses-1 finished without error at Sun Mar  8 19:37:52 CET 2026



#New# invocation of recon-all 



status file for recon-all
Sun Mar  8 19:44:02 CET 2026
#@# EM Registration Sun Mar  8 19:44:02 CET 2026
recon-all -s sub-v1s14x0051579_ses-1 finished without error at Sun Mar  8 19:45:21 CET 2026



#New# invocation of recon-all 



status file for recon-all
Sun Mar  8 19:45:24 CET 2026
#@# CA Normalize Sun Mar  8 19:45:24 CET 2026
#@# CA Reg Sun Mar  8 19:46:16 CET 2026
#@# SubCort Seg Sun Mar  8 20:19:50 CET 2026
#@# CC Seg Sun Mar  8 20:42:47 CET 2026
#@# Merge ASeg Sun Mar  8 20:43:29 CET 2026
#@# Intensity Normalization2 Sun Mar  8 20:43:29 CET 2026
#@# Mask BFS Sun Mar  8 20:44:52 CET 2026
#@# WM Segmentation Sun Mar  8 20:44:53 CET 2026
#@# Fill Sun Mar  8 20:46:29 CET 2026
recon-all -s sub-v1s14x0051579_ses-1 finished without error at Sun Mar  8 20:47:07 CET 2026



#New# invocation of recon-all 



status file for recon-all
Sun Mar  8 21:25:12 CET 2026
#@# white curv lh Sun Mar  8 21:25:12 CET 2026
#@# white area lh Sun Mar  8 21:25:12 CET 2026
#@# pial curv lh Sun Mar  8 21:25:12 CET 2026
#@# pial area lh Sun Mar  8 21:25:12 CET 2026
#@# thickness lh Sun Mar  8 21:25:12 CET 2026
#@# area and vertex vol lh Sun Mar  8 21:25:12 CET 2026
#@# white curv rh Sun Mar  8 21:25:12 CET 2026
#@# white area rh Sun Mar  8 21:25:12 CET 2026
#@# pial curv rh Sun Mar  8 21:25:12 CET 2026
#@# pial area rh Sun Mar  8 21:25:12 CET 2026
#@# thickness rh Sun Mar  8 21:25:12 CET 2026
#@# area and vertex vol rh Sun Mar  8 21:25:12 CET 2026
#@# Cortical ribbon mask Sun Mar  8 21:25:12 CET 2026
recon-all -s sub-v1s14x0051579_ses-1 finished without error at Sun Mar  8 21:29:08 CET 2026



#New# invocation of recon-all 



status file for recon-all
Sun Mar  8 21:34:24 CET 2026
#@# white curv lh Sun Mar  8 21:34:24 CET 2026
#@# white area lh Sun Mar  8 21:34:24 CET 2026
#@# pial curv lh Sun Mar  8 21:34:24 CET 2026
#@# pial area lh Sun Mar  8 21:34:24 CET 2026
#@# thickness lh Sun Mar  8 21:34:24 CET 2026
#@# area and vertex vol lh Sun Mar  8 21:34:24 CET 2026
#@# white curv rh Sun Mar  8 21:34:24 CET 2026
#@# white area rh Sun Mar  8 21:34:24 CET 2026
#@# pial curv rh Sun Mar  8 21:34:24 CET 2026
#@# pial area rh Sun Mar  8 21:34:25 CET 2026
#@# thickness rh Sun Mar  8 21:34:25 CET 2026
#@# area and vertex vol rh Sun Mar  8 21:34:25 CET 2026
#@# Curvature Stats lh Sun Mar  8 21:34:25 CET 2026
#@# Curvature Stats rh Sun Mar  8 21:34:26 CET 2026
#@# Relabel Hypointensities Sun Mar  8 21:34:28 CET 2026
#@# APas-to-ASeg Sun Mar  8 21:34:39 CET 2026
#@# AParc-to-ASeg aparc Sun Mar  8 21:34:45 CET 2026
#@# AParc-to-ASeg aparc.a2009s Sun Mar  8 21:35:07 CET 2026
#@# AParc-to-ASeg aparc.DKTatlas Sun Mar  8 21:35:25 CET 2026
#@# WMParc Sun Mar  8 21:35:45 CET 2026
#@# ASeg Stats Sun Mar  8 21:37:43 CET 2026
recon-all -s sub-v1s14x0051579_ses-1 finished without error at Sun Mar  8 21:38:01 CET 2026
