status file for recon-all
Sun Mar  8 21:05:36 CET 2026
#@# Tessellate rh Sun Mar  8 21:05:36 CET 2026
#@# Smooth1 rh Sun Mar  8 21:05:39 CET 2026
#@# Inflation1 rh Sun Mar  8 21:05:41 CET 2026
#@# QSphere rh Sun Mar  8 21:05:49 CET 2026
#@# Fix Topology rh Sun Mar  8 21:06:28 CET 2026
#@# Smooth2 rh Sun Mar  8 21:12:09 CET 2026
#@# Inflation2 rh Sun Mar  8 21:12:11 CET 2026
#@# Curv .H and .K rh Sun Mar  8 21:12:20 CET 2026
#@# Sphere rh Sun Mar  8 21:13:01 CET 2026
#@# Surf Reg rh Sun Mar  8 21:15:21 CET 2026
#@# Jacobian white rh Sun Mar  8 21:18:27 CET 2026
#@# AvgCurv rh Sun Mar  8 21:18:28 CET 2026
#@# Cortical Parc rh Sun Mar  8 21:18:29 CET 2026
#@# white curv rh Sun Mar  8 21:24:20 CET 2026
#@# white area rh Sun Mar  8 21:24:21 CET 2026
#@# pial curv rh Sun Mar  8 21:24:22 CET 2026
#@# pial area rh Sun Mar  8 21:24:23 CET 2026
#@# thickness rh Sun Mar  8 21:24:24 CET 2026
#@# area and vertex vol rh Sun Mar  8 21:24:45 CET 2026
#@# Curvature Stats rh Sun Mar  8 21:24:46 CET 2026
#@# Cortical Parc 2 rh Sun Mar  8 21:24:48 CET 2026
#@# Cortical Parc 3 rh Sun Mar  8 21:24:59 CET 2026
#@# WM/GM Contrast rh Sun Mar  8 21:25:07 CET 2026
recon-all -s sub-v1s14x0051579_ses-1 finished without error at Sun Mar  8 21:25:09 CET 2026



#New# invocation of recon-all 



status file for recon-all
Sun Mar  8 21:31:47 CET 2026
#@# white curv rh Sun Mar  8 21:31:47 CET 2026
#@# white area rh Sun Mar  8 21:31:47 CET 2026
#@# pial curv rh Sun Mar  8 21:31:47 CET 2026
#@# pial area rh Sun Mar  8 21:31:47 CET 2026
#@# thickness rh Sun Mar  8 21:31:47 CET 2026
#@# area and vertex vol rh Sun Mar  8 21:31:47 CET 2026
#@# Parcellation Stats rh Sun Mar  8 21:31:47 CET 2026
#@# Parcellation Stats 2 rh Sun Mar  8 21:32:04 CET 2026
#@# Parcellation Stats 3 rh Sun Mar  8 21:32:13 CET 2026
#@# BA_exvivo Labels rh Sun Mar  8 21:32:21 CET 2026
recon-all -s sub-v1s14x0051579_ses-1 finished without error at Sun Mar  8 21:34:19 CET 2026
