status file for recon-all
Sun Mar  8 21:51:26 CET 2026
#@# Tessellate lh Sun Mar  8 21:51:26 CET 2026
#@# Smooth1 lh Sun Mar  8 21:51:30 CET 2026
#@# Inflation1 lh Sun Mar  8 21:51:33 CET 2026
#@# QSphere lh Sun Mar  8 21:51:47 CET 2026
#@# Fix Topology lh Sun Mar  8 21:52:56 CET 2026
#@# Smooth2 lh Sun Mar  8 22:24:17 CET 2026
#@# Inflation2 lh Sun Mar  8 22:24:20 CET 2026
#@# Curv .H and .K lh Sun Mar  8 22:24:36 CET 2026
#@# Sphere lh Sun Mar  8 22:25:31 CET 2026
#@# Surf Reg lh Sun Mar  8 22:29:07 CET 2026
#@# Jacobian white lh Sun Mar  8 22:33:59 CET 2026
#@# AvgCurv lh Sun Mar  8 22:34:00 CET 2026
#@# Cortical Parc lh Sun Mar  8 22:34:01 CET 2026
#@# white curv lh Sun Mar  8 22:41:47 CET 2026
#@# white area lh Sun Mar  8 22:41:50 CET 2026
#@# pial curv lh Sun Mar  8 22:41:51 CET 2026
#@# pial area lh Sun Mar  8 22:41:53 CET 2026
#@# thickness lh Sun Mar  8 22:41:54 CET 2026
#@# area and vertex vol lh Sun Mar  8 22:42:32 CET 2026
#@# Curvature Stats lh Sun Mar  8 22:42:34 CET 2026
#@# Cortical Parc 2 lh Sun Mar  8 22:42:37 CET 2026
#@# Cortical Parc 3 lh Sun Mar  8 22:42:52 CET 2026
#@# WM/GM Contrast lh Sun Mar  8 22:43:04 CET 2026
recon-all -s sub-v1s14x0051583_ses-1 finished without error at Sun Mar  8 22:43:09 CET 2026



#New# invocation of recon-all 



status file for recon-all
Sun Mar  8 23:20:04 CET 2026
#@# white curv lh Sun Mar  8 23:20:04 CET 2026
#@# white area lh Sun Mar  8 23:20:04 CET 2026
#@# pial curv lh Sun Mar  8 23:20:04 CET 2026
#@# pial area lh Sun Mar  8 23:20:04 CET 2026
#@# thickness lh Sun Mar  8 23:20:04 CET 2026
#@# area and vertex vol lh Sun Mar  8 23:20:04 CET 2026
#@# Parcellation Stats lh Sun Mar  8 23:20:04 CET 2026
#@# Parcellation Stats 2 lh Sun Mar  8 23:20:29 CET 2026
#@# Parcellation Stats 3 lh Sun Mar  8 23:20:42 CET 2026
#@# BA_exvivo Labels lh Sun Mar  8 23:20:54 CET 2026
recon-all -s sub-v1s14x0051583_ses-1 finished without error at Sun Mar  8 23:24:11 CET 2026
