status file for recon-all
Sun Mar  8 19:58:32 CET 2026
#@# MotionCor Sun Mar  8 19:58:34 CET 2026
#@# Talairach Sun Mar  8 19:58:44 CET 2026
#@# Talairach Failure Detection Sun Mar  8 20:03:12 CET 2026
#@# Nu Intensity Correction Sun Mar  8 20:03:12 CET 2026
#@# Intensity Normalization Sun Mar  8 20:06:27 CET 2026
recon-all -s sub-v1s14x0051583_ses-1 finished without error at Sun Mar  8 20:07:59 CET 2026



#New# invocation of recon-all 



status file for recon-all
Sun Mar  8 20:15:56 CET 2026
#@# EM Registration Sun Mar  8 20:15:56 CET 2026
recon-all -s sub-v1s14x0051583_ses-1 finished without error at Sun Mar  8 20:18:13 CET 2026



#New# invocation of recon-all 



status file for recon-all
Sun Mar  8 20:18:16 CET 2026
#@# CA Normalize Sun Mar  8 20:18:16 CET 2026
#@# CA Reg Sun Mar  8 20:19:35 CET 2026
#@# SubCort Seg Sun Mar  8 21:08:23 CET 2026
#@# CC Seg Sun Mar  8 21:45:06 CET 2026
#@# Merge ASeg Sun Mar  8 21:45:44 CET 2026
#@# Intensity Normalization2 Sun Mar  8 21:45:44 CET 2026
#@# Mask BFS Sun Mar  8 21:48:01 CET 2026
#@# WM Segmentation Sun Mar  8 21:48:02 CET 2026
#@# Fill Sun Mar  8 21:50:15 CET 2026
recon-all -s sub-v1s14x0051583_ses-1 finished without error at Sun Mar  8 21:51:19 CET 2026



#New# invocation of recon-all 



status file for recon-all
Sun Mar  8 23:13:58 CET 2026
#@# white curv lh Sun Mar  8 23:13:58 CET 2026
#@# white area lh Sun Mar  8 23:13:58 CET 2026
#@# pial curv lh Sun Mar  8 23:13:58 CET 2026
#@# pial area lh Sun Mar  8 23:13:58 CET 2026
#@# thickness lh Sun Mar  8 23:13:58 CET 2026
#@# area and vertex vol lh Sun Mar  8 23:13:58 CET 2026
#@# white curv rh Sun Mar  8 23:13:58 CET 2026
#@# white area rh Sun Mar  8 23:13:58 CET 2026
#@# pial curv rh Sun Mar  8 23:13:58 CET 2026
#@# pial area rh Sun Mar  8 23:13:59 CET 2026
#@# thickness rh Sun Mar  8 23:13:59 CET 2026
#@# area and vertex vol rh Sun Mar  8 23:13:59 CET 2026
#@# Cortical ribbon mask Sun Mar  8 23:13:59 CET 2026
recon-all -s sub-v1s14x0051583_ses-1 finished without error at Sun Mar  8 23:19:58 CET 2026



#New# invocation of recon-all 



status file for recon-all
Sun Mar  8 23:28:13 CET 2026
#@# white curv lh Sun Mar  8 23:28:13 CET 2026
#@# white area lh Sun Mar  8 23:28:13 CET 2026
#@# pial curv lh Sun Mar  8 23:28:13 CET 2026
#@# pial area lh Sun Mar  8 23:28:13 CET 2026
#@# thickness lh Sun Mar  8 23:28:13 CET 2026
#@# area and vertex vol lh Sun Mar  8 23:28:13 CET 2026
#@# white curv rh Sun Mar  8 23:28:13 CET 2026
#@# white area rh Sun Mar  8 23:28:13 CET 2026
#@# pial curv rh Sun Mar  8 23:28:13 CET 2026
#@# pial area rh Sun Mar  8 23:28:13 CET 2026
#@# thickness rh Sun Mar  8 23:28:13 CET 2026
#@# area and vertex vol rh Sun Mar  8 23:28:13 CET 2026
#@# Curvature Stats lh Sun Mar  8 23:28:13 CET 2026
#@# Curvature Stats rh Sun Mar  8 23:28:16 CET 2026
#@# Relabel Hypointensities Sun Mar  8 23:28:19 CET 2026
#@# APas-to-ASeg Sun Mar  8 23:28:36 CET 2026
#@# AParc-to-ASeg aparc Sun Mar  8 23:28:47 CET 2026
#@# AParc-to-ASeg aparc.a2009s Sun Mar  8 23:29:26 CET 2026
#@# AParc-to-ASeg aparc.DKTatlas Sun Mar  8 23:30:07 CET 2026
#@# WMParc Sun Mar  8 23:30:46 CET 2026
#@# ASeg Stats Sun Mar  8 23:34:44 CET 2026
recon-all -s sub-v1s14x0051583_ses-1 finished without error at Sun Mar  8 23:35:23 CET 2026
