status file for recon-all
Sun Mar  8 22:43:10 CET 2026
#@# Tessellate rh Sun Mar  8 22:43:10 CET 2026
#@# Smooth1 rh Sun Mar  8 22:43:15 CET 2026
#@# Inflation1 rh Sun Mar  8 22:43:18 CET 2026
#@# QSphere rh Sun Mar  8 22:43:33 CET 2026
#@# Fix Topology rh Sun Mar  8 22:44:47 CET 2026
#@# Smooth2 rh Sun Mar  8 22:54:38 CET 2026
#@# Inflation2 rh Sun Mar  8 22:54:42 CET 2026
#@# Curv .H and .K rh Sun Mar  8 22:54:56 CET 2026
#@# Sphere rh Sun Mar  8 22:55:51 CET 2026
#@# Surf Reg rh Sun Mar  8 22:59:22 CET 2026
#@# Jacobian white rh Sun Mar  8 23:04:06 CET 2026
#@# AvgCurv rh Sun Mar  8 23:04:07 CET 2026
#@# Cortical Parc rh Sun Mar  8 23:04:08 CET 2026
#@# white curv rh Sun Mar  8 23:12:30 CET 2026
#@# white area rh Sun Mar  8 23:12:32 CET 2026
#@# pial curv rh Sun Mar  8 23:12:33 CET 2026
#@# pial area rh Sun Mar  8 23:12:35 CET 2026
#@# thickness rh Sun Mar  8 23:12:37 CET 2026
#@# area and vertex vol rh Sun Mar  8 23:13:18 CET 2026
#@# Curvature Stats rh Sun Mar  8 23:13:20 CET 2026
#@# Cortical Parc 2 rh Sun Mar  8 23:13:23 CET 2026
#@# Cortical Parc 3 rh Sun Mar  8 23:13:38 CET 2026
#@# WM/GM Contrast rh Sun Mar  8 23:13:50 CET 2026
recon-all -s sub-v1s14x0051583_ses-1 finished without error at Sun Mar  8 23:13:55 CET 2026



#New# invocation of recon-all 



status file for recon-all
Sun Mar  8 23:24:13 CET 2026
#@# white curv rh Sun Mar  8 23:24:13 CET 2026
#@# white area rh Sun Mar  8 23:24:13 CET 2026
#@# pial curv rh Sun Mar  8 23:24:13 CET 2026
#@# pial area rh Sun Mar  8 23:24:13 CET 2026
#@# thickness rh Sun Mar  8 23:24:13 CET 2026
#@# area and vertex vol rh Sun Mar  8 23:24:13 CET 2026
#@# Parcellation Stats rh Sun Mar  8 23:24:13 CET 2026
#@# Parcellation Stats 2 rh Sun Mar  8 23:24:37 CET 2026
#@# Parcellation Stats 3 rh Sun Mar  8 23:24:49 CET 2026
#@# BA_exvivo Labels rh Sun Mar  8 23:25:01 CET 2026
recon-all -s sub-v1s14x0051583_ses-1 finished without error at Sun Mar  8 23:28:09 CET 2026
