/out/sourcedata/freesurfer/sub-v1s14x0051566_ses-1/mri
/opt/freesurfer/bin/talairach_avi
--i orig_nu.mgz --xfm transforms/talairach.auto.xfm
talairach_avi 7.3.2
Linux dna029 5.14.0-427.37.1.el9_4.x86_64 #1 SMP PREEMPT_DYNAMIC Fri Sep 13 12:41:50 EDT 2024 x86_64 x86_64 x86_64 GNU/Linux
Sun Mar  8 17:41:14 CET 2026
mri_convert orig_nu.mgz talsrcimg.img 
reading from orig_nu.mgz...
TR=0.00, TE=0.00, TI=0.00, flip angle=0.00
i_ras = (-1, -1.28057e-09, -9.31323e-10)
j_ras = (0, -1.49012e-08, -1)
k_ras = (1.39698e-09, 1, -7.45058e-09)
writing to talsrcimg.img...
Analyze Output Matrix
-1.00000   0.00000   0.00000   128.24211;
-0.00000  -0.00000   1.00000  -118.99936;
-0.00000  -1.00000  -0.00000   177.66380;
 0.00000   0.00000   0.00000   1.00000;
--------------------
INFO: set hdr.hist.orient to -1
mpr2mni305 talsrcimg
Sun Mar  8 17:41:15 CET 2026
/opt/freesurfer/bin/mpr2mni305 talsrcimg
mpr2mni305 7.3.2
target=711-2C_as_mni_average_305

---------------------------------------------------------------------
analyzeto4dfp talsrcimg -O0 -y
---------------------------------------------------------------------

freesurfer ifh2hdr.c
Sun Mar  8 17:41:15 2026
Writing: talsrcimg.4dfp.hdr
freesurfer analyzeto4dfp.c
Reading: talsrcimg.hdr
header size 348 bytes
hdr.dime.datatype	offset=70	value=2
hdr.dime.bitpix		offset=72	value=8
hdr.hist.orient		offset=252	value=-1
dimensionality     4
dimensions       256       256       256         1
Reading: talsrcimg.img
Writing: talsrcimg.4dfp.img
Writing: talsrcimg.4dfp.ifh
ifh2hdr talsrcimg -r0to246
ori=2

---------------------------------------------------------------------
gauss_4dfp talsrcimg 1.1
---------------------------------------------------------------------

freesurfer gauss_4dfp.c
Reading: talsrcimg.4dfp.img
Writing: talsrcimg_g11.4dfp.img
image dimensions 256 256 256 padded to 288 288 288
processing volume 1freesurfer ifh2hdr.c
Sun Mar  8 17:41:17 2026
Writing: talsrcimg_g11.4dfp.hdr

Writing: talsrcimg_g11.4dfp.ifh
including: talsrcimg.4dfp.img.rec in talsrcimg_g11.4dfp.img.rec

---------------------------------------------------------------------
imgreg_4dfp /opt/freesurfer/average/711-2C_as_mni_average_305 none talsrcimg_g11 none talsrcimg_to_711-2C_as_mni_average_305_t4 4355
---------------------------------------------------------------------

freesurfer imgreg_4dfp.c
/opt/freesurfer/average/711-2C_as_mni_average_305.4dfp.img
       256       256       256         1
  1.000000  1.000000  1.000000
orientation T byte_order littleendian
Reading image: /opt/freesurfer/average/711-2C_as_mni_average_305.4dfp.img
dimensions:      256       256       256
mmppix:       1.0000   -1.0000   -1.0000
center:     128.0000 -129.0000 -129.0000
talsrcimg_g11.4dfp.img
       256       256       256         1
  1.000000  1.000000  1.000000
orientation T byte_order littleendian
Reading image: talsrcimg_g11.4dfp.img
dimensions:      256       256       256
mmppix:       1.0000   -1.0000   -1.0000
center:     128.0000 -129.0000 -129.0000
t4_read: open error in t4_sub.f l:  41 t4_file(1:l)talsrcimg_to_711-2C_as_mni_average_305_t4 
t4_read: transform initialized to I4
rotation matrix determinant  1.000000
image alignment mode   4355 decimal     1103 hex
   -7.5000  -45.0000  -45.0000 9386.2666   15.7559
    0.0000  -45.0000  -45.0000 9828.2705   15.7665
    7.5000  -45.0000  -45.0000 9379.9922   15.7484
   -7.5000  -37.5000  -45.0000 9628.7227   15.7829
    0.0000  -37.5000  -45.000010095.9531   15.7895
    7.5000  -37.5000  -45.0000 9637.9834   15.7623
   -7.5000  -30.0000  -45.000010243.3867   15.8124
    0.0000  -30.0000  -45.000010705.2949   15.8178
    7.5000  -30.0000  -45.000010249.0059   15.7882
   -7.5000  -22.5000  -45.000010849.3320   15.8144
    0.0000  -22.5000  -45.000011288.2734   15.8236
    7.5000  -22.5000  -45.000010821.2041   15.8008
   -7.5000  -15.0000  -45.000011325.3350   15.7886
    0.0000  -15.0000  -45.000011811.5723   15.8026
    7.5000  -15.0000  -45.000011304.1553   15.7885
   -7.5000   -7.5000  -45.000011687.7529   15.7595
    0.0000   -7.5000  -45.000012210.6260   15.7739
    7.5000   -7.5000  -45.000011670.9365   15.7620
   -7.5000    0.0000  -45.000011957.4023   15.7559
    0.0000    0.0000  -45.000012497.9668   15.7665
    7.5000    0.0000  -45.000011935.5811   15.7484
   -7.5000    7.5000  -45.000011092.1172   15.7829
    0.0000    7.5000  -45.000011586.7158   15.7895
    7.5000    7.5000  -45.000011064.1914   15.7623
   -7.5000   15.0000  -45.000010203.5391   15.8124
    0.0000   15.0000  -45.000010643.4941   15.8178
    7.5000   15.0000  -45.000010160.4189   15.7882
   -7.5000   22.5000  -45.0000 9323.3428   15.8122
    0.0000   22.5000  -45.0000 9702.7734   15.8214
    7.5000   22.5000  -45.0000 9229.8359   15.7986
   -7.5000   30.0000  -45.0000 8338.1826   15.5782
    0.0000   30.0000  -45.0000 8681.0205   15.5920
    7.5000   30.0000  -45.0000 8234.5498   15.5781
   -7.5000   37.5000  -45.0000 7571.4141   15.5520
    0.0000   37.5000  -45.0000 7869.0942   15.5663
    7.5000   37.5000  -45.0000 7463.1997   15.5545
   -7.5000   45.0000  -45.0000 6583.9038   15.3110
    0.0000   45.0000  -45.0000 6857.3667   15.3204
    7.5000   45.0000  -45.0000 6507.5356   15.3019
   -7.5000  -45.0000  -37.500010005.3564   15.7419
    0.0000  -45.0000  -37.500010458.3408   15.7575
    7.5000  -45.0000  -37.5000 9976.3350   15.7366
   -7.5000  -37.5000  -37.500010261.3740   15.7630
    0.0000  -37.5000  -37.500010729.7930   15.7726
    7.5000  -37.5000  -37.500010229.1973   15.7435
   -7.5000  -30.0000  -37.500010908.9395   15.7851
    0.0000  -30.0000  -37.500011381.8760   15.7926
    7.5000  -30.0000  -37.500010870.7373   15.7624
   -7.5000  -22.5000  -37.500011491.3984   15.7865
    0.0000  -22.5000  -37.500011977.0703   15.7986
    7.5000  -22.5000  -37.500011445.3779   15.7755
   -7.5000  -15.0000  -37.500011997.2549   15.7658
    0.0000  -15.0000  -37.500012500.8711   15.7847
    7.5000  -15.0000  -37.500011957.3965   15.7696
   -7.5000   -7.5000  -37.500012371.2734   15.7432
    0.0000   -7.5000  -37.500012880.8662   15.7635
    7.5000   -7.5000  -37.500012322.4473   15.7496
   -7.5000    0.0000  -37.500012619.3867   15.7419
    0.0000    0.0000  -37.500013152.5684   15.7575
    7.5000    0.0000  -37.500012597.4971   15.7366
   -7.5000    7.5000  -37.500011668.4297   15.7630
    0.0000    7.5000  -37.500012144.3877   15.7726
    7.5000    7.5000  -37.500011655.2373   15.7435
   -7.5000   15.0000  -37.500010706.3154   15.7851
    0.0000   15.0000  -37.500011144.1875   15.7926
    7.5000   15.0000  -37.500010666.8711   15.7624
   -7.5000   22.5000  -37.5000 9752.4180   15.7843
    0.0000   22.5000  -37.500010138.7773   15.7965
    7.5000   22.5000  -37.5000 9674.5039   15.7733
   -7.5000   30.0000  -37.5000 8726.3184   15.5557
    0.0000   30.0000  -37.5000 9054.3369   15.5744
    7.5000   30.0000  -37.5000 8609.3135   15.5595
   -7.5000   37.5000  -37.5000 7897.1851   15.5360
    0.0000   37.5000  -37.5000 8189.5537   15.5560
    7.5000   37.5000  -37.5000 7792.7954   15.5423
   -7.5000   45.0000  -37.5000 6869.7510   15.2971
    0.0000   45.0000  -37.5000 7133.5483   15.3119
    7.5000   45.0000  -37.5000 6792.0439   15.2907
   -7.5000  -45.0000  -30.000010776.1758   16.3878
    0.0000  -45.0000  -30.000011233.6924   16.4054
    7.5000  -45.0000  -30.000010735.0703   16.3864
   -7.5000  -37.5000  -30.000011050.9404   16.4051
    0.0000  -37.5000  -30.000011520.3086   16.4148
    7.5000  -37.5000  -30.000010987.9463   16.3878
   -7.5000  -30.0000  -30.000011697.7373   16.4246
    0.0000  -30.0000  -30.000012184.5986   16.4308
    7.5000  -30.0000  -30.000011630.4609   16.4032
   -7.5000  -22.5000  -30.000012296.8486   16.4274
    0.0000  -22.5000  -30.000012809.2373   16.4384
    7.5000  -22.5000  -30.000012243.6338   16.4183
   -7.5000  -15.0000  -30.000012867.6807   16.4097
    0.0000  -15.0000  -30.000013395.7842   16.4294
    7.5000  -15.0000  -30.000012809.7285   16.4174
   -7.5000   -7.5000  -30.000013263.5293   16.3896
    0.0000   -7.5000  -30.000013809.4727   16.4123
    7.5000   -7.5000  -30.000013208.3896   16.4008
   -7.5000    0.0000  -30.000013505.8926   16.3878
    0.0000    0.0000  -30.000014061.3691   16.4054
    7.5000    0.0000  -30.000013463.7207   16.3864
   -7.5000    7.5000  -30.000012450.9189   16.4051
    0.0000    7.5000  -30.000012946.7656   16.4148
    7.5000    7.5000  -30.000012448.1006   16.3878
   -7.5000   15.0000  -30.000011399.7090   16.4246
    0.0000   15.0000  -30.000011840.0029   16.4308
    7.5000   15.0000  -30.000011369.6201   16.4032
   -7.5000   22.5000  -30.000010351.7119   16.4235
    0.0000   22.5000  -30.000010749.2246   16.4345
    7.5000   22.5000  -30.000010279.1182   16.4144
   -7.5000   30.0000  -30.0000 9229.3535   16.1925
    0.0000   30.0000  -30.0000 9571.2617   16.2120
    7.5000   30.0000  -30.0000 9132.1309   16.2001
   -7.5000   37.5000  -30.0000 8347.3965   16.1752
    0.0000   37.5000  -30.0000 8662.3984   16.1976
    7.5000   37.5000  -30.0000 8254.2969   16.1863
   -7.5000   45.0000  -30.0000 7251.1846   15.9364
    0.0000   45.0000  -30.0000 7534.3682   15.9532
    7.5000   45.0000  -30.0000 7176.7173   15.9335
   -7.5000  -45.0000  -22.500011535.2979   16.9135
    0.0000  -45.0000  -22.500012042.2344   16.9258
    7.5000  -45.0000  -22.500011471.1006   16.9115
   -7.5000  -37.5000  -22.500011826.6680   16.9322
    0.0000  -37.5000  -22.500012346.4092   16.9376
    7.5000  -37.5000  -22.500011742.4336   16.9152
   -7.5000  -30.0000  -22.500012501.1191   16.9556
    0.0000  -30.0000  -22.500013039.5713   16.9576
    7.5000  -30.0000  -22.500012423.0205   16.9342
   -7.5000  -22.5000  -22.500013107.5010   16.9607
    0.0000  -22.5000  -22.500013670.5938   16.9664
    7.5000  -22.5000  -22.500013054.4561   16.9506
   -7.5000  -15.0000  -22.500013709.3643   16.9414
    0.0000  -15.0000  -22.500014290.3438   16.9549
    7.5000  -15.0000  -22.500013664.5742   16.9475
   -7.5000   -7.5000  -22.500014111.4180   16.9177
    0.0000   -7.5000  -22.500014682.4648   16.9343
    7.5000   -7.5000  -22.500014065.4512   16.9276
   -7.5000    0.0000  -22.500014301.0430   16.9135
    0.0000    0.0000  -22.500014876.5186   16.9258
    7.5000    0.0000  -22.500014291.9971   16.9115
   -7.5000    7.5000  -22.500013173.8281   16.9322
    0.0000    7.5000  -22.500013662.4238   16.9376
    7.5000    7.5000  -22.500013177.0010   16.9152
   -7.5000   15.0000  -22.500012066.4316   16.9556
    0.0000   15.0000  -22.500012508.1904   16.9576
    7.5000   15.0000  -22.500012064.5840   16.9342
   -7.5000   22.5000  -22.500010924.3525   16.9555
    0.0000   22.5000  -22.500011341.8975   16.9611
    7.5000   22.5000  -22.500010887.9102   16.9453
   -7.5000   30.0000  -22.5000 9695.6172   16.7198
    0.0000   30.0000  -22.500010062.1279   16.7332
    7.5000   30.0000  -22.5000 9614.9150   16.7258
   -7.5000   37.5000  -22.5000 8780.8564   16.6989
    0.0000   37.5000  -22.5000 9123.2451   16.7153
    7.5000   37.5000  -22.5000 8715.7490   16.7087
   -7.5000   45.0000  -22.5000 7628.0757   16.4600
    0.0000   45.0000  -22.5000 7922.5576   16.4711
    7.5000   45.0000  -22.5000 7577.0737   16.4560
   -7.5000  -45.0000  -15.000012281.5303   17.2979
    0.0000  -45.0000  -15.000012852.8701   17.3026
    7.5000  -45.0000  -15.000012216.7344   17.2903
   -7.5000  -37.5000  -15.000012572.8643   17.3222
    0.0000  -37.5000  -15.000013160.6465   17.3225
    7.5000  -37.5000  -15.000012490.3867   17.3013
   -7.5000  -30.0000  -15.000013277.8623   17.3520
    0.0000  -30.0000  -15.000013851.5771   17.3501
    7.5000  -30.0000  -15.000013167.2812   17.3269
   -7.5000  -22.5000  -15.000013899.5283   17.3573
    0.0000  -22.5000  -15.000014487.3818   17.3582
    7.5000  -22.5000  -15.000013802.2334   17.3420
   -7.5000  -15.0000  -15.000014510.9258   17.3329
    0.0000  -15.0000  -15.000015132.4990   17.3393
    7.5000  -15.0000  -15.000014435.7773   17.3321
   -7.5000   -7.5000  -15.000014891.7021   17.3032
    0.0000   -7.5000  -15.000015531.0625   17.3115
    7.5000   -7.5000  -15.000014840.4824   17.3061
   -7.5000    0.0000  -15.000015071.9951   17.2979
    0.0000    0.0000  -15.000015676.8115   17.3026
    7.5000    0.0000  -15.000015063.2549   17.2903
   -7.5000    7.5000  -15.000013876.5195   17.3222
    0.0000    7.5000  -15.000014430.0020   17.3225
    7.5000    7.5000  -15.000013897.0176   17.3013
   -7.5000   15.0000  -15.000012692.9150   17.3520
    0.0000   15.0000  -15.000013182.7402   17.3501
    7.5000   15.0000  -15.000012694.3936   17.3269
   -7.5000   22.5000  -15.000011497.9160   17.3511
    0.0000   22.5000  -15.000011931.2559   17.3520
    7.5000   22.5000  -15.000011459.8584   17.3359
   -7.5000   30.0000  -15.000010188.4736   17.1085
    0.0000   30.0000  -15.000010572.6055   17.1149
    7.5000   30.0000  -15.000010110.0684   17.1078
   -7.5000   37.5000  -15.0000 9219.5479   17.0819
    0.0000   37.5000  -15.0000 9568.6709   17.0901
    7.5000   37.5000  -15.0000 9159.0537   17.0848
   -7.5000   45.0000  -15.0000 8001.8359   16.8440
    0.0000   45.0000  -15.0000 8331.3398   16.8473
    7.5000   45.0000  -15.0000 7969.3237   16.8343
   -7.5000  -45.0000   -7.500013049.5000   17.5206
    0.0000  -45.0000   -7.500013659.2568   17.5258
    7.5000  -45.0000   -7.500012944.6074   17.5106
   -7.5000  -37.5000   -7.500013379.3047   17.5506
    0.0000  -37.5000   -7.500014016.2715   17.5521
    7.5000  -37.5000   -7.500013274.5244   17.5269
   -7.5000  -30.0000   -7.500014094.4258   17.5854
    0.0000  -30.0000   -7.500014715.4863   17.5858
    7.5000  -30.0000   -7.500013934.7129   17.5577
   -7.5000  -22.5000   -7.500014709.8076   17.5896
    0.0000  -22.5000   -7.500015377.0625   17.5931
    7.5000  -22.5000   -7.500014560.8037   17.5722
   -7.5000  -15.0000   -7.500015320.4346   17.5608
    0.0000  -15.0000   -7.500016010.0977   17.5688
    7.5000  -15.0000   -7.500015211.0029   17.5576
   -7.5000   -7.5000   -7.500015693.1904   17.5267
    0.0000   -7.5000   -7.500016383.3262   17.5352
    7.5000   -7.5000   -7.500015615.5449   17.5267
   -7.5000    0.0000   -7.500015869.7070   17.5206
    0.0000    0.0000   -7.500016519.2422   17.5258
    7.5000    0.0000   -7.500015794.0625   17.5106
   -7.5000    7.5000   -7.500014650.5918   17.5506
    0.0000    7.5000   -7.500015248.7969   17.5521
    7.5000    7.5000   -7.500014596.1299   17.5269
   -7.5000   15.0000   -7.500013421.1758   17.5854
    0.0000   15.0000   -7.500013954.5576   17.5858
    7.5000   15.0000   -7.500013357.9473   17.5577
   -7.5000   22.5000   -7.500012150.1299   17.5815
    0.0000   22.5000   -7.500012627.2852   17.5850
    7.5000   22.5000   -7.500012063.7734   17.5641
   -7.5000   30.0000   -7.500010724.4473   17.3331
    0.0000   30.0000   -7.500011152.1924   17.3410
    7.5000   30.0000   -7.500010648.3398   17.3299
   -7.5000   37.5000   -7.5000 9684.9590   17.3022
    0.0000   37.5000   -7.500010071.3955   17.3106
    7.5000   37.5000   -7.5000 9605.4941   17.3022
   -7.5000   45.0000   -7.5000 8390.4102   17.0641
    0.0000   45.0000   -7.5000 8735.7109   17.0677
    7.5000   45.0000   -7.5000 8341.9316   17.0520
   -7.5000  -45.0000    0.000013696.2969   17.5962
    0.0000  -45.0000    0.000014335.2686   17.6080
    7.5000  -45.0000    0.000013556.4678   17.5874
   -7.5000  -37.5000    0.000014181.6367   17.6260
    0.0000  -37.5000    0.000014903.9365   17.6332
    7.5000  -37.5000    0.000014008.9062   17.6027
   -7.5000  -30.0000    0.000014948.9336   17.6588
    0.0000  -30.0000    0.000015712.4268   17.6648
    7.5000  -30.0000    0.000014730.5283   17.6317
   -7.5000  -22.5000    0.000015508.4951   17.6615
    0.0000  -22.5000    0.000016285.4414   17.6717
    7.5000  -22.5000    0.000015317.2051   17.6464
   -7.5000  -15.0000    0.000016110.4043   17.6332
    0.0000  -15.0000    0.000016870.8438   17.6488
    7.5000  -15.0000    0.000015935.9785   17.6330
   -7.5000   -7.5000    0.000016512.1855   17.6007
    0.0000   -7.5000    0.000017261.2578   17.6166
    7.5000   -7.5000    0.000016331.1152   17.6031
   -7.5000    0.0000    0.000016671.4082   17.5962
    0.0000    0.0000    0.000017391.9805   17.6080
    7.5000    0.0000    0.000016466.9238   17.5874
   -7.5000    7.5000    0.000015388.6250   17.6260
    0.0000    7.5000    0.000016022.4443   17.6332
    7.5000    7.5000    0.000015236.5488   17.6027
   -7.5000   15.0000    0.000014111.4414   17.6588
    0.0000   15.0000    0.000014671.1152   17.6648
    7.5000   15.0000    0.000013962.8203   17.6317
   -7.5000   22.5000    0.000012767.2383   17.6534
    0.0000   22.5000    0.000013281.5635   17.6636
    7.5000   22.5000    0.000012629.1572   17.6382
   -7.5000   30.0000    0.000011234.8242   17.4050
    0.0000   30.0000    0.000011684.1025   17.4204
    7.5000   30.0000    0.000011135.1934   17.4048
   -7.5000   37.5000    0.000010093.1074   17.3758
    0.0000   37.5000    0.000010506.0430   17.3915
    7.5000   37.5000    0.000010012.7441   17.3782
   -7.5000   45.0000    0.0000 8704.4961   17.1393
    0.0000   45.0000    0.0000 9052.3096   17.1496
    7.5000   45.0000    0.0000 8634.4414   17.1287
   -7.5000  -45.0000    7.500013385.5537   17.6156
    0.0000  -45.0000    7.500014025.2979   17.6331
    7.5000  -45.0000    7.500013220.0547   17.6097
   -7.5000  -37.5000    7.500013964.9082   17.6392
    0.0000  -37.5000    7.500014826.2939   17.6499
    7.5000  -37.5000    7.500013719.4092   17.6174
   -7.5000  -30.0000    7.500014751.8232   17.6639
    0.0000  -30.0000    7.500015667.3789   17.6723
    7.5000  -30.0000    7.500014503.6201   17.6386
   -7.5000  -22.5000    7.500015215.3828   17.6655
    0.0000  -22.5000    7.500016046.6953   17.6791
    7.5000  -22.5000    7.500014978.4043   17.6532
   -7.5000  -15.0000    7.500015752.9570   17.6423
    0.0000  -15.0000    7.500016520.3730   17.6635
    7.5000  -15.0000    7.500015465.0312   17.6466
   -7.5000   -7.5000    7.500016094.6562   17.6171
    0.0000   -7.5000    7.500016825.6699   17.6398
    7.5000   -7.5000    7.500015813.2119   17.6242
   -7.5000    0.0000    7.500016134.9502   17.6156
    0.0000    0.0000    7.500016842.6816   17.6331
    7.5000    0.0000    7.500015843.8340   17.6097
   -7.5000    7.5000    7.500014865.7363   17.6392
    0.0000    7.5000    7.500015493.7275   17.6499
    7.5000    7.5000    7.500014664.9131   17.6174
   -7.5000   15.0000    7.500013619.4482   17.6639
    0.0000   15.0000    7.500014178.8486   17.6723
    7.5000   15.0000    7.500013450.8008   17.6386
   -7.5000   22.5000    7.500012319.0117   17.6573
    0.0000   22.5000    7.500012849.3467   17.6709
    7.5000   22.5000    7.500012173.5146   17.6450
   -7.5000   30.0000    7.500010847.6631   17.4140
    0.0000   30.0000    7.500011329.0762   17.4349
    7.5000   30.0000    7.500010741.0010   17.4183
   -7.5000   37.5000    7.5000 9734.2705   17.3919
    0.0000   37.5000    7.500010160.8936   17.4144
    7.5000   37.5000    7.5000 9655.4463   17.3990
   -7.5000   45.0000    7.5000 8415.8301   17.1582
    0.0000   45.0000    7.5000 8740.8887   17.1748
    7.5000   45.0000    7.5000 8326.0166   17.1509
   -7.5000  -45.0000   15.000012853.9082   17.5978
    0.0000  -45.0000   15.000013581.9473   17.6167
    7.5000  -45.0000   15.000012660.9746   17.5963
   -7.5000  -37.5000   15.000013334.2373   17.6163
    0.0000  -37.5000   15.000014220.0449   17.6268
    7.5000  -37.5000   15.000013068.1104   17.5978
   -7.5000  -30.0000   15.000014060.7559   17.6373
    0.0000  -30.0000   15.000014982.8916   17.6440
    7.5000  -30.0000   15.000013819.6230   17.6144
   -7.5000  -22.5000   15.000014599.5771   17.6403
    0.0000  -22.5000   15.000015482.1602   17.6522
    7.5000  -22.5000   15.000014384.0996   17.6306
   -7.5000  -15.0000   15.000015161.1328   17.6213
    0.0000  -15.0000   15.000015966.0488   17.6425
    7.5000  -15.0000   15.000014905.8379   17.6296
   -7.5000   -7.5000   15.000015449.1582   17.5998
    0.0000   -7.5000   15.000016185.8740   17.6241
    7.5000   -7.5000   15.000015219.3770   17.6118
   -7.5000    0.0000   15.000015432.6943   17.5978
    0.0000    0.0000   15.000016088.4082   17.6167
    7.5000    0.0000   15.000015173.1338   17.5963
   -7.5000    7.5000   15.000014261.9561   17.6163
    0.0000    7.5000   15.000014830.3945   17.6268
    7.5000    7.5000   15.000014056.5176   17.5978
   -7.5000   15.0000   15.000013082.2178   17.6373
    0.0000   15.0000   15.000013605.7324   17.6440
    7.5000   15.0000   15.000012914.6963   17.6144
   -7.5000   22.5000   15.000011830.2832   17.6322
    0.0000   22.5000   15.000012323.5449   17.6440
    7.5000   22.5000   15.000011699.0566   17.6225
   -7.5000   30.0000   15.000010394.1211   17.3932
    0.0000   30.0000   15.000010826.7178   17.4141
    7.5000   30.0000   15.000010297.1182   17.4014
   -7.5000   37.5000   15.0000 9319.1680   17.3747
    0.0000   37.5000   15.0000 9699.1670   17.3987
    7.5000   37.5000   15.0000 9234.8643   17.3865
   -7.5000   45.0000   15.0000 8015.2305   17.1408
    0.0000   45.0000   15.0000 8356.6006   17.1589
    7.5000   45.0000   15.0000 7930.8560   17.1377
   -7.5000  -45.0000   22.500012112.6934   17.5577
    0.0000  -45.0000   22.500012744.4033   17.5705
    7.5000  -45.0000   22.500012056.2275   17.5556
   -7.5000  -37.5000   22.500012452.3652   17.5771
    0.0000  -37.5000   22.500013120.6787   17.5827
    7.5000  -37.5000   22.500012392.4580   17.5594
   -7.5000  -30.0000   22.500013090.7266   17.6014
    0.0000  -30.0000   22.500013694.5918   17.6034
    7.5000  -30.0000   22.500013016.8486   17.5792
   -7.5000  -22.5000   22.500013707.9287   17.6067
    0.0000  -22.5000   22.500014307.8613   17.6126
    7.5000  -22.5000   22.500013609.7529   17.5962
   -7.5000  -15.0000   22.500014324.9375   17.5867
    0.0000  -15.0000   22.500014965.7637   17.6007
    7.5000  -15.0000   22.500014212.6807   17.5930
   -7.5000   -7.5000   22.500014661.2412   17.5621
    0.0000   -7.5000   22.500015326.5576   17.5793
    7.5000   -7.5000   22.500014553.7744   17.5723
   -7.5000    0.0000   22.500014642.3604   17.5577
    0.0000    0.0000   22.500015292.4707   17.5705
    7.5000    0.0000   22.500014494.9590   17.5556
   -7.5000    7.5000   22.500013522.6250   17.5771
    0.0000    7.5000   22.500014118.7432   17.5827
    7.5000    7.5000   22.500013370.6963   17.5594
   -7.5000   15.0000   22.500012357.8955   17.6014
    0.0000   15.0000   22.500012917.4307   17.6034
    7.5000   15.0000   22.500012230.7773   17.5792
   -7.5000   22.5000   22.500011136.8311   17.5986
    0.0000   22.5000   22.500011632.9346   17.6045
    7.5000   22.5000   22.500011039.2236   17.5881
   -7.5000   30.0000   22.5000 9786.6973   17.3591
    0.0000   30.0000   22.500010215.3633   17.3729
    7.5000   30.0000   22.5000 9698.8486   17.3653
   -7.5000   37.5000   22.5000 8815.9023   17.3374
    0.0000   37.5000   22.5000 9187.9365   17.3544
    7.5000   37.5000   22.5000 8736.3594   17.3475
   -7.5000   45.0000   22.5000 7579.0176   17.1017
    0.0000   45.0000   22.5000 7894.0239   17.1133
    7.5000   45.0000   22.5000 7510.5752   17.0976
   -7.5000  -45.0000   30.000011183.9463   17.5402
    0.0000  -45.0000   30.000011725.9639   17.5450
    7.5000  -45.0000   30.000011201.1201   17.5325
   -7.5000  -37.5000   30.000011459.6943   17.5648
    0.0000  -37.5000   30.000012010.1523   17.5651
    7.5000  -37.5000   30.000011477.0244   17.5436
   -7.5000  -30.0000   30.000012087.7754   17.5951
    0.0000  -30.0000   30.000012609.7920   17.5933
    7.5000  -30.0000   30.000012081.5908   17.5697
   -7.5000  -22.5000   30.000012690.4502   17.6005
    0.0000  -22.5000   30.000013208.7070   17.6014
    7.5000  -22.5000   30.000012652.9492   17.5851
   -7.5000  -15.0000   30.000013261.7246   17.5758
    0.0000  -15.0000   30.000013798.7051   17.5823
    7.5000  -15.0000   30.000013186.7666   17.5750
   -7.5000   -7.5000   30.000013645.0273   17.5456
    0.0000   -7.5000   30.000014180.4336   17.5540
    7.5000   -7.5000   30.000013545.7998   17.5486
   -7.5000    0.0000   30.000013662.1025   17.5402
    0.0000    0.0000   30.000014188.9326   17.5450
    7.5000    0.0000   30.000013542.9580   17.5325
   -7.5000    7.5000   30.000012619.0723   17.5648
    0.0000    7.5000   30.000013122.8896   17.5651
    7.5000    7.5000   30.000012498.9941   17.5436
   -7.5000   15.0000   30.000011522.5332   17.5951
    0.0000   15.0000   30.000012023.2959   17.5933
    7.5000   15.0000   30.000011427.5391   17.5697
   -7.5000   22.5000   30.000010301.8281   17.5924
    0.0000   22.5000   30.000010755.0283   17.5933
    7.5000   22.5000   30.000010243.0068   17.5770
   -7.5000   30.0000   30.0000 9043.2695   17.3483
    0.0000   30.0000   30.0000 9442.6836   17.3547
    7.5000   30.0000   30.0000 8988.2188   17.3475
   -7.5000   37.5000   30.0000 8194.2607   17.3213
    0.0000   37.5000   30.0000 8531.1963   17.3295
    7.5000   37.5000   30.0000 8125.6133   17.3241
   -7.5000   45.0000   30.0000 7057.7949   17.0845
    0.0000   45.0000   30.0000 7332.8394   17.0878
    7.5000   45.0000   30.0000 6987.6621   17.0747
   -7.5000  -45.0000   37.500010773.4346   17.8175
    0.0000  -45.0000   37.500011277.6133   17.8229
    7.5000  -45.0000   37.500010793.0830   17.8071
   -7.5000  -37.5000   37.500011044.0225   17.8483
    0.0000  -37.5000   37.500011543.5781   17.8500
    7.5000  -37.5000   37.500011068.3066   17.8237
   -7.5000  -30.0000   37.500011625.4541   17.8844
    0.0000  -30.0000   37.500012130.4570   17.8849
    7.5000  -30.0000   37.500011631.9043   17.8554
   -7.5000  -22.5000   37.500012237.0830   17.8890
    0.0000  -22.5000   37.500012752.3887   17.8927
    7.5000  -22.5000   37.500012210.0127   17.8707
   -7.5000  -15.0000   37.500012798.3076   17.8593
    0.0000  -15.0000   37.500013319.4717   17.8677
    7.5000  -15.0000   37.500012728.6230   17.8558
   -7.5000   -7.5000   37.500013180.3262   17.8239
    0.0000   -7.5000   37.500013686.7393   17.8328
    7.5000   -7.5000   37.500013071.1055   17.8239
   -7.5000    0.0000   37.500013200.3105   17.8175
    0.0000    0.0000   37.500013693.2646   17.8229
    7.5000    0.0000   37.500013075.6729   17.8071
   -7.5000    7.5000   37.500012194.4160   17.8483
    0.0000    7.5000   37.500012678.7051   17.8500
    7.5000    7.5000   37.500012090.8535   17.8237
   -7.5000   15.0000   37.500011137.3936   17.8844
    0.0000   15.0000   37.500011589.7441   17.8849
    7.5000   15.0000   37.500011045.8555   17.8554
   -7.5000   22.5000   37.5000 9929.6357   17.8808
    0.0000   22.5000   37.500010346.8086   17.8844
    7.5000   22.5000   37.5000 9873.5664   17.8624
   -7.5000   30.0000   37.5000 8722.5088   17.6282
    0.0000   30.0000   37.5000 9082.4873   17.6364
    7.5000   30.0000   37.5000 8668.1406   17.6247
   -7.5000   37.5000   37.5000 7897.7686   17.5961
    0.0000   37.5000   37.5000 8223.3682   17.6049
    7.5000   37.5000   37.5000 7835.1011   17.5961
   -7.5000   45.0000   37.5000 6813.1870   17.3569
    0.0000   45.0000   37.5000 7101.6938   17.3607
    7.5000   45.0000   37.5000 6769.4541   17.3443
   -7.5000  -45.0000   45.0000 9883.6768   18.0885
    0.0000  -45.0000   45.000010324.3574   18.1004
    7.5000  -45.0000   45.0000 9876.7480   18.0802
   -7.5000  -37.5000   45.000010139.5029   18.1204
    0.0000  -37.5000   45.000010576.6045   18.1278
    7.5000  -37.5000   45.000010126.0244   18.0974
   -7.5000  -30.0000   45.000010659.1318   18.1554
    0.0000  -30.0000   45.000011109.6279   18.1616
    7.5000  -30.0000   45.000010649.5781   18.1289
   -7.5000  -22.5000   45.000011205.7041   18.1579
    0.0000  -22.5000   45.000011657.2197   18.1686
    7.5000  -22.5000   45.000011181.5615   18.1438
   -7.5000  -15.0000   45.000011724.8584   18.1271
    0.0000  -15.0000   45.000012203.2891   18.1433
    7.5000  -15.0000   45.000011670.9473   18.1282
   -7.5000   -7.5000   45.000012093.8789   18.0927
    0.0000   -7.5000   45.000012597.9971   18.1091
    7.5000   -7.5000   45.000012019.0498   18.0961
   -7.5000    0.0000   45.000012114.2686   18.0885
    0.0000    0.0000   45.000012597.2637   18.1004
    7.5000    0.0000   45.000012035.7217   18.0802
   -7.5000    7.5000   45.000011197.3740   18.1204
    0.0000    7.5000   45.000011657.7607   18.1278
    7.5000    7.5000   45.000011134.7217   18.0974
   -7.5000   15.0000   45.000010204.8350   18.1554
    0.0000   15.0000   45.000010638.2070   18.1616
    7.5000   15.0000   45.000010144.7559   18.1289
   -7.5000   22.5000   45.0000 9122.0596   18.1495
    0.0000   22.5000   45.0000 9535.1123   18.1602
    7.5000   22.5000   45.0000 9073.9316   18.1354
   -7.5000   30.0000   45.0000 8043.7061   17.8909
    0.0000   30.0000   45.0000 8390.8311   17.9070
    7.5000   30.0000   45.0000 7991.8931   17.8920
   -7.5000   37.5000   45.0000 7279.2148   17.8586
    0.0000   37.5000   45.0000 7586.9390   17.8748
    7.5000   37.5000   45.0000 7219.6821   17.8619
   -7.5000   45.0000   45.0000 6273.1216   17.6132
    0.0000   45.0000   45.0000 6531.8750   17.6236
    7.5000   45.0000   45.0000 6224.4961   17.6030

---------------------------------------------------------------------
imgreg_4dfp /opt/freesurfer/average/711-2C_as_mni_average_305 /opt/freesurfer/average/711-2B_as_mni_average_305_mask talsrcimg_g11 none talsrcimg_to_711-2C_as_mni_average_305_t4 4355
---------------------------------------------------------------------

freesurfer imgreg_4dfp.c
/opt/freesurfer/average/711-2C_as_mni_average_305.4dfp.img
       256       256       256         1
  1.000000  1.000000  1.000000
orientation T byte_order littleendian
Reading image: /opt/freesurfer/average/711-2C_as_mni_average_305.4dfp.img
dimensions:      256       256       256
mmppix:       1.0000   -1.0000   -1.0000
center:     128.0000 -129.0000 -129.0000
/opt/freesurfer/average/711-2B_as_mni_average_305_mask.4dfp.img
       256       256       256         1
  1.000000  1.000000  1.000000
orientation T byte_order littleendian
Reading mask: /opt/freesurfer/average/711-2B_as_mni_average_305_mask.4dfp.img (2306576 pixels)
talsrcimg_g11.4dfp.img
       256       256       256         1
  1.000000  1.000000  1.000000
orientation T byte_order littleendian
Reading image: talsrcimg_g11.4dfp.img
dimensions:      256       256       256
mmppix:       1.0000   -1.0000   -1.0000
center:     128.0000 -129.0000 -129.0000
rotation matrix determinant  1.000000
image alignment mode   4355 decimal     1103 hex
   -7.5000  -45.0000  -45.0000 2287.5129   14.3404
    0.0000  -45.0000  -45.0000 2304.9216   14.2643
    7.5000  -45.0000  -45.0000 2280.6719   14.4013
   -7.5000  -37.5000  -45.0000 2314.6575   13.8747
    0.0000  -37.5000  -45.0000 2332.6052   13.8206
    7.5000  -37.5000  -45.0000 2312.5110   13.9499
   -7.5000  -30.0000  -45.0000 2326.9177   13.7585
    0.0000  -30.0000  -45.0000 2339.1909   13.6830
    7.5000  -30.0000  -45.0000 2323.9583   13.8020
   -7.5000  -22.5000  -45.0000 2320.0750   14.0406
    0.0000  -22.5000  -45.0000 2332.3818   13.9345
    7.5000  -22.5000  -45.0000 2311.9309   14.0720
   -7.5000  -15.0000  -45.0000 2285.9758   14.4932
    0.0000  -15.0000  -45.0000 2303.0513   14.4318
    7.5000  -15.0000  -45.0000 2281.7444   14.5791
   -7.5000   -7.5000  -45.0000 2241.3884   15.3048
    0.0000   -7.5000  -45.0000 2260.9561   15.2285
    7.5000   -7.5000  -45.0000 2237.9312   15.3480
   -7.5000    0.0000  -45.0000 2171.8403   16.4208
    0.0000    0.0000  -45.0000 2191.4512   16.3468
    7.5000    0.0000  -45.0000 2170.2517   16.4483
   -7.5000    7.5000  -45.0000 2092.5603   17.8861
    0.0000    7.5000  -45.0000 2107.6763   17.7818
    7.5000    7.5000  -45.0000 2088.4771   17.9231
   -7.5000   15.0000  -45.0000 1991.7782   19.7968
    0.0000   15.0000  -45.0000 2006.5925   19.7051
    7.5000   15.0000  -45.0000 1985.6765   19.8763
   -7.5000   22.5000  -45.0000 1880.9187   22.3535
    0.0000   22.5000  -45.0000 1896.3876   22.2322
    7.5000   22.5000  -45.0000 1877.2738   22.4474
   -7.5000   30.0000  -45.0000 1763.5166   25.7355
    0.0000   30.0000  -45.0000 1776.4764   25.5596
    7.5000   30.0000  -45.0000 1760.4849   25.7804
   -7.5000   37.5000  -45.0000 1631.5226   30.2673
    0.0000   37.5000  -45.0000 1636.6166   30.0961
    7.5000   37.5000  -45.0000 1622.9702   30.4828
   -7.5000   45.0000  -45.0000 1486.5604   36.9721
    0.0000   45.0000  -45.0000 1503.5581   36.4595
    7.5000   45.0000  -45.0000 1486.5480   37.0262
   -7.5000  -45.0000  -37.5000 2390.2000   13.3240
    0.0000  -45.0000  -37.5000 2405.6946   13.2439
    7.5000  -45.0000  -37.5000 2380.0020   13.3929
   -7.5000  -37.5000  -37.5000 2415.2986   12.9104
    0.0000  -37.5000  -37.5000 2434.7356   12.8246
    7.5000  -37.5000  -37.5000 2410.6282   12.9612
   -7.5000  -30.0000  -37.5000 2435.7124   12.7478
    0.0000  -30.0000  -37.5000 2450.9402   12.6537
    7.5000  -30.0000  -37.5000 2427.1819   12.8025
   -7.5000  -22.5000  -37.5000 2428.2502   12.9245
    0.0000  -22.5000  -37.5000 2445.2959   12.8146
    7.5000  -22.5000  -37.5000 2416.6917   12.9784
   -7.5000  -15.0000  -37.5000 2391.6589   13.3343
    0.0000  -15.0000  -37.5000 2409.8994   13.2639
    7.5000  -15.0000  -37.5000 2383.4275   13.4375
   -7.5000   -7.5000  -37.5000 2343.0205   14.1119
    0.0000   -7.5000  -37.5000 2359.7070   14.0070
    7.5000   -7.5000  -37.5000 2335.3315   14.1748
   -7.5000    0.0000  -37.5000 2269.5488   15.1461
    0.0000    0.0000  -37.5000 2289.6003   15.0410
    7.5000    0.0000  -37.5000 2268.7493   15.1766
   -7.5000    7.5000  -37.5000 2181.2080   16.4631
    0.0000    7.5000  -37.5000 2200.6809   16.3896
    7.5000    7.5000  -37.5000 2182.3364   16.5336
   -7.5000   15.0000  -37.5000 2079.8247   18.1922
    0.0000   15.0000  -37.5000 2098.4922   18.1329
    7.5000   15.0000  -37.5000 2071.9075   18.2836
   -7.5000   22.5000  -37.5000 1964.5948   20.4890
    0.0000   22.5000  -37.5000 1979.3600   20.4094
    7.5000   22.5000  -37.5000 1957.0007   20.6026
   -7.5000   30.0000  -37.5000 1837.4939   23.5306
    0.0000   30.0000  -37.5000 1849.6866   23.3996
    7.5000   30.0000  -37.5000 1830.6653   23.6408
   -7.5000   37.5000  -37.5000 1693.0145   27.6396
    0.0000   37.5000  -37.5000 1697.8905   27.5426
    7.5000   37.5000  -37.5000 1686.8059   27.8313
   -7.5000   45.0000  -37.5000 1551.0736   33.4755
    0.0000   45.0000  -37.5000 1563.2557   33.2721
    7.5000   45.0000  -37.5000 1549.3856   33.5901
   -7.5000  -45.0000  -30.0000 2531.4551   12.8054
    0.0000  -45.0000  -30.0000 2546.7732   12.7026
    7.5000  -45.0000  -30.0000 2526.4084   12.8431
   -7.5000  -37.5000  -30.0000 2565.7803   12.3827
    0.0000  -37.5000  -30.0000 2585.7317   12.2744
    7.5000  -37.5000  -30.0000 2560.4746   12.4270
   -7.5000  -30.0000  -30.0000 2584.3999   12.2060
    0.0000  -30.0000  -30.0000 2603.7671   12.0992
    7.5000  -30.0000  -30.0000 2574.1035   12.2696
   -7.5000  -22.5000  -30.0000 2578.8423   12.3082
    0.0000  -22.5000  -30.0000 2599.6467   12.2054
    7.5000  -22.5000  -30.0000 2570.1472   12.3894
   -7.5000  -15.0000  -30.0000 2549.0103   12.6920
    0.0000  -15.0000  -30.0000 2569.0693   12.5894
    7.5000  -15.0000  -30.0000 2540.4187   12.7825
   -7.5000   -7.5000  -30.0000 2494.4277   13.4386
    0.0000   -7.5000  -30.0000 2516.7375   13.3404
    7.5000   -7.5000  -30.0000 2487.3762   13.5292
   -7.5000    0.0000  -30.0000 2412.1431   14.4415
    0.0000    0.0000  -30.0000 2436.2500   14.3464
    7.5000    0.0000  -30.0000 2410.3340   14.5053
   -7.5000    7.5000  -30.0000 2317.5571   15.7161
    0.0000    7.5000  -30.0000 2339.5212   15.5935
    7.5000    7.5000  -30.0000 2314.6731   15.7806
   -7.5000   15.0000  -30.0000 2204.5166   17.3581
    0.0000   15.0000  -30.0000 2222.2285   17.2523
    7.5000   15.0000  -30.0000 2198.8091   17.4219
   -7.5000   22.5000  -30.0000 2080.6033   19.5172
    0.0000   22.5000  -30.0000 2093.6106   19.4180
    7.5000   22.5000  -30.0000 2071.9927   19.5906
   -7.5000   30.0000  -30.0000 1939.2114   22.3974
    0.0000   30.0000  -30.0000 1950.8300   22.3543
    7.5000   30.0000  -30.0000 1932.6450   22.5605
   -7.5000   37.5000  -30.0000 1786.3710   26.3381
    0.0000   37.5000  -30.0000 1796.5472   26.2294
    7.5000   37.5000  -30.0000 1781.8488   26.5411
   -7.5000   45.0000  -30.0000 1637.2034   31.6427
    0.0000   45.0000  -30.0000 1647.8025   31.4625
    7.5000   45.0000  -30.0000 1635.7780   31.7811
   -7.5000  -45.0000  -22.5000 2637.7634   12.2201
    0.0000  -45.0000  -22.5000 2661.8486   12.1171
    7.5000  -45.0000  -22.5000 2638.5908   12.2222
   -7.5000  -37.5000  -22.5000 2690.5686   11.7713
    0.0000  -37.5000  -22.5000 2712.1658   11.6689
    7.5000  -37.5000  -22.5000 2684.7063   11.7834
   -7.5000  -30.0000  -22.5000 2713.5823   11.5685
    0.0000  -30.0000  -22.5000 2738.5339   11.4707
    7.5000  -30.0000  -22.5000 2705.9097   11.6259
   -7.5000  -22.5000  -22.5000 2710.0837   11.6427
    0.0000  -22.5000  -22.5000 2733.3579   11.5458
    7.5000  -22.5000  -22.5000 2701.9045   11.7279
   -7.5000  -15.0000  -22.5000 2677.5391   12.0228
    0.0000  -15.0000  -22.5000 2705.2717   11.9031
    7.5000  -15.0000  -22.5000 2671.4944   12.1003
   -7.5000   -7.5000  -22.5000 2620.6384   12.7152
    0.0000   -7.5000  -22.5000 2649.9702   12.5822
    7.5000   -7.5000  -22.5000 2615.6653   12.7847
   -7.5000    0.0000  -22.5000 2530.6123   13.6506
    0.0000    0.0000  -22.5000 2556.2776   13.5333
    7.5000    0.0000  -22.5000 2531.7495   13.7119
   -7.5000    7.5000  -22.5000 2424.6152   14.8910
    0.0000    7.5000  -22.5000 2443.4355   14.7687
    7.5000    7.5000  -22.5000 2422.1047   14.9354
   -7.5000   15.0000  -22.5000 2304.0798   16.4742
    0.0000   15.0000  -22.5000 2323.5403   16.3395
    7.5000   15.0000  -22.5000 2299.9497   16.5160
   -7.5000   22.5000  -22.5000 2165.3860   18.5124
    0.0000   22.5000  -22.5000 2182.4277   18.4012
    7.5000   22.5000  -22.5000 2162.0774   18.5763
   -7.5000   30.0000  -22.5000 2012.7701   21.2387
    0.0000   30.0000  -22.5000 2025.9333   21.1860
    7.5000   30.0000  -22.5000 2003.0172   21.3537
   -7.5000   37.5000  -22.5000 1855.0349   24.8799
    0.0000   37.5000  -22.5000 1868.4825   24.7876
    7.5000   37.5000  -22.5000 1851.7211   24.9960
   -7.5000   45.0000  -22.5000 1707.7430   29.7485
    0.0000   45.0000  -22.5000 1720.2079   29.6789
    7.5000   45.0000  -22.5000 1710.2972   29.8536
   -7.5000  -45.0000  -15.0000 2713.8958   11.6747
    0.0000  -45.0000  -15.0000 2742.1099   11.5709
    7.5000  -45.0000  -15.0000 2719.1714   11.6629
   -7.5000  -37.5000  -15.0000 2775.2300   11.2178
    0.0000  -37.5000  -15.0000 2806.0134   11.1217
    7.5000  -37.5000  -15.0000 2776.2634   11.2179
   -7.5000  -30.0000  -15.0000 2811.8950   10.9858
    0.0000  -30.0000  -15.0000 2835.8274   10.8817
    7.5000  -30.0000  -15.0000 2805.0637   11.0150
   -7.5000  -22.5000  -15.0000 2808.6587   11.0550
    0.0000  -22.5000  -15.0000 2833.6592   10.9310
    7.5000  -22.5000  -15.0000 2798.3613   11.0998
   -7.5000  -15.0000  -15.0000 2772.6016   11.4142
    0.0000  -15.0000  -15.0000 2803.0200   11.2732
    7.5000  -15.0000  -15.0000 2765.5566   11.4564
   -7.5000   -7.5000  -15.0000 2709.8823   12.0396
    0.0000   -7.5000  -15.0000 2740.1392   11.8988
    7.5000   -7.5000  -15.0000 2706.2214   12.0748
   -7.5000    0.0000  -15.0000 2615.0820   12.9343
    0.0000    0.0000  -15.0000 2639.6970   12.8173
    7.5000    0.0000  -15.0000 2615.9924   12.9895
   -7.5000    7.5000  -15.0000 2499.5686   14.1457
    0.0000    7.5000  -15.0000 2522.0095   14.0326
    7.5000    7.5000  -15.0000 2500.4351   14.2058
   -7.5000   15.0000  -15.0000 2366.9844   15.7141
    0.0000   15.0000  -15.0000 2386.8755   15.5813
    7.5000   15.0000  -15.0000 2364.4729   15.7604
   -7.5000   22.5000  -15.0000 2223.9756   17.7269
    0.0000   22.5000  -15.0000 2242.9414   17.5705
    7.5000   22.5000  -15.0000 2221.8755   17.7784
   -7.5000   30.0000  -15.0000 2067.0811   20.2855
    0.0000   30.0000  -15.0000 2080.4558   20.1476
    7.5000   30.0000  -15.0000 2054.7368   20.3444
   -7.5000   37.5000  -15.0000 1900.9277   23.6565
    0.0000   37.5000  -15.0000 1912.8823   23.4939
    7.5000   37.5000  -15.0000 1896.2871   23.7248
   -7.5000   45.0000  -15.0000 1746.1028   28.3364
    0.0000   45.0000  -15.0000 1766.3138   28.1134
    7.5000   45.0000  -15.0000 1744.8191   28.3792
   -7.5000  -45.0000   -7.5000 2774.8086   11.2441
    0.0000  -45.0000   -7.5000 2799.8740   11.1638
    7.5000  -45.0000   -7.5000 2776.2017   11.2290
   -7.5000  -37.5000   -7.5000 2842.9543   10.7833
    0.0000  -37.5000   -7.5000 2872.6577   10.7059
    7.5000  -37.5000   -7.5000 2844.0203   10.7895
   -7.5000  -30.0000   -7.5000 2885.0725   10.5321
    0.0000  -30.0000   -7.5000 2913.6853   10.4353
    7.5000  -30.0000   -7.5000 2878.3784   10.5648
   -7.5000  -22.5000   -7.5000 2884.4592   10.5576
    0.0000  -22.5000   -7.5000 2917.2095   10.4375
    7.5000  -22.5000   -7.5000 2875.0713   10.6002
   -7.5000  -15.0000   -7.5000 2840.4934   10.8809
    0.0000  -15.0000   -7.5000 2873.4434   10.7703
    7.5000  -15.0000   -7.5000 2838.3999   10.9325
   -7.5000   -7.5000   -7.5000 2770.9480   11.4749
    0.0000   -7.5000   -7.5000 2801.3630   11.3704
    7.5000   -7.5000   -7.5000 2767.5815   11.5372
   -7.5000    0.0000   -7.5000 2673.0159   12.3537
    0.0000    0.0000   -7.5000 2697.3647   12.2507
    7.5000    0.0000   -7.5000 2669.7673   12.4397
   -7.5000    7.5000   -7.5000 2555.9097   13.5682
    0.0000    7.5000   -7.5000 2580.9536   13.4567
    7.5000    7.5000   -7.5000 2549.7517   13.6482
   -7.5000   15.0000   -7.5000 2421.5417   15.1229
    0.0000   15.0000   -7.5000 2442.9097   15.0003
    7.5000   15.0000   -7.5000 2411.0723   15.2015
   -7.5000   22.5000   -7.5000 2275.8203   17.0360
    0.0000   22.5000   -7.5000 2293.7825   16.9497
    7.5000   22.5000   -7.5000 2263.3630   17.1573
   -7.5000   30.0000   -7.5000 2107.1726   19.4535
    0.0000   30.0000   -7.5000 2121.3154   19.3815
    7.5000   30.0000   -7.5000 2099.5115   19.5464
   -7.5000   37.5000   -7.5000 1931.8756   22.5904
    0.0000   37.5000   -7.5000 1946.9670   22.4801
    7.5000   37.5000   -7.5000 1928.4600   22.7358
   -7.5000   45.0000   -7.5000 1774.0260   26.8538
    0.0000   45.0000   -7.5000 1790.3607   26.6852
    7.5000   45.0000   -7.5000 1773.9061   26.9845
   -7.5000  -45.0000    0.0000 2807.7881   11.0127
    0.0000  -45.0000    0.0000 2834.0408   10.9213
    7.5000  -45.0000    0.0000 2811.2468   10.9741
   -7.5000  -37.5000    0.0000 2890.9541   10.5645
    0.0000  -37.5000    0.0000 2923.7551   10.5009
    7.5000  -37.5000    0.0000 2891.0046   10.5642
   -7.5000  -30.0000    0.0000 2935.6360   10.3322
    0.0000  -30.0000    0.0000 2978.5615   10.2716
    7.5000  -30.0000    0.0000 2927.5386   10.3720
   -7.5000  -22.5000    0.0000 2934.5520   10.2842
    0.0000  -22.5000    0.0000 2978.1997   10.1836
    7.5000  -22.5000    0.0000 2923.7166   10.3397
   -7.5000  -15.0000    0.0000 2886.1436   10.5547
    0.0000  -15.0000    0.0000 2919.9033   10.4750
    7.5000  -15.0000    0.0000 2878.3201   10.6286
   -7.5000   -7.5000    0.0000 2816.8225   11.1338
    0.0000   -7.5000    0.0000 2842.9458   11.0232
    7.5000   -7.5000    0.0000 2807.3840   11.2046
   -7.5000    0.0000    0.0000 2710.4656   12.0275
    0.0000    0.0000    0.0000 2739.2864   11.9112
    7.5000    0.0000    0.0000 2704.5940   12.0896
   -7.5000    7.5000    0.0000 2588.0479   13.2604
    0.0000    7.5000    0.0000 2612.2820   13.1207
    7.5000    7.5000    0.0000 2578.7703   13.3210
   -7.5000   15.0000    0.0000 2452.2476   14.7602
    0.0000   15.0000    0.0000 2474.0637   14.6196
    7.5000   15.0000    0.0000 2439.6250   14.8272
   -7.5000   22.5000    0.0000 2302.6680   16.5999
    0.0000   22.5000    0.0000 2319.2910   16.4717
    7.5000   22.5000    0.0000 2290.2288   16.6797
   -7.5000   30.0000    0.0000 2130.2109   18.8761
    0.0000   30.0000    0.0000 2144.6331   18.7893
    7.5000   30.0000    0.0000 2119.9526   19.0142
   -7.5000   37.5000    0.0000 1949.8328   21.8372
    0.0000   37.5000    0.0000 1965.3848   21.7033
    7.5000   37.5000    0.0000 1947.5524   21.9867
   -7.5000   45.0000    0.0000 1785.3903   25.8230
    0.0000   45.0000    0.0000 1799.7321   25.6830
    7.5000   45.0000    0.0000 1783.0598   26.0088
   -7.5000  -45.0000    7.5000 2822.7629   10.9723
    0.0000  -45.0000    7.5000 2851.1245   10.9091
    7.5000  -45.0000    7.5000 2828.1567   10.9541
   -7.5000  -37.5000    7.5000 2916.7844   10.5920
    0.0000  -37.5000    7.5000 2951.3279   10.5593
    7.5000  -37.5000    7.5000 2917.6086   10.5322
   -7.5000  -30.0000    7.5000 2969.2190   10.3391
    0.0000  -30.0000    7.5000 3014.2153   10.3516
    7.5000  -30.0000    7.5000 2958.6626   10.3182
   -7.5000  -22.5000    7.5000 2956.6355   10.1857
    0.0000  -22.5000    7.5000 3000.3110   10.1713
    7.5000  -22.5000    7.5000 2945.9417   10.2513
   -7.5000  -15.0000    7.5000 2907.0369   10.3697
    0.0000  -15.0000    7.5000 2942.4600   10.3133
    7.5000  -15.0000    7.5000 2892.8171   10.4594
   -7.5000   -7.5000    7.5000 2827.5310   10.9508
    0.0000   -7.5000    7.5000 2851.3330   10.8759
    7.5000   -7.5000    7.5000 2819.8755   11.0091
   -7.5000    0.0000    7.5000 2719.8682   11.8807
    0.0000    0.0000    7.5000 2743.9146   11.7810
    7.5000    0.0000    7.5000 2712.5828   11.9019
   -7.5000    7.5000    7.5000 2597.9211   13.0597
    0.0000    7.5000    7.5000 2618.0444   12.9567
    7.5000    7.5000    7.5000 2589.7175   13.0883
   -7.5000   15.0000    7.5000 2461.4622   14.5028
    0.0000   15.0000    7.5000 2478.8586   14.4001
    7.5000   15.0000    7.5000 2452.0547   14.5526
   -7.5000   22.5000    7.5000 2309.3203   16.3157
    0.0000   22.5000    7.5000 2327.0562   16.2341
    7.5000   22.5000    7.5000 2301.6187   16.3864
   -7.5000   30.0000    7.5000 2142.3232   18.5842
    0.0000   30.0000    7.5000 2157.3538   18.5107
    7.5000   30.0000    7.5000 2131.7473   18.6845
   -7.5000   37.5000    7.5000 1956.3500   21.5162
    0.0000   37.5000    7.5000 1971.1021   21.4658
    7.5000   37.5000    7.5000 1957.9514   21.6615
   -7.5000   45.0000    7.5000 1796.9010   25.3843
    0.0000   45.0000    7.5000 1801.2988   25.2980
    7.5000   45.0000    7.5000 1789.1960   25.5787
   -7.5000  -45.0000   15.0000 2814.4722   11.1015
    0.0000  -45.0000   15.0000 2836.7668   11.0894
    7.5000  -45.0000   15.0000 2810.4023   11.0916
   -7.5000  -37.5000   15.0000 2908.2097   10.7078
    0.0000  -37.5000   15.0000 2939.9360   10.7230
    7.5000  -37.5000   15.0000 2900.1328   10.6488
   -7.5000  -30.0000   15.0000 2960.3796   10.3883
    0.0000  -30.0000   15.0000 3000.0132   10.4227
    7.5000  -30.0000   15.0000 2942.0779   10.3914
   -7.5000  -22.5000   15.0000 2943.7839   10.2809
    0.0000  -22.5000   15.0000 2983.5005   10.2438
    7.5000  -22.5000   15.0000 2930.4971   10.3498
   -7.5000  -15.0000   15.0000 2892.0752   10.5099
    0.0000  -15.0000   15.0000 2927.4661   10.4353
    7.5000  -15.0000   15.0000 2877.0308   10.5710
   -7.5000   -7.5000   15.0000 2808.9639   11.0441
    0.0000   -7.5000   15.0000 2831.3909   10.9608
    7.5000   -7.5000   15.0000 2801.3281   11.0958
   -7.5000    0.0000   15.0000 2700.3271   11.9169
    0.0000    0.0000   15.0000 2717.2478   11.8010
    7.5000    0.0000   15.0000 2693.0071   11.9414
   -7.5000    7.5000   15.0000 2582.2109   13.0775
    0.0000    7.5000   15.0000 2592.4861   12.9415
    7.5000    7.5000   15.0000 2574.2739   13.0917
   -7.5000   15.0000   15.0000 2446.9868   14.4982
    0.0000   15.0000   15.0000 2459.5640   14.3514
    7.5000   15.0000   15.0000 2438.5020   14.5366
   -7.5000   22.5000   15.0000 2294.6746   16.2851
    0.0000   22.5000   15.0000 2312.9114   16.1421
    7.5000   22.5000   15.0000 2288.4417   16.3530
   -7.5000   30.0000   15.0000 2124.9089   18.5448
    0.0000   30.0000   15.0000 2140.3940   18.4232
    7.5000   30.0000   15.0000 2120.7339   18.6646
   -7.5000   37.5000   15.0000 1944.5369   21.4427
    0.0000   37.5000   15.0000 1957.8519   21.3722
    7.5000   37.5000   15.0000 1945.6138   21.5935
   -7.5000   45.0000   15.0000 1783.7084   25.3723
    0.0000   45.0000   15.0000 1794.6866   25.2579
    7.5000   45.0000   15.0000 1782.2190   25.4925
   -7.5000  -45.0000   22.5000 2778.1597   11.4322
    0.0000  -45.0000   22.5000 2802.8464   11.3564
    7.5000  -45.0000   22.5000 2774.3689   11.4517
   -7.5000  -37.5000   22.5000 2868.9060   10.9577
    0.0000  -37.5000   22.5000 2898.4578   10.9111
    7.5000  -37.5000   22.5000 2861.2002   10.9788
   -7.5000  -30.0000   22.5000 2910.3311   10.6183
    0.0000  -30.0000   22.5000 2942.3572   10.5258
    7.5000  -30.0000   22.5000 2896.1167   10.6899
   -7.5000  -22.5000   22.5000 2901.2295   10.5926
    0.0000  -22.5000   22.5000 2930.5068   10.4496
    7.5000  -22.5000   22.5000 2889.3699   10.6352
   -7.5000  -15.0000   22.5000 2845.4949   10.8905
    0.0000  -15.0000   22.5000 2877.1963   10.7504
    7.5000  -15.0000   22.5000 2837.2739   10.9191
   -7.5000   -7.5000   22.5000 2758.6287   11.4365
    0.0000   -7.5000   22.5000 2782.8599   11.3196
    7.5000   -7.5000   22.5000 2752.5562   11.4768
   -7.5000    0.0000   22.5000 2651.8210   12.2660
    0.0000    0.0000   22.5000 2670.7888   12.1482
    7.5000    0.0000   22.5000 2648.4910   12.2978
   -7.5000    7.5000   22.5000 2535.8081   13.3356
    0.0000    7.5000   22.5000 2551.1072   13.2444
    7.5000    7.5000   22.5000 2532.3447   13.3865
   -7.5000   15.0000   22.5000 2403.1978   14.7124
    0.0000   15.0000   22.5000 2419.9043   14.5782
    7.5000   15.0000   22.5000 2402.7881   14.7471
   -7.5000   22.5000   22.5000 2259.4216   16.4533
    0.0000   22.5000   22.5000 2274.1887   16.3114
    7.5000   22.5000   22.5000 2256.5825   16.4934
   -7.5000   30.0000   22.5000 2093.9622   18.6996
    0.0000   30.0000   22.5000 2109.7942   18.5508
    7.5000   30.0000   22.5000 2088.3918   18.7851
   -7.5000   37.5000   22.5000 1928.4781   21.6682
    0.0000   37.5000   22.5000 1941.9926   21.4853
    7.5000   37.5000   22.5000 1926.7946   21.7405
   -7.5000   45.0000   22.5000 1765.0444   25.5974
    0.0000   45.0000   22.5000 1775.5121   25.3967
    7.5000   45.0000   22.5000 1761.2900   25.6837
   -7.5000  -45.0000   30.0000 2729.9832   11.9238
    0.0000  -45.0000   30.0000 2751.0686   11.8251
    7.5000  -45.0000   30.0000 2721.8474   11.9984
   -7.5000  -37.5000   30.0000 2802.0540   11.4186
    0.0000  -37.5000   30.0000 2828.1099   11.3240
    7.5000  -37.5000   30.0000 2794.2593   11.4809
   -7.5000  -30.0000   30.0000 2838.6328   11.1187
    0.0000  -30.0000   30.0000 2865.2976   10.9789
    7.5000  -30.0000   30.0000 2824.0930   11.1711
   -7.5000  -22.5000   30.0000 2834.1448   11.1101
    0.0000  -22.5000   30.0000 2855.1536   10.9731
    7.5000  -22.5000   30.0000 2823.5667   11.1311
   -7.5000  -15.0000   30.0000 2777.3157   11.4005
    0.0000  -15.0000   30.0000 2801.3132   11.2574
    7.5000  -15.0000   30.0000 2769.8069   11.4208
   -7.5000   -7.5000   30.0000 2698.5522   11.9493
    0.0000   -7.5000   30.0000 2716.4819   11.7909
    7.5000   -7.5000   30.0000 2685.9382   11.9669
   -7.5000    0.0000   30.0000 2593.7070   12.7877
    0.0000    0.0000   30.0000 2610.0461   12.6145
    7.5000    0.0000   30.0000 2587.5544   12.8004
   -7.5000    7.5000   30.0000 2476.0015   13.8747
    0.0000    7.5000   30.0000 2492.1216   13.7494
    7.5000    7.5000   30.0000 2472.3186   13.9212
   -7.5000   15.0000   30.0000 2347.8000   15.2344
    0.0000   15.0000   30.0000 2367.4263   15.1003
    7.5000   15.0000   30.0000 2350.2219   15.2785
   -7.5000   22.5000   30.0000 2196.7461   16.9425
    0.0000   22.5000   30.0000 2213.5425   16.8177
    7.5000   22.5000   30.0000 2201.0779   17.0139
   -7.5000   30.0000   30.0000 2042.7244   19.1728
    0.0000   30.0000   30.0000 2056.2336   19.0111
    7.5000   30.0000   30.0000 2038.2413   19.2285
   -7.5000   37.5000   30.0000 1897.5879   22.0536
    0.0000   37.5000   30.0000 1908.9961   21.9072
    7.5000   37.5000   30.0000 1888.5555   22.1952
   -7.5000   45.0000   30.0000 1738.5995   26.1160
    0.0000   45.0000   30.0000 1749.0436   25.8580
    7.5000   45.0000   30.0000 1732.8337   26.1718
   -7.5000  -45.0000   37.5000 2664.2996   12.5993
    0.0000  -45.0000   37.5000 2686.9976   12.4943
    7.5000  -45.0000   37.5000 2656.1917   12.7362
   -7.5000  -37.5000   37.5000 2725.4443   12.0933
    0.0000  -37.5000   37.5000 2753.0889   11.9766
    7.5000  -37.5000   37.5000 2719.9844   12.1889
   -7.5000  -30.0000   37.5000 2750.2412   11.7865
    0.0000  -30.0000   37.5000 2775.4084   11.6684
    7.5000  -30.0000   37.5000 2741.4514   11.8563
   -7.5000  -22.5000   37.5000 2744.9236   11.8158
    0.0000  -22.5000   37.5000 2766.9341   11.6757
    7.5000  -22.5000   37.5000 2739.6804   11.8404
   -7.5000  -15.0000   37.5000 2693.8909   12.0770
    0.0000  -15.0000   37.5000 2714.5527   11.9378
    7.5000  -15.0000   37.5000 2684.4807   12.1031
   -7.5000   -7.5000   37.5000 2620.4097   12.6111
    0.0000   -7.5000   37.5000 2634.2842   12.4494
    7.5000   -7.5000   37.5000 2606.1033   12.6471
   -7.5000    0.0000   37.5000 2525.2195   13.4349
    0.0000    0.0000   37.5000 2534.1963   13.2711
    7.5000    0.0000   37.5000 2516.7083   13.4801
   -7.5000    7.5000   37.5000 2411.4932   14.5420
    0.0000    7.5000   37.5000 2426.8423   14.4075
    7.5000    7.5000   37.5000 2411.4570   14.5749
   -7.5000   15.0000   37.5000 2286.4233   15.9484
    0.0000   15.0000   37.5000 2303.8926   15.8094
    7.5000   15.0000   37.5000 2286.0605   15.9858
   -7.5000   22.5000   37.5000 2134.5752   17.6707
    0.0000   22.5000   37.5000 2152.2742   17.5404
    7.5000   22.5000   37.5000 2139.1885   17.7593
   -7.5000   30.0000   37.5000 1990.6840   19.8383
    0.0000   30.0000   37.5000 2001.5660   19.7177
    7.5000   30.0000   37.5000 1985.2849   19.9916
   -7.5000   37.5000   37.5000 1856.1427   22.8385
    0.0000   37.5000   37.5000 1864.7150   22.6921
    7.5000   37.5000   37.5000 1845.8403   22.9751
   -7.5000   45.0000   37.5000 1697.0835   27.0582
    0.0000   45.0000   37.5000 1705.8329   26.8299
    7.5000   45.0000   37.5000 1692.4492   27.1707
   -7.5000  -45.0000   45.0000 2582.0552   13.4743
    0.0000  -45.0000   45.0000 2603.5020   13.3536
    7.5000  -45.0000   45.0000 2574.4077   13.6289
   -7.5000  -37.5000   45.0000 2640.3958   12.9538
    0.0000  -37.5000   45.0000 2664.8113   12.8163
    7.5000  -37.5000   45.0000 2631.8162   13.0629
   -7.5000  -30.0000   45.0000 2654.0745   12.6600
    0.0000  -30.0000   45.0000 2677.3223   12.5233
    7.5000  -30.0000   45.0000 2648.0254   12.7178
   -7.5000  -22.5000   45.0000 2645.1843   12.6755
    0.0000  -22.5000   45.0000 2664.3291   12.5413
    7.5000  -22.5000   45.0000 2641.4590   12.7140
   -7.5000  -15.0000   45.0000 2603.5322   12.9056
    0.0000  -15.0000   45.0000 2621.0896   12.7792
    7.5000  -15.0000   45.0000 2595.9280   12.9656
   -7.5000   -7.5000   45.0000 2537.8740   13.3887
    0.0000   -7.5000   45.0000 2557.8718   13.2546
    7.5000   -7.5000   45.0000 2527.5400   13.4558
   -7.5000    0.0000   45.0000 2445.4272   14.2137
    0.0000    0.0000   45.0000 2459.0559   14.0928
    7.5000    0.0000   45.0000 2438.8748   14.2847
   -7.5000    7.5000   45.0000 2336.4893   15.3723
    0.0000    7.5000   45.0000 2350.4490   15.2463
    7.5000    7.5000   45.0000 2335.2195   15.4261
   -7.5000   15.0000   45.0000 2208.3433   16.8190
    0.0000   15.0000   45.0000 2224.9360   16.7024
    7.5000   15.0000   45.0000 2209.0640   16.8878
   -7.5000   22.5000   45.0000 2065.7334   18.5973
    0.0000   22.5000   45.0000 2086.9524   18.4609
    7.5000   22.5000   45.0000 2066.8682   18.6405
   -7.5000   30.0000   45.0000 1929.8030   20.8967
    0.0000   30.0000   45.0000 1938.9686   20.7697
    7.5000   30.0000   45.0000 1927.1211   21.0031
   -7.5000   37.5000   45.0000 1799.8365   24.0449
    0.0000   37.5000   45.0000 1810.4792   23.8867
    7.5000   37.5000   45.0000 1794.5927   24.2280
   -7.5000   45.0000   45.0000 1650.3729   28.3845
    0.0000   45.0000   45.0000 1660.7906   28.2391
    7.5000   45.0000   45.0000 1640.6058   28.6351

---------------------------------------------------------------------
imgreg_4dfp /opt/freesurfer/average/711-2C_as_mni_average_305 /opt/freesurfer/average/711-2B_as_mni_average_305_mask talsrcimg_g11 none talsrcimg_to_711-2C_as_mni_average_305_t4 1283
---------------------------------------------------------------------

freesurfer imgreg_4dfp.c
/opt/freesurfer/average/711-2C_as_mni_average_305.4dfp.img
       256       256       256         1
  1.000000  1.000000  1.000000
orientation T byte_order littleendian
Reading image: /opt/freesurfer/average/711-2C_as_mni_average_305.4dfp.img
dimensions:      256       256       256
mmppix:       1.0000   -1.0000   -1.0000
center:     128.0000 -129.0000 -129.0000
/opt/freesurfer/average/711-2B_as_mni_average_305_mask.4dfp.img
       256       256       256         1
  1.000000  1.000000  1.000000
orientation T byte_order littleendian
Reading mask: /opt/freesurfer/average/711-2B_as_mni_average_305_mask.4dfp.img (2306576 pixels)
talsrcimg_g11.4dfp.img
       256       256       256         1
  1.000000  1.000000  1.000000
orientation T byte_order littleendian
Reading image: talsrcimg_g11.4dfp.img
dimensions:      256       256       256
mmppix:       1.0000   -1.0000   -1.0000
center:     128.0000 -129.0000 -129.0000
rotation matrix determinant  1.000000
fimgreg.f
image alignment mode   1283 decimal      503 hex
parameters
    0.0000  -30.0000    7.5000    0.0000    0.0000    0.0000
eta,q 0.94687 10.28560
niter,ni,del,rscale     5    3   12.0000    1.2000
parameter  4  0.686844 ->  0.500000 qaram    1.1500
parameters
   -0.3146  -28.6096    9.8860   -3.4500   -1.0441   -0.3076
eta,q 0.95098 10.32132
  0.0631  0.0666  0.0582  0.0489  0.0539  0.0518
  0.0570  0.0596  0.0566  0.0496  0.0502  0.0497
  0.0528  0.0550  0.0536  0.0489  0.0489  0.0491
  0.0521  0.0518  0.0511  0.0497  0.0494  0.0490
  0.0548  0.0517  0.0497  0.0523  0.0512  0.0492
  0.0592  0.0544  0.0499  0.0543  0.0540  0.0502
  0.0647  0.0571  0.0529  0.0570  0.0574  0.0525
niter,ni,del,rscale     5    3   12.0000    1.2000
parameter  4  1.168427 ->  0.500000 qaram    1.3225
parameters
   -0.4676  -27.1706    9.2019   -7.4175   -0.5808   -0.4155
eta,q 0.95310 10.34923
  0.0637  0.0585  0.0547  0.0459  0.0563  0.0501
  0.0555  0.0532  0.0509  0.0465  0.0515  0.0479
  0.0501  0.0502  0.0491  0.0483  0.0481  0.0470
  0.0490  0.0489  0.0484  0.0486  0.0469  0.0469
  0.0519  0.0483  0.0491  0.0503  0.0475  0.0472
  0.0575  0.0490  0.0532  0.0536  0.0501  0.0480
  0.0641  0.0521  0.0593  0.0561  0.0536  0.0503
niter,ni,del,rscale     5    3   12.0000    1.2000
parameters
   -0.6579  -25.4767    8.4386   -9.7238   -0.4009   -0.9226
eta,q 0.95576 10.28742
  0.0626  0.0577  0.0542  0.0485  0.0531  0.0489
  0.0538  0.0513  0.0490  0.0448  0.0484  0.0459
  0.0481  0.0484  0.0459  0.0443  0.0455  0.0443
  0.0469  0.0468  0.0463  0.0457  0.0444  0.0444
  0.0498  0.0462  0.0488  0.0472  0.0452  0.0454
  0.0562  0.0464  0.0525  0.0509  0.0482  0.0473
  0.0635  0.0495  0.0591  0.0554  0.0519  0.0504
niter,ni,del,rscale     4    3   12.0000    1.2000
parameters
   -0.5275  -24.9417    8.2329   -9.6233   -0.3746   -1.0634
eta,q 0.95591 10.25508
  0.0624  0.0552  0.0560  0.0531  0.0529  0.0497
  0.0532  0.0495  0.0491  0.0478  0.0479  0.0465
  0.0466  0.0463  0.0449  0.0446  0.0451  0.0445
  0.0442  0.0442  0.0442  0.0441  0.0441  0.0441
  0.0463  0.0447  0.0461  0.0454  0.0453  0.0451
  0.0522  0.0470  0.0506  0.0477  0.0485  0.0470
  0.0608  0.0522  0.0573  0.0522  0.0522  0.0499
niter,ni,del,rscale     3    3   12.0000    1.2000
parameters
   -0.5063  -24.9585    8.2154   -9.6209   -0.3682   -1.0714
eta,q 0.95591 10.25579
  0.0619  0.0532  0.0566  0.0529  0.0528  0.0499
  0.0527  0.0487  0.0497  0.0477  0.0478  0.0467
  0.0463  0.0456  0.0452  0.0445  0.0450  0.0446
  0.0441  0.0441  0.0441  0.0441  0.0441  0.0441
  0.0464  0.0450  0.0458  0.0454  0.0453  0.0450
  0.0526  0.0481  0.0500  0.0478  0.0485  0.0469
  0.0615  0.0540  0.0564  0.0525  0.0522  0.0497
registration optimization eta report
parameter search radius
    6.0000    6.0000    6.0000    7.9350    6.0000    6.0000
100000*second partial in parameter space
       48.       26.       35.       14.       23.       16.
  0.0619  0.0532  0.0566  0.0529  0.0528  0.0499
  0.0527  0.0487  0.0497  0.0477  0.0478  0.0467
  0.0463  0.0456  0.0452  0.0445  0.0450  0.0446
  0.0441  0.0441  0.0441  0.0441  0.0441  0.0441
  0.0464  0.0450  0.0458  0.0454  0.0453  0.0450
  0.0526  0.0481  0.0500  0.0478  0.0485  0.0469
  0.0615  0.0540  0.0564  0.0525  0.0522  0.0497
   -0.5063  -24.9585    8.2154   -9.6209   -0.3682   -1.0714
eta,q 0.95591 10.25579

---------------------------------------------------------------------
imgreg_4dfp /opt/freesurfer/average/711-2C_as_mni_average_305 /opt/freesurfer/average/711-2B_as_mni_average_305_mask talsrcimg_g11 none talsrcimg_to_711-2C_as_mni_average_305_t4 3335
---------------------------------------------------------------------

freesurfer imgreg_4dfp.c
/opt/freesurfer/average/711-2C_as_mni_average_305.4dfp.img
       256       256       256         1
  1.000000  1.000000  1.000000
orientation T byte_order littleendian
Reading image: /opt/freesurfer/average/711-2C_as_mni_average_305.4dfp.img
dimensions:      256       256       256
mmppix:       1.0000   -1.0000   -1.0000
center:     128.0000 -129.0000 -129.0000
/opt/freesurfer/average/711-2B_as_mni_average_305_mask.4dfp.img
       256       256       256         1
  1.000000  1.000000  1.000000
orientation T byte_order littleendian
Reading mask: /opt/freesurfer/average/711-2B_as_mni_average_305_mask.4dfp.img (2306576 pixels)
talsrcimg_g11.4dfp.img
       256       256       256         1
  1.000000  1.000000  1.000000
orientation T byte_order littleendian
Reading image: talsrcimg_g11.4dfp.img
dimensions:      256       256       256
mmppix:       1.0000   -1.0000   -1.0000
center:     128.0000 -129.0000 -129.0000
fimgreg.f
image alignment mode   3335 decimal      D07 hex
parameters
   -0.5063  -24.9585    8.2154   -0.0195   -1.4217   -1.4085
    1.7362    0.9460   -1.8699   16.6980   -0.6427  -16.7125
eta,q 0.95631 10.33957
niter,ni,del,rscale     5    3    5.0000    1.2000
parameter  4  0.749611 ->  0.500000 qaram    1.1500
parameter  5  2.208412 ->  0.500000 qaram    1.1500
parameter  6  0.779404 ->  0.500000 qaram    1.1500
parameters
   -0.7128  -24.8457    8.5686   -4.1595   -5.5617   -5.5485
    1.6311    0.1515   -0.0115   13.7152   -3.2522  -17.6684
eta,q 0.96484  9.77253
  0.0462  0.0461  0.0459  0.0422  0.0357  0.0356  0.0380  0.0382  0.0390  0.0361  0.0355  0.0360
  0.0447  0.0447  0.0448  0.0425  0.0373  0.0359  0.0368  0.0367  0.0375  0.0355  0.0353  0.0354
  0.0439  0.0439  0.0441  0.0429  0.0396  0.0363  0.0361  0.0360  0.0365  0.0353  0.0352  0.0352
  0.0437  0.0437  0.0437  0.0436  0.0426  0.0379  0.0359  0.0359  0.0358  0.0357  0.0353  0.0352
  0.0442  0.0439  0.0436  0.0450  0.0461  0.0409  0.0362  0.0365  0.0357  0.0367  0.0356  0.0354
  0.0455  0.0445  0.0441  0.0473  0.0497  0.0447  0.0370  0.0376  0.0361  0.0385  0.0360  0.0359
  0.0473  0.0456  0.0450  0.0501  0.0537  0.0490  0.0380  0.0394  0.0369  0.0410  0.0366  0.0365
niter,ni,del,rscale     7    3    5.0000    1.2000
parameter  3  0.607168 ->  0.500000 qaram    1.1500
parameter  5  1.212624 ->  0.500000 qaram    1.3225
parameter  6  0.864792 ->  0.500000 qaram    1.3225
parameters
   -1.0580  -25.1795    7.1886   -7.5346  -10.3227  -10.3095
    2.4143   -0.2076    1.2110   13.7178   -3.6682  -17.7196
eta,q 0.97044  9.05718
  0.0369  0.0368  0.0348  0.0346  0.0303  0.0290  0.0326  0.0327  0.0325  0.0325  0.0305  0.0309
  0.0357  0.0357  0.0345  0.0341  0.0310  0.0294  0.0312  0.0310  0.0311  0.0309  0.0300  0.0301
  0.0352  0.0351  0.0346  0.0341  0.0323  0.0304  0.0302  0.0299  0.0302  0.0299  0.0296  0.0297
  0.0352  0.0351  0.0350  0.0345  0.0341  0.0313  0.0297  0.0296  0.0296  0.0296  0.0296  0.0296
  0.0357  0.0356  0.0359  0.0349  0.0367  0.0331  0.0298  0.0302  0.0296  0.0298  0.0297  0.0298
  0.0367  0.0366  0.0370  0.0357  0.0397  0.0362  0.0305  0.0315  0.0302  0.0309  0.0301  0.0302
  0.0382  0.0380  0.0382  0.0376  0.0433  0.0399  0.0316  0.0334  0.0311  0.0325  0.0308  0.0309
niter,ni,del,rscale     7    3    5.0000    1.2000
parameter  5  0.523833 ->  0.500000 qaram    1.5209
parameters
   -1.0267  -25.1907    7.1196   -8.2674  -15.7979  -12.7805
    2.2271   -0.1167    1.2044   14.3157   -2.7090  -17.0622
eta,q 0.97203  8.65351
  0.0325  0.0319  0.0313  0.0315  0.0293  0.0300  0.0302  0.0314  0.0299  0.0311  0.0294  0.0292
  0.0309  0.0306  0.0304  0.0303  0.0286  0.0287  0.0290  0.0298  0.0288  0.0296  0.0287  0.0285
  0.0299  0.0298  0.0298  0.0296  0.0286  0.0280  0.0282  0.0285  0.0282  0.0285  0.0282  0.0281
  0.0296  0.0296  0.0296  0.0296  0.0295  0.0285  0.0280  0.0280  0.0280  0.0280  0.0280  0.0280
  0.0299  0.0299  0.0298  0.0302  0.0311  0.0294  0.0284  0.0284  0.0283  0.0282  0.0280  0.0280
  0.0308  0.0307  0.0304  0.0311  0.0338  0.0309  0.0292  0.0296  0.0289  0.0289  0.0283  0.0283
  0.0323  0.0319  0.0315  0.0320  0.0372  0.0337  0.0304  0.0314  0.0298  0.0303  0.0288  0.0287
niter,ni,del,rscale     7    3    5.0000    1.2000
parameters
   -1.0646  -24.9202    6.8637   -8.4369  -15.9112  -13.0287
    2.3163   -0.2418    0.9404   14.5199   -2.4758  -17.1310
eta,q 0.97209  8.62910
  0.0306  0.0305  0.0294  0.0304  0.0319  0.0311  0.0303  0.0312  0.0296  0.0306  0.0291  0.0288
  0.0292  0.0292  0.0285  0.0291  0.0299  0.0295  0.0290  0.0296  0.0286  0.0292  0.0285  0.0283
  0.0283  0.0283  0.0280  0.0282  0.0285  0.0283  0.0282  0.0284  0.0281  0.0283  0.0281  0.0280
  0.0280  0.0280  0.0280  0.0279  0.0279  0.0279  0.0279  0.0279  0.0279  0.0279  0.0279  0.0279
  0.0283  0.0281  0.0283  0.0285  0.0283  0.0287  0.0282  0.0284  0.0282  0.0281  0.0280  0.0280
  0.0293  0.0286  0.0290  0.0295  0.0297  0.0296  0.0290  0.0297  0.0289  0.0290  0.0284  0.0284
  0.0308  0.0295  0.0300  0.0304  0.0323  0.0314  0.0301  0.0315  0.0298  0.0304  0.0290  0.0288
niter,ni,del,rscale     6    3    5.0000    1.2000
parameters
   -1.0767  -24.8485    6.7737   -8.4991  -15.9722  -13.1230
    2.3553   -0.2775    0.8750   14.6098   -2.4006  -17.1590
eta,q 0.97210  8.61979
  0.0306  0.0300  0.0295  0.0305  0.0319  0.0312  0.0302  0.0313  0.0297  0.0305  0.0290  0.0288
  0.0291  0.0288  0.0286  0.0292  0.0299  0.0296  0.0290  0.0296  0.0287  0.0292  0.0285  0.0283
  0.0282  0.0281  0.0281  0.0282  0.0285  0.0283  0.0282  0.0284  0.0281  0.0283  0.0280  0.0280
  0.0279  0.0279  0.0279  0.0279  0.0279  0.0279  0.0279  0.0279  0.0279  0.0279  0.0279  0.0279
  0.0282  0.0281  0.0282  0.0284  0.0283  0.0287  0.0282  0.0283  0.0282  0.0282  0.0280  0.0280
  0.0292  0.0287  0.0288  0.0294  0.0297  0.0295  0.0290  0.0296  0.0288  0.0290  0.0284  0.0283
  0.0306  0.0297  0.0298  0.0304  0.0322  0.0313  0.0301  0.0314  0.0297  0.0304  0.0290  0.0288
niter,ni,del,rscale     5    3    5.0000    1.2000
parameters
   -1.0817  -24.8228    6.7396   -8.5154  -16.0012  -13.1563
    2.3669   -0.2923    0.8537   14.6484   -2.3751  -17.1699
eta,q 0.97211  8.61647
  0.0306  0.0299  0.0296  0.0305  0.0319  0.0312  0.0302  0.0313  0.0297  0.0305  0.0290  0.0288
  0.0291  0.0288  0.0287  0.0292  0.0299  0.0296  0.0290  0.0296  0.0287  0.0291  0.0284  0.0283
  0.0282  0.0281  0.0281  0.0283  0.0285  0.0283  0.0282  0.0284  0.0281  0.0282  0.0280  0.0280
  0.0279  0.0279  0.0279  0.0279  0.0279  0.0279  0.0279  0.0279  0.0279  0.0279  0.0279  0.0279
  0.0282  0.0281  0.0281  0.0284  0.0283  0.0286  0.0282  0.0283  0.0281  0.0282  0.0280  0.0280
  0.0292  0.0288  0.0287  0.0294  0.0296  0.0295  0.0290  0.0296  0.0288  0.0290  0.0284  0.0283
  0.0306  0.0298  0.0297  0.0304  0.0322  0.0312  0.0302  0.0314  0.0297  0.0305  0.0290  0.0288
niter,ni,del,rscale     4    3    5.0000    1.2000
parameters
   -1.0851  -24.8121    6.7280   -8.5285  -16.0102  -13.1618
    2.3729   -0.2957    0.8451   14.6638   -2.3638  -17.1735
eta,q 0.97211  8.61529
  0.0306  0.0299  0.0296  0.0305  0.0319  0.0312  0.0302  0.0313  0.0297  0.0305  0.0290  0.0288
  0.0291  0.0287  0.0287  0.0292  0.0299  0.0296  0.0290  0.0296  0.0287  0.0291  0.0284  0.0283
  0.0282  0.0281  0.0281  0.0283  0.0285  0.0283  0.0282  0.0284  0.0281  0.0282  0.0280  0.0280
  0.0279  0.0279  0.0279  0.0279  0.0279  0.0279  0.0279  0.0279  0.0279  0.0279  0.0279  0.0279
  0.0282  0.0281  0.0281  0.0284  0.0283  0.0286  0.0282  0.0283  0.0281  0.0282  0.0280  0.0280
  0.0292  0.0288  0.0287  0.0294  0.0296  0.0295  0.0290  0.0296  0.0288  0.0291  0.0284  0.0283
  0.0306  0.0298  0.0296  0.0304  0.0321  0.0312  0.0302  0.0314  0.0297  0.0305  0.0290  0.0288
registration optimization eta report
parameter search radius
    2.4000    2.4000    2.7600    8.2800   10.9503    9.5220
    7.2000    7.2000    7.2000    7.2000    7.2000    7.2000
100000*second partial in parameter space
       47.       33.       23.        4.        3.        4.
        4.        7.        3.        5.        2.        2.
  0.0306  0.0299  0.0296  0.0305  0.0319  0.0312  0.0302  0.0313  0.0297  0.0305  0.0290  0.0288
  0.0291  0.0287  0.0287  0.0292  0.0299  0.0296  0.0290  0.0296  0.0287  0.0291  0.0284  0.0283
  0.0282  0.0281  0.0281  0.0283  0.0285  0.0283  0.0282  0.0284  0.0281  0.0282  0.0280  0.0280
  0.0279  0.0279  0.0279  0.0279  0.0279  0.0279  0.0279  0.0279  0.0279  0.0279  0.0279  0.0279
  0.0282  0.0281  0.0281  0.0284  0.0283  0.0286  0.0282  0.0283  0.0281  0.0282  0.0280  0.0280
  0.0292  0.0288  0.0287  0.0294  0.0296  0.0295  0.0290  0.0296  0.0288  0.0291  0.0284  0.0283
  0.0306  0.0298  0.0296  0.0304  0.0321  0.0312  0.0302  0.0314  0.0297  0.0305  0.0290  0.0288
   -1.0851  -24.8121    6.7280   -8.5285  -16.0102  -13.1618
    2.3729   -0.2957    0.8451   14.6638   -2.3638  -17.1735
eta,q 0.97211  8.61529

---------------------------------------------------------------------
imgreg_4dfp /opt/freesurfer/average/711-2C_as_mni_average_305 /opt/freesurfer/average/711-2B_as_mni_average_305_mask talsrcimg_g11 none talsrcimg_to_711-2C_as_mni_average_305_t4 2311
---------------------------------------------------------------------

freesurfer imgreg_4dfp.c
/opt/freesurfer/average/711-2C_as_mni_average_305.4dfp.img
       256       256       256         1
  1.000000  1.000000  1.000000
orientation T byte_order littleendian
Reading image: /opt/freesurfer/average/711-2C_as_mni_average_305.4dfp.img
dimensions:      256       256       256
mmppix:       1.0000   -1.0000   -1.0000
center:     128.0000 -129.0000 -129.0000
/opt/freesurfer/average/711-2B_as_mni_average_305_mask.4dfp.img
       256       256       256         1
  1.000000  1.000000  1.000000
orientation T byte_order littleendian
Reading mask: /opt/freesurfer/average/711-2B_as_mni_average_305_mask.4dfp.img (2306576 pixels)
talsrcimg_g11.4dfp.img
       256       256       256         1
  1.000000  1.000000  1.000000
orientation T byte_order littleendian
Reading image: talsrcimg_g11.4dfp.img
dimensions:      256       256       256
mmppix:       1.0000   -1.0000   -1.0000
center:     128.0000 -129.0000 -129.0000
fimgreg.f
image alignment mode   2311 decimal      907 hex
parameters
   -1.0851  -24.8121    6.7280   -8.5285  -16.0102  -13.1618
    2.3729   -0.2957    0.8451   14.6638   -2.3638  -17.1735
eta,q 0.97211  8.61529
niter,ni,del,rscale     5    3    5.0000    0.8000
parameters
   -1.0858  -24.8436    6.7195   -8.7555  -15.6657  -13.4590
    2.3270   -0.2560    0.6963   14.6313   -2.3001  -17.5097
eta,q 0.97213  8.61318
  0.0292  0.0287  0.0285  0.0289  0.0288  0.0289  0.0290  0.0296  0.0287  0.0290  0.0284  0.0282
  0.0285  0.0282  0.0282  0.0284  0.0283  0.0284  0.0284  0.0287  0.0282  0.0284  0.0281  0.0280
  0.0280  0.0280  0.0280  0.0280  0.0280  0.0280  0.0280  0.0281  0.0280  0.0280  0.0279  0.0279
  0.0279  0.0279  0.0279  0.0279  0.0279  0.0279  0.0279  0.0279  0.0279  0.0279  0.0279  0.0279
  0.0280  0.0280  0.0280  0.0281  0.0279  0.0281  0.0280  0.0281  0.0280  0.0280  0.0279  0.0279
  0.0285  0.0283  0.0282  0.0285  0.0282  0.0286  0.0284  0.0286  0.0283  0.0284  0.0281  0.0281
  0.0292  0.0288  0.0285  0.0291  0.0286  0.0291  0.0290  0.0295  0.0287  0.0291  0.0284  0.0283
niter,ni,del,rscale     4    3    5.0000    0.7000
parameters
   -1.0702  -24.8423    6.6197   -8.7606  -15.6090  -13.5935
    2.3224   -0.2655    0.6447   14.6817   -2.2784  -17.6324
eta,q 0.97213  8.61109
  0.0289  0.0286  0.0283  0.0288  0.0285  0.0288  0.0287  0.0292  0.0285  0.0288  0.0283  0.0282
  0.0283  0.0282  0.0280  0.0283  0.0282  0.0283  0.0282  0.0285  0.0281  0.0283  0.0281  0.0280
  0.0280  0.0279  0.0279  0.0280  0.0280  0.0280  0.0280  0.0280  0.0279  0.0280  0.0279  0.0279
  0.0279  0.0279  0.0279  0.0279  0.0279  0.0279  0.0279  0.0279  0.0279  0.0279  0.0279  0.0279
  0.0280  0.0280  0.0280  0.0280  0.0279  0.0280  0.0280  0.0280  0.0280  0.0280  0.0279  0.0279
  0.0283  0.0282  0.0281  0.0283  0.0281  0.0284  0.0283  0.0285  0.0282  0.0283  0.0281  0.0280
  0.0288  0.0285  0.0284  0.0288  0.0285  0.0289  0.0287  0.0292  0.0285  0.0288  0.0283  0.0282
niter,ni,del,rscale     3    3    5.0000    0.6000
parameters
   -1.0702  -24.8284    6.5764   -8.7365  -15.5955  -13.6628
    2.3262   -0.2649    0.6307   14.7177   -2.2979  -17.7096
eta,q 0.97213  8.61075
  0.0286  0.0284  0.0282  0.0286  0.0283  0.0286  0.0285  0.0289  0.0283  0.0286  0.0282  0.0281
  0.0282  0.0281  0.0280  0.0282  0.0281  0.0282  0.0282  0.0283  0.0281  0.0282  0.0280  0.0280
  0.0280  0.0279  0.0279  0.0280  0.0279  0.0280  0.0279  0.0280  0.0279  0.0280  0.0279  0.0279
  0.0279  0.0279  0.0279  0.0279  0.0279  0.0279  0.0279  0.0279  0.0279  0.0279  0.0279  0.0279
  0.0280  0.0279  0.0279  0.0279  0.0279  0.0280  0.0280  0.0280  0.0279  0.0280  0.0279  0.0279
  0.0282  0.0281  0.0280  0.0282  0.0281  0.0282  0.0282  0.0283  0.0281  0.0282  0.0280  0.0280
  0.0286  0.0284  0.0282  0.0286  0.0283  0.0287  0.0285  0.0289  0.0283  0.0285  0.0282  0.0281
niter,ni,del,rscale     2    3    5.0000    0.5000
parameters
   -1.0758  -24.8213    6.5509   -8.7142  -15.5813  -13.6762
    2.3018   -0.2569    0.6389   14.7423   -2.3330  -17.7809
eta,q 0.97212  8.61238
  0.0284  0.0282  0.0281  0.0284  0.0282  0.0284  0.0283  0.0286  0.0282  0.0284  0.0281  0.0280
  0.0281  0.0280  0.0280  0.0281  0.0280  0.0281  0.0281  0.0282  0.0280  0.0281  0.0280  0.0279
  0.0279  0.0279  0.0279  0.0279  0.0279  0.0280  0.0279  0.0280  0.0279  0.0279  0.0279  0.0279
  0.0279  0.0279  0.0279  0.0279  0.0279  0.0279  0.0279  0.0279  0.0279  0.0279  0.0279  0.0279
  0.0279  0.0279  0.0279  0.0279  0.0279  0.0279  0.0279  0.0279  0.0279  0.0279  0.0279  0.0279
  0.0281  0.0280  0.0280  0.0281  0.0280  0.0281  0.0281  0.0282  0.0280  0.0281  0.0280  0.0279
  0.0284  0.0282  0.0281  0.0284  0.0282  0.0284  0.0283  0.0286  0.0282  0.0283  0.0281  0.0280
niter,ni,del,rscale     1    3    5.0000    0.4000
parameters
   -1.0717  -24.8209    6.5466   -8.6961  -15.5561  -13.6434
    2.2853   -0.2447    0.6243   14.7426   -2.3549  -17.8402
eta,q 0.97213  8.61567
  0.0282  0.0281  0.0280  0.0282  0.0281  0.0282  0.0282  0.0283  0.0281  0.0282  0.0280  0.0280
  0.0280  0.0280  0.0279  0.0280  0.0280  0.0281  0.0280  0.0281  0.0280  0.0280  0.0279  0.0279
  0.0279  0.0279  0.0279  0.0279  0.0279  0.0279  0.0279  0.0279  0.0279  0.0279  0.0279  0.0279
  0.0279  0.0279  0.0279  0.0279  0.0279  0.0279  0.0279  0.0279  0.0279  0.0279  0.0279  0.0279
  0.0279  0.0279  0.0279  0.0279  0.0279  0.0279  0.0279  0.0279  0.0279  0.0279  0.0279  0.0279
  0.0280  0.0280  0.0279  0.0280  0.0280  0.0280  0.0280  0.0281  0.0280  0.0280  0.0279  0.0279
  0.0282  0.0281  0.0280  0.0282  0.0281  0.0282  0.0282  0.0283  0.0281  0.0282  0.0280  0.0280
registration optimization eta report
parameter search radius
    0.8000    0.8000    0.8000    2.4000    2.4000    2.4000
    2.4000    2.4000    2.4000    2.4000    2.4000    2.4000
100000*second partial in parameter space
       50.       35.       24.        6.        4.        6.
        5.        8.        4.        5.        2.        2.
  0.0282  0.0281  0.0280  0.0282  0.0281  0.0282  0.0282  0.0283  0.0281  0.0282  0.0280  0.0280
  0.0280  0.0280  0.0279  0.0280  0.0280  0.0281  0.0280  0.0281  0.0280  0.0280  0.0279  0.0279
  0.0279  0.0279  0.0279  0.0279  0.0279  0.0279  0.0279  0.0279  0.0279  0.0279  0.0279  0.0279
  0.0279  0.0279  0.0279  0.0279  0.0279  0.0279  0.0279  0.0279  0.0279  0.0279  0.0279  0.0279
  0.0279  0.0279  0.0279  0.0279  0.0279  0.0279  0.0279  0.0279  0.0279  0.0279  0.0279  0.0279
  0.0280  0.0280  0.0279  0.0280  0.0280  0.0280  0.0280  0.0281  0.0280  0.0280  0.0279  0.0279
  0.0282  0.0281  0.0280  0.0282  0.0281  0.0282  0.0282  0.0283  0.0281  0.0282  0.0280  0.0280
   -1.0717  -24.8209    6.5466   -8.6961  -15.5561  -13.6434
    2.2853   -0.2447    0.6243   14.7426   -2.3549  -17.8402
eta,q 0.97213  8.61567

---------------------------------------------------------------------
imgreg_4dfp /opt/freesurfer/average/711-2C_as_mni_average_305 /opt/freesurfer/average/711-2B_as_mni_average_305_mask talsrcimg_g11 none talsrcimg_to_711-2C_as_mni_average_305_t4 2311
---------------------------------------------------------------------

freesurfer imgreg_4dfp.c
/opt/freesurfer/average/711-2C_as_mni_average_305.4dfp.img
       256       256       256         1
  1.000000  1.000000  1.000000
orientation T byte_order littleendian
Reading image: /opt/freesurfer/average/711-2C_as_mni_average_305.4dfp.img
dimensions:      256       256       256
mmppix:       1.0000   -1.0000   -1.0000
center:     128.0000 -129.0000 -129.0000
/opt/freesurfer/average/711-2B_as_mni_average_305_mask.4dfp.img
       256       256       256         1
  1.000000  1.000000  1.000000
orientation T byte_order littleendian
Reading mask: /opt/freesurfer/average/711-2B_as_mni_average_305_mask.4dfp.img (2306576 pixels)
talsrcimg_g11.4dfp.img
       256       256       256         1
  1.000000  1.000000  1.000000
orientation T byte_order littleendian
Reading image: talsrcimg_g11.4dfp.img
dimensions:      256       256       256
mmppix:       1.0000   -1.0000   -1.0000
center:     128.0000 -129.0000 -129.0000
fimgreg.f
image alignment mode   2311 decimal      907 hex
parameters
   -1.0717  -24.8209    6.5466   -8.6961  -15.5562  -13.6434
    2.2853   -0.2447    0.6243   14.7426   -2.3549  -17.8402
eta,q 0.97213  8.61567
niter,ni,del,rscale     5    3    5.0000    0.8000
parameters
   -1.0673  -24.7997    6.5657   -8.7653  -15.6149  -13.6124
    2.3320   -0.2497    0.6920   14.7533   -2.2803  -17.6087
eta,q 0.97213  8.60952
  0.0291  0.0288  0.0285  0.0290  0.0286  0.0291  0.0290  0.0296  0.0287  0.0291  0.0284  0.0283
  0.0284  0.0283  0.0281  0.0284  0.0282  0.0285  0.0284  0.0287  0.0282  0.0284  0.0281  0.0281
  0.0280  0.0280  0.0279  0.0280  0.0280  0.0280  0.0280  0.0281  0.0280  0.0280  0.0279  0.0279
  0.0279  0.0279  0.0279  0.0279  0.0279  0.0279  0.0279  0.0279  0.0279  0.0279  0.0279  0.0279
  0.0280  0.0280  0.0279  0.0280  0.0280  0.0280  0.0280  0.0281  0.0280  0.0280  0.0279  0.0279
  0.0284  0.0283  0.0281  0.0284  0.0282  0.0285  0.0284  0.0287  0.0282  0.0284  0.0281  0.0280
  0.0291  0.0287  0.0285  0.0291  0.0287  0.0290  0.0289  0.0296  0.0287  0.0291  0.0284  0.0282
niter,ni,del,rscale     4    3    5.0000    0.7000
parameters
   -1.0718  -24.8050    6.5739   -8.7612  -15.6392  -13.6462
    2.3243   -0.2704    0.6450   14.7382   -2.2854  -17.6556
eta,q 0.97212  8.60790
  0.0288  0.0285  0.0284  0.0288  0.0285  0.0288  0.0287  0.0292  0.0285  0.0288  0.0283  0.0282
  0.0283  0.0282  0.0281  0.0283  0.0281  0.0283  0.0282  0.0285  0.0281  0.0283  0.0281  0.0280
  0.0280  0.0279  0.0279  0.0280  0.0280  0.0280  0.0280  0.0280  0.0279  0.0280  0.0279  0.0279
  0.0279  0.0279  0.0279  0.0279  0.0279  0.0279  0.0279  0.0279  0.0279  0.0279  0.0279  0.0279
  0.0280  0.0280  0.0279  0.0280  0.0279  0.0280  0.0280  0.0280  0.0280  0.0280  0.0279  0.0279
  0.0283  0.0282  0.0281  0.0283  0.0281  0.0284  0.0283  0.0285  0.0282  0.0283  0.0281  0.0280
  0.0288  0.0285  0.0283  0.0288  0.0285  0.0288  0.0287  0.0292  0.0285  0.0288  0.0283  0.0282
niter,ni,del,rscale     3    3    5.0000    0.6000
parameters
   -1.0741  -24.8128    6.5594   -8.7449  -15.6123  -13.6853
    2.3239   -0.2629    0.6320   14.7489   -2.3200  -17.7247
eta,q 0.97213  8.60912
  0.0286  0.0284  0.0282  0.0286  0.0283  0.0286  0.0285  0.0289  0.0283  0.0286  0.0282  0.0281
  0.0282  0.0281  0.0280  0.0282  0.0281  0.0282  0.0282  0.0283  0.0281  0.0282  0.0280  0.0280
  0.0280  0.0279  0.0279  0.0280  0.0279  0.0280  0.0279  0.0280  0.0279  0.0280  0.0279  0.0279
  0.0279  0.0279  0.0279  0.0279  0.0279  0.0279  0.0279  0.0279  0.0279  0.0279  0.0279  0.0279
  0.0280  0.0279  0.0279  0.0279  0.0279  0.0280  0.0280  0.0280  0.0279  0.0280  0.0279  0.0279
  0.0282  0.0281  0.0280  0.0282  0.0281  0.0282  0.0282  0.0283  0.0281  0.0282  0.0280  0.0280
  0.0286  0.0284  0.0282  0.0286  0.0283  0.0286  0.0285  0.0289  0.0283  0.0285  0.0282  0.0281
niter,ni,del,rscale     2    3    5.0000    0.5000
parameters
   -1.0761  -24.8132    6.5439   -8.7125  -15.5957  -13.6778
    2.3042   -0.2544    0.6357   14.7542   -2.3225  -17.7857
eta,q 0.97213  8.61174
  0.0284  0.0282  0.0281  0.0284  0.0282  0.0284  0.0283  0.0286  0.0282  0.0284  0.0281  0.0280
  0.0281  0.0280  0.0280  0.0281  0.0280  0.0281  0.0281  0.0282  0.0280  0.0281  0.0280  0.0279
  0.0279  0.0279  0.0279  0.0279  0.0279  0.0280  0.0279  0.0280  0.0279  0.0279  0.0279  0.0279
  0.0279  0.0279  0.0279  0.0279  0.0279  0.0279  0.0279  0.0279  0.0279  0.0279  0.0279  0.0279
  0.0279  0.0279  0.0279  0.0279  0.0279  0.0279  0.0279  0.0279  0.0279  0.0279  0.0279  0.0279
  0.0281  0.0280  0.0280  0.0281  0.0280  0.0281  0.0281  0.0282  0.0280  0.0281  0.0280  0.0279
  0.0284  0.0282  0.0281  0.0284  0.0282  0.0284  0.0283  0.0286  0.0282  0.0284  0.0281  0.0280
niter,ni,del,rscale     1    3    5.0000    0.4000
parameters
   -1.0735  -24.8178    6.5372   -8.7032  -15.5673  -13.6563
    2.2753   -0.2478    0.6198   14.7402   -2.3648  -17.8591
eta,q 0.97213  8.61441
  0.0282  0.0281  0.0280  0.0282  0.0281  0.0282  0.0282  0.0283  0.0281  0.0282  0.0280  0.0280
  0.0280  0.0280  0.0279  0.0280  0.0280  0.0280  0.0280  0.0281  0.0280  0.0280  0.0279  0.0279
  0.0279  0.0279  0.0279  0.0279  0.0279  0.0279  0.0279  0.0279  0.0279  0.0279  0.0279  0.0279
  0.0279  0.0279  0.0279  0.0279  0.0279  0.0279  0.0279  0.0279  0.0279  0.0279  0.0279  0.0279
  0.0279  0.0279  0.0279  0.0279  0.0279  0.0279  0.0279  0.0279  0.0279  0.0279  0.0279  0.0279
  0.0280  0.0280  0.0279  0.0280  0.0280  0.0280  0.0280  0.0281  0.0280  0.0280  0.0279  0.0279
  0.0282  0.0281  0.0280  0.0282  0.0281  0.0282  0.0282  0.0283  0.0281  0.0282  0.0280  0.0280
registration optimization eta report
parameter search radius
    0.8000    0.8000    0.8000    2.4000    2.4000    2.4000
    2.4000    2.4000    2.4000    2.4000    2.4000    2.4000
100000*second partial in parameter space
       50.       35.       24.        6.        3.        6.
        5.        8.        4.        5.        2.        2.
  0.0282  0.0281  0.0280  0.0282  0.0281  0.0282  0.0282  0.0283  0.0281  0.0282  0.0280  0.0280
  0.0280  0.0280  0.0279  0.0280  0.0280  0.0280  0.0280  0.0281  0.0280  0.0280  0.0279  0.0279
  0.0279  0.0279  0.0279  0.0279  0.0279  0.0279  0.0279  0.0279  0.0279  0.0279  0.0279  0.0279
  0.0279  0.0279  0.0279  0.0279  0.0279  0.0279  0.0279  0.0279  0.0279  0.0279  0.0279  0.0279
  0.0279  0.0279  0.0279  0.0279  0.0279  0.0279  0.0279  0.0279  0.0279  0.0279  0.0279  0.0279
  0.0280  0.0280  0.0279  0.0280  0.0280  0.0280  0.0280  0.0281  0.0280  0.0280  0.0279  0.0279
  0.0282  0.0281  0.0280  0.0282  0.0281  0.0282  0.0282  0.0283  0.0281  0.0282  0.0280  0.0280
   -1.0735  -24.8178    6.5372   -8.7032  -15.5673  -13.6563
    2.2753   -0.2478    0.6198   14.7402   -2.3648  -17.8591
eta,q 0.97213  8.61441

---------------------------------------------------------------------
compute_vox2vox talsrcimg talsrcimg_to_711-2C_as_mni_average_305_t4 /opt/freesurfer/average/711-2C_as_mni_average_305
---------------------------------------------------------------------

freesurfer compute_vox2vox.c
Reading: talsrcimg.4dfp.ifh
Reading: talsrcimg_to_711-2C_as_mni_average_305_t4
Reading: /opt/freesurfer/average/711-2C_as_mni_average_305.4dfp.ifh
Writing: talsrcimg_to_711-2C_as_mni_average_305_t4_vox2vox.txt

start time Sun Mar 8 17:41:15 CET 2026
end		time Sun Mar 8 17:42:45 CET 2026

mpr2mni305 success

avi2talxfm orig_nu.mgz /opt/freesurfer/average/mni305.cor.mgz talsrcimg_to_711-2C_as_mni_average_305_t4_vox2vox.txt transforms/talairach.auto.xfm
avi2talxfm done
mv -f /out/sourcedata/freesurfer/sub-v1s14x0051566_ses-1/mri/talsrcimg_to_711-2C_as_mni_average_305_t4_vox2vox.txt /out/sourcedata/freesurfer/sub-v1s14x0051566_ses-1/mri/transforms/talsrcimg_to_711-2C_as_mni_average_305_t4_vox2vox.txt
lta_convert --src orig_nu.mgz --trg /opt/freesurfer/average/mni305.cor.mgz --inxfm transforms/talairach.auto.xfm --outlta transforms/talairach.auto.xfm.lta --subject fsaverage
7.3.2

--src: orig_nu.mgz src image (geometry).
--trg: /opt/freesurfer/average/mni305.cor.mgz trg image (geometry).
--inmni: transforms/talairach.auto.xfm input MNI/XFM transform.
--outlta: transforms/talairach.auto.xfm.lta output LTA.
--s: fsaverage subject name
 LTA read, type : 1
 1.09572   0.00790  -0.02786   2.54819;
 0.02736   1.11800   0.23574  -23.94257;
-0.01282  -0.19524   1.14342  -24.25600;
 0.00000   0.00000   0.00000   1.00000;
setting subject to fsaverage
Writing  LTA to file transforms/talairach.auto.xfm.lta...
lta_convert successful.
 
 
Started at Sun Mar 8 17:41:14 CET 2026
Ended   at Sun Mar  8 17:42:45 CET 2026
talairach_avi done
