/out/sourcedata/freesurfer/sub-v1s14x0051570_ses-1/mri
/opt/freesurfer/bin/talairach_avi
--i orig_nu.mgz --xfm transforms/talairach.auto.xfm
talairach_avi 7.3.2
Linux dna029 5.14.0-427.37.1.el9_4.x86_64 #1 SMP PREEMPT_DYNAMIC Fri Sep 13 12:41:50 EDT 2024 x86_64 x86_64 x86_64 GNU/Linux
Sun Mar  8 18:23:38 CET 2026
mri_convert orig_nu.mgz talsrcimg.img 
reading from orig_nu.mgz...
TR=0.00, TE=0.00, TI=0.00, flip angle=0.00
i_ras = (-1, 2.83762e-10, 0)
j_ras = (0, 4.65661e-10, -1)
k_ras = (1.57888e-09, 1, -4.65661e-10)
writing to talsrcimg.img...
Analyze Output Matrix
-1.00000   0.00000   0.00000   125.42192;
 0.00000   0.00000   1.00000  -116.66504;
 0.00000  -1.00000  -0.00000   162.77161;
 0.00000   0.00000   0.00000   1.00000;
--------------------
INFO: set hdr.hist.orient to -1
mpr2mni305 talsrcimg
Sun Mar  8 18:23:38 CET 2026
/opt/freesurfer/bin/mpr2mni305 talsrcimg
mpr2mni305 7.3.2
target=711-2C_as_mni_average_305

---------------------------------------------------------------------
analyzeto4dfp talsrcimg -O0 -y
---------------------------------------------------------------------

freesurfer ifh2hdr.c
Sun Mar  8 18:23:38 2026
Writing: talsrcimg.4dfp.hdr
freesurfer analyzeto4dfp.c
Reading: talsrcimg.hdr
header size 348 bytes
hdr.dime.datatype	offset=70	value=2
hdr.dime.bitpix		offset=72	value=8
hdr.hist.orient		offset=252	value=-1
dimensionality     4
dimensions       256       256       256         1
Reading: talsrcimg.img
Writing: talsrcimg.4dfp.img
Writing: talsrcimg.4dfp.ifh
ifh2hdr talsrcimg -r0to229
ori=2

---------------------------------------------------------------------
gauss_4dfp talsrcimg 1.1
---------------------------------------------------------------------

freesurfer gauss_4dfp.c
Reading: talsrcimg.4dfp.img
Writing: talsrcimg_g11.4dfp.img
image dimensions 256 256 256 padded to 288 288 288
processing volume 1freesurfer ifh2hdr.c
Sun Mar  8 18:23:40 2026
Writing: talsrcimg_g11.4dfp.hdr

Writing: talsrcimg_g11.4dfp.ifh
including: talsrcimg.4dfp.img.rec in talsrcimg_g11.4dfp.img.rec

---------------------------------------------------------------------
imgreg_4dfp /opt/freesurfer/average/711-2C_as_mni_average_305 none talsrcimg_g11 none talsrcimg_to_711-2C_as_mni_average_305_t4 4355
---------------------------------------------------------------------

freesurfer imgreg_4dfp.c
/opt/freesurfer/average/711-2C_as_mni_average_305.4dfp.img
       256       256       256         1
  1.000000  1.000000  1.000000
orientation T byte_order littleendian
Reading image: /opt/freesurfer/average/711-2C_as_mni_average_305.4dfp.img
dimensions:      256       256       256
mmppix:       1.0000   -1.0000   -1.0000
center:     128.0000 -129.0000 -129.0000
talsrcimg_g11.4dfp.img
       256       256       256         1
  1.000000  1.000000  1.000000
orientation T byte_order littleendian
Reading image: talsrcimg_g11.4dfp.img
dimensions:      256       256       256
mmppix:       1.0000   -1.0000   -1.0000
center:     128.0000 -129.0000 -129.0000
t4_read: open error in t4_sub.f l:  41 t4_file(1:l)talsrcimg_to_711-2C_as_mni_average_305_t4 
t4_read: transform initialized to I4
rotation matrix determinant  1.000000
image alignment mode   4355 decimal     1103 hex
   -7.5000  -45.0000  -45.0000 8908.1875   19.1838
    0.0000  -45.0000  -45.0000 9339.7734   19.1908
    7.5000  -45.0000  -45.0000 8860.8770   19.2065
   -7.5000  -37.5000  -45.0000 9213.6611   19.1621
    0.0000  -37.5000  -45.0000 9669.7656   19.1749
    7.5000  -37.5000  -45.0000 9148.3730   19.2003
   -7.5000  -30.0000  -45.0000 9787.6611   19.2051
    0.0000  -30.0000  -45.000010275.1562   19.2274
    7.5000  -30.0000  -45.0000 9704.9131   19.2586
   -7.5000  -22.5000  -45.000010336.1445   19.2779
    0.0000  -22.5000  -45.000010836.7012   19.3032
    7.5000  -22.5000  -45.000010265.4629   19.3290
   -7.5000  -15.0000  -45.000010834.3398   19.3075
    0.0000  -15.0000  -45.000011346.9629   19.3290
    7.5000  -15.0000  -45.000010785.8359   19.3433
   -7.5000   -7.5000  -45.000011339.0840   19.2565
    0.0000   -7.5000  -45.000011883.6934   19.2689
    7.5000   -7.5000  -45.000011286.1885   19.2790
   -7.5000    0.0000  -45.000011722.5811   19.1838
    0.0000    0.0000  -45.000012280.6602   19.1908
    7.5000    0.0000  -45.000011646.2256   19.2065
   -7.5000    7.5000  -45.000011089.2021   19.1621
    0.0000    7.5000  -45.000011595.0273   19.1749
    7.5000    7.5000  -45.000011012.4863   19.2003
   -7.5000   15.0000  -45.000010200.8359   19.2051
    0.0000   15.0000  -45.000010666.2480   19.2274
    7.5000   15.0000  -45.000010152.9785   19.2586
   -7.5000   22.5000  -45.0000 9267.5225   19.2752
    0.0000   22.5000  -45.0000 9706.6055   19.3006
    7.5000   22.5000  -45.0000 9227.7383   19.3263
   -7.5000   30.0000  -45.0000 8388.0879   19.0502
    0.0000   30.0000  -45.0000 8761.8486   19.0714
    7.5000   30.0000  -45.0000 8331.8066   19.0855
   -7.5000   37.5000  -45.0000 7819.1187   18.9998
    0.0000   37.5000  -45.0000 8146.1104   19.0121
    7.5000   37.5000  -45.0000 7740.2861   19.0221
   -7.5000   45.0000  -45.0000 6895.0962   18.4482
    0.0000   45.0000  -45.0000 7175.1650   18.4549
    7.5000   45.0000  -45.0000 6816.5010   18.4700
   -7.5000  -45.0000  -37.5000 9500.4248   19.0732
    0.0000  -45.0000  -37.5000 9959.4238   19.0853
    7.5000  -45.0000  -37.5000 9447.3994   19.1049
   -7.5000  -37.5000  -37.5000 9846.0078   19.0577
    0.0000  -37.5000  -37.500010319.1162   19.0693
    7.5000  -37.5000  -37.5000 9766.0762   19.0978
   -7.5000  -30.0000  -37.500010477.7383   19.0991
    0.0000  -30.0000  -37.500010995.4746   19.1174
    7.5000  -30.0000  -37.500010372.4941   19.1534
   -7.5000  -22.5000  -37.500011038.7119   19.1628
    0.0000  -22.5000  -37.500011563.5195   19.1882
    7.5000  -22.5000  -37.500010924.2129   19.2203
   -7.5000  -15.0000  -37.500011529.6641   19.1860
    0.0000  -15.0000  -37.500012076.2041   19.2131
    7.5000  -15.0000  -37.500011440.6328   19.2343
   -7.5000   -7.5000  -37.500012042.3408   19.1377
    0.0000   -7.5000  -37.500012612.7139   19.1583
    7.5000   -7.5000  -37.500011962.5947   19.1745
   -7.5000    0.0000  -37.500012462.9600   19.0732
    0.0000    0.0000  -37.500013046.2197   19.0853
    7.5000    0.0000  -37.500012361.4854   19.1049
   -7.5000    7.5000  -37.500011788.1084   19.0577
    0.0000    7.5000  -37.500012325.0693   19.0693
    7.5000    7.5000  -37.500011691.3359   19.0978
   -7.5000   15.0000  -37.500010806.5947   19.0991
    0.0000   15.0000  -37.500011301.2646   19.1174
    7.5000   15.0000  -37.500010735.2656   19.1534
   -7.5000   22.5000  -37.5000 9782.8145   19.1602
    0.0000   22.5000  -37.500010235.9043   19.1856
    7.5000   22.5000  -37.5000 9748.7676   19.2176
   -7.5000   30.0000  -37.5000 8803.0205   18.9303
    0.0000   30.0000  -37.5000 9205.1885   18.9571
    7.5000   30.0000  -37.5000 8770.1191   18.9779
   -7.5000   37.5000  -37.5000 8182.1738   18.8827
    0.0000   37.5000  -37.5000 8538.3066   18.9030
    7.5000   37.5000  -37.5000 8123.6587   18.9190
   -7.5000   45.0000  -37.5000 7228.9297   18.3418
    0.0000   45.0000  -37.5000 7533.0405   18.3534
    7.5000   45.0000  -37.5000 7151.0454   18.3723
   -7.5000  -45.0000  -30.000010262.3174   19.8632
    0.0000  -45.0000  -30.000010743.7695   19.8786
    7.5000  -45.0000  -30.000010209.4951   19.9037
   -7.5000  -37.5000  -30.000010636.8887   19.8438
    0.0000  -37.5000  -30.000011137.2939   19.8543
    7.5000  -37.5000  -30.000010572.8896   19.8869
   -7.5000  -30.0000  -30.000011326.9580   19.8779
    0.0000  -30.0000  -30.000011857.3701   19.8944
    7.5000  -30.0000  -30.000011235.7764   19.9335
   -7.5000  -22.5000  -30.000011915.0039   19.9384
    0.0000  -22.5000  -30.000012469.4824   19.9663
    7.5000  -22.5000  -30.000011804.7529   20.0014
   -7.5000  -15.0000  -30.000012414.8350   19.9658
    0.0000  -15.0000  -30.000012986.9121   20.0002
    7.5000  -15.0000  -30.000012331.9014   20.0254
   -7.5000   -7.5000  -30.000012947.2363   19.9248
    0.0000   -7.5000  -30.000013538.2744   19.9525
    7.5000   -7.5000  -30.000012855.7129   19.9743
   -7.5000    0.0000  -30.000013369.0361   19.8632
    0.0000    0.0000  -30.000013964.6582   19.8786
    7.5000    0.0000  -30.000013254.7324   19.9037
   -7.5000    7.5000  -30.000012658.4922   19.8438
    0.0000    7.5000  -30.000013227.9258   19.8543
    7.5000    7.5000  -30.000012570.7422   19.8869
   -7.5000   15.0000  -30.000011600.3896   19.8779
    0.0000   15.0000  -30.000012117.1279   19.8944
    7.5000   15.0000  -30.000011531.7734   19.9335
   -7.5000   22.5000  -30.000010451.0146   19.9336
    0.0000   22.5000  -30.000010924.7920   19.9615
    7.5000   22.5000  -30.000010424.8809   19.9966
   -7.5000   30.0000  -30.0000 9390.2930   19.7016
    0.0000   30.0000  -30.0000 9825.2148   19.7356
    7.5000   30.0000  -30.0000 9365.2666   19.7604
   -7.5000   37.5000  -30.0000 8701.8291   19.6611
    0.0000   37.5000  -30.0000 9091.8984   19.6885
    7.5000   37.5000  -30.0000 8670.7480   19.7100
   -7.5000   45.0000  -30.0000 7670.8413   19.1156
    0.0000   45.0000  -30.0000 7980.1997   19.1304
    7.5000   45.0000  -30.0000 7601.2139   19.1545
   -7.5000  -45.0000  -22.500010998.2627   20.5209
    0.0000  -45.0000  -22.500011520.9961   20.5323
    7.5000  -45.0000  -22.500010971.1982   20.5576
   -7.5000  -37.5000  -22.500011378.3408   20.4960
    0.0000  -37.5000  -22.500011914.7822   20.5050
    7.5000  -37.5000  -22.500011355.1553   20.5368
   -7.5000  -30.0000  -22.500012122.0723   20.5277
    0.0000  -30.0000  -22.500012693.7422   20.5440
    7.5000  -30.0000  -22.500012050.7764   20.5790
   -7.5000  -22.5000  -22.500012780.2568   20.5924
    0.0000  -22.5000  -22.500013388.3252   20.6195
    7.5000  -22.5000  -22.500012678.4111   20.6484
   -7.5000  -15.0000  -22.500013326.5615   20.6261
    0.0000  -15.0000  -22.500013950.1250   20.6579
    7.5000  -15.0000  -22.500013232.7500   20.6782
   -7.5000   -7.5000  -22.500013886.9922   20.5864
    0.0000   -7.5000  -22.500014516.5176   20.6099
    7.5000   -7.5000  -22.500013775.0244   20.6295
   -7.5000    0.0000  -22.500014268.1738   20.5209
    0.0000    0.0000  -22.500014908.7686   20.5323
    7.5000    0.0000  -22.500014149.4199   20.5576
   -7.5000    7.5000  -22.500013469.9834   20.4960
    0.0000    7.5000  -22.500014073.5059   20.5050
    7.5000    7.5000  -22.500013379.8945   20.5368
   -7.5000   15.0000  -22.500012334.1279   20.5277
    0.0000   15.0000  -22.500012875.3887   20.5440
    7.5000   15.0000  -22.500012299.9502   20.5790
   -7.5000   22.5000  -22.500011143.4541   20.5860
    0.0000   22.5000  -22.500011628.9746   20.6131
    7.5000   22.5000  -22.500011133.0137   20.6420
   -7.5000   30.0000  -22.5000 9993.9893   20.3563
    0.0000   30.0000  -22.500010432.5010   20.3877
    7.5000   30.0000  -22.5000 9956.7246   20.4077
   -7.5000   37.5000  -22.5000 9202.5195   20.3171
    0.0000   37.5000  -22.5000 9609.2021   20.3403
    7.5000   37.5000  -22.5000 9169.0664   20.3596
   -7.5000   45.0000  -22.5000 8100.0840   19.7634
    0.0000   45.0000  -22.5000 8444.2041   19.7743
    7.5000   45.0000  -22.5000 8055.2573   19.7987
   -7.5000  -45.0000  -15.000011745.1836   20.9926
    0.0000  -45.0000  -15.000012287.8818   20.9962
    7.5000  -45.0000  -15.000011718.8623   21.0162
   -7.5000  -37.5000  -15.000012126.1768   20.9648
    0.0000  -37.5000  -15.000012700.9248   20.9724
    7.5000  -37.5000  -15.000012118.7988   21.0000
   -7.5000  -30.0000  -15.000012888.0967   21.0032
    0.0000  -30.0000  -15.000013492.0244   21.0212
    7.5000  -30.0000  -15.000012814.3926   21.0498
   -7.5000  -22.5000  -15.000013598.6963   21.0785
    0.0000  -22.5000  -15.000014255.7422   21.1038
    7.5000  -22.5000  -15.000013492.7148   21.1245
   -7.5000  -15.0000  -15.000014221.8076   21.1155
    0.0000  -15.0000  -15.000014901.2188   21.1398
    7.5000  -15.0000  -15.000014104.9189   21.1515
   -7.5000   -7.5000  -15.000014803.3789   21.0681
    0.0000   -7.5000  -15.000015522.9697   21.0810
    7.5000   -7.5000  -15.000014685.4531   21.0931
   -7.5000    0.0000  -15.000015121.6533   20.9926
    0.0000    0.0000  -15.000015836.6006   20.9962
    7.5000    0.0000  -15.000014984.5615   21.0162
   -7.5000    7.5000  -15.000014266.9844   20.9648
    0.0000    7.5000  -15.000014903.5469   20.9724
    7.5000    7.5000  -15.000014178.1377   21.0000
   -7.5000   15.0000  -15.000013054.9316   21.0032
    0.0000   15.0000  -15.000013624.3770   21.0212
    7.5000   15.0000  -15.000013025.9795   21.0498
   -7.5000   22.5000  -15.000011809.2578   21.0710
    0.0000   22.5000  -15.000012341.8652   21.0963
    7.5000   22.5000  -15.000011790.1865   21.1170
   -7.5000   30.0000  -15.000010595.2900   20.8422
    0.0000   30.0000  -15.000011056.5088   20.8662
    7.5000   30.0000  -15.000010542.9238   20.8778
   -7.5000   37.5000  -15.0000 9749.1006   20.7954
    0.0000   37.5000  -15.000010168.2012   20.8082
    7.5000   37.5000  -15.0000 9682.1895   20.8201
   -7.5000   45.0000  -15.0000 8559.6953   20.2298
    0.0000   45.0000  -15.0000 8917.0195   20.2333
    7.5000   45.0000  -15.0000 8519.5137   20.2525
   -7.5000  -45.0000   -7.500012528.8115   21.2509
    0.0000  -45.0000   -7.500013085.8662   21.2523
    7.5000  -45.0000   -7.500012489.6709   21.2678
   -7.5000  -37.5000   -7.500012963.9619   21.2245
    0.0000  -37.5000   -7.500013569.7598   21.2339
    7.5000  -37.5000   -7.500012945.4385   21.2593
   -7.5000  -30.0000   -7.500013740.1816   21.2704
    0.0000  -30.0000   -7.500014362.3818   21.2918
    7.5000  -30.0000   -7.500013674.1689   21.3202
   -7.5000  -22.5000   -7.500014476.3984   21.3517
    0.0000  -22.5000   -7.500015135.8398   21.3773
    7.5000  -22.5000   -7.500014366.9688   21.3980
   -7.5000  -15.0000   -7.500015121.7344   21.3870
    0.0000  -15.0000   -7.500015832.0420   21.4074
    7.5000  -15.0000   -7.500014977.1064   21.4172
   -7.5000   -7.5000   -7.500015732.1904   21.3321
    0.0000   -7.5000   -7.500016478.0410   21.3403
    7.5000   -7.5000   -7.500015600.0078   21.3478
   -7.5000    0.0000   -7.500016020.4736   21.2509
    0.0000    0.0000   -7.500016750.2676   21.2523
    7.5000    0.0000   -7.500015878.9736   21.2678
   -7.5000    7.5000   -7.500015104.7373   21.2245
    0.0000    7.5000   -7.500015767.3135   21.2339
    7.5000    7.5000   -7.500014985.1553   21.2593
   -7.5000   15.0000   -7.500013836.4238   21.2704
    0.0000   15.0000   -7.500014455.3770   21.2918
    7.5000   15.0000   -7.500013760.9814   21.3202
   -7.5000   22.5000   -7.500012556.1621   21.3419
    0.0000   22.5000   -7.500013134.9658   21.3674
    7.5000   22.5000   -7.500012497.3232   21.3881
   -7.5000   30.0000   -7.500011254.0137   21.1097
    0.0000   30.0000   -7.500011748.2178   21.1298
    7.5000   30.0000   -7.500011197.4160   21.1395
   -7.5000   37.5000   -7.500010336.5801   21.0555
    0.0000   37.5000   -7.500010783.2061   21.0635
    7.5000   37.5000   -7.500010247.4824   21.0710
   -7.5000   45.0000   -7.5000 9060.7998   20.4826
    0.0000   45.0000   -7.5000 9452.3916   20.4840
    7.5000   45.0000   -7.5000 8981.9746   20.4989
   -7.5000  -45.0000    0.000013195.0342   21.3219
    0.0000  -45.0000    0.000013782.4473   21.3286
    7.5000  -45.0000    0.000013144.4521   21.3453
   -7.5000  -37.5000    0.000013748.9785   21.3014
    0.0000  -37.5000    0.000014365.3721   21.3142
    7.5000  -37.5000    0.000013662.4102   21.3417
   -7.5000  -30.0000    0.000014646.0381   21.3512
    0.0000  -30.0000    0.000015299.9697   21.3742
    7.5000  -30.0000    0.000014497.9932   21.4081
   -7.5000  -22.5000    0.000015338.0986   21.4299
    0.0000  -22.5000    0.000016037.5732   21.4565
    7.5000  -22.5000    0.000015170.5088   21.4844
   -7.5000  -15.0000    0.000015969.1201   21.4591
    0.0000  -15.0000    0.000016696.0723   21.4816
    7.5000  -15.0000    0.000015782.3418   21.4971
   -7.5000   -7.5000    0.000016583.8770   21.4008
    0.0000   -7.5000    0.000017345.8184   21.4136
    7.5000   -7.5000    0.000016417.0879   21.4243
   -7.5000    0.0000    0.000016868.2988   21.3219
    0.0000    0.0000    0.000017624.8516   21.3286
    7.5000    0.0000    0.000016662.4434   21.3453
   -7.5000    7.5000    0.000015902.9336   21.3014
    0.0000    7.5000    0.000016583.7715   21.3142
    7.5000    7.5000    0.000015679.4609   21.3417
   -7.5000   15.0000    0.000014614.3594   21.3512
    0.0000   15.0000    0.000015260.1895   21.3742
    7.5000   15.0000    0.000014420.3398   21.4081
   -7.5000   22.5000    0.000013263.8760   21.4201
    0.0000   22.5000    0.000013878.5244   21.4466
    7.5000   22.5000    0.000013139.3291   21.4745
   -7.5000   30.0000    0.000011884.8564   21.1814
    0.0000   30.0000    0.000012435.0645   21.2036
    7.5000   30.0000    0.000011783.2393   21.2189
   -7.5000   37.5000    0.000010897.7881   21.1239
    0.0000   37.5000    0.000011381.6572   21.1364
    7.5000   37.5000    0.000010778.8975   21.1471
   -7.5000   45.0000    0.0000 9514.7676   20.5526
    0.0000   45.0000    0.0000 9927.0205   20.5590
    7.5000   45.0000    0.0000 9414.3232   20.5751
   -7.5000  -45.0000    7.500012810.6387   21.3363
    0.0000  -45.0000    7.500013326.0635   21.3499
    7.5000  -45.0000    7.500012767.8887   21.3720
   -7.5000  -37.5000    7.500013470.8320   21.3191
    0.0000  -37.5000    7.500014040.8691   21.3322
    7.5000  -37.5000    7.500013309.9629   21.3641
   -7.5000  -30.0000    7.500014526.1357   21.3655
    0.0000  -30.0000    7.500015253.3838   21.3862
    7.5000  -30.0000    7.500014278.6123   21.4263
   -7.5000  -22.5000    7.500015282.6191   21.4368
    0.0000  -22.5000    7.500016049.4805   21.4653
    7.5000  -22.5000    7.500015029.8154   21.5011
   -7.5000  -15.0000    7.500015837.9785   21.4626
    0.0000  -15.0000    7.500016590.6426   21.4930
    7.5000  -15.0000    7.500015573.6221   21.5168
   -7.5000   -7.5000    7.500016378.7441   21.4085
    0.0000   -7.5000    7.500017116.9824   21.4316
    7.5000   -7.5000    7.500016098.2070   21.4499
   -7.5000    0.0000    7.500016541.1426   21.3363
    0.0000    0.0000    7.500017289.3105   21.3499
    7.5000    0.0000    7.500016269.5918   21.3720
   -7.5000    7.5000    7.500015495.9854   21.3191
    0.0000    7.5000    7.500016188.3477   21.3322
    7.5000    7.5000    7.500015204.5010   21.3641
   -7.5000   15.0000    7.500014232.0596   21.3655
    0.0000   15.0000    7.500014874.9482   21.3862
    7.5000   15.0000    7.500013978.8838   21.4263
   -7.5000   22.5000    7.500012895.5654   21.4270
    0.0000   22.5000    7.500013490.1504   21.4554
    7.5000   22.5000    7.500012710.5146   21.4912
   -7.5000   30.0000    7.500011541.0410   21.1848
    0.0000   30.0000    7.500012090.1562   21.2149
    7.5000   30.0000    7.500011409.5986   21.2383
   -7.5000   37.5000    7.500010553.6123   21.1315
    0.0000   37.5000    7.500011036.6436   21.1543
    7.5000   37.5000    7.500010420.0840   21.1723
   -7.5000   45.0000    7.5000 9181.7227   20.5664
    0.0000   45.0000    7.5000 9593.5283   20.5796
    7.5000   45.0000    7.5000 9100.9092   20.6009
   -7.5000  -45.0000   15.000012357.4512   21.3298
    0.0000  -45.0000   15.000012870.2959   21.3463
    7.5000  -45.0000   15.000012272.4385   21.3733
   -7.5000  -37.5000   15.000012961.2441   21.3090
    0.0000  -37.5000   15.000013581.2109   21.3202
    7.5000  -37.5000   15.000012766.9502   21.3552
   -7.5000  -30.0000   15.000013955.1455   21.3456
    0.0000  -30.0000   15.000014764.1191   21.3633
    7.5000  -30.0000   15.000013712.0381   21.4053
   -7.5000  -22.5000   15.000014751.5488   21.4105
    0.0000  -22.5000   15.000015601.6953   21.4405
    7.5000  -22.5000   15.000014463.2588   21.4783
   -7.5000  -15.0000   15.000015388.4590   21.4400
    0.0000  -15.0000   15.000016197.7832   21.4770
    7.5000  -15.0000   15.000015026.9912   21.5039
   -7.5000   -7.5000   15.000015873.4150   21.3960
    0.0000   -7.5000   15.000016639.0410   21.4257
    7.5000   -7.5000   15.000015540.5703   21.4491
   -7.5000    0.0000   15.000015924.6377   21.3298
    0.0000    0.0000   15.000016660.5391   21.3463
    7.5000    0.0000   15.000015661.2988   21.3733
   -7.5000    7.5000   15.000014814.4951   21.3090
    0.0000    7.5000   15.000015472.2158   21.3202
    7.5000    7.5000   15.000014566.5000   21.3552
   -7.5000   15.0000   15.000013596.1328   21.3456
    0.0000   15.0000   15.000014188.6621   21.3633
    7.5000   15.0000   15.000013393.2227   21.4053
   -7.5000   22.5000   15.000012385.5566   21.4007
    0.0000   22.5000   15.000012934.7891   21.4306
    7.5000   22.5000   15.000012227.9551   21.4684
   -7.5000   30.0000   15.000011089.2861   21.1625
    0.0000   30.0000   15.000011598.3809   21.1990
    7.5000   30.0000   15.000010967.1816   21.2256
   -7.5000   37.5000   15.000010116.8867   21.1191
    0.0000   37.5000   15.000010574.2617   21.1484
    7.5000   37.5000   15.000010013.9980   21.1715
   -7.5000   45.0000   15.0000 8789.7168   20.5602
    0.0000   45.0000   15.0000 9194.9043   20.5761
    7.5000   45.0000   15.0000 8709.1475   20.6021
   -7.5000  -45.0000   22.500011783.0742   21.3024
    0.0000  -45.0000   22.500012348.6182   21.3141
    7.5000  -45.0000   22.500011713.0889   21.3404
   -7.5000  -37.5000   22.500012277.4688   21.2765
    0.0000  -37.5000   22.500012922.2822   21.2858
    7.5000  -37.5000   22.500012183.0439   21.3189
   -7.5000  -30.0000   22.500013097.5010   21.3094
    0.0000  -30.0000   22.500013775.6387   21.3263
    7.5000  -30.0000   22.500013010.5830   21.3626
   -7.5000  -22.5000   22.500013790.7891   21.3765
    0.0000  -22.5000   22.500014418.6680   21.4047
    7.5000  -22.5000   22.500013696.8223   21.4347
   -7.5000  -15.0000   22.500014410.5820   21.4115
    0.0000  -15.0000   22.500015050.7549   21.4446
    7.5000  -15.0000   22.500014283.7568   21.4657
   -7.5000   -7.5000   22.500014999.9277   21.3703
    0.0000   -7.5000   22.500015684.9707   21.3947
    7.5000   -7.5000   22.500014849.6758   21.4151
   -7.5000    0.0000   22.500015123.5439   21.3024
    0.0000    0.0000   22.500015811.1904   21.3141
    7.5000    0.0000   22.500014989.2002   21.3404
   -7.5000    7.5000   22.500014071.8545   21.2765
    0.0000    7.5000   22.500014705.5215   21.2858
    7.5000    7.5000   22.500013922.8330   21.3189
   -7.5000   15.0000   22.500012932.9482   21.3094
    0.0000   15.0000   22.500013503.1338   21.3263
    7.5000   15.0000   22.500012767.9854   21.3626
   -7.5000   22.5000   22.500011763.0664   21.3667
    0.0000   22.5000   22.500012291.3613   21.3948
    7.5000   22.5000   22.500011640.1143   21.4248
   -7.5000   30.0000   22.500010514.4033   21.1344
    0.0000   30.0000   22.500010984.1777   21.1671
    7.5000   30.0000   22.500010412.5527   21.1879
   -7.5000   37.5000   22.5000 9581.3369   21.0938
    0.0000   37.5000   22.500010003.6992   21.1178
    7.5000   37.5000   22.5000 9482.7393   21.1379
   -7.5000   45.0000   22.5000 8336.9219   20.5338
    0.0000   45.0000   22.5000 8705.9893   20.5451
    7.5000   45.0000   22.5000 8271.8096   20.5704
   -7.5000  -45.0000   30.000011021.9229   21.2868
    0.0000  -45.0000   30.000011525.5469   21.2905
    7.5000  -45.0000   30.000010988.0723   21.3107
   -7.5000  -37.5000   30.000011416.7539   21.2587
    0.0000  -37.5000   30.000011977.9482   21.2664
    7.5000  -37.5000   30.000011411.0303   21.2943
   -7.5000  -30.0000   30.000012144.1348   21.2977
    0.0000  -30.0000   30.000012689.6602   21.3160
    7.5000  -30.0000   30.000012127.6133   21.3448
   -7.5000  -22.5000   30.000012776.8525   21.3740
    0.0000  -22.5000   30.000013282.3838   21.3997
    7.5000  -22.5000   30.000012748.2568   21.4206
   -7.5000  -15.0000   30.000013364.4727   21.4116
    0.0000  -15.0000   30.000013905.3818   21.4363
    7.5000  -15.0000   30.000013327.5508   21.4481
   -7.5000   -7.5000   30.000013949.4043   21.3634
    0.0000   -7.5000   30.000014516.0869   21.3766
    7.5000   -7.5000   30.000013878.7744   21.3888
   -7.5000    0.0000   30.000014164.4258   21.2868
    0.0000    0.0000   30.000014743.5645   21.2905
    7.5000    0.0000   30.000014083.3008   21.3107
   -7.5000    7.5000   30.000013204.0674   21.2587
    0.0000    7.5000   30.000013718.3389   21.2664
    7.5000    7.5000   30.000013077.5703   21.2943
   -7.5000   15.0000   30.000012131.9102   21.2977
    0.0000   15.0000   30.000012616.7930   21.3160
    7.5000   15.0000   30.000012004.1924   21.3448
   -7.5000   22.5000   30.000011004.7939   21.3642
    0.0000   22.5000   30.000011464.6855   21.3899
    7.5000   22.5000   30.000010902.6201   21.4108
   -7.5000   30.0000   30.0000 9817.5547   21.1345
    0.0000   30.0000   30.000010226.0869   21.1589
    7.5000   30.0000   30.0000 9742.4502   21.1706
   -7.5000   37.5000   30.0000 8956.0146   21.0869
    0.0000   37.5000   30.0000 9337.7842   21.1000
    7.5000   37.5000   30.0000 8871.3594   21.1120
   -7.5000   45.0000   30.0000 7830.2329   20.5187
    0.0000   45.0000   30.0000 8144.2861   20.5224
    7.5000   45.0000   30.0000 7756.6221   20.5418
   -7.5000  -45.0000   37.500010671.7227   21.5645
    0.0000  -45.0000   37.500011178.5840   21.5659
    7.5000  -45.0000   37.500010667.4268   21.5814
   -7.5000  -37.5000   37.500011078.6484   21.5359
    0.0000  -37.5000   37.500011609.9307   21.5457
    7.5000  -37.5000   37.500011080.4199   21.5716
   -7.5000  -30.0000   37.500011765.6436   21.5826
    0.0000  -30.0000   37.500012279.8984   21.6050
    7.5000  -30.0000   37.500011756.8506   21.6344
   -7.5000  -22.5000   37.500012357.5273   21.6673
    0.0000  -22.5000   37.500012863.0811   21.6940
    7.5000  -22.5000   37.500012343.9258   21.7156
   -7.5000  -15.0000   37.500012919.2568   21.7050
    0.0000  -15.0000   37.500013434.8691   21.7263
    7.5000  -15.0000   37.500012901.1123   21.7365
   -7.5000   -7.5000   37.500013501.7656   21.6489
    0.0000   -7.5000   37.500014031.4873   21.6573
    7.5000   -7.5000   37.500013441.6650   21.6649
   -7.5000    0.0000   37.500013751.8623   21.5645
    0.0000    0.0000   37.500014273.4775   21.5659
    7.5000    0.0000   37.500013665.4463   21.5814
   -7.5000    7.5000   37.500012817.4600   21.5359
    0.0000    7.5000   37.500013299.0439   21.5457
    7.5000    7.5000   37.500012687.9502   21.5716
   -7.5000   15.0000   37.500011767.4287   21.5826
    0.0000   15.0000   37.500012234.6514   21.6050
    7.5000   15.0000   37.500011648.1904   21.6344
   -7.5000   22.5000   37.500010657.4326   21.6573
    0.0000   22.5000   37.500011086.6621   21.6840
    7.5000   22.5000   37.500010562.1230   21.7056
   -7.5000   30.0000   37.5000 9474.8477   21.4241
    0.0000   30.0000   37.5000 9863.7500   21.4451
    7.5000   30.0000   37.5000 9401.4062   21.4551
   -7.5000   37.5000   37.5000 8649.5166   21.3688
    0.0000   37.5000   37.5000 8997.0039   21.3770
    7.5000   37.5000   37.5000 8566.9863   21.3845
   -7.5000   45.0000   37.5000 7569.1987   20.7864
    0.0000   45.0000   37.5000 7856.3730   20.7878
    7.5000   45.0000   37.5000 7488.8643   20.8027
   -7.5000  -45.0000   45.0000 9841.3799   21.8332
    0.0000  -45.0000   45.000010328.0439   21.8382
    7.5000  -45.0000   45.0000 9857.4414   21.8551
   -7.5000  -37.5000   45.000010219.8828   21.8117
    0.0000  -37.5000   45.000010710.0615   21.8232
    7.5000  -37.5000   45.000010222.5781   21.8525
   -7.5000  -30.0000   45.000010869.4141   21.8618
    0.0000  -30.0000   45.000011327.8584   21.8841
    7.5000  -30.0000   45.000010848.9629   21.9213
   -7.5000  -22.5000   45.000011393.1094   21.9417
    0.0000  -22.5000   45.000011862.7998   21.9676
    7.5000  -22.5000   45.000011375.2803   21.9986
   -7.5000  -15.0000   45.000011901.7861   21.9723
    0.0000  -15.0000   45.000012388.1973   21.9938
    7.5000  -15.0000   45.000011877.1738   22.0106
   -7.5000   -7.5000   45.000012420.8926   21.9139
    0.0000   -7.5000   45.000012923.1650   21.9251
    7.5000   -7.5000   45.000012393.3330   21.9358
   -7.5000    0.0000   45.000012678.6211   21.8332
    0.0000    0.0000   45.000013158.6709   21.8382
    7.5000    0.0000   45.000012611.4072   21.8551
   -7.5000    7.5000   45.000011808.4580   21.8117
    0.0000    7.5000   45.000012262.1387   21.8232
    7.5000    7.5000   45.000011722.9375   21.8525
   -7.5000   15.0000   45.000010841.9590   21.8618
    0.0000   15.0000   45.000011271.8145   21.8841
    7.5000   15.0000   45.000010754.5488   21.9213
   -7.5000   22.5000   45.0000 9833.9453   21.9316
    0.0000   22.5000   45.000010241.3477   21.9575
    7.5000   22.5000   45.0000 9738.9336   21.9884
   -7.5000   30.0000   45.0000 8733.8506   21.6861
    0.0000   30.0000   45.0000 9107.4639   21.7072
    7.5000   30.0000   45.0000 8652.3877   21.7238
   -7.5000   37.5000   45.0000 7966.7246   21.6284
    0.0000   37.5000   45.0000 8291.3262   21.6394
    7.5000   37.5000   45.0000 7889.2129   21.6500
   -7.5000   45.0000   45.0000 6952.5220   21.0550
    0.0000   45.0000   45.0000 7233.4600   21.0597
    7.5000   45.0000   45.0000 6892.4951   21.0761

---------------------------------------------------------------------
imgreg_4dfp /opt/freesurfer/average/711-2C_as_mni_average_305 /opt/freesurfer/average/711-2B_as_mni_average_305_mask talsrcimg_g11 none talsrcimg_to_711-2C_as_mni_average_305_t4 4355
---------------------------------------------------------------------

freesurfer imgreg_4dfp.c
/opt/freesurfer/average/711-2C_as_mni_average_305.4dfp.img
       256       256       256         1
  1.000000  1.000000  1.000000
orientation T byte_order littleendian
Reading image: /opt/freesurfer/average/711-2C_as_mni_average_305.4dfp.img
dimensions:      256       256       256
mmppix:       1.0000   -1.0000   -1.0000
center:     128.0000 -129.0000 -129.0000
/opt/freesurfer/average/711-2B_as_mni_average_305_mask.4dfp.img
       256       256       256         1
  1.000000  1.000000  1.000000
orientation T byte_order littleendian
Reading mask: /opt/freesurfer/average/711-2B_as_mni_average_305_mask.4dfp.img (2306576 pixels)
talsrcimg_g11.4dfp.img
       256       256       256         1
  1.000000  1.000000  1.000000
orientation T byte_order littleendian
Reading image: talsrcimg_g11.4dfp.img
dimensions:      256       256       256
mmppix:       1.0000   -1.0000   -1.0000
center:     128.0000 -129.0000 -129.0000
rotation matrix determinant  1.000000
image alignment mode   4355 decimal     1103 hex
   -7.5000  -45.0000  -45.0000 2225.6692   18.7619
    0.0000  -45.0000  -45.0000 2235.9277   18.7799
    7.5000  -45.0000  -45.0000 2217.8691   18.9252
   -7.5000  -37.5000  -45.0000 2266.9365   17.9802
    0.0000  -37.5000  -45.0000 2276.2244   18.0052
    7.5000  -37.5000  -45.0000 2252.2358   18.1701
   -7.5000  -30.0000  -45.0000 2277.9119   17.5728
    0.0000  -30.0000  -45.0000 2292.1343   17.5762
    7.5000  -30.0000  -45.0000 2262.6990   17.7233
   -7.5000  -22.5000  -45.0000 2274.6050   17.5448
    0.0000  -22.5000  -45.0000 2284.8083   17.4560
    7.5000  -22.5000  -45.0000 2262.1660   17.6285
   -7.5000  -15.0000  -45.0000 2257.7498   17.7929
    0.0000  -15.0000  -45.0000 2271.4514   17.6893
    7.5000  -15.0000  -45.0000 2249.8574   17.8920
   -7.5000   -7.5000  -45.0000 2230.7583   18.4376
    0.0000   -7.5000  -45.0000 2246.2109   18.3514
    7.5000   -7.5000  -45.0000 2220.1538   18.5711
   -7.5000    0.0000  -45.0000 2188.6116   19.4831
    0.0000    0.0000  -45.0000 2201.7517   19.3854
    7.5000    0.0000  -45.0000 2172.3743   19.6185
   -7.5000    7.5000  -45.0000 2123.0334   21.0212
    0.0000    7.5000  -45.0000 2132.3269   20.8927
    7.5000    7.5000  -45.0000 2108.4419   21.1300
   -7.5000   15.0000  -45.0000 2033.2305   23.0250
    0.0000   15.0000  -45.0000 2045.4974   22.8963
    7.5000   15.0000  -45.0000 2021.6405   23.1493
   -7.5000   22.5000  -45.0000 1927.0604   25.6336
    0.0000   22.5000  -45.0000 1941.0861   25.4178
    7.5000   22.5000  -45.0000 1914.8997   25.8023
   -7.5000   30.0000  -45.0000 1810.1345   29.1423
    0.0000   30.0000  -45.0000 1819.1078   28.9096
    7.5000   30.0000  -45.0000 1799.3542   29.2444
   -7.5000   37.5000  -45.0000 1694.7626   33.7995
    0.0000   37.5000  -45.0000 1698.4375   33.4964
    7.5000   37.5000  -45.0000 1684.0338   33.8618
   -7.5000   45.0000  -45.0000 1560.2675   40.2979
    0.0000   45.0000  -45.0000 1565.4138   39.8438
    7.5000   45.0000  -45.0000 1556.7391   40.4010
   -7.5000  -45.0000  -37.5000 2325.7637   17.2972
    0.0000  -45.0000  -37.5000 2334.8662   17.3528
    7.5000  -45.0000  -37.5000 2316.1707   17.4842
   -7.5000  -37.5000  -37.5000 2372.4202   16.6018
    0.0000  -37.5000  -37.5000 2383.4280   16.6109
    7.5000  -37.5000  -37.5000 2354.4519   16.7347
   -7.5000  -30.0000  -37.5000 2383.3799   16.2657
    0.0000  -30.0000  -37.5000 2399.5759   16.2057
    7.5000  -30.0000  -37.5000 2367.9971   16.3774
   -7.5000  -22.5000  -37.5000 2383.2810   16.1938
    0.0000  -22.5000  -37.5000 2393.9973   16.1369
    7.5000  -22.5000  -37.5000 2370.9165   16.2709
   -7.5000  -15.0000  -37.5000 2361.3684   16.4237
    0.0000  -15.0000  -37.5000 2375.6587   16.3611
    7.5000  -15.0000  -37.5000 2352.0081   16.5089
   -7.5000   -7.5000  -37.5000 2331.5005   16.9888
    0.0000   -7.5000  -37.5000 2345.5947   16.9088
    7.5000   -7.5000  -37.5000 2317.7349   17.1077
   -7.5000    0.0000  -37.5000 2288.7693   17.9198
    0.0000    0.0000  -37.5000 2304.2451   17.8034
    7.5000    0.0000  -37.5000 2275.4023   18.0458
   -7.5000    7.5000  -37.5000 2218.5598   19.3047
    0.0000    7.5000  -37.5000 2232.5940   19.1953
    7.5000    7.5000  -37.5000 2205.4751   19.4184
   -7.5000   15.0000  -37.5000 2125.4893   21.1375
    0.0000   15.0000  -37.5000 2140.3120   21.0196
    7.5000   15.0000  -37.5000 2114.3406   21.2923
   -7.5000   22.5000  -37.5000 2014.4158   23.5557
    0.0000   22.5000  -37.5000 2028.0527   23.4329
    7.5000   22.5000  -37.5000 2001.3763   23.6878
   -7.5000   30.0000  -37.5000 1887.9711   26.6800
    0.0000   30.0000  -37.5000 1899.8140   26.5267
    7.5000   30.0000  -37.5000 1878.0509   26.7561
   -7.5000   37.5000  -37.5000 1758.2914   30.8739
    0.0000   37.5000  -37.5000 1770.1569   30.6554
    7.5000   37.5000  -37.5000 1753.6544   30.9578
   -7.5000   45.0000  -37.5000 1622.4658   36.5099
    0.0000   45.0000  -37.5000 1628.3105   36.2659
    7.5000   45.0000  -37.5000 1616.9187   36.6485
   -7.5000  -45.0000  -30.0000 2459.9209   16.5708
    0.0000  -45.0000  -30.0000 2474.2969   16.5759
    7.5000  -45.0000  -30.0000 2450.4175   16.7062
   -7.5000  -37.5000  -30.0000 2514.4189   15.8468
    0.0000  -37.5000  -30.0000 2525.9692   15.8184
    7.5000  -37.5000  -30.0000 2499.4890   15.9743
   -7.5000  -30.0000  -30.0000 2534.4395   15.5331
    0.0000  -30.0000  -30.0000 2548.6313   15.4567
    7.5000  -30.0000  -30.0000 2523.0686   15.6040
   -7.5000  -22.5000  -30.0000 2536.1548   15.4509
    0.0000  -22.5000  -30.0000 2551.0701   15.3654
    7.5000  -22.5000  -30.0000 2522.4368   15.5187
   -7.5000  -15.0000  -30.0000 2514.3088   15.6468
    0.0000  -15.0000  -30.0000 2529.1692   15.5775
    7.5000  -15.0000  -30.0000 2503.4441   15.7559
   -7.5000   -7.5000  -30.0000 2481.3501   16.1860
    0.0000   -7.5000  -30.0000 2494.0417   16.0732
    7.5000   -7.5000  -30.0000 2465.5798   16.2934
   -7.5000    0.0000  -30.0000 2429.5798   17.0816
    0.0000    0.0000  -30.0000 2446.2937   16.9517
    7.5000    0.0000  -30.0000 2417.6304   17.1634
   -7.5000    7.5000  -30.0000 2358.8093   18.3591
    0.0000    7.5000  -30.0000 2372.8059   18.2496
    7.5000    7.5000  -30.0000 2345.0818   18.4706
   -7.5000   15.0000  -30.0000 2259.2439   20.1049
    0.0000   15.0000  -30.0000 2276.7776   19.9721
    7.5000   15.0000  -30.0000 2244.8420   20.2591
   -7.5000   22.5000  -30.0000 2136.6975   22.4336
    0.0000   22.5000  -30.0000 2152.8916   22.2691
    7.5000   22.5000  -30.0000 2125.4226   22.5293
   -7.5000   30.0000  -30.0000 1999.6238   25.3799
    0.0000   30.0000  -30.0000 2018.6868   25.2169
    7.5000   30.0000  -30.0000 1992.0430   25.4539
   -7.5000   37.5000  -30.0000 1860.4509   29.2380
    0.0000   37.5000  -30.0000 1879.0050   29.0212
    7.5000   37.5000  -30.0000 1858.5043   29.4085
   -7.5000   45.0000  -30.0000 1711.7451   34.4200
    0.0000   45.0000  -30.0000 1719.2156   34.1848
    7.5000   45.0000  -30.0000 1708.1578   34.5819
   -7.5000  -45.0000  -22.5000 2557.5247   15.7712
    0.0000  -45.0000  -22.5000 2577.3601   15.7152
    7.5000  -45.0000  -22.5000 2552.7637   15.8924
   -7.5000  -37.5000  -22.5000 2615.6843   15.0019
    0.0000  -37.5000  -22.5000 2632.7920   14.9465
    7.5000  -37.5000  -22.5000 2611.8264   15.1169
   -7.5000  -30.0000  -22.5000 2654.3469   14.6372
    0.0000  -30.0000  -22.5000 2672.8306   14.5635
    7.5000  -30.0000  -22.5000 2646.9858   14.7108
   -7.5000  -22.5000  -22.5000 2668.8335   14.5552
    0.0000  -22.5000  -22.5000 2685.7197   14.4621
    7.5000  -22.5000  -22.5000 2655.0454   14.6027
   -7.5000  -15.0000  -22.5000 2650.0701   14.7375
    0.0000  -15.0000  -22.5000 2667.9072   14.6623
    7.5000  -15.0000  -22.5000 2640.4285   14.8522
   -7.5000   -7.5000  -22.5000 2615.3635   15.2758
    0.0000   -7.5000  -22.5000 2633.8564   15.1571
    7.5000   -7.5000  -22.5000 2598.8352   15.3672
   -7.5000    0.0000  -22.5000 2554.9961   16.1498
    0.0000    0.0000  -22.5000 2578.7229   15.9955
    7.5000    0.0000  -22.5000 2542.0984   16.2264
   -7.5000    7.5000  -22.5000 2469.9038   17.3373
    0.0000    7.5000  -22.5000 2491.0645   17.1806
    7.5000    7.5000  -22.5000 2461.0654   17.4130
   -7.5000   15.0000  -22.5000 2363.4314   18.9823
    0.0000   15.0000  -22.5000 2382.6570   18.8065
    7.5000   15.0000  -22.5000 2356.3533   19.0787
   -7.5000   22.5000  -22.5000 2237.9944   21.1588
    0.0000   22.5000  -22.5000 2255.8037   20.9547
    7.5000   22.5000  -22.5000 2231.8225   21.2288
   -7.5000   30.0000  -22.5000 2089.8896   23.9220
    0.0000   30.0000  -22.5000 2110.8921   23.7409
    7.5000   30.0000  -22.5000 2084.8203   24.0010
   -7.5000   37.5000  -22.5000 1935.1619   27.4819
    0.0000   37.5000  -22.5000 1953.9529   27.3372
    7.5000   37.5000  -22.5000 1932.3833   27.5982
   -7.5000   45.0000  -22.5000 1783.2939   32.2164
    0.0000   45.0000  -22.5000 1796.3413   32.0935
    7.5000   45.0000  -22.5000 1780.6425   32.3634
   -7.5000  -45.0000  -15.0000 2626.1045   15.0175
    0.0000  -45.0000  -15.0000 2650.0232   14.9255
    7.5000  -45.0000  -15.0000 2626.8757   15.1333
   -7.5000  -37.5000  -15.0000 2695.8667   14.2407
    0.0000  -37.5000  -15.0000 2718.2910   14.1523
    7.5000  -37.5000  -15.0000 2697.6453   14.3708
   -7.5000  -30.0000  -15.0000 2744.7878   13.7752
    0.0000  -30.0000  -15.0000 2766.5229   13.7121
    7.5000  -30.0000  -15.0000 2735.2190   13.8792
   -7.5000  -22.5000  -15.0000 2770.3171   13.6722
    0.0000  -22.5000  -15.0000 2792.6357   13.6106
    7.5000  -22.5000  -15.0000 2754.5190   13.7603
   -7.5000  -15.0000  -15.0000 2760.2905   13.8988
    0.0000  -15.0000  -15.0000 2781.7576   13.8194
    7.5000  -15.0000  -15.0000 2746.3752   13.9975
   -7.5000   -7.5000  -15.0000 2720.7656   14.4132
    0.0000   -7.5000  -15.0000 2745.7659   14.3074
    7.5000   -7.5000  -15.0000 2707.5256   14.4881
   -7.5000    0.0000  -15.0000 2652.4004   15.2123
    0.0000    0.0000  -15.0000 2676.9297   15.0849
    7.5000    0.0000  -15.0000 2635.0383   15.2890
   -7.5000    7.5000  -15.0000 2560.6685   16.3512
    0.0000    7.5000  -15.0000 2579.8032   16.2147
    7.5000    7.5000  -15.0000 2550.2761   16.4476
   -7.5000   15.0000  -15.0000 2443.8818   17.9303
    0.0000   15.0000  -15.0000 2456.8916   17.7956
    7.5000   15.0000  -15.0000 2437.3179   18.0130
   -7.5000   22.5000  -15.0000 2307.9185   20.0433
    0.0000   22.5000  -15.0000 2325.6802   19.8758
    7.5000   22.5000  -15.0000 2301.2432   20.1102
   -7.5000   30.0000  -15.0000 2153.8906   22.6589
    0.0000   30.0000  -15.0000 2172.5825   22.4807
    7.5000   30.0000  -15.0000 2141.0132   22.7472
   -7.5000   37.5000  -15.0000 1990.5841   26.0054
    0.0000   37.5000  -15.0000 2010.2092   25.8345
    7.5000   37.5000  -15.0000 1985.4733   26.1068
   -7.5000   45.0000  -15.0000 1831.0006   30.3930
    0.0000   45.0000  -15.0000 1842.2871   30.2149
    7.5000   45.0000  -15.0000 1827.5292   30.5383
   -7.5000  -45.0000   -7.5000 2678.2678   14.3842
    0.0000  -45.0000   -7.5000 2699.8335   14.2827
    7.5000  -45.0000   -7.5000 2677.8369   14.5074
   -7.5000  -37.5000   -7.5000 2765.7803   13.5919
    0.0000  -37.5000   -7.5000 2788.8330   13.5237
    7.5000  -37.5000   -7.5000 2762.6777   13.7258
   -7.5000  -30.0000   -7.5000 2824.7627   13.0956
    0.0000  -30.0000   -7.5000 2846.5852   13.0386
    7.5000  -30.0000   -7.5000 2814.1267   13.2189
   -7.5000  -22.5000   -7.5000 2860.3845   12.9351
    0.0000  -22.5000   -7.5000 2887.4719   12.8639
    7.5000  -22.5000   -7.5000 2841.2063   13.0661
   -7.5000  -15.0000   -7.5000 2850.3411   13.1616
    0.0000  -15.0000   -7.5000 2874.4692   13.0638
    7.5000  -15.0000   -7.5000 2830.5183   13.2811
   -7.5000   -7.5000   -7.5000 2801.1709   13.6366
    0.0000   -7.5000   -7.5000 2827.0479   13.5342
    7.5000   -7.5000   -7.5000 2787.8870   13.7301
   -7.5000    0.0000   -7.5000 2722.3816   14.3783
    0.0000    0.0000   -7.5000 2745.2993   14.2705
    7.5000    0.0000   -7.5000 2709.1897   14.5040
   -7.5000    7.5000   -7.5000 2623.3662   15.5050
    0.0000    7.5000   -7.5000 2642.3103   15.3888
    7.5000    7.5000   -7.5000 2609.6848   15.6565
   -7.5000   15.0000   -7.5000 2497.6665   17.0540
    0.0000   15.0000   -7.5000 2514.8789   16.9367
    7.5000   15.0000   -7.5000 2485.0305   17.2186
   -7.5000   22.5000   -7.5000 2358.7092   19.1141
    0.0000   22.5000   -7.5000 2377.1189   18.9595
    7.5000   22.5000   -7.5000 2343.0581   19.2397
   -7.5000   30.0000   -7.5000 2198.5056   21.6399
    0.0000   30.0000   -7.5000 2213.2227   21.4663
    7.5000   30.0000   -7.5000 2183.8503   21.7737
   -7.5000   37.5000   -7.5000 2029.2087   24.8370
    0.0000   37.5000   -7.5000 2048.2434   24.6388
    7.5000   37.5000   -7.5000 2019.1748   24.9480
   -7.5000   45.0000   -7.5000 1865.7499   29.0141
    0.0000   45.0000   -7.5000 1874.7039   28.8298
    7.5000   45.0000   -7.5000 1852.3407   29.2259
   -7.5000  -45.0000    0.0000 2704.7451   13.9807
    0.0000  -45.0000    0.0000 2728.8889   13.8495
    7.5000  -45.0000    0.0000 2705.8276   14.0810
   -7.5000  -37.5000    0.0000 2807.4639   13.2425
    0.0000  -37.5000    0.0000 2833.9700   13.1152
    7.5000  -37.5000    0.0000 2806.1780   13.2883
   -7.5000  -30.0000    0.0000 2886.2600   12.7296
    0.0000  -30.0000    0.0000 2913.6484   12.6402
    7.5000  -30.0000    0.0000 2870.7417   12.8230
   -7.5000  -22.5000    0.0000 2924.8083   12.5123
    0.0000  -22.5000    0.0000 2963.1587   12.4179
    7.5000  -22.5000    0.0000 2903.5190   12.6542
   -7.5000  -15.0000    0.0000 2915.3176   12.6605
    0.0000  -15.0000    0.0000 2949.0625   12.5722
    7.5000  -15.0000    0.0000 2887.9792   12.8098
   -7.5000   -7.5000    0.0000 2859.8533   13.0631
    0.0000   -7.5000    0.0000 2884.8062   12.9718
    7.5000   -7.5000    0.0000 2841.7195   13.2218
   -7.5000    0.0000    0.0000 2775.5581   13.7918
    0.0000    0.0000    0.0000 2796.3438   13.6791
    7.5000    0.0000    0.0000 2757.6970   13.9433
   -7.5000    7.5000    0.0000 2665.8743   14.9587
    0.0000    7.5000    0.0000 2684.4333   14.8358
    7.5000    7.5000    0.0000 2649.4788   15.1136
   -7.5000   15.0000    0.0000 2533.3499   16.5538
    0.0000   15.0000    0.0000 2551.8357   16.4114
    7.5000   15.0000    0.0000 2515.2581   16.6982
   -7.5000   22.5000    0.0000 2391.4443   18.5896
    0.0000   22.5000    0.0000 2409.1033   18.4196
    7.5000   22.5000    0.0000 2374.4937   18.7134
   -7.5000   30.0000    0.0000 2228.4370   21.0607
    0.0000   30.0000    0.0000 2242.2434   20.9119
    7.5000   30.0000    0.0000 2212.4924   21.2133
   -7.5000   37.5000    0.0000 2057.6365   24.1819
    0.0000   37.5000    0.0000 2072.8218   23.9705
    7.5000   37.5000    0.0000 2046.2317   24.2846
   -7.5000   45.0000    0.0000 1881.9259   28.1518
    0.0000   45.0000    0.0000 1894.1710   27.8715
    7.5000   45.0000    0.0000 1873.0057   28.3399
   -7.5000  -45.0000    7.5000 2718.6318   13.7411
    0.0000  -45.0000    7.5000 2742.4963   13.5774
    7.5000  -45.0000    7.5000 2715.8684   13.8466
   -7.5000  -37.5000    7.5000 2831.4287   13.0234
    0.0000  -37.5000    7.5000 2857.8354   12.8566
    7.5000  -37.5000    7.5000 2828.3167   13.0801
   -7.5000  -30.0000    7.5000 2921.0417   12.6433
    0.0000  -30.0000    7.5000 2955.6780   12.4986
    7.5000  -30.0000    7.5000 2911.5769   12.6555
   -7.5000  -22.5000    7.5000 2979.1946   12.4525
    0.0000  -22.5000    7.5000 3025.3152   12.3722
    7.5000  -22.5000    7.5000 2955.1372   12.5019
   -7.5000  -15.0000    7.5000 2969.4880   12.4366
    0.0000  -15.0000    7.5000 3011.6497   12.3802
    7.5000  -15.0000    7.5000 2937.6333   12.5876
   -7.5000   -7.5000    7.5000 2899.6235   12.7750
    0.0000   -7.5000    7.5000 2926.6946   12.6919
    7.5000   -7.5000    7.5000 2875.3987   12.9225
   -7.5000    0.0000    7.5000 2799.1304   13.4993
    0.0000    0.0000    7.5000 2822.6992   13.3867
    7.5000    0.0000    7.5000 2785.9438   13.6100
   -7.5000    7.5000    7.5000 2681.2019   14.6584
    0.0000    7.5000    7.5000 2706.2310   14.5335
    7.5000    7.5000    7.5000 2670.6868   14.7686
   -7.5000   15.0000    7.5000 2548.5259   16.2506
    0.0000   15.0000    7.5000 2570.5833   16.1172
    7.5000   15.0000    7.5000 2537.1492   16.3578
   -7.5000   22.5000    7.5000 2400.0110   18.2276
    0.0000   22.5000    7.5000 2419.9180   18.1285
    7.5000   22.5000    7.5000 2385.4119   18.3570
   -7.5000   30.0000    7.5000 2242.1323   20.6667
    0.0000   30.0000    7.5000 2252.6370   20.5644
    7.5000   30.0000    7.5000 2225.3923   20.8111
   -7.5000   37.5000    7.5000 2069.4128   23.7321
    0.0000   37.5000    7.5000 2079.1858   23.5546
    7.5000   37.5000    7.5000 2061.8826   23.8247
   -7.5000   45.0000    7.5000 1891.5750   27.6229
    0.0000   45.0000    7.5000 1903.0123   27.4370
    7.5000   45.0000    7.5000 1891.3037   27.7790
   -7.5000  -45.0000   15.0000 2709.4294   13.7525
    0.0000  -45.0000   15.0000 2731.2615   13.5981
    7.5000  -45.0000   15.0000 2704.2405   13.8438
   -7.5000  -37.5000   15.0000 2826.6370   13.0415
    0.0000  -37.5000   15.0000 2849.4133   12.9140
    7.5000  -37.5000   15.0000 2820.1909   13.0861
   -7.5000  -30.0000   15.0000 2925.2517   12.6330
    0.0000  -30.0000   15.0000 2961.8022   12.5580
    7.5000  -30.0000   15.0000 2914.2659   12.6152
   -7.5000  -22.5000   15.0000 2985.3438   12.4201
    0.0000  -22.5000   15.0000 3038.6265   12.4042
    7.5000  -22.5000   15.0000 2963.4800   12.4922
   -7.5000  -15.0000   15.0000 2971.1445   12.5030
    0.0000  -15.0000   15.0000 3019.7473   12.4577
    7.5000  -15.0000   15.0000 2942.3281   12.6113
   -7.5000   -7.5000   15.0000 2898.5947   12.8265
    0.0000   -7.5000   15.0000 2931.8291   12.7618
    7.5000   -7.5000   15.0000 2878.3086   12.9359
   -7.5000    0.0000   15.0000 2794.2756   13.4846
    0.0000    0.0000   15.0000 2819.0012   13.4094
    7.5000    0.0000   15.0000 2784.8235   13.6032
   -7.5000    7.5000   15.0000 2674.6577   14.5555
    0.0000    7.5000   15.0000 2697.2363   14.4606
    7.5000    7.5000   15.0000 2670.2112   14.6687
   -7.5000   15.0000   15.0000 2544.7207   16.0763
    0.0000   15.0000   15.0000 2564.1870   15.9548
    7.5000   15.0000   15.0000 2538.0386   16.1776
   -7.5000   22.5000   15.0000 2395.2910   18.0341
    0.0000   22.5000   15.0000 2410.0974   17.9235
    7.5000   22.5000   15.0000 2386.8567   18.1734
   -7.5000   30.0000   15.0000 2232.7534   20.5057
    0.0000   30.0000   15.0000 2245.8765   20.3772
    7.5000   30.0000   15.0000 2221.5654   20.6315
   -7.5000   37.5000   15.0000 2059.9768   23.5335
    0.0000   37.5000   15.0000 2071.0056   23.4033
    7.5000   37.5000   15.0000 2053.6489   23.6970
   -7.5000   45.0000   15.0000 1883.7567   27.3450
    0.0000   45.0000   15.0000 1899.3232   27.2774
    7.5000   45.0000   15.0000 1884.7407   27.5412
   -7.5000  -45.0000   22.5000 2691.0510   14.0281
    0.0000  -45.0000   22.5000 2710.0713   13.9081
    7.5000  -45.0000   22.5000 2682.2747   14.1365
   -7.5000  -37.5000   22.5000 2803.8396   13.2806
    0.0000  -37.5000   22.5000 2827.4597   13.1833
    7.5000  -37.5000   22.5000 2795.1055   13.3328
   -7.5000  -30.0000   22.5000 2893.3625   12.7664
    0.0000  -30.0000   22.5000 2930.5146   12.6911
    7.5000  -30.0000   22.5000 2889.6157   12.8508
   -7.5000  -22.5000   22.5000 2946.9136   12.5646
    0.0000  -22.5000   22.5000 2987.4006   12.4395
    7.5000  -22.5000   22.5000 2935.0815   12.6766
   -7.5000  -15.0000   22.5000 2933.9429   12.6961
    0.0000  -15.0000   22.5000 2968.6086   12.5617
    7.5000  -15.0000   22.5000 2914.5303   12.8064
   -7.5000   -7.5000   22.5000 2867.5830   13.1307
    0.0000   -7.5000   22.5000 2899.5823   13.0236
    7.5000   -7.5000   22.5000 2851.9333   13.2272
   -7.5000    0.0000   22.5000 2758.6650   13.8449
    0.0000    0.0000   22.5000 2785.0522   13.7461
    7.5000    0.0000   22.5000 2754.6921   13.9431
   -7.5000    7.5000   22.5000 2642.9729   14.8695
    0.0000    7.5000   22.5000 2663.6838   14.7740
    7.5000    7.5000   22.5000 2640.4719   14.9734
   -7.5000   15.0000   22.5000 2519.9595   16.2933
    0.0000   15.0000   22.5000 2538.0461   16.1842
    7.5000   15.0000   22.5000 2511.6733   16.3746
   -7.5000   22.5000   22.5000 2370.1575   18.1217
    0.0000   22.5000   22.5000 2388.4917   18.0230
    7.5000   22.5000   22.5000 2367.5200   18.2295
   -7.5000   30.0000   22.5000 2203.6326   20.5043
    0.0000   30.0000   22.5000 2221.0559   20.4022
    7.5000   30.0000   22.5000 2204.0479   20.6330
   -7.5000   37.5000   22.5000 2035.3630   23.5077
    0.0000   37.5000   22.5000 2051.8657   23.3657
    7.5000   37.5000   22.5000 2036.8381   23.7069
   -7.5000   45.0000   22.5000 1870.2638   27.3861
    0.0000   45.0000   22.5000 1882.0281   27.2245
    7.5000   45.0000   22.5000 1867.2590   27.6727
   -7.5000  -45.0000   30.0000 2660.8911   14.5320
    0.0000  -45.0000   30.0000 2683.2095   14.3393
    7.5000  -45.0000   30.0000 2651.8149   14.6374
   -7.5000  -37.5000   30.0000 2768.2920   13.7179
    0.0000  -37.5000   30.0000 2794.2847   13.5620
    7.5000  -37.5000   30.0000 2760.3250   13.8179
   -7.5000  -30.0000   30.0000 2843.0718   13.1850
    0.0000  -30.0000   30.0000 2872.2368   13.0498
    7.5000  -30.0000   30.0000 2831.6152   13.3103
   -7.5000  -22.5000   30.0000 2879.2063   12.9850
    0.0000  -22.5000   30.0000 2909.5752   12.8087
    7.5000  -22.5000   30.0000 2872.7576   13.0978
   -7.5000  -15.0000   30.0000 2860.8010   13.1445
    0.0000  -15.0000   30.0000 2888.9094   12.9811
    7.5000  -15.0000   30.0000 2854.9192   13.2210
   -7.5000   -7.5000   30.0000 2804.3064   13.6008
    0.0000   -7.5000   30.0000 2831.9507   13.4483
    7.5000   -7.5000   30.0000 2793.3831   13.6683
   -7.5000    0.0000   30.0000 2708.8572   14.3399
    0.0000    0.0000   30.0000 2730.9697   14.1827
    7.5000    0.0000   30.0000 2704.1614   14.4130
   -7.5000    7.5000   30.0000 2596.6692   15.3762
    0.0000    7.5000   30.0000 2614.5720   15.2274
    7.5000    7.5000   30.0000 2592.2341   15.4651
   -7.5000   15.0000   30.0000 2471.4116   16.7493
    0.0000   15.0000   30.0000 2492.0613   16.6329
    7.5000   15.0000   30.0000 2467.9661   16.8673
   -7.5000   22.5000   30.0000 2327.7234   18.5742
    0.0000   22.5000   30.0000 2344.4353   18.4333
    7.5000   22.5000   30.0000 2327.6965   18.6476
   -7.5000   30.0000   30.0000 2165.6331   20.9131
    0.0000   30.0000   30.0000 2174.3696   20.7688
    7.5000   30.0000   30.0000 2165.1484   21.0014
   -7.5000   37.5000   30.0000 1999.3506   23.9149
    0.0000   37.5000   30.0000 2014.8207   23.7496
    7.5000   37.5000   30.0000 1998.4026   24.0330
   -7.5000   45.0000   30.0000 1845.4802   27.8052
    0.0000   45.0000   30.0000 1855.8451   27.5753
    7.5000   45.0000   30.0000 1844.0150   27.9550
   -7.5000  -45.0000   37.5000 2619.6213   15.2233
    0.0000  -45.0000   37.5000 2642.5168   15.0290
    7.5000  -45.0000   37.5000 2611.7527   15.3576
   -7.5000  -37.5000   37.5000 2720.2314   14.3785
    0.0000  -37.5000   37.5000 2748.2576   14.1966
    7.5000  -37.5000   37.5000 2711.5396   14.5181
   -7.5000  -30.0000   37.5000 2778.8813   13.8711
    0.0000  -30.0000   37.5000 2808.9526   13.6720
    7.5000  -30.0000   37.5000 2768.1235   14.0018
   -7.5000  -22.5000   37.5000 2801.7976   13.6733
    0.0000  -22.5000   37.5000 2826.3733   13.4898
    7.5000  -22.5000   37.5000 2795.5632   13.7726
   -7.5000  -15.0000   37.5000 2775.1482   13.8024
    0.0000  -15.0000   37.5000 2799.7720   13.6455
    7.5000  -15.0000   37.5000 2776.7327   13.8691
   -7.5000   -7.5000   37.5000 2719.0400   14.2780
    0.0000   -7.5000   37.5000 2742.4019   14.1039
    7.5000   -7.5000   37.5000 2715.0537   14.3068
   -7.5000    0.0000   37.5000 2635.2861   15.0361
    0.0000    0.0000   37.5000 2653.0178   14.8437
    7.5000    0.0000   37.5000 2630.9995   15.0985
   -7.5000    7.5000   37.5000 2536.5049   16.0763
    0.0000    7.5000   37.5000 2549.9028   15.8995
    7.5000    7.5000   37.5000 2530.9009   16.1282
   -7.5000   15.0000   37.5000 2413.1646   17.4425
    0.0000   15.0000   37.5000 2432.4058   17.3198
    7.5000   15.0000   37.5000 2413.0273   17.5343
   -7.5000   22.5000   37.5000 2270.1687   19.2896
    0.0000   22.5000   37.5000 2284.6980   19.1497
    7.5000   22.5000   37.5000 2273.9629   19.3305
   -7.5000   30.0000   37.5000 2109.4263   21.6227
    0.0000   30.0000   37.5000 2120.3835   21.4906
    7.5000   30.0000   37.5000 2112.2305   21.6897
   -7.5000   37.5000   37.5000 1956.8781   24.6069
    0.0000   37.5000   37.5000 1970.3342   24.4203
    7.5000   37.5000   37.5000 1955.5491   24.6859
   -7.5000   45.0000   37.5000 1811.1973   28.5024
    0.0000   45.0000   37.5000 1820.4584   28.3106
    7.5000   45.0000   37.5000 1807.3063   28.6010
   -7.5000  -45.0000   45.0000 2559.2073   16.1322
    0.0000  -45.0000   45.0000 2583.7461   15.9555
    7.5000  -45.0000   45.0000 2552.9780   16.2957
   -7.5000  -37.5000   45.0000 2648.9980   15.2623
    0.0000  -37.5000   45.0000 2675.2654   15.0739
    7.5000  -37.5000   45.0000 2639.0200   15.4128
   -7.5000  -30.0000   45.0000 2700.7119   14.7702
    0.0000  -30.0000   45.0000 2726.8987   14.5547
    7.5000  -30.0000   45.0000 2686.7991   14.9017
   -7.5000  -22.5000   45.0000 2713.0044   14.5671
    0.0000  -22.5000   45.0000 2733.6394   14.3673
    7.5000  -22.5000   45.0000 2703.3364   14.6743
   -7.5000  -15.0000   45.0000 2686.0095   14.6960
    0.0000  -15.0000   45.0000 2708.8201   14.5331
    7.5000  -15.0000   45.0000 2683.5583   14.7707
   -7.5000   -7.5000   45.0000 2626.6680   15.1610
    0.0000   -7.5000   45.0000 2650.0161   14.9937
    7.5000   -7.5000   45.0000 2629.8972   15.2115
   -7.5000    0.0000   45.0000 2549.1340   15.9142
    0.0000    0.0000   45.0000 2563.4463   15.7293
    7.5000    0.0000   45.0000 2547.8408   15.9641
   -7.5000    7.5000   45.0000 2457.8320   16.9109
    0.0000    7.5000   45.0000 2468.5266   16.7848
    7.5000    7.5000   45.0000 2454.5820   17.0023
   -7.5000   15.0000   45.0000 2342.9670   18.2998
    0.0000   15.0000   45.0000 2355.7319   18.1648
    7.5000   15.0000   45.0000 2338.0701   18.4001
   -7.5000   22.5000   45.0000 2203.4272   20.2318
    0.0000   22.5000   45.0000 2221.5217   20.0935
    7.5000   22.5000   45.0000 2201.7305   20.2768
   -7.5000   30.0000   45.0000 2047.4905   22.6333
    0.0000   30.0000   45.0000 2062.4858   22.4844
    7.5000   30.0000   45.0000 2046.7262   22.6479
   -7.5000   37.5000   45.0000 1905.4296   25.5994
    0.0000   37.5000   45.0000 1913.6516   25.4298
    7.5000   37.5000   45.0000 1903.6747   25.6699
   -7.5000   45.0000   45.0000 1762.2324   29.6073
    0.0000   45.0000   45.0000 1769.9576   29.3621
    7.5000   45.0000   45.0000 1758.3837   29.6740

---------------------------------------------------------------------
imgreg_4dfp /opt/freesurfer/average/711-2C_as_mni_average_305 /opt/freesurfer/average/711-2B_as_mni_average_305_mask talsrcimg_g11 none talsrcimg_to_711-2C_as_mni_average_305_t4 1283
---------------------------------------------------------------------

freesurfer imgreg_4dfp.c
/opt/freesurfer/average/711-2C_as_mni_average_305.4dfp.img
       256       256       256         1
  1.000000  1.000000  1.000000
orientation T byte_order littleendian
Reading image: /opt/freesurfer/average/711-2C_as_mni_average_305.4dfp.img
dimensions:      256       256       256
mmppix:       1.0000   -1.0000   -1.0000
center:     128.0000 -129.0000 -129.0000
/opt/freesurfer/average/711-2B_as_mni_average_305_mask.4dfp.img
       256       256       256         1
  1.000000  1.000000  1.000000
orientation T byte_order littleendian
Reading mask: /opt/freesurfer/average/711-2B_as_mni_average_305_mask.4dfp.img (2306576 pixels)
talsrcimg_g11.4dfp.img
       256       256       256         1
  1.000000  1.000000  1.000000
orientation T byte_order littleendian
Reading image: talsrcimg_g11.4dfp.img
dimensions:      256       256       256
mmppix:       1.0000   -1.0000   -1.0000
center:     128.0000 -129.0000 -129.0000
rotation matrix determinant  1.000000
fimgreg.f
image alignment mode   1283 decimal      503 hex
parameters
    0.0000  -22.5000   15.0000    0.0000    0.0000    0.0000
eta,q 0.95182 12.41995
niter,ni,del,rscale     5    3   12.0000    1.2000
parameter  2 -0.543524 -> -0.500000 qaram    1.1500
parameter  3  0.635142 ->  0.500000 qaram    1.1500
parameters
   -0.7083  -19.0500   11.5500   -2.6770    0.6074   -0.9590
eta,q 0.96057 12.29181
  0.0606  0.0660  0.0443  0.0419  0.0496  0.0443
  0.0537  0.0587  0.0418  0.0403  0.0451  0.0410
  0.0490  0.0519  0.0429  0.0405  0.0420  0.0393
  0.0486  0.0481  0.0456  0.0415  0.0403  0.0401
  0.0519  0.0458  0.0488  0.0429  0.0401  0.0420
  0.0586  0.0455  0.0530  0.0458  0.0424  0.0440
  0.0677  0.0474  0.0582  0.0495  0.0470  0.0469
niter,ni,del,rscale     6    3   12.0000    1.2000
parameters
   -1.1722  -17.9439   11.5927   -3.2448    0.9665   -1.0267
eta,q 0.96136 12.30091
  0.0575  0.0596  0.0539  0.0446  0.0489  0.0458
  0.0481  0.0528  0.0466  0.0409  0.0442  0.0416
  0.0413  0.0444  0.0407  0.0386  0.0407  0.0390
  0.0394  0.0393  0.0391  0.0391  0.0388  0.0387
  0.0439  0.0402  0.0422  0.0404  0.0393  0.0404
  0.0532  0.0442  0.0470  0.0428  0.0423  0.0425
  0.0630  0.0514  0.0526  0.0466  0.0472  0.0451
niter,ni,del,rscale     5    3   12.0000    1.2000
parameters
   -1.2897  -17.6294   11.5292   -3.4263    1.0365   -0.9945
eta,q 0.96130 12.30010
  0.0595  0.0575  0.0534  0.0453  0.0483  0.0461
  0.0496  0.0496  0.0459  0.0416  0.0436  0.0418
  0.0417  0.0414  0.0402  0.0388  0.0402  0.0391
  0.0386  0.0387  0.0388  0.0388  0.0387  0.0387
  0.0419  0.0416  0.0419  0.0401  0.0397  0.0403
  0.0509  0.0469  0.0471  0.0421  0.0430  0.0424
  0.0611  0.0545  0.0528  0.0459  0.0481  0.0451
niter,ni,del,rscale     4    3   12.0000    1.2000
parameters
   -1.3125  -17.5274   11.5019   -3.4907    1.0463   -0.9737
eta,q 0.96125 12.29945
  0.0602  0.0568  0.0535  0.0455  0.0482  0.0461
  0.0501  0.0487  0.0460  0.0418  0.0435  0.0418
  0.0421  0.0406  0.0403  0.0390  0.0402  0.0391
  0.0387  0.0387  0.0388  0.0388  0.0387  0.0387
  0.0415  0.0421  0.0418  0.0401  0.0399  0.0404
  0.0504  0.0477  0.0469  0.0419  0.0432  0.0425
  0.0607  0.0554  0.0527  0.0456  0.0484  0.0451
niter,ni,del,rscale     3    3   12.0000    1.2000
parameters
   -1.3147  -17.4931   11.4918   -3.5138    1.0451   -0.9651
eta,q 0.96123 12.29933
  0.0604  0.0566  0.0536  0.0456  0.0482  0.0461
  0.0503  0.0484  0.0460  0.0419  0.0434  0.0418
  0.0422  0.0404  0.0403  0.0390  0.0402  0.0391
  0.0388  0.0388  0.0388  0.0388  0.0388  0.0388
  0.0415  0.0423  0.0418  0.0401  0.0399  0.0404
  0.0502  0.0480  0.0469  0.0418  0.0433  0.0425
  0.0607  0.0557  0.0526  0.0455  0.0484  0.0452
registration optimization eta report
parameter search radius
    6.0000    6.9000    6.9000    6.0000    6.0000    6.0000
100000*second partial in parameter space
       59.       36.       29.       19.       26.       19.
  0.0604  0.0566  0.0536  0.0456  0.0482  0.0461
  0.0503  0.0484  0.0460  0.0419  0.0434  0.0418
  0.0422  0.0404  0.0403  0.0390  0.0402  0.0391
  0.0388  0.0388  0.0388  0.0388  0.0388  0.0388
  0.0415  0.0423  0.0418  0.0401  0.0399  0.0404
  0.0502  0.0480  0.0469  0.0418  0.0433  0.0425
  0.0607  0.0557  0.0526  0.0455  0.0484  0.0452
   -1.3147  -17.4931   11.4918   -3.5138    1.0451   -0.9651
eta,q 0.96123 12.29933

---------------------------------------------------------------------
imgreg_4dfp /opt/freesurfer/average/711-2C_as_mni_average_305 /opt/freesurfer/average/711-2B_as_mni_average_305_mask talsrcimg_g11 none talsrcimg_to_711-2C_as_mni_average_305_t4 3335
---------------------------------------------------------------------

freesurfer imgreg_4dfp.c
/opt/freesurfer/average/711-2C_as_mni_average_305.4dfp.img
       256       256       256         1
  1.000000  1.000000  1.000000
orientation T byte_order littleendian
Reading image: /opt/freesurfer/average/711-2C_as_mni_average_305.4dfp.img
dimensions:      256       256       256
mmppix:       1.0000   -1.0000   -1.0000
center:     128.0000 -129.0000 -129.0000
/opt/freesurfer/average/711-2B_as_mni_average_305_mask.4dfp.img
       256       256       256         1
  1.000000  1.000000  1.000000
orientation T byte_order littleendian
Reading mask: /opt/freesurfer/average/711-2B_as_mni_average_305_mask.4dfp.img (2306576 pixels)
talsrcimg_g11.4dfp.img
       256       256       256         1
  1.000000  1.000000  1.000000
orientation T byte_order littleendian
Reading image: talsrcimg_g11.4dfp.img
dimensions:      256       256       256
mmppix:       1.0000   -1.0000   -1.0000
center:     128.0000 -129.0000 -129.0000
fimgreg.f
image alignment mode   3335 decimal      D07 hex
parameters
   -1.3147  -17.4931   11.4918   -0.0308   -0.2040   -0.2046
    1.7930   -1.7170   -1.6841    6.1587    1.8239   -6.1279
eta,q 0.95921 12.37976
niter,ni,del,rscale     5    3    5.0000    1.2000
parameter  4  0.885890 ->  0.500000 qaram    1.1500
parameter  5  2.398989 ->  0.500000 qaram    1.1500
parameter  6  0.696900 ->  0.500000 qaram    1.1500
parameters
   -1.5027  -17.5565   11.4076   -4.1708   -4.3440   -4.3446
    2.2980   -1.2691    0.5324    6.4243    1.5384   -5.1265
eta,q 0.96700 11.77067
  0.0436  0.0428  0.0426  0.0384  0.0316  0.0325  0.0356  0.0370  0.0366  0.0360  0.0339  0.0341
  0.0420  0.0417  0.0415  0.0387  0.0335  0.0331  0.0344  0.0351  0.0351  0.0345  0.0333  0.0335
  0.0410  0.0410  0.0409  0.0394  0.0358  0.0334  0.0336  0.0337  0.0339  0.0334  0.0331  0.0332
  0.0408  0.0408  0.0408  0.0408  0.0388  0.0341  0.0332  0.0332  0.0332  0.0330  0.0330  0.0330
  0.0414  0.0410  0.0411  0.0430  0.0423  0.0359  0.0333  0.0334  0.0330  0.0333  0.0331  0.0330
  0.0427  0.0418  0.0418  0.0460  0.0459  0.0394  0.0340  0.0344  0.0333  0.0342  0.0334  0.0332
  0.0447  0.0430  0.0428  0.0495  0.0499  0.0430  0.0350  0.0362  0.0340  0.0357  0.0340  0.0336
niter,ni,del,rscale     7    3    5.0000    1.2000
parameter  4  0.544918 ->  0.500000 qaram    1.3225
parameter  5  1.638670 ->  0.500000 qaram    1.3225
parameter  6  0.505502 ->  0.500000 qaram    1.3225
parameters
   -1.5809  -17.7018   11.2338   -8.9318   -9.1050   -9.1056
    2.1698   -1.4320    0.7708    6.0300    0.8097   -6.2477
eta,q 0.97268 10.90726
  0.0358  0.0353  0.0340  0.0325  0.0268  0.0280  0.0298  0.0310  0.0297  0.0301  0.0283  0.0280
  0.0342  0.0340  0.0334  0.0322  0.0280  0.0274  0.0284  0.0291  0.0285  0.0285  0.0277  0.0276
  0.0333  0.0332  0.0330  0.0325  0.0299  0.0276  0.0276  0.0278  0.0277  0.0276  0.0274  0.0274
  0.0330  0.0330  0.0330  0.0330  0.0323  0.0285  0.0273  0.0273  0.0273  0.0273  0.0273  0.0273
  0.0334  0.0334  0.0332  0.0338  0.0351  0.0291  0.0277  0.0278  0.0276  0.0278  0.0276  0.0275
  0.0345  0.0344  0.0336  0.0354  0.0386  0.0305  0.0286  0.0293  0.0283  0.0290  0.0281  0.0280
  0.0361  0.0359  0.0344  0.0381  0.0425  0.0338  0.0299  0.0314  0.0295  0.0307  0.0288  0.0287
niter,ni,del,rscale     7    3    5.0000    1.2000
parameter  5  0.663158 ->  0.500000 qaram    1.5209
parameters
   -1.5975  -17.9276   11.1583   -8.9259  -14.5802   -7.8023
    2.3120   -1.4178    0.9931    6.7598    0.7361   -6.8770
eta,q 0.97442 10.69013
  0.0305  0.0297  0.0288  0.0310  0.0262  0.0297  0.0284  0.0295  0.0279  0.0294  0.0267  0.0263
  0.0287  0.0282  0.0279  0.0289  0.0256  0.0277  0.0269  0.0275  0.0266  0.0274  0.0261  0.0258
  0.0277  0.0274  0.0274  0.0275  0.0259  0.0263  0.0259  0.0261  0.0259  0.0261  0.0257  0.0256
  0.0273  0.0273  0.0273  0.0273  0.0273  0.0256  0.0256  0.0256  0.0256  0.0256  0.0256  0.0256
  0.0277  0.0279  0.0275  0.0280  0.0296  0.0259  0.0259  0.0260  0.0258  0.0258  0.0257  0.0257
  0.0288  0.0290  0.0281  0.0290  0.0325  0.0266  0.0268  0.0274  0.0265  0.0266  0.0261  0.0261
  0.0306  0.0307  0.0290  0.0307  0.0361  0.0279  0.0282  0.0295  0.0276  0.0280  0.0267  0.0267
niter,ni,del,rscale     7    3    5.0000    1.2000
parameters
   -1.6507  -17.7610   11.3797   -8.5838  -15.8706   -7.3686
    2.4890   -1.4839    1.1751    7.0587    0.5261   -6.7426
eta,q 0.97438 10.67052
  0.0286  0.0289  0.0273  0.0294  0.0294  0.0290  0.0285  0.0293  0.0279  0.0290  0.0267  0.0266
  0.0269  0.0271  0.0264  0.0273  0.0273  0.0272  0.0270  0.0274  0.0266  0.0271  0.0261  0.0260
  0.0259  0.0260  0.0258  0.0259  0.0260  0.0260  0.0260  0.0261  0.0259  0.0260  0.0257  0.0257
  0.0256  0.0256  0.0256  0.0256  0.0256  0.0256  0.0256  0.0256  0.0256  0.0256  0.0256  0.0256
  0.0260  0.0258  0.0257  0.0261  0.0265  0.0261  0.0259  0.0261  0.0258  0.0260  0.0257  0.0257
  0.0271  0.0266  0.0261  0.0271  0.0288  0.0268  0.0268  0.0274  0.0265  0.0269  0.0261  0.0259
  0.0289  0.0280  0.0268  0.0287  0.0320  0.0284  0.0282  0.0295  0.0276  0.0283  0.0268  0.0265
niter,ni,del,rscale     6    3    5.0000    1.2000
parameters
   -1.6727  -17.6700   11.4531   -8.5369  -16.1017   -7.3505
    2.5198   -1.5039    1.2748    7.1147    0.4229   -6.7119
eta,q 0.97436 10.66309
  0.0287  0.0286  0.0272  0.0291  0.0302  0.0287  0.0284  0.0293  0.0278  0.0288  0.0267  0.0265
  0.0270  0.0270  0.0263  0.0271  0.0280  0.0270  0.0269  0.0274  0.0266  0.0270  0.0261  0.0260
  0.0259  0.0260  0.0258  0.0258  0.0263  0.0259  0.0260  0.0261  0.0259  0.0259  0.0257  0.0257
  0.0256  0.0256  0.0256  0.0256  0.0256  0.0256  0.0256  0.0256  0.0256  0.0256  0.0256  0.0256
  0.0260  0.0259  0.0258  0.0261  0.0261  0.0262  0.0259  0.0261  0.0259  0.0261  0.0258  0.0257
  0.0271  0.0268  0.0262  0.0271  0.0280  0.0269  0.0269  0.0274  0.0266  0.0271  0.0261  0.0260
  0.0288  0.0282  0.0270  0.0288  0.0309  0.0287  0.0284  0.0294  0.0276  0.0285  0.0268  0.0265
niter,ni,del,rscale     5    3    5.0000    1.2000
parameters
   -1.6789  -17.6539   11.4628   -8.5375  -16.1373   -7.3469
    2.5154   -1.5065    1.3110    7.1238    0.4093   -6.7043
eta,q 0.97435 10.66144
  0.0288  0.0284  0.0271  0.0291  0.0303  0.0287  0.0284  0.0294  0.0278  0.0287  0.0267  0.0265
  0.0270  0.0269  0.0263  0.0271  0.0281  0.0270  0.0269  0.0274  0.0266  0.0270  0.0261  0.0260
  0.0260  0.0259  0.0258  0.0258  0.0264  0.0259  0.0260  0.0261  0.0259  0.0259  0.0258  0.0257
  0.0256  0.0256  0.0256  0.0256  0.0256  0.0256  0.0256  0.0256  0.0256  0.0256  0.0256  0.0256
  0.0260  0.0260  0.0258  0.0262  0.0261  0.0262  0.0259  0.0261  0.0259  0.0261  0.0258  0.0257
  0.0271  0.0269  0.0263  0.0272  0.0278  0.0269  0.0269  0.0274  0.0266  0.0271  0.0261  0.0260
  0.0288  0.0283  0.0271  0.0289  0.0307  0.0287  0.0284  0.0294  0.0277  0.0285  0.0267  0.0265
registration optimization eta report
parameter search radius
    2.4000    2.4000    2.4000    9.5220   10.9503    9.5220
    7.2000    7.2000    7.2000    7.2000    7.2000    7.2000
100000*second partial in parameter space
       54.       48.       25.        4.        4.        3.
        5.        7.        4.        6.        2.        2.
  0.0288  0.0284  0.0271  0.0291  0.0303  0.0287  0.0284  0.0294  0.0278  0.0287  0.0267  0.0265
  0.0270  0.0269  0.0263  0.0271  0.0281  0.0270  0.0269  0.0274  0.0266  0.0270  0.0261  0.0260
  0.0260  0.0259  0.0258  0.0258  0.0264  0.0259  0.0260  0.0261  0.0259  0.0259  0.0258  0.0257
  0.0256  0.0256  0.0256  0.0256  0.0256  0.0256  0.0256  0.0256  0.0256  0.0256  0.0256  0.0256
  0.0260  0.0260  0.0258  0.0262  0.0261  0.0262  0.0259  0.0261  0.0259  0.0261  0.0258  0.0257
  0.0271  0.0269  0.0263  0.0272  0.0278  0.0269  0.0269  0.0274  0.0266  0.0271  0.0261  0.0260
  0.0288  0.0283  0.0271  0.0289  0.0307  0.0287  0.0284  0.0294  0.0277  0.0285  0.0267  0.0265
   -1.6789  -17.6539   11.4628   -8.5375  -16.1373   -7.3469
    2.5154   -1.5065    1.3110    7.1238    0.4093   -6.7043
eta,q 0.97435 10.66144

---------------------------------------------------------------------
imgreg_4dfp /opt/freesurfer/average/711-2C_as_mni_average_305 /opt/freesurfer/average/711-2B_as_mni_average_305_mask talsrcimg_g11 none talsrcimg_to_711-2C_as_mni_average_305_t4 2311
---------------------------------------------------------------------

freesurfer imgreg_4dfp.c
/opt/freesurfer/average/711-2C_as_mni_average_305.4dfp.img
       256       256       256         1
  1.000000  1.000000  1.000000
orientation T byte_order littleendian
Reading image: /opt/freesurfer/average/711-2C_as_mni_average_305.4dfp.img
dimensions:      256       256       256
mmppix:       1.0000   -1.0000   -1.0000
center:     128.0000 -129.0000 -129.0000
/opt/freesurfer/average/711-2B_as_mni_average_305_mask.4dfp.img
       256       256       256         1
  1.000000  1.000000  1.000000
orientation T byte_order littleendian
Reading mask: /opt/freesurfer/average/711-2B_as_mni_average_305_mask.4dfp.img (2306576 pixels)
talsrcimg_g11.4dfp.img
       256       256       256         1
  1.000000  1.000000  1.000000
orientation T byte_order littleendian
Reading image: talsrcimg_g11.4dfp.img
dimensions:      256       256       256
mmppix:       1.0000   -1.0000   -1.0000
center:     128.0000 -129.0000 -129.0000
fimgreg.f
image alignment mode   2311 decimal      907 hex
parameters
   -1.6789  -17.6539   11.4628   -8.5375  -16.1373   -7.3469
    2.5154   -1.5065    1.3110    7.1238    0.4093   -6.7043
eta,q 0.97435 10.66143
niter,ni,del,rscale     5    3    5.0000    0.8000
parameters
   -1.6944  -17.6686   11.4625   -9.0777  -15.5970   -7.7658
    2.4832   -1.4357    1.1928    6.9157    0.5064   -6.4215
eta,q 0.97446 10.63136
  0.0270  0.0269  0.0263  0.0263  0.0268  0.0263  0.0268  0.0274  0.0264  0.0268  0.0260  0.0259
  0.0262  0.0262  0.0259  0.0258  0.0262  0.0258  0.0261  0.0264  0.0259  0.0260  0.0258  0.0257
  0.0258  0.0258  0.0257  0.0256  0.0258  0.0256  0.0257  0.0258  0.0256  0.0256  0.0256  0.0256
  0.0256  0.0256  0.0256  0.0256  0.0256  0.0256  0.0255  0.0256  0.0256  0.0256  0.0255  0.0255
  0.0258  0.0258  0.0257  0.0259  0.0256  0.0258  0.0257  0.0257  0.0257  0.0258  0.0256  0.0255
  0.0263  0.0262  0.0259  0.0262  0.0259  0.0261  0.0261  0.0263  0.0260  0.0263  0.0257  0.0256
  0.0271  0.0269  0.0263  0.0266  0.0264  0.0264  0.0268  0.0273  0.0265  0.0270  0.0260  0.0258
niter,ni,del,rscale     4    3    5.0000    0.7000
parameters
   -1.6862  -17.7183   11.4350   -9.1910  -15.4909   -7.9993
    2.4838   -1.4318    1.1413    6.8058    0.5710   -6.1988
eta,q 0.97449 10.61670
  0.0267  0.0264  0.0260  0.0263  0.0263  0.0262  0.0265  0.0269  0.0262  0.0265  0.0259  0.0258
  0.0260  0.0259  0.0257  0.0258  0.0259  0.0258  0.0259  0.0261  0.0258  0.0259  0.0257  0.0256
  0.0257  0.0256  0.0256  0.0255  0.0257  0.0256  0.0256  0.0257  0.0256  0.0256  0.0256  0.0256
  0.0255  0.0255  0.0255  0.0255  0.0255  0.0255  0.0255  0.0255  0.0255  0.0255  0.0255  0.0255
  0.0257  0.0257  0.0256  0.0257  0.0256  0.0257  0.0256  0.0257  0.0256  0.0257  0.0255  0.0255
  0.0260  0.0260  0.0258  0.0259  0.0258  0.0260  0.0259  0.0261  0.0258  0.0260  0.0257  0.0256
  0.0266  0.0266  0.0261  0.0262  0.0263  0.0263  0.0265  0.0269  0.0262  0.0266  0.0259  0.0257
niter,ni,del,rscale     3    3    5.0000    0.6000
parameters
   -1.6835  -17.7335   11.4274   -9.3173  -15.4283   -8.1712
    2.4911   -1.4388    1.0855    6.7322    0.6759   -5.9327
eta,q 0.97451 10.60255
  0.0263  0.0262  0.0259  0.0261  0.0261  0.0261  0.0262  0.0265  0.0260  0.0262  0.0258  0.0257
  0.0259  0.0258  0.0257  0.0257  0.0258  0.0257  0.0258  0.0259  0.0257  0.0258  0.0256  0.0256
  0.0256  0.0256  0.0256  0.0255  0.0256  0.0255  0.0256  0.0256  0.0256  0.0256  0.0255  0.0255
  0.0255  0.0255  0.0255  0.0255  0.0255  0.0255  0.0255  0.0255  0.0255  0.0255  0.0255  0.0255
  0.0256  0.0256  0.0255  0.0256  0.0256  0.0256  0.0256  0.0256  0.0256  0.0256  0.0255  0.0255
  0.0259  0.0258  0.0257  0.0258  0.0257  0.0259  0.0258  0.0260  0.0257  0.0259  0.0256  0.0255
  0.0263  0.0262  0.0259  0.0261  0.0261  0.0261  0.0262  0.0265  0.0260  0.0263  0.0258  0.0257
niter,ni,del,rscale     2    3    5.0000    0.5000
parameters
   -1.6819  -17.7471   11.4326   -9.4309  -15.3775   -8.2900
    2.4909   -1.4523    1.0442    6.6579    0.7054   -5.5874
eta,q 0.97452 10.59125
  0.0261  0.0260  0.0258  0.0259  0.0259  0.0259  0.0260  0.0262  0.0258  0.0260  0.0257  0.0256
  0.0257  0.0257  0.0256  0.0256  0.0257  0.0257  0.0257  0.0258  0.0256  0.0257  0.0256  0.0256
  0.0255  0.0255  0.0255  0.0255  0.0255  0.0255  0.0255  0.0256  0.0255  0.0255  0.0255  0.0255
  0.0255  0.0255  0.0255  0.0255  0.0255  0.0255  0.0255  0.0255  0.0255  0.0255  0.0255  0.0255
  0.0256  0.0256  0.0255  0.0256  0.0255  0.0256  0.0255  0.0256  0.0255  0.0256  0.0255  0.0255
  0.0257  0.0257  0.0256  0.0257  0.0256  0.0257  0.0257  0.0258  0.0256  0.0257  0.0256  0.0255
  0.0260  0.0260  0.0258  0.0259  0.0259  0.0260  0.0260  0.0262  0.0258  0.0260  0.0257  0.0256
niter,ni,del,rscale     1    3    5.0000    0.4000
parameters
   -1.6796  -17.7603   11.4437   -9.5320  -15.3457   -8.3760
    2.5114   -1.4639    1.0277    6.5620    0.7625   -5.3417
eta,q 0.97453 10.58124
  0.0258  0.0258  0.0257  0.0257  0.0257  0.0258  0.0258  0.0259  0.0257  0.0258  0.0256  0.0256
  0.0256  0.0256  0.0256  0.0256  0.0256  0.0256  0.0256  0.0257  0.0256  0.0256  0.0255  0.0255
  0.0255  0.0255  0.0255  0.0255  0.0255  0.0255  0.0255  0.0255  0.0255  0.0255  0.0255  0.0255
  0.0255  0.0255  0.0255  0.0255  0.0255  0.0255  0.0255  0.0255  0.0255  0.0255  0.0255  0.0255
  0.0255  0.0255  0.0255  0.0255  0.0255  0.0255  0.0255  0.0255  0.0255  0.0255  0.0255  0.0255
  0.0256  0.0256  0.0255  0.0256  0.0256  0.0256  0.0256  0.0257  0.0256  0.0256  0.0255  0.0255
  0.0258  0.0258  0.0256  0.0258  0.0257  0.0258  0.0258  0.0259  0.0257  0.0258  0.0256  0.0256
registration optimization eta report
parameter search radius
    0.8000    0.8000    0.8000    2.4000    2.4000    2.4000
    2.4000    2.4000    2.4000    2.4000    2.4000    2.4000
100000*second partial in parameter space
       57.       49.       27.        5.        4.        5.
        5.        8.        4.        5.        2.        2.
  0.0258  0.0258  0.0257  0.0257  0.0257  0.0258  0.0258  0.0259  0.0257  0.0258  0.0256  0.0256
  0.0256  0.0256  0.0256  0.0256  0.0256  0.0256  0.0256  0.0257  0.0256  0.0256  0.0255  0.0255
  0.0255  0.0255  0.0255  0.0255  0.0255  0.0255  0.0255  0.0255  0.0255  0.0255  0.0255  0.0255
  0.0255  0.0255  0.0255  0.0255  0.0255  0.0255  0.0255  0.0255  0.0255  0.0255  0.0255  0.0255
  0.0255  0.0255  0.0255  0.0255  0.0255  0.0255  0.0255  0.0255  0.0255  0.0255  0.0255  0.0255
  0.0256  0.0256  0.0255  0.0256  0.0256  0.0256  0.0256  0.0257  0.0256  0.0256  0.0255  0.0255
  0.0258  0.0258  0.0256  0.0258  0.0257  0.0258  0.0258  0.0259  0.0257  0.0258  0.0256  0.0256
   -1.6796  -17.7603   11.4437   -9.5320  -15.3457   -8.3760
    2.5114   -1.4639    1.0277    6.5620    0.7625   -5.3417
eta,q 0.97453 10.58124

---------------------------------------------------------------------
imgreg_4dfp /opt/freesurfer/average/711-2C_as_mni_average_305 /opt/freesurfer/average/711-2B_as_mni_average_305_mask talsrcimg_g11 none talsrcimg_to_711-2C_as_mni_average_305_t4 2311
---------------------------------------------------------------------

freesurfer imgreg_4dfp.c
/opt/freesurfer/average/711-2C_as_mni_average_305.4dfp.img
       256       256       256         1
  1.000000  1.000000  1.000000
orientation T byte_order littleendian
Reading image: /opt/freesurfer/average/711-2C_as_mni_average_305.4dfp.img
dimensions:      256       256       256
mmppix:       1.0000   -1.0000   -1.0000
center:     128.0000 -129.0000 -129.0000
/opt/freesurfer/average/711-2B_as_mni_average_305_mask.4dfp.img
       256       256       256         1
  1.000000  1.000000  1.000000
orientation T byte_order littleendian
Reading mask: /opt/freesurfer/average/711-2B_as_mni_average_305_mask.4dfp.img (2306576 pixels)
talsrcimg_g11.4dfp.img
       256       256       256         1
  1.000000  1.000000  1.000000
orientation T byte_order littleendian
Reading image: talsrcimg_g11.4dfp.img
dimensions:      256       256       256
mmppix:       1.0000   -1.0000   -1.0000
center:     128.0000 -129.0000 -129.0000
fimgreg.f
image alignment mode   2311 decimal      907 hex
parameters
   -1.6796  -17.7603   11.4437   -9.5320  -15.3457   -8.3760
    2.5114   -1.4639    1.0277    6.5620    0.7625   -5.3417
eta,q 0.97453 10.58124
niter,ni,del,rscale     5    3    5.0000    0.8000
parameters
   -1.6680  -17.7545   11.4378   -9.1448  -15.5118   -8.1774
    2.4950   -1.4518    1.0435    6.6412    0.6560   -6.0940
eta,q 0.97449 10.60865
  0.0269  0.0267  0.0262  0.0267  0.0264  0.0266  0.0267  0.0273  0.0264  0.0269  0.0260  0.0257
  0.0261  0.0260  0.0258  0.0260  0.0259  0.0260  0.0260  0.0263  0.0259  0.0261  0.0257  0.0256
  0.0256  0.0256  0.0255  0.0256  0.0256  0.0256  0.0256  0.0257  0.0256  0.0256  0.0255  0.0255
  0.0255  0.0255  0.0255  0.0255  0.0255  0.0255  0.0255  0.0255  0.0255  0.0255  0.0255  0.0255
  0.0256  0.0256  0.0255  0.0256  0.0256  0.0256  0.0256  0.0257  0.0256  0.0256  0.0255  0.0255
  0.0261  0.0260  0.0258  0.0259  0.0260  0.0260  0.0260  0.0263  0.0259  0.0261  0.0257  0.0257
  0.0269  0.0267  0.0262  0.0263  0.0266  0.0263  0.0267  0.0273  0.0264  0.0267  0.0260  0.0260
niter,ni,del,rscale     4    3    5.0000    0.7000
parameters
   -1.6757  -17.7459   11.4156   -9.2069  -15.4321   -8.1260
    2.4829   -1.4395    1.0608    6.7369    0.6376   -6.1453
eta,q 0.97450 10.61199
  0.0266  0.0265  0.0260  0.0263  0.0263  0.0263  0.0264  0.0269  0.0262  0.0266  0.0259  0.0257
  0.0260  0.0259  0.0257  0.0258  0.0259  0.0259  0.0259  0.0261  0.0258  0.0260  0.0257  0.0256
  0.0256  0.0256  0.0256  0.0255  0.0256  0.0256  0.0256  0.0256  0.0256  0.0256  0.0256  0.0255
  0.0255  0.0255  0.0255  0.0255  0.0255  0.0255  0.0255  0.0255  0.0255  0.0255  0.0255  0.0255
  0.0256  0.0256  0.0256  0.0257  0.0256  0.0256  0.0256  0.0256  0.0256  0.0256  0.0255  0.0255
  0.0260  0.0259  0.0257  0.0259  0.0258  0.0259  0.0259  0.0261  0.0258  0.0259  0.0257  0.0256
  0.0266  0.0264  0.0260  0.0262  0.0263  0.0262  0.0265  0.0269  0.0262  0.0265  0.0259  0.0258
niter,ni,del,rscale     3    3    5.0000    0.6000
parameters
   -1.6795  -17.7415   11.4142   -9.3178  -15.3934   -8.2058
    2.4876   -1.4404    1.0634    6.7240    0.6928   -5.9239
eta,q 0.97451 10.60253
  0.0263  0.0262  0.0259  0.0261  0.0261  0.0261  0.0262  0.0265  0.0260  0.0262  0.0258  0.0257
  0.0259  0.0258  0.0257  0.0257  0.0258  0.0258  0.0258  0.0259  0.0257  0.0258  0.0256  0.0256
  0.0256  0.0256  0.0255  0.0255  0.0256  0.0256  0.0256  0.0256  0.0256  0.0256  0.0255  0.0255
  0.0255  0.0255  0.0255  0.0255  0.0255  0.0255  0.0255  0.0255  0.0255  0.0255  0.0255  0.0255
  0.0256  0.0256  0.0255  0.0256  0.0255  0.0256  0.0256  0.0256  0.0255  0.0256  0.0255  0.0255
  0.0259  0.0258  0.0257  0.0258  0.0257  0.0258  0.0258  0.0259  0.0257  0.0258  0.0256  0.0255
  0.0263  0.0262  0.0259  0.0261  0.0261  0.0261  0.0262  0.0265  0.0260  0.0262  0.0258  0.0257
niter,ni,del,rscale     2    3    5.0000    0.5000
parameters
   -1.6811  -17.7516   11.4236   -9.4379  -15.3627   -8.2996
    2.4992   -1.4534    1.0406    6.6471    0.7359   -5.6270
eta,q 0.97452 10.59093
  0.0261  0.0260  0.0258  0.0259  0.0259  0.0259  0.0260  0.0262  0.0258  0.0260  0.0257  0.0256
  0.0257  0.0257  0.0256  0.0256  0.0257  0.0257  0.0257  0.0258  0.0256  0.0257  0.0256  0.0256
  0.0255  0.0255  0.0255  0.0255  0.0255  0.0255  0.0255  0.0255  0.0255  0.0255  0.0255  0.0255
  0.0255  0.0255  0.0255  0.0255  0.0255  0.0255  0.0255  0.0255  0.0255  0.0255  0.0255  0.0255
  0.0256  0.0256  0.0255  0.0256  0.0255  0.0256  0.0255  0.0256  0.0255  0.0256  0.0255  0.0255
  0.0257  0.0257  0.0256  0.0257  0.0257  0.0257  0.0257  0.0258  0.0256  0.0257  0.0256  0.0255
  0.0260  0.0260  0.0258  0.0259  0.0259  0.0260  0.0260  0.0262  0.0258  0.0260  0.0257  0.0256
niter,ni,del,rscale     1    3    5.0000    0.4000
parameters
   -1.6814  -17.7614   11.4445   -9.5384  -15.3437   -8.3694
    2.5089   -1.4670    1.0150    6.5635    0.7792   -5.3123
eta,q 0.97453 10.58132
  0.0258  0.0258  0.0257  0.0257  0.0257  0.0258  0.0258  0.0259  0.0257  0.0258  0.0256  0.0256
  0.0256  0.0256  0.0256  0.0256  0.0256  0.0256  0.0256  0.0257  0.0256  0.0256  0.0255  0.0255
  0.0255  0.0255  0.0255  0.0255  0.0255  0.0255  0.0255  0.0255  0.0255  0.0255  0.0255  0.0255
  0.0255  0.0255  0.0255  0.0255  0.0255  0.0255  0.0255  0.0255  0.0255  0.0255  0.0255  0.0255
  0.0255  0.0255  0.0255  0.0255  0.0255  0.0255  0.0255  0.0255  0.0255  0.0255  0.0255  0.0255
  0.0256  0.0256  0.0255  0.0256  0.0256  0.0256  0.0256  0.0257  0.0256  0.0256  0.0255  0.0255
  0.0258  0.0258  0.0256  0.0258  0.0257  0.0258  0.0258  0.0259  0.0257  0.0258  0.0256  0.0255
registration optimization eta report
parameter search radius
    0.8000    0.8000    0.8000    2.4000    2.4000    2.4000
    2.4000    2.4000    2.4000    2.4000    2.4000    2.4000
100000*second partial in parameter space
       57.       48.       27.        5.        4.        5.
        5.        8.        4.        6.        2.        2.
  0.0258  0.0258  0.0257  0.0257  0.0257  0.0258  0.0258  0.0259  0.0257  0.0258  0.0256  0.0256
  0.0256  0.0256  0.0256  0.0256  0.0256  0.0256  0.0256  0.0257  0.0256  0.0256  0.0255  0.0255
  0.0255  0.0255  0.0255  0.0255  0.0255  0.0255  0.0255  0.0255  0.0255  0.0255  0.0255  0.0255
  0.0255  0.0255  0.0255  0.0255  0.0255  0.0255  0.0255  0.0255  0.0255  0.0255  0.0255  0.0255
  0.0255  0.0255  0.0255  0.0255  0.0255  0.0255  0.0255  0.0255  0.0255  0.0255  0.0255  0.0255
  0.0256  0.0256  0.0255  0.0256  0.0256  0.0256  0.0256  0.0257  0.0256  0.0256  0.0255  0.0255
  0.0258  0.0258  0.0256  0.0258  0.0257  0.0258  0.0258  0.0259  0.0257  0.0258  0.0256  0.0255
   -1.6814  -17.7614   11.4445   -9.5384  -15.3437   -8.3694
    2.5089   -1.4670    1.0150    6.5635    0.7792   -5.3123
eta,q 0.97453 10.58132

---------------------------------------------------------------------
compute_vox2vox talsrcimg talsrcimg_to_711-2C_as_mni_average_305_t4 /opt/freesurfer/average/711-2C_as_mni_average_305
---------------------------------------------------------------------

freesurfer compute_vox2vox.c
Reading: talsrcimg.4dfp.ifh
Reading: talsrcimg_to_711-2C_as_mni_average_305_t4
Reading: /opt/freesurfer/average/711-2C_as_mni_average_305.4dfp.ifh
Writing: talsrcimg_to_711-2C_as_mni_average_305_t4_vox2vox.txt

start time Sun Mar 8 18:23:38 CET 2026
end		time Sun Mar 8 18:25:04 CET 2026

mpr2mni305 success

avi2talxfm orig_nu.mgz /opt/freesurfer/average/mni305.cor.mgz talsrcimg_to_711-2C_as_mni_average_305_t4_vox2vox.txt transforms/talairach.auto.xfm
avi2talxfm done
mv -f /out/sourcedata/freesurfer/sub-v1s14x0051570_ses-1/mri/talsrcimg_to_711-2C_as_mni_average_305_t4_vox2vox.txt /out/sourcedata/freesurfer/sub-v1s14x0051570_ses-1/mri/transforms/talsrcimg_to_711-2C_as_mni_average_305_t4_vox2vox.txt
lta_convert --src orig_nu.mgz --trg /opt/freesurfer/average/mni305.cor.mgz --inxfm transforms/talairach.auto.xfm --outlta transforms/talairach.auto.xfm.lta --subject fsaverage
7.3.2

--src: orig_nu.mgz src image (geometry).
--trg: /opt/freesurfer/average/mni305.cor.mgz trg image (geometry).
--inmni: transforms/talairach.auto.xfm input MNI/XFM transform.
--outlta: transforms/talairach.auto.xfm.lta output LTA.
--s: fsaverage subject name
 LTA read, type : 1
 1.10562   0.01996  -0.03151   5.86491;
-0.01013   1.08627   0.06847  -26.89412;
-0.01247  -0.08446   1.17632  -16.97472;
 0.00000   0.00000   0.00000   1.00000;
setting subject to fsaverage
Writing  LTA to file transforms/talairach.auto.xfm.lta...
lta_convert successful.
 
 
Started at Sun Mar 8 18:23:38 CET 2026
Ended   at Sun Mar  8 18:25:05 CET 2026
talairach_avi done
