/out/sourcedata/freesurfer/sub-v1s14x0051560_ses-1/mri
/opt/freesurfer/bin/talairach_avi
--i orig_nu.mgz --xfm transforms/talairach.auto.xfm
talairach_avi 7.3.2
Linux dna020 5.14.0-427.37.1.el9_4.x86_64 #1 SMP PREEMPT_DYNAMIC Fri Sep 13 12:41:50 EDT 2024 x86_64 x86_64 x86_64 GNU/Linux
Sun Mar  8 17:19:55 CET 2026
mri_convert orig_nu.mgz talsrcimg.img 
reading from orig_nu.mgz...
TR=0.00, TE=0.00, TI=0.00, flip angle=0.00
i_ras = (-1, 8.14907e-10, -1.86265e-09)
j_ras = (0, 7.45058e-09, -1)
k_ras = (-3.49246e-10, 1, -7.45058e-09)
writing to talsrcimg.img...
Analyze Output Matrix
-1.00000   0.00000  -0.00000   128.72737;
 0.00000   0.00000   1.00000  -117.46194;
-0.00000  -1.00000  -0.00000   174.97504;
 0.00000   0.00000   0.00000   1.00000;
--------------------
INFO: set hdr.hist.orient to -1
mpr2mni305 talsrcimg
Sun Mar  8 17:19:56 CET 2026
/opt/freesurfer/bin/mpr2mni305 talsrcimg
mpr2mni305 7.3.2
target=711-2C_as_mni_average_305

---------------------------------------------------------------------
analyzeto4dfp talsrcimg -O0 -y
---------------------------------------------------------------------

freesurfer ifh2hdr.c
Sun Mar  8 17:19:56 2026
Writing: talsrcimg.4dfp.hdr
freesurfer analyzeto4dfp.c
Reading: talsrcimg.hdr
header size 348 bytes
hdr.dime.datatype	offset=70	value=2
hdr.dime.bitpix		offset=72	value=8
hdr.hist.orient		offset=252	value=-1
dimensionality     4
dimensions       256       256       256         1
Reading: talsrcimg.img
Writing: talsrcimg.4dfp.img
Writing: talsrcimg.4dfp.ifh
ifh2hdr talsrcimg -r0to243
ori=2

---------------------------------------------------------------------
gauss_4dfp talsrcimg 1.1
---------------------------------------------------------------------

freesurfer gauss_4dfp.c
Reading: talsrcimg.4dfp.img
Writing: talsrcimg_g11.4dfp.img
image dimensions 256 256 256 padded to 288 288 288
processing volume 1freesurfer ifh2hdr.c
Sun Mar  8 17:19:58 2026
Writing: talsrcimg_g11.4dfp.hdr

Writing: talsrcimg_g11.4dfp.ifh
including: talsrcimg.4dfp.img.rec in talsrcimg_g11.4dfp.img.rec

---------------------------------------------------------------------
imgreg_4dfp /opt/freesurfer/average/711-2C_as_mni_average_305 none talsrcimg_g11 none talsrcimg_to_711-2C_as_mni_average_305_t4 4355
---------------------------------------------------------------------

freesurfer imgreg_4dfp.c
/opt/freesurfer/average/711-2C_as_mni_average_305.4dfp.img
       256       256       256         1
  1.000000  1.000000  1.000000
orientation T byte_order littleendian
Reading image: /opt/freesurfer/average/711-2C_as_mni_average_305.4dfp.img
dimensions:      256       256       256
mmppix:       1.0000   -1.0000   -1.0000
center:     128.0000 -129.0000 -129.0000
talsrcimg_g11.4dfp.img
       256       256       256         1
  1.000000  1.000000  1.000000
orientation T byte_order littleendian
Reading image: talsrcimg_g11.4dfp.img
dimensions:      256       256       256
mmppix:       1.0000   -1.0000   -1.0000
center:     128.0000 -129.0000 -129.0000
t4_read: open error in t4_sub.f l:  41 t4_file(1:l)talsrcimg_to_711-2C_as_mni_average_305_t4 
t4_read: transform initialized to I4
rotation matrix determinant  1.000000
image alignment mode   4355 decimal     1103 hex
   -7.5000  -45.0000  -45.0000 8930.7354   19.9458
    0.0000  -45.0000  -45.0000 9381.3906   19.9784
    7.5000  -45.0000  -45.0000 8919.7227   19.9840
   -7.5000  -37.5000  -45.0000 9146.6670   19.9490
    0.0000  -37.5000  -45.0000 9622.2051   19.9790
    7.5000  -37.5000  -45.0000 9153.2764   19.9828
   -7.5000  -30.0000  -45.0000 9717.9219   19.9482
    0.0000  -30.0000  -45.000010227.0361   19.9777
    7.5000  -30.0000  -45.0000 9727.0928   19.9834
   -7.5000  -22.5000  -45.000010244.2520   19.9464
    0.0000  -22.5000  -45.000010752.0684   19.9786
    7.5000  -22.5000  -45.000010234.9072   19.9873
   -7.5000  -15.0000  -45.000010686.7705   19.9454
    0.0000  -15.0000  -45.000011219.4434   19.9822
    7.5000  -15.0000  -45.000010683.8652   19.9919
   -7.5000   -7.5000  -45.000011056.6973   19.9441
    0.0000   -7.5000  -45.000011602.3467   19.9809
    7.5000   -7.5000  -45.000011053.7686   19.9893
   -7.5000    0.0000  -45.000011368.2822   19.9458
    0.0000    0.0000  -45.000011922.5020   19.9784
    7.5000    0.0000  -45.000011358.6582   19.9840
   -7.5000    7.5000  -45.000010548.9023   19.9490
    0.0000    7.5000  -45.000011046.5381   19.9790
    7.5000    7.5000  -45.000010514.6240   19.9828
   -7.5000   15.0000  -45.0000 9648.8838   19.9482
    0.0000   15.0000  -45.000010100.6191   19.9777
    7.5000   15.0000  -45.0000 9600.8926   19.9834
   -7.5000   22.5000  -45.0000 8758.5850   19.9436
    0.0000   22.5000  -45.0000 9165.5889   19.9758
    7.5000   22.5000  -45.0000 8677.2100   19.9845
   -7.5000   30.0000  -45.0000 7868.0312   19.6796
    0.0000   30.0000  -45.0000 8219.4521   19.7159
    7.5000   30.0000  -45.0000 7783.2319   19.7255
   -7.5000   37.5000  -45.0000 7132.1631   19.6784
    0.0000   37.5000  -45.0000 7440.2769   19.7146
    7.5000   37.5000  -45.0000 7060.3623   19.7230
   -7.5000   45.0000  -45.0000 6226.1875   19.2861
    0.0000   45.0000  -45.0000 6489.8569   19.3179
    7.5000   45.0000  -45.0000 6157.2393   19.3233
   -7.5000  -45.0000  -37.5000 9540.2500   19.8697
    0.0000  -45.0000  -37.500010017.7607   19.8974
    7.5000  -45.0000  -37.5000 9497.8174   19.8983
   -7.5000  -37.5000  -37.5000 9769.2578   19.8629
    0.0000  -37.5000  -37.500010257.0449   19.8885
    7.5000  -37.5000  -37.5000 9734.9707   19.8928
   -7.5000  -30.0000  -37.500010354.8174   19.8581
    0.0000  -30.0000  -37.500010845.3916   19.8836
    7.5000  -30.0000  -37.500010332.2617   19.8956
   -7.5000  -22.5000  -37.500010889.8711   19.8637
    0.0000  -22.5000  -37.500011410.3291   19.8920
    7.5000  -22.5000  -37.500010873.1113   19.9081
   -7.5000  -15.0000  -37.500011349.6611   19.8749
    0.0000  -15.0000  -37.500011903.0010   19.9074
    7.5000  -15.0000  -37.500011336.7314   19.9199
   -7.5000   -7.5000  -37.500011747.2432   19.8761
    0.0000   -7.5000  -37.500012340.4375   19.9078
    7.5000   -7.5000  -37.500011732.0264   19.9129
   -7.5000    0.0000  -37.500012040.9561   19.8697
    0.0000    0.0000  -37.500012620.7734   19.8974
    7.5000    0.0000  -37.500012007.1514   19.8983
   -7.5000    7.5000  -37.500011128.0898   19.8629
    0.0000    7.5000  -37.500011651.0859   19.8885
    7.5000    7.5000  -37.500011098.8643   19.8928
   -7.5000   15.0000  -37.500010164.9307   19.8581
    0.0000   15.0000  -37.500010612.2568   19.8836
    7.5000   15.0000  -37.500010107.4600   19.8956
   -7.5000   22.5000  -37.5000 9212.2861   19.8610
    0.0000   22.5000  -37.5000 9622.1641   19.8893
    7.5000   22.5000  -37.5000 9145.6318   19.9054
   -7.5000   30.0000  -37.5000 8244.2070   19.6100
    0.0000   30.0000  -37.5000 8599.2715   19.6421
    7.5000   30.0000  -37.5000 8165.6113   19.6544
   -7.5000   37.5000  -37.5000 7483.0972   19.6112
    0.0000   37.5000  -37.5000 7799.1279   19.6425
    7.5000   37.5000  -37.5000 7407.9600   19.6475
   -7.5000   45.0000  -37.5000 6498.7949   19.2130
    0.0000   45.0000  -37.5000 6780.4263   19.2403
    7.5000   45.0000  -37.5000 6451.3027   19.2412
   -7.5000  -45.0000  -30.000010289.1006   20.7211
    0.0000  -45.0000  -30.000010797.1973   20.7442
    7.5000  -45.0000  -30.000010269.6885   20.7365
   -7.5000  -37.5000  -30.000010563.5244   20.7064
    0.0000  -37.5000  -30.000011073.2959   20.7286
    7.5000  -37.5000  -30.000010532.7412   20.7259
   -7.5000  -30.0000  -30.000011189.7441   20.6947
    0.0000  -30.0000  -30.000011713.2686   20.7166
    7.5000  -30.0000  -30.000011138.3477   20.7263
   -7.5000  -22.5000  -30.000011743.2500   20.7031
    0.0000  -22.5000  -30.000012298.6406   20.7258
    7.5000  -22.5000  -30.000011704.7520   20.7429
   -7.5000  -15.0000  -30.000012217.7559   20.7232
    0.0000  -15.0000  -30.000012789.1992   20.7480
    7.5000  -15.0000  -30.000012174.3857   20.7601
   -7.5000   -7.5000  -30.000012650.6660   20.7294
    0.0000   -7.5000  -30.000013244.4326   20.7544
    7.5000   -7.5000  -30.000012615.1406   20.7541
   -7.5000    0.0000  -30.000012931.9756   20.7211
    0.0000    0.0000  -30.000013524.1182   20.7442
    7.5000    0.0000  -30.000012873.8691   20.7365
   -7.5000    7.5000  -30.000011909.3594   20.7064
    0.0000    7.5000  -30.000012457.0098   20.7286
    7.5000    7.5000  -30.000011868.4326   20.7259
   -7.5000   15.0000  -30.000010825.7656   20.6947
    0.0000   15.0000  -30.000011315.8623   20.7166
    7.5000   15.0000  -30.000010774.9873   20.7263
   -7.5000   22.5000  -30.0000 9789.5654   20.6981
    0.0000   22.5000  -30.000010230.6660   20.7208
    7.5000   22.5000  -30.0000 9732.6416   20.7380
   -7.5000   30.0000  -30.0000 8720.0166   20.4489
    0.0000   30.0000  -30.0000 9120.9746   20.4735
    7.5000   30.0000  -30.0000 8660.5312   20.4854
   -7.5000   37.5000  -30.0000 7924.2212   20.4551
    0.0000   37.5000  -30.0000 8263.4209   20.4798
    7.5000   37.5000  -30.0000 7839.4268   20.4795
   -7.5000   45.0000  -30.0000 6896.9800   20.0504
    0.0000   45.0000  -30.0000 7176.8428   20.0732
    7.5000   45.0000  -30.0000 6831.3403   20.0660
   -7.5000  -45.0000  -22.500011073.6914   21.4273
    0.0000  -45.0000  -22.500011617.7432   21.4507
    7.5000  -45.0000  -22.500011046.4824   21.4380
   -7.5000  -37.5000  -22.500011339.2598   21.4167
    0.0000  -37.5000  -22.500011899.6846   21.4401
    7.5000  -37.5000  -22.500011296.0303   21.4290
   -7.5000  -30.0000  -22.500011987.8125   21.4034
    0.0000  -30.0000  -22.500012571.6826   21.4266
    7.5000  -30.0000  -22.500011923.2529   21.4275
   -7.5000  -22.5000  -22.500012531.1045   21.4066
    0.0000  -22.5000  -22.500013195.9609   21.4281
    7.5000  -22.5000  -22.500012503.7500   21.4389
   -7.5000  -15.0000  -22.500013060.2227   21.4210
    0.0000  -15.0000  -22.500013722.5186   21.4425
    7.5000  -15.0000  -22.500013018.2930   21.4512
   -7.5000   -7.5000  -22.500013488.1416   21.4283
    0.0000   -7.5000  -22.500014154.6143   21.4515
    7.5000   -7.5000  -22.500013444.3359   21.4487
   -7.5000    0.0000  -22.500013719.2510   21.4273
    0.0000    0.0000  -22.500014387.1094   21.4507
    7.5000    0.0000  -22.500013689.5195   21.4380
   -7.5000    7.5000  -22.500012632.1797   21.4167
    0.0000    7.5000  -22.500013232.6191   21.4401
    7.5000    7.5000  -22.500012609.9180   21.4290
   -7.5000   15.0000  -22.500011472.1143   21.4034
    0.0000   15.0000  -22.500012000.3555   21.4266
    7.5000   15.0000  -22.500011434.9307   21.4275
   -7.5000   22.5000  -22.500010356.4941   21.4000
    0.0000   22.5000  -22.500010822.7012   21.4215
    7.5000   22.5000  -22.500010316.7354   21.4323
   -7.5000   30.0000  -22.5000 9210.2021   21.1409
    0.0000   30.0000  -22.5000 9640.7754   21.1620
    7.5000   30.0000  -22.5000 9158.7188   21.1706
   -7.5000   37.5000  -22.5000 8369.6602   21.1481
    0.0000   37.5000  -22.5000 8758.7490   21.1710
    7.5000   37.5000  -22.5000 8308.3887   21.1681
   -7.5000   45.0000  -22.5000 7273.3804   20.7475
    0.0000   45.0000  -22.5000 7575.6670   20.7702
    7.5000   45.0000  -22.5000 7211.0190   20.7582
   -7.5000  -45.0000  -15.000011833.7305   21.9132
    0.0000  -45.0000  -15.000012416.3555   21.9414
    7.5000  -45.0000  -15.000011797.6143   21.9333
   -7.5000  -37.5000  -15.000012075.3320   21.9135
    0.0000  -37.5000  -15.000012701.8320   21.9415
    7.5000  -37.5000  -15.000012035.8301   21.9300
   -7.5000  -30.0000  -15.000012744.5869   21.9073
    0.0000  -30.0000  -15.000013408.5859   21.9354
    7.5000  -30.0000  -15.000012679.4219   21.9303
   -7.5000  -22.5000  -15.000013358.0664   21.9059
    0.0000  -22.5000  -15.000014085.1074   21.9320
    7.5000  -22.5000  -15.000013296.0762   21.9361
   -7.5000  -15.0000  -15.000013958.1475   21.9075
    0.0000  -15.0000  -15.000014673.9971   21.9334
    7.5000  -15.0000  -15.000013875.6426   21.9398
   -7.5000   -7.5000  -15.000014338.1270   21.9086
    0.0000   -7.5000  -15.000015049.5938   21.9367
    7.5000   -7.5000  -15.000014255.1504   21.9374
   -7.5000    0.0000  -15.000014508.7881   21.9132
    0.0000    0.0000  -15.000015208.8486   21.9414
    7.5000    0.0000  -15.000014453.7285   21.9333
   -7.5000    7.5000  -15.000013328.5684   21.9135
    0.0000    7.5000  -15.000013969.8291   21.9415
    7.5000    7.5000  -15.000013287.7842   21.9300
   -7.5000   15.0000  -15.000012098.9395   21.9073
    0.0000   15.0000  -15.000012676.9502   21.9354
    7.5000   15.0000  -15.000012054.1270   21.9303
   -7.5000   22.5000  -15.000010938.2314   21.8981
    0.0000   22.5000  -15.000011425.7529   21.9242
    7.5000   22.5000  -15.000010882.1455   21.9283
   -7.5000   30.0000  -15.0000 9731.4033   21.6239
    0.0000   30.0000  -15.000010184.5684   21.6495
    7.5000   30.0000  -15.0000 9661.2217   21.6558
   -7.5000   37.5000  -15.0000 8840.0127   21.6251
    0.0000   37.5000  -15.0000 9237.7744   21.6528
    7.5000   37.5000  -15.0000 8761.7441   21.6535
   -7.5000   45.0000  -15.0000 7670.6543   21.2292
    0.0000   45.0000  -15.0000 8017.9404   21.2565
    7.5000   45.0000  -15.0000 7600.1357   21.2488
   -7.5000  -45.0000   -7.500012603.0439   22.1505
    0.0000  -45.0000   -7.500013204.5586   22.1850
    7.5000  -45.0000   -7.500012554.0713   22.1867
   -7.5000  -37.5000   -7.500012837.7510   22.1579
    0.0000  -37.5000   -7.500013474.3477   22.1902
    7.5000  -37.5000   -7.500012784.3809   22.1870
   -7.5000  -30.0000   -7.500013532.4375   22.1595
    0.0000  -30.0000   -7.500014232.5596   22.1914
    7.5000  -30.0000   -7.500013462.7471   22.1898
   -7.5000  -22.5000   -7.500014201.8086   22.1568
    0.0000  -22.5000   -7.500014927.0479   22.1894
    7.5000  -22.5000   -7.500014116.0938   22.1935
   -7.5000  -15.0000   -7.500014788.9854   22.1509
    0.0000  -15.0000   -7.500015551.0596   22.1865
    7.5000  -15.0000   -7.500014710.0186   22.1942
   -7.5000   -7.5000   -7.500015154.7139   22.1462
    0.0000   -7.5000   -7.500015906.5156   22.1833
    7.5000   -7.5000   -7.500015069.7646   22.1902
   -7.5000    0.0000   -7.500015306.7549   22.1505
    0.0000    0.0000   -7.500016053.7705   22.1850
    7.5000    0.0000   -7.500015235.8496   22.1867
   -7.5000    7.5000   -7.500014099.8613   22.1579
    0.0000    7.5000   -7.500014775.0645   22.1902
    7.5000    7.5000   -7.500014039.9658   22.1870
   -7.5000   15.0000   -7.500012812.7588   22.1595
    0.0000   15.0000   -7.500013410.9463   22.1914
    7.5000   15.0000   -7.500012736.9990   22.1898
   -7.5000   22.5000   -7.500011599.3926   22.1466
    0.0000   22.5000   -7.500012128.1074   22.1791
    7.5000   22.5000   -7.500011494.1377   22.1833
   -7.5000   30.0000   -7.500010289.4893   21.8636
    0.0000   30.0000   -7.500010782.9258   21.8988
    7.5000   30.0000   -7.500010184.9570   21.9064
   -7.5000   37.5000   -7.5000 9319.7305   21.8590
    0.0000   37.5000   -7.5000 9762.4639   21.8957
    7.5000   37.5000   -7.5000 9224.9932   21.9024
   -7.5000   45.0000   -7.5000 8081.0225   21.4640
    0.0000   45.0000   -7.5000 8472.8467   21.4973
    7.5000   45.0000   -7.5000 8005.7622   21.4991
   -7.5000  -45.0000    0.000013304.5176   22.2028
    0.0000  -45.0000    0.000013913.7861   22.2395
    7.5000  -45.0000    0.000013246.9160   22.2456
   -7.5000  -37.5000    0.000013567.0615   22.2073
    0.0000  -37.5000    0.000014208.9395   22.2406
    7.5000  -37.5000    0.000013491.1445   22.2455
   -7.5000  -30.0000    0.000014289.2188   22.2087
    0.0000  -30.0000    0.000014985.4316   22.2413
    7.5000  -30.0000    0.000014214.4668   22.2487
   -7.5000  -22.5000    0.000014955.0713   22.2081
    0.0000  -22.5000    0.000015652.5938   22.2439
    7.5000  -22.5000    0.000014853.6465   22.2546
   -7.5000  -15.0000    0.000015559.6074   22.2064
    0.0000  -15.0000    0.000016289.9814   22.2477
    7.5000  -15.0000    0.000015437.9746   22.2589
   -7.5000   -7.5000    0.000015948.4785   22.2027
    0.0000   -7.5000    0.000016695.4785   22.2440
    7.5000   -7.5000    0.000015822.4082   22.2533
   -7.5000    0.0000    0.000016111.0908   22.2028
    0.0000    0.0000    0.000016862.6465   22.2395
    7.5000    0.0000    0.000015954.6357   22.2456
   -7.5000    7.5000    0.000014856.0625   22.2073
    0.0000    7.5000    0.000015543.2334   22.2406
    7.5000    7.5000    0.000014718.8789   22.2455
   -7.5000   15.0000    0.000013507.0840   22.2087
    0.0000   15.0000    0.000014140.3633   22.2413
    7.5000   15.0000    0.000013406.4609   22.2487
   -7.5000   22.5000    0.000012225.0801   22.1978
    0.0000   22.5000    0.000012780.3721   22.2337
    7.5000   22.5000    0.000012087.1016   22.2444
   -7.5000   30.0000    0.000010830.0254   21.9190
    0.0000   30.0000    0.000011325.1670   21.9597
    7.5000   30.0000    0.000010677.6895   21.9708
   -7.5000   37.5000    0.0000 9757.5039   21.9153
    0.0000   37.5000    0.000010223.3906   21.9561
    7.5000   37.5000    0.0000 9624.8447   21.9653
   -7.5000   45.0000    0.0000 8421.1006   21.5185
    0.0000   45.0000    0.0000 8828.8037   21.5543
    7.5000   45.0000    0.0000 8320.8047   21.5602
   -7.5000  -45.0000    7.500012984.8037   22.2294
    0.0000  -45.0000    7.500013525.0645   22.2605
    7.5000  -45.0000    7.500012906.3545   22.2616
   -7.5000  -37.5000    7.500013323.0596   22.2219
    0.0000  -37.5000    7.500013987.7959   22.2507
    7.5000  -37.5000    7.500013243.2520   22.2556
   -7.5000  -30.0000    7.500014116.5391   22.2167
    0.0000  -30.0000    7.500014842.5400   22.2452
    7.5000  -30.0000    7.500014044.9805   22.2587
   -7.5000  -22.5000    7.500014741.2842   22.2230
    0.0000  -22.5000    7.500015403.7021   22.2547
    7.5000  -22.5000    7.500014616.1143   22.2725
   -7.5000  -15.0000    7.500015282.6387   22.2353
    0.0000  -15.0000    7.500015928.2471   22.2717
    7.5000  -15.0000    7.500015111.7529   22.2856
   -7.5000   -7.5000    7.500015630.9375   22.2365
    0.0000   -7.5000    7.500016298.5576   22.2721
    7.5000   -7.5000    7.500015426.4033   22.2778
   -7.5000    0.0000    7.500015729.2578   22.2294
    0.0000    0.0000    7.500016388.8359   22.2605
    7.5000    0.0000    7.500015477.7080   22.2616
   -7.5000    7.5000    7.500014428.7744   22.2219
    0.0000    7.5000    7.500015053.0361   22.2507
    7.5000    7.5000    7.500014244.3359   22.2556
   -7.5000   15.0000    7.500013123.7334   22.2167
    0.0000   15.0000    7.500013720.3252   22.2452
    7.5000   15.0000    7.500013002.7207   22.2587
   -7.5000   22.5000    7.500011874.2529   22.2127
    0.0000   22.5000    7.500012397.5400   22.2444
    7.5000   22.5000    7.500011736.5156   22.2623
   -7.5000   30.0000    7.500010523.7129   21.9476
    0.0000   30.0000    7.500010994.3564   21.9835
    7.5000   30.0000    7.500010380.6455   21.9972
   -7.5000   37.5000    7.5000 9470.2539   21.9488
    0.0000   37.5000    7.5000 9909.8252   21.9839
    7.5000   37.5000    7.5000 9337.1006   21.9895
   -7.5000   45.0000    7.5000 8143.3394   21.5453
    0.0000   45.0000    7.5000 8497.8232   21.5760
    7.5000   45.0000    7.5000 8051.4541   21.5772
   -7.5000  -45.0000   15.000012492.4570   22.2511
    0.0000  -45.0000   15.000013037.1699   22.2759
    7.5000  -45.0000   15.000012433.5615   22.2675
   -7.5000  -37.5000   15.000012911.1221   22.2353
    0.0000  -37.5000   15.000013636.2568   22.2591
    7.5000  -37.5000   15.000012804.4355   22.2562
   -7.5000  -30.0000   15.000013822.8887   22.2227
    0.0000  -30.0000   15.000014596.9736   22.2462
    7.5000  -30.0000   15.000013643.2500   22.2567
   -7.5000  -22.5000   15.000014408.8613   22.2317
    0.0000  -22.5000   15.000015080.2979   22.2561
    7.5000  -22.5000   15.000014156.9199   22.2745
   -7.5000  -15.0000   15.000014827.7725   22.2533
    0.0000  -15.0000   15.000015435.7275   22.2800
    7.5000  -15.0000   15.000014556.9688   22.2929
   -7.5000   -7.5000   15.000015095.3545   22.2599
    0.0000   -7.5000   15.000015702.3242   22.2869
    7.5000   -7.5000   15.000014845.1719   22.2865
   -7.5000    0.0000   15.000015085.4268   22.2511
    0.0000    0.0000   15.000015679.9268   22.2759
    7.5000    0.0000   15.000014875.5820   22.2675
   -7.5000    7.5000   15.000013877.0947   22.2353
    0.0000    7.5000   15.000014422.7520   22.2591
    7.5000    7.5000   15.000013735.7363   22.2562
   -7.5000   15.0000   15.000012648.0791   22.2227
    0.0000   15.0000   15.000013152.5107   22.2462
    7.5000   15.0000   15.000012542.2676   22.2567
   -7.5000   22.5000   15.000011440.9932   22.2215
    0.0000   22.5000   15.000011907.7773   22.2459
    7.5000   22.5000   15.000011322.6553   22.2642
   -7.5000   30.0000   15.000010091.5361   21.9653
    0.0000   30.0000   15.000010536.0020   21.9916
    7.5000   30.0000   15.000010014.5234   22.0044
   -7.5000   37.5000   15.0000 9086.8135   21.9719
    0.0000   37.5000   15.0000 9469.3369   21.9985
    7.5000   37.5000   15.0000 8982.4502   21.9981
   -7.5000   45.0000   15.0000 7788.8394   21.5657
    0.0000   45.0000   15.0000 8096.0879   21.5902
    7.5000   45.0000   15.0000 7698.6152   21.5825
   -7.5000  -45.0000   22.500011960.6025   22.2432
    0.0000  -45.0000   22.500012536.0488   22.2675
    7.5000  -45.0000   22.500011910.3135   22.2543
   -7.5000  -37.5000   22.500012272.3125   22.2323
    0.0000  -37.5000   22.500012907.5176   22.2566
    7.5000  -37.5000   22.500012239.5430   22.2451
   -7.5000  -30.0000   22.500013005.6465   22.2184
    0.0000  -30.0000   22.500013600.1514   22.2426
    7.5000  -30.0000   22.500012966.4785   22.2435
   -7.5000  -22.5000   22.500013601.6455   22.2218
    0.0000  -22.5000   22.500014178.9570   22.2441
    7.5000  -22.5000   22.500013538.4082   22.2553
   -7.5000  -15.0000   22.500014126.7422   22.2368
    0.0000  -15.0000   22.500014723.4023   22.2591
    7.5000  -15.0000   22.500014020.6777   22.2681
   -7.5000   -7.5000   22.500014435.9395   22.2443
    0.0000   -7.5000   22.500015019.1592   22.2684
    7.5000   -7.5000   22.500014312.1924   22.2654
   -7.5000    0.0000   22.500014374.6914   22.2432
    0.0000    0.0000   22.500014937.6602   22.2675
    7.5000    0.0000   22.500014244.9775   22.2543
   -7.5000    7.5000   22.500013243.4492   22.2323
    0.0000    7.5000   22.500013755.3438   22.2566
    7.5000    7.5000   22.500013124.4199   22.2451
   -7.5000   15.0000   22.500012040.6562   22.2184
    0.0000   15.0000   22.500012517.9287   22.2426
    7.5000   15.0000   22.500011950.0303   22.2435
   -7.5000   22.5000   22.500010854.9424   22.2116
    0.0000   22.5000   22.500011320.5342   22.2339
    7.5000   22.5000   22.500010782.9922   22.2451
   -7.5000   30.0000   22.5000 9587.2402   21.9490
    0.0000   30.0000   22.5000 9993.6719   21.9710
    7.5000   30.0000   22.5000 9523.7422   21.9799
   -7.5000   37.5000   22.5000 8645.3906   21.9565
    0.0000   37.5000   22.5000 9004.4707   21.9802
    7.5000   37.5000   22.5000 8568.7754   21.9773
   -7.5000   45.0000   22.5000 7410.8823   21.5562
    0.0000   45.0000   22.5000 7682.5449   21.5799
    7.5000   45.0000   22.5000 7333.2031   21.5674
   -7.5000  -45.0000   30.000011252.2715   22.2149
    0.0000  -45.0000   30.000011777.8945   22.2435
    7.5000  -45.0000   30.000011232.0850   22.2353
   -7.5000  -37.5000   30.000011539.8438   22.2152
    0.0000  -37.5000   30.000012055.6494   22.2436
    7.5000  -37.5000   30.000011517.2344   22.2319
   -7.5000  -30.0000   30.000012154.5645   22.2089
    0.0000  -30.0000   30.000012622.5752   22.2374
    7.5000  -30.0000   30.000012119.7305   22.2322
   -7.5000  -22.5000   30.000012672.8887   22.2075
    0.0000  -22.5000   30.000013156.3994   22.2340
    7.5000  -22.5000   30.000012663.4531   22.2381
   -7.5000  -15.0000   30.000013190.3242   22.2091
    0.0000  -15.0000   30.000013715.9316   22.2355
    7.5000  -15.0000   30.000013169.8027   22.2419
   -7.5000   -7.5000   30.000013576.8320   22.2103
    0.0000   -7.5000   30.000014098.7373   22.2388
    7.5000   -7.5000   30.000013511.4229   22.2395
   -7.5000    0.0000   30.000013560.3281   22.2149
    0.0000    0.0000   30.000014058.5850   22.2435
    7.5000    0.0000   30.000013450.1699   22.2353
   -7.5000    7.5000   30.000012498.7334   22.2152
    0.0000    7.5000   30.000012963.7979   22.2436
    7.5000    7.5000   30.000012392.4736   22.2319
   -7.5000   15.0000   30.000011364.4268   22.2089
    0.0000   15.0000   30.000011790.5391   22.2374
    7.5000   15.0000   30.000011264.1885   22.2322
   -7.5000   22.5000   30.000010216.5254   22.1972
    0.0000   22.5000   30.000010632.9834   22.2237
    7.5000   22.5000   30.000010127.9463   22.2279
   -7.5000   30.0000   30.0000 8986.9473   21.9217
    0.0000   30.0000   30.0000 9350.8887   21.9477
    7.5000   30.0000   30.0000 8929.3467   21.9541
   -7.5000   37.5000   30.0000 8121.7388   21.9229
    0.0000   37.5000   30.0000 8429.3926   21.9511
    7.5000   37.5000   30.0000 8038.1372   21.9517
   -7.5000   45.0000   30.0000 6973.9043   21.5272
    0.0000   45.0000   30.0000 7220.1543   21.5548
    7.5000   45.0000   30.0000 6902.4644   21.5471
   -7.5000  -45.0000   37.500010897.3799   22.3572
    0.0000  -45.0000   37.500011409.1230   22.3903
    7.5000  -45.0000   37.500010901.2002   22.3928
   -7.5000  -37.5000   37.500011169.2715   22.3646
    0.0000  -37.5000   37.500011660.3359   22.3955
    7.5000  -37.5000   37.500011150.0127   22.3929
   -7.5000  -30.0000   37.500011795.1445   22.3659
    0.0000  -30.0000   37.500012234.9180   22.3964
    7.5000  -30.0000   37.500011734.3945   22.3952
   -7.5000  -22.5000   37.500012317.3311   22.3628
    0.0000  -22.5000   37.500012775.4004   22.3942
    7.5000  -22.5000   37.500012265.7197   22.3987
   -7.5000  -15.0000   37.500012822.5957   22.3569
    0.0000  -15.0000   37.500013320.4824   22.3915
    7.5000  -15.0000   37.500012766.7773   22.3996
   -7.5000   -7.5000   37.500013231.9453   22.3525
    0.0000   -7.5000   37.500013733.9160   22.3884
    7.5000   -7.5000   37.500013141.6777   22.3960
   -7.5000    0.0000   37.500013212.1494   22.3572
    0.0000    0.0000   37.500013710.2217   22.3903
    7.5000    0.0000   37.500013086.2998   22.3928
   -7.5000    7.5000   37.500012184.1328   22.3646
    0.0000    7.5000   37.500012631.7119   22.3955
    7.5000    7.5000   37.500012040.0830   22.3929
   -7.5000   15.0000   37.500011102.4697   22.3659
    0.0000   15.0000   37.500011524.3691   22.3964
    7.5000   15.0000   37.500010965.4658   22.3952
   -7.5000   22.5000   37.5000 9932.3760   22.3525
    0.0000   22.5000   37.500010308.0088   22.3838
    7.5000   22.5000   37.5000 9818.2979   22.3884
   -7.5000   30.0000   37.5000 8708.7354   22.0676
    0.0000   30.0000   37.5000 9026.7803   22.1017
    7.5000   30.0000   37.5000 8626.0693   22.1098
   -7.5000   37.5000   37.5000 7860.4473   22.0633
    0.0000   37.5000   37.5000 8138.9287   22.0987
    7.5000   37.5000   37.5000 7787.2783   22.1062
   -7.5000   45.0000   37.5000 6790.8647   21.6668
    0.0000   45.0000   37.5000 7010.5928   21.6988
    7.5000   45.0000   37.5000 6708.1543   21.7012
   -7.5000  -45.0000   45.000010038.1318   22.4753
    0.0000  -45.0000   45.000010505.4180   22.5116
    7.5000  -45.0000   45.000010011.9443   22.5187
   -7.5000  -37.5000   45.000010294.8994   22.4798
    0.0000  -37.5000   45.000010731.6064   22.5120
    7.5000  -37.5000   45.000010254.4424   22.5171
   -7.5000  -30.0000   45.000010846.3135   22.4820
    0.0000  -30.0000   45.000011291.3369   22.5134
    7.5000  -30.0000   45.000010794.7363   22.5207
   -7.5000  -22.5000   45.000011340.5781   22.4824
    0.0000  -22.5000   45.000011822.4678   22.5179
    7.5000  -22.5000   45.000011306.0410   22.5285
   -7.5000  -15.0000   45.000011809.3691   22.4809
    0.0000  -15.0000   45.000012315.2930   22.5228
    7.5000  -15.0000   45.000011773.0898   22.5345
   -7.5000   -7.5000   45.000012211.2832   22.4761
    0.0000   -7.5000   45.000012704.9229   22.5180
    7.5000   -7.5000   45.000012124.4238   22.5282
   -7.5000    0.0000   45.000012199.3682   22.4753
    0.0000    0.0000   45.000012682.6855   22.5116
    7.5000    0.0000   45.000012091.6855   22.5187
   -7.5000    7.5000   45.000011234.8320   22.4798
    0.0000    7.5000   45.000011685.0957   22.5120
    7.5000    7.5000   45.000011152.5742   22.5171
   -7.5000   15.0000   45.000010265.4873   22.4820
    0.0000   15.0000   45.000010679.6309   22.5134
    7.5000   15.0000   45.000010169.7100   22.5207
   -7.5000   22.5000   45.0000 9180.2061   22.4720
    0.0000   22.5000   45.0000 9547.1582   22.5075
    7.5000   22.5000   45.0000 9097.7354   22.5181
   -7.5000   30.0000   45.0000 8056.5820   22.1880
    0.0000   30.0000   45.0000 8375.3975   22.2293
    7.5000   30.0000   45.0000 7976.7949   22.2409
   -7.5000   37.5000   45.0000 7268.5474   22.1833
    0.0000   37.5000   45.0000 7531.8818   22.2246
    7.5000   37.5000   45.0000 7192.7061   22.2348
   -7.5000   45.0000   45.0000 6281.9814   21.7944
    0.0000   45.0000   45.0000 6497.6035   21.8300
    7.5000   45.0000   45.0000 6216.0825   21.8368

---------------------------------------------------------------------
imgreg_4dfp /opt/freesurfer/average/711-2C_as_mni_average_305 /opt/freesurfer/average/711-2B_as_mni_average_305_mask talsrcimg_g11 none talsrcimg_to_711-2C_as_mni_average_305_t4 4355
---------------------------------------------------------------------

freesurfer imgreg_4dfp.c
/opt/freesurfer/average/711-2C_as_mni_average_305.4dfp.img
       256       256       256         1
  1.000000  1.000000  1.000000
orientation T byte_order littleendian
Reading image: /opt/freesurfer/average/711-2C_as_mni_average_305.4dfp.img
dimensions:      256       256       256
mmppix:       1.0000   -1.0000   -1.0000
center:     128.0000 -129.0000 -129.0000
/opt/freesurfer/average/711-2B_as_mni_average_305_mask.4dfp.img
       256       256       256         1
  1.000000  1.000000  1.000000
orientation T byte_order littleendian
Reading mask: /opt/freesurfer/average/711-2B_as_mni_average_305_mask.4dfp.img (2306576 pixels)
talsrcimg_g11.4dfp.img
       256       256       256         1
  1.000000  1.000000  1.000000
orientation T byte_order littleendian
Reading image: talsrcimg_g11.4dfp.img
dimensions:      256       256       256
mmppix:       1.0000   -1.0000   -1.0000
center:     128.0000 -129.0000 -129.0000
rotation matrix determinant  1.000000
image alignment mode   4355 decimal     1103 hex
   -7.5000  -45.0000  -45.0000 2192.4048   18.4484
    0.0000  -45.0000  -45.0000 2210.0469   18.3885
    7.5000  -45.0000  -45.0000 2189.1550   18.4989
   -7.5000  -37.5000  -45.0000 2218.0403   17.8447
    0.0000  -37.5000  -45.0000 2234.8469   17.7623
    7.5000  -37.5000  -45.0000 2215.7405   17.8663
   -7.5000  -30.0000  -45.0000 2226.6797   17.7013
    0.0000  -30.0000  -45.0000 2242.9558   17.5536
    7.5000  -30.0000  -45.0000 2223.4517   17.7052
   -7.5000  -22.5000  -45.0000 2216.1775   17.9579
    0.0000  -22.5000  -45.0000 2232.2432   17.8738
    7.5000  -22.5000  -45.0000 2208.9453   18.0151
   -7.5000  -15.0000  -45.0000 2185.2686   18.6502
    0.0000  -15.0000  -45.0000 2199.9590   18.5411
    7.5000  -15.0000  -45.0000 2174.4219   18.7075
   -7.5000   -7.5000  -45.0000 2133.7146   19.7109
    0.0000   -7.5000  -45.0000 2150.1501   19.5888
    7.5000   -7.5000  -45.0000 2129.4265   19.7430
   -7.5000    0.0000  -45.0000 2065.5752   21.1490
    0.0000    0.0000  -45.0000 2082.6567   21.0221
    7.5000    0.0000  -45.0000 2061.8708   21.2000
   -7.5000    7.5000  -45.0000 1982.9124   23.0653
    0.0000    7.5000  -45.0000 1998.7953   22.9156
    7.5000    7.5000  -45.0000 1979.2360   23.1319
   -7.5000   15.0000  -45.0000 1880.6239   25.6717
    0.0000   15.0000  -45.0000 1895.5342   25.4941
    7.5000   15.0000  -45.0000 1873.0681   25.8265
   -7.5000   22.5000  -45.0000 1768.3691   29.3858
    0.0000   22.5000  -45.0000 1785.0487   29.1319
    7.5000   22.5000  -45.0000 1759.9734   29.4815
   -7.5000   30.0000  -45.0000 1650.7454   34.5222
    0.0000   30.0000  -45.0000 1663.1754   34.1320
    7.5000   30.0000  -45.0000 1642.9650   34.5270
   -7.5000   37.5000  -45.0000 1517.4852   41.4921
    0.0000   37.5000  -45.0000 1525.9419   40.9239
    7.5000   37.5000  -45.0000 1509.7023   41.4302
   -7.5000   45.0000  -45.0000 1395.1947   51.6638
    0.0000   45.0000  -45.0000 1409.0073   50.9074
    7.5000   45.0000  -45.0000 1385.1173   51.6244
   -7.5000  -45.0000  -37.5000 2301.9563   17.0373
    0.0000  -45.0000  -37.5000 2315.8232   16.9659
    7.5000  -45.0000  -37.5000 2287.9961   17.0960
   -7.5000  -37.5000  -37.5000 2322.4377   16.4742
    0.0000  -37.5000  -37.5000 2341.2935   16.3913
    7.5000  -37.5000  -37.5000 2313.4661   16.5259
   -7.5000  -30.0000  -37.5000 2334.3647   16.2512
    0.0000  -30.0000  -37.5000 2350.7878   16.1383
    7.5000  -30.0000  -37.5000 2327.9524   16.3004
   -7.5000  -22.5000  -37.5000 2320.5266   16.5020
    0.0000  -22.5000  -37.5000 2335.4126   16.3614
    7.5000  -22.5000  -37.5000 2313.1716   16.5196
   -7.5000  -15.0000  -37.5000 2285.6121   17.1010
    0.0000  -15.0000  -37.5000 2302.4358   16.9791
    7.5000  -15.0000  -37.5000 2277.0061   17.1491
   -7.5000   -7.5000  -37.5000 2235.5823   18.1179
    0.0000   -7.5000  -37.5000 2256.3015   17.9644
    7.5000   -7.5000  -37.5000 2231.0220   18.0932
   -7.5000    0.0000  -37.5000 2161.5669   19.4350
    0.0000    0.0000  -37.5000 2179.8992   19.2874
    7.5000    0.0000  -37.5000 2155.6614   19.4156
   -7.5000    7.5000  -37.5000 2074.3320   21.1489
    0.0000    7.5000  -37.5000 2089.6355   21.0199
    7.5000    7.5000  -37.5000 2069.9077   21.1648
   -7.5000   15.0000  -37.5000 1968.8212   23.4999
    0.0000   15.0000  -37.5000 1980.9086   23.3413
    7.5000   15.0000  -37.5000 1963.8130   23.5336
   -7.5000   22.5000  -37.5000 1850.2838   26.7904
    0.0000   22.5000  -37.5000 1865.8635   26.6008
    7.5000   22.5000  -37.5000 1847.1776   26.7897
   -7.5000   30.0000  -37.5000 1718.8306   31.2950
    0.0000   30.0000  -37.5000 1730.0641   31.0756
    7.5000   30.0000  -37.5000 1716.5612   31.2610
   -7.5000   37.5000  -37.5000 1584.1198   37.4360
    0.0000   37.5000  -37.5000 1593.5571   37.0173
    7.5000   37.5000  -37.5000 1578.6454   37.3846
   -7.5000   45.0000  -37.5000 1443.4014   46.2133
    0.0000   45.0000  -37.5000 1460.0095   45.5304
    7.5000   45.0000  -37.5000 1445.6727   46.0704
   -7.5000  -45.0000  -30.0000 2441.5664   16.3162
    0.0000  -45.0000  -30.0000 2453.6873   16.2498
    7.5000  -45.0000  -30.0000 2432.2625   16.3526
   -7.5000  -37.5000  -30.0000 2476.8035   15.7768
    0.0000  -37.5000  -30.0000 2495.0981   15.6782
    7.5000  -37.5000  -30.0000 2471.0208   15.8092
   -7.5000  -30.0000  -30.0000 2489.7676   15.5683
    0.0000  -30.0000  -30.0000 2502.5854   15.4592
    7.5000  -30.0000  -30.0000 2478.2688   15.6197
   -7.5000  -22.5000  -30.0000 2474.4294   15.7652
    0.0000  -22.5000  -30.0000 2490.4702   15.6136
    7.5000  -22.5000  -30.0000 2467.3667   15.7767
   -7.5000  -15.0000  -30.0000 2435.3167   16.3129
    0.0000  -15.0000  -30.0000 2451.3352   16.1705
    7.5000  -15.0000  -30.0000 2428.9607   16.3191
   -7.5000   -7.5000  -30.0000 2380.8616   17.2386
    0.0000   -7.5000  -30.0000 2401.3286   17.0859
    7.5000   -7.5000  -30.0000 2377.7595   17.2287
   -7.5000    0.0000  -30.0000 2302.6948   18.4656
    0.0000    0.0000  -30.0000 2319.0154   18.3342
    7.5000    0.0000  -30.0000 2296.8186   18.4639
   -7.5000    7.5000  -30.0000 2204.1016   20.1158
    0.0000    7.5000  -30.0000 2221.1138   19.9618
    7.5000    7.5000  -30.0000 2199.6240   20.1008
   -7.5000   15.0000  -30.0000 2085.5769   22.3116
    0.0000   15.0000  -30.0000 2103.0107   22.1557
    7.5000   15.0000  -30.0000 2084.6355   22.3135
   -7.5000   22.5000  -30.0000 1961.5662   25.3778
    0.0000   22.5000  -30.0000 1975.7172   25.2055
    7.5000   22.5000  -30.0000 1958.9296   25.3431
   -7.5000   30.0000  -30.0000 1822.9375   29.5218
    0.0000   30.0000  -30.0000 1839.4097   29.3388
    7.5000   30.0000  -30.0000 1818.8662   29.5178
   -7.5000   37.5000  -30.0000 1676.2013   35.2311
    0.0000   37.5000  -30.0000 1690.0950   34.8770
    7.5000   37.5000  -30.0000 1670.0884   35.1959
   -7.5000   45.0000  -30.0000 1527.5226   43.1306
    0.0000   45.0000  -30.0000 1540.7567   42.6179
    7.5000   45.0000  -30.0000 1527.9241   43.1040
   -7.5000  -45.0000  -22.5000 2557.9917   15.4980
    0.0000  -45.0000  -22.5000 2573.2273   15.4247
    7.5000  -45.0000  -22.5000 2555.2559   15.4891
   -7.5000  -37.5000  -22.5000 2602.3276   14.9671
    0.0000  -37.5000  -22.5000 2620.9980   14.8812
    7.5000  -37.5000  -22.5000 2593.2576   14.9873
   -7.5000  -30.0000  -22.5000 2620.1365   14.7562
    0.0000  -30.0000  -22.5000 2634.6123   14.6835
    7.5000  -30.0000  -22.5000 2604.2456   14.8147
   -7.5000  -22.5000  -22.5000 2604.7324   14.8751
    0.0000  -22.5000  -22.5000 2628.4636   14.7899
    7.5000  -22.5000  -22.5000 2597.8354   14.9350
   -7.5000  -15.0000  -22.5000 2566.5037   15.3879
    0.0000  -15.0000  -22.5000 2590.4333   15.2919
    7.5000  -15.0000  -22.5000 2561.1758   15.4279
   -7.5000   -7.5000  -22.5000 2506.5835   16.2467
    0.0000   -7.5000  -22.5000 2529.2036   16.1092
    7.5000   -7.5000  -22.5000 2502.2710   16.2660
   -7.5000    0.0000  -22.5000 2416.2290   17.3881
    0.0000    0.0000  -22.5000 2438.5378   17.2635
    7.5000    0.0000  -22.5000 2417.3652   17.4124
   -7.5000    7.5000  -22.5000 2308.1511   18.9901
    0.0000    7.5000  -22.5000 2329.6726   18.8122
    7.5000    7.5000  -22.5000 2310.4968   18.9917
   -7.5000   15.0000  -22.5000 2179.8948   21.0684
    0.0000   15.0000  -22.5000 2202.0276   20.9062
    7.5000   15.0000  -22.5000 2183.2395   21.0708
   -7.5000   22.5000  -22.5000 2048.2732   23.8763
    0.0000   22.5000  -22.5000 2065.4565   23.7342
    7.5000   22.5000  -22.5000 2051.5750   23.8574
   -7.5000   30.0000  -22.5000 1899.8003   27.7187
    0.0000   30.0000  -22.5000 1919.4764   27.5749
    7.5000   30.0000  -22.5000 1900.9257   27.6949
   -7.5000   37.5000  -22.5000 1745.0359   32.9084
    0.0000   37.5000  -22.5000 1764.4436   32.6862
    7.5000   37.5000  -22.5000 1749.5726   32.8587
   -7.5000   45.0000  -22.5000 1589.8318   40.2366
    0.0000   45.0000  -22.5000 1603.1819   39.8447
    7.5000   45.0000  -22.5000 1591.9122   40.1411
   -7.5000  -45.0000  -15.0000 2642.5305   14.6964
    0.0000  -45.0000  -15.0000 2662.3740   14.6326
    7.5000  -45.0000  -15.0000 2639.7881   14.7090
   -7.5000  -37.5000  -15.0000 2694.7568   14.1601
    0.0000  -37.5000  -15.0000 2717.5552   14.0857
    7.5000  -37.5000  -15.0000 2687.5137   14.1801
   -7.5000  -30.0000  -15.0000 2720.6082   13.9374
    0.0000  -30.0000  -15.0000 2740.4722   13.8894
    7.5000  -30.0000  -15.0000 2707.3235   13.9866
   -7.5000  -22.5000  -15.0000 2718.3328   14.0413
    0.0000  -22.5000  -15.0000 2744.6111   13.9840
    7.5000  -22.5000  -15.0000 2707.4175   14.1007
   -7.5000  -15.0000  -15.0000 2680.3608   14.5459
    0.0000  -15.0000  -15.0000 2709.1274   14.4268
    7.5000  -15.0000  -15.0000 2673.1909   14.5652
   -7.5000   -7.5000  -15.0000 2608.9666   15.3321
    0.0000   -7.5000  -15.0000 2635.4399   15.1757
    7.5000   -7.5000  -15.0000 2602.4629   15.3354
   -7.5000    0.0000  -15.0000 2508.4614   16.3960
    0.0000    0.0000  -15.0000 2529.5579   16.2745
    7.5000    0.0000  -15.0000 2507.4841   16.4028
   -7.5000    7.5000  -15.0000 2386.1064   17.9228
    0.0000    7.5000  -15.0000 2406.0403   17.7743
    7.5000    7.5000  -15.0000 2385.3040   17.9456
   -7.5000   15.0000  -15.0000 2252.3904   19.9164
    0.0000   15.0000  -15.0000 2271.8423   19.7734
    7.5000   15.0000  -15.0000 2253.1667   19.9228
   -7.5000   22.5000  -15.0000 2117.6904   22.5908
    0.0000   22.5000  -15.0000 2130.6836   22.4474
    7.5000   22.5000  -15.0000 2115.8535   22.6053
   -7.5000   30.0000  -15.0000 1960.8837   26.1938
    0.0000   30.0000  -15.0000 1978.6296   26.0301
    7.5000   30.0000  -15.0000 1956.7893   26.1882
   -7.5000   37.5000  -15.0000 1801.8920   31.0409
    0.0000   37.5000  -15.0000 1815.4249   30.7685
    7.5000   37.5000  -15.0000 1799.9891   30.9441
   -7.5000   45.0000  -15.0000 1639.2612   37.7871
    0.0000   45.0000  -15.0000 1657.1949   37.3998
    7.5000   45.0000  -15.0000 1638.6844   37.6030
   -7.5000  -45.0000   -7.5000 2706.0723   13.9476
    0.0000  -45.0000   -7.5000 2727.5066   13.8899
    7.5000  -45.0000   -7.5000 2699.7461   14.0086
   -7.5000  -37.5000   -7.5000 2772.0315   13.4285
    0.0000  -37.5000   -7.5000 2794.3374   13.3632
    7.5000  -37.5000   -7.5000 2760.8525   13.4849
   -7.5000  -30.0000   -7.5000 2806.8115   13.1734
    0.0000  -30.0000   -7.5000 2837.7791   13.1134
    7.5000  -30.0000   -7.5000 2794.3164   13.2432
   -7.5000  -22.5000   -7.5000 2813.2632   13.2728
    0.0000  -22.5000   -7.5000 2842.6228   13.1862
    7.5000  -22.5000   -7.5000 2797.6743   13.3435
   -7.5000  -15.0000   -7.5000 2764.4824   13.7258
    0.0000  -15.0000   -7.5000 2796.0500   13.6243
    7.5000  -15.0000   -7.5000 2758.8787   13.7911
   -7.5000   -7.5000   -7.5000 2685.0154   14.4914
    0.0000   -7.5000   -7.5000 2710.5969   14.3736
    7.5000   -7.5000   -7.5000 2678.0339   14.5362
   -7.5000    0.0000   -7.5000 2577.8716   15.5321
    0.0000    0.0000   -7.5000 2603.0305   15.4122
    7.5000    0.0000   -7.5000 2573.4243   15.5968
   -7.5000    7.5000   -7.5000 2455.9211   16.9832
    0.0000    7.5000   -7.5000 2476.3557   16.8733
    7.5000    7.5000   -7.5000 2448.6270   17.0730
   -7.5000   15.0000   -7.5000 2314.5649   18.9123
    0.0000   15.0000   -7.5000 2330.6572   18.7760
    7.5000   15.0000   -7.5000 2305.6917   18.9746
   -7.5000   22.5000   -7.5000 2173.2329   21.5128
    0.0000   22.5000   -7.5000 2183.0889   21.3643
    7.5000   22.5000   -7.5000 2163.7429   21.5316
   -7.5000   30.0000   -7.5000 2005.0485   24.8666
    0.0000   30.0000   -7.5000 2020.0360   24.7213
    7.5000   30.0000   -7.5000 1999.6986   24.8960
   -7.5000   37.5000   -7.5000 1839.9996   29.2669
    0.0000   37.5000   -7.5000 1853.0654   29.0498
    7.5000   37.5000   -7.5000 1836.7993   29.2500
   -7.5000   45.0000   -7.5000 1673.1262   35.2795
    0.0000   45.0000   -7.5000 1693.8092   34.8946
    7.5000   45.0000   -7.5000 1677.8634   35.2184
   -7.5000  -45.0000    0.0000 2753.1338   13.4784
    0.0000  -45.0000    0.0000 2776.4531   13.3776
    7.5000  -45.0000    0.0000 2748.8250   13.5281
   -7.5000  -37.5000    0.0000 2830.7034   12.9311
    0.0000  -37.5000    0.0000 2856.8167   12.8479
    7.5000  -37.5000    0.0000 2822.5437   12.9791
   -7.5000  -30.0000    0.0000 2878.0947   12.6636
    0.0000  -30.0000    0.0000 2917.6162   12.5857
    7.5000  -30.0000    0.0000 2864.6282   12.7462
   -7.5000  -22.5000    0.0000 2886.5786   12.7234
    0.0000  -22.5000    0.0000 2925.4072   12.5950
    7.5000  -22.5000    0.0000 2865.3447   12.8325
   -7.5000  -15.0000    0.0000 2831.5522   13.1786
    0.0000  -15.0000    0.0000 2861.8259   13.0613
    7.5000  -15.0000    0.0000 2816.5190   13.2648
   -7.5000   -7.5000    0.0000 2745.1021   13.9170
    0.0000   -7.5000    0.0000 2773.6919   13.7896
    7.5000   -7.5000    0.0000 2736.8433   13.9846
   -7.5000    0.0000    0.0000 2633.6841   14.9276
    0.0000    0.0000    0.0000 2661.0269   14.7810
    7.5000    0.0000    0.0000 2628.9446   14.9994
   -7.5000    7.5000    0.0000 2500.9338   16.3615
    0.0000    7.5000    0.0000 2526.0942   16.2351
    7.5000    7.5000    0.0000 2495.1646   16.4346
   -7.5000   15.0000    0.0000 2354.9858   18.2521
    0.0000   15.0000    0.0000 2375.2075   18.1211
    7.5000   15.0000    0.0000 2349.7842   18.3252
   -7.5000   22.5000    0.0000 2203.5156   20.7105
    0.0000   22.5000    0.0000 2219.0945   20.5559
    7.5000   22.5000    0.0000 2197.9495   20.7716
   -7.5000   30.0000    0.0000 2037.2482   23.8405
    0.0000   30.0000    0.0000 2051.3970   23.6901
    7.5000   30.0000    0.0000 2031.3466   23.8772
   -7.5000   37.5000    0.0000 1867.4106   27.9662
    0.0000   37.5000    0.0000 1883.5383   27.7039
    7.5000   37.5000    0.0000 1864.7106   27.9453
   -7.5000   45.0000    0.0000 1694.3102   33.6087
    0.0000   45.0000    0.0000 1716.0768   33.2553
    7.5000   45.0000    0.0000 1699.0691   33.5433
   -7.5000  -45.0000    7.5000 2782.3884   13.1930
    0.0000  -45.0000    7.5000 2809.0942   13.0477
    7.5000  -45.0000    7.5000 2776.8533   13.2495
   -7.5000  -37.5000    7.5000 2872.9082   12.6865
    0.0000  -37.5000    7.5000 2908.7932   12.5672
    7.5000  -37.5000    7.5000 2868.9932   12.7216
   -7.5000  -30.0000    7.5000 2928.8481   12.4798
    0.0000  -30.0000    7.5000 2976.0715   12.3970
    7.5000  -30.0000    7.5000 2922.7388   12.5368
   -7.5000  -22.5000    7.5000 2936.2100   12.4961
    0.0000  -22.5000    7.5000 2982.0967   12.3627
    7.5000  -22.5000    7.5000 2913.3396   12.5929
   -7.5000  -15.0000    7.5000 2873.3618   12.8894
    0.0000  -15.0000    7.5000 2902.6626   12.7757
    7.5000  -15.0000    7.5000 2849.2107   12.9824
   -7.5000   -7.5000    7.5000 2781.3916   13.5508
    0.0000   -7.5000    7.5000 2811.1072   13.4007
    7.5000   -7.5000    7.5000 2770.5242   13.5887
   -7.5000    0.0000    7.5000 2663.0242   14.5888
    0.0000    0.0000    7.5000 2691.7659   14.4195
    7.5000    0.0000    7.5000 2660.7202   14.5929
   -7.5000    7.5000    7.5000 2527.6296   16.0092
    0.0000    7.5000    7.5000 2552.9175   15.8622
    7.5000    7.5000    7.5000 2521.6643   16.0196
   -7.5000   15.0000    7.5000 2378.2058   17.8290
    0.0000   15.0000    7.5000 2400.5857   17.6995
    7.5000   15.0000    7.5000 2376.9409   17.8474
   -7.5000   22.5000    7.5000 2225.1594   20.2111
    0.0000   22.5000    7.5000 2241.6963   20.0868
    7.5000   22.5000    7.5000 2225.5872   20.2156
   -7.5000   30.0000    7.5000 2056.2200   23.3114
    0.0000   30.0000    7.5000 2072.3083   23.1622
    7.5000   30.0000    7.5000 2054.9939   23.2747
   -7.5000   37.5000    7.5000 1879.1082   27.2904
    0.0000   37.5000    7.5000 1899.3613   27.0598
    7.5000   37.5000    7.5000 1880.7396   27.2084
   -7.5000   45.0000    7.5000 1703.8972   32.5226
    0.0000   45.0000    7.5000 1718.3053   32.1670
    7.5000   45.0000    7.5000 1709.1970   32.4267
   -7.5000  -45.0000   15.0000 2780.2866   13.1643
    0.0000  -45.0000   15.0000 2810.6667   13.0166
    7.5000  -45.0000   15.0000 2774.6350   13.2454
   -7.5000  -37.5000   15.0000 2880.7690   12.7007
    0.0000  -37.5000   15.0000 2920.3147   12.5821
    7.5000  -37.5000   15.0000 2871.7151   12.7330
   -7.5000  -30.0000   15.0000 2942.1694   12.5374
    0.0000  -30.0000   15.0000 2995.3982   12.4838
    7.5000  -30.0000   15.0000 2931.4180   12.5541
   -7.5000  -22.5000   15.0000 2951.5425   12.5233
    0.0000  -22.5000   15.0000 2999.5957   12.4224
    7.5000  -22.5000   15.0000 2928.8435   12.5692
   -7.5000  -15.0000   15.0000 2886.1167   12.7838
    0.0000  -15.0000   15.0000 2922.0767   12.6246
    7.5000  -15.0000   15.0000 2865.1135   12.8419
   -7.5000   -7.5000   15.0000 2786.1187   13.4381
    0.0000   -7.5000   15.0000 2813.6553   13.2795
    7.5000   -7.5000   15.0000 2773.7622   13.4960
   -7.5000    0.0000   15.0000 2664.0713   14.4653
    0.0000    0.0000   15.0000 2690.0186   14.3171
    7.5000    0.0000   15.0000 2663.3091   14.5091
   -7.5000    7.5000   15.0000 2529.2129   15.8594
    0.0000    7.5000   15.0000 2549.8459   15.7214
    7.5000    7.5000   15.0000 2528.1826   15.8957
   -7.5000   15.0000   15.0000 2380.5901   17.6525
    0.0000   15.0000   15.0000 2397.2703   17.5362
    7.5000   15.0000   15.0000 2377.9788   17.7235
   -7.5000   22.5000   15.0000 2225.1230   20.0009
    0.0000   22.5000   15.0000 2243.3616   19.8730
    7.5000   22.5000   15.0000 2221.5371   20.0684
   -7.5000   30.0000   15.0000 2054.6343   22.9808
    0.0000   30.0000   15.0000 2073.8821   22.8607
    7.5000   30.0000   15.0000 2057.9177   23.0233
   -7.5000   37.5000   15.0000 1876.3665   26.8238
    0.0000   37.5000   15.0000 1898.5347   26.7277
    7.5000   37.5000   15.0000 1878.8936   26.8629
   -7.5000   45.0000   15.0000 1704.8737   31.8874
    0.0000   45.0000   15.0000 1716.0448   31.6985
    7.5000   45.0000   15.0000 1703.4332   31.9202
   -7.5000  -45.0000   22.5000 2760.8667   13.4213
    0.0000  -45.0000   22.5000 2788.0706   13.2923
    7.5000  -45.0000   22.5000 2749.8792   13.5121
   -7.5000  -37.5000   22.5000 2857.0742   12.9093
    0.0000  -37.5000   22.5000 2895.2095   12.7933
    7.5000  -37.5000   22.5000 2849.9954   12.9677
   -7.5000  -30.0000   22.5000 2920.4468   12.6421
    0.0000  -30.0000   22.5000 2965.4802   12.5129
    7.5000  -30.0000   22.5000 2908.8718   12.7492
   -7.5000  -22.5000   22.5000 2922.9219   12.6504
    0.0000  -22.5000   22.5000 2962.1702   12.4496
    7.5000  -22.5000   22.5000 2907.2588   12.7463
   -7.5000  -15.0000   22.5000 2858.1614   13.0682
    0.0000  -15.0000   22.5000 2891.4204   12.8918
    7.5000  -15.0000   22.5000 2841.6523   13.1209
   -7.5000   -7.5000   22.5000 2759.2407   13.7335
    0.0000   -7.5000   22.5000 2786.9729   13.5774
    7.5000   -7.5000   22.5000 2746.8799   13.7947
   -7.5000    0.0000   22.5000 2633.4214   14.7236
    0.0000    0.0000   22.5000 2657.8457   14.5608
    7.5000    0.0000   22.5000 2633.0400   14.7586
   -7.5000    7.5000   22.5000 2506.3062   16.0390
    0.0000    7.5000   22.5000 2524.1255   15.8805
    7.5000    7.5000   22.5000 2507.6118   16.0622
   -7.5000   15.0000   22.5000 2360.4202   17.7547
    0.0000   15.0000   22.5000 2377.7327   17.6028
    7.5000   15.0000   22.5000 2359.9089   17.7936
   -7.5000   22.5000   22.5000 2205.9092   19.9818
    0.0000   22.5000   22.5000 2230.2180   19.8560
    7.5000   22.5000   22.5000 2208.5408   20.0464
   -7.5000   30.0000   22.5000 2037.4475   22.9165
    0.0000   30.0000   22.5000 2058.3359   22.7737
    7.5000   30.0000   22.5000 2042.6486   22.9986
   -7.5000   37.5000   22.5000 1858.3546   26.7508
    0.0000   37.5000   22.5000 1880.5844   26.5699
    7.5000   37.5000   22.5000 1864.5896   26.8433
   -7.5000   45.0000   22.5000 1690.9827   31.8043
    0.0000   45.0000   22.5000 1700.3411   31.4900
    7.5000   45.0000   22.5000 1694.4476   31.7786
   -7.5000  -45.0000   30.0000 2719.2458   13.9136
    0.0000  -45.0000   30.0000 2750.8989   13.7221
    7.5000  -45.0000   30.0000 2708.4021   14.0150
   -7.5000  -37.5000   30.0000 2810.1787   13.3477
    0.0000  -37.5000   30.0000 2844.0203   13.1826
    7.5000  -37.5000   30.0000 2800.2122   13.4396
   -7.5000  -30.0000   30.0000 2858.9563   13.0661
    0.0000  -30.0000   30.0000 2898.6685   12.8562
    7.5000  -30.0000   30.0000 2850.9094   13.1398
   -7.5000  -22.5000   30.0000 2853.4734   13.0556
    0.0000  -22.5000   30.0000 2887.2048   12.8591
    7.5000  -22.5000   30.0000 2847.6824   13.1520
   -7.5000  -15.0000   30.0000 2796.8318   13.4732
    0.0000  -15.0000   30.0000 2830.6382   13.2894
    7.5000  -15.0000   30.0000 2790.4011   13.5540
   -7.5000   -7.5000   30.0000 2706.1868   14.1836
    0.0000   -7.5000   30.0000 2734.5049   13.9932
    7.5000   -7.5000   30.0000 2697.7361   14.2385
   -7.5000    0.0000   30.0000 2582.8538   15.1909
    0.0000    0.0000   30.0000 2608.3286   15.0171
    7.5000    0.0000   30.0000 2583.7852   15.2402
   -7.5000    7.5000   30.0000 2460.1658   16.4622
    0.0000    7.5000   30.0000 2480.7329   16.3132
    7.5000    7.5000   30.0000 2462.1897   16.5229
   -7.5000   15.0000   30.0000 2316.5034   18.1363
    0.0000   15.0000   30.0000 2336.4451   17.9908
    7.5000   15.0000   30.0000 2319.6577   18.1822
   -7.5000   22.5000   30.0000 2170.4412   20.3446
    0.0000   22.5000   30.0000 2191.4651   20.1639
    7.5000   22.5000   30.0000 2170.8857   20.3589
   -7.5000   30.0000   30.0000 2003.7501   23.2151
    0.0000   30.0000   30.0000 2022.1057   23.0207
    7.5000   30.0000   30.0000 2010.1085   23.2296
   -7.5000   37.5000   30.0000 1834.3319   26.9364
    0.0000   37.5000   30.0000 1850.3984   26.6986
    7.5000   37.5000   30.0000 1840.0541   26.9336
   -7.5000   45.0000   30.0000 1668.8973   31.9940
    0.0000   45.0000   30.0000 1682.5472   31.6355
    7.5000   45.0000   30.0000 1674.9955   31.9897
   -7.5000  -45.0000   37.5000 2663.8745   14.6081
    0.0000  -45.0000   37.5000 2697.0867   14.4317
    7.5000  -45.0000   37.5000 2656.9827   14.7295
   -7.5000  -37.5000   37.5000 2740.8677   14.0469
    0.0000  -37.5000   37.5000 2775.2607   13.8497
    7.5000  -37.5000   37.5000 2736.0696   14.1148
   -7.5000  -30.0000   37.5000 2778.3918   13.7429
    0.0000  -30.0000   37.5000 2808.4614   13.5207
    7.5000  -30.0000   37.5000 2770.6223   13.7905
   -7.5000  -22.5000   37.5000 2767.3586   13.7419
    0.0000  -22.5000   37.5000 2793.1602   13.5537
    7.5000  -22.5000   37.5000 2765.3198   13.7917
   -7.5000  -15.0000   37.5000 2713.5845   14.1053
    0.0000  -15.0000   37.5000 2740.8745   13.9500
    7.5000  -15.0000   37.5000 2711.7751   14.1652
   -7.5000   -7.5000   37.5000 2634.8784   14.8200
    0.0000   -7.5000   37.5000 2659.0339   14.6593
    7.5000   -7.5000   37.5000 2628.9871   14.8693
   -7.5000    0.0000   37.5000 2526.3389   15.8013
    0.0000    0.0000   37.5000 2546.2422   15.6219
    7.5000    0.0000   37.5000 2523.9009   15.8438
   -7.5000    7.5000   37.5000 2407.0769   17.0924
    0.0000    7.5000   37.5000 2424.3960   16.9196
    7.5000    7.5000   37.5000 2404.3000   17.1149
   -7.5000   15.0000   37.5000 2269.2925   18.7709
    0.0000   15.0000   37.5000 2291.0557   18.6193
    7.5000   15.0000   37.5000 2274.1064   18.7734
   -7.5000   22.5000   37.5000 2120.4473   20.9376
    0.0000   22.5000   37.5000 2140.9263   20.7680
    7.5000   22.5000   37.5000 2124.5552   20.9520
   -7.5000   30.0000   37.5000 1959.6840   23.7450
    0.0000   30.0000   37.5000 1976.5197   23.5664
    7.5000   30.0000   37.5000 1963.8199   23.7738
   -7.5000   37.5000   37.5000 1797.9058   27.4741
    0.0000   37.5000   37.5000 1813.0521   27.2403
    7.5000   37.5000   37.5000 1802.8569   27.4799
   -7.5000   45.0000   37.5000 1644.1931   32.5762
    0.0000   45.0000   37.5000 1652.6805   32.1943
    7.5000   45.0000   37.5000 1647.2480   32.5145
   -7.5000  -45.0000   45.0000 2590.8489   15.5590
    0.0000  -45.0000   45.0000 2620.9697   15.3925
    7.5000  -45.0000   45.0000 2583.9204   15.6598
   -7.5000  -37.5000   45.0000 2657.1025   14.9554
    0.0000  -37.5000   45.0000 2689.3850   14.7735
    7.5000  -37.5000   45.0000 2655.3938   15.0262
   -7.5000  -30.0000   45.0000 2683.0125   14.6201
    0.0000  -30.0000   45.0000 2710.1528   14.4525
    7.5000  -30.0000   45.0000 2678.6255   14.6931
   -7.5000  -22.5000   45.0000 2669.5105   14.6317
    0.0000  -22.5000   45.0000 2696.3286   14.4781
    7.5000  -22.5000   45.0000 2669.7871   14.6800
   -7.5000  -15.0000   45.0000 2619.2429   14.9604
    0.0000  -15.0000   45.0000 2648.0125   14.8376
    7.5000  -15.0000   45.0000 2622.1201   15.0120
   -7.5000   -7.5000   45.0000 2553.9265   15.6224
    0.0000   -7.5000   45.0000 2577.4233   15.4814
    7.5000   -7.5000   45.0000 2547.7634   15.6770
   -7.5000    0.0000   45.0000 2451.1692   16.5862
    0.0000    0.0000   45.0000 2468.5774   16.4343
    7.5000    0.0000   45.0000 2447.4604   16.6246
   -7.5000    7.5000   45.0000 2338.5908   17.8534
    0.0000    7.5000   45.0000 2354.7544   17.7171
    7.5000    7.5000   45.0000 2340.9875   17.8774
   -7.5000   15.0000   45.0000 2211.4907   19.5080
    0.0000   15.0000   45.0000 2232.3674   19.3840
    7.5000   15.0000   45.0000 2216.8508   19.5399
   -7.5000   22.5000   45.0000 2063.9756   21.7123
    0.0000   22.5000   45.0000 2085.5635   21.5978
    7.5000   22.5000   45.0000 2070.8823   21.7461
   -7.5000   30.0000   45.0000 1908.9431   24.5747
    0.0000   30.0000   45.0000 1927.7662   24.3694
    7.5000   30.0000   45.0000 1914.4579   24.5850
   -7.5000   37.5000   45.0000 1756.9246   28.4380
    0.0000   37.5000   45.0000 1767.4154   28.1874
    7.5000   37.5000   45.0000 1760.2616   28.3935
   -7.5000   45.0000   45.0000 1605.4885   33.7490
    0.0000   45.0000   45.0000 1613.4865   33.4090
    7.5000   45.0000   45.0000 1606.9031   33.6310

---------------------------------------------------------------------
imgreg_4dfp /opt/freesurfer/average/711-2C_as_mni_average_305 /opt/freesurfer/average/711-2B_as_mni_average_305_mask talsrcimg_g11 none talsrcimg_to_711-2C_as_mni_average_305_t4 1283
---------------------------------------------------------------------

freesurfer imgreg_4dfp.c
/opt/freesurfer/average/711-2C_as_mni_average_305.4dfp.img
       256       256       256         1
  1.000000  1.000000  1.000000
orientation T byte_order littleendian
Reading image: /opt/freesurfer/average/711-2C_as_mni_average_305.4dfp.img
dimensions:      256       256       256
mmppix:       1.0000   -1.0000   -1.0000
center:     128.0000 -129.0000 -129.0000
/opt/freesurfer/average/711-2B_as_mni_average_305_mask.4dfp.img
       256       256       256         1
  1.000000  1.000000  1.000000
orientation T byte_order littleendian
Reading mask: /opt/freesurfer/average/711-2B_as_mni_average_305_mask.4dfp.img (2306576 pixels)
talsrcimg_g11.4dfp.img
       256       256       256         1
  1.000000  1.000000  1.000000
orientation T byte_order littleendian
Reading image: talsrcimg_g11.4dfp.img
dimensions:      256       256       256
mmppix:       1.0000   -1.0000   -1.0000
center:     128.0000 -129.0000 -129.0000
rotation matrix determinant  1.000000
fimgreg.f
image alignment mode   1283 decimal      503 hex
parameters
    0.0000  -22.5000   15.0000    0.0000    0.0000    0.0000
eta,q 0.94004 12.43130
niter,ni,del,rscale     5    3   12.0000    1.2000
parameter  2  0.785014 ->  0.500000 qaram    1.1500
parameter  4  0.584950 ->  0.500000 qaram    1.1500
parameters
   -0.4553  -25.9500   13.1785   -3.4500    0.7015   -1.1482
eta,q 0.94707 12.44451
  0.0712  0.0541  0.0575  0.0536  0.0638  0.0549
  0.0651  0.0547  0.0545  0.0531  0.0585  0.0536
  0.0604  0.0559  0.0541  0.0526  0.0545  0.0529
  0.0589  0.0587  0.0552  0.0540  0.0528  0.0530
  0.0616  0.0634  0.0571  0.0570  0.0540  0.0536
  0.0674  0.0708  0.0595  0.0606  0.0564  0.0552
  0.0760  0.0789  0.0631  0.0638  0.0592  0.0576
niter,ni,del,rscale     6    3   12.0000    1.2000
parameters
   -0.8534  -25.2639   13.0096   -6.1729    1.4441   -1.6726
eta,q 0.94759 12.47531
  0.0684  0.0629  0.0598  0.0521  0.0636  0.0559
  0.0606  0.0573  0.0545  0.0523  0.0584  0.0538
  0.0545  0.0552  0.0514  0.0523  0.0541  0.0526
  0.0529  0.0528  0.0517  0.0516  0.0523  0.0525
  0.0566  0.0504  0.0536  0.0528  0.0534  0.0534
  0.0642  0.0535  0.0560  0.0560  0.0557  0.0549
  0.0723  0.0610  0.0595  0.0608  0.0589  0.0571
niter,ni,del,rscale     5    3   12.0000    1.2000
parameters
   -1.1495  -23.9033   12.2343   -7.7996    1.8568   -1.6366
eta,q 0.94883 12.45545
  0.0692  0.0639  0.0579  0.0516  0.0606  0.0550
  0.0612  0.0585  0.0526  0.0508  0.0558  0.0531
  0.0545  0.0554  0.0502  0.0513  0.0522  0.0520
  0.0524  0.0524  0.0507  0.0502  0.0511  0.0512
  0.0559  0.0501  0.0531  0.0498  0.0521  0.0514
  0.0638  0.0521  0.0568  0.0525  0.0544  0.0530
  0.0725  0.0586  0.0613  0.0568  0.0581  0.0552
niter,ni,del,rscale     4    3   12.0000    1.2000
parameters
   -1.2858  -23.4613   11.9886   -7.9294    2.0033   -1.7097
eta,q 0.94894 12.44524
  0.0683  0.0624  0.0593  0.0537  0.0595  0.0546
  0.0599  0.0570  0.0537  0.0504  0.0548  0.0528
  0.0535  0.0533  0.0508  0.0508  0.0518  0.0518
  0.0512  0.0512  0.0511  0.0510  0.0510  0.0510
  0.0540  0.0511  0.0523  0.0497  0.0521  0.0513
  0.0613  0.0534  0.0554  0.0507  0.0545  0.0529
  0.0696  0.0613  0.0600  0.0543  0.0584  0.0550
niter,ni,del,rscale     3    3   12.0000    1.2000
parameters
   -1.3149  -23.4609   11.9700   -7.9510    2.0464   -1.7097
eta,q 0.94893 12.44538
  0.0686  0.0613  0.0599  0.0539  0.0592  0.0547
  0.0600  0.0561  0.0542  0.0504  0.0546  0.0529
  0.0535  0.0527  0.0510  0.0507  0.0517  0.0518
  0.0511  0.0511  0.0511  0.0511  0.0511  0.0511
  0.0535  0.0511  0.0521  0.0498  0.0522  0.0513
  0.0606  0.0543  0.0549  0.0507  0.0547  0.0528
  0.0688  0.0631  0.0593  0.0541  0.0586  0.0549
registration optimization eta report
parameter search radius
    6.0000    6.9000    6.0000    6.9000    6.0000    6.0000
100000*second partial in parameter space
       48.       24.       25.        8.       22.       10.
  0.0686  0.0613  0.0599  0.0539  0.0592  0.0547
  0.0600  0.0561  0.0542  0.0504  0.0546  0.0529
  0.0535  0.0527  0.0510  0.0507  0.0517  0.0518
  0.0511  0.0511  0.0511  0.0511  0.0511  0.0511
  0.0535  0.0511  0.0521  0.0498  0.0522  0.0513
  0.0606  0.0543  0.0549  0.0507  0.0547  0.0528
  0.0688  0.0631  0.0593  0.0541  0.0586  0.0549
   -1.3149  -23.4609   11.9700   -7.9510    2.0464   -1.7097
eta,q 0.94893 12.44538

---------------------------------------------------------------------
imgreg_4dfp /opt/freesurfer/average/711-2C_as_mni_average_305 /opt/freesurfer/average/711-2B_as_mni_average_305_mask talsrcimg_g11 none talsrcimg_to_711-2C_as_mni_average_305_t4 3335
---------------------------------------------------------------------

freesurfer imgreg_4dfp.c
/opt/freesurfer/average/711-2C_as_mni_average_305.4dfp.img
       256       256       256         1
  1.000000  1.000000  1.000000
orientation T byte_order littleendian
Reading image: /opt/freesurfer/average/711-2C_as_mni_average_305.4dfp.img
dimensions:      256       256       256
mmppix:       1.0000   -1.0000   -1.0000
center:     128.0000 -129.0000 -129.0000
/opt/freesurfer/average/711-2B_as_mni_average_305_mask.4dfp.img
       256       256       256         1
  1.000000  1.000000  1.000000
orientation T byte_order littleendian
Reading mask: /opt/freesurfer/average/711-2B_as_mni_average_305_mask.4dfp.img (2306576 pixels)
talsrcimg_g11.4dfp.img
       256       256       256         1
  1.000000  1.000000  1.000000
orientation T byte_order littleendian
Reading image: talsrcimg_g11.4dfp.img
dimensions:      256       256       256
mmppix:       1.0000   -1.0000   -1.0000
center:     128.0000 -129.0000 -129.0000
fimgreg.f
image alignment mode   3335 decimal      D07 hex
parameters
   -1.3149  -23.4609   11.9700   -0.1083   -1.0201   -1.0245
    3.4486   -3.1223   -2.9816   13.9319    3.5709  -13.8238
eta,q 0.95009 12.50302
niter,ni,del,rscale     5    3    5.0000    1.2000
parameter  4  1.083073 ->  0.500000 qaram    1.1500
parameter  5  2.095469 ->  0.500000 qaram    1.1500
parameter  6  1.123761 ->  0.500000 qaram    1.1500
parameter 12 -0.620236 -> -0.500000 qaram    1.1500
parameters
   -1.3311  -22.8901   11.7114   -4.2483   -5.1601   -5.1645
    2.8515   -2.3928   -0.5683   13.8103    4.3828   -9.6838
eta,q 0.95966 11.69864
  0.0527  0.0526  0.0511  0.0461  0.0404  0.0392  0.0425  0.0442  0.0434  0.0425  0.0413  0.0421
  0.0511  0.0513  0.0503  0.0469  0.0423  0.0405  0.0415  0.0424  0.0423  0.0417  0.0409  0.0416
  0.0502  0.0504  0.0499  0.0480  0.0445  0.0416  0.0409  0.0413  0.0414  0.0411  0.0408  0.0411
  0.0499  0.0499  0.0498  0.0498  0.0471  0.0429  0.0409  0.0408  0.0408  0.0407  0.0407  0.0407
  0.0502  0.0498  0.0501  0.0524  0.0500  0.0451  0.0413  0.0410  0.0407  0.0408  0.0407  0.0404
  0.0512  0.0501  0.0508  0.0557  0.0536  0.0484  0.0420  0.0418  0.0408  0.0416  0.0408  0.0404
  0.0528  0.0508  0.0517  0.0598  0.0578  0.0524  0.0430  0.0430  0.0414  0.0429  0.0410  0.0406
niter,ni,del,rscale     7    3    5.0000    1.2000
parameter  4  1.281302 ->  0.500000 qaram    1.3225
parameter  5  1.715037 ->  0.500000 qaram    1.3225
parameter  6  0.970139 ->  0.500000 qaram    1.3225
parameters
   -1.2147  -23.4345   12.0533   -9.0093   -9.9211   -9.9255
    2.8215   -2.3218   -0.5301   12.3035    3.5455  -10.9437
eta,q 0.96846 10.63655
  0.0431  0.0415  0.0417  0.0370  0.0326  0.0316  0.0341  0.0355  0.0335  0.0333  0.0324  0.0328
  0.0417  0.0407  0.0410  0.0378  0.0338  0.0316  0.0328  0.0337  0.0325  0.0321  0.0319  0.0320
  0.0408  0.0402  0.0405  0.0390  0.0356  0.0326  0.0320  0.0323  0.0320  0.0316  0.0316  0.0316
  0.0403  0.0403  0.0402  0.0402  0.0381  0.0342  0.0317  0.0317  0.0317  0.0317  0.0316  0.0316
  0.0405  0.0410  0.0402  0.0418  0.0412  0.0359  0.0321  0.0322  0.0319  0.0324  0.0318  0.0320
  0.0413  0.0420  0.0405  0.0440  0.0445  0.0382  0.0329  0.0335  0.0325  0.0337  0.0322  0.0328
  0.0427  0.0434  0.0411  0.0471  0.0483  0.0417  0.0341  0.0354  0.0335  0.0356  0.0328  0.0337
niter,ni,del,rscale     7    3    5.0000    1.2000
parameter  4  0.574619 ->  0.500000 qaram    1.5209
parameter  5  0.660804 ->  0.500000 qaram    1.5209
parameters
   -1.2986  -23.5020   11.3813  -14.4845  -15.3962  -12.6606
    2.9095   -2.8424   -0.4470   13.8829    2.9970   -9.9411
eta,q 0.97179  9.88437
  0.0342  0.0336  0.0322  0.0311  0.0291  0.0307  0.0307  0.0312  0.0298  0.0319  0.0289  0.0298
  0.0327  0.0324  0.0316  0.0304  0.0286  0.0293  0.0295  0.0295  0.0291  0.0303  0.0285  0.0290
  0.0318  0.0317  0.0314  0.0304  0.0290  0.0285  0.0287  0.0286  0.0286  0.0291  0.0283  0.0285
  0.0315  0.0315  0.0315  0.0314  0.0303  0.0286  0.0284  0.0284  0.0284  0.0284  0.0282  0.0282
  0.0320  0.0318  0.0320  0.0331  0.0325  0.0304  0.0287  0.0290  0.0286  0.0283  0.0284  0.0283
  0.0330  0.0326  0.0328  0.0348  0.0356  0.0327  0.0294  0.0302  0.0290  0.0288  0.0287  0.0286
  0.0345  0.0338  0.0339  0.0372  0.0393  0.0350  0.0306  0.0320  0.0298  0.0298  0.0291  0.0292
niter,ni,del,rscale     7    3    5.0000    1.2000
parameters
   -1.2648  -22.8845   10.6574  -14.0827  -17.2185  -13.9462
    2.7574   -2.7491   -0.3120   15.4166    3.5110  -10.3322
eta,q 0.97217  9.76644
  0.0308  0.0312  0.0285  0.0322  0.0310  0.0308  0.0301  0.0313  0.0294  0.0311  0.0287  0.0289
  0.0294  0.0298  0.0281  0.0302  0.0293  0.0295  0.0289  0.0295  0.0286  0.0297  0.0282  0.0283
  0.0285  0.0288  0.0280  0.0287  0.0282  0.0284  0.0282  0.0283  0.0282  0.0287  0.0279  0.0279
  0.0282  0.0282  0.0281  0.0280  0.0280  0.0279  0.0280  0.0280  0.0280  0.0280  0.0278  0.0278
  0.0285  0.0281  0.0284  0.0283  0.0290  0.0287  0.0283  0.0284  0.0281  0.0279  0.0279  0.0280
  0.0293  0.0284  0.0290  0.0299  0.0311  0.0309  0.0291  0.0295  0.0286  0.0283  0.0281  0.0285
  0.0307  0.0292  0.0299  0.0317  0.0342  0.0330  0.0302  0.0311  0.0293  0.0293  0.0285  0.0291
niter,ni,del,rscale     6    3    5.0000    1.2000
parameters
   -1.2089  -22.5411   10.0696  -13.9292  -17.9564  -14.6554
    2.5875   -2.6894   -0.3994   16.3738    3.8532  -10.8953
eta,q 0.97227  9.71555
  0.0304  0.0302  0.0283  0.0318  0.0314  0.0308  0.0298  0.0311  0.0292  0.0306  0.0285  0.0287
  0.0290  0.0290  0.0279  0.0298  0.0296  0.0295  0.0287  0.0293  0.0284  0.0293  0.0281  0.0282
  0.0282  0.0282  0.0277  0.0284  0.0283  0.0283  0.0280  0.0282  0.0280  0.0284  0.0278  0.0278
  0.0278  0.0278  0.0278  0.0277  0.0277  0.0278  0.0278  0.0278  0.0278  0.0278  0.0277  0.0277
  0.0281  0.0279  0.0281  0.0282  0.0284  0.0283  0.0281  0.0282  0.0280  0.0278  0.0278  0.0279
  0.0289  0.0284  0.0286  0.0298  0.0302  0.0301  0.0289  0.0293  0.0285  0.0284  0.0280  0.0284
  0.0302  0.0291  0.0293  0.0316  0.0328  0.0322  0.0300  0.0309  0.0292  0.0296  0.0284  0.0290
niter,ni,del,rscale     5    3    5.0000    1.2000
parameters
   -1.1499  -22.2957    9.6694  -13.8524  -18.3828  -15.0801
    2.4707   -2.5912   -0.4426   17.0033    4.0031  -11.4030
eta,q 0.97229  9.68666
  0.0302  0.0299  0.0284  0.0317  0.0316  0.0309  0.0297  0.0310  0.0292  0.0304  0.0285  0.0287
  0.0289  0.0287  0.0279  0.0298  0.0297  0.0295  0.0286  0.0292  0.0284  0.0292  0.0281  0.0281
  0.0281  0.0280  0.0277  0.0283  0.0283  0.0283  0.0280  0.0281  0.0279  0.0283  0.0278  0.0278
  0.0277  0.0277  0.0277  0.0277  0.0277  0.0277  0.0277  0.0277  0.0277  0.0277  0.0277  0.0277
  0.0280  0.0279  0.0279  0.0282  0.0282  0.0281  0.0280  0.0281  0.0279  0.0278  0.0278  0.0279
  0.0287  0.0283  0.0284  0.0298  0.0299  0.0298  0.0288  0.0292  0.0284  0.0285  0.0280  0.0283
  0.0300  0.0291  0.0291  0.0316  0.0325  0.0318  0.0298  0.0308  0.0292  0.0298  0.0284  0.0289
niter,ni,del,rscale     4    3    5.0000    1.2000
parameters
   -1.1004  -22.1347    9.4012  -13.8068  -18.6566  -15.3260
    2.3751   -2.4970   -0.4406   17.4182    4.0571  -11.8373
eta,q 0.97229  9.66982
  0.0302  0.0297  0.0285  0.0317  0.0316  0.0310  0.0297  0.0310  0.0292  0.0303  0.0285  0.0287
  0.0289  0.0286  0.0280  0.0298  0.0298  0.0296  0.0286  0.0292  0.0284  0.0291  0.0280  0.0281
  0.0280  0.0279  0.0277  0.0283  0.0284  0.0283  0.0280  0.0281  0.0279  0.0282  0.0278  0.0278
  0.0277  0.0277  0.0277  0.0277  0.0277  0.0277  0.0277  0.0277  0.0277  0.0277  0.0277  0.0277
  0.0279  0.0279  0.0279  0.0282  0.0281  0.0280  0.0280  0.0281  0.0279  0.0278  0.0278  0.0279
  0.0287  0.0284  0.0283  0.0298  0.0298  0.0296  0.0287  0.0292  0.0284  0.0286  0.0280  0.0283
  0.0300  0.0292  0.0289  0.0316  0.0324  0.0316  0.0298  0.0308  0.0292  0.0299  0.0284  0.0289
niter,ni,del,rscale     3    3    5.0000    1.2000
parameters
   -1.0620  -22.0324    9.2241  -13.7787  -18.8430  -15.4641
    2.2975   -2.4205   -0.4304   17.6849    4.1040  -12.1563
eta,q 0.97229  9.65946
  0.0301  0.0296  0.0285  0.0317  0.0317  0.0310  0.0297  0.0310  0.0292  0.0303  0.0285  0.0287
  0.0288  0.0285  0.0280  0.0298  0.0299  0.0296  0.0286  0.0292  0.0284  0.0291  0.0280  0.0281
  0.0280  0.0279  0.0278  0.0283  0.0284  0.0284  0.0279  0.0281  0.0279  0.0282  0.0278  0.0278
  0.0277  0.0277  0.0277  0.0277  0.0277  0.0277  0.0277  0.0277  0.0277  0.0277  0.0277  0.0277
  0.0279  0.0279  0.0279  0.0282  0.0281  0.0280  0.0280  0.0281  0.0279  0.0279  0.0278  0.0279
  0.0287  0.0284  0.0282  0.0299  0.0297  0.0295  0.0287  0.0292  0.0284  0.0287  0.0280  0.0283
  0.0300  0.0293  0.0288  0.0316  0.0323  0.0316  0.0297  0.0308  0.0292  0.0300  0.0284  0.0288
niter,ni,del,rscale     2    3    5.0000    1.2000
parameters
   -1.0361  -21.9693    9.1010  -13.7600  -18.9675  -15.5531
    2.2430   -2.3695   -0.4221   17.8628    4.1535  -12.3878
eta,q 0.97228  9.65293
  0.0301  0.0296  0.0286  0.0317  0.0317  0.0311  0.0297  0.0310  0.0292  0.0302  0.0285  0.0287
  0.0288  0.0285  0.0281  0.0298  0.0299  0.0296  0.0286  0.0292  0.0284  0.0290  0.0280  0.0281
  0.0280  0.0279  0.0278  0.0283  0.0285  0.0284  0.0279  0.0281  0.0279  0.0281  0.0278  0.0278
  0.0277  0.0277  0.0277  0.0277  0.0277  0.0277  0.0277  0.0277  0.0277  0.0277  0.0277  0.0277
  0.0280  0.0279  0.0278  0.0282  0.0281  0.0280  0.0280  0.0281  0.0279  0.0279  0.0278  0.0279
  0.0287  0.0285  0.0282  0.0299  0.0297  0.0295  0.0287  0.0292  0.0284  0.0288  0.0280  0.0282
  0.0300  0.0293  0.0288  0.0317  0.0323  0.0315  0.0297  0.0308  0.0292  0.0301  0.0284  0.0288
niter,ni,del,rscale     1    3    5.0000    1.2000
parameters
   -1.0216  -21.9254    9.0257  -13.7420  -19.0558  -15.5984
    2.2076   -2.3369   -0.4023   17.9895    4.1871  -12.5487
eta,q 0.97227  9.64925
  0.0301  0.0296  0.0286  0.0317  0.0317  0.0311  0.0297  0.0310  0.0292  0.0302  0.0285  0.0287
  0.0288  0.0285  0.0281  0.0298  0.0299  0.0297  0.0286  0.0292  0.0284  0.0290  0.0280  0.0282
  0.0280  0.0279  0.0278  0.0283  0.0285  0.0284  0.0280  0.0281  0.0279  0.0281  0.0278  0.0278
  0.0277  0.0277  0.0277  0.0277  0.0277  0.0277  0.0277  0.0277  0.0277  0.0277  0.0277  0.0277
  0.0280  0.0279  0.0278  0.0283  0.0281  0.0280  0.0280  0.0281  0.0279  0.0279  0.0278  0.0279
  0.0288  0.0285  0.0282  0.0299  0.0297  0.0295  0.0287  0.0292  0.0284  0.0288  0.0281  0.0282
  0.0300  0.0293  0.0287  0.0317  0.0322  0.0315  0.0297  0.0308  0.0292  0.0302  0.0284  0.0288
registration optimization eta report
parameter search radius
    2.4000    2.4000    2.4000   10.9503   10.9503    9.5220
    7.2000    7.2000    7.2000    7.2000    7.2000    8.2800
100000*second partial in parameter space
       41.       30.       17.        3.        3.        4.
        4.        6.        3.        5.        1.        1.
  0.0301  0.0296  0.0286  0.0317  0.0317  0.0311  0.0297  0.0310  0.0292  0.0302  0.0285  0.0287
  0.0288  0.0285  0.0281  0.0298  0.0299  0.0297  0.0286  0.0292  0.0284  0.0290  0.0280  0.0282
  0.0280  0.0279  0.0278  0.0283  0.0285  0.0284  0.0280  0.0281  0.0279  0.0281  0.0278  0.0278
  0.0277  0.0277  0.0277  0.0277  0.0277  0.0277  0.0277  0.0277  0.0277  0.0277  0.0277  0.0277
  0.0280  0.0279  0.0278  0.0283  0.0281  0.0280  0.0280  0.0281  0.0279  0.0279  0.0278  0.0279
  0.0288  0.0285  0.0282  0.0299  0.0297  0.0295  0.0287  0.0292  0.0284  0.0288  0.0281  0.0282
  0.0300  0.0293  0.0287  0.0317  0.0322  0.0315  0.0297  0.0308  0.0292  0.0302  0.0284  0.0288
   -1.0216  -21.9254    9.0257  -13.7420  -19.0558  -15.5984
    2.2076   -2.3369   -0.4023   17.9895    4.1871  -12.5487
eta,q 0.97227  9.64925

---------------------------------------------------------------------
imgreg_4dfp /opt/freesurfer/average/711-2C_as_mni_average_305 /opt/freesurfer/average/711-2B_as_mni_average_305_mask talsrcimg_g11 none talsrcimg_to_711-2C_as_mni_average_305_t4 2311
---------------------------------------------------------------------

freesurfer imgreg_4dfp.c
/opt/freesurfer/average/711-2C_as_mni_average_305.4dfp.img
       256       256       256         1
  1.000000  1.000000  1.000000
orientation T byte_order littleendian
Reading image: /opt/freesurfer/average/711-2C_as_mni_average_305.4dfp.img
dimensions:      256       256       256
mmppix:       1.0000   -1.0000   -1.0000
center:     128.0000 -129.0000 -129.0000
/opt/freesurfer/average/711-2B_as_mni_average_305_mask.4dfp.img
       256       256       256         1
  1.000000  1.000000  1.000000
orientation T byte_order littleendian
Reading mask: /opt/freesurfer/average/711-2B_as_mni_average_305_mask.4dfp.img (2306576 pixels)
talsrcimg_g11.4dfp.img
       256       256       256         1
  1.000000  1.000000  1.000000
orientation T byte_order littleendian
Reading image: talsrcimg_g11.4dfp.img
dimensions:      256       256       256
mmppix:       1.0000   -1.0000   -1.0000
center:     128.0000 -129.0000 -129.0000
fimgreg.f
image alignment mode   2311 decimal      907 hex
parameters
   -1.0216  -21.9254    9.0257  -13.7420  -19.0558  -15.5984
    2.2076   -2.3369   -0.4023   17.9895    4.1871  -12.5487
eta,q 0.97227  9.64925
niter,ni,del,rscale     5    3    5.0000    0.8000
parameters
   -1.0010  -21.9515    8.9923  -13.6487  -18.4248  -15.0602
    2.1715   -2.3766   -0.4488   17.9145    4.1619  -12.8828
eta,q 0.97234  9.69834
  0.0288  0.0285  0.0281  0.0287  0.0289  0.0290  0.0286  0.0292  0.0284  0.0288  0.0280  0.0280
  0.0282  0.0280  0.0279  0.0282  0.0283  0.0284  0.0281  0.0283  0.0280  0.0282  0.0278  0.0278
  0.0279  0.0278  0.0278  0.0279  0.0280  0.0279  0.0278  0.0278  0.0277  0.0278  0.0277  0.0277
  0.0277  0.0277  0.0277  0.0277  0.0277  0.0277  0.0277  0.0277  0.0277  0.0277  0.0277  0.0277
  0.0278  0.0278  0.0278  0.0278  0.0277  0.0277  0.0278  0.0278  0.0277  0.0278  0.0277  0.0277
  0.0282  0.0281  0.0279  0.0281  0.0280  0.0280  0.0281  0.0284  0.0280  0.0282  0.0278  0.0279
  0.0288  0.0285  0.0282  0.0287  0.0284  0.0286  0.0286  0.0292  0.0284  0.0289  0.0280  0.0281
niter,ni,del,rscale     4    3    5.0000    0.7000
parameters
   -1.0232  -21.9600    9.1004  -13.6604  -18.3664  -14.8055
    2.2249   -2.4100   -0.4463   17.8974    4.1492  -12.8035
eta,q 0.97235  9.70922
  0.0285  0.0283  0.0280  0.0284  0.0284  0.0286  0.0284  0.0288  0.0282  0.0286  0.0279  0.0279
  0.0280  0.0279  0.0278  0.0280  0.0280  0.0281  0.0280  0.0282  0.0279  0.0281  0.0277  0.0278
  0.0277  0.0277  0.0277  0.0278  0.0278  0.0278  0.0277  0.0278  0.0277  0.0278  0.0277  0.0277
  0.0277  0.0277  0.0277  0.0277  0.0277  0.0277  0.0276  0.0276  0.0276  0.0276  0.0276  0.0276
  0.0278  0.0277  0.0277  0.0277  0.0277  0.0277  0.0277  0.0278  0.0277  0.0277  0.0277  0.0277
  0.0281  0.0279  0.0278  0.0280  0.0280  0.0279  0.0280  0.0282  0.0279  0.0281  0.0278  0.0278
  0.0285  0.0283  0.0279  0.0285  0.0284  0.0284  0.0284  0.0288  0.0282  0.0286  0.0279  0.0279
niter,ni,del,rscale     3    3    5.0000    0.6000
parameters
   -1.0349  -21.9849    9.1983  -13.6446  -18.3283  -14.6529
    2.2494   -2.4324   -0.4332   17.8347    4.0271  -12.7127
eta,q 0.97236  9.71676
  0.0283  0.0281  0.0279  0.0282  0.0282  0.0283  0.0282  0.0285  0.0281  0.0283  0.0278  0.0279
  0.0279  0.0278  0.0278  0.0279  0.0279  0.0280  0.0279  0.0280  0.0278  0.0279  0.0277  0.0277
  0.0277  0.0277  0.0277  0.0277  0.0277  0.0278  0.0277  0.0277  0.0277  0.0277  0.0277  0.0277
  0.0276  0.0276  0.0276  0.0277  0.0276  0.0276  0.0276  0.0276  0.0276  0.0276  0.0276  0.0276
  0.0277  0.0277  0.0277  0.0277  0.0277  0.0277  0.0277  0.0277  0.0277  0.0277  0.0277  0.0277
  0.0279  0.0279  0.0277  0.0279  0.0279  0.0279  0.0279  0.0280  0.0278  0.0280  0.0277  0.0277
  0.0283  0.0281  0.0279  0.0282  0.0282  0.0283  0.0282  0.0285  0.0280  0.0284  0.0278  0.0278
niter,ni,del,rscale     2    3    5.0000    0.5000
parameters
   -1.0426  -22.0139    9.2870  -13.6148  -18.2707  -14.5132
    2.2859   -2.4404   -0.4414   17.7759    3.8988  -12.5653
eta,q 0.97237  9.72512
  0.0281  0.0279  0.0278  0.0280  0.0281  0.0281  0.0280  0.0282  0.0279  0.0281  0.0277  0.0278
  0.0278  0.0278  0.0277  0.0278  0.0278  0.0279  0.0278  0.0279  0.0278  0.0278  0.0277  0.0277
  0.0277  0.0277  0.0277  0.0277  0.0277  0.0277  0.0277  0.0277  0.0277  0.0277  0.0276  0.0277
  0.0276  0.0276  0.0276  0.0276  0.0276  0.0276  0.0276  0.0276  0.0276  0.0276  0.0276  0.0276
  0.0277  0.0277  0.0277  0.0277  0.0277  0.0277  0.0277  0.0277  0.0277  0.0277  0.0277  0.0276
  0.0278  0.0278  0.0277  0.0278  0.0278  0.0278  0.0278  0.0279  0.0278  0.0279  0.0277  0.0277
  0.0281  0.0280  0.0278  0.0280  0.0280  0.0281  0.0280  0.0282  0.0279  0.0281  0.0278  0.0278
niter,ni,del,rscale     1    3    5.0000    0.4000
parameters
   -1.0474  -22.0484    9.3726  -13.6045  -18.2298  -14.4100
    2.3049   -2.4526   -0.4337   17.7081    3.7642  -12.4161
eta,q 0.97237  9.73072
  0.0279  0.0278  0.0278  0.0279  0.0279  0.0279  0.0279  0.0280  0.0278  0.0279  0.0277  0.0277
  0.0277  0.0277  0.0277  0.0278  0.0278  0.0278  0.0277  0.0278  0.0277  0.0278  0.0277  0.0277
  0.0277  0.0277  0.0277  0.0277  0.0277  0.0277  0.0277  0.0277  0.0276  0.0277  0.0276  0.0276
  0.0276  0.0276  0.0276  0.0276  0.0276  0.0276  0.0276  0.0276  0.0276  0.0276  0.0276  0.0276
  0.0277  0.0277  0.0276  0.0277  0.0277  0.0276  0.0277  0.0277  0.0277  0.0277  0.0276  0.0276
  0.0278  0.0277  0.0277  0.0277  0.0277  0.0277  0.0277  0.0278  0.0277  0.0278  0.0277  0.0277
  0.0279  0.0279  0.0277  0.0279  0.0279  0.0279  0.0279  0.0280  0.0278  0.0280  0.0277  0.0277
registration optimization eta report
parameter search radius
    0.8000    0.8000    0.8000    2.4000    2.4000    2.4000
    2.4000    2.4000    2.4000    2.4000    2.4000    2.4000
100000*second partial in parameter space
       44.       33.       17.        4.        5.        5.
        4.        7.        3.        5.        1.        2.
  0.0279  0.0278  0.0278  0.0279  0.0279  0.0279  0.0279  0.0280  0.0278  0.0279  0.0277  0.0277
  0.0277  0.0277  0.0277  0.0278  0.0278  0.0278  0.0277  0.0278  0.0277  0.0278  0.0277  0.0277
  0.0277  0.0277  0.0277  0.0277  0.0277  0.0277  0.0277  0.0277  0.0276  0.0277  0.0276  0.0276
  0.0276  0.0276  0.0276  0.0276  0.0276  0.0276  0.0276  0.0276  0.0276  0.0276  0.0276  0.0276
  0.0277  0.0277  0.0276  0.0277  0.0277  0.0276  0.0277  0.0277  0.0277  0.0277  0.0276  0.0276
  0.0278  0.0277  0.0277  0.0277  0.0277  0.0277  0.0277  0.0278  0.0277  0.0278  0.0277  0.0277
  0.0279  0.0279  0.0277  0.0279  0.0279  0.0279  0.0279  0.0280  0.0278  0.0280  0.0277  0.0277
   -1.0474  -22.0484    9.3726  -13.6045  -18.2298  -14.4100
    2.3049   -2.4526   -0.4337   17.7081    3.7642  -12.4161
eta,q 0.97237  9.73072

---------------------------------------------------------------------
imgreg_4dfp /opt/freesurfer/average/711-2C_as_mni_average_305 /opt/freesurfer/average/711-2B_as_mni_average_305_mask talsrcimg_g11 none talsrcimg_to_711-2C_as_mni_average_305_t4 2311
---------------------------------------------------------------------

freesurfer imgreg_4dfp.c
/opt/freesurfer/average/711-2C_as_mni_average_305.4dfp.img
       256       256       256         1
  1.000000  1.000000  1.000000
orientation T byte_order littleendian
Reading image: /opt/freesurfer/average/711-2C_as_mni_average_305.4dfp.img
dimensions:      256       256       256
mmppix:       1.0000   -1.0000   -1.0000
center:     128.0000 -129.0000 -129.0000
/opt/freesurfer/average/711-2B_as_mni_average_305_mask.4dfp.img
       256       256       256         1
  1.000000  1.000000  1.000000
orientation T byte_order littleendian
Reading mask: /opt/freesurfer/average/711-2B_as_mni_average_305_mask.4dfp.img (2306576 pixels)
talsrcimg_g11.4dfp.img
       256       256       256         1
  1.000000  1.000000  1.000000
orientation T byte_order littleendian
Reading image: talsrcimg_g11.4dfp.img
dimensions:      256       256       256
mmppix:       1.0000   -1.0000   -1.0000
center:     128.0000 -129.0000 -129.0000
fimgreg.f
image alignment mode   2311 decimal      907 hex
parameters
   -1.0474  -22.0484    9.3726  -13.6045  -18.2298  -14.4100
    2.3049   -2.4526   -0.4337   17.7081    3.7642  -12.4161
eta,q 0.97237  9.73072
niter,ni,del,rscale     5    3    5.0000    0.8000
parameters
   -1.0614  -22.0340    9.4237  -13.7700  -18.3197  -14.6089
    2.3181   -2.4246   -0.3923   17.6471    3.9569  -12.3223
eta,q 0.97236  9.71225
  0.0287  0.0285  0.0281  0.0285  0.0286  0.0287  0.0286  0.0292  0.0283  0.0288  0.0280  0.0280
  0.0281  0.0280  0.0279  0.0281  0.0281  0.0281  0.0281  0.0283  0.0280  0.0282  0.0278  0.0278
  0.0278  0.0277  0.0277  0.0277  0.0278  0.0278  0.0278  0.0278  0.0277  0.0278  0.0277  0.0277
  0.0276  0.0276  0.0276  0.0276  0.0276  0.0276  0.0276  0.0276  0.0276  0.0276  0.0276  0.0276
  0.0278  0.0277  0.0277  0.0277  0.0277  0.0277  0.0277  0.0278  0.0277  0.0278  0.0277  0.0277
  0.0281  0.0280  0.0278  0.0281  0.0281  0.0282  0.0281  0.0283  0.0280  0.0282  0.0278  0.0278
  0.0288  0.0284  0.0281  0.0287  0.0287  0.0289  0.0286  0.0291  0.0283  0.0289  0.0279  0.0280
niter,ni,del,rscale     4    3    5.0000    0.7000
parameters
   -1.0486  -22.0464    9.3739  -13.7240  -18.2644  -14.5962
    2.2811   -2.4543   -0.4423   17.6464    3.9404  -12.3621
eta,q 0.97236  9.71685
  0.0285  0.0283  0.0280  0.0284  0.0284  0.0285  0.0284  0.0288  0.0282  0.0285  0.0279  0.0279
  0.0280  0.0279  0.0278  0.0280  0.0280  0.0281  0.0280  0.0281  0.0279  0.0281  0.0277  0.0278
  0.0277  0.0277  0.0277  0.0278  0.0277  0.0278  0.0277  0.0278  0.0277  0.0278  0.0276  0.0277
  0.0276  0.0276  0.0276  0.0276  0.0276  0.0276  0.0276  0.0276  0.0276  0.0276  0.0276  0.0276
  0.0277  0.0277  0.0277  0.0277  0.0277  0.0277  0.0277  0.0278  0.0277  0.0277  0.0277  0.0277
  0.0280  0.0279  0.0278  0.0279  0.0280  0.0280  0.0280  0.0282  0.0279  0.0280  0.0278  0.0278
  0.0285  0.0283  0.0280  0.0284  0.0284  0.0286  0.0284  0.0288  0.0282  0.0286  0.0279  0.0279
niter,ni,del,rscale     3    3    5.0000    0.6000
parameters
   -1.0460  -22.0568    9.3713  -13.6814  -18.2263  -14.5227
    2.2849   -2.4486   -0.4522   17.6341    3.8896  -12.3677
eta,q 0.97237  9.72269
  0.0283  0.0281  0.0279  0.0282  0.0282  0.0283  0.0282  0.0285  0.0280  0.0283  0.0278  0.0278
  0.0279  0.0278  0.0277  0.0279  0.0279  0.0280  0.0279  0.0280  0.0278  0.0279  0.0277  0.0277
  0.0277  0.0277  0.0277  0.0277  0.0277  0.0277  0.0277  0.0277  0.0277  0.0277  0.0276  0.0277
  0.0276  0.0276  0.0276  0.0276  0.0276  0.0276  0.0276  0.0276  0.0276  0.0276  0.0276  0.0276
  0.0277  0.0277  0.0277  0.0277  0.0277  0.0277  0.0277  0.0277  0.0277  0.0277  0.0277  0.0277
  0.0279  0.0279  0.0278  0.0279  0.0279  0.0279  0.0279  0.0280  0.0278  0.0279  0.0277  0.0277
  0.0283  0.0281  0.0279  0.0282  0.0282  0.0283  0.0282  0.0285  0.0280  0.0283  0.0278  0.0279
niter,ni,del,rscale     2    3    5.0000    0.5000
parameters
   -1.0508  -22.0680    9.3975  -13.6328  -18.1892  -14.4426
    2.3181   -2.4540   -0.4491   17.6133    3.8055  -12.3562
eta,q 0.97237  9.72936
  0.0281  0.0279  0.0278  0.0280  0.0280  0.0281  0.0280  0.0282  0.0279  0.0281  0.0278  0.0278
  0.0278  0.0278  0.0277  0.0278  0.0278  0.0279  0.0278  0.0279  0.0278  0.0278  0.0277  0.0277
  0.0277  0.0277  0.0277  0.0277  0.0277  0.0277  0.0277  0.0277  0.0277  0.0277  0.0276  0.0277
  0.0276  0.0276  0.0276  0.0276  0.0276  0.0276  0.0276  0.0276  0.0276  0.0276  0.0276  0.0276
  0.0277  0.0277  0.0276  0.0277  0.0277  0.0277  0.0277  0.0277  0.0277  0.0277  0.0277  0.0276
  0.0278  0.0278  0.0277  0.0278  0.0278  0.0278  0.0278  0.0279  0.0278  0.0278  0.0277  0.0277
  0.0281  0.0280  0.0278  0.0280  0.0280  0.0281  0.0280  0.0282  0.0279  0.0281  0.0278  0.0278
niter,ni,del,rscale     1    3    5.0000    0.4000
parameters
   -1.0527  -22.0895    9.4361  -13.6133  -18.1663  -14.3515
    2.3399   -2.4646   -0.4444   17.5752    3.7032  -12.3309
eta,q 0.97238  9.73440
  0.0279  0.0278  0.0278  0.0279  0.0279  0.0279  0.0279  0.0280  0.0278  0.0279  0.0277  0.0277
  0.0278  0.0277  0.0277  0.0277  0.0277  0.0278  0.0277  0.0278  0.0277  0.0278  0.0277  0.0277
  0.0277  0.0276  0.0276  0.0277  0.0277  0.0277  0.0277  0.0277  0.0277  0.0277  0.0276  0.0276
  0.0276  0.0276  0.0276  0.0276  0.0276  0.0276  0.0276  0.0276  0.0276  0.0276  0.0276  0.0276
  0.0277  0.0277  0.0276  0.0277  0.0277  0.0276  0.0277  0.0277  0.0276  0.0277  0.0276  0.0276
  0.0278  0.0277  0.0277  0.0277  0.0277  0.0277  0.0277  0.0278  0.0277  0.0278  0.0277  0.0277
  0.0279  0.0278  0.0277  0.0279  0.0279  0.0279  0.0279  0.0280  0.0278  0.0279  0.0277  0.0277
registration optimization eta report
parameter search radius
    0.8000    0.8000    0.8000    2.4000    2.4000    2.4000
    2.4000    2.4000    2.4000    2.4000    2.4000    2.4000
100000*second partial in parameter space
       44.       31.       19.        4.        4.        5.
        4.        7.        3.        5.        1.        2.
  0.0279  0.0278  0.0278  0.0279  0.0279  0.0279  0.0279  0.0280  0.0278  0.0279  0.0277  0.0277
  0.0278  0.0277  0.0277  0.0277  0.0277  0.0278  0.0277  0.0278  0.0277  0.0278  0.0277  0.0277
  0.0277  0.0276  0.0276  0.0277  0.0277  0.0277  0.0277  0.0277  0.0277  0.0277  0.0276  0.0276
  0.0276  0.0276  0.0276  0.0276  0.0276  0.0276  0.0276  0.0276  0.0276  0.0276  0.0276  0.0276
  0.0277  0.0277  0.0276  0.0277  0.0277  0.0276  0.0277  0.0277  0.0276  0.0277  0.0276  0.0276
  0.0278  0.0277  0.0277  0.0277  0.0277  0.0277  0.0277  0.0278  0.0277  0.0278  0.0277  0.0277
  0.0279  0.0278  0.0277  0.0279  0.0279  0.0279  0.0279  0.0280  0.0278  0.0279  0.0277  0.0277
   -1.0527  -22.0895    9.4361  -13.6133  -18.1663  -14.3515
    2.3399   -2.4646   -0.4444   17.5752    3.7032  -12.3309
eta,q 0.97238  9.73440

---------------------------------------------------------------------
compute_vox2vox talsrcimg talsrcimg_to_711-2C_as_mni_average_305_t4 /opt/freesurfer/average/711-2C_as_mni_average_305
---------------------------------------------------------------------

freesurfer compute_vox2vox.c
Reading: talsrcimg.4dfp.ifh
Reading: talsrcimg_to_711-2C_as_mni_average_305_t4
Reading: /opt/freesurfer/average/711-2C_as_mni_average_305.4dfp.ifh
Writing: talsrcimg_to_711-2C_as_mni_average_305_t4_vox2vox.txt

start time Sun Mar 8 17:19:56 CET 2026
end		time Sun Mar 8 17:21:22 CET 2026

mpr2mni305 success

avi2talxfm orig_nu.mgz /opt/freesurfer/average/mni305.cor.mgz talsrcimg_to_711-2C_as_mni_average_305_t4_vox2vox.txt transforms/talairach.auto.xfm
avi2talxfm done
mv -f /out/sourcedata/freesurfer/sub-v1s14x0051560_ses-1/mri/talsrcimg_to_711-2C_as_mni_average_305_t4_vox2vox.txt /out/sourcedata/freesurfer/sub-v1s14x0051560_ses-1/mri/transforms/talsrcimg_to_711-2C_as_mni_average_305_t4_vox2vox.txt
lta_convert --src orig_nu.mgz --trg /opt/freesurfer/average/mni305.cor.mgz --inxfm transforms/talairach.auto.xfm --outlta transforms/talairach.auto.xfm.lta --subject fsaverage
7.3.2

--src: orig_nu.mgz src image (geometry).
--trg: /opt/freesurfer/average/mni305.cor.mgz trg image (geometry).
--inmni: transforms/talairach.auto.xfm input MNI/XFM transform.
--outlta: transforms/talairach.auto.xfm.lta output LTA.
--s: fsaverage subject name
 LTA read, type : 1
 1.15578   0.03884  -0.02719   1.40556;
-0.04760   1.13094   0.17177  -27.75562;
 0.01650  -0.24268   1.18495  -23.43405;
 0.00000   0.00000   0.00000   1.00000;
setting subject to fsaverage
Writing  LTA to file transforms/talairach.auto.xfm.lta...
lta_convert successful.
 
 
Started at Sun Mar 8 17:19:55 CET 2026
Ended   at Sun Mar  8 17:21:22 CET 2026
talairach_avi done
