status file for recon-all
Sun Mar  8 19:40:37 CET 2026
#@# Tessellate lh Sun Mar  8 19:40:37 CET 2026
#@# Smooth1 lh Sun Mar  8 19:40:40 CET 2026
#@# Inflation1 lh Sun Mar  8 19:40:43 CET 2026
#@# QSphere lh Sun Mar  8 19:40:58 CET 2026
#@# Fix Topology lh Sun Mar  8 19:42:11 CET 2026
#@# Smooth2 lh Sun Mar  8 19:50:08 CET 2026
#@# Inflation2 lh Sun Mar  8 19:50:11 CET 2026
#@# Curv .H and .K lh Sun Mar  8 19:50:29 CET 2026
#@# Sphere lh Sun Mar  8 19:51:20 CET 2026
#@# Surf Reg lh Sun Mar  8 19:55:05 CET 2026
#@# Jacobian white lh Sun Mar  8 20:00:28 CET 2026
#@# AvgCurv lh Sun Mar  8 20:00:29 CET 2026
#@# Cortical Parc lh Sun Mar  8 20:00:30 CET 2026
#@# white curv lh Sun Mar  8 20:07:32 CET 2026
#@# white area lh Sun Mar  8 20:07:34 CET 2026
#@# pial curv lh Sun Mar  8 20:07:35 CET 2026
#@# pial area lh Sun Mar  8 20:07:37 CET 2026
#@# thickness lh Sun Mar  8 20:07:38 CET 2026
#@# area and vertex vol lh Sun Mar  8 20:08:10 CET 2026
#@# Curvature Stats lh Sun Mar  8 20:08:12 CET 2026
#@# Cortical Parc 2 lh Sun Mar  8 20:08:15 CET 2026
#@# Cortical Parc 3 lh Sun Mar  8 20:08:29 CET 2026
#@# WM/GM Contrast lh Sun Mar  8 20:08:40 CET 2026
recon-all -s sub-v1s14x0051568_ses-1 finished without error at Sun Mar  8 20:08:45 CET 2026



#New# invocation of recon-all 



status file for recon-all
Sun Mar  8 20:43:41 CET 2026
#@# white curv lh Sun Mar  8 20:43:41 CET 2026
#@# white area lh Sun Mar  8 20:43:41 CET 2026
#@# pial curv lh Sun Mar  8 20:43:41 CET 2026
#@# pial area lh Sun Mar  8 20:43:41 CET 2026
#@# thickness lh Sun Mar  8 20:43:41 CET 2026
#@# area and vertex vol lh Sun Mar  8 20:43:41 CET 2026
#@# Parcellation Stats lh Sun Mar  8 20:43:41 CET 2026
#@# Parcellation Stats 2 lh Sun Mar  8 20:44:04 CET 2026
#@# Parcellation Stats 3 lh Sun Mar  8 20:44:16 CET 2026
#@# BA_exvivo Labels lh Sun Mar  8 20:44:26 CET 2026
recon-all -s sub-v1s14x0051568_ses-1 finished without error at Sun Mar  8 20:47:11 CET 2026
