status file for recon-all
Sun Mar  8 20:08:47 CET 2026
#@# Tessellate rh Sun Mar  8 20:08:47 CET 2026
#@# Smooth1 rh Sun Mar  8 20:08:51 CET 2026
#@# Inflation1 rh Sun Mar  8 20:08:54 CET 2026
#@# QSphere rh Sun Mar  8 20:09:07 CET 2026
#@# Fix Topology rh Sun Mar  8 20:10:22 CET 2026
#@# Smooth2 rh Sun Mar  8 20:18:50 CET 2026
#@# Inflation2 rh Sun Mar  8 20:18:53 CET 2026
#@# Curv .H and .K rh Sun Mar  8 20:19:08 CET 2026
#@# Sphere rh Sun Mar  8 20:20:00 CET 2026
#@# Surf Reg rh Sun Mar  8 20:23:50 CET 2026
#@# Jacobian white rh Sun Mar  8 20:28:31 CET 2026
#@# AvgCurv rh Sun Mar  8 20:28:32 CET 2026
#@# Cortical Parc rh Sun Mar  8 20:28:33 CET 2026
#@# white curv rh Sun Mar  8 20:36:11 CET 2026
#@# white area rh Sun Mar  8 20:36:13 CET 2026
#@# pial curv rh Sun Mar  8 20:36:13 CET 2026
#@# pial area rh Sun Mar  8 20:36:15 CET 2026
#@# thickness rh Sun Mar  8 20:36:16 CET 2026
#@# area and vertex vol rh Sun Mar  8 20:36:48 CET 2026
#@# Curvature Stats rh Sun Mar  8 20:36:50 CET 2026
#@# Cortical Parc 2 rh Sun Mar  8 20:36:53 CET 2026
#@# Cortical Parc 3 rh Sun Mar  8 20:37:07 CET 2026
#@# WM/GM Contrast rh Sun Mar  8 20:37:19 CET 2026
recon-all -s sub-v1s14x0051568_ses-1 finished without error at Sun Mar  8 20:37:23 CET 2026



#New# invocation of recon-all 



status file for recon-all
Sun Mar  8 20:47:13 CET 2026
#@# white curv rh Sun Mar  8 20:47:13 CET 2026
#@# white area rh Sun Mar  8 20:47:13 CET 2026
#@# pial curv rh Sun Mar  8 20:47:13 CET 2026
#@# pial area rh Sun Mar  8 20:47:13 CET 2026
#@# thickness rh Sun Mar  8 20:47:13 CET 2026
#@# area and vertex vol rh Sun Mar  8 20:47:13 CET 2026
#@# Parcellation Stats rh Sun Mar  8 20:47:13 CET 2026
#@# Parcellation Stats 2 rh Sun Mar  8 20:47:35 CET 2026
#@# Parcellation Stats 3 rh Sun Mar  8 20:47:47 CET 2026
#@# BA_exvivo Labels rh Sun Mar  8 20:47:57 CET 2026
recon-all -s sub-v1s14x0051568_ses-1 finished without error at Sun Mar  8 20:50:50 CET 2026
