status file for recon-all
Sun Mar  8 17:56:43 CET 2026
#@# MotionCor Sun Mar  8 17:56:45 CET 2026
#@# Talairach Sun Mar  8 17:56:54 CET 2026
#@# Talairach Failure Detection Sun Mar  8 18:01:21 CET 2026
#@# Nu Intensity Correction Sun Mar  8 18:01:21 CET 2026
#@# Intensity Normalization Sun Mar  8 18:04:38 CET 2026
recon-all -s sub-v1s14x0051568_ses-1 finished without error at Sun Mar  8 18:06:07 CET 2026



#New# invocation of recon-all 



status file for recon-all
Sun Mar  8 18:13:55 CET 2026
#@# EM Registration Sun Mar  8 18:13:55 CET 2026
recon-all -s sub-v1s14x0051568_ses-1 finished without error at Sun Mar  8 18:15:51 CET 2026



#New# invocation of recon-all 



status file for recon-all
Sun Mar  8 18:15:54 CET 2026
#@# CA Normalize Sun Mar  8 18:15:54 CET 2026
#@# CA Reg Sun Mar  8 18:17:13 CET 2026
#@# SubCort Seg Sun Mar  8 19:00:15 CET 2026
#@# CC Seg Sun Mar  8 19:34:36 CET 2026
#@# Merge ASeg Sun Mar  8 19:35:14 CET 2026
#@# Intensity Normalization2 Sun Mar  8 19:35:14 CET 2026
#@# Mask BFS Sun Mar  8 19:37:26 CET 2026
#@# WM Segmentation Sun Mar  8 19:37:26 CET 2026
#@# Fill Sun Mar  8 19:39:29 CET 2026
recon-all -s sub-v1s14x0051568_ses-1 finished without error at Sun Mar  8 19:40:33 CET 2026



#New# invocation of recon-all 



status file for recon-all
Sun Mar  8 20:37:29 CET 2026
#@# white curv lh Sun Mar  8 20:37:29 CET 2026
#@# white area lh Sun Mar  8 20:37:29 CET 2026
#@# pial curv lh Sun Mar  8 20:37:29 CET 2026
#@# pial area lh Sun Mar  8 20:37:29 CET 2026
#@# thickness lh Sun Mar  8 20:37:29 CET 2026
#@# area and vertex vol lh Sun Mar  8 20:37:29 CET 2026
#@# white curv rh Sun Mar  8 20:37:29 CET 2026
#@# white area rh Sun Mar  8 20:37:29 CET 2026
#@# pial curv rh Sun Mar  8 20:37:29 CET 2026
#@# pial area rh Sun Mar  8 20:37:29 CET 2026
#@# thickness rh Sun Mar  8 20:37:29 CET 2026
#@# area and vertex vol rh Sun Mar  8 20:37:29 CET 2026
#@# Cortical ribbon mask Sun Mar  8 20:37:29 CET 2026
recon-all -s sub-v1s14x0051568_ses-1 finished without error at Sun Mar  8 20:43:36 CET 2026



#New# invocation of recon-all 



status file for recon-all
Sun Mar  8 20:50:55 CET 2026
#@# white curv lh Sun Mar  8 20:50:55 CET 2026
#@# white area lh Sun Mar  8 20:50:55 CET 2026
#@# pial curv lh Sun Mar  8 20:50:55 CET 2026
#@# pial area lh Sun Mar  8 20:50:55 CET 2026
#@# thickness lh Sun Mar  8 20:50:55 CET 2026
#@# area and vertex vol lh Sun Mar  8 20:50:55 CET 2026
#@# white curv rh Sun Mar  8 20:50:55 CET 2026
#@# white area rh Sun Mar  8 20:50:55 CET 2026
#@# pial curv rh Sun Mar  8 20:50:55 CET 2026
#@# pial area rh Sun Mar  8 20:50:55 CET 2026
#@# thickness rh Sun Mar  8 20:50:55 CET 2026
#@# area and vertex vol rh Sun Mar  8 20:50:55 CET 2026
#@# Curvature Stats lh Sun Mar  8 20:50:55 CET 2026
#@# Curvature Stats rh Sun Mar  8 20:50:58 CET 2026
#@# Relabel Hypointensities Sun Mar  8 20:51:01 CET 2026
#@# APas-to-ASeg Sun Mar  8 20:51:16 CET 2026
#@# AParc-to-ASeg aparc Sun Mar  8 20:51:26 CET 2026
#@# AParc-to-ASeg aparc.a2009s Sun Mar  8 20:51:58 CET 2026
#@# AParc-to-ASeg aparc.DKTatlas Sun Mar  8 20:52:29 CET 2026
#@# WMParc Sun Mar  8 20:52:59 CET 2026
#@# ASeg Stats Sun Mar  8 20:57:07 CET 2026
recon-all -s sub-v1s14x0051568_ses-1 finished without error at Sun Mar  8 20:57:47 CET 2026
