status file for recon-all
Sun Mar  8 19:52:54 CET 2026
#@# Tessellate lh Sun Mar  8 19:52:54 CET 2026
#@# Smooth1 lh Sun Mar  8 19:52:58 CET 2026
#@# Inflation1 lh Sun Mar  8 19:53:01 CET 2026
#@# QSphere lh Sun Mar  8 19:53:19 CET 2026
#@# Fix Topology lh Sun Mar  8 19:54:52 CET 2026
#@# Smooth2 lh Sun Mar  8 20:05:52 CET 2026
#@# Inflation2 lh Sun Mar  8 20:05:55 CET 2026
#@# Curv .H and .K lh Sun Mar  8 20:06:13 CET 2026
#@# Sphere lh Sun Mar  8 20:07:07 CET 2026
#@# Surf Reg lh Sun Mar  8 20:11:23 CET 2026
#@# Jacobian white lh Sun Mar  8 20:17:23 CET 2026
#@# AvgCurv lh Sun Mar  8 20:17:24 CET 2026
#@# Cortical Parc lh Sun Mar  8 20:17:26 CET 2026
#@# white curv lh Sun Mar  8 20:26:07 CET 2026
#@# white area lh Sun Mar  8 20:26:09 CET 2026
#@# pial curv lh Sun Mar  8 20:26:10 CET 2026
#@# pial area lh Sun Mar  8 20:26:12 CET 2026
#@# thickness lh Sun Mar  8 20:26:13 CET 2026
#@# area and vertex vol lh Sun Mar  8 20:26:48 CET 2026
#@# Curvature Stats lh Sun Mar  8 20:26:50 CET 2026
#@# Cortical Parc 2 lh Sun Mar  8 20:26:53 CET 2026
#@# Cortical Parc 3 lh Sun Mar  8 20:27:09 CET 2026
#@# WM/GM Contrast lh Sun Mar  8 20:27:22 CET 2026
recon-all -s sub-v1s14x0051569_ses-1 finished without error at Sun Mar  8 20:27:27 CET 2026



#New# invocation of recon-all 



status file for recon-all
Sun Mar  8 21:14:16 CET 2026
#@# white curv lh Sun Mar  8 21:14:16 CET 2026
#@# white area lh Sun Mar  8 21:14:16 CET 2026
#@# pial curv lh Sun Mar  8 21:14:16 CET 2026
#@# pial area lh Sun Mar  8 21:14:16 CET 2026
#@# thickness lh Sun Mar  8 21:14:16 CET 2026
#@# area and vertex vol lh Sun Mar  8 21:14:16 CET 2026
#@# Parcellation Stats lh Sun Mar  8 21:14:16 CET 2026
#@# Parcellation Stats 2 lh Sun Mar  8 21:14:41 CET 2026
#@# Parcellation Stats 3 lh Sun Mar  8 21:14:54 CET 2026
#@# BA_exvivo Labels lh Sun Mar  8 21:15:07 CET 2026
recon-all -s sub-v1s14x0051569_ses-1 finished without error at Sun Mar  8 21:18:21 CET 2026
