/out/sourcedata/freesurfer/sub-v1s14x0051565_ses-1/mri
/opt/freesurfer/bin/talairach_avi
--i orig_nu.mgz --xfm transforms/talairach.auto.xfm
talairach_avi 7.3.2
Linux dna050 5.14.0-427.37.1.el9_4.x86_64 #1 SMP PREEMPT_DYNAMIC Fri Sep 13 12:41:50 EDT 2024 x86_64 x86_64 x86_64 GNU/Linux
Sun Mar  8 17:37:49 CET 2026
mri_convert orig_nu.mgz talsrcimg.img 
reading from orig_nu.mgz...
TR=0.00, TE=0.00, TI=0.00, flip angle=0.00
i_ras = (-1, 2.32831e-10, 0)
j_ras = (-4.65661e-10, 0, -1)
k_ras = (-1.74623e-10, 1, -7.45058e-09)
writing to talsrcimg.img...
Analyze Output Matrix
-1.00000  -0.00000  -0.00000   129.11716;
 0.00000   0.00000   1.00000  -115.03997;
 0.00000  -1.00000  -0.00000   162.45557;
 0.00000   0.00000   0.00000   1.00000;
--------------------
INFO: set hdr.hist.orient to -1
mpr2mni305 talsrcimg
Sun Mar  8 17:37:50 CET 2026
/opt/freesurfer/bin/mpr2mni305 talsrcimg
mpr2mni305 7.3.2
target=711-2C_as_mni_average_305

---------------------------------------------------------------------
analyzeto4dfp talsrcimg -O0 -y
---------------------------------------------------------------------

freesurfer ifh2hdr.c
Sun Mar  8 17:37:50 2026
Writing: talsrcimg.4dfp.hdr
freesurfer analyzeto4dfp.c
Reading: talsrcimg.hdr
header size 348 bytes
hdr.dime.datatype	offset=70	value=2
hdr.dime.bitpix		offset=72	value=8
hdr.hist.orient		offset=252	value=-1
dimensionality     4
dimensions       256       256       256         1
Reading: talsrcimg.img
Writing: talsrcimg.4dfp.img
Writing: talsrcimg.4dfp.ifh
ifh2hdr talsrcimg -r0to243
ori=2

---------------------------------------------------------------------
gauss_4dfp talsrcimg 1.1
---------------------------------------------------------------------

freesurfer gauss_4dfp.c
Reading: talsrcimg.4dfp.img
Writing: talsrcimg_g11.4dfp.img
image dimensions 256 256 256 padded to 288 288 288
processing volume 1freesurfer ifh2hdr.c
Sun Mar  8 17:37:52 2026
Writing: talsrcimg_g11.4dfp.hdr

Writing: talsrcimg_g11.4dfp.ifh
including: talsrcimg.4dfp.img.rec in talsrcimg_g11.4dfp.img.rec

---------------------------------------------------------------------
imgreg_4dfp /opt/freesurfer/average/711-2C_as_mni_average_305 none talsrcimg_g11 none talsrcimg_to_711-2C_as_mni_average_305_t4 4355
---------------------------------------------------------------------

freesurfer imgreg_4dfp.c
/opt/freesurfer/average/711-2C_as_mni_average_305.4dfp.img
       256       256       256         1
  1.000000  1.000000  1.000000
orientation T byte_order littleendian
Reading image: /opt/freesurfer/average/711-2C_as_mni_average_305.4dfp.img
dimensions:      256       256       256
mmppix:       1.0000   -1.0000   -1.0000
center:     128.0000 -129.0000 -129.0000
talsrcimg_g11.4dfp.img
       256       256       256         1
  1.000000  1.000000  1.000000
orientation T byte_order littleendian
Reading image: talsrcimg_g11.4dfp.img
dimensions:      256       256       256
mmppix:       1.0000   -1.0000   -1.0000
center:     128.0000 -129.0000 -129.0000
t4_read: open error in t4_sub.f l:  41 t4_file(1:l)talsrcimg_to_711-2C_as_mni_average_305_t4 
t4_read: transform initialized to I4
rotation matrix determinant  1.000000
image alignment mode   4355 decimal     1103 hex
   -7.5000  -45.0000  -45.0000 8881.4180   17.9604
    0.0000  -45.0000  -45.0000 9297.0254   17.9702
    7.5000  -45.0000  -45.0000 8869.1045   17.9935
   -7.5000  -37.5000  -45.0000 9122.2803   17.9496
    0.0000  -37.5000  -45.0000 9548.4883   17.9584
    7.5000  -37.5000  -45.0000 9103.9277   17.9736
   -7.5000  -30.0000  -45.0000 9673.5518   17.9771
    0.0000  -30.0000  -45.000010120.0791   17.9874
    7.5000  -30.0000  -45.0000 9644.1826   17.9893
   -7.5000  -22.5000  -45.000010263.6006   18.0187
    0.0000  -22.5000  -45.000010691.5674   18.0308
    7.5000  -22.5000  -45.000010205.9277   18.0272
   -7.5000  -15.0000  -45.000010768.4453   18.0317
    0.0000  -15.0000  -45.000011216.0918   18.0449
    7.5000  -15.0000  -45.000010696.0498   18.0476
   -7.5000   -7.5000  -45.000011139.5215   18.0010
    0.0000   -7.5000  -45.000011619.5967   18.0133
    7.5000   -7.5000  -45.000011078.2676   18.0295
   -7.5000    0.0000  -45.000011390.1260   17.9604
    0.0000    0.0000  -45.000011900.7432   17.9702
    7.5000    0.0000  -45.000011358.8066   17.9935
   -7.5000    7.5000  -45.000010666.9512   17.9496
    0.0000    7.5000  -45.000011144.9453   17.9584
    7.5000    7.5000  -45.000010632.6201   17.9736
   -7.5000   15.0000  -45.0000 9773.2354   17.9771
    0.0000   15.0000  -45.000010185.2598   17.9874
    7.5000   15.0000  -45.0000 9726.6035   17.9893
   -7.5000   22.5000  -45.0000 8894.2412   18.0162
    0.0000   22.5000  -45.0000 9245.7598   18.0283
    7.5000   22.5000  -45.0000 8805.9141   18.0248
   -7.5000   30.0000  -45.0000 8029.9844   17.7914
    0.0000   30.0000  -45.0000 8337.9004   17.8044
    7.5000   30.0000  -45.0000 7950.4082   17.8071
   -7.5000   37.5000  -45.0000 7338.2603   17.7613
    0.0000   37.5000  -45.0000 7615.6665   17.7735
    7.5000   37.5000  -45.0000 7247.5986   17.7895
   -7.5000   45.0000  -45.0000 6368.0728   17.3896
    0.0000   45.0000  -45.0000 6632.5127   17.3991
    7.5000   45.0000  -45.0000 6307.0449   17.4224
   -7.5000  -45.0000  -37.5000 9505.7959   17.8442
    0.0000  -45.0000  -37.5000 9961.5557   17.8472
    7.5000  -45.0000  -37.5000 9453.9316   17.8682
   -7.5000  -37.5000  -37.5000 9745.0977   17.8418
    0.0000  -37.5000  -37.500010207.9424   17.8423
    7.5000  -37.5000  -37.5000 9705.7891   17.8548
   -7.5000  -30.0000  -37.500010314.6738   17.8717
    0.0000  -30.0000  -37.500010826.8018   17.8717
    7.5000  -30.0000  -37.500010276.4287   17.8709
   -7.5000  -22.5000  -37.500010910.9443   17.9080
    0.0000  -22.5000  -37.500011402.0449   17.9094
    7.5000  -22.5000  -37.500010859.8896   17.9046
   -7.5000  -15.0000  -37.500011438.0049   17.9142
    0.0000  -15.0000  -37.500011935.7119   17.9177
    7.5000  -15.0000  -37.500011350.4336   17.9203
   -7.5000   -7.5000  -37.500011812.6943   17.8803
    0.0000   -7.5000  -37.500012328.9160   17.8849
    7.5000   -7.5000  -37.500011739.2754   17.9001
   -7.5000    0.0000  -37.500012095.3174   17.8442
    0.0000    0.0000  -37.500012653.6768   17.8472
    7.5000    0.0000  -37.500012045.4219   17.8682
   -7.5000    7.5000  -37.500011290.1016   17.8418
    0.0000    7.5000  -37.500011820.3389   17.8423
    7.5000    7.5000  -37.500011261.9648   17.8548
   -7.5000   15.0000  -37.500010315.6543   17.8717
    0.0000   15.0000  -37.500010777.4482   17.8717
    7.5000   15.0000  -37.500010283.8740   17.8709
   -7.5000   22.5000  -37.5000 9346.4609   17.9056
    0.0000   22.5000  -37.5000 9746.3105   17.9070
    7.5000   22.5000  -37.5000 9297.9863   17.9022
   -7.5000   30.0000  -37.5000 8423.7051   17.6754
    0.0000   30.0000  -37.5000 8739.3018   17.6789
    7.5000   30.0000  -37.5000 8346.7197   17.6815
   -7.5000   37.5000  -37.5000 7708.1953   17.6422
    0.0000   37.5000  -37.5000 7985.0259   17.6469
    7.5000   37.5000  -37.5000 7603.3848   17.6618
   -7.5000   45.0000  -37.5000 6687.0747   17.2780
    0.0000   45.0000  -37.5000 6956.3521   17.2809
    7.5000   45.0000  -37.5000 6639.5522   17.3021
   -7.5000  -45.0000  -30.000010306.6016   18.5656
    0.0000  -45.0000  -30.000010795.1006   18.5532
    7.5000  -45.0000  -30.000010252.8438   18.5684
   -7.5000  -37.5000  -30.000010569.6348   18.5666
    0.0000  -37.5000  -30.000011068.5703   18.5533
    7.5000  -37.5000  -30.000010511.0654   18.5605
   -7.5000  -30.0000  -30.000011177.2070   18.5933
    0.0000  -30.0000  -30.000011724.6602   18.5818
    7.5000  -30.0000  -30.000011105.3291   18.5784
   -7.5000  -22.5000  -30.000011792.6592   18.6244
    0.0000  -22.5000  -30.000012310.0254   18.6157
    7.5000  -22.5000  -30.000011684.8018   18.6111
   -7.5000  -15.0000  -30.000012333.6465   18.6281
    0.0000  -15.0000  -30.000012870.3799   18.6194
    7.5000  -15.0000  -30.000012222.9062   18.6221
   -7.5000   -7.5000  -30.000012725.0918   18.5958
    0.0000   -7.5000  -30.000013303.6367   18.5854
    7.5000   -7.5000  -30.000012629.4033   18.5973
   -7.5000    0.0000  -30.000013033.0605   18.5656
    0.0000    0.0000  -30.000013656.4648   18.5532
    7.5000    0.0000  -30.000012964.6123   18.5684
   -7.5000    7.5000  -30.000012159.3018   18.5666
    0.0000    7.5000  -30.000012751.3320   18.5533
    7.5000    7.5000  -30.000012118.4033   18.5605
   -7.5000   15.0000  -30.000011070.4629   18.5933
    0.0000   15.0000  -30.000011571.6455   18.5818
    7.5000   15.0000  -30.000011036.5566   18.5784
   -7.5000   22.5000  -30.0000 9997.5283   18.6200
    0.0000   22.5000  -30.000010454.7646   18.6113
    7.5000   22.5000  -30.0000 9956.1797   18.6067
   -7.5000   30.0000  -30.0000 8950.6270   18.3816
    0.0000   30.0000  -30.0000 9326.4502   18.3730
    7.5000   30.0000  -30.0000 8886.6445   18.3757
   -7.5000   37.5000  -30.0000 8182.1162   18.3500
    0.0000   37.5000  -30.0000 8511.4229   18.3397
    7.5000   37.5000  -30.0000 8094.4097   18.3515
   -7.5000   45.0000  -30.0000 7095.9858   17.9910
    0.0000   45.0000  -30.0000 7388.5518   17.9789
    7.5000   45.0000  -30.0000 7046.3042   17.9940
   -7.5000  -45.0000  -22.500011070.2822   19.2030
    0.0000  -45.0000  -22.500011591.3535   19.1821
    7.5000  -45.0000  -22.500011026.1133   19.1922
   -7.5000  -37.5000  -22.500011339.6045   19.2004
    0.0000  -37.5000  -22.500011902.7598   19.1827
    7.5000  -37.5000  -22.500011302.0342   19.1852
   -7.5000  -30.0000  -22.500012015.0566   19.2215
    0.0000  -30.0000  -22.500012596.4814   19.2113
    7.5000  -30.0000  -22.500011951.2266   19.2063
   -7.5000  -22.5000  -22.500012639.5918   19.2510
    0.0000  -22.5000  -22.500013236.0967   19.2453
    7.5000  -22.5000  -22.500012559.9014   19.2416
   -7.5000  -15.0000  -22.500013216.4209   19.2571
    0.0000  -15.0000  -22.500013820.2197   19.2473
    7.5000  -15.0000  -22.500013119.9297   19.2503
   -7.5000   -7.5000  -22.500013622.6523   19.2303
    0.0000   -7.5000  -22.500014261.5293   19.2129
    7.5000   -7.5000  -22.500013518.5645   19.2219
   -7.5000    0.0000  -22.500013902.6699   19.2030
    0.0000    0.0000  -22.500014563.8799   19.1821
    7.5000    0.0000  -22.500013824.9141   19.1922
   -7.5000    7.5000  -22.500012975.2900   19.2004
    0.0000    7.5000  -22.500013590.5762   19.1827
    7.5000    7.5000  -22.500012940.2256   19.1852
   -7.5000   15.0000  -22.500011789.2900   19.2215
    0.0000   15.0000  -22.500012339.1416   19.2113
    7.5000   15.0000  -22.500011779.1162   19.2063
   -7.5000   22.5000  -22.500010650.8027   19.2450
    0.0000   22.5000  -22.500011133.0273   19.2393
    7.5000   22.5000  -22.500010625.7822   19.2357
   -7.5000   30.0000  -22.5000 9515.9375   19.0052
    0.0000   30.0000  -22.5000 9908.0615   18.9955
    7.5000   30.0000  -22.5000 9446.8721   18.9985
   -7.5000   37.5000  -22.5000 8673.2490   18.9790
    0.0000   37.5000  -22.5000 9034.2012   18.9618
    7.5000   37.5000  -22.5000 8585.9541   18.9708
   -7.5000   45.0000  -22.5000 7541.4131   18.6221
    0.0000   45.0000  -22.5000 7851.7007   18.6017
    7.5000   45.0000  -22.5000 7480.9512   18.6110
   -7.5000  -45.0000  -15.000011816.4941   19.6747
    0.0000  -45.0000  -15.000012379.9424   19.6603
    7.5000  -45.0000  -15.000011782.0410   19.6717
   -7.5000  -37.5000  -15.000012101.5947   19.6647
    0.0000  -37.5000  -15.000012700.0811   19.6557
    7.5000  -37.5000  -15.000012079.1230   19.6590
   -7.5000  -30.0000  -15.000012821.3477   19.6857
    0.0000  -30.0000  -15.000013417.2920   19.6871
    7.5000  -30.0000  -15.000012746.4053   19.6826
   -7.5000  -22.5000  -15.000013498.4043   19.7213
    0.0000  -22.5000  -15.000014133.7070   19.7278
    7.5000  -22.5000  -15.000013392.5303   19.7241
   -7.5000  -15.0000  -15.000014081.8271   19.7332
    0.0000  -15.0000  -15.000014733.3525   19.7337
    7.5000  -15.0000  -15.000013963.8984   19.7366
   -7.5000   -7.5000  -15.000014496.1406   19.7074
    0.0000   -7.5000  -15.000015155.4385   19.6976
    7.5000   -7.5000  -15.000014371.6592   19.7077
   -7.5000    0.0000  -15.000014725.5801   19.6747
    0.0000    0.0000  -15.000015396.4961   19.6603
    7.5000    0.0000  -15.000014620.3584   19.6717
   -7.5000    7.5000  -15.000013730.0273   19.6647
    0.0000    7.5000  -15.000014332.8740   19.6557
    7.5000    7.5000  -15.000013655.0791   19.6590
   -7.5000   15.0000  -15.000012482.7344   19.6857
    0.0000   15.0000  -15.000013053.8867   19.6871
    7.5000   15.0000  -15.000012444.3955   19.6826
   -7.5000   22.5000  -15.000011279.3477   19.7144
    0.0000   22.5000  -15.000011764.4629   19.7208
    7.5000   22.5000  -15.000011230.0615   19.7171
   -7.5000   30.0000  -15.000010050.1680   19.4778
    0.0000   30.0000  -15.000010470.6406   19.4783
    7.5000   30.0000  -15.0000 9991.3633   19.4812
   -7.5000   37.5000  -15.0000 9159.1914   19.4526
    0.0000   37.5000  -15.0000 9545.5537   19.4429
    7.5000   37.5000  -15.0000 9084.0908   19.4529
   -7.5000   45.0000  -15.0000 7985.4189   19.0894
    0.0000   45.0000  -15.0000 8315.2891   19.0753
    7.5000   45.0000  -15.0000 7919.6655   19.0858
   -7.5000  -45.0000   -7.500012567.0576   19.9197
    0.0000  -45.0000   -7.500013145.3525   19.9227
    7.5000  -45.0000   -7.500012527.0586   19.9429
   -7.5000  -37.5000   -7.500012901.7061   19.9062
    0.0000  -37.5000   -7.500013510.0342   19.9122
    7.5000  -37.5000   -7.500012848.0605   19.9233
   -7.5000  -30.0000   -7.500013649.1982   19.9331
    0.0000  -30.0000   -7.500014270.3740   19.9459
    7.5000  -30.0000   -7.500013554.0312   19.9453
   -7.5000  -22.5000   -7.500014361.3359   19.9773
    0.0000  -22.5000   -7.500015033.3105   19.9936
    7.5000  -22.5000   -7.500014234.9609   19.9899
   -7.5000  -15.0000   -7.500014985.3730   19.9924
    0.0000  -15.0000   -7.500015701.8262   20.0056
    7.5000  -15.0000   -7.500014889.4619   20.0087
   -7.5000   -7.5000   -7.500015383.6660   19.9617
    0.0000   -7.5000   -7.500016107.9482   19.9685
    7.5000   -7.5000   -7.500015287.1289   19.9837
   -7.5000    0.0000   -7.500015573.1826   19.9197
    0.0000    0.0000   -7.500016259.9170   19.9227
    7.5000    0.0000   -7.500015442.1094   19.9429
   -7.5000    7.5000   -7.500014529.3730   19.9062
    0.0000    7.5000   -7.500015155.0947   19.9122
    7.5000    7.5000   -7.500014421.4551   19.9233
   -7.5000   15.0000   -7.500013229.8486   19.9331
    0.0000   15.0000   -7.500013839.6396   19.9459
    7.5000   15.0000   -7.500013146.4180   19.9453
   -7.5000   22.5000   -7.500011953.4951   19.9680
    0.0000   22.5000   -7.500012489.2217   19.9843
    7.5000   22.5000   -7.500011896.2520   19.9807
   -7.5000   30.0000   -7.500010666.3174   19.7331
    0.0000   30.0000   -7.500011133.7217   19.7462
    7.5000   30.0000   -7.500010591.8594   19.7492
   -7.5000   37.5000   -7.5000 9699.2158   19.7031
    0.0000   37.5000   -7.500010100.7041   19.7098
    7.5000   37.5000   -7.5000 9615.2021   19.7248
   -7.5000   45.0000   -7.5000 8431.2129   19.3297
    0.0000   45.0000   -7.5000 8788.2793   19.3325
    7.5000   45.0000   -7.5000 8376.4375   19.3521
   -7.5000  -45.0000    0.000013266.3193   19.9647
    0.0000  -45.0000    0.000013868.9150   19.9773
    7.5000  -45.0000    0.000013214.5029   20.0038
   -7.5000  -37.5000    0.000013693.2461   19.9542
    0.0000  -37.5000    0.000014319.6602   19.9659
    7.5000  -37.5000    0.000013596.9863   19.9829
   -7.5000  -30.0000    0.000014550.1055   19.9869
    0.0000  -30.0000    0.000015181.8369   20.0002
    7.5000  -30.0000    0.000014401.6299   20.0021
   -7.5000  -22.5000    0.000015266.1865   20.0336
    0.0000  -22.5000    0.000015931.1787   20.0486
    7.5000  -22.5000    0.000015060.3223   20.0446
   -7.5000  -15.0000    0.000015872.4297   20.0466
    0.0000  -15.0000    0.000016607.7129   20.0627
    7.5000  -15.0000    0.000015691.0713   20.0661
   -7.5000   -7.5000    0.000016301.7354   20.0104
    0.0000   -7.5000    0.000017036.2012   20.0258
    7.5000   -7.5000    0.000016105.4102   20.0445
   -7.5000    0.0000    0.000016450.0527   19.9647
    0.0000    0.0000    0.000017176.1133   19.9773
    7.5000    0.0000    0.000016230.0859   20.0038
   -7.5000    7.5000    0.000015341.4297   19.9542
    0.0000    7.5000    0.000016013.4092   19.9659
    7.5000    7.5000    0.000015142.8350   19.9829
   -7.5000   15.0000    0.000013971.8506   19.9869
    0.0000   15.0000    0.000014624.7139   20.0002
    7.5000   15.0000    0.000013840.6387   20.0021
   -7.5000   22.5000    0.000012626.7100   20.0243
    0.0000   22.5000    0.000013216.2178   20.0394
    7.5000   22.5000    0.000012543.0547   20.0354
   -7.5000   30.0000    0.000011264.3594   19.7872
    0.0000   30.0000    0.000011799.0723   19.8031
    7.5000   30.0000    0.000011154.6553   19.8064
   -7.5000   37.5000    0.000010185.5791   19.7517
    0.0000   37.5000    0.000010646.4355   19.7668
    7.5000   37.5000    0.000010090.1738   19.7853
   -7.5000   45.0000    0.0000 8799.6973   19.3749
    0.0000   45.0000    0.0000 9189.4863   19.3871
    7.5000   45.0000    0.0000 8731.7178   19.4137
   -7.5000  -45.0000    7.500013017.2588   19.9514
    0.0000  -45.0000    7.500013590.3477   19.9549
    7.5000  -45.0000    7.500012911.8457   19.9786
   -7.5000  -37.5000    7.500013579.1045   19.9483
    0.0000  -37.5000    7.500014240.6191   19.9490
    7.5000  -37.5000    7.500013454.0273   19.9632
   -7.5000  -30.0000    7.500014524.1797   19.9819
    0.0000  -30.0000    7.500015243.0049   19.9821
    7.5000  -30.0000    7.500014343.3818   19.9816
   -7.5000  -22.5000    7.500015117.7871   20.0234
    0.0000  -22.5000    7.500015790.8740   20.0252
    7.5000  -22.5000    7.500014854.0156   20.0201
   -7.5000  -15.0000    7.500015659.8369   20.0307
    0.0000  -15.0000    7.500016334.8369   20.0350
    7.5000  -15.0000    7.500015346.5605   20.0381
   -7.5000   -7.5000    7.500016029.0488   19.9924
    0.0000   -7.5000    7.500016707.3203   19.9979
    7.5000   -7.5000    7.500015688.0605   20.0150
   -7.5000    0.0000    7.500016142.9961   19.9514
    0.0000    0.0000    7.500016846.0723   19.9549
    7.5000    0.0000    7.500015811.1074   19.9786
   -7.5000    7.5000    7.500014992.9902   19.9483
    0.0000    7.5000    7.500015645.0176   19.9490
    7.5000    7.5000    7.500014710.0918   19.9632
   -7.5000   15.0000    7.500013621.0928   19.9819
    0.0000   15.0000    7.500014241.7686   19.9821
    7.5000   15.0000    7.500013446.1348   19.9816
   -7.5000   22.5000    7.500012330.0459   20.0142
    0.0000   22.5000    7.500012891.1504   20.0160
    7.5000   22.5000    7.500012206.8467   20.0109
   -7.5000   30.0000    7.500010975.5693   19.7715
    0.0000   30.0000    7.500011508.7402   19.7757
    7.5000   30.0000    7.500010859.4346   19.7788
   -7.5000   37.5000    7.5000 9928.1797   19.7340
    0.0000   37.5000    7.500010405.0820   19.7394
    7.5000   37.5000    7.5000 9835.0176   19.7562
   -7.5000   45.0000    7.5000 8558.8838   19.3637
    0.0000   45.0000    7.5000 8941.9395   19.3671
    7.5000   45.0000    7.5000 8499.2441   19.3911
   -7.5000  -45.0000   15.000012634.7969   19.9364
    0.0000  -45.0000   15.000013273.0996   19.9231
    7.5000  -45.0000   15.000012445.1709   19.9395
   -7.5000  -37.5000   15.000013203.7314   19.9375
    0.0000  -37.5000   15.000014089.3672   19.9232
    7.5000  -37.5000   15.000013062.3906   19.9310
   -7.5000  -30.0000   15.000014098.2461   19.9661
    0.0000  -30.0000   15.000015012.4297   19.9538
    7.5000  -30.0000   15.000013914.0957   19.9501
   -7.5000  -22.5000   15.000014702.7646   19.9996
    0.0000  -22.5000   15.000015468.4473   19.9902
    7.5000  -22.5000   15.000014403.9014   19.9853
   -7.5000  -15.0000   15.000015188.0684   20.0035
    0.0000  -15.0000   15.000015842.4316   19.9942
    7.5000  -15.0000   15.000014817.0459   19.9971
   -7.5000   -7.5000   15.000015546.1299   19.9688
    0.0000   -7.5000   15.000016164.0615   19.9576
    7.5000   -7.5000   15.000015142.4463   19.9704
   -7.5000    0.0000   15.000015583.9805   19.9364
    0.0000    0.0000   15.000016219.0068   19.9231
    7.5000    0.0000   15.000015232.6104   19.9395
   -7.5000    7.5000   15.000014435.0371   19.9375
    0.0000    7.5000   15.000015022.0537   19.9232
    7.5000    7.5000   15.000014133.4482   19.9310
   -7.5000   15.0000   15.000013127.3994   19.9661
    0.0000   15.0000   15.000013689.4346   19.9538
    7.5000   15.0000   15.000012943.4736   19.9501
   -7.5000   22.5000   15.000011913.8633   19.9904
    0.0000   22.5000   15.000012439.5010   19.9810
    7.5000   22.5000   15.000011756.5176   19.9761
   -7.5000   30.0000   15.000010580.5205   19.7446
    0.0000   30.0000   15.000011082.3340   19.7354
    7.5000   30.0000   15.000010466.7109   19.7383
   -7.5000   37.5000   15.0000 9559.9219   19.7106
    0.0000   37.5000   15.0000 9997.5156   19.6996
    7.5000   37.5000   15.0000 9461.1895   19.7122
   -7.5000   45.0000   15.0000 8248.1904   19.3507
    0.0000   45.0000   15.0000 8613.9268   19.3376
    7.5000   45.0000   15.0000 8154.9829   19.3539
   -7.5000  -45.0000   22.500012047.8857   19.9343
    0.0000  -45.0000   22.500012678.2227   19.9126
    7.5000  -45.0000   22.500011898.8555   19.9231
   -7.5000  -37.5000   22.500012488.0273   19.9316
    0.0000  -37.5000   22.500013262.4639   19.9132
    7.5000  -37.5000   22.500012386.7578   19.9158
   -7.5000  -30.0000   22.500013244.3652   19.9535
    0.0000  -30.0000   22.500013966.1904   19.9429
    7.5000  -30.0000   22.500013129.9971   19.9377
   -7.5000  -22.5000   22.500013867.3730   19.9841
    0.0000  -22.5000   22.500014524.9180   19.9782
    7.5000  -22.5000   22.500013669.8467   19.9744
   -7.5000  -15.0000   22.500014482.3584   19.9905
    0.0000  -15.0000   22.500015117.0059   19.9803
    7.5000  -15.0000   22.500014204.4033   19.9834
   -7.5000   -7.5000   22.500014878.3604   19.9626
    0.0000   -7.5000   22.500015475.1123   19.9445
    7.5000   -7.5000   22.500014564.3320   19.9539
   -7.5000    0.0000   22.500014905.3496   19.9343
    0.0000    0.0000   22.500015483.8477   19.9126
    7.5000    0.0000   22.500014593.2285   19.9231
   -7.5000    7.5000   22.500013785.6123   19.9316
    0.0000    7.5000   22.500014324.1514   19.9132
    7.5000    7.5000   22.500013502.1807   19.9158
   -7.5000   15.0000   22.500012531.8721   19.9535
    0.0000   15.0000   22.500013045.7393   19.9429
    7.5000   15.0000   22.500012318.7021   19.9377
   -7.5000   22.5000   22.500011334.6973   19.9749
    0.0000   22.5000   22.500011808.1387   19.9690
    7.5000   22.5000   22.500011176.6943   19.9652
   -7.5000   30.0000   22.500010056.3379   19.7318
    0.0000   30.0000   22.500010498.5957   19.7217
    7.5000   30.0000   22.5000 9946.1699   19.7247
   -7.5000   37.5000   22.5000 9083.7793   19.7045
    0.0000   37.5000   22.5000 9495.5557   19.6867
    7.5000   37.5000   22.5000 8985.6621   19.6960
   -7.5000   45.0000   22.5000 7891.7129   19.3480
    0.0000   45.0000   22.5000 8223.1094   19.3268
    7.5000   45.0000   22.5000 7800.0381   19.3365
   -7.5000  -45.0000   30.000011268.2559   19.9479
    0.0000  -45.0000   30.000011803.6982   19.9332
    7.5000  -45.0000   30.000011154.0371   19.9448
   -7.5000  -37.5000   30.000011625.9297   19.9377
    0.0000  -37.5000   30.000012243.0332   19.9285
    7.5000  -37.5000   30.000011570.1924   19.9319
   -7.5000  -30.0000   30.000012332.3193   19.9589
    0.0000  -30.0000   30.000012870.2031   19.9603
    7.5000  -30.0000   30.000012224.9209   19.9558
   -7.5000  -22.5000   30.000012946.8164   19.9951
    0.0000  -22.5000   30.000013451.6777   20.0016
    7.5000  -22.5000   30.000012802.0391   19.9979
   -7.5000  -15.0000   30.000013501.4082   20.0072
    0.0000  -15.0000   30.000014045.3730   20.0077
    7.5000  -15.0000   30.000013336.5771   20.0106
   -7.5000   -7.5000   30.000013909.5244   19.9811
    0.0000   -7.5000   30.000014464.9062   19.9711
    7.5000   -7.5000   30.000013723.9521   19.9813
   -7.5000    0.0000   30.000014008.7227   19.9479
    0.0000    0.0000   30.000014539.2637   19.9332
    7.5000    0.0000   30.000013787.1484   19.9448
   -7.5000    7.5000   30.000012969.3223   19.9377
    0.0000    7.5000   30.000013453.4824   19.9285
    7.5000    7.5000   30.000012746.8594   19.9319
   -7.5000   15.0000   30.000011808.2314   19.9589
    0.0000   15.0000   30.000012262.3652   19.9603
    7.5000   15.0000   30.000011606.2568   19.9558
   -7.5000   22.5000   30.000010643.0371   19.9859
    0.0000   22.5000   30.000011085.0830   19.9924
    7.5000   22.5000   30.000010499.4521   19.9887
   -7.5000   30.0000   30.0000 9428.9326   19.7482
    0.0000   30.0000   30.0000 9829.5449   19.7487
    7.5000   30.0000   30.0000 9298.2236   19.7516
   -7.5000   37.5000   30.0000 8517.4199   19.7227
    0.0000   37.5000   30.0000 8885.9238   19.7129
    7.5000   37.5000   30.0000 8424.7422   19.7230
   -7.5000   45.0000   30.0000 7442.5156   19.3596
    0.0000   45.0000   30.0000 7728.4253   19.3453
    7.5000   45.0000   30.0000 7338.9722   19.3558
   -7.5000  -45.0000   37.500010895.8066   20.1378
    0.0000  -45.0000   37.500011426.0293   20.1409
    7.5000  -45.0000   37.500010842.3799   20.1614
   -7.5000  -37.5000   37.500011225.3203   20.1230
    0.0000  -37.5000   37.500011785.1533   20.1292
    7.5000  -37.5000   37.500011196.4375   20.1406
   -7.5000  -30.0000   37.500011890.9727   20.1500
    0.0000  -30.0000   37.500012404.8613   20.1633
    7.5000  -30.0000   37.500011819.5381   20.1632
   -7.5000  -22.5000   37.500012488.9316   20.1958
    0.0000  -22.5000   37.500012990.2646   20.2128
    7.5000  -22.5000   37.500012392.7529   20.2097
   -7.5000  -15.0000   37.500013050.2803   20.2122
    0.0000  -15.0000   37.500013567.2715   20.2261
    7.5000  -15.0000   37.500012933.2861   20.2297
   -7.5000   -7.5000   37.500013463.2793   20.1813
    0.0000   -7.5000   37.500013990.4805   20.1884
    7.5000   -7.5000   37.500013337.2969   20.2040
   -7.5000    0.0000   37.500013603.4180   20.1378
    0.0000    0.0000   37.500014122.7803   20.1409
    7.5000    0.0000   37.500013430.5791   20.1614
   -7.5000    7.5000   37.500012601.8125   20.1230
    0.0000    7.5000   37.500013080.5684   20.1292
    7.5000    7.5000   37.500012407.2695   20.1406
   -7.5000   15.0000   37.500011490.8672   20.1500
    0.0000   15.0000   37.500011941.7969   20.1633
    7.5000   15.0000   37.500011313.9121   20.1632
   -7.5000   22.5000   37.500010343.5752   20.1864
    0.0000   22.5000   37.500010748.5752   20.2034
    7.5000   22.5000   37.500010194.9131   20.2004
   -7.5000   30.0000   37.5000 9124.5674   19.9507
    0.0000   30.0000   37.5000 9484.2217   19.9643
    7.5000   30.0000   37.5000 8993.3320   19.9679
   -7.5000   37.5000   37.5000 8234.0186   19.9204
    0.0000   37.5000   37.5000 8542.5488   19.9274
    7.5000   37.5000   37.5000 8139.7788   19.9427
   -7.5000   45.0000   37.5000 7206.1069   19.5440
    0.0000   45.0000   37.5000 7457.5889   19.5470
    7.5000   45.0000   37.5000 7114.7378   19.5668
   -7.5000  -45.0000   45.000010022.1035   20.2984
    0.0000  -45.0000   45.000010522.3086   20.3119
    7.5000  -45.0000   45.000010016.5664   20.3389
   -7.5000  -37.5000   45.000010322.9902   20.2875
    0.0000  -37.5000   45.000010815.0195   20.3000
    7.5000  -37.5000   45.000010303.5205   20.3182
   -7.5000  -30.0000   45.000010937.5371   20.3217
    0.0000  -30.0000   45.000011400.7061   20.3358
    7.5000  -30.0000   45.000010880.5918   20.3390
   -7.5000  -22.5000   45.000011461.5283   20.3703
    0.0000  -22.5000   45.000011936.6484   20.3861
    7.5000  -22.5000   45.000011392.0977   20.3827
   -7.5000  -15.0000   45.000011984.6230   20.3837
    0.0000  -15.0000   45.000012471.5615   20.4005
    7.5000  -15.0000   45.000011890.2520   20.4037
   -7.5000   -7.5000   45.000012420.6133   20.3460
    0.0000   -7.5000   45.000012897.0801   20.3621
    7.5000   -7.5000   45.000012300.3867   20.3808
   -7.5000    0.0000   45.000012565.5000   20.2984
    0.0000    0.0000   45.000013038.6885   20.3119
    7.5000    0.0000   45.000012408.7051   20.3389
   -7.5000    7.5000   45.000011636.0186   20.2875
    0.0000    7.5000   45.000012074.9258   20.3000
    7.5000    7.5000   45.000011479.7842   20.3182
   -7.5000   15.0000   45.000010593.2891   20.3217
    0.0000   15.0000   45.000011017.9844   20.3358
    7.5000   15.0000   45.000010452.2314   20.3390
   -7.5000   22.5000   45.0000 9521.6211   20.3609
    0.0000   22.5000   45.0000 9910.4463   20.3766
    7.5000   22.5000   45.0000 9408.1279   20.3732
   -7.5000   30.0000   45.0000 8416.0195   20.1182
    0.0000   30.0000   45.0000 8761.1104   20.1348
    7.5000   30.0000   45.0000 8308.9795   20.1379
   -7.5000   37.5000   45.0000 7616.3330   20.0812
    0.0000   37.5000   45.0000 7897.3828   20.0971
    7.5000   37.5000   45.0000 7534.0913   20.1155
   -7.5000   45.0000   45.0000 6628.1260   19.7103
    0.0000   45.0000   45.0000 6852.7686   19.7234
    7.5000   45.0000   45.0000 6554.7378   19.7506

---------------------------------------------------------------------
imgreg_4dfp /opt/freesurfer/average/711-2C_as_mni_average_305 /opt/freesurfer/average/711-2B_as_mni_average_305_mask talsrcimg_g11 none talsrcimg_to_711-2C_as_mni_average_305_t4 4355
---------------------------------------------------------------------

freesurfer imgreg_4dfp.c
/opt/freesurfer/average/711-2C_as_mni_average_305.4dfp.img
       256       256       256         1
  1.000000  1.000000  1.000000
orientation T byte_order littleendian
Reading image: /opt/freesurfer/average/711-2C_as_mni_average_305.4dfp.img
dimensions:      256       256       256
mmppix:       1.0000   -1.0000   -1.0000
center:     128.0000 -129.0000 -129.0000
/opt/freesurfer/average/711-2B_as_mni_average_305_mask.4dfp.img
       256       256       256         1
  1.000000  1.000000  1.000000
orientation T byte_order littleendian
Reading mask: /opt/freesurfer/average/711-2B_as_mni_average_305_mask.4dfp.img (2306576 pixels)
talsrcimg_g11.4dfp.img
       256       256       256         1
  1.000000  1.000000  1.000000
orientation T byte_order littleendian
Reading image: talsrcimg_g11.4dfp.img
dimensions:      256       256       256
mmppix:       1.0000   -1.0000   -1.0000
center:     128.0000 -129.0000 -129.0000
rotation matrix determinant  1.000000
image alignment mode   4355 decimal     1103 hex
   -7.5000  -45.0000  -45.0000 2217.5781   17.1968
    0.0000  -45.0000  -45.0000 2237.2229   17.1610
    7.5000  -45.0000  -45.0000 2220.1614   17.2810
   -7.5000  -37.5000  -45.0000 2242.3699   16.6395
    0.0000  -37.5000  -45.0000 2262.4983   16.5809
    7.5000  -37.5000  -45.0000 2244.0706   16.6838
   -7.5000  -30.0000  -45.0000 2246.6917   16.4578
    0.0000  -30.0000  -45.0000 2265.6846   16.3242
    7.5000  -30.0000  -45.0000 2249.9438   16.4437
   -7.5000  -22.5000  -45.0000 2244.4612   16.6444
    0.0000  -22.5000  -45.0000 2258.9084   16.5230
    7.5000  -22.5000  -45.0000 2241.9651   16.6542
   -7.5000  -15.0000  -45.0000 2217.4111   17.2172
    0.0000  -15.0000  -45.0000 2237.5852   17.1394
    7.5000  -15.0000  -45.0000 2214.0708   17.2370
   -7.5000   -7.5000  -45.0000 2171.6597   18.1711
    0.0000   -7.5000  -45.0000 2191.2556   18.0796
    7.5000   -7.5000  -45.0000 2168.9336   18.1711
   -7.5000    0.0000  -45.0000 2107.4900   19.3656
    0.0000    0.0000  -45.0000 2125.0884   19.2508
    7.5000    0.0000  -45.0000 2101.1719   19.4016
   -7.5000    7.5000  -45.0000 2028.5582   20.9586
    0.0000    7.5000  -45.0000 2047.2439   20.7909
    7.5000    7.5000  -45.0000 2025.4242   20.9785
   -7.5000   15.0000  -45.0000 1936.6122   23.1961
    0.0000   15.0000  -45.0000 1949.6106   22.9532
    7.5000   15.0000  -45.0000 1930.0911   23.2519
   -7.5000   22.5000  -45.0000 1833.1525   26.2813
    0.0000   22.5000  -45.0000 1845.4603   26.0415
    7.5000   22.5000  -45.0000 1825.0348   26.3367
   -7.5000   30.0000  -45.0000 1717.7106   30.4548
    0.0000   30.0000  -45.0000 1727.3175   30.2097
    7.5000   30.0000  -45.0000 1713.4047   30.4866
   -7.5000   37.5000  -45.0000 1597.5715   35.9987
    0.0000   37.5000  -45.0000 1604.4852   35.6944
    7.5000   37.5000  -45.0000 1584.6641   36.1953
   -7.5000   45.0000  -45.0000 1474.1740   44.0462
    0.0000   45.0000  -45.0000 1489.4707   43.5970
    7.5000   45.0000  -45.0000 1463.5543   44.2710
   -7.5000  -45.0000  -37.5000 2324.6299   15.8631
    0.0000  -45.0000  -37.5000 2345.7666   15.7978
    7.5000  -45.0000  -37.5000 2318.2981   15.8951
   -7.5000  -37.5000  -37.5000 2343.8689   15.3248
    0.0000  -37.5000  -37.5000 2366.8779   15.2464
    7.5000  -37.5000  -37.5000 2344.2544   15.3750
   -7.5000  -30.0000  -37.5000 2349.9370   15.1243
    0.0000  -30.0000  -37.5000 2374.0222   15.0253
    7.5000  -30.0000  -37.5000 2351.4534   15.1223
   -7.5000  -22.5000  -37.5000 2346.2886   15.2810
    0.0000  -22.5000  -37.5000 2366.9546   15.1483
    7.5000  -22.5000  -37.5000 2349.1699   15.2630
   -7.5000  -15.0000  -37.5000 2321.4651   15.7607
    0.0000  -15.0000  -37.5000 2338.7720   15.6683
    7.5000  -15.0000  -37.5000 2315.9458   15.7553
   -7.5000   -7.5000  -37.5000 2273.4836   16.5922
    0.0000   -7.5000  -37.5000 2292.0542   16.4955
    7.5000   -7.5000  -37.5000 2269.6074   16.5911
   -7.5000    0.0000  -37.5000 2206.1963   17.6813
    0.0000    0.0000  -37.5000 2226.1714   17.5635
    7.5000    0.0000  -37.5000 2203.6489   17.7022
   -7.5000    7.5000  -37.5000 2123.3687   19.1599
    0.0000    7.5000  -37.5000 2143.8579   18.9982
    7.5000    7.5000  -37.5000 2120.6477   19.1679
   -7.5000   15.0000  -37.5000 2023.9109   21.1869
    0.0000   15.0000  -37.5000 2040.4287   21.0122
    7.5000   15.0000  -37.5000 2019.3381   21.2004
   -7.5000   22.5000  -37.5000 1915.0491   24.0028
    0.0000   22.5000  -37.5000 1929.5460   23.7479
    7.5000   22.5000  -37.5000 1907.8267   23.9093
   -7.5000   30.0000  -37.5000 1790.0435   27.7066
    0.0000   30.0000  -37.5000 1799.2080   27.4367
    7.5000   30.0000  -37.5000 1786.9222   27.6617
   -7.5000   37.5000  -37.5000 1664.0438   32.5791
    0.0000   37.5000  -37.5000 1674.1880   32.2932
    7.5000   37.5000  -37.5000 1651.8057   32.6431
   -7.5000   45.0000  -37.5000 1530.1903   39.5432
    0.0000   45.0000  -37.5000 1546.3286   39.1423
    7.5000   45.0000  -37.5000 1524.6266   39.7532
   -7.5000  -45.0000  -30.0000 2474.0508   15.1539
    0.0000  -45.0000  -30.0000 2491.3379   15.0724
    7.5000  -45.0000  -30.0000 2468.0037   15.1482
   -7.5000  -37.5000  -30.0000 2499.0679   14.6575
    0.0000  -37.5000  -30.0000 2520.0623   14.5473
    7.5000  -37.5000  -30.0000 2497.5537   14.6838
   -7.5000  -30.0000  -30.0000 2504.0149   14.4782
    0.0000  -30.0000  -30.0000 2531.0386   14.3712
    7.5000  -30.0000  -30.0000 2506.3257   14.4775
   -7.5000  -22.5000  -30.0000 2496.7026   14.5968
    0.0000  -22.5000  -30.0000 2521.0093   14.4920
    7.5000  -22.5000  -30.0000 2495.4858   14.5883
   -7.5000  -15.0000  -30.0000 2468.1521   15.0008
    0.0000  -15.0000  -30.0000 2490.6543   14.9215
    7.5000  -15.0000  -30.0000 2465.6052   15.0022
   -7.5000   -7.5000  -30.0000 2419.0059   15.7249
    0.0000   -7.5000  -30.0000 2441.4160   15.6157
    7.5000   -7.5000  -30.0000 2416.3838   15.7452
   -7.5000    0.0000  -30.0000 2353.2922   16.7366
    0.0000    0.0000  -30.0000 2374.2080   16.6637
    7.5000    0.0000  -30.0000 2349.4907   16.8200
   -7.5000    7.5000  -30.0000 2260.9001   18.1438
    0.0000    7.5000  -30.0000 2281.7993   18.0205
    7.5000    7.5000  -30.0000 2256.6438   18.1897
   -7.5000   15.0000  -30.0000 2149.9639   20.0678
    0.0000   15.0000  -30.0000 2167.3076   19.9162
    7.5000   15.0000  -30.0000 2144.1079   20.0834
   -7.5000   22.5000  -30.0000 2031.3225   22.7055
    0.0000   22.5000  -30.0000 2049.2444   22.5157
    7.5000   22.5000  -30.0000 2026.4667   22.6128
   -7.5000   30.0000  -30.0000 1895.9817   26.1377
    0.0000   30.0000  -30.0000 1911.8151   25.9682
    7.5000   30.0000  -30.0000 1894.5745   26.1281
   -7.5000   37.5000  -30.0000 1759.2867   30.6826
    0.0000   37.5000  -30.0000 1773.5477   30.3685
    7.5000   37.5000  -30.0000 1749.9667   30.7203
   -7.5000   45.0000  -30.0000 1610.6039   36.9088
    0.0000   45.0000  -30.0000 1628.0686   36.6589
    7.5000   45.0000  -30.0000 1607.5925   37.1025
   -7.5000  -45.0000  -22.5000 2585.8159   14.3962
    0.0000  -45.0000  -22.5000 2605.2336   14.3209
    7.5000  -45.0000  -22.5000 2587.2419   14.4012
   -7.5000  -37.5000  -22.5000 2621.4961   13.8952
    0.0000  -37.5000  -22.5000 2648.9646   13.7957
    7.5000  -37.5000  -22.5000 2623.8506   13.9035
   -7.5000  -30.0000  -22.5000 2639.6387   13.6800
    0.0000  -30.0000  -22.5000 2665.1685   13.6147
    7.5000  -30.0000  -22.5000 2636.0979   13.7258
   -7.5000  -22.5000  -22.5000 2628.3694   13.7852
    0.0000  -22.5000  -22.5000 2651.8320   13.7047
    7.5000  -22.5000  -22.5000 2623.6243   13.8393
   -7.5000  -15.0000  -22.5000 2595.9062   14.1819
    0.0000  -15.0000  -22.5000 2622.4329   14.0914
    7.5000  -15.0000  -22.5000 2594.2498   14.2307
   -7.5000   -7.5000  -22.5000 2545.4333   14.8419
    0.0000   -7.5000  -22.5000 2573.5361   14.7212
    7.5000   -7.5000  -22.5000 2542.8281   14.8665
   -7.5000    0.0000  -22.5000 2471.1213   15.7742
    0.0000    0.0000  -22.5000 2495.8171   15.6919
    7.5000    0.0000  -22.5000 2467.3125   15.8396
   -7.5000    7.5000  -22.5000 2370.2959   17.1065
    0.0000    7.5000  -22.5000 2393.7095   16.9716
    7.5000    7.5000  -22.5000 2369.4753   17.1406
   -7.5000   15.0000  -22.5000 2256.7361   18.8977
    0.0000   15.0000  -22.5000 2273.7507   18.7736
    7.5000   15.0000  -22.5000 2251.7524   18.9035
   -7.5000   22.5000  -22.5000 2129.3997   21.3557
    0.0000   22.5000  -22.5000 2144.5747   21.2106
    7.5000   22.5000  -22.5000 2125.2527   21.3217
   -7.5000   30.0000  -22.5000 1984.0323   24.5644
    0.0000   30.0000  -22.5000 1994.1389   24.4032
    7.5000   30.0000  -22.5000 1974.6737   24.5409
   -7.5000   37.5000  -22.5000 1833.6063   28.8018
    0.0000   37.5000  -22.5000 1845.4563   28.5316
    7.5000   37.5000  -22.5000 1822.1534   28.8122
   -7.5000   45.0000  -22.5000 1683.1071   34.4786
    0.0000   45.0000  -22.5000 1698.1527   34.1677
    7.5000   45.0000  -22.5000 1679.7898   34.5923
   -7.5000  -45.0000  -15.0000 2665.1165   13.6970
    0.0000  -45.0000  -15.0000 2690.7517   13.6101
    7.5000  -45.0000  -15.0000 2668.0334   13.6868
   -7.5000  -37.5000  -15.0000 2711.8191   13.1700
    0.0000  -37.5000  -15.0000 2741.3276   13.0838
    7.5000  -37.5000  -15.0000 2717.6633   13.1712
   -7.5000  -30.0000  -15.0000 2740.6113   12.9386
    0.0000  -30.0000  -15.0000 2764.4402   12.8495
    7.5000  -30.0000  -15.0000 2733.7837   12.9623
   -7.5000  -22.5000  -15.0000 2741.4185   13.0123
    0.0000  -22.5000  -15.0000 2764.9883   12.9358
    7.5000  -22.5000  -15.0000 2728.5112   13.0612
   -7.5000  -15.0000  -15.0000 2705.0178   13.4202
    0.0000  -15.0000  -15.0000 2732.7878   13.3332
    7.5000  -15.0000  -15.0000 2696.1531   13.4737
   -7.5000   -7.5000  -15.0000 2643.6013   14.0505
    0.0000   -7.5000  -15.0000 2673.2473   13.9347
    7.5000   -7.5000  -15.0000 2639.1794   14.0774
   -7.5000    0.0000  -15.0000 2563.8699   14.9258
    0.0000    0.0000  -15.0000 2589.4607   14.8394
    7.5000    0.0000  -15.0000 2557.0430   14.9640
   -7.5000    7.5000  -15.0000 2455.9031   16.1608
    0.0000    7.5000  -15.0000 2474.7776   16.0690
    7.5000    7.5000  -15.0000 2450.7461   16.1980
   -7.5000   15.0000  -15.0000 2334.8547   17.8868
    0.0000   15.0000  -15.0000 2349.5952   17.8000
    7.5000   15.0000  -15.0000 2325.7832   17.8861
   -7.5000   22.5000  -15.0000 2199.5737   20.2226
    0.0000   22.5000  -15.0000 2209.8132   20.1411
    7.5000   22.5000  -15.0000 2190.7009   20.2205
   -7.5000   30.0000  -15.0000 2041.6962   23.2503
    0.0000   30.0000  -15.0000 2050.9634   23.1383
    7.5000   30.0000  -15.0000 2026.7697   23.2480
   -7.5000   37.5000  -15.0000 1883.4857   27.1918
    0.0000   37.5000  -15.0000 1899.0668   26.9990
    7.5000   37.5000  -15.0000 1873.2596   27.2380
   -7.5000   45.0000  -15.0000 1733.2827   32.5105
    0.0000   45.0000  -15.0000 1747.6060   32.1820
    7.5000   45.0000  -15.0000 1725.1394   32.4979
   -7.5000  -45.0000   -7.5000 2721.8396   13.0896
    0.0000  -45.0000   -7.5000 2749.3647   12.9798
    7.5000  -45.0000   -7.5000 2723.4094   13.0860
   -7.5000  -37.5000   -7.5000 2787.0100   12.5442
    0.0000  -37.5000   -7.5000 2815.6389   12.4485
    7.5000  -37.5000   -7.5000 2784.7869   12.5684
   -7.5000  -30.0000   -7.5000 2822.4880   12.2770
    0.0000  -30.0000   -7.5000 2850.6294   12.1882
    7.5000  -30.0000   -7.5000 2814.3223   12.2970
   -7.5000  -22.5000   -7.5000 2830.2153   12.3252
    0.0000  -22.5000   -7.5000 2857.0337   12.2412
    7.5000  -22.5000   -7.5000 2817.9075   12.3596
   -7.5000  -15.0000   -7.5000 2788.1047   12.7445
    0.0000  -15.0000   -7.5000 2819.4973   12.6484
    7.5000  -15.0000   -7.5000 2781.5281   12.7861
   -7.5000   -7.5000   -7.5000 2716.7219   13.3479
    0.0000   -7.5000   -7.5000 2745.2781   13.2641
    7.5000   -7.5000   -7.5000 2714.0430   13.3915
   -7.5000    0.0000   -7.5000 2631.0696   14.1799
    0.0000    0.0000   -7.5000 2654.3757   14.1035
    7.5000    0.0000   -7.5000 2623.0181   14.2418
   -7.5000    7.5000   -7.5000 2523.2258   15.3676
    0.0000    7.5000   -7.5000 2543.6921   15.2768
    7.5000    7.5000   -7.5000 2513.5847   15.4283
   -7.5000   15.0000   -7.5000 2391.8657   17.0506
    0.0000   15.0000   -7.5000 2410.8811   16.9721
    7.5000   15.0000   -7.5000 2379.1567   17.0828
   -7.5000   22.5000   -7.5000 2249.7229   19.2819
    0.0000   22.5000   -7.5000 2260.7151   19.2249
    7.5000   22.5000   -7.5000 2241.4514   19.3407
   -7.5000   30.0000   -7.5000 2087.3215   22.1703
    0.0000   30.0000   -7.5000 2100.1746   22.0519
    7.5000   30.0000   -7.5000 2075.8420   22.2050
   -7.5000   37.5000   -7.5000 1923.1378   25.7921
    0.0000   37.5000   -7.5000 1934.4888   25.6327
    7.5000   37.5000   -7.5000 1914.0604   25.8761
   -7.5000   45.0000   -7.5000 1761.9353   30.7208
    0.0000   45.0000   -7.5000 1775.0309   30.3779
    7.5000   45.0000   -7.5000 1760.3795   30.7803
   -7.5000  -45.0000    0.0000 2760.5811   12.6661
    0.0000  -45.0000    0.0000 2785.7334   12.5521
    7.5000  -45.0000    0.0000 2760.1753   12.6857
   -7.5000  -37.5000    0.0000 2842.1453   12.1351
    0.0000  -37.5000    0.0000 2875.2688   12.0193
    7.5000  -37.5000    0.0000 2838.3911   12.1388
   -7.5000  -30.0000    0.0000 2885.8296   11.8663
    0.0000  -30.0000    0.0000 2926.5935   11.7269
    7.5000  -30.0000    0.0000 2880.4973   11.8777
   -7.5000  -22.5000    0.0000 2900.1477   11.8800
    0.0000  -22.5000    0.0000 2936.5366   11.7449
    7.5000  -22.5000    0.0000 2885.8611   11.9029
   -7.5000  -15.0000    0.0000 2853.1365   12.2531
    0.0000  -15.0000    0.0000 2885.0906   12.1413
    7.5000  -15.0000    0.0000 2840.9045   12.2717
   -7.5000   -7.5000    0.0000 2780.4255   12.8167
    0.0000   -7.5000    0.0000 2805.3904   12.7171
    7.5000   -7.5000    0.0000 2769.7415   12.8618
   -7.5000    0.0000    0.0000 2682.4792   13.6138
    0.0000    0.0000    0.0000 2706.1001   13.5057
    7.5000    0.0000    0.0000 2670.9558   13.6747
   -7.5000    7.5000    0.0000 2562.6526   14.8366
    0.0000    7.5000    0.0000 2584.6323   14.7212
    7.5000    7.5000    0.0000 2551.0667   14.8795
   -7.5000   15.0000    0.0000 2428.1462   16.5119
    0.0000   15.0000    0.0000 2449.4292   16.3864
    7.5000   15.0000    0.0000 2417.8745   16.5180
   -7.5000   22.5000    0.0000 2284.1343   18.6593
    0.0000   22.5000    0.0000 2301.3064   18.5398
    7.5000   22.5000    0.0000 2277.4832   18.6610
   -7.5000   30.0000    0.0000 2119.7417   21.3256
    0.0000   30.0000    0.0000 2138.9307   21.1996
    7.5000   30.0000    0.0000 2112.0898   21.3399
   -7.5000   37.5000    0.0000 1948.4122   24.7410
    0.0000   37.5000    0.0000 1965.9301   24.5611
    7.5000   37.5000    0.0000 1942.0339   24.8057
   -7.5000   45.0000    0.0000 1781.7866   29.3248
    0.0000   45.0000    0.0000 1796.7084   28.9719
    7.5000   45.0000    0.0000 1777.8625   29.3519
   -7.5000  -45.0000    7.5000 2778.2632   12.4683
    0.0000  -45.0000    7.5000 2808.1423   12.3197
    7.5000  -45.0000    7.5000 2778.9797   12.4687
   -7.5000  -37.5000    7.5000 2877.4146   11.9815
    0.0000  -37.5000    7.5000 2916.1880   11.8522
    7.5000  -37.5000    7.5000 2874.9336   11.9721
   -7.5000  -30.0000    7.5000 2931.7429   11.7384
    0.0000  -30.0000    7.5000 2980.0957   11.6133
    7.5000  -30.0000    7.5000 2928.6855   11.7277
   -7.5000  -22.5000    7.5000 2945.8115   11.6736
    0.0000  -22.5000    7.5000 2993.5735   11.5365
    7.5000  -22.5000    7.5000 2932.2092   11.6611
   -7.5000  -15.0000    7.5000 2897.1582   11.8914
    0.0000  -15.0000    7.5000 2929.3264   11.8031
    7.5000  -15.0000    7.5000 2881.0071   11.9205
   -7.5000   -7.5000    7.5000 2817.0303   12.4337
    0.0000   -7.5000    7.5000 2842.0935   12.2981
    7.5000   -7.5000    7.5000 2801.4607   12.4334
   -7.5000    0.0000    7.5000 2712.1199   13.2677
    0.0000    0.0000    7.5000 2732.7017   13.1416
    7.5000    0.0000    7.5000 2700.4265   13.2763
   -7.5000    7.5000    7.5000 2588.9832   14.4947
    0.0000    7.5000    7.5000 2609.0889   14.3744
    7.5000    7.5000    7.5000 2577.1619   14.4898
   -7.5000   15.0000    7.5000 2450.8711   16.1270
    0.0000   15.0000    7.5000 2470.9465   16.0151
    7.5000   15.0000    7.5000 2440.9419   16.1254
   -7.5000   22.5000    7.5000 2309.2061   18.2213
    0.0000   22.5000    7.5000 2320.6416   18.1471
    7.5000   22.5000    7.5000 2298.5156   18.2029
   -7.5000   30.0000    7.5000 2144.4866   20.8482
    0.0000   30.0000    7.5000 2161.6272   20.7130
    7.5000   30.0000    7.5000 2134.1333   20.8490
   -7.5000   37.5000    7.5000 1966.3727   24.1781
    0.0000   37.5000    7.5000 1984.5457   23.9355
    7.5000   37.5000    7.5000 1962.4503   24.1488
   -7.5000   45.0000    7.5000 1792.8668   28.4155
    0.0000   45.0000    7.5000 1807.2728   28.1601
    7.5000   45.0000    7.5000 1789.2281   28.4876
   -7.5000  -45.0000   15.0000 2774.2886   12.4972
    0.0000  -45.0000   15.0000 2799.6035   12.3716
    7.5000  -45.0000   15.0000 2766.9656   12.4700
   -7.5000  -37.5000   15.0000 2872.8733   12.0357
    0.0000  -37.5000   15.0000 2914.6008   11.9775
    7.5000  -37.5000   15.0000 2870.8845   12.0056
   -7.5000  -30.0000   15.0000 2937.8789   11.7518
    0.0000  -30.0000   15.0000 2992.3970   11.7240
    7.5000  -30.0000   15.0000 2933.8340   11.7309
   -7.5000  -22.5000   15.0000 2955.8557   11.5927
    0.0000  -22.5000   15.0000 3007.8269   11.5109
    7.5000  -22.5000   15.0000 2943.9019   11.6003
   -7.5000  -15.0000   15.0000 2907.4441   11.7534
    0.0000  -15.0000   15.0000 2940.5557   11.6125
    7.5000  -15.0000   15.0000 2892.4607   11.7610
   -7.5000   -7.5000   15.0000 2831.4214   12.2804
    0.0000   -7.5000   15.0000 2853.7808   12.1162
    7.5000   -7.5000   15.0000 2811.0010   12.2772
   -7.5000    0.0000   15.0000 2716.2363   13.1371
    0.0000    0.0000   15.0000 2736.7073   12.9765
    7.5000    0.0000   15.0000 2706.5005   13.1185
   -7.5000    7.5000   15.0000 2590.8535   14.3492
    0.0000    7.5000   15.0000 2609.8450   14.1976
    7.5000    7.5000   15.0000 2579.6638   14.3329
   -7.5000   15.0000   15.0000 2451.4768   15.9594
    0.0000   15.0000   15.0000 2469.6223   15.8283
    7.5000   15.0000   15.0000 2442.4048   15.9531
   -7.5000   22.5000   15.0000 2311.0537   18.0499
    0.0000   22.5000   15.0000 2327.0906   17.9525
    7.5000   22.5000   15.0000 2298.7966   18.0339
   -7.5000   30.0000   15.0000 2142.4167   20.5763
    0.0000   30.0000   15.0000 2159.2983   20.5208
    7.5000   30.0000   15.0000 2132.5439   20.6195
   -7.5000   37.5000   15.0000 1965.2679   23.7278
    0.0000   37.5000   15.0000 1981.6229   23.6276
    7.5000   37.5000   15.0000 1959.4681   23.8292
   -7.5000   45.0000   15.0000 1798.6469   27.9051
    0.0000   45.0000   15.0000 1811.6482   27.6966
    7.5000   45.0000   15.0000 1789.4070   28.0338
   -7.5000  -45.0000   22.5000 2745.5747   12.7649
    0.0000  -45.0000   22.5000 2768.3760   12.6511
    7.5000  -45.0000   22.5000 2736.9246   12.7660
   -7.5000  -37.5000   22.5000 2847.0840   12.2245
    0.0000  -37.5000   22.5000 2885.5608   12.1481
    7.5000  -37.5000   22.5000 2842.1626   12.2188
   -7.5000  -30.0000   22.5000 2909.0845   11.8683
    0.0000  -30.0000   22.5000 2956.5803   11.7860
    7.5000  -30.0000   22.5000 2902.6321   11.9021
   -7.5000  -22.5000   22.5000 2934.3616   11.7050
    0.0000  -22.5000   22.5000 2973.3020   11.5683
    7.5000  -22.5000   22.5000 2916.4907   11.7428
   -7.5000  -15.0000   22.5000 2892.2527   11.9732
    0.0000  -15.0000   22.5000 2921.8765   11.8239
    7.5000  -15.0000   22.5000 2869.7637   11.9697
   -7.5000   -7.5000   22.5000 2812.0527   12.5046
    0.0000   -7.5000   22.5000 2832.3518   12.3755
    7.5000   -7.5000   22.5000 2789.0454   12.5234
   -7.5000    0.0000   22.5000 2693.5039   13.3383
    0.0000    0.0000   22.5000 2709.6221   13.2018
    7.5000    0.0000   22.5000 2678.5413   13.3552
   -7.5000    7.5000   22.5000 2569.6956   14.5025
    0.0000    7.5000   22.5000 2586.7510   14.3396
    7.5000    7.5000   22.5000 2558.4028   14.4803
   -7.5000   15.0000   22.5000 2438.3684   16.0275
    0.0000   15.0000   22.5000 2451.6667   15.8669
    7.5000   15.0000   22.5000 2424.5796   16.0065
   -7.5000   22.5000   22.5000 2295.2065   18.0040
    0.0000   22.5000   22.5000 2308.6597   17.8894
    7.5000   22.5000   22.5000 2281.2986   18.0362
   -7.5000   30.0000   22.5000 2122.7002   20.5249
    0.0000   30.0000   22.5000 2137.6655   20.3979
    7.5000   30.0000   22.5000 2112.2214   20.5774
   -7.5000   37.5000   22.5000 1949.2960   23.6486
    0.0000   37.5000   22.5000 1967.3304   23.5227
    7.5000   37.5000   22.5000 1943.1425   23.7596
   -7.5000   45.0000   22.5000 1794.1836   27.7201
    0.0000   45.0000   22.5000 1806.4109   27.5544
    7.5000   45.0000   22.5000 1782.3285   27.8791
   -7.5000  -45.0000   30.0000 2701.6357   13.1989
    0.0000  -45.0000   30.0000 2728.7095   13.0367
    7.5000  -45.0000   30.0000 2694.5767   13.2305
   -7.5000  -37.5000   30.0000 2798.3440   12.5947
    0.0000  -37.5000   30.0000 2835.7896   12.4777
    7.5000  -37.5000   30.0000 2793.6653   12.6363
   -7.5000  -30.0000   30.0000 2855.9788   12.2246
    0.0000  -30.0000   30.0000 2895.2271   12.0633
    7.5000  -30.0000   30.0000 2845.6082   12.2698
   -7.5000  -22.5000   30.0000 2878.3696   12.1188
    0.0000  -22.5000   30.0000 2908.6904   11.9396
    7.5000  -22.5000   30.0000 2860.3801   12.1838
   -7.5000  -15.0000   30.0000 2831.0383   12.3979
    0.0000  -15.0000   30.0000 2861.7793   12.2158
    7.5000  -15.0000   30.0000 2817.1719   12.4133
   -7.5000   -7.5000   30.0000 2753.4351   12.9368
    0.0000   -7.5000   30.0000 2779.6965   12.7752
    7.5000   -7.5000   30.0000 2740.2053   12.9638
   -7.5000    0.0000   30.0000 2645.3728   13.7519
    0.0000    0.0000   30.0000 2663.0698   13.6129
    7.5000    0.0000   30.0000 2634.5015   13.7877
   -7.5000    7.5000   30.0000 2527.0811   14.8809
    0.0000    7.5000   30.0000 2541.3298   14.7785
    7.5000    7.5000   30.0000 2518.8528   14.9230
   -7.5000   15.0000   30.0000 2397.6584   16.3633
    0.0000   15.0000   30.0000 2411.1714   16.2545
    7.5000   15.0000   30.0000 2385.9939   16.3992
   -7.5000   22.5000   30.0000 2251.8540   18.2903
    0.0000   22.5000   30.0000 2270.5149   18.1530
    7.5000   22.5000   30.0000 2246.9851   18.3125
   -7.5000   30.0000   30.0000 2084.2073   20.7334
    0.0000   30.0000   30.0000 2099.6660   20.6168
    7.5000   30.0000   30.0000 2078.4595   20.7494
   -7.5000   37.5000   30.0000 1924.7632   23.8477
    0.0000   37.5000   30.0000 1938.3967   23.6595
    7.5000   37.5000   30.0000 1919.1401   23.9043
   -7.5000   45.0000   30.0000 1776.1742   27.7724
    0.0000   45.0000   30.0000 1786.7662   27.5361
    7.5000   45.0000   30.0000 1763.2137   27.9792
   -7.5000  -45.0000   37.5000 2654.9871   13.7673
    0.0000  -45.0000   37.5000 2684.4939   13.6220
    7.5000  -45.0000   37.5000 2646.3789   13.8735
   -7.5000  -37.5000   37.5000 2739.0635   13.1424
    0.0000  -37.5000   37.5000 2774.5095   13.0021
    7.5000  -37.5000   37.5000 2733.9226   13.2400
   -7.5000  -30.0000   37.5000 2784.1416   12.7965
    0.0000  -30.0000   37.5000 2822.7874   12.5895
    7.5000  -30.0000   37.5000 2774.9136   12.8591
   -7.5000  -22.5000   37.5000 2796.6770   12.7402
    0.0000  -22.5000   37.5000 2823.7441   12.5606
    7.5000  -22.5000   37.5000 2787.8359   12.7922
   -7.5000  -15.0000   37.5000 2753.6733   13.0187
    0.0000  -15.0000   37.5000 2778.1682   12.8334
    7.5000  -15.0000   37.5000 2747.0332   13.0365
   -7.5000   -7.5000   37.5000 2679.6880   13.5346
    0.0000   -7.5000   37.5000 2702.7744   13.3782
    7.5000   -7.5000   37.5000 2674.8208   13.5726
   -7.5000    0.0000   37.5000 2587.1653   14.3409
    0.0000    0.0000   37.5000 2605.6912   14.1882
    7.5000    0.0000   37.5000 2579.1084   14.3867
   -7.5000    7.5000   37.5000 2474.5032   15.4536
    0.0000    7.5000   37.5000 2489.2327   15.3481
    7.5000    7.5000   37.5000 2463.4810   15.5254
   -7.5000   15.0000   37.5000 2346.6760   16.9487
    0.0000   15.0000   37.5000 2362.9819   16.8368
    7.5000   15.0000   37.5000 2340.1555   17.0078
   -7.5000   22.5000   37.5000 2197.2058   18.8540
    0.0000   22.5000   37.5000 2214.1692   18.7344
    7.5000   22.5000   37.5000 2194.4761   18.8851
   -7.5000   30.0000   37.5000 2037.2908   21.2108
    0.0000   30.0000   37.5000 2056.2402   21.1217
    7.5000   30.0000   37.5000 2028.9635   21.2893
   -7.5000   37.5000   37.5000 1888.7476   24.3192
    0.0000   37.5000   37.5000 1902.1742   24.1362
    7.5000   37.5000   37.5000 1882.2449   24.4239
   -7.5000   45.0000   37.5000 1745.6147   28.4630
    0.0000   45.0000   37.5000 1754.5630   28.1700
    7.5000   45.0000   37.5000 1735.1722   28.5561
   -7.5000  -45.0000   45.0000 2586.1912   14.5757
    0.0000  -45.0000   45.0000 2618.1536   14.4134
    7.5000  -45.0000   45.0000 2579.4319   14.7181
   -7.5000  -37.5000   45.0000 2659.9209   13.9102
    0.0000  -37.5000   45.0000 2696.4268   13.7122
    7.5000  -37.5000   45.0000 2657.6611   14.0131
   -7.5000  -30.0000   45.0000 2702.0898   13.5660
    0.0000  -30.0000   45.0000 2733.0645   13.3603
    7.5000  -30.0000   45.0000 2691.5144   13.6389
   -7.5000  -22.5000   45.0000 2699.9412   13.5267
    0.0000  -22.5000   45.0000 2725.9412   13.3418
    7.5000  -22.5000   45.0000 2690.7998   13.5671
   -7.5000  -15.0000   45.0000 2661.4578   13.7968
    0.0000  -15.0000   45.0000 2685.2729   13.6212
    7.5000  -15.0000   45.0000 2656.9080   13.8026
   -7.5000   -7.5000   45.0000 2596.6873   14.3266
    0.0000   -7.5000   45.0000 2617.2456   14.1450
    7.5000   -7.5000   45.0000 2592.0234   14.3497
   -7.5000    0.0000   45.0000 2512.5417   15.0721
    0.0000    0.0000   45.0000 2528.9773   14.8965
    7.5000    0.0000   45.0000 2502.7366   15.1114
   -7.5000    7.5000   45.0000 2406.6860   16.1612
    0.0000    7.5000   45.0000 2419.3706   16.0291
    7.5000    7.5000   45.0000 2396.8000   16.2650
   -7.5000   15.0000   45.0000 2278.7490   17.6497
    0.0000   15.0000   45.0000 2297.2378   17.5632
    7.5000   15.0000   45.0000 2273.1602   17.7206
   -7.5000   22.5000   45.0000 2129.6724   19.5543
    0.0000   22.5000   45.0000 2151.5403   19.4634
    7.5000   22.5000   45.0000 2126.2834   19.6550
   -7.5000   30.0000   45.0000 1985.7095   22.0160
    0.0000   30.0000   45.0000 2004.1929   21.9351
    7.5000   30.0000   45.0000 1977.9594   22.1036
   -7.5000   37.5000   45.0000 1847.9374   25.1998
    0.0000   37.5000   45.0000 1852.7130   25.0236
    7.5000   37.5000   45.0000 1838.0060   25.3229
   -7.5000   45.0000   45.0000 1698.2205   29.4875
    0.0000   45.0000   45.0000 1704.8757   29.2013
    7.5000   45.0000   45.0000 1691.8838   29.5488

---------------------------------------------------------------------
imgreg_4dfp /opt/freesurfer/average/711-2C_as_mni_average_305 /opt/freesurfer/average/711-2B_as_mni_average_305_mask talsrcimg_g11 none talsrcimg_to_711-2C_as_mni_average_305_t4 1283
---------------------------------------------------------------------

freesurfer imgreg_4dfp.c
/opt/freesurfer/average/711-2C_as_mni_average_305.4dfp.img
       256       256       256         1
  1.000000  1.000000  1.000000
orientation T byte_order littleendian
Reading image: /opt/freesurfer/average/711-2C_as_mni_average_305.4dfp.img
dimensions:      256       256       256
mmppix:       1.0000   -1.0000   -1.0000
center:     128.0000 -129.0000 -129.0000
/opt/freesurfer/average/711-2B_as_mni_average_305_mask.4dfp.img
       256       256       256         1
  1.000000  1.000000  1.000000
orientation T byte_order littleendian
Reading mask: /opt/freesurfer/average/711-2B_as_mni_average_305_mask.4dfp.img (2306576 pixels)
talsrcimg_g11.4dfp.img
       256       256       256         1
  1.000000  1.000000  1.000000
orientation T byte_order littleendian
Reading image: talsrcimg_g11.4dfp.img
dimensions:      256       256       256
mmppix:       1.0000   -1.0000   -1.0000
center:     128.0000 -129.0000 -129.0000
rotation matrix determinant  1.000000
fimgreg.f
image alignment mode   1283 decimal      503 hex
parameters
    0.0000  -22.5000   15.0000    0.0000    0.0000    0.0000
eta,q 0.94356 11.51426
niter,ni,del,rscale     5    3   12.0000    1.2000
parameter  2  0.792098 ->  0.500000 qaram    1.1500
parameters
   -0.1971  -25.9500   13.2234   -2.8781    1.4586    0.8669
eta,q 0.95360 11.55735
  0.0685  0.0524  0.0544  0.0496  0.0584  0.0543
  0.0634  0.0505  0.0507  0.0480  0.0535  0.0501
  0.0586  0.0523  0.0491  0.0470  0.0497  0.0474
  0.0558  0.0558  0.0510  0.0489  0.0472  0.0464
  0.0566  0.0608  0.0540  0.0526  0.0464  0.0466
  0.0628  0.0668  0.0571  0.0575  0.0477  0.0478
  0.0727  0.0732  0.0616  0.0624  0.0516  0.0506
niter,ni,del,rscale     5    3   12.0000    1.2000
parameters
   -0.4887  -25.1426   12.4324   -4.5909    1.8671    1.0430
eta,q 0.95495 11.54667
  0.0617  0.0663  0.0544  0.0487  0.0558  0.0514
  0.0548  0.0566  0.0493  0.0471  0.0516  0.0482
  0.0489  0.0496  0.0461  0.0454  0.0478  0.0461
  0.0464  0.0465  0.0466  0.0459  0.0453  0.0451
  0.0487  0.0481  0.0502  0.0486  0.0457  0.0453
  0.0561  0.0527  0.0539  0.0512  0.0491  0.0472
  0.0661  0.0582  0.0572  0.0554  0.0542  0.0512
niter,ni,del,rscale     4    3   12.0000    1.2000
parameters
   -0.6743  -24.6614   12.0768   -5.4161    2.0168    0.9608
eta,q 0.95500 11.54361
  0.0622  0.0627  0.0560  0.0495  0.0554  0.0508
  0.0546  0.0535  0.0506  0.0478  0.0511  0.0477
  0.0478  0.0481  0.0461  0.0460  0.0473  0.0458
  0.0451  0.0451  0.0450  0.0448  0.0450  0.0450
  0.0481  0.0471  0.0484  0.0467  0.0461  0.0455
  0.0558  0.0522  0.0536  0.0500  0.0498  0.0475
  0.0646  0.0576  0.0573  0.0527  0.0551  0.0515
niter,ni,del,rscale     3    3   12.0000    1.2000
parameters
   -0.7855  -24.3475   11.9529   -5.9279    2.0952    0.8618
eta,q 0.95471 11.55407
  0.0623  0.0608  0.0571  0.0498  0.0553  0.0508
  0.0549  0.0520  0.0517  0.0482  0.0511  0.0478
  0.0482  0.0475  0.0470  0.0466  0.0474  0.0459
  0.0450  0.0450  0.0450  0.0450  0.0453  0.0453
  0.0479  0.0472  0.0478  0.0458  0.0464  0.0459
  0.0555  0.0520  0.0532  0.0494  0.0502  0.0477
  0.0640  0.0572  0.0573  0.0522  0.0555  0.0514
niter,ni,del,rscale     2    3   12.0000    1.2000
parameters
   -0.8596  -24.1328   11.8965   -6.2721    2.1375    0.7716
eta,q 0.95448 11.56398
  0.0625  0.0597  0.0576  0.0499  0.0553  0.0508
  0.0552  0.0513  0.0522  0.0484  0.0511  0.0479
  0.0487  0.0474  0.0475  0.0470  0.0475  0.0461
  0.0453  0.0453  0.0453  0.0453  0.0455  0.0455
  0.0480  0.0475  0.0478  0.0456  0.0467  0.0462
  0.0555  0.0518  0.0532  0.0488  0.0504  0.0479
  0.0639  0.0569  0.0574  0.0520  0.0557  0.0513
niter,ni,del,rscale     1    3   12.0000    1.2000
parameters
   -0.9133  -23.9808   11.8629   -6.5225    2.1787    0.6897
eta,q 0.95428 11.57264
  0.0626  0.0590  0.0577  0.0500  0.0554  0.0509
  0.0555  0.0509  0.0524  0.0485  0.0512  0.0479
  0.0490  0.0474  0.0477  0.0472  0.0477  0.0463
  0.0455  0.0455  0.0455  0.0455  0.0457  0.0457
  0.0480  0.0476  0.0479  0.0455  0.0469  0.0464
  0.0555  0.0516  0.0533  0.0485  0.0505  0.0480
  0.0639  0.0568  0.0575  0.0519  0.0557  0.0513
registration optimization eta report
parameter search radius
    6.0000    6.9000    6.0000    6.0000    6.0000    6.0000
100000*second partial in parameter space
       47.       25.       32.       15.       27.       15.
  0.0626  0.0590  0.0577  0.0500  0.0554  0.0509
  0.0555  0.0509  0.0524  0.0485  0.0512  0.0479
  0.0490  0.0474  0.0477  0.0472  0.0477  0.0463
  0.0455  0.0455  0.0455  0.0455  0.0457  0.0457
  0.0480  0.0476  0.0479  0.0455  0.0469  0.0464
  0.0555  0.0516  0.0533  0.0485  0.0505  0.0480
  0.0639  0.0568  0.0575  0.0519  0.0557  0.0513
   -0.9133  -23.9808   11.8629   -6.5225    2.1787    0.6897
eta,q 0.95428 11.57264

---------------------------------------------------------------------
imgreg_4dfp /opt/freesurfer/average/711-2C_as_mni_average_305 /opt/freesurfer/average/711-2B_as_mni_average_305_mask talsrcimg_g11 none talsrcimg_to_711-2C_as_mni_average_305_t4 3335
---------------------------------------------------------------------

freesurfer imgreg_4dfp.c
/opt/freesurfer/average/711-2C_as_mni_average_305.4dfp.img
       256       256       256         1
  1.000000  1.000000  1.000000
orientation T byte_order littleendian
Reading image: /opt/freesurfer/average/711-2C_as_mni_average_305.4dfp.img
dimensions:      256       256       256
mmppix:       1.0000   -1.0000   -1.0000
center:     128.0000 -129.0000 -129.0000
/opt/freesurfer/average/711-2B_as_mni_average_305_mask.4dfp.img
       256       256       256         1
  1.000000  1.000000  1.000000
orientation T byte_order littleendian
Reading mask: /opt/freesurfer/average/711-2B_as_mni_average_305_mask.4dfp.img (2306576 pixels)
talsrcimg_g11.4dfp.img
       256       256       256         1
  1.000000  1.000000  1.000000
orientation T byte_order littleendian
Reading image: talsrcimg_g11.4dfp.img
dimensions:      256       256       256
mmppix:       1.0000   -1.0000   -1.0000
center:     128.0000 -129.0000 -129.0000
fimgreg.f
image alignment mode   3335 decimal      D07 hex
parameters
   -0.9133  -23.9808   11.8629   -0.0795   -0.6493   -0.7191
   -0.7642   -3.9135    1.2029   11.3130    3.8017  -11.3510
eta,q 0.95269 11.64538
niter,ni,del,rscale     5    3    5.0000    1.2000
parameter  4  1.093726 ->  0.500000 qaram    1.1500
parameter  5  2.897725 ->  0.500000 qaram    1.1500
parameter  6  0.737059 ->  0.500000 qaram    1.1500
parameter 12  0.583053 ->  0.500000 qaram    1.1500
parameters
   -1.2128  -23.1956   11.5741   -4.2195   -4.7893   -4.8591
    1.6669   -3.5184    1.8801   11.2500    4.1388  -15.4910
eta,q 0.96205 11.09892
  0.0496  0.0503  0.0483  0.0437  0.0370  0.0381  0.0423  0.0423  0.0400  0.0406  0.0389  0.0382
  0.0482  0.0489  0.0475  0.0442  0.0393  0.0386  0.0407  0.0403  0.0391  0.0394  0.0386  0.0380
  0.0474  0.0479  0.0471  0.0453  0.0417  0.0388  0.0394  0.0389  0.0386  0.0386  0.0383  0.0380
  0.0473  0.0473  0.0471  0.0470  0.0444  0.0399  0.0386  0.0383  0.0383  0.0383  0.0383  0.0383
  0.0480  0.0471  0.0474  0.0497  0.0477  0.0423  0.0383  0.0385  0.0383  0.0385  0.0383  0.0387
  0.0492  0.0473  0.0480  0.0529  0.0513  0.0457  0.0386  0.0397  0.0387  0.0394  0.0385  0.0392
  0.0510  0.0479  0.0490  0.0564  0.0551  0.0496  0.0394  0.0416  0.0395  0.0408  0.0388  0.0399
niter,ni,del,rscale     7    3    5.0000    1.2000
parameter  4  0.623663 ->  0.500000 qaram    1.3225
parameter  5  2.031738 ->  0.500000 qaram    1.3225
parameter  6  0.672772 ->  0.500000 qaram    1.3225
parameters
   -1.3930  -22.1299   10.6909   -8.9805   -9.5503   -9.6201
    0.5643   -3.2657    0.8349   13.2752    6.1390  -16.3465
eta,q 0.96934 10.31163
  0.0404  0.0413  0.0380  0.0364  0.0305  0.0313  0.0329  0.0352  0.0322  0.0354  0.0320  0.0319
  0.0390  0.0398  0.0375  0.0365  0.0320  0.0310  0.0318  0.0332  0.0314  0.0334  0.0314  0.0312
  0.0381  0.0386  0.0374  0.0368  0.0341  0.0319  0.0312  0.0318  0.0311  0.0320  0.0310  0.0307
  0.0380  0.0379  0.0376  0.0374  0.0365  0.0325  0.0312  0.0311  0.0311  0.0310  0.0307  0.0307
  0.0384  0.0377  0.0381  0.0387  0.0393  0.0333  0.0317  0.0314  0.0314  0.0307  0.0307  0.0310
  0.0396  0.0377  0.0388  0.0410  0.0425  0.0350  0.0328  0.0328  0.0321  0.0312  0.0308  0.0316
  0.0413  0.0381  0.0397  0.0444  0.0464  0.0385  0.0342  0.0348  0.0330  0.0324  0.0311  0.0326
niter,ni,del,rscale     7    3    5.0000    1.2000
parameter  5  0.991187 ->  0.500000 qaram    1.5209
parameters
   -1.3503  -21.4221   10.7895  -12.4326  -15.0254   -9.6629
    0.7563   -3.5140    0.8872   14.9966    5.8525  -18.0717
eta,q 0.97368  9.84340
  0.0337  0.0343  0.0321  0.0312  0.0266  0.0305  0.0296  0.0308  0.0285  0.0315  0.0274  0.0275
  0.0321  0.0326  0.0312  0.0301  0.0265  0.0285  0.0281  0.0286  0.0275  0.0293  0.0269  0.0267
  0.0310  0.0314  0.0306  0.0299  0.0275  0.0271  0.0271  0.0271  0.0269  0.0276  0.0266  0.0263
  0.0307  0.0307  0.0304  0.0305  0.0298  0.0266  0.0266  0.0266  0.0266  0.0266  0.0265  0.0265
  0.0310  0.0305  0.0306  0.0314  0.0331  0.0277  0.0269  0.0273  0.0268  0.0265  0.0266  0.0270
  0.0319  0.0308  0.0311  0.0328  0.0365  0.0287  0.0279  0.0290  0.0275  0.0271  0.0270  0.0277
  0.0335  0.0316  0.0318  0.0350  0.0405  0.0302  0.0293  0.0313  0.0284  0.0284  0.0276  0.0287
niter,ni,del,rscale     7    3    5.0000    1.2000
parameters
   -1.4706  -20.8907   10.8186  -11.8873  -18.9276   -9.1514
    1.1154   -3.7987    1.1930   16.9572    5.7674  -19.0701
eta,q 0.97436  9.72670
  0.0294  0.0302  0.0279  0.0297  0.0279  0.0299  0.0287  0.0299  0.0276  0.0304  0.0267  0.0269
  0.0276  0.0283  0.0270  0.0279  0.0265  0.0280  0.0273  0.0278  0.0267  0.0284  0.0262  0.0261
  0.0266  0.0270  0.0264  0.0266  0.0259  0.0265  0.0264  0.0264  0.0261  0.0269  0.0258  0.0257
  0.0263  0.0263  0.0262  0.0262  0.0262  0.0259  0.0259  0.0259  0.0259  0.0259  0.0257  0.0257
  0.0268  0.0262  0.0264  0.0266  0.0282  0.0268  0.0261  0.0266  0.0261  0.0257  0.0258  0.0260
  0.0281  0.0267  0.0270  0.0275  0.0317  0.0276  0.0269  0.0283  0.0265  0.0262  0.0262  0.0267
  0.0300  0.0278  0.0278  0.0289  0.0357  0.0290  0.0282  0.0305  0.0273  0.0273  0.0268  0.0276
niter,ni,del,rscale     6    3    5.0000    1.2000
parameters
   -1.4719  -20.6761   10.9806  -11.8329  -19.9066   -8.6087
    1.2654   -3.8526    1.1638   17.6586    5.8500  -19.3663
eta,q 0.97425  9.71857
  0.0290  0.0286  0.0274  0.0287  0.0296  0.0295  0.0284  0.0300  0.0274  0.0292  0.0268  0.0272
  0.0271  0.0271  0.0265  0.0270  0.0275  0.0276  0.0271  0.0279  0.0265  0.0276  0.0262  0.0264
  0.0260  0.0261  0.0259  0.0259  0.0262  0.0261  0.0262  0.0264  0.0259  0.0264  0.0259  0.0259
  0.0256  0.0256  0.0256  0.0256  0.0256  0.0257  0.0258  0.0258  0.0258  0.0258  0.0257  0.0257
  0.0261  0.0258  0.0257  0.0262  0.0261  0.0265  0.0260  0.0264  0.0260  0.0260  0.0259  0.0260
  0.0272  0.0265  0.0262  0.0271  0.0284  0.0271  0.0269  0.0280  0.0265  0.0268  0.0262  0.0266
  0.0289  0.0277  0.0270  0.0284  0.0320  0.0286  0.0283  0.0301  0.0274  0.0282  0.0267  0.0274
niter,ni,del,rscale     5    3    5.0000    1.2000
parameters
   -1.4749  -20.6230   11.1306  -11.8904  -20.1669   -8.3697
    1.3293   -3.8796    1.1088   17.8392    5.8794  -19.3816
eta,q 0.97420  9.71635
  0.0291  0.0283  0.0274  0.0287  0.0302  0.0293  0.0284  0.0300  0.0274  0.0289  0.0268  0.0274
  0.0272  0.0269  0.0266  0.0270  0.0280  0.0274  0.0270  0.0279  0.0265  0.0273  0.0263  0.0266
  0.0261  0.0261  0.0260  0.0259  0.0265  0.0260  0.0262  0.0264  0.0259  0.0262  0.0259  0.0260
  0.0257  0.0257  0.0257  0.0257  0.0257  0.0257  0.0258  0.0258  0.0258  0.0258  0.0258  0.0258
  0.0262  0.0260  0.0258  0.0263  0.0260  0.0264  0.0260  0.0264  0.0260  0.0261  0.0259  0.0260
  0.0273  0.0268  0.0263  0.0273  0.0279  0.0271  0.0269  0.0280  0.0266  0.0271  0.0263  0.0266
  0.0290  0.0281  0.0270  0.0286  0.0312  0.0289  0.0283  0.0301  0.0275  0.0286  0.0268  0.0274
niter,ni,del,rscale     4    3    5.0000    1.2000
parameters
   -1.4809  -20.6116   11.2010  -11.9107  -20.2260   -8.3007
    1.3512   -3.8975    1.0947   17.8684    5.8891  -19.3614
eta,q 0.97419  9.71576
  0.0291  0.0283  0.0273  0.0288  0.0304  0.0292  0.0284  0.0301  0.0275  0.0288  0.0268  0.0274
  0.0273  0.0269  0.0265  0.0271  0.0282  0.0274  0.0270  0.0279  0.0265  0.0272  0.0263  0.0266
  0.0262  0.0261  0.0260  0.0260  0.0266  0.0260  0.0262  0.0264  0.0260  0.0262  0.0259  0.0260
  0.0258  0.0258  0.0258  0.0258  0.0258  0.0258  0.0258  0.0258  0.0258  0.0258  0.0258  0.0258
  0.0262  0.0261  0.0259  0.0264  0.0260  0.0264  0.0261  0.0264  0.0260  0.0262  0.0259  0.0260
  0.0274  0.0269  0.0264  0.0273  0.0278  0.0272  0.0270  0.0280  0.0266  0.0272  0.0263  0.0266
  0.0291  0.0282  0.0272  0.0286  0.0311  0.0290  0.0284  0.0301  0.0275  0.0287  0.0268  0.0274
niter,ni,del,rscale     3    3    5.0000    1.2000
parameters
   -1.4852  -20.6099   11.2203  -11.9226  -20.2419   -8.2879
    1.3578   -3.9045    1.0924   17.8629    5.8925  -19.3444
eta,q 0.97419  9.71466
  0.0291  0.0282  0.0272  0.0288  0.0305  0.0292  0.0284  0.0301  0.0275  0.0287  0.0268  0.0274
  0.0273  0.0269  0.0265  0.0271  0.0282  0.0273  0.0270  0.0279  0.0266  0.0272  0.0263  0.0266
  0.0262  0.0261  0.0260  0.0260  0.0266  0.0260  0.0262  0.0264  0.0260  0.0262  0.0259  0.0260
  0.0258  0.0258  0.0258  0.0258  0.0258  0.0258  0.0258  0.0258  0.0258  0.0258  0.0258  0.0258
  0.0262  0.0261  0.0259  0.0264  0.0260  0.0264  0.0261  0.0264  0.0260  0.0262  0.0259  0.0260
  0.0274  0.0269  0.0264  0.0273  0.0277  0.0272  0.0270  0.0280  0.0266  0.0272  0.0263  0.0266
  0.0291  0.0282  0.0272  0.0286  0.0310  0.0291  0.0284  0.0301  0.0275  0.0287  0.0268  0.0274
registration optimization eta report
parameter search radius
    2.4000    2.4000    2.4000    9.5220   10.9503    9.5220
    7.2000    7.2000    7.2000    7.2000    7.2000    8.2800
100000*second partial in parameter space
       57.       42.       24.        3.        4.        4.
        5.        8.        3.        6.        2.        2.
  0.0291  0.0282  0.0272  0.0288  0.0305  0.0292  0.0284  0.0301  0.0275  0.0287  0.0268  0.0274
  0.0273  0.0269  0.0265  0.0271  0.0282  0.0273  0.0270  0.0279  0.0266  0.0272  0.0263  0.0266
  0.0262  0.0261  0.0260  0.0260  0.0266  0.0260  0.0262  0.0264  0.0260  0.0262  0.0259  0.0260
  0.0258  0.0258  0.0258  0.0258  0.0258  0.0258  0.0258  0.0258  0.0258  0.0258  0.0258  0.0258
  0.0262  0.0261  0.0259  0.0264  0.0260  0.0264  0.0261  0.0264  0.0260  0.0262  0.0259  0.0260
  0.0274  0.0269  0.0264  0.0273  0.0277  0.0272  0.0270  0.0280  0.0266  0.0272  0.0263  0.0266
  0.0291  0.0282  0.0272  0.0286  0.0310  0.0291  0.0284  0.0301  0.0275  0.0287  0.0268  0.0274
   -1.4852  -20.6099   11.2203  -11.9226  -20.2419   -8.2879
    1.3578   -3.9045    1.0924   17.8629    5.8925  -19.3444
eta,q 0.97419  9.71466

---------------------------------------------------------------------
imgreg_4dfp /opt/freesurfer/average/711-2C_as_mni_average_305 /opt/freesurfer/average/711-2B_as_mni_average_305_mask talsrcimg_g11 none talsrcimg_to_711-2C_as_mni_average_305_t4 2311
---------------------------------------------------------------------

freesurfer imgreg_4dfp.c
/opt/freesurfer/average/711-2C_as_mni_average_305.4dfp.img
       256       256       256         1
  1.000000  1.000000  1.000000
orientation T byte_order littleendian
Reading image: /opt/freesurfer/average/711-2C_as_mni_average_305.4dfp.img
dimensions:      256       256       256
mmppix:       1.0000   -1.0000   -1.0000
center:     128.0000 -129.0000 -129.0000
/opt/freesurfer/average/711-2B_as_mni_average_305_mask.4dfp.img
       256       256       256         1
  1.000000  1.000000  1.000000
orientation T byte_order littleendian
Reading mask: /opt/freesurfer/average/711-2B_as_mni_average_305_mask.4dfp.img (2306576 pixels)
talsrcimg_g11.4dfp.img
       256       256       256         1
  1.000000  1.000000  1.000000
orientation T byte_order littleendian
Reading image: talsrcimg_g11.4dfp.img
dimensions:      256       256       256
mmppix:       1.0000   -1.0000   -1.0000
center:     128.0000 -129.0000 -129.0000
fimgreg.f
image alignment mode   2311 decimal      907 hex
parameters
   -1.4852  -20.6099   11.2203  -11.9226  -20.2419   -8.2879
    1.3578   -3.9045    1.0924   17.8630    5.8925  -19.3444
eta,q 0.97419  9.71466
niter,ni,del,rscale     5    3    5.0000    0.8000
parameters
   -1.5044  -20.6193   11.2738  -12.5500  -19.2976   -8.6730
    1.4670   -3.9299    1.1637   17.5076    5.9561  -19.2303
eta,q 0.97436  9.70731
  0.0273  0.0269  0.0265  0.0265  0.0270  0.0266  0.0269  0.0278  0.0264  0.0269  0.0262  0.0263
  0.0265  0.0263  0.0261  0.0260  0.0264  0.0260  0.0263  0.0267  0.0260  0.0262  0.0259  0.0259
  0.0260  0.0259  0.0259  0.0258  0.0260  0.0256  0.0258  0.0259  0.0257  0.0257  0.0257  0.0257
  0.0258  0.0258  0.0258  0.0258  0.0258  0.0257  0.0256  0.0256  0.0256  0.0256  0.0256  0.0256
  0.0260  0.0259  0.0259  0.0261  0.0257  0.0261  0.0257  0.0259  0.0257  0.0259  0.0257  0.0257
  0.0265  0.0263  0.0261  0.0264  0.0259  0.0263  0.0262  0.0267  0.0260  0.0265  0.0259  0.0259
  0.0274  0.0269  0.0264  0.0268  0.0263  0.0266  0.0269  0.0279  0.0264  0.0273  0.0262  0.0262
niter,ni,del,rscale     4    3    5.0000    0.7000
parameters
   -1.5237  -20.5943   11.1594  -12.5232  -19.1041   -9.1212
    1.4869   -3.9317    1.1515   17.4192    6.0382  -19.2324
eta,q 0.97444  9.69758
  0.0268  0.0265  0.0261  0.0264  0.0264  0.0264  0.0265  0.0273  0.0262  0.0267  0.0260  0.0260
  0.0262  0.0260  0.0258  0.0260  0.0260  0.0259  0.0260  0.0264  0.0258  0.0261  0.0258  0.0258
  0.0258  0.0257  0.0257  0.0257  0.0258  0.0256  0.0257  0.0258  0.0256  0.0257  0.0256  0.0256
  0.0256  0.0256  0.0256  0.0256  0.0256  0.0256  0.0256  0.0256  0.0256  0.0256  0.0256  0.0256
  0.0258  0.0257  0.0257  0.0257  0.0256  0.0260  0.0257  0.0258  0.0256  0.0257  0.0256  0.0256
  0.0262  0.0260  0.0259  0.0260  0.0259  0.0263  0.0260  0.0264  0.0258  0.0261  0.0257  0.0258
  0.0269  0.0265  0.0263  0.0263  0.0263  0.0265  0.0265  0.0273  0.0261  0.0267  0.0260  0.0261
niter,ni,del,rscale     3    3    5.0000    0.6000
parameters
   -1.5256  -20.5858   11.0052  -12.5238  -18.9457   -9.5373
    1.5189   -3.9270    1.1236   17.3740    6.1132  -19.2552
eta,q 0.97448  9.68639
  0.0264  0.0262  0.0259  0.0261  0.0261  0.0262  0.0263  0.0268  0.0259  0.0264  0.0258  0.0259
  0.0260  0.0259  0.0257  0.0258  0.0259  0.0258  0.0259  0.0261  0.0257  0.0259  0.0257  0.0257
  0.0257  0.0256  0.0256  0.0256  0.0257  0.0255  0.0256  0.0257  0.0256  0.0256  0.0256  0.0256
  0.0256  0.0256  0.0256  0.0256  0.0256  0.0256  0.0255  0.0255  0.0255  0.0255  0.0255  0.0255
  0.0257  0.0256  0.0257  0.0256  0.0256  0.0258  0.0256  0.0257  0.0256  0.0256  0.0255  0.0256
  0.0260  0.0258  0.0258  0.0258  0.0257  0.0262  0.0258  0.0261  0.0257  0.0259  0.0256  0.0257
  0.0265  0.0262  0.0261  0.0261  0.0261  0.0264  0.0263  0.0268  0.0259  0.0264  0.0258  0.0259
niter,ni,del,rscale     2    3    5.0000    0.5000
parameters
   -1.5217  -20.5753   10.8560  -12.5100  -18.8067   -9.8697
    1.5519   -3.9247    1.0745   17.3579    6.1415  -19.2885
eta,q 0.97452  9.67942
  0.0261  0.0260  0.0257  0.0259  0.0259  0.0260  0.0260  0.0264  0.0258  0.0261  0.0257  0.0257
  0.0258  0.0257  0.0256  0.0257  0.0257  0.0257  0.0257  0.0259  0.0256  0.0258  0.0256  0.0256
  0.0256  0.0256  0.0255  0.0256  0.0256  0.0255  0.0256  0.0256  0.0255  0.0256  0.0255  0.0255
  0.0255  0.0255  0.0255  0.0255  0.0255  0.0255  0.0255  0.0255  0.0255  0.0255  0.0255  0.0255
  0.0256  0.0256  0.0256  0.0256  0.0255  0.0257  0.0255  0.0256  0.0255  0.0256  0.0255  0.0255
  0.0258  0.0257  0.0257  0.0257  0.0256  0.0260  0.0257  0.0259  0.0256  0.0258  0.0256  0.0256
  0.0261  0.0260  0.0259  0.0259  0.0259  0.0262  0.0260  0.0264  0.0258  0.0261  0.0257  0.0257
niter,ni,del,rscale     1    3    5.0000    0.4000
parameters
   -1.5187  -20.5666   10.7216  -12.4957  -18.6824  -10.1143
    1.5914   -3.9160    1.0024   17.3471    6.1835  -19.3292
eta,q 0.97453  9.67581
  0.0259  0.0258  0.0256  0.0258  0.0257  0.0259  0.0258  0.0261  0.0257  0.0259  0.0256  0.0256
  0.0257  0.0256  0.0255  0.0256  0.0256  0.0256  0.0256  0.0258  0.0255  0.0257  0.0255  0.0255
  0.0255  0.0255  0.0255  0.0255  0.0255  0.0255  0.0255  0.0255  0.0255  0.0255  0.0255  0.0255
  0.0255  0.0255  0.0255  0.0255  0.0255  0.0255  0.0255  0.0255  0.0255  0.0255  0.0255  0.0255
  0.0255  0.0255  0.0255  0.0255  0.0255  0.0256  0.0255  0.0255  0.0255  0.0255  0.0255  0.0255
  0.0257  0.0256  0.0256  0.0256  0.0256  0.0258  0.0256  0.0257  0.0256  0.0257  0.0255  0.0255
  0.0259  0.0258  0.0257  0.0257  0.0257  0.0260  0.0258  0.0261  0.0257  0.0259  0.0256  0.0256
registration optimization eta report
parameter search radius
    0.8000    0.8000    0.8000    2.4000    2.4000    2.4000
    2.4000    2.4000    2.4000    2.4000    2.4000    2.4000
100000*second partial in parameter space
       63.       46.       30.        5.        4.        8.
        6.       11.        3.        7.        2.        3.
  0.0259  0.0258  0.0256  0.0258  0.0257  0.0259  0.0258  0.0261  0.0257  0.0259  0.0256  0.0256
  0.0257  0.0256  0.0255  0.0256  0.0256  0.0256  0.0256  0.0258  0.0255  0.0257  0.0255  0.0255
  0.0255  0.0255  0.0255  0.0255  0.0255  0.0255  0.0255  0.0255  0.0255  0.0255  0.0255  0.0255
  0.0255  0.0255  0.0255  0.0255  0.0255  0.0255  0.0255  0.0255  0.0255  0.0255  0.0255  0.0255
  0.0255  0.0255  0.0255  0.0255  0.0255  0.0256  0.0255  0.0255  0.0255  0.0255  0.0255  0.0255
  0.0257  0.0256  0.0256  0.0256  0.0256  0.0258  0.0256  0.0257  0.0256  0.0257  0.0255  0.0255
  0.0259  0.0258  0.0257  0.0257  0.0257  0.0260  0.0258  0.0261  0.0257  0.0259  0.0256  0.0256
   -1.5187  -20.5666   10.7216  -12.4957  -18.6824  -10.1143
    1.5914   -3.9160    1.0024   17.3471    6.1835  -19.3292
eta,q 0.97453  9.67581

---------------------------------------------------------------------
imgreg_4dfp /opt/freesurfer/average/711-2C_as_mni_average_305 /opt/freesurfer/average/711-2B_as_mni_average_305_mask talsrcimg_g11 none talsrcimg_to_711-2C_as_mni_average_305_t4 2311
---------------------------------------------------------------------

freesurfer imgreg_4dfp.c
/opt/freesurfer/average/711-2C_as_mni_average_305.4dfp.img
       256       256       256         1
  1.000000  1.000000  1.000000
orientation T byte_order littleendian
Reading image: /opt/freesurfer/average/711-2C_as_mni_average_305.4dfp.img
dimensions:      256       256       256
mmppix:       1.0000   -1.0000   -1.0000
center:     128.0000 -129.0000 -129.0000
/opt/freesurfer/average/711-2B_as_mni_average_305_mask.4dfp.img
       256       256       256         1
  1.000000  1.000000  1.000000
orientation T byte_order littleendian
Reading mask: /opt/freesurfer/average/711-2B_as_mni_average_305_mask.4dfp.img (2306576 pixels)
talsrcimg_g11.4dfp.img
       256       256       256         1
  1.000000  1.000000  1.000000
orientation T byte_order littleendian
Reading image: talsrcimg_g11.4dfp.img
dimensions:      256       256       256
mmppix:       1.0000   -1.0000   -1.0000
center:     128.0000 -129.0000 -129.0000
fimgreg.f
image alignment mode   2311 decimal      907 hex
parameters
   -1.5187  -20.5666   10.7216  -12.4957  -18.6824  -10.1143
    1.5914   -3.9160    1.0024   17.3471    6.1835  -19.3292
eta,q 0.97453  9.67580
niter,ni,del,rscale     5    3    5.0000    0.8000
parameters
   -1.5069  -20.5605   10.6225  -12.3256  -19.0241   -9.8465
    1.4585   -3.9178    1.0849   17.4924    6.0788  -19.5395
eta,q 0.97451  9.68152
  0.0271  0.0266  0.0261  0.0265  0.0263  0.0270  0.0267  0.0277  0.0263  0.0270  0.0260  0.0260
  0.0262  0.0260  0.0258  0.0260  0.0259  0.0262  0.0260  0.0266  0.0258  0.0262  0.0257  0.0257
  0.0257  0.0256  0.0255  0.0256  0.0256  0.0257  0.0256  0.0258  0.0256  0.0257  0.0255  0.0255
  0.0255  0.0255  0.0255  0.0255  0.0255  0.0255  0.0255  0.0255  0.0255  0.0255  0.0255  0.0255
  0.0257  0.0256  0.0256  0.0256  0.0256  0.0258  0.0256  0.0258  0.0256  0.0257  0.0256  0.0256
  0.0262  0.0260  0.0259  0.0259  0.0260  0.0262  0.0261  0.0265  0.0258  0.0261  0.0257  0.0258
  0.0270  0.0266  0.0263  0.0263  0.0267  0.0265  0.0268  0.0277  0.0262  0.0269  0.0260  0.0261
niter,ni,del,rscale     4    3    5.0000    0.7000
parameters
   -1.5021  -20.5614   10.7047  -12.3977  -19.0016   -9.8082
    1.4816   -3.9051    1.0852   17.5131    6.0841  -19.4971
eta,q 0.97450  9.68081
  0.0267  0.0264  0.0261  0.0262  0.0262  0.0266  0.0265  0.0272  0.0261  0.0266  0.0259  0.0260
  0.0260  0.0259  0.0258  0.0258  0.0259  0.0260  0.0260  0.0263  0.0257  0.0260  0.0257  0.0257
  0.0256  0.0256  0.0256  0.0256  0.0256  0.0256  0.0256  0.0257  0.0255  0.0256  0.0255  0.0256
  0.0255  0.0255  0.0255  0.0255  0.0255  0.0255  0.0255  0.0255  0.0255  0.0255  0.0255  0.0255
  0.0256  0.0256  0.0255  0.0256  0.0255  0.0257  0.0256  0.0257  0.0256  0.0256  0.0255  0.0255
  0.0260  0.0259  0.0257  0.0259  0.0258  0.0262  0.0259  0.0263  0.0258  0.0260  0.0257  0.0257
  0.0267  0.0264  0.0260  0.0262  0.0263  0.0264  0.0265  0.0272  0.0261  0.0266  0.0259  0.0259
niter,ni,del,rscale     3    3    5.0000    0.6000
parameters
   -1.5060  -20.5551   10.7276  -12.4494  -18.9101   -9.9201
    1.5270   -3.9002    1.0790   17.4703    6.1140  -19.4634
eta,q 0.97452  9.67732
  0.0264  0.0262  0.0259  0.0261  0.0260  0.0263  0.0262  0.0268  0.0259  0.0263  0.0258  0.0258
  0.0259  0.0258  0.0257  0.0257  0.0258  0.0259  0.0258  0.0261  0.0257  0.0259  0.0256  0.0256
  0.0256  0.0256  0.0255  0.0256  0.0256  0.0256  0.0256  0.0256  0.0255  0.0256  0.0255  0.0255
  0.0255  0.0255  0.0255  0.0255  0.0255  0.0255  0.0255  0.0255  0.0255  0.0255  0.0255  0.0255
  0.0256  0.0256  0.0255  0.0256  0.0255  0.0257  0.0255  0.0256  0.0255  0.0256  0.0255  0.0255
  0.0259  0.0258  0.0257  0.0258  0.0257  0.0260  0.0258  0.0261  0.0257  0.0259  0.0256  0.0256
  0.0264  0.0261  0.0259  0.0261  0.0260  0.0263  0.0262  0.0268  0.0259  0.0264  0.0258  0.0258
niter,ni,del,rscale     2    3    5.0000    0.5000
parameters
   -1.5138  -20.5512   10.6838  -12.4750  -18.8043  -10.1030
    1.5488   -3.9157    1.0429   17.4427    6.1671  -19.4200
eta,q 0.97453  9.67282
  0.0261  0.0259  0.0258  0.0259  0.0259  0.0261  0.0260  0.0264  0.0258  0.0261  0.0257  0.0257
  0.0258  0.0257  0.0256  0.0257  0.0257  0.0257  0.0257  0.0259  0.0256  0.0257  0.0256  0.0256
  0.0255  0.0255  0.0255  0.0255  0.0256  0.0255  0.0256  0.0256  0.0255  0.0255  0.0255  0.0255
  0.0255  0.0255  0.0255  0.0255  0.0255  0.0255  0.0255  0.0255  0.0255  0.0255  0.0255  0.0255
  0.0256  0.0255  0.0255  0.0255  0.0255  0.0256  0.0255  0.0256  0.0255  0.0256  0.0255  0.0255
  0.0258  0.0257  0.0256  0.0257  0.0256  0.0259  0.0257  0.0259  0.0256  0.0258  0.0256  0.0256
  0.0261  0.0259  0.0258  0.0259  0.0259  0.0262  0.0260  0.0264  0.0258  0.0261  0.0257  0.0257
niter,ni,del,rscale     1    3    5.0000    0.4000
parameters
   -1.5125  -20.5452   10.6184  -12.4677  -18.6893  -10.2454
    1.5936   -3.9117    0.9789   17.4074    6.2110  -19.4023
eta,q 0.97453  9.67242
  0.0259  0.0258  0.0256  0.0257  0.0257  0.0259  0.0258  0.0261  0.0257  0.0259  0.0256  0.0256
  0.0257  0.0256  0.0255  0.0256  0.0256  0.0257  0.0256  0.0258  0.0255  0.0256  0.0255  0.0255
  0.0255  0.0255  0.0255  0.0255  0.0255  0.0255  0.0255  0.0255  0.0255  0.0255  0.0255  0.0255
  0.0255  0.0255  0.0255  0.0255  0.0255  0.0255  0.0255  0.0255  0.0255  0.0255  0.0255  0.0255
  0.0255  0.0255  0.0255  0.0255  0.0255  0.0256  0.0255  0.0255  0.0255  0.0255  0.0255  0.0255
  0.0257  0.0256  0.0256  0.0256  0.0256  0.0258  0.0256  0.0257  0.0256  0.0257  0.0255  0.0255
  0.0259  0.0258  0.0257  0.0257  0.0257  0.0260  0.0258  0.0261  0.0257  0.0259  0.0256  0.0256
registration optimization eta report
parameter search radius
    0.8000    0.8000    0.8000    2.4000    2.4000    2.4000
    2.4000    2.4000    2.4000    2.4000    2.4000    2.4000
100000*second partial in parameter space
       63.       45.       30.        5.        4.        8.
        6.       11.        3.        7.        2.        3.
  0.0259  0.0258  0.0256  0.0257  0.0257  0.0259  0.0258  0.0261  0.0257  0.0259  0.0256  0.0256
  0.0257  0.0256  0.0255  0.0256  0.0256  0.0257  0.0256  0.0258  0.0255  0.0256  0.0255  0.0255
  0.0255  0.0255  0.0255  0.0255  0.0255  0.0255  0.0255  0.0255  0.0255  0.0255  0.0255  0.0255
  0.0255  0.0255  0.0255  0.0255  0.0255  0.0255  0.0255  0.0255  0.0255  0.0255  0.0255  0.0255
  0.0255  0.0255  0.0255  0.0255  0.0255  0.0256  0.0255  0.0255  0.0255  0.0255  0.0255  0.0255
  0.0257  0.0256  0.0256  0.0256  0.0256  0.0258  0.0256  0.0257  0.0256  0.0257  0.0255  0.0255
  0.0259  0.0258  0.0257  0.0257  0.0257  0.0260  0.0258  0.0261  0.0257  0.0259  0.0256  0.0256
   -1.5125  -20.5452   10.6184  -12.4677  -18.6893  -10.2454
    1.5936   -3.9117    0.9789   17.4074    6.2110  -19.4023
eta,q 0.97453  9.67242

---------------------------------------------------------------------
compute_vox2vox talsrcimg talsrcimg_to_711-2C_as_mni_average_305_t4 /opt/freesurfer/average/711-2C_as_mni_average_305
---------------------------------------------------------------------

freesurfer compute_vox2vox.c
Reading: talsrcimg.4dfp.ifh
Reading: talsrcimg_to_711-2C_as_mni_average_305_t4
Reading: /opt/freesurfer/average/711-2C_as_mni_average_305.4dfp.ifh
Writing: talsrcimg_to_711-2C_as_mni_average_305_t4_vox2vox.txt

start time Sun Mar 8 17:37:50 CET 2026
end		time Sun Mar 8 17:39:18 CET 2026

mpr2mni305 success

avi2talxfm orig_nu.mgz /opt/freesurfer/average/mni305.cor.mgz talsrcimg_to_711-2C_as_mni_average_305_t4_vox2vox.txt transforms/talairach.auto.xfm
avi2talxfm done
mv -f /out/sourcedata/freesurfer/sub-v1s14x0051565_ses-1/mri/talsrcimg_to_711-2C_as_mni_average_305_t4_vox2vox.txt /out/sourcedata/freesurfer/sub-v1s14x0051565_ses-1/mri/transforms/talsrcimg_to_711-2C_as_mni_average_305_t4_vox2vox.txt
lta_convert --src orig_nu.mgz --trg /opt/freesurfer/average/mni305.cor.mgz --inxfm transforms/talairach.auto.xfm --outlta transforms/talairach.auto.xfm.lta --subject fsaverage
7.3.2

--src: orig_nu.mgz src image (geometry).
--trg: /opt/freesurfer/average/mni305.cor.mgz trg image (geometry).
--inmni: transforms/talairach.auto.xfm input MNI/XFM transform.
--outlta: transforms/talairach.auto.xfm.lta output LTA.
--s: fsaverage subject name
 LTA read, type : 1
 1.13889   0.05158  -0.01001   0.50232;
-0.07816   1.06133   0.25479  -29.42289;
 0.00302  -0.22783   1.17543  -9.79897;
 0.00000   0.00000   0.00000   1.00000;
setting subject to fsaverage
Writing  LTA to file transforms/talairach.auto.xfm.lta...
lta_convert successful.
 
 
Started at Sun Mar 8 17:37:49 CET 2026
Ended   at Sun Mar  8 17:39:18 CET 2026
talairach_avi done
