status file for recon-all
Sun Mar  8 17:31:34 CET 2026
#@# MotionCor Sun Mar  8 17:31:36 CET 2026
#@# Talairach Sun Mar  8 17:31:46 CET 2026
#@# Talairach Failure Detection Sun Mar  8 17:36:09 CET 2026
#@# Nu Intensity Correction Sun Mar  8 17:36:09 CET 2026
#@# Intensity Normalization Sun Mar  8 17:39:25 CET 2026
recon-all -s sub-v1s14x0051563_ses-1 finished without error at Sun Mar  8 17:40:58 CET 2026



#New# invocation of recon-all 



status file for recon-all
Sun Mar  8 17:48:53 CET 2026
#@# EM Registration Sun Mar  8 17:48:53 CET 2026
recon-all -s sub-v1s14x0051563_ses-1 finished without error at Sun Mar  8 17:50:41 CET 2026



#New# invocation of recon-all 



status file for recon-all
Sun Mar  8 17:50:42 CET 2026
#@# CA Normalize Sun Mar  8 17:50:42 CET 2026
#@# CA Reg Sun Mar  8 17:52:01 CET 2026
#@# SubCort Seg Sun Mar  8 18:41:21 CET 2026
#@# CC Seg Sun Mar  8 19:20:33 CET 2026
#@# Merge ASeg Sun Mar  8 19:21:12 CET 2026
#@# Intensity Normalization2 Sun Mar  8 19:21:12 CET 2026
#@# Mask BFS Sun Mar  8 19:23:30 CET 2026
#@# WM Segmentation Sun Mar  8 19:23:31 CET 2026
#@# Fill Sun Mar  8 19:25:36 CET 2026
recon-all -s sub-v1s14x0051563_ses-1 finished without error at Sun Mar  8 19:26:38 CET 2026



#New# invocation of recon-all 



status file for recon-all
Sun Mar  8 20:34:33 CET 2026
#@# white curv lh Sun Mar  8 20:34:33 CET 2026
#@# white area lh Sun Mar  8 20:34:33 CET 2026
#@# pial curv lh Sun Mar  8 20:34:33 CET 2026
#@# pial area lh Sun Mar  8 20:34:33 CET 2026
#@# thickness lh Sun Mar  8 20:34:33 CET 2026
#@# area and vertex vol lh Sun Mar  8 20:34:33 CET 2026
#@# white curv rh Sun Mar  8 20:34:33 CET 2026
#@# white area rh Sun Mar  8 20:34:33 CET 2026
#@# pial curv rh Sun Mar  8 20:34:33 CET 2026
#@# pial area rh Sun Mar  8 20:34:33 CET 2026
#@# thickness rh Sun Mar  8 20:34:33 CET 2026
#@# area and vertex vol rh Sun Mar  8 20:34:33 CET 2026
#@# Cortical ribbon mask Sun Mar  8 20:34:33 CET 2026
recon-all -s sub-v1s14x0051563_ses-1 finished without error at Sun Mar  8 20:42:36 CET 2026



#New# invocation of recon-all 



status file for recon-all
Sun Mar  8 20:51:06 CET 2026
#@# white curv lh Sun Mar  8 20:51:06 CET 2026
#@# white area lh Sun Mar  8 20:51:06 CET 2026
#@# pial curv lh Sun Mar  8 20:51:06 CET 2026
#@# pial area lh Sun Mar  8 20:51:06 CET 2026
#@# thickness lh Sun Mar  8 20:51:06 CET 2026
#@# area and vertex vol lh Sun Mar  8 20:51:06 CET 2026
#@# white curv rh Sun Mar  8 20:51:06 CET 2026
#@# white area rh Sun Mar  8 20:51:06 CET 2026
#@# pial curv rh Sun Mar  8 20:51:06 CET 2026
#@# pial area rh Sun Mar  8 20:51:06 CET 2026
#@# thickness rh Sun Mar  8 20:51:06 CET 2026
#@# area and vertex vol rh Sun Mar  8 20:51:06 CET 2026
#@# Curvature Stats lh Sun Mar  8 20:51:06 CET 2026
#@# Curvature Stats rh Sun Mar  8 20:51:10 CET 2026
#@# Relabel Hypointensities Sun Mar  8 20:51:13 CET 2026
#@# APas-to-ASeg Sun Mar  8 20:51:31 CET 2026
#@# AParc-to-ASeg aparc Sun Mar  8 20:51:42 CET 2026
#@# AParc-to-ASeg aparc.a2009s Sun Mar  8 20:52:21 CET 2026
#@# AParc-to-ASeg aparc.DKTatlas Sun Mar  8 20:53:00 CET 2026
#@# WMParc Sun Mar  8 20:53:37 CET 2026
#@# ASeg Stats Sun Mar  8 20:58:31 CET 2026
recon-all -s sub-v1s14x0051563_ses-1 finished without error at Sun Mar  8 20:59:16 CET 2026
