/out/sourcedata/freesurfer/sub-v1s14x0051557_ses-1/mri
/opt/freesurfer/bin/talairach_avi
--i orig_nu.mgz --xfm transforms/talairach.auto.xfm
talairach_avi 7.3.2
Linux dna010 5.14.0-427.37.1.el9_4.x86_64 #1 SMP PREEMPT_DYNAMIC Fri Sep 13 12:41:50 EDT 2024 x86_64 x86_64 x86_64 GNU/Linux
Sun Mar  8 17:12:45 CET 2026
mri_convert orig_nu.mgz talsrcimg.img 
reading from orig_nu.mgz...
TR=0.00, TE=0.00, TI=0.00, flip angle=0.00
i_ras = (-1, -3.95812e-09, 3.72529e-09)
j_ras = (0, 0, -1)
k_ras = (-3.72529e-09, 1, 0)
writing to talsrcimg.img...
Analyze Output Matrix
-1.00000   0.00000  -0.00000   131.28824;
-0.00000   0.00000   1.00000  -107.01086;
 0.00000  -1.00000   0.00000   136.03000;
 0.00000   0.00000   0.00000   1.00000;
--------------------
INFO: set hdr.hist.orient to -1
mpr2mni305 talsrcimg
Sun Mar  8 17:12:45 CET 2026
/opt/freesurfer/bin/mpr2mni305 talsrcimg
mpr2mni305 7.3.2
target=711-2C_as_mni_average_305

---------------------------------------------------------------------
analyzeto4dfp talsrcimg -O0 -y
---------------------------------------------------------------------

freesurfer ifh2hdr.c
Sun Mar  8 17:12:45 2026
Writing: talsrcimg.4dfp.hdr
freesurfer analyzeto4dfp.c
Reading: talsrcimg.hdr
header size 348 bytes
hdr.dime.datatype	offset=70	value=2
hdr.dime.bitpix		offset=72	value=8
hdr.hist.orient		offset=252	value=-1
dimensionality     4
dimensions       256       256       256         1
Reading: talsrcimg.img
Writing: talsrcimg.4dfp.img
Writing: talsrcimg.4dfp.ifh
ifh2hdr talsrcimg -r0to254
ori=2

---------------------------------------------------------------------
gauss_4dfp talsrcimg 1.1
---------------------------------------------------------------------

freesurfer gauss_4dfp.c
Reading: talsrcimg.4dfp.img
Writing: talsrcimg_g11.4dfp.img
image dimensions 256 256 256 padded to 288 288 288
processing volume 1freesurfer ifh2hdr.c
Sun Mar  8 17:12:47 2026
Writing: talsrcimg_g11.4dfp.hdr

Writing: talsrcimg_g11.4dfp.ifh
including: talsrcimg.4dfp.img.rec in talsrcimg_g11.4dfp.img.rec

---------------------------------------------------------------------
imgreg_4dfp /opt/freesurfer/average/711-2C_as_mni_average_305 none talsrcimg_g11 none talsrcimg_to_711-2C_as_mni_average_305_t4 4355
---------------------------------------------------------------------

freesurfer imgreg_4dfp.c
/opt/freesurfer/average/711-2C_as_mni_average_305.4dfp.img
       256       256       256         1
  1.000000  1.000000  1.000000
orientation T byte_order littleendian
Reading image: /opt/freesurfer/average/711-2C_as_mni_average_305.4dfp.img
dimensions:      256       256       256
mmppix:       1.0000   -1.0000   -1.0000
center:     128.0000 -129.0000 -129.0000
talsrcimg_g11.4dfp.img
       256       256       256         1
  1.000000  1.000000  1.000000
orientation T byte_order littleendian
Reading image: talsrcimg_g11.4dfp.img
dimensions:      256       256       256
mmppix:       1.0000   -1.0000   -1.0000
center:     128.0000 -129.0000 -129.0000
t4_read: open error in t4_sub.f l:  41 t4_file(1:l)talsrcimg_to_711-2C_as_mni_average_305_t4 
t4_read: transform initialized to I4
rotation matrix determinant  1.000000
image alignment mode   4355 decimal     1103 hex
   -7.5000  -45.0000  -45.0000 8912.6768   18.3480
    0.0000  -45.0000  -45.0000 9301.0537   18.3498
    7.5000  -45.0000  -45.0000 8818.1367   18.3106
   -7.5000  -37.5000  -45.0000 9411.9873   18.3278
    0.0000  -37.5000  -45.0000 9799.2393   18.3300
    7.5000  -37.5000  -45.0000 9286.9297   18.2978
   -7.5000  -30.0000  -45.000010128.7158   18.3175
    0.0000  -30.0000  -45.000010578.8838   18.3239
    7.5000  -30.0000  -45.000010019.9229   18.2976
   -7.5000  -22.5000  -45.000010801.7686   18.3287
    0.0000  -22.5000  -45.000011302.0449   18.3371
    7.5000  -22.5000  -45.000010674.8506   18.3084
   -7.5000  -15.0000  -45.000011452.1748   18.3472
    0.0000  -15.0000  -45.000011940.8926   18.3574
    7.5000  -15.0000  -45.000011266.2334   18.3227
   -7.5000   -7.5000  -45.000012013.3311   18.3563
    0.0000   -7.5000  -45.000012531.2373   18.3641
    7.5000   -7.5000  -45.000011844.3789   18.3248
   -7.5000    0.0000  -45.000012475.0596   18.3480
    0.0000    0.0000  -45.000013014.8555   18.3498
    7.5000    0.0000  -45.000012307.8330   18.3106
   -7.5000    7.5000  -45.000012006.0840   18.3278
    0.0000    7.5000  -45.000012529.4688   18.3300
    7.5000    7.5000  -45.000011874.1260   18.2978
   -7.5000   15.0000  -45.000011347.1445   18.3175
    0.0000   15.0000  -45.000011833.6846   18.3239
    7.5000   15.0000  -45.000011235.6289   18.2976
   -7.5000   22.5000  -45.000010400.0996   18.3261
    0.0000   22.5000  -45.000010846.1143   18.3346
    7.5000   22.5000  -45.000010321.6670   18.3058
   -7.5000   30.0000  -45.0000 9398.9766   18.1027
    0.0000   30.0000  -45.0000 9794.8555   18.1128
    7.5000   30.0000  -45.0000 9353.8467   18.0786
   -7.5000   37.5000  -45.0000 8832.7480   18.1116
    0.0000   37.5000  -45.0000 9175.1201   18.1193
    7.5000   37.5000  -45.0000 8767.2354   18.0806
   -7.5000   45.0000  -45.0000 7987.4233   17.6438
    0.0000   45.0000  -45.0000 8278.4873   17.6455
    7.5000   45.0000  -45.0000 7929.0034   17.6078
   -7.5000  -45.0000  -37.5000 9463.7510   18.3029
    0.0000  -45.0000  -37.5000 9853.3506   18.3089
    7.5000  -45.0000  -37.5000 9341.5410   18.2816
   -7.5000  -37.5000  -37.5000 9947.5654   18.2963
    0.0000  -37.5000  -37.500010394.5361   18.3017
    7.5000  -37.5000  -37.5000 9835.2471   18.2779
   -7.5000  -30.0000  -37.500010700.0283   18.2934
    0.0000  -30.0000  -37.500011196.5625   18.3033
    7.5000  -30.0000  -37.500010608.7207   18.2830
   -7.5000  -22.5000  -37.500011431.2510   18.2956
    0.0000  -22.5000  -37.500011933.7578   18.3087
    7.5000  -22.5000  -37.500011283.4004   18.2870
   -7.5000  -15.0000  -37.500012082.2783   18.2985
    0.0000  -15.0000  -37.500012615.1953   18.3136
    7.5000  -15.0000  -37.500011896.8262   18.2895
   -7.5000   -7.5000  -37.500012690.2148   18.3029
    0.0000   -7.5000  -37.500013249.8984   18.3154
    7.5000   -7.5000  -37.500012517.6367   18.2891
   -7.5000    0.0000  -37.500013167.7900   18.3029
    0.0000    0.0000  -37.500013735.5410   18.3089
    7.5000    0.0000  -37.500012988.0674   18.2816
   -7.5000    7.5000  -37.500012643.6309   18.2963
    0.0000    7.5000  -37.500013209.3311   18.3017
    7.5000    7.5000  -37.500012484.5869   18.2779
   -7.5000   15.0000  -37.500011927.9990   18.2934
    0.0000   15.0000  -37.500012461.3604   18.3033
    7.5000   15.0000  -37.500011816.5215   18.2830
   -7.5000   22.5000  -37.500010941.6465   18.2931
    0.0000   22.5000  -37.500011437.8916   18.3062
    7.5000   22.5000  -37.500010847.9043   18.2845
   -7.5000   30.0000  -37.5000 9881.9844   18.0547
    0.0000   30.0000  -37.500010311.7031   18.0695
    7.5000   30.0000  -37.5000 9819.9170   18.0457
   -7.5000   37.5000  -37.5000 9256.0928   18.0590
    0.0000   37.5000  -37.5000 9631.0947   18.0713
    7.5000   37.5000  -37.5000 9190.3262   18.0454
   -7.5000   45.0000  -37.5000 8320.3340   17.6004
    0.0000   45.0000  -37.5000 8656.4570   17.6063
    7.5000   45.0000  -37.5000 8277.1934   17.5799
   -7.5000  -45.0000  -30.000010139.6963   19.0664
    0.0000  -45.0000  -30.000010548.7627   19.0733
    7.5000  -45.0000  -30.000010009.7939   19.0624
   -7.5000  -37.5000  -30.000010654.5996   19.0594
    0.0000  -37.5000  -30.000011119.1748   19.0648
    7.5000  -37.5000  -30.000010538.9463   19.0589
   -7.5000  -30.0000  -30.000011474.9922   19.0536
    0.0000  -30.0000  -30.000011987.8584   19.0634
    7.5000  -30.0000  -30.000011369.5703   19.0607
   -7.5000  -22.5000  -30.000012219.1914   19.0521
    0.0000  -22.5000  -30.000012761.6523   19.0656
    7.5000  -22.5000  -30.000012061.1016   19.0591
   -7.5000  -15.0000  -30.000012912.5713   19.0537
    0.0000  -15.0000  -30.000013474.6465   19.0696
    7.5000  -15.0000  -30.000012707.8545   19.0588
   -7.5000   -7.5000  -30.000013576.9062   19.0622
    0.0000   -7.5000  -30.000014149.7578   19.0758
    7.5000   -7.5000  -30.000013354.9785   19.0639
   -7.5000    0.0000  -30.000014086.8975   19.0664
    0.0000    0.0000  -30.000014669.8896   19.0733
    7.5000    0.0000  -30.000013867.6875   19.0624
   -7.5000    7.5000  -30.000013487.9863   19.0594
    0.0000    7.5000  -30.000014075.0029   19.0648
    7.5000    7.5000  -30.000013296.0527   19.0589
   -7.5000   15.0000  -30.000012692.6221   19.0536
    0.0000   15.0000  -30.000013254.6523   19.0634
    7.5000   15.0000  -30.000012547.3770   19.0607
   -7.5000   22.5000  -30.000011623.0957   19.0476
    0.0000   22.5000  -30.000012140.7861   19.0611
    7.5000   22.5000  -30.000011506.4414   19.0545
   -7.5000   30.0000  -30.000010470.2686   18.8016
    0.0000   30.0000  -30.000010928.9990   18.8172
    7.5000   30.0000  -30.000010402.9922   18.8067
   -7.5000   37.5000  -30.0000 9823.3682   18.8099
    0.0000   37.5000  -30.000010223.7314   18.8234
    7.5000   37.5000  -30.0000 9739.7871   18.8116
   -7.5000   45.0000  -30.0000 8811.8457   18.3481
    0.0000   45.0000  -30.0000 9173.4697   18.3547
    7.5000   45.0000  -30.0000 8748.5400   18.3442
   -7.5000  -45.0000  -22.500010807.6641   19.7507
    0.0000  -45.0000  -22.500011234.0879   19.7524
    7.5000  -45.0000  -22.500010676.5615   19.7449
   -7.5000  -37.5000  -22.500011368.8311   19.7250
    0.0000  -37.5000  -22.500011842.4619   19.7261
    7.5000  -37.5000  -22.500011241.4551   19.7299
   -7.5000  -30.0000  -22.500012241.1328   19.7049
    0.0000  -30.0000  -22.500012771.5742   19.7105
    7.5000  -30.0000  -22.500012106.9434   19.7204
   -7.5000  -22.5000  -22.500013001.0977   19.7098
    0.0000  -22.5000  -22.500013566.5215   19.7180
    7.5000  -22.5000  -22.500012829.9883   19.7201
   -7.5000  -15.0000  -22.500013703.5869   19.7304
    0.0000  -15.0000  -22.500014288.4180   19.7405
    7.5000  -15.0000  -22.500013489.5547   19.7318
   -7.5000   -7.5000  -22.500014407.1719   19.7512
    0.0000   -7.5000  -22.500015032.3164   19.7593
    7.5000   -7.5000  -22.500014159.2373   19.7473
   -7.5000    0.0000  -22.500014974.9336   19.7507
    0.0000    0.0000  -22.500015623.5586   19.7524
    7.5000    0.0000  -22.500014722.5000   19.7449
   -7.5000    7.5000  -22.500014309.9414   19.7250
    0.0000    7.5000  -22.500014943.9668   19.7261
    7.5000    7.5000  -22.500014098.5723   19.7299
   -7.5000   15.0000  -22.500013411.4355   19.7049
    0.0000   15.0000  -22.500014036.1621   19.7105
    7.5000   15.0000  -22.500013251.5830   19.7204
   -7.5000   22.5000  -22.500012279.4678   19.7037
    0.0000   22.5000  -22.500012835.9863   19.7119
    7.5000   22.5000  -22.500012142.8828   19.7140
   -7.5000   30.0000  -22.500011065.0713   19.4723
    0.0000   30.0000  -22.500011574.2578   19.4823
    7.5000   30.0000  -22.500010981.9580   19.4737
   -7.5000   37.5000  -22.500010394.4961   19.4929
    0.0000   37.5000  -22.500010818.3369   19.5009
    7.5000   37.5000  -22.500010288.3594   19.4889
   -7.5000   45.0000  -22.5000 9312.9639   19.0209
    0.0000   45.0000  -22.5000 9684.1338   19.0226
    7.5000   45.0000  -22.5000 9219.9268   19.0154
   -7.5000  -45.0000  -15.000011450.2979   20.2572
    0.0000  -45.0000  -15.000011914.2275   20.2532
    7.5000  -45.0000  -15.000011328.7939   20.2319
   -7.5000  -37.5000  -15.000012048.3262   20.2133
    0.0000  -37.5000  -15.000012552.5938   20.2093
    7.5000  -37.5000  -15.000011917.1162   20.2041
   -7.5000  -30.0000  -15.000012979.8076   20.1822
    0.0000  -30.0000  -15.000013537.6973   20.1822
    7.5000  -30.0000  -15.000012824.9805   20.1869
   -7.5000  -22.5000  -15.000013775.5342   20.1971
    0.0000  -22.5000  -15.000014377.0068   20.1989
    7.5000  -22.5000  -15.000013626.2188   20.1945
   -7.5000  -15.0000  -15.000014499.0557   20.2378
    0.0000  -15.0000  -15.000015113.0645   20.2419
    7.5000  -15.0000  -15.000014286.9326   20.2220
   -7.5000   -7.5000  -15.000015221.7998   20.2667
    0.0000   -7.5000  -15.000015868.0479   20.2691
    7.5000   -7.5000  -15.000014944.6797   20.2421
   -7.5000    0.0000  -15.000015816.2158   20.2572
    0.0000    0.0000  -15.000016494.2988   20.2532
    7.5000    0.0000  -15.000015518.6523   20.2319
   -7.5000    7.5000  -15.000015058.3340   20.2133
    0.0000    7.5000  -15.000015723.9854   20.2093
    7.5000    7.5000  -15.000014822.6982   20.2041
   -7.5000   15.0000  -15.000014097.8047   20.1822
    0.0000   15.0000  -15.000014736.6055   20.1822
    7.5000   15.0000  -15.000013885.3965   20.1869
   -7.5000   22.5000  -15.000012907.7725   20.1900
    0.0000   22.5000  -15.000013501.4365   20.1918
    7.5000   22.5000  -15.000012738.1621   20.1874
   -7.5000   30.0000  -15.000011669.3975   19.9758
    0.0000   30.0000  -15.000012210.4600   19.9799
    7.5000   30.0000  -15.000011545.3545   19.9603
   -7.5000   37.5000  -15.000010968.1582   20.0044
    0.0000   37.5000  -15.000011447.8145   20.0067
    7.5000   37.5000  -15.000010844.2861   19.9802
   -7.5000   45.0000  -15.0000 9839.1270   19.5205
    0.0000   45.0000  -15.000010245.5312   19.5166
    7.5000   45.0000  -15.0000 9719.0254   19.4961
   -7.5000  -45.0000   -7.500012114.0117   20.4951
    0.0000  -45.0000   -7.500012611.8828   20.4919
    7.5000  -45.0000   -7.500012004.2441   20.4534
   -7.5000  -37.5000   -7.500012731.4268   20.4542
    0.0000  -37.5000   -7.500013239.4150   20.4509
    7.5000  -37.5000   -7.500012595.8760   20.4262
   -7.5000  -30.0000   -7.500013735.9854   20.4286
    0.0000  -30.0000   -7.500014318.8262   20.4292
    7.5000  -30.0000   -7.500013560.3096   20.4140
   -7.5000  -22.5000   -7.500014606.7383   20.4471
    0.0000  -22.5000   -7.500015244.3086   20.4497
    7.5000  -22.5000   -7.500014442.3936   20.4282
   -7.5000  -15.0000   -7.500015373.0996   20.4867
    0.0000  -15.0000   -7.500016021.2285   20.4918
    7.5000  -15.0000   -7.500015189.4600   20.4574
   -7.5000   -7.5000   -7.500016100.4902   20.5090
    0.0000   -7.5000   -7.500016755.3613   20.5123
    7.5000   -7.5000   -7.500015848.9307   20.4705
   -7.5000    0.0000   -7.500016693.6777   20.4951
    0.0000    0.0000   -7.500017378.6699   20.4919
    7.5000    0.0000   -7.500016383.1934   20.4534
   -7.5000    7.5000   -7.500015875.7109   20.4542
    0.0000    7.5000   -7.500016534.4297   20.4509
    7.5000    7.5000   -7.500015606.5391   20.4262
   -7.5000   15.0000   -7.500014840.3066   20.4286
    0.0000   15.0000   -7.500015496.6377   20.4292
    7.5000   15.0000   -7.500014569.8223   20.4140
   -7.5000   22.5000   -7.500013613.7637   20.4376
    0.0000   22.5000   -7.500014226.5254   20.4403
    7.5000   22.5000   -7.500013384.7529   20.4188
   -7.5000   30.0000   -7.500012350.0596   20.2210
    0.0000   30.0000   -7.500012923.9160   20.2261
    7.5000   30.0000   -7.500012189.5967   20.1921
   -7.5000   37.5000   -7.500011598.1289   20.2431
    0.0000   37.5000   -7.500012148.3398   20.2463
    7.5000   37.5000   -7.500011468.6250   20.2050
   -7.5000   45.0000   -7.500010411.1875   19.7535
    0.0000   45.0000   -7.500010863.9697   19.7504
    7.5000   45.0000   -7.500010283.8135   19.7133
   -7.5000  -45.0000    0.000012698.8154   20.5114
    0.0000  -45.0000    0.000013222.7080   20.5134
    7.5000  -45.0000    0.000012551.9209   20.4697
   -7.5000  -37.5000    0.000013297.9443   20.4882
    0.0000  -37.5000    0.000013822.5537   20.4906
    7.5000  -37.5000    0.000013143.4258   20.4546
   -7.5000  -30.0000    0.000014352.7646   20.4762
    0.0000  -30.0000    0.000014934.5732   20.4833
    7.5000  -30.0000    0.000014137.5801   20.4538
   -7.5000  -22.5000    0.000015350.2500   20.4888
    0.0000  -22.5000    0.000016000.7158   20.4983
    7.5000  -22.5000    0.000015175.3350   20.4661
   -7.5000  -15.0000    0.000016319.3701   20.5103
    0.0000  -15.0000    0.000017009.7109   20.5216
    7.5000  -15.0000    0.000016097.8359   20.4829
   -7.5000   -7.5000    0.000017118.7910   20.5208
    0.0000   -7.5000    0.000017760.2754   20.5295
    7.5000   -7.5000    0.000016782.2090   20.4857
   -7.5000    0.0000    0.000017661.5234   20.5114
    0.0000    0.0000    0.000018318.4004   20.5134
    7.5000    0.0000    0.000017281.1094   20.4697
   -7.5000    7.5000    0.000016721.0625   20.4882
    0.0000    7.5000    0.000017347.2070   20.4906
    7.5000    7.5000    0.000016347.7871   20.4546
   -7.5000   15.0000    0.000015547.6006   20.4762
    0.0000   15.0000    0.000016165.4609   20.4833
    7.5000   15.0000    0.000015185.9463   20.4538
   -7.5000   22.5000    0.000014235.1514   20.4794
    0.0000   22.5000    0.000014837.9326   20.4888
    7.5000   22.5000    0.000013930.5205   20.4567
   -7.5000   30.0000    0.000012912.0000   20.2448
    0.0000   30.0000    0.000013497.4492   20.2561
    7.5000   30.0000    0.000012700.1875   20.2178
   -7.5000   37.5000    0.000012149.7568   20.2552
    0.0000   37.5000    0.000012680.1260   20.2639
    7.5000   37.5000    0.000011994.0879   20.2206
   -7.5000   45.0000    0.000010873.8799   19.7707
    0.0000   45.0000    0.000011340.5859   19.7726
    7.5000   45.0000    0.000010726.8262   19.7304
   -7.5000  -45.0000    7.500012293.3389   20.4814
    0.0000  -45.0000    7.500012817.5674   20.4882
    7.5000  -45.0000    7.500012163.2607   20.4575
   -7.5000  -37.5000    7.500012837.0654   20.4740
    0.0000  -37.5000    7.500013372.7275   20.4801
    7.5000  -37.5000    7.500012705.1289   20.4535
   -7.5000  -30.0000    7.500013875.6992   20.4707
    0.0000  -30.0000    7.500014451.9873   20.4819
    7.5000  -30.0000    7.500013662.1562   20.4592
   -7.5000  -22.5000    7.500014897.7441   20.4732
    0.0000  -22.5000    7.500015604.9033   20.4879
    7.5000  -22.5000    7.500014633.7100   20.4637
   -7.5000  -15.0000    7.500015859.0137   20.4765
    0.0000  -15.0000    7.500016587.1465   20.4934
    7.5000  -15.0000    7.500015513.6377   20.4664
   -7.5000   -7.5000    7.500016635.7773   20.4815
    0.0000   -7.5000    7.500017283.0859   20.4954
    7.5000   -7.5000    7.500016191.8926   20.4660
   -7.5000    0.0000    7.500017177.1074   20.4814
    0.0000    0.0000    7.500017781.8320   20.4882
    7.5000    0.0000    7.500016702.7773   20.4575
   -7.5000    7.5000    7.500016257.3027   20.4740
    0.0000    7.5000    7.500016800.6855   20.4801
    7.5000    7.5000    7.500015799.4541   20.4535
   -7.5000   15.0000    7.500015002.4482   20.4707
    0.0000   15.0000    7.500015554.3828   20.4819
    7.5000   15.0000    7.500014662.3975   20.4592
   -7.5000   22.5000    7.500013719.7100   20.4638
    0.0000   22.5000    7.500014227.6777   20.4785
    7.5000   22.5000    7.500013424.5557   20.4543
   -7.5000   30.0000    7.500012446.7607   20.2115
    0.0000   30.0000    7.500012932.9150   20.2282
    7.5000   30.0000    7.500012214.2285   20.2015
   -7.5000   37.5000    7.500011747.1172   20.2164
    0.0000   37.5000    7.500012234.7422   20.2302
    7.5000   37.5000    7.500011561.3008   20.2012
   -7.5000   45.0000    7.500010487.5664   19.7418
    0.0000   45.0000    7.500010937.5361   19.7483
    7.5000   45.0000    7.500010349.6719   19.7187
   -7.5000  -45.0000   15.000011783.0176   20.4742
    0.0000  -45.0000   15.000012295.1875   20.4816
    7.5000  -45.0000   15.000011607.7637   20.4699
   -7.5000  -37.5000   15.000012308.6523   20.4666
    0.0000  -37.5000   15.000012835.0107   20.4724
    7.5000  -37.5000   15.000012148.3682   20.4661
   -7.5000  -30.0000   15.000013288.4385   20.4604
    0.0000  -30.0000   15.000013880.1084   20.4710
    7.5000  -30.0000   15.000013050.4414   20.4680
   -7.5000  -22.5000   15.000014187.4600   20.4589
    0.0000  -22.5000   15.000014827.8096   20.4734
    7.5000  -22.5000   15.000013941.0439   20.4664
   -7.5000  -15.0000   15.000014921.6152   20.4605
    0.0000  -15.0000   15.000015545.6631   20.4776
    7.5000  -15.0000   15.000014712.2373   20.4661
   -7.5000   -7.5000   15.000015616.7578   20.4696
    0.0000   -7.5000   15.000016219.8174   20.4843
    7.5000   -7.5000   15.000015380.0098   20.4715
   -7.5000    0.0000   15.000016232.0146   20.4742
    0.0000    0.0000   15.000016820.3242   20.4816
    7.5000    0.0000   15.000015947.3213   20.4699
   -7.5000    7.5000   15.000015405.8027   20.4666
    0.0000    7.5000   15.000015967.0312   20.4724
    7.5000    7.5000   15.000015105.2295   20.4661
   -7.5000   15.0000   15.000014274.8330   20.4604
    0.0000   15.0000   15.000014790.7168   20.4710
    7.5000   15.0000   15.000014003.8555   20.4680
   -7.5000   22.5000   15.000013090.4922   20.4494
    0.0000   22.5000   15.000013561.0664   20.4639
    7.5000   22.5000   15.000012823.0029   20.4569
   -7.5000   30.0000   15.000011874.9727   20.1957
    0.0000   30.0000   15.000012321.7227   20.2126
    7.5000   30.0000   15.000011649.6445   20.2012
   -7.5000   37.5000   15.000011173.9082   20.2047
    0.0000   37.5000   15.000011632.0205   20.2192
    7.5000   37.5000   15.000010998.2754   20.2065
   -7.5000   45.0000   15.0000 9956.6162   19.7347
    0.0000   45.0000   15.000010380.0654   19.7419
    7.5000   45.0000   15.0000 9828.0547   19.7306
   -7.5000  -45.0000   22.500011103.4131   20.5184
    0.0000  -45.0000   22.500011585.2461   20.5201
    7.5000  -45.0000   22.500010939.7178   20.5123
   -7.5000  -37.5000   22.500011609.0215   20.4917
    0.0000  -37.5000   22.500012109.3135   20.4927
    7.5000  -37.5000   22.500011460.0850   20.4966
   -7.5000  -30.0000   22.500012519.5400   20.4707
    0.0000  -30.0000   22.500013079.6035   20.4764
    7.5000  -30.0000   22.500012344.7070   20.4868
   -7.5000  -22.5000   22.500013316.5732   20.4758
    0.0000  -22.5000   22.500013880.0049   20.4843
    7.5000  -22.5000   22.500013178.1074   20.4865
   -7.5000  -15.0000   22.500013959.1943   20.4973
    0.0000  -15.0000   22.500014521.3213   20.5077
    7.5000  -15.0000   22.500013868.0967   20.4988
   -7.5000   -7.5000   22.500014603.1045   20.5190
    0.0000   -7.5000   22.500015168.3711   20.5273
    7.5000   -7.5000   22.500014512.9111   20.5148
   -7.5000    0.0000   22.500015190.2178   20.5184
    0.0000    0.0000   22.500015766.0352   20.5201
    7.5000    0.0000   22.500015058.1738   20.5123
   -7.5000    7.5000   22.500014461.1338   20.4917
    0.0000    7.5000   22.500014979.8916   20.4927
    7.5000    7.5000   22.500014282.5459   20.4966
   -7.5000   15.0000   22.500013426.5000   20.4707
    0.0000   15.0000   22.500013894.3506   20.4764
    7.5000   15.0000   22.500013233.6562   20.4868
   -7.5000   22.5000   22.500012296.3848   20.4664
    0.0000   22.5000   22.500012742.0273   20.4748
    7.5000   22.5000   22.500012088.2275   20.4771
   -7.5000   30.0000   22.500011158.9375   20.2320
    0.0000   30.0000   22.500011580.0410   20.2423
    7.5000   30.0000   22.500010989.5557   20.2335
   -7.5000   37.5000   22.500010476.4229   20.2534
    0.0000   37.5000   22.500010894.4531   20.2616
    7.5000   37.5000   22.500010320.3672   20.2493
   -7.5000   45.0000   22.5000 9299.2930   19.7774
    0.0000   45.0000   22.5000 9701.3135   19.7790
    7.5000   45.0000   22.5000 9209.9277   19.7715
   -7.5000  -45.0000   30.000010347.1279   20.7326
    0.0000  -45.0000   30.000010785.8604   20.7284
    7.5000  -45.0000   30.000010212.7480   20.7069
   -7.5000  -37.5000   30.000010830.9863   20.6873
    0.0000  -37.5000   30.000011291.2344   20.6829
    7.5000  -37.5000   30.000010702.1865   20.6780
   -7.5000  -30.0000   30.000011656.2812   20.6557
    0.0000  -30.0000   30.000012184.3906   20.6552
    7.5000  -30.0000   30.000011552.4463   20.6602
   -7.5000  -22.5000   30.000012382.6055   20.6714
    0.0000  -22.5000   30.000012896.8340   20.6728
    7.5000  -22.5000   30.000012308.4170   20.6685
   -7.5000  -15.0000   30.000013000.6670   20.7133
    0.0000  -15.0000   30.000013503.0000   20.7173
    7.5000  -15.0000   30.000012928.9238   20.6973
   -7.5000   -7.5000   30.000013591.3613   20.7428
    0.0000   -7.5000   30.000014108.3672   20.7451
    7.5000   -7.5000   30.000013515.8867   20.7179
   -7.5000    0.0000   30.000014132.4824   20.7326
    0.0000    0.0000   30.000014663.9961   20.7284
    7.5000    0.0000   30.000014036.0361   20.7069
   -7.5000    7.5000   30.000013456.9189   20.6873
    0.0000    7.5000   30.000013956.3730   20.6829
    7.5000    7.5000   30.000013342.2109   20.6780
   -7.5000   15.0000   30.000012488.8242   20.6557
    0.0000   15.0000   30.000012942.1289   20.6552
    7.5000   15.0000   30.000012337.8975   20.6602
   -7.5000   22.5000   30.000011431.3770   20.6619
    0.0000   22.5000   30.000011849.8447   20.6633
    7.5000   22.5000   30.000011263.2666   20.6590
   -7.5000   30.0000   30.000010394.1055   20.4452
    0.0000   30.0000   30.000010779.5146   20.4492
    7.5000   30.0000   30.000010244.8203   20.4294
   -7.5000   37.5000   30.0000 9711.0654   20.4743
    0.0000   37.5000   30.000010084.7227   20.4767
    7.5000   37.5000   30.0000 9593.1094   20.4498
   -7.5000   45.0000   30.0000 8615.9287   19.9838
    0.0000   45.0000   30.0000 8941.6152   19.9798
    7.5000   45.0000   30.0000 8530.0625   19.9591
   -7.5000  -45.0000   37.5000 9955.0000   21.0813
    0.0000  -45.0000   37.500010393.7158   21.0811
    7.5000  -45.0000   37.5000 9855.0947   21.0418
   -7.5000  -37.5000   37.500010433.1943   21.0399
    0.0000  -37.5000   37.500010885.6484   21.0392
    7.5000  -37.5000   37.500010329.1602   21.0136
   -7.5000  -30.0000   37.500011241.4756   21.0150
    0.0000  -30.0000   37.500011741.9902   21.0187
    7.5000  -30.0000   37.500011151.2979   21.0029
   -7.5000  -22.5000   37.500011935.6699   21.0348
    0.0000  -22.5000   37.500012429.6367   21.0415
    7.5000  -22.5000   37.500011862.9609   21.0196
   -7.5000  -15.0000   37.500012523.9053   21.0751
    0.0000  -15.0000   37.500013012.5986   21.0848
    7.5000  -15.0000   37.500012442.7881   21.0500
   -7.5000   -7.5000   37.500013066.7617   21.0965
    0.0000   -7.5000   37.500013589.4453   21.1038
    7.5000   -7.5000   37.500012997.6279   21.0615
   -7.5000    0.0000   37.500013608.4463   21.0813
    0.0000    0.0000   37.500014143.4824   21.0811
    7.5000    0.0000   37.500013515.7871   21.0418
   -7.5000    7.5000   37.500012963.7520   21.0399
    0.0000    7.5000   37.500013480.5908   21.0392
    7.5000    7.5000   37.500012869.4277   21.0136
   -7.5000   15.0000   37.500012011.6006   21.0150
    0.0000   15.0000   37.500012467.5859   21.0187
    7.5000   15.0000   37.500011883.9746   21.0029
   -7.5000   22.5000   37.500010969.3193   21.0252
    0.0000   22.5000   37.500011392.2939   21.0318
    7.5000   22.5000   37.500010860.7461   21.0099
   -7.5000   30.0000   37.5000 9972.5332   20.8023
    0.0000   30.0000   37.500010355.2988   20.8119
    7.5000   30.0000   37.5000 9859.1904   20.7776
   -7.5000   37.5000   37.5000 9320.5391   20.8235
    0.0000   37.5000   37.5000 9678.4385   20.8307
    7.5000   37.5000   37.5000 9230.3066   20.7889
   -7.5000   45.0000   37.5000 8286.6631   20.3200
    0.0000   45.0000   37.5000 8610.5957   20.3197
    7.5000   45.0000   37.5000 8221.5566   20.2819
   -7.5000  -45.0000   45.0000 9166.8818   21.4644
    0.0000  -45.0000   45.0000 9574.9551   21.4740
    7.5000  -45.0000   45.0000 9074.6631   21.4363
   -7.5000  -37.5000   45.0000 9616.3613   21.4447
    0.0000  -37.5000   45.000010039.5244   21.4527
    7.5000  -37.5000   45.0000 9521.4805   21.4224
   -7.5000  -30.0000   45.000010340.4189   21.4330
    0.0000  -30.0000   45.000010805.0479   21.4460
    7.5000  -30.0000   45.000010275.0264   21.4216
   -7.5000  -22.5000   45.000010967.7002   21.4422
    0.0000  -22.5000   45.000011450.5986   21.4598
    7.5000  -22.5000   45.000010924.4883   21.4320
   -7.5000  -15.0000   45.000011530.2842   21.4601
    0.0000  -15.0000   45.000012015.9990   21.4817
    7.5000  -15.0000   45.000011462.0479   21.4476
   -7.5000   -7.5000   45.000012045.9639   21.4705
    0.0000   -7.5000   45.000012562.7979   21.4892
    7.5000   -7.5000   45.000011961.2949   21.4511
   -7.5000    0.0000   45.000012540.8027   21.4644
    0.0000    0.0000   45.000013055.5039   21.4740
    7.5000    0.0000   45.000012454.4990   21.4363
   -7.5000    7.5000   45.000011952.6211   21.4447
    0.0000    7.5000   45.000012438.6895   21.4527
    7.5000    7.5000   45.000011855.8789   21.4224
   -7.5000   15.0000   45.000011077.3525   21.4330
    0.0000   15.0000   45.000011523.9355   21.4460
    7.5000   15.0000   45.000010976.2500   21.4216
   -7.5000   22.5000   45.000010115.0957   21.4323
    0.0000   22.5000   45.000010522.4688   21.4498
    7.5000   22.5000   45.000010015.7969   21.4220
   -7.5000   30.0000   45.0000 9178.4756   21.1805
    0.0000   30.0000   45.0000 9560.3125   21.2018
    7.5000   30.0000   45.0000 9075.3262   21.1682
   -7.5000   37.5000   45.0000 8600.5713   21.1908
    0.0000   37.5000   45.0000 8938.7139   21.2092
    7.5000   37.5000   45.0000 8506.6465   21.1716
   -7.5000   45.0000   45.0000 7649.9214   20.6986
    0.0000   45.0000   45.0000 7948.3169   20.7078
    7.5000   45.0000   45.0000 7576.9336   20.6715

---------------------------------------------------------------------
imgreg_4dfp /opt/freesurfer/average/711-2C_as_mni_average_305 /opt/freesurfer/average/711-2B_as_mni_average_305_mask talsrcimg_g11 none talsrcimg_to_711-2C_as_mni_average_305_t4 4355
---------------------------------------------------------------------

freesurfer imgreg_4dfp.c
/opt/freesurfer/average/711-2C_as_mni_average_305.4dfp.img
       256       256       256         1
  1.000000  1.000000  1.000000
orientation T byte_order littleendian
Reading image: /opt/freesurfer/average/711-2C_as_mni_average_305.4dfp.img
dimensions:      256       256       256
mmppix:       1.0000   -1.0000   -1.0000
center:     128.0000 -129.0000 -129.0000
/opt/freesurfer/average/711-2B_as_mni_average_305_mask.4dfp.img
       256       256       256         1
  1.000000  1.000000  1.000000
orientation T byte_order littleendian
Reading mask: /opt/freesurfer/average/711-2B_as_mni_average_305_mask.4dfp.img (2306576 pixels)
talsrcimg_g11.4dfp.img
       256       256       256         1
  1.000000  1.000000  1.000000
orientation T byte_order littleendian
Reading image: talsrcimg_g11.4dfp.img
dimensions:      256       256       256
mmppix:       1.0000   -1.0000   -1.0000
center:     128.0000 -129.0000 -129.0000
rotation matrix determinant  1.000000
image alignment mode   4355 decimal     1103 hex
   -7.5000  -45.0000  -45.0000 2247.6860   18.1676
    0.0000  -45.0000  -45.0000 2256.1729   18.1988
    7.5000  -45.0000  -45.0000 2233.3325   18.3408
   -7.5000  -37.5000  -45.0000 2322.7107   17.0347
    0.0000  -37.5000  -45.0000 2325.8076   17.0618
    7.5000  -37.5000  -45.0000 2303.2104   17.1509
   -7.5000  -30.0000  -45.0000 2359.4812   16.2041
    0.0000  -30.0000  -45.0000 2369.7451   16.2233
    7.5000  -30.0000  -45.0000 2346.4397   16.3680
   -7.5000  -22.5000  -45.0000 2376.1001   15.8213
    0.0000  -22.5000  -45.0000 2394.2039   15.8500
    7.5000  -22.5000  -45.0000 2364.3918   15.9894
   -7.5000  -15.0000  -45.0000 2379.3132   15.8110
    0.0000  -15.0000  -45.0000 2394.5771   15.7877
    7.5000  -15.0000  -45.0000 2364.4187   15.9345
   -7.5000   -7.5000  -45.0000 2365.4099   16.0166
    0.0000   -7.5000  -45.0000 2382.4124   16.0421
    7.5000   -7.5000  -45.0000 2356.3782   16.1779
   -7.5000    0.0000  -45.0000 2338.3704   16.5824
    0.0000    0.0000  -45.0000 2353.0598   16.5529
    7.5000    0.0000  -45.0000 2324.8311   16.7302
   -7.5000    7.5000  -45.0000 2291.4514   17.4480
    0.0000    7.5000  -45.0000 2308.8103   17.4264
    7.5000    7.5000  -45.0000 2277.2791   17.6187
   -7.5000   15.0000  -45.0000 2221.9358   18.6772
    0.0000   15.0000  -45.0000 2235.3789   18.6426
    7.5000   15.0000  -45.0000 2207.0801   18.8682
   -7.5000   22.5000  -45.0000 2135.3499   20.2920
    0.0000   22.5000  -45.0000 2148.3953   20.2341
    7.5000   22.5000  -45.0000 2118.5503   20.5401
   -7.5000   30.0000  -45.0000 2026.4113   22.4624
    0.0000   30.0000  -45.0000 2037.2844   22.3718
    7.5000   30.0000  -45.0000 2015.7588   22.7043
   -7.5000   37.5000  -45.0000 1910.8187   25.4182
    0.0000   37.5000  -45.0000 1925.0121   25.2738
    7.5000   37.5000  -45.0000 1901.2798   25.5952
   -7.5000   45.0000  -45.0000 1789.4147   29.2421
    0.0000   45.0000  -45.0000 1801.7068   29.0876
    7.5000   45.0000  -45.0000 1783.5956   29.4245
   -7.5000  -45.0000  -37.5000 2336.6270   16.8892
    0.0000  -45.0000  -37.5000 2339.9116   16.9476
    7.5000  -45.0000  -37.5000 2316.5024   17.0672
   -7.5000  -37.5000  -37.5000 2408.3752   15.7966
    0.0000  -37.5000  -37.5000 2418.1094   15.8369
    7.5000  -37.5000  -37.5000 2391.6331   15.9528
   -7.5000  -30.0000  -37.5000 2449.4170   15.0358
    0.0000  -30.0000  -37.5000 2463.9065   15.0780
    7.5000  -30.0000  -37.5000 2439.1875   15.1981
   -7.5000  -22.5000  -37.5000 2483.0027   14.6133
    0.0000  -22.5000  -37.5000 2495.2334   14.6350
    7.5000  -22.5000  -37.5000 2463.0256   14.7974
   -7.5000  -15.0000  -37.5000 2487.5183   14.5839
    0.0000  -15.0000  -37.5000 2498.1633   14.5973
    7.5000  -15.0000  -37.5000 2465.4929   14.7334
   -7.5000   -7.5000  -37.5000 2471.8757   14.8095
    0.0000   -7.5000  -37.5000 2486.7034   14.8322
    7.5000   -7.5000  -37.5000 2458.5591   14.9469
   -7.5000    0.0000  -37.5000 2437.4707   15.3017
    0.0000    0.0000  -37.5000 2452.0493   15.3026
    7.5000    0.0000  -37.5000 2423.8372   15.4548
   -7.5000    7.5000  -37.5000 2387.6736   16.0974
    0.0000    7.5000  -37.5000 2405.7109   16.0778
    7.5000    7.5000  -37.5000 2370.2554   16.2615
   -7.5000   15.0000  -37.5000 2314.3972   17.2178
    0.0000   15.0000  -37.5000 2327.5254   17.2087
    7.5000   15.0000  -37.5000 2301.7129   17.3791
   -7.5000   22.5000  -37.5000 2222.5293   18.6972
    0.0000   22.5000  -37.5000 2236.7756   18.6651
    7.5000   22.5000  -37.5000 2206.8508   18.8931
   -7.5000   30.0000  -37.5000 2107.3997   20.6902
    0.0000   30.0000  -37.5000 2119.4011   20.6024
    7.5000   30.0000  -37.5000 2092.8777   20.8508
   -7.5000   37.5000  -37.5000 1987.9304   23.3477
    0.0000   37.5000  -37.5000 2002.5287   23.2836
    7.5000   37.5000  -37.5000 1974.2905   23.5078
   -7.5000   45.0000  -37.5000 1851.4077   26.7483
    0.0000   45.0000  -37.5000 1869.0917   26.6686
    7.5000   45.0000  -37.5000 1846.4614   26.9872
   -7.5000  -45.0000  -30.0000 2456.4985   16.3547
    0.0000  -45.0000  -30.0000 2459.3328   16.3550
    7.5000  -45.0000  -30.0000 2430.8787   16.5424
   -7.5000  -37.5000  -30.0000 2535.2168   15.2320
    0.0000  -37.5000  -30.0000 2544.4753   15.2471
    7.5000  -37.5000  -30.0000 2515.4756   15.4209
   -7.5000  -30.0000  -30.0000 2583.0593   14.4760
    0.0000  -30.0000  -30.0000 2594.4597   14.5003
    7.5000  -30.0000  -30.0000 2569.4365   14.6453
   -7.5000  -22.5000  -30.0000 2622.9868   14.0502
    0.0000  -22.5000  -30.0000 2635.7888   14.0565
    7.5000  -22.5000  -30.0000 2600.1553   14.2133
   -7.5000  -15.0000  -30.0000 2642.1196   13.9397
    0.0000  -15.0000  -30.0000 2648.7649   13.9840
    7.5000  -15.0000  -30.0000 2611.0366   14.1063
   -7.5000   -7.5000  -30.0000 2628.8640   14.1591
    0.0000   -7.5000  -30.0000 2637.8372   14.1710
    7.5000   -7.5000  -30.0000 2603.3882   14.3237
   -7.5000    0.0000  -30.0000 2590.0923   14.6507
    0.0000    0.0000  -30.0000 2603.4019   14.6786
    7.5000    0.0000  -30.0000 2569.8459   14.8262
   -7.5000    7.5000  -30.0000 2532.1589   15.4232
    0.0000    7.5000  -30.0000 2551.3193   15.4024
    7.5000    7.5000  -30.0000 2510.5649   15.6017
   -7.5000   15.0000  -30.0000 2452.0513   16.4807
    0.0000   15.0000  -30.0000 2470.6489   16.4748
    7.5000   15.0000  -30.0000 2433.8875   16.6505
   -7.5000   22.5000  -30.0000 2346.7190   17.8815
    0.0000   22.5000  -30.0000 2363.8459   17.8688
    7.5000   22.5000  -30.0000 2328.9680   18.0743
   -7.5000   30.0000  -30.0000 2224.8560   19.7845
    0.0000   30.0000  -30.0000 2236.2749   19.7416
    7.5000   30.0000  -30.0000 2209.6438   19.9753
   -7.5000   37.5000  -30.0000 2096.5022   22.2978
    0.0000   37.5000  -30.0000 2108.7046   22.2233
    7.5000   37.5000  -30.0000 2079.3975   22.4867
   -7.5000   45.0000  -30.0000 1951.3236   25.5907
    0.0000   45.0000  -30.0000 1963.4325   25.5022
    7.5000   45.0000  -30.0000 1937.3322   25.7695
   -7.5000  -45.0000  -22.5000 2540.6772   15.7858
    0.0000  -45.0000  -22.5000 2544.7983   15.7193
    7.5000  -45.0000  -22.5000 2518.1267   15.9684
   -7.5000  -37.5000  -22.5000 2631.4131   14.6468
    0.0000  -37.5000  -22.5000 2641.1208   14.6231
    7.5000  -37.5000  -22.5000 2610.2014   14.8059
   -7.5000  -30.0000  -22.5000 2690.0466   13.8337
    0.0000  -30.0000  -22.5000 2702.2632   13.8358
    7.5000  -30.0000  -22.5000 2671.7922   14.0196
   -7.5000  -22.5000  -22.5000 2735.6912   13.3869
    0.0000  -22.5000  -22.5000 2749.7480   13.3856
    7.5000  -22.5000  -22.5000 2709.8921   13.5610
   -7.5000  -15.0000  -22.5000 2762.7329   13.2352
    0.0000  -15.0000  -22.5000 2769.1011   13.2501
    7.5000  -15.0000  -22.5000 2730.2158   13.4273
   -7.5000   -7.5000  -22.5000 2753.2070   13.4527
    0.0000   -7.5000  -22.5000 2763.7241   13.4692
    7.5000   -7.5000  -22.5000 2721.1538   13.6306
   -7.5000    0.0000  -22.5000 2718.4761   13.9370
    0.0000    0.0000  -22.5000 2734.4626   13.9451
    7.5000    0.0000  -22.5000 2691.8174   14.1090
   -7.5000    7.5000  -22.5000 2657.3130   14.6634
    0.0000    7.5000  -22.5000 2674.2446   14.6452
    7.5000    7.5000  -22.5000 2631.1672   14.8488
   -7.5000   15.0000  -22.5000 2563.1763   15.6607
    0.0000   15.0000  -22.5000 2581.3833   15.6469
    7.5000   15.0000  -22.5000 2541.1384   15.8536
   -7.5000   22.5000  -22.5000 2450.5371   17.0267
    0.0000   22.5000  -22.5000 2461.6631   17.0425
    7.5000   22.5000  -22.5000 2428.9072   17.2378
   -7.5000   30.0000  -22.5000 2320.5996   18.8965
    0.0000   30.0000  -22.5000 2331.1257   18.8613
    7.5000   30.0000  -22.5000 2298.9575   19.0728
   -7.5000   37.5000  -22.5000 2182.8740   21.2704
    0.0000   37.5000  -22.5000 2190.1995   21.2583
    7.5000   37.5000  -22.5000 2164.4236   21.4909
   -7.5000   45.0000  -22.5000 2025.0114   24.4218
    0.0000   45.0000  -22.5000 2030.6543   24.3258
    7.5000   45.0000  -22.5000 2003.6559   24.5889
   -7.5000  -45.0000  -15.0000 2585.3403   15.2427
    0.0000  -45.0000  -15.0000 2596.8135   15.1674
    7.5000  -45.0000  -15.0000 2571.9651   15.4214
   -7.5000  -37.5000  -15.0000 2687.8142   14.0982
    0.0000  -37.5000  -15.0000 2704.0569   14.0477
    7.5000  -37.5000  -15.0000 2671.0735   14.2695
   -7.5000  -30.0000  -15.0000 2759.7710   13.2842
    0.0000  -30.0000  -15.0000 2773.6169   13.2322
    7.5000  -30.0000  -15.0000 2741.1492   13.4356
   -7.5000  -22.5000  -15.0000 2813.1379   12.7834
    0.0000  -22.5000  -15.0000 2833.2341   12.7773
    7.5000  -22.5000  -15.0000 2794.0173   12.9664
   -7.5000  -15.0000  -15.0000 2851.9238   12.6099
    0.0000  -15.0000  -15.0000 2865.5623   12.6134
    7.5000  -15.0000  -15.0000 2819.1482   12.8078
   -7.5000   -7.5000  -15.0000 2851.0728   12.7873
    0.0000   -7.5000  -15.0000 2859.8289   12.7994
    7.5000   -7.5000  -15.0000 2811.0847   12.9680
   -7.5000    0.0000  -15.0000 2811.9526   13.2348
    0.0000    0.0000  -15.0000 2825.1431   13.2221
    7.5000    0.0000  -15.0000 2778.6782   13.4052
   -7.5000    7.5000  -15.0000 2740.7859   13.9259
    0.0000    7.5000  -15.0000 2754.6958   13.9116
    7.5000    7.5000  -15.0000 2715.8074   14.0897
   -7.5000   15.0000  -15.0000 2641.5664   14.8750
    0.0000   15.0000  -15.0000 2656.9360   14.8810
    7.5000   15.0000  -15.0000 2615.9348   15.0942
   -7.5000   22.5000  -15.0000 2522.6372   16.2022
    0.0000   22.5000  -15.0000 2534.8843   16.2183
    7.5000   22.5000  -15.0000 2495.4937   16.4428
   -7.5000   30.0000  -15.0000 2385.7205   18.0456
    0.0000   30.0000  -15.0000 2396.5186   18.0558
    7.5000   30.0000  -15.0000 2357.8726   18.2684
   -7.5000   37.5000  -15.0000 2243.3901   20.3910
    0.0000   37.5000  -15.0000 2246.0603   20.3997
    7.5000   37.5000  -15.0000 2215.9473   20.6127
   -7.5000   45.0000  -15.0000 2078.3811   23.3753
    0.0000   45.0000  -15.0000 2086.0837   23.3240
    7.5000   45.0000  -15.0000 2058.8025   23.5957
   -7.5000  -45.0000   -7.5000 2608.8826   14.7757
    0.0000  -45.0000   -7.5000 2623.0691   14.7033
    7.5000  -45.0000   -7.5000 2596.8962   14.9780
   -7.5000  -37.5000   -7.5000 2718.1492   13.6207
    0.0000  -37.5000   -7.5000 2733.1814   13.5559
    7.5000  -37.5000   -7.5000 2704.2454   13.7982
   -7.5000  -30.0000   -7.5000 2804.8142   12.8184
    0.0000  -30.0000   -7.5000 2821.2725   12.7475
    7.5000  -30.0000   -7.5000 2787.0149   12.9468
   -7.5000  -22.5000   -7.5000 2871.3840   12.2990
    0.0000  -22.5000   -7.5000 2896.8582   12.2656
    7.5000  -22.5000   -7.5000 2853.4238   12.4694
   -7.5000  -15.0000   -7.5000 2916.9021   12.1273
    0.0000  -15.0000   -7.5000 2942.5986   12.1049
    7.5000  -15.0000   -7.5000 2891.5859   12.3252
   -7.5000   -7.5000   -7.5000 2925.2395   12.2387
    0.0000   -7.5000   -7.5000 2940.9512   12.2224
    7.5000   -7.5000   -7.5000 2883.0862   12.4648
   -7.5000    0.0000   -7.5000 2881.9995   12.6403
    0.0000    0.0000   -7.5000 2892.0481   12.6214
    7.5000    0.0000   -7.5000 2839.4441   12.8223
   -7.5000    7.5000   -7.5000 2800.4219   13.2846
    0.0000    7.5000   -7.5000 2813.3735   13.2614
    7.5000    7.5000   -7.5000 2770.4036   13.4813
   -7.5000   15.0000   -7.5000 2695.4385   14.2026
    0.0000   15.0000   -7.5000 2711.5623   14.1857
    7.5000   15.0000   -7.5000 2665.0288   14.4257
   -7.5000   22.5000   -7.5000 2568.1057   15.5744
    0.0000   22.5000   -7.5000 2585.5659   15.5629
    7.5000   22.5000   -7.5000 2537.1155   15.8009
   -7.5000   30.0000   -7.5000 2425.9189   17.3908
    0.0000   30.0000   -7.5000 2439.7375   17.3978
    7.5000   30.0000   -7.5000 2398.7676   17.6200
   -7.5000   37.5000   -7.5000 2276.1628   19.6449
    0.0000   37.5000   -7.5000 2287.9014   19.6436
    7.5000   37.5000   -7.5000 2253.7639   19.8996
   -7.5000   45.0000   -7.5000 2111.6526   22.4744
    0.0000   45.0000   -7.5000 2119.3318   22.4561
    7.5000   45.0000   -7.5000 2092.5164   22.7419
   -7.5000  -45.0000    0.0000 2613.1313   14.5101
    0.0000  -45.0000    0.0000 2627.4204   14.4289
    7.5000  -45.0000    0.0000 2593.7014   14.7273
   -7.5000  -37.5000    0.0000 2729.4563   13.3587
    0.0000  -37.5000    0.0000 2743.6995   13.2493
    7.5000  -37.5000    0.0000 2711.1062   13.5178
   -7.5000  -30.0000    0.0000 2829.1179   12.5300
    0.0000  -30.0000    0.0000 2846.8784   12.4395
    7.5000  -30.0000    0.0000 2806.5974   12.6626
   -7.5000  -22.5000    0.0000 2909.0039   12.0619
    0.0000  -22.5000    0.0000 2935.8901   11.9967
    7.5000  -22.5000    0.0000 2890.2539   12.2036
   -7.5000  -15.0000    0.0000 2967.7993   11.8900
    0.0000  -15.0000    0.0000 3001.2966   11.8421
    7.5000  -15.0000    0.0000 2937.8254   12.0934
   -7.5000   -7.5000    0.0000 2977.1716   12.0060
    0.0000   -7.5000    0.0000 2998.5840   11.9448
    7.5000   -7.5000    0.0000 2929.7749   12.1849
   -7.5000    0.0000    0.0000 2926.4780   12.3256
    0.0000    0.0000    0.0000 2939.0513   12.2780
    7.5000    0.0000    0.0000 2879.2915   12.4844
   -7.5000    7.5000    0.0000 2839.9456   12.8878
    0.0000    7.5000    0.0000 2849.6555   12.8541
    7.5000    7.5000    0.0000 2803.5398   13.0771
   -7.5000   15.0000    0.0000 2724.0200   13.8277
    0.0000   15.0000    0.0000 2737.6528   13.8021
    7.5000   15.0000    0.0000 2690.0264   14.0400
   -7.5000   22.5000    0.0000 2591.6970   15.2128
    0.0000   22.5000    0.0000 2606.0847   15.1973
    7.5000   22.5000    0.0000 2557.6167   15.4079
   -7.5000   30.0000    0.0000 2444.4763   16.9794
    0.0000   30.0000    0.0000 2458.7783   16.9961
    7.5000   30.0000    0.0000 2417.4353   17.1683
   -7.5000   37.5000    0.0000 2291.4736   19.1558
    0.0000   37.5000    0.0000 2299.3276   19.1703
    7.5000   37.5000    0.0000 2272.6516   19.3764
   -7.5000   45.0000    0.0000 2124.9863   21.9301
    0.0000   45.0000    0.0000 2133.2520   21.8938
    7.5000   45.0000    0.0000 2109.3928   22.1684
   -7.5000  -45.0000    7.5000 2610.2471   14.4343
    0.0000  -45.0000    7.5000 2619.4387   14.3662
    7.5000  -45.0000    7.5000 2587.4006   14.7001
   -7.5000  -37.5000    7.5000 2721.2866   13.2721
    0.0000  -37.5000    7.5000 2737.6194   13.2034
    7.5000  -37.5000    7.5000 2701.4180   13.4930
   -7.5000  -30.0000    7.5000 2830.7622   12.4497
    0.0000  -30.0000    7.5000 2843.9954   12.3832
    7.5000  -30.0000    7.5000 2805.3557   12.6397
   -7.5000  -22.5000    7.5000 2919.3884   12.0011
    0.0000  -22.5000    7.5000 2948.3003   11.9408
    7.5000  -22.5000    7.5000 2895.6252   12.1423
   -7.5000  -15.0000    7.5000 2988.4583   11.8542
    0.0000  -15.0000    7.5000 3025.0913   11.8150
    7.5000  -15.0000    7.5000 2947.7571   11.9894
   -7.5000   -7.5000    7.5000 2996.9419   11.9062
    0.0000   -7.5000    7.5000 3021.9333   11.8699
    7.5000   -7.5000    7.5000 2942.3599   12.0641
   -7.5000    0.0000    7.5000 2939.1494   12.2298
    0.0000    0.0000    7.5000 2953.5156   12.1960
    7.5000    0.0000    7.5000 2891.3362   12.3922
   -7.5000    7.5000    7.5000 2848.8875   12.8454
    0.0000    7.5000    7.5000 2858.8406   12.7991
    7.5000    7.5000    7.5000 2808.8486   13.0105
   -7.5000   15.0000    7.5000 2724.6711   13.7472
    0.0000   15.0000    7.5000 2736.0933   13.7079
    7.5000   15.0000    7.5000 2692.3252   13.9394
   -7.5000   22.5000    7.5000 2595.4929   15.0269
    0.0000   22.5000    7.5000 2604.0474   14.9937
    7.5000   22.5000    7.5000 2562.0549   15.2333
   -7.5000   30.0000    7.5000 2445.2200   16.7161
    0.0000   30.0000    7.5000 2455.3071   16.7376
    7.5000   30.0000    7.5000 2421.4954   16.9537
   -7.5000   37.5000    7.5000 2291.5115   18.8694
    0.0000   37.5000    7.5000 2301.3608   18.8980
    7.5000   37.5000    7.5000 2274.2329   19.1538
   -7.5000   45.0000    7.5000 2120.2070   21.6555
    0.0000   45.0000    7.5000 2132.2476   21.6396
    7.5000   45.0000    7.5000 2107.2527   21.8858
   -7.5000  -45.0000   15.0000 2587.9324   14.6473
    0.0000  -45.0000   15.0000 2591.6943   14.5967
    7.5000  -45.0000   15.0000 2561.5022   14.9099
   -7.5000  -37.5000   15.0000 2699.3276   13.4669
    0.0000  -37.5000   15.0000 2710.4478   13.4069
    7.5000  -37.5000   15.0000 2678.4500   13.6988
   -7.5000  -30.0000   15.0000 2809.5730   12.6239
    0.0000  -30.0000   15.0000 2826.1204   12.5545
    7.5000  -30.0000   15.0000 2784.7327   12.8146
   -7.5000  -22.5000   15.0000 2904.6226   12.1186
    0.0000  -22.5000   15.0000 2930.0686   12.0582
    7.5000  -22.5000   15.0000 2878.2463   12.2770
   -7.5000  -15.0000   15.0000 2967.2651   11.8924
    0.0000  -15.0000   15.0000 2994.2219   11.8572
    7.5000  -15.0000   15.0000 2927.9739   12.1125
   -7.5000   -7.5000   15.0000 2970.2922   11.9651
    0.0000   -7.5000   15.0000 2989.6538   11.9002
    7.5000   -7.5000   15.0000 2924.7395   12.1875
   -7.5000    0.0000   15.0000 2918.9871   12.3660
    0.0000    0.0000   15.0000 2928.2048   12.3055
    7.5000    0.0000   15.0000 2876.8667   12.5586
   -7.5000    7.5000   15.0000 2826.2747   13.0246
    0.0000    7.5000   15.0000 2836.1055   12.9822
    7.5000    7.5000   15.0000 2788.3298   13.2080
   -7.5000   15.0000   15.0000 2697.3145   13.9493
    0.0000   15.0000   15.0000 2705.5872   13.9304
    7.5000   15.0000   15.0000 2668.4014   14.1400
   -7.5000   22.5000   15.0000 2566.0515   15.2272
    0.0000   22.5000   15.0000 2573.8413   15.2027
    7.5000   22.5000   15.0000 2539.7871   15.4078
   -7.5000   30.0000   15.0000 2421.2166   16.8443
    0.0000   30.0000   15.0000 2428.0342   16.8535
    7.5000   30.0000   15.0000 2398.4795   17.0584
   -7.5000   37.5000   15.0000 2269.2905   18.9109
    0.0000   37.5000   15.0000 2278.9094   18.9088
    7.5000   37.5000   15.0000 2252.9456   19.1605
   -7.5000   45.0000   15.0000 2093.4902   21.6202
    0.0000   45.0000   15.0000 2112.1008   21.5597
    7.5000   45.0000   15.0000 2086.5212   21.8754
   -7.5000  -45.0000   22.5000 2555.7554   15.0732
    0.0000  -45.0000   22.5000 2558.8911   15.0223
    7.5000  -45.0000   22.5000 2524.8938   15.3439
   -7.5000  -37.5000   22.5000 2674.1099   13.8399
    0.0000  -37.5000   22.5000 2685.2522   13.7785
    7.5000  -37.5000   22.5000 2646.4849   14.1049
   -7.5000  -30.0000   22.5000 2779.2715   12.9908
    0.0000  -30.0000   22.5000 2798.0525   12.9072
    7.5000  -30.0000   22.5000 2756.6289   13.2138
   -7.5000  -22.5000   22.5000 2868.5166   12.4588
    0.0000  -22.5000   22.5000 2893.5264   12.3938
    7.5000  -22.5000   22.5000 2840.1633   12.6668
   -7.5000  -15.0000   22.5000 2913.8079   12.2567
    0.0000  -15.0000   22.5000 2939.5520   12.1590
    7.5000  -15.0000   22.5000 2881.0098   12.4964
   -7.5000   -7.5000   22.5000 2912.0190   12.3506
    0.0000   -7.5000   22.5000 2932.2085   12.2498
    7.5000   -7.5000   22.5000 2880.1643   12.5731
   -7.5000    0.0000   22.5000 2860.8787   12.7614
    0.0000    0.0000   22.5000 2875.4197   12.6968
    7.5000    0.0000   22.5000 2830.8550   12.9447
   -7.5000    7.5000   22.5000 2776.7983   13.4267
    0.0000    7.5000   22.5000 2785.6719   13.3558
    7.5000    7.5000   22.5000 2744.5798   13.6001
   -7.5000   15.0000   22.5000 2655.3813   14.3385
    0.0000   15.0000   22.5000 2663.3499   14.2851
    7.5000   15.0000   22.5000 2629.1523   14.5148
   -7.5000   22.5000   22.5000 2528.4104   15.5669
    0.0000   22.5000   22.5000 2537.2246   15.5910
    7.5000   22.5000   22.5000 2504.1704   15.7775
   -7.5000   30.0000   22.5000 2381.0459   17.1846
    0.0000   30.0000   22.5000 2390.6772   17.2108
    7.5000   30.0000   22.5000 2363.5217   17.4116
   -7.5000   37.5000   22.5000 2226.7395   19.2673
    0.0000   37.5000   22.5000 2238.0605   19.2824
    7.5000   37.5000   22.5000 2211.5110   19.4943
   -7.5000   45.0000   22.5000 2055.0530   21.9021
    0.0000   45.0000   22.5000 2073.8289   21.8765
    7.5000   45.0000   22.5000 2048.5710   22.1708
   -7.5000  -45.0000   30.0000 2513.1416   15.7237
    0.0000  -45.0000   30.0000 2518.0828   15.6538
    7.5000  -45.0000   30.0000 2483.3176   16.0045
   -7.5000  -37.5000   30.0000 2634.1653   14.4711
    0.0000  -37.5000   30.0000 2643.7058   14.3793
    7.5000  -37.5000   30.0000 2602.3103   14.7461
   -7.5000  -30.0000   30.0000 2732.1912   13.5945
    0.0000  -30.0000   30.0000 2751.5149   13.4820
    7.5000  -30.0000   30.0000 2708.6138   13.8157
   -7.5000  -22.5000   30.0000 2807.3604   13.0366
    0.0000  -22.5000   30.0000 2833.1355   12.9270
    7.5000  -22.5000   30.0000 2782.5291   13.2636
   -7.5000  -15.0000   30.0000 2843.5681   12.8341
    0.0000  -15.0000   30.0000 2865.6301   12.7136
    7.5000  -15.0000   30.0000 2812.3499   13.0684
   -7.5000   -7.5000   30.0000 2837.2681   12.9217
    0.0000   -7.5000   30.0000 2856.2893   12.8180
    7.5000   -7.5000   30.0000 2812.1511   13.1090
   -7.5000    0.0000   30.0000 2781.7920   13.3657
    0.0000    0.0000   30.0000 2799.9465   13.2642
    7.5000    0.0000   30.0000 2762.6880   13.5159
   -7.5000    7.5000   30.0000 2706.7280   14.0200
    0.0000    7.5000   30.0000 2714.1621   13.9524
    7.5000    7.5000   30.0000 2680.7996   14.2015
   -7.5000   15.0000   30.0000 2596.5100   14.9366
    0.0000   15.0000   30.0000 2601.2942   14.9094
    7.5000   15.0000   30.0000 2572.5317   15.1371
   -7.5000   22.5000   30.0000 2469.8335   16.1462
    0.0000   22.5000   30.0000 2481.9792   16.1656
    7.5000   22.5000   30.0000 2450.2725   16.3513
   -7.5000   30.0000   30.0000 2328.4814   17.7899
    0.0000   30.0000   30.0000 2343.0840   17.8015
    7.5000   30.0000   30.0000 2314.4670   17.9681
   -7.5000   37.5000   30.0000 2170.8699   19.8682
    0.0000   37.5000   30.0000 2184.1855   19.8694
    7.5000   37.5000   30.0000 2164.6885   20.0703
   -7.5000   45.0000   30.0000 2006.9229   22.4853
    0.0000   45.0000   30.0000 2021.4464   22.4439
    7.5000   45.0000   30.0000 2002.3733   22.7197
   -7.5000  -45.0000   37.5000 2461.6597   16.5797
    0.0000  -45.0000   37.5000 2470.6877   16.4889
    7.5000  -45.0000   37.5000 2436.8679   16.8696
   -7.5000  -37.5000   37.5000 2574.1736   15.2944
    0.0000  -37.5000   37.5000 2588.8850   15.1838
    7.5000  -37.5000   37.5000 2549.7046   15.5717
   -7.5000  -30.0000   37.5000 2664.2666   14.3947
    0.0000  -30.0000   37.5000 2686.3511   14.2716
    7.5000  -30.0000   37.5000 2645.2617   14.6124
   -7.5000  -22.5000   37.5000 2730.4644   13.8303
    0.0000  -22.5000   37.5000 2757.8132   13.6894
    7.5000  -22.5000   37.5000 2707.5969   14.0515
   -7.5000  -15.0000   37.5000 2758.0227   13.5829
    0.0000  -15.0000   37.5000 2778.0457   13.4911
    7.5000  -15.0000   37.5000 2733.1230   13.8102
   -7.5000   -7.5000   37.5000 2744.2727   13.6830
    0.0000   -7.5000   37.5000 2766.7246   13.5670
    7.5000   -7.5000   37.5000 2727.2524   13.8431
   -7.5000    0.0000   37.5000 2698.7205   14.1034
    0.0000    0.0000   37.5000 2716.6877   13.9931
    7.5000    0.0000   37.5000 2682.3757   14.2656
   -7.5000    7.5000   37.5000 2628.3411   14.7392
    0.0000    7.5000   37.5000 2642.0232   14.6621
    7.5000    7.5000   37.5000 2611.5056   14.9371
   -7.5000   15.0000   37.5000 2524.2554   15.6436
    0.0000   15.0000   37.5000 2532.5042   15.6087
    7.5000   15.0000   37.5000 2502.0583   15.8685
   -7.5000   22.5000   37.5000 2400.2810   16.8976
    0.0000   22.5000   37.5000 2410.8516   16.8820
    7.5000   22.5000   37.5000 2386.5361   17.0778
   -7.5000   30.0000   37.5000 2266.2942   18.5059
    0.0000   30.0000   37.5000 2280.2627   18.5163
    7.5000   30.0000   37.5000 2251.7305   18.6987
   -7.5000   37.5000   37.5000 2114.1929   20.6050
    0.0000   37.5000   37.5000 2126.7937   20.6101
    7.5000   37.5000   37.5000 2104.4995   20.7880
   -7.5000   45.0000   37.5000 1958.7634   23.2484
    0.0000   45.0000   37.5000 1971.6062   23.2008
    7.5000   45.0000   37.5000 1950.2415   23.5143
   -7.5000  -45.0000   45.0000 2397.8582   17.6029
    0.0000  -45.0000   45.0000 2408.3037   17.5208
    7.5000  -45.0000   45.0000 2373.5515   17.9294
   -7.5000  -37.5000   45.0000 2505.6501   16.3282
    0.0000  -37.5000   45.0000 2520.8784   16.2306
    7.5000  -37.5000   45.0000 2482.3291   16.6011
   -7.5000  -30.0000   45.0000 2585.8748   15.3778
    0.0000  -30.0000   45.0000 2606.1736   15.2726
    7.5000  -30.0000   45.0000 2566.5227   15.6220
   -7.5000  -22.5000   45.0000 2640.2651   14.8130
    0.0000  -22.5000   45.0000 2666.2673   14.6935
    7.5000  -22.5000   45.0000 2624.0898   15.0383
   -7.5000  -15.0000   45.0000 2665.7917   14.5487
    0.0000  -15.0000   45.0000 2683.5300   14.4660
    7.5000  -15.0000   45.0000 2644.4971   14.7516
   -7.5000   -7.5000   45.0000 2652.5476   14.6162
    0.0000   -7.5000   45.0000 2672.5542   14.5328
    7.5000   -7.5000   45.0000 2635.2549   14.7859
   -7.5000    0.0000   45.0000 2605.4563   14.9978
    0.0000    0.0000   45.0000 2621.9187   14.9293
    7.5000    0.0000   45.0000 2592.8657   15.1650
   -7.5000    7.5000   45.0000 2543.1511   15.5910
    0.0000    7.5000   45.0000 2554.7876   15.5391
    7.5000    7.5000   45.0000 2527.8037   15.7854
   -7.5000   15.0000   45.0000 2453.7087   16.5033
    0.0000   15.0000   45.0000 2464.7876   16.4504
    7.5000   15.0000   45.0000 2434.0530   16.6812
   -7.5000   22.5000   45.0000 2334.8926   17.7678
    0.0000   22.5000   45.0000 2344.1665   17.7560
    7.5000   22.5000   45.0000 2315.2495   17.9482
   -7.5000   30.0000   45.0000 2198.2578   19.3995
    0.0000   30.0000   45.0000 2215.8535   19.3777
    7.5000   30.0000   45.0000 2180.8870   19.5595
   -7.5000   37.5000   45.0000 2052.7002   21.5437
    0.0000   37.5000   45.0000 2066.7871   21.5106
    7.5000   37.5000   45.0000 2041.9395   21.6981
   -7.5000   45.0000   45.0000 1905.5481   24.2315
    0.0000   45.0000   45.0000 1916.6132   24.1431
    7.5000   45.0000   45.0000 1899.3672   24.4795

---------------------------------------------------------------------
imgreg_4dfp /opt/freesurfer/average/711-2C_as_mni_average_305 /opt/freesurfer/average/711-2B_as_mni_average_305_mask talsrcimg_g11 none talsrcimg_to_711-2C_as_mni_average_305_t4 1283
---------------------------------------------------------------------

freesurfer imgreg_4dfp.c
/opt/freesurfer/average/711-2C_as_mni_average_305.4dfp.img
       256       256       256         1
  1.000000  1.000000  1.000000
orientation T byte_order littleendian
Reading image: /opt/freesurfer/average/711-2C_as_mni_average_305.4dfp.img
dimensions:      256       256       256
mmppix:       1.0000   -1.0000   -1.0000
center:     128.0000 -129.0000 -129.0000
/opt/freesurfer/average/711-2B_as_mni_average_305_mask.4dfp.img
       256       256       256         1
  1.000000  1.000000  1.000000
orientation T byte_order littleendian
Reading mask: /opt/freesurfer/average/711-2B_as_mni_average_305_mask.4dfp.img (2306576 pixels)
talsrcimg_g11.4dfp.img
       256       256       256         1
  1.000000  1.000000  1.000000
orientation T byte_order littleendian
Reading image: talsrcimg_g11.4dfp.img
dimensions:      256       256       256
mmppix:       1.0000   -1.0000   -1.0000
center:     128.0000 -129.0000 -129.0000
rotation matrix determinant  1.000000
fimgreg.f
image alignment mode   1283 decimal      503 hex
parameters
    0.0000  -15.0000    7.5000    0.0000    0.0000    0.0000
eta,q 0.95057 11.78526
niter,ni,del,rscale     5    3   12.0000    1.2000
parameters
   -1.4525  -12.0712    6.5454   -0.6959    0.5175   -1.3002
eta,q 0.95675 11.69261
  0.0560  0.0695  0.0488  0.0464  0.0509  0.0453
  0.0504  0.0599  0.0444  0.0442  0.0471  0.0439
  0.0468  0.0514  0.0430  0.0432  0.0447  0.0434
  0.0474  0.0462  0.0438  0.0432  0.0432  0.0432
  0.0528  0.0440  0.0454  0.0439  0.0437  0.0440
  0.0608  0.0443  0.0483  0.0457  0.0457  0.0459
  0.0694  0.0467  0.0523  0.0483  0.0488  0.0488
niter,ni,del,rscale     4    3   12.0000    1.2000
parameters
   -1.8860  -11.4268    6.3870   -1.7707    1.3123   -1.8532
eta,q 0.95680 11.73361
  0.0569  0.0561  0.0503  0.0456  0.0515  0.0461
  0.0506  0.0485  0.0454  0.0436  0.0475  0.0440
  0.0454  0.0445  0.0431  0.0430  0.0445  0.0431
  0.0433  0.0435  0.0435  0.0434  0.0431  0.0432
  0.0454  0.0441  0.0448  0.0441  0.0440  0.0436
  0.0530  0.0466  0.0467  0.0456  0.0454  0.0451
  0.0626  0.0507  0.0501  0.0478  0.0479  0.0474
niter,ni,del,rscale     3    3   12.0000    1.2000
parameters
   -2.3762  -10.7475    6.0556   -2.9009    2.2061   -2.5781
eta,q 0.95724 11.74675
  0.0560  0.0553  0.0493  0.0454  0.0516  0.0459
  0.0493  0.0482  0.0447  0.0430  0.0471  0.0435
  0.0445  0.0443  0.0430  0.0425  0.0437  0.0426
  0.0432  0.0432  0.0432  0.0431  0.0427  0.0430
  0.0456  0.0438  0.0445  0.0442  0.0436  0.0437
  0.0525  0.0460  0.0468  0.0455  0.0447  0.0451
  0.0613  0.0501  0.0497  0.0469  0.0472  0.0474
niter,ni,del,rscale     2    3   12.0000    1.2000
parameters
   -2.8565   -9.9197    5.8512   -4.2134    3.0484   -3.2445
eta,q 0.95821 11.73298
  0.0557  0.0552  0.0498  0.0451  0.0506  0.0455
  0.0486  0.0483  0.0443  0.0422  0.0457  0.0434
  0.0435  0.0441  0.0422  0.0417  0.0427  0.0419
  0.0428  0.0426  0.0426  0.0425  0.0418  0.0419
  0.0453  0.0430  0.0439  0.0440  0.0422  0.0430
  0.0518  0.0451  0.0465  0.0456  0.0435  0.0448
  0.0606  0.0493  0.0493  0.0469  0.0464  0.0473
niter,ni,del,rscale     1    3   12.0000    1.2000
parameters
   -3.1882   -8.9626    5.6253   -5.5815    3.6183   -3.6104
eta,q 0.95910 11.72158
  0.0563  0.0550  0.0502  0.0445  0.0492  0.0452
  0.0488  0.0480  0.0441  0.0417  0.0448  0.0431
  0.0432  0.0435  0.0410  0.0409  0.0422  0.0415
  0.0418  0.0417  0.0416  0.0414  0.0409  0.0409
  0.0443  0.0420  0.0435  0.0435  0.0413  0.0418
  0.0511  0.0442  0.0464  0.0455  0.0431  0.0438
  0.0600  0.0482  0.0498  0.0472  0.0465  0.0465
registration optimization eta report
parameter search radius
    6.0000    6.0000    6.0000    6.0000    6.0000    6.0000
100000*second partial in parameter space
       45.       27.       24.       12.       19.       13.
  0.0563  0.0550  0.0502  0.0445  0.0492  0.0452
  0.0488  0.0480  0.0441  0.0417  0.0448  0.0431
  0.0432  0.0435  0.0410  0.0409  0.0422  0.0415
  0.0418  0.0417  0.0416  0.0414  0.0409  0.0409
  0.0443  0.0420  0.0435  0.0435  0.0413  0.0418
  0.0511  0.0442  0.0464  0.0455  0.0431  0.0438
  0.0600  0.0482  0.0498  0.0472  0.0465  0.0465
   -3.1882   -8.9626    5.6253   -5.5815    3.6183   -3.6104
eta,q 0.95910 11.72158

---------------------------------------------------------------------
imgreg_4dfp /opt/freesurfer/average/711-2C_as_mni_average_305 /opt/freesurfer/average/711-2B_as_mni_average_305_mask talsrcimg_g11 none talsrcimg_to_711-2C_as_mni_average_305_t4 3335
---------------------------------------------------------------------

freesurfer imgreg_4dfp.c
/opt/freesurfer/average/711-2C_as_mni_average_305.4dfp.img
       256       256       256         1
  1.000000  1.000000  1.000000
orientation T byte_order littleendian
Reading image: /opt/freesurfer/average/711-2C_as_mni_average_305.4dfp.img
dimensions:      256       256       256
mmppix:       1.0000   -1.0000   -1.0000
center:     128.0000 -129.0000 -129.0000
/opt/freesurfer/average/711-2B_as_mni_average_305_mask.4dfp.img
       256       256       256         1
  1.000000  1.000000  1.000000
orientation T byte_order littleendian
Reading mask: /opt/freesurfer/average/711-2B_as_mni_average_305_mask.4dfp.img (2306576 pixels)
talsrcimg_g11.4dfp.img
       256       256       256         1
  1.000000  1.000000  1.000000
orientation T byte_order littleendian
Reading image: talsrcimg_g11.4dfp.img
dimensions:      256       256       256
mmppix:       1.0000   -1.0000   -1.0000
center:     128.0000 -129.0000 -129.0000
fimgreg.f
image alignment mode   3335 decimal      D07 hex
parameters
   -3.1882   -8.9626    5.6253   -0.3974   -0.7103   -0.6725
    6.8799   -5.6560   -6.2846   10.1025    6.3109   -9.7068
eta,q 0.95894 11.80872
niter,ni,del,rscale     5    3    5.0000    1.2000
parameter  4  1.335855 ->  0.500000 qaram    1.1500
parameter  5  2.241855 ->  0.500000 qaram    1.1500
parameter  6  0.656341 ->  0.500000 qaram    1.1500
parameters
   -3.3222   -7.8640    4.9538   -4.5374   -4.8503   -4.8125
    5.8115   -3.7574   -4.0371   11.2742    7.0620   -7.7352
eta,q 0.96947 11.19290
  0.0434  0.0435  0.0414  0.0358  0.0304  0.0313  0.0335  0.0369  0.0345  0.0346  0.0318  0.0327
  0.0421  0.0424  0.0408  0.0365  0.0319  0.0314  0.0322  0.0345  0.0330  0.0328  0.0312  0.0318
  0.0413  0.0416  0.0405  0.0381  0.0340  0.0318  0.0315  0.0326  0.0318  0.0315  0.0309  0.0310
  0.0411  0.0411  0.0407  0.0405  0.0368  0.0324  0.0314  0.0314  0.0310  0.0308  0.0306  0.0306
  0.0415  0.0407  0.0412  0.0436  0.0402  0.0339  0.0321  0.0310  0.0308  0.0307  0.0307  0.0305
  0.0424  0.0407  0.0419  0.0471  0.0436  0.0363  0.0334  0.0316  0.0311  0.0315  0.0309  0.0308
  0.0440  0.0412  0.0428  0.0511  0.0471  0.0396  0.0350  0.0333  0.0319  0.0328  0.0314  0.0312
niter,ni,del,rscale     7    3    5.0000    1.2000
parameter  4  0.568237 ->  0.500000 qaram    1.3225
parameter  5  0.958803 ->  0.500000 qaram    1.3225
parameters
   -3.0243   -7.3189    4.5584   -9.2984   -9.6113   -8.1745
    5.1974   -3.4985   -4.4933   12.1194    7.2706   -8.5580
eta,q 0.97333 10.51652
  0.0347  0.0341  0.0313  0.0297  0.0266  0.0275  0.0286  0.0305  0.0282  0.0299  0.0274  0.0277
  0.0327  0.0324  0.0307  0.0296  0.0270  0.0268  0.0275  0.0286  0.0274  0.0284  0.0271  0.0270
  0.0312  0.0311  0.0303  0.0296  0.0279  0.0268  0.0269  0.0272  0.0269  0.0273  0.0268  0.0267
  0.0305  0.0305  0.0304  0.0303  0.0296  0.0272  0.0268  0.0267  0.0267  0.0267  0.0267  0.0267
  0.0306  0.0304  0.0307  0.0322  0.0319  0.0279  0.0271  0.0270  0.0270  0.0268  0.0268  0.0270
  0.0315  0.0309  0.0313  0.0351  0.0352  0.0292  0.0280  0.0282  0.0277  0.0275  0.0270  0.0275
  0.0331  0.0318  0.0322  0.0389  0.0389  0.0318  0.0293  0.0301  0.0286  0.0288  0.0274  0.0281
niter,ni,del,rscale     7    3    5.0000    1.2000
parameters
   -2.9525   -6.9531    4.0223  -11.2058  -14.2468   -8.9975
    5.0657   -3.3551   -4.7729   13.4357    6.9991  -10.3820
eta,q 0.97470 10.13799
  0.0294  0.0297  0.0273  0.0278  0.0264  0.0274  0.0278  0.0293  0.0269  0.0286  0.0262  0.0261
  0.0279  0.0282  0.0268  0.0267  0.0257  0.0262  0.0265  0.0273  0.0261  0.0271  0.0258  0.0255
  0.0270  0.0272  0.0265  0.0263  0.0257  0.0256  0.0258  0.0260  0.0256  0.0261  0.0255  0.0253
  0.0267  0.0267  0.0266  0.0265  0.0264  0.0256  0.0255  0.0255  0.0255  0.0255  0.0254  0.0254
  0.0269  0.0267  0.0270  0.0267  0.0279  0.0261  0.0258  0.0259  0.0257  0.0255  0.0256  0.0258
  0.0277  0.0272  0.0276  0.0278  0.0302  0.0269  0.0267  0.0271  0.0263  0.0259  0.0259  0.0264
  0.0291  0.0283  0.0284  0.0304  0.0335  0.0280  0.0279  0.0290  0.0271  0.0270  0.0263  0.0272
niter,ni,del,rscale     6    3    5.0000    1.2000
parameters
   -2.9455   -6.7222    4.0374  -11.4897  -14.9187   -8.5027
    5.1059   -3.2951   -4.7238   13.8445    6.9453  -10.7666
eta,q 0.97473 10.11462
  0.0281  0.0281  0.0267  0.0277  0.0282  0.0278  0.0278  0.0291  0.0268  0.0279  0.0262  0.0264
  0.0266  0.0266  0.0260  0.0260  0.0266  0.0265  0.0265  0.0271  0.0260  0.0265  0.0257  0.0258
  0.0256  0.0257  0.0255  0.0252  0.0256  0.0255  0.0256  0.0257  0.0254  0.0256  0.0254  0.0254
  0.0253  0.0253  0.0253  0.0253  0.0252  0.0252  0.0253  0.0253  0.0253  0.0253  0.0253  0.0253
  0.0256  0.0254  0.0255  0.0257  0.0258  0.0256  0.0256  0.0257  0.0255  0.0255  0.0254  0.0255
  0.0265  0.0261  0.0259  0.0263  0.0271  0.0263  0.0264  0.0270  0.0260  0.0261  0.0257  0.0260
  0.0281  0.0272  0.0267  0.0278  0.0292  0.0271  0.0277  0.0289  0.0268  0.0273  0.0262  0.0267
niter,ni,del,rscale     5    3    5.0000    1.2000
parameters
   -2.9479   -6.6368    4.1343  -11.5932  -15.0405   -8.2823
    5.1085   -3.2870   -4.7233   13.9632    6.8926  -10.8374
eta,q 0.97472 10.11384
  0.0281  0.0278  0.0268  0.0278  0.0285  0.0276  0.0278  0.0290  0.0268  0.0277  0.0262  0.0265
  0.0265  0.0264  0.0260  0.0261  0.0268  0.0264  0.0264  0.0270  0.0260  0.0264  0.0257  0.0259
  0.0256  0.0256  0.0255  0.0252  0.0257  0.0254  0.0256  0.0257  0.0254  0.0255  0.0254  0.0254
  0.0253  0.0253  0.0253  0.0253  0.0253  0.0253  0.0253  0.0253  0.0253  0.0253  0.0253  0.0253
  0.0256  0.0255  0.0254  0.0257  0.0256  0.0257  0.0256  0.0257  0.0255  0.0255  0.0254  0.0255
  0.0265  0.0262  0.0258  0.0263  0.0268  0.0263  0.0264  0.0270  0.0260  0.0263  0.0257  0.0259
  0.0281  0.0274  0.0266  0.0277  0.0288  0.0272  0.0277  0.0290  0.0268  0.0275  0.0262  0.0266
niter,ni,del,rscale     4    3    5.0000    1.2000
parameters
   -2.9522   -6.6174    4.1821  -11.6180  -15.0686   -8.2012
    5.1100   -3.2901   -4.7170   13.9874    6.8741  -10.8377
eta,q 0.97472 10.11484
  0.0281  0.0276  0.0267  0.0279  0.0286  0.0276  0.0278  0.0290  0.0268  0.0276  0.0262  0.0266
  0.0266  0.0263  0.0260  0.0262  0.0269  0.0263  0.0265  0.0270  0.0260  0.0263  0.0257  0.0259
  0.0256  0.0255  0.0255  0.0252  0.0258  0.0254  0.0256  0.0257  0.0254  0.0255  0.0254  0.0254
  0.0253  0.0253  0.0253  0.0253  0.0253  0.0253  0.0253  0.0253  0.0253  0.0253  0.0253  0.0253
  0.0256  0.0256  0.0254  0.0257  0.0256  0.0257  0.0256  0.0257  0.0255  0.0256  0.0254  0.0255
  0.0266  0.0263  0.0259  0.0263  0.0268  0.0264  0.0265  0.0271  0.0260  0.0263  0.0257  0.0259
  0.0281  0.0275  0.0266  0.0277  0.0288  0.0273  0.0278  0.0290  0.0268  0.0276  0.0262  0.0265
niter,ni,del,rscale     3    3    5.0000    1.2000
parameters
   -2.9541   -6.6143    4.2007  -11.6249  -15.0736   -8.1769
    5.1125   -3.2909   -4.7088   13.9901    6.8648  -10.8351
eta,q 0.97471 10.11519
  0.0281  0.0276  0.0267  0.0279  0.0286  0.0275  0.0278  0.0290  0.0268  0.0276  0.0262  0.0266
  0.0266  0.0263  0.0259  0.0262  0.0269  0.0263  0.0265  0.0270  0.0260  0.0263  0.0257  0.0259
  0.0256  0.0255  0.0255  0.0252  0.0258  0.0254  0.0256  0.0257  0.0255  0.0255  0.0254  0.0255
  0.0253  0.0253  0.0253  0.0253  0.0253  0.0253  0.0253  0.0253  0.0253  0.0253  0.0253  0.0253
  0.0256  0.0256  0.0254  0.0258  0.0256  0.0257  0.0256  0.0257  0.0255  0.0256  0.0254  0.0255
  0.0266  0.0263  0.0259  0.0263  0.0268  0.0264  0.0265  0.0271  0.0260  0.0263  0.0257  0.0259
  0.0281  0.0275  0.0266  0.0277  0.0288  0.0273  0.0278  0.0290  0.0268  0.0276  0.0262  0.0265
registration optimization eta report
parameter search radius
    2.4000    2.4000    2.4000    9.5220    9.5220    8.2800
    7.2000    7.2000    7.2000    7.2000    7.2000    7.2000
100000*second partial in parameter space
       49.       39.       24.        3.        4.        3.
        5.        7.        3.        4.        2.        2.
  0.0281  0.0276  0.0267  0.0279  0.0286  0.0275  0.0278  0.0290  0.0268  0.0276  0.0262  0.0266
  0.0266  0.0263  0.0259  0.0262  0.0269  0.0263  0.0265  0.0270  0.0260  0.0263  0.0257  0.0259
  0.0256  0.0255  0.0255  0.0252  0.0258  0.0254  0.0256  0.0257  0.0255  0.0255  0.0254  0.0255
  0.0253  0.0253  0.0253  0.0253  0.0253  0.0253  0.0253  0.0253  0.0253  0.0253  0.0253  0.0253
  0.0256  0.0256  0.0254  0.0258  0.0256  0.0257  0.0256  0.0257  0.0255  0.0256  0.0254  0.0255
  0.0266  0.0263  0.0259  0.0263  0.0268  0.0264  0.0265  0.0271  0.0260  0.0263  0.0257  0.0259
  0.0281  0.0275  0.0266  0.0277  0.0288  0.0273  0.0278  0.0290  0.0268  0.0276  0.0262  0.0265
   -2.9541   -6.6143    4.2007  -11.6249  -15.0736   -8.1769
    5.1125   -3.2909   -4.7088   13.9901    6.8648  -10.8351
eta,q 0.97471 10.11519

---------------------------------------------------------------------
imgreg_4dfp /opt/freesurfer/average/711-2C_as_mni_average_305 /opt/freesurfer/average/711-2B_as_mni_average_305_mask talsrcimg_g11 none talsrcimg_to_711-2C_as_mni_average_305_t4 2311
---------------------------------------------------------------------

freesurfer imgreg_4dfp.c
/opt/freesurfer/average/711-2C_as_mni_average_305.4dfp.img
       256       256       256         1
  1.000000  1.000000  1.000000
orientation T byte_order littleendian
Reading image: /opt/freesurfer/average/711-2C_as_mni_average_305.4dfp.img
dimensions:      256       256       256
mmppix:       1.0000   -1.0000   -1.0000
center:     128.0000 -129.0000 -129.0000
/opt/freesurfer/average/711-2B_as_mni_average_305_mask.4dfp.img
       256       256       256         1
  1.000000  1.000000  1.000000
orientation T byte_order littleendian
Reading mask: /opt/freesurfer/average/711-2B_as_mni_average_305_mask.4dfp.img (2306576 pixels)
talsrcimg_g11.4dfp.img
       256       256       256         1
  1.000000  1.000000  1.000000
orientation T byte_order littleendian
Reading image: talsrcimg_g11.4dfp.img
dimensions:      256       256       256
mmppix:       1.0000   -1.0000   -1.0000
center:     128.0000 -129.0000 -129.0000
fimgreg.f
image alignment mode   2311 decimal      907 hex
parameters
   -2.9541   -6.6143    4.2007  -11.6249  -15.0736   -8.1769
    5.1125   -3.2909   -4.7088   13.9901    6.8648  -10.8351
eta,q 0.97471 10.11520
niter,ni,del,rscale     5    3    5.0000    0.8000
parameters
   -2.9517   -6.6451    4.2132  -12.8798  -14.9371   -8.6145
    5.1101   -3.3223   -4.7543   13.8784    6.7930  -10.7762
eta,q 0.97488 10.02689
  0.0266  0.0263  0.0259  0.0256  0.0261  0.0259  0.0263  0.0270  0.0258  0.0261  0.0256  0.0258
  0.0259  0.0257  0.0256  0.0252  0.0256  0.0254  0.0257  0.0259  0.0254  0.0255  0.0253  0.0254
  0.0254  0.0254  0.0254  0.0251  0.0253  0.0251  0.0253  0.0253  0.0252  0.0252  0.0252  0.0252
  0.0253  0.0253  0.0253  0.0253  0.0252  0.0252  0.0251  0.0251  0.0251  0.0251  0.0251  0.0251
  0.0254  0.0254  0.0253  0.0255  0.0252  0.0254  0.0253  0.0253  0.0252  0.0253  0.0252  0.0252
  0.0259  0.0258  0.0256  0.0258  0.0255  0.0257  0.0257  0.0260  0.0254  0.0256  0.0254  0.0254
  0.0266  0.0263  0.0259  0.0260  0.0260  0.0261  0.0264  0.0270  0.0258  0.0262  0.0256  0.0257
niter,ni,del,rscale     4    3    5.0000    0.7000
parameters
   -2.9446   -6.6224    4.1387  -12.8500  -14.8995   -8.8292
    5.1160   -3.3225   -4.7389   13.8951    6.7935  -10.8189
eta,q 0.97490 10.02185
  0.0262  0.0259  0.0256  0.0258  0.0258  0.0258  0.0261  0.0265  0.0256  0.0259  0.0255  0.0256
  0.0256  0.0255  0.0253  0.0254  0.0255  0.0254  0.0255  0.0257  0.0254  0.0255  0.0253  0.0253
  0.0252  0.0252  0.0252  0.0251  0.0252  0.0251  0.0252  0.0253  0.0252  0.0252  0.0251  0.0252
  0.0251  0.0251  0.0251  0.0251  0.0251  0.0251  0.0251  0.0251  0.0251  0.0251  0.0251  0.0251
  0.0252  0.0252  0.0252  0.0253  0.0252  0.0253  0.0252  0.0253  0.0252  0.0252  0.0252  0.0252
  0.0256  0.0255  0.0254  0.0255  0.0254  0.0255  0.0255  0.0257  0.0253  0.0255  0.0253  0.0254
  0.0261  0.0259  0.0257  0.0257  0.0258  0.0259  0.0261  0.0265  0.0256  0.0259  0.0255  0.0256
niter,ni,del,rscale     3    3    5.0000    0.6000
parameters
   -2.9424   -6.6223    4.0870  -12.9796  -14.8872   -8.9702
    5.1167   -3.3355   -4.7445   13.8874    6.7845  -10.8482
eta,q 0.97491 10.00925
  0.0259  0.0257  0.0255  0.0256  0.0256  0.0257  0.0258  0.0261  0.0255  0.0257  0.0254  0.0255
  0.0254  0.0254  0.0253  0.0253  0.0253  0.0253  0.0254  0.0255  0.0253  0.0253  0.0252  0.0253
  0.0252  0.0252  0.0251  0.0251  0.0252  0.0251  0.0252  0.0252  0.0251  0.0252  0.0251  0.0251
  0.0251  0.0251  0.0251  0.0251  0.0251  0.0251  0.0251  0.0251  0.0251  0.0251  0.0251  0.0251
  0.0252  0.0252  0.0252  0.0252  0.0251  0.0252  0.0252  0.0252  0.0251  0.0252  0.0251  0.0252
  0.0254  0.0254  0.0253  0.0254  0.0253  0.0254  0.0254  0.0256  0.0253  0.0254  0.0252  0.0253
  0.0259  0.0257  0.0255  0.0256  0.0256  0.0257  0.0258  0.0261  0.0255  0.0257  0.0254  0.0255
niter,ni,del,rscale     2    3    5.0000    0.5000
parameters
   -2.9444   -6.6208    4.0619  -13.1061  -14.8830   -9.0738
    5.1322   -3.3564   -4.7199   13.8886    6.7692  -10.8860
eta,q 0.97492  9.99824
  0.0256  0.0255  0.0253  0.0254  0.0255  0.0255  0.0256  0.0258  0.0254  0.0255  0.0253  0.0254
  0.0253  0.0253  0.0252  0.0252  0.0253  0.0252  0.0253  0.0254  0.0252  0.0253  0.0252  0.0252
  0.0252  0.0251  0.0251  0.0251  0.0251  0.0251  0.0251  0.0252  0.0251  0.0251  0.0251  0.0251
  0.0251  0.0251  0.0251  0.0251  0.0251  0.0251  0.0251  0.0251  0.0251  0.0251  0.0251  0.0251
  0.0252  0.0251  0.0251  0.0252  0.0251  0.0252  0.0251  0.0252  0.0251  0.0251  0.0251  0.0251
  0.0253  0.0253  0.0252  0.0253  0.0252  0.0253  0.0253  0.0254  0.0252  0.0253  0.0252  0.0252
  0.0256  0.0255  0.0254  0.0255  0.0255  0.0255  0.0256  0.0258  0.0254  0.0255  0.0253  0.0254
niter,ni,del,rscale     1    3    5.0000    0.4000
parameters
   -2.9487   -6.6204    4.0364  -13.2074  -14.8654   -9.1837
    5.1460   -3.3700   -4.7236   13.8816    6.7674  -10.9187
eta,q 0.97492  9.98917
  0.0254  0.0253  0.0252  0.0253  0.0253  0.0254  0.0254  0.0255  0.0253  0.0253  0.0252  0.0253
  0.0252  0.0252  0.0252  0.0252  0.0252  0.0252  0.0252  0.0253  0.0252  0.0252  0.0251  0.0252
  0.0251  0.0251  0.0251  0.0251  0.0251  0.0251  0.0251  0.0251  0.0251  0.0251  0.0251  0.0251
  0.0251  0.0251  0.0251  0.0251  0.0251  0.0251  0.0251  0.0251  0.0251  0.0251  0.0251  0.0251
  0.0251  0.0251  0.0251  0.0251  0.0251  0.0251  0.0251  0.0251  0.0251  0.0251  0.0251  0.0251
  0.0252  0.0252  0.0252  0.0252  0.0252  0.0252  0.0252  0.0253  0.0252  0.0252  0.0251  0.0252
  0.0254  0.0253  0.0253  0.0253  0.0253  0.0254  0.0254  0.0255  0.0253  0.0253  0.0252  0.0253
registration optimization eta report
parameter search radius
    0.8000    0.8000    0.8000    2.4000    2.4000    2.4000
    2.4000    2.4000    2.4000    2.4000    2.4000    2.4000
100000*second partial in parameter space
       53.       40.       28.        4.        4.        5.
        6.        8.        3.        5.        2.        3.
  0.0254  0.0253  0.0252  0.0253  0.0253  0.0254  0.0254  0.0255  0.0253  0.0253  0.0252  0.0253
  0.0252  0.0252  0.0252  0.0252  0.0252  0.0252  0.0252  0.0253  0.0252  0.0252  0.0251  0.0252
  0.0251  0.0251  0.0251  0.0251  0.0251  0.0251  0.0251  0.0251  0.0251  0.0251  0.0251  0.0251
  0.0251  0.0251  0.0251  0.0251  0.0251  0.0251  0.0251  0.0251  0.0251  0.0251  0.0251  0.0251
  0.0251  0.0251  0.0251  0.0251  0.0251  0.0251  0.0251  0.0251  0.0251  0.0251  0.0251  0.0251
  0.0252  0.0252  0.0252  0.0252  0.0252  0.0252  0.0252  0.0253  0.0252  0.0252  0.0251  0.0252
  0.0254  0.0253  0.0253  0.0253  0.0253  0.0254  0.0254  0.0255  0.0253  0.0253  0.0252  0.0253
   -2.9487   -6.6204    4.0364  -13.2074  -14.8654   -9.1837
    5.1460   -3.3700   -4.7236   13.8816    6.7674  -10.9187
eta,q 0.97492  9.98917

---------------------------------------------------------------------
imgreg_4dfp /opt/freesurfer/average/711-2C_as_mni_average_305 /opt/freesurfer/average/711-2B_as_mni_average_305_mask talsrcimg_g11 none talsrcimg_to_711-2C_as_mni_average_305_t4 2311
---------------------------------------------------------------------

freesurfer imgreg_4dfp.c
/opt/freesurfer/average/711-2C_as_mni_average_305.4dfp.img
       256       256       256         1
  1.000000  1.000000  1.000000
orientation T byte_order littleendian
Reading image: /opt/freesurfer/average/711-2C_as_mni_average_305.4dfp.img
dimensions:      256       256       256
mmppix:       1.0000   -1.0000   -1.0000
center:     128.0000 -129.0000 -129.0000
/opt/freesurfer/average/711-2B_as_mni_average_305_mask.4dfp.img
       256       256       256         1
  1.000000  1.000000  1.000000
orientation T byte_order littleendian
Reading mask: /opt/freesurfer/average/711-2B_as_mni_average_305_mask.4dfp.img (2306576 pixels)
talsrcimg_g11.4dfp.img
       256       256       256         1
  1.000000  1.000000  1.000000
orientation T byte_order littleendian
Reading image: talsrcimg_g11.4dfp.img
dimensions:      256       256       256
mmppix:       1.0000   -1.0000   -1.0000
center:     128.0000 -129.0000 -129.0000
fimgreg.f
image alignment mode   2311 decimal      907 hex
parameters
   -2.9487   -6.6204    4.0364  -13.2074  -14.8654   -9.1837
    5.1460   -3.3700   -4.7236   13.8816    6.7674  -10.9187
eta,q 0.97492  9.98917
niter,ni,del,rscale     5    3    5.0000    0.8000
parameters
   -2.9393   -6.5943    4.0031  -12.6719  -14.9247   -8.9576
    5.0977   -3.2810   -4.7262   13.9593    6.8358  -10.8885
eta,q 0.97489 10.02617
  0.0265  0.0261  0.0257  0.0262  0.0260  0.0262  0.0263  0.0270  0.0258  0.0262  0.0256  0.0258
  0.0257  0.0255  0.0254  0.0256  0.0255  0.0256  0.0257  0.0260  0.0254  0.0256  0.0253  0.0254
  0.0252  0.0252  0.0251  0.0252  0.0252  0.0252  0.0253  0.0253  0.0252  0.0252  0.0252  0.0252
  0.0251  0.0251  0.0251  0.0251  0.0251  0.0251  0.0251  0.0251  0.0251  0.0251  0.0251  0.0251
  0.0252  0.0252  0.0252  0.0252  0.0252  0.0253  0.0253  0.0253  0.0252  0.0252  0.0252  0.0252
  0.0257  0.0255  0.0254  0.0254  0.0255  0.0256  0.0257  0.0259  0.0254  0.0256  0.0253  0.0254
  0.0264  0.0261  0.0258  0.0257  0.0261  0.0259  0.0264  0.0269  0.0258  0.0261  0.0256  0.0257
niter,ni,del,rscale     4    3    5.0000    0.7000
parameters
   -2.9348   -6.6073    4.0451  -12.8097  -14.9088   -8.9509
    5.1041   -3.3076   -4.7696   13.9238    6.8407  -10.8710
eta,q 0.97491 10.01918
  0.0262  0.0259  0.0257  0.0257  0.0258  0.0259  0.0261  0.0265  0.0256  0.0259  0.0255  0.0256
  0.0256  0.0254  0.0254  0.0253  0.0254  0.0254  0.0255  0.0257  0.0253  0.0254  0.0253  0.0253
  0.0252  0.0252  0.0252  0.0251  0.0252  0.0251  0.0252  0.0252  0.0252  0.0252  0.0251  0.0252
  0.0251  0.0251  0.0251  0.0251  0.0251  0.0251  0.0251  0.0251  0.0251  0.0251  0.0251  0.0251
  0.0252  0.0252  0.0252  0.0253  0.0252  0.0252  0.0252  0.0253  0.0252  0.0252  0.0252  0.0252
  0.0256  0.0255  0.0253  0.0255  0.0254  0.0255  0.0255  0.0258  0.0253  0.0255  0.0253  0.0254
  0.0261  0.0259  0.0256  0.0257  0.0258  0.0258  0.0261  0.0265  0.0256  0.0259  0.0255  0.0256
niter,ni,del,rscale     3    3    5.0000    0.6000
parameters
   -2.9385   -6.6146    4.0559  -12.9764  -14.8918   -9.0128
    5.1242   -3.3319   -4.7494   13.9056    6.7982  -10.8663
eta,q 0.97492 10.00774
  0.0259  0.0257  0.0255  0.0256  0.0256  0.0257  0.0258  0.0261  0.0255  0.0257  0.0254  0.0255
  0.0254  0.0254  0.0253  0.0253  0.0253  0.0253  0.0254  0.0255  0.0253  0.0253  0.0252  0.0253
  0.0252  0.0252  0.0251  0.0251  0.0252  0.0251  0.0252  0.0252  0.0251  0.0251  0.0251  0.0251
  0.0251  0.0251  0.0251  0.0251  0.0251  0.0251  0.0251  0.0251  0.0251  0.0251  0.0251  0.0251
  0.0252  0.0252  0.0251  0.0252  0.0251  0.0252  0.0252  0.0252  0.0251  0.0252  0.0251  0.0251
  0.0255  0.0254  0.0253  0.0254  0.0253  0.0254  0.0254  0.0256  0.0253  0.0254  0.0252  0.0253
  0.0259  0.0257  0.0255  0.0256  0.0256  0.0257  0.0258  0.0261  0.0255  0.0257  0.0254  0.0255
niter,ni,del,rscale     2    3    5.0000    0.5000
parameters
   -2.9432   -6.6170    4.0446  -13.1096  -14.8899   -9.0986
    5.1296   -3.3579   -4.7204   13.9010    6.7724  -10.8935
eta,q 0.97492  9.99684
  0.0256  0.0255  0.0254  0.0254  0.0254  0.0255  0.0256  0.0258  0.0254  0.0255  0.0253  0.0254
  0.0253  0.0253  0.0252  0.0252  0.0253  0.0252  0.0253  0.0254  0.0252  0.0253  0.0252  0.0252
  0.0252  0.0251  0.0251  0.0251  0.0251  0.0251  0.0251  0.0252  0.0251  0.0251  0.0251  0.0251
  0.0251  0.0251  0.0251  0.0251  0.0251  0.0251  0.0251  0.0251  0.0251  0.0251  0.0251  0.0251
  0.0252  0.0251  0.0251  0.0252  0.0251  0.0252  0.0251  0.0252  0.0251  0.0251  0.0251  0.0251
  0.0253  0.0253  0.0252  0.0253  0.0252  0.0253  0.0253  0.0254  0.0252  0.0253  0.0252  0.0252
  0.0256  0.0255  0.0254  0.0255  0.0255  0.0255  0.0256  0.0258  0.0254  0.0255  0.0253  0.0254
niter,ni,del,rscale     1    3    5.0000    0.4000
parameters
   -2.9465   -6.6149    4.0262  -13.2105  -14.8698   -9.2053
    5.1471   -3.3649   -4.7056   13.8963    6.7545  -10.9174
eta,q 0.97492  9.98799
  0.0254  0.0253  0.0252  0.0253  0.0253  0.0253  0.0254  0.0255  0.0253  0.0253  0.0252  0.0253
  0.0252  0.0252  0.0252  0.0252  0.0252  0.0252  0.0252  0.0253  0.0252  0.0252  0.0251  0.0252
  0.0251  0.0251  0.0251  0.0251  0.0251  0.0251  0.0251  0.0251  0.0251  0.0251  0.0251  0.0251
  0.0251  0.0251  0.0251  0.0251  0.0251  0.0251  0.0251  0.0251  0.0251  0.0251  0.0251  0.0251
  0.0251  0.0251  0.0251  0.0251  0.0251  0.0251  0.0251  0.0251  0.0251  0.0251  0.0251  0.0251
  0.0252  0.0252  0.0252  0.0252  0.0252  0.0252  0.0252  0.0253  0.0252  0.0252  0.0251  0.0252
  0.0254  0.0253  0.0253  0.0253  0.0253  0.0254  0.0254  0.0255  0.0253  0.0253  0.0252  0.0253
registration optimization eta report
parameter search radius
    0.8000    0.8000    0.8000    2.4000    2.4000    2.4000
    2.4000    2.4000    2.4000    2.4000    2.4000    2.4000
100000*second partial in parameter space
       54.       41.       28.        4.        4.        5.
        6.        8.        3.        4.        2.        3.
  0.0254  0.0253  0.0252  0.0253  0.0253  0.0253  0.0254  0.0255  0.0253  0.0253  0.0252  0.0253
  0.0252  0.0252  0.0252  0.0252  0.0252  0.0252  0.0252  0.0253  0.0252  0.0252  0.0251  0.0252
  0.0251  0.0251  0.0251  0.0251  0.0251  0.0251  0.0251  0.0251  0.0251  0.0251  0.0251  0.0251
  0.0251  0.0251  0.0251  0.0251  0.0251  0.0251  0.0251  0.0251  0.0251  0.0251  0.0251  0.0251
  0.0251  0.0251  0.0251  0.0251  0.0251  0.0251  0.0251  0.0251  0.0251  0.0251  0.0251  0.0251
  0.0252  0.0252  0.0252  0.0252  0.0252  0.0252  0.0252  0.0253  0.0252  0.0252  0.0251  0.0252
  0.0254  0.0253  0.0253  0.0253  0.0253  0.0254  0.0254  0.0255  0.0253  0.0253  0.0252  0.0253
   -2.9465   -6.6149    4.0262  -13.2105  -14.8698   -9.2053
    5.1471   -3.3649   -4.7056   13.8963    6.7545  -10.9174
eta,q 0.97492  9.98799

---------------------------------------------------------------------
compute_vox2vox talsrcimg talsrcimg_to_711-2C_as_mni_average_305_t4 /opt/freesurfer/average/711-2C_as_mni_average_305
---------------------------------------------------------------------

freesurfer compute_vox2vox.c
Reading: talsrcimg.4dfp.ifh
Reading: talsrcimg_to_711-2C_as_mni_average_305_t4
Reading: /opt/freesurfer/average/711-2C_as_mni_average_305.4dfp.ifh
Writing: talsrcimg_to_711-2C_as_mni_average_305_t4_vox2vox.txt

start time Sun Mar 8 17:12:45 CET 2026
end		time Sun Mar 8 17:14:13 CET 2026

mpr2mni305 success

avi2talxfm orig_nu.mgz /opt/freesurfer/average/mni305.cor.mgz talsrcimg_to_711-2C_as_mni_average_305_t4_vox2vox.txt transforms/talairach.auto.xfm
avi2talxfm done
mv -f /out/sourcedata/freesurfer/sub-v1s14x0051557_ses-1/mri/talsrcimg_to_711-2C_as_mni_average_305_t4_vox2vox.txt /out/sourcedata/freesurfer/sub-v1s14x0051557_ses-1/mri/transforms/talsrcimg_to_711-2C_as_mni_average_305_t4_vox2vox.txt
lta_convert --src orig_nu.mgz --trg /opt/freesurfer/average/mni305.cor.mgz --inxfm transforms/talairach.auto.xfm --outlta transforms/talairach.auto.xfm.lta --subject fsaverage
7.3.2

--src: orig_nu.mgz src image (geometry).
--trg: /opt/freesurfer/average/mni305.cor.mgz trg image (geometry).
--inmni: transforms/talairach.auto.xfm input MNI/XFM transform.
--outlta: transforms/talairach.auto.xfm.lta output LTA.
--s: fsaverage subject name
 LTA read, type : 1
 1.14478   0.05200  -0.06255  -0.52129;
-0.07606   1.07673   0.14268  -28.04401;
 0.07569  -0.17289   1.14792   3.89812;
 0.00000   0.00000   0.00000   1.00000;
setting subject to fsaverage
Writing  LTA to file transforms/talairach.auto.xfm.lta...
lta_convert successful.
 
 
Started at Sun Mar 8 17:12:45 CET 2026
Ended   at Sun Mar  8 17:14:13 CET 2026
talairach_avi done
