/out/sourcedata/freesurfer/sub-v1s14x0051585_ses-1/mri
/opt/freesurfer/bin/talairach_avi
--i orig_nu.mgz --xfm transforms/talairach.auto.xfm
talairach_avi 7.3.2
Linux dna071 5.14.0-427.37.1.el9_4.x86_64 #1 SMP PREEMPT_DYNAMIC Fri Sep 13 12:41:50 EDT 2024 x86_64 x86_64 x86_64 GNU/Linux
Sun Mar  8 20:03:11 CET 2026
mri_convert orig_nu.mgz talsrcimg.img 
reading from orig_nu.mgz...
TR=0.00, TE=0.00, TI=0.00, flip angle=0.00
i_ras = (-1, 1.16415e-09, 0)
j_ras = (-1.86265e-09, 0, -1)
k_ras = (-9.31323e-10, 1, 0)
writing to talsrcimg.img...
Analyze Output Matrix
-1.00000  -0.00000  -0.00000   131.23882;
 0.00000   0.00000   1.00000  -110.95940;
 0.00000  -1.00000   0.00000   170.16963;
 0.00000   0.00000   0.00000   1.00000;
--------------------
INFO: set hdr.hist.orient to -1
mpr2mni305 talsrcimg
Sun Mar  8 20:03:11 CET 2026
/opt/freesurfer/bin/mpr2mni305 talsrcimg
mpr2mni305 7.3.2
target=711-2C_as_mni_average_305

---------------------------------------------------------------------
analyzeto4dfp talsrcimg -O0 -y
---------------------------------------------------------------------

freesurfer ifh2hdr.c
Sun Mar  8 20:03:12 2026
Writing: talsrcimg.4dfp.hdr
freesurfer analyzeto4dfp.c
Reading: talsrcimg.hdr
header size 348 bytes
hdr.dime.datatype	offset=70	value=2
hdr.dime.bitpix		offset=72	value=8
hdr.hist.orient		offset=252	value=-1
dimensionality     4
dimensions       256       256       256         1
Reading: talsrcimg.img
Writing: talsrcimg.4dfp.img
Writing: talsrcimg.4dfp.ifh
ifh2hdr talsrcimg -r0to236
ori=2

---------------------------------------------------------------------
gauss_4dfp talsrcimg 1.1
---------------------------------------------------------------------

freesurfer gauss_4dfp.c
Reading: talsrcimg.4dfp.img
Writing: talsrcimg_g11.4dfp.img
image dimensions 256 256 256 padded to 288 288 288
processing volume 1freesurfer ifh2hdr.c
Sun Mar  8 20:03:13 2026
Writing: talsrcimg_g11.4dfp.hdr

Writing: talsrcimg_g11.4dfp.ifh
including: talsrcimg.4dfp.img.rec in talsrcimg_g11.4dfp.img.rec

---------------------------------------------------------------------
imgreg_4dfp /opt/freesurfer/average/711-2C_as_mni_average_305 none talsrcimg_g11 none talsrcimg_to_711-2C_as_mni_average_305_t4 4355
---------------------------------------------------------------------

freesurfer imgreg_4dfp.c
/opt/freesurfer/average/711-2C_as_mni_average_305.4dfp.img
       256       256       256         1
  1.000000  1.000000  1.000000
orientation T byte_order littleendian
Reading image: /opt/freesurfer/average/711-2C_as_mni_average_305.4dfp.img
dimensions:      256       256       256
mmppix:       1.0000   -1.0000   -1.0000
center:     128.0000 -129.0000 -129.0000
talsrcimg_g11.4dfp.img
       256       256       256         1
  1.000000  1.000000  1.000000
orientation T byte_order littleendian
Reading image: talsrcimg_g11.4dfp.img
dimensions:      256       256       256
mmppix:       1.0000   -1.0000   -1.0000
center:     128.0000 -129.0000 -129.0000
t4_read: open error in t4_sub.f l:  41 t4_file(1:l)talsrcimg_to_711-2C_as_mni_average_305_t4 
t4_read: transform initialized to I4
rotation matrix determinant  1.000000
image alignment mode   4355 decimal     1103 hex
   -7.5000  -45.0000  -45.0000 8685.1104   21.7821
    0.0000  -45.0000  -45.0000 9000.8008   21.7964
    7.5000  -45.0000  -45.0000 8510.3984   21.8107
   -7.5000  -37.5000  -45.0000 9048.0498   21.7639
    0.0000  -37.5000  -45.0000 9367.2500   21.7731
    7.5000  -37.5000  -45.0000 8846.1709   21.7897
   -7.5000  -30.0000  -45.0000 9647.0430   21.7478
    0.0000  -30.0000  -45.000010007.5566   21.7621
    7.5000  -30.0000  -45.0000 9448.1611   21.7754
   -7.5000  -22.5000  -45.000010200.8535   21.7505
    0.0000  -22.5000  -45.000010609.2559   21.7771
    7.5000  -22.5000  -45.000010024.3623   21.7847
   -7.5000  -15.0000  -45.000010717.6807   21.7658
    0.0000  -15.0000  -45.000011130.4443   21.7997
    7.5000  -15.0000  -45.000010529.9775   21.8056
   -7.5000   -7.5000  -45.000011218.9814   21.7814
    0.0000   -7.5000  -45.000011662.4824   21.8080
    7.5000   -7.5000  -45.000011036.1953   21.8171
   -7.5000    0.0000  -45.000011703.8428   21.7821
    0.0000    0.0000  -45.000012164.3281   21.7964
    7.5000    0.0000  -45.000011522.8721   21.8107
   -7.5000    7.5000  -45.000011117.3662   21.7639
    0.0000    7.5000  -45.000011528.7061   21.7731
    7.5000    7.5000  -45.000010917.0850   21.7897
   -7.5000   15.0000  -45.000010222.0918   21.7478
    0.0000   15.0000  -45.000010629.3955   21.7621
    7.5000   15.0000  -45.000010065.4365   21.7754
   -7.5000   22.5000  -45.0000 9334.3457   21.7475
    0.0000   22.5000  -45.0000 9698.1611   21.7741
    7.5000   22.5000  -45.0000 9184.9434   21.7818
   -7.5000   30.0000  -45.0000 8430.5410   21.4758
    0.0000   30.0000  -45.0000 8757.0596   21.5092
    7.5000   30.0000  -45.0000 8296.5830   21.5150
   -7.5000   37.5000  -45.0000 7854.2485   21.4911
    0.0000   37.5000  -45.0000 8137.3145   21.5174
    7.5000   37.5000  -45.0000 7713.4014   21.5264
   -7.5000   45.0000  -45.0000 6979.4673   20.9462
    0.0000   45.0000  -45.0000 7216.1777   20.9599
    7.5000   45.0000  -45.0000 6817.9956   20.9737
   -7.5000  -45.0000  -37.5000 9299.2070   21.5960
    0.0000  -45.0000  -37.5000 9647.4912   21.6109
    7.5000  -45.0000  -37.5000 9111.2871   21.6237
   -7.5000  -37.5000  -37.5000 9671.9316   21.5775
    0.0000  -37.5000  -37.500010055.8066   21.5858
    7.5000  -37.5000  -37.5000 9479.3125   21.5992
   -7.5000  -30.0000  -37.500010327.4600   21.5578
    0.0000  -30.0000  -37.500010717.4922   21.5679
    7.5000  -30.0000  -37.500010113.5234   21.5804
   -7.5000  -22.5000  -37.500010908.4521   21.5575
    0.0000  -22.5000  -37.500011343.1377   21.5780
    7.5000  -22.5000  -37.500010699.7871   21.5885
   -7.5000  -15.0000  -37.500011430.0820   21.5745
    0.0000  -15.0000  -37.500011865.3564   21.6036
    7.5000  -15.0000  -37.500011223.5029   21.6138
   -7.5000   -7.5000  -37.500011935.5322   21.5933
    0.0000   -7.5000  -37.500012399.5322   21.6187
    7.5000   -7.5000  -37.500011719.8887   21.6302
   -7.5000    0.0000  -37.500012437.2178   21.5960
    0.0000    0.0000  -37.500012913.5479   21.6109
    7.5000    0.0000  -37.500012193.7764   21.6237
   -7.5000    7.5000  -37.500011760.4326   21.5775
    0.0000    7.5000  -37.500012203.8379   21.5858
    7.5000    7.5000  -37.500011533.9727   21.5992
   -7.5000   15.0000  -37.500010781.5195   21.5578
    0.0000   15.0000  -37.500011203.7520   21.5679
    7.5000   15.0000  -37.500010578.2041   21.5804
   -7.5000   22.5000  -37.5000 9807.2842   21.5546
    0.0000   22.5000  -37.500010205.7471   21.5750
    7.5000   22.5000  -37.5000 9672.7705   21.5856
   -7.5000   30.0000  -37.5000 8862.1416   21.2870
    0.0000   30.0000  -37.5000 9216.6768   21.3157
    7.5000   30.0000  -37.5000 8734.0674   21.3258
   -7.5000   37.5000  -37.5000 8234.7910   21.3056
    0.0000   37.5000  -37.5000 8559.9854   21.3306
    7.5000   37.5000  -37.5000 8109.6787   21.3419
   -7.5000   45.0000  -37.5000 7292.6553   20.7672
    0.0000   45.0000  -37.5000 7558.7158   20.7816
    7.5000   45.0000  -37.5000 7151.7183   20.7939
   -7.5000  -45.0000  -30.000010058.1689   22.3439
    0.0000  -45.0000  -30.000010433.8164   22.3588
    7.5000  -45.0000  -30.0000 9888.4629   22.3787
   -7.5000  -37.5000  -30.000010438.3916   22.3149
    0.0000  -37.5000  -30.000010837.3857   22.3206
    7.5000  -37.5000  -30.000010262.3291   22.3408
   -7.5000  -30.0000  -30.000011142.4365   22.2895
    0.0000  -30.0000  -30.000011570.5566   22.2933
    7.5000  -30.0000  -30.000010945.7842   22.3149
   -7.5000  -22.5000  -30.000011803.5400   22.2951
    0.0000  -22.5000  -30.000012276.3506   22.3077
    7.5000  -22.5000  -30.000011588.5352   22.3296
   -7.5000  -15.0000  -30.000012349.5811   22.3228
    0.0000  -15.0000  -30.000012818.8682   22.3458
    7.5000  -15.0000  -30.000012105.3496   22.3673
   -7.5000   -7.5000  -30.000012854.4043   22.3461
    0.0000   -7.5000  -30.000013332.9072   22.3695
    7.5000   -7.5000  -30.000012593.0684   22.3904
   -7.5000    0.0000  -30.000013375.4707   22.3439
    0.0000    0.0000  -30.000013856.9482   22.3588
    7.5000    0.0000  -30.000013102.6904   22.3787
   -7.5000    7.5000  -30.000012576.7256   22.3149
    0.0000    7.5000  -30.000013064.4775   22.3206
    7.5000    7.5000  -30.000012351.7598   22.3408
   -7.5000   15.0000  -30.000011494.1572   22.2895
    0.0000   15.0000  -30.000011949.6934   22.2933
    7.5000   15.0000  -30.000011305.2031   22.3149
   -7.5000   22.5000  -30.000010463.0049   22.2897
    0.0000   22.5000  -30.000010870.7324   22.3023
    7.5000   22.5000  -30.000010328.7471   22.3243
   -7.5000   30.0000  -30.0000 9434.6318   22.0274
    0.0000   30.0000  -30.0000 9815.7695   22.0501
    7.5000   30.0000  -30.0000 9313.2588   22.0713
   -7.5000   37.5000  -30.0000 8756.0625   22.0504
    0.0000   37.5000  -30.0000 9112.0117   22.0735
    7.5000   37.5000  -30.0000 8622.2666   22.0941
   -7.5000   45.0000  -30.0000 7734.3296   21.5022
    0.0000   45.0000  -30.0000 8017.5552   21.5165
    7.5000   45.0000  -30.0000 7592.8208   21.5357
   -7.5000  -45.0000  -22.500010826.8359   23.1139
    0.0000  -45.0000  -22.500011244.2646   23.1272
    7.5000  -45.0000  -22.500010675.4707   23.1563
   -7.5000  -37.5000  -22.500011210.5908   23.0769
    0.0000  -37.5000  -22.500011675.1094   23.0820
    7.5000  -37.5000  -22.500011080.2451   23.1118
   -7.5000  -30.0000  -22.500011980.1445   23.0511
    0.0000  -30.0000  -22.500012469.6182   23.0550
    7.5000  -30.0000  -22.500011777.0010   23.0855
   -7.5000  -22.5000  -22.500012710.6289   23.0646
    0.0000  -22.5000  -22.500013225.6416   23.0773
    7.5000  -22.5000  -22.500012473.3662   23.1071
   -7.5000  -15.0000  -22.500013279.4121   23.0996
    0.0000  -15.0000  -22.500013786.7656   23.1213
    7.5000  -15.0000  -22.500013001.4756   23.1496
   -7.5000   -7.5000  -22.500013813.1172   23.1231
    0.0000   -7.5000  -22.500014315.3516   23.1443
    7.5000   -7.5000  -22.500013506.0029   23.1726
   -7.5000    0.0000  -22.500014336.2305   23.1139
    0.0000    0.0000  -22.500014863.2920   23.1272
    7.5000    0.0000  -22.500014050.2734   23.1563
   -7.5000    7.5000  -22.500013434.9521   23.0769
    0.0000    7.5000  -22.500013972.5605   23.0820
    7.5000    7.5000  -22.500013219.4453   23.1118
   -7.5000   15.0000  -22.500012260.1885   23.0511
    0.0000   15.0000  -22.500012761.6455   23.0550
    7.5000   15.0000  -22.500012089.3750   23.0855
   -7.5000   22.5000  -22.500011137.1221   23.0575
    0.0000   22.5000  -22.500011588.4072   23.0702
    7.5000   22.5000  -22.500011005.4990   23.0999
   -7.5000   30.0000  -22.500010015.8887   22.7975
    0.0000   30.0000  -22.500010413.8623   22.8189
    7.5000   30.0000  -22.5000 9893.9023   22.8468
   -7.5000   37.5000  -22.5000 9265.5801   22.8207
    0.0000   37.5000  -22.5000 9646.4863   22.8415
    7.5000   37.5000  -22.5000 9139.5166   22.8695
   -7.5000   45.0000  -22.5000 8174.6006   22.2599
    0.0000   45.0000  -22.5000 8488.1270   22.2728
    7.5000   45.0000  -22.5000 8051.8696   22.3008
   -7.5000  -45.0000  -15.000011609.2178   23.6805
    0.0000  -45.0000  -15.000012078.5107   23.6949
    7.5000  -45.0000  -15.000011459.2129   23.7278
   -7.5000  -37.5000  -15.000012028.8320   23.6440
    0.0000  -37.5000  -15.000012523.4717   23.6526
    7.5000  -37.5000  -15.000011877.4043   23.6876
   -7.5000  -30.0000  -15.000012843.4248   23.6224
    0.0000  -30.0000  -15.000013365.5527   23.6336
    7.5000  -30.0000  -15.000012619.2227   23.6664
   -7.5000  -22.5000  -15.000013592.9580   23.6387
    0.0000  -22.5000  -15.000014158.7588   23.6602
    7.5000  -22.5000  -15.000013309.9268   23.6885
   -7.5000  -15.0000  -15.000014179.5215   23.6718
    0.0000  -15.0000  -15.000014724.1895   23.6998
    7.5000  -15.0000  -15.000013858.2773   23.7257
   -7.5000   -7.5000  -15.000014745.4941   23.6920
    0.0000   -7.5000  -15.000015294.0352   23.7155
    7.5000   -7.5000  -15.000014402.2490   23.7439
   -7.5000    0.0000  -15.000015296.1543   23.6805
    0.0000    0.0000  -15.000015880.5889   23.6949
    7.5000    0.0000  -15.000014962.9590   23.7278
   -7.5000    7.5000  -15.000014300.9277   23.6440
    0.0000    7.5000  -15.000014871.9189   23.6526
    7.5000    7.5000  -15.000014052.5664   23.6876
   -7.5000   15.0000  -15.000013053.6133   23.6224
    0.0000   15.0000  -15.000013587.5967   23.6336
    7.5000   15.0000  -15.000012868.8701   23.6664
   -7.5000   22.5000  -15.000011857.5195   23.6303
    0.0000   22.5000  -15.000012336.7568   23.6518
    7.5000   22.5000  -15.000011698.3887   23.6801
   -7.5000   30.0000  -15.000010608.4795   23.3655
    0.0000   30.0000  -15.000011037.5791   23.3930
    7.5000   30.0000  -15.000010474.0303   23.4187
   -7.5000   37.5000  -15.0000 9798.5332   23.3853
    0.0000   37.5000  -15.000010202.3711   23.4086
    7.5000   37.5000  -15.0000 9648.2471   23.4366
   -7.5000   45.0000  -15.0000 8651.9111   22.8194
    0.0000   45.0000  -15.0000 8975.3721   22.8332
    7.5000   45.0000  -15.0000 8509.8447   22.8649
   -7.5000  -45.0000   -7.500012427.5400   23.9721
    0.0000  -45.0000   -7.500012941.4043   23.9893
    7.5000  -45.0000   -7.500012242.1562   24.0160
   -7.5000  -37.5000   -7.500012916.1279   23.9445
    0.0000  -37.5000   -7.500013451.2803   23.9570
    7.5000  -37.5000   -7.500012744.1182   23.9870
   -7.5000  -30.0000   -7.500013768.1787   23.9271
    0.0000  -30.0000   -7.500014342.3398   23.9455
    7.5000  -30.0000   -7.500013534.6826   23.9710
   -7.5000  -22.5000   -7.500014495.9111   23.9377
    0.0000  -22.5000   -7.500015125.3838   23.9687
    7.5000  -22.5000   -7.500014193.6230   23.9868
   -7.5000  -15.0000   -7.500015105.0986   23.9609
    0.0000  -15.0000   -7.500015720.9990   23.9982
    7.5000  -15.0000   -7.500014769.0127   24.0137
   -7.5000   -7.5000   -7.500015735.3008   23.9780
    0.0000   -7.5000   -7.500016379.8408   24.0072
    7.5000   -7.5000   -7.500015395.7207   24.0267
   -7.5000    0.0000   -7.500016308.2979   23.9721
    0.0000    0.0000   -7.500016948.6465   23.9893
    7.5000    0.0000   -7.500015952.6318   24.0160
   -7.5000    7.5000   -7.500015241.7549   23.9445
    0.0000    7.5000   -7.500015841.0762   23.9570
    7.5000    7.5000   -7.500014941.5342   23.9870
   -7.5000   15.0000   -7.500013963.0596   23.9271
    0.0000   15.0000   -7.500014531.1514   23.9455
    7.5000   15.0000   -7.500013711.0000   23.9710
   -7.5000   22.5000   -7.500012658.2168   23.9266
    0.0000   22.5000   -7.500013182.8594   23.9577
    7.5000   22.5000   -7.500012429.8467   23.9757
   -7.5000   30.0000   -7.500011309.4951   23.6502
    0.0000   30.0000   -7.500011779.5781   23.6870
    7.5000   30.0000   -7.500011126.6494   23.7023
   -7.5000   37.5000   -7.500010386.6494   23.6670
    0.0000   37.5000   -7.500010826.1504   23.6959
    7.5000   37.5000   -7.500010210.1133   23.7151
   -7.5000   45.0000   -7.5000 9153.1289   23.1047
    0.0000   45.0000   -7.5000 9520.1807   23.1213
    7.5000   45.0000   -7.5000 8993.8770   23.1470
   -7.5000  -45.0000    0.000013132.2695   24.0188
    0.0000  -45.0000    0.000013655.0068   24.0377
    7.5000  -45.0000    0.000012909.2402   24.0548
   -7.5000  -37.5000    0.000013699.9268   24.0003
    0.0000  -37.5000    0.000014241.4531   24.0140
    7.5000  -37.5000    0.000013462.6641   24.0336
   -7.5000  -30.0000    0.000014687.9824   23.9835
    0.0000  -30.0000    0.000015308.5352   24.0031
    7.5000  -30.0000    0.000014343.6982   24.0186
   -7.5000  -22.5000    0.000015433.1582   23.9852
    0.0000  -22.5000    0.000016099.6357   24.0181
    7.5000  -22.5000    0.000015049.0986   24.0272
   -7.5000  -15.0000    0.000016050.0703   24.0001
    0.0000  -15.0000    0.000016701.2500   24.0405
    7.5000  -15.0000    0.000015678.1982   24.0479
   -7.5000   -7.5000    0.000016718.4863   24.0170
    0.0000   -7.5000    0.000017333.4316   24.0492
    7.5000   -7.5000    0.000016308.5811   24.0603
   -7.5000    0.0000    0.000017299.6191   24.0188
    0.0000    0.0000    0.000017928.6055   24.0377
    7.5000    0.0000    0.000016838.0957   24.0548
   -7.5000    7.5000    0.000016167.6006   24.0003
    0.0000    7.5000    0.000016754.3477   24.0140
    7.5000    7.5000    0.000015719.5889   24.0336
   -7.5000   15.0000    0.000014822.7773   23.9835
    0.0000   15.0000    0.000015376.5957   24.0031
    7.5000   15.0000    0.000014402.1064   24.0186
   -7.5000   22.5000    0.000013461.4590   23.9742
    0.0000   22.5000    0.000013984.2695   24.0071
    7.5000   22.5000    0.000013131.2031   24.0161
   -7.5000   30.0000    0.000012008.1729   23.6895
    0.0000   30.0000    0.000012477.6377   23.7294
    7.5000   30.0000    0.000011739.1660   23.7366
   -7.5000   37.5000    0.000010984.8613   23.7061
    0.0000   37.5000    0.000011433.6143   23.7379
    7.5000   37.5000    0.000010769.7734   23.7489
   -7.5000   45.0000    0.0000 9626.9629   23.1515
    0.0000   45.0000    0.000010017.6406   23.1697
    7.5000   45.0000    0.0000 9426.2217   23.1861
   -7.5000  -45.0000    7.500012764.8096   24.0027
    0.0000  -45.0000    7.500013276.7227   24.0210
    7.5000  -45.0000    7.500012558.3350   24.0361
   -7.5000  -37.5000    7.500013348.5850   23.9821
    0.0000  -37.5000    7.500013843.1084   23.9929
    7.5000  -37.5000    7.500013038.4531   24.0087
   -7.5000  -30.0000    7.500014526.2773   23.9603
    0.0000  -30.0000    7.500015176.8652   23.9729
    7.5000  -30.0000    7.500014027.9736   23.9876
   -7.5000  -22.5000    7.500015451.4072   23.9600
    0.0000  -22.5000    7.500016120.2119   23.9838
    7.5000  -22.5000    7.500014878.9971   23.9962
   -7.5000  -15.0000    7.500016030.7578   23.9785
    0.0000  -15.0000    7.500016588.7969   24.0121
    7.5000  -15.0000    7.500015473.4951   24.0239
   -7.5000   -7.5000    7.500016584.8535   23.9995
    0.0000   -7.5000    7.500017082.0547   24.0292
    7.5000   -7.5000    7.500016023.6006   24.0425
   -7.5000    0.0000    7.500017001.9648   24.0027
    0.0000    0.0000    7.500017526.3105   24.0210
    7.5000    0.0000    7.500016438.8184   24.0361
   -7.5000    7.5000    7.500015791.7256   23.9821
    0.0000    7.5000    7.500016314.3672   23.9929
    7.5000    7.5000    7.500015305.1748   24.0087
   -7.5000   15.0000    7.500014445.8369   23.9603
    0.0000   15.0000    7.500014916.7109   23.9729
    7.5000   15.0000    7.500014020.6328   23.9876
   -7.5000   22.5000    7.500013113.2324   23.9489
    0.0000   22.5000    7.500013574.0049   23.9727
    7.5000   22.5000    7.500012769.9873   23.9851
   -7.5000   30.0000    7.500011672.0127   23.6681
    0.0000   30.0000    7.500012112.7344   23.7013
    7.5000   30.0000    7.500011397.8945   23.7129
   -7.5000   37.5000    7.500010673.5234   23.6889
    0.0000   37.5000    7.500011088.7285   23.7182
    7.5000   37.5000    7.500010441.2725   23.7314
   -7.5000   45.0000    7.5000 9311.0947   23.1360
    0.0000   45.0000    7.5000 9677.8301   23.1536
    7.5000   45.0000    7.5000 9097.5410   23.1681
   -7.5000  -45.0000   15.000012397.6963   23.9930
    0.0000  -45.0000   15.000012857.1572   24.0090
    7.5000  -45.0000   15.000012132.2812   24.0304
   -7.5000  -37.5000   15.000012897.5479   23.9619
    0.0000  -37.5000   15.000013397.2207   23.9681
    7.5000  -37.5000   15.000012589.5137   23.9897
   -7.5000  -30.0000   15.000014015.2705   23.9347
    0.0000  -30.0000   15.000014660.8955   23.9387
    7.5000  -30.0000   15.000013573.5088   23.9619
   -7.5000  -22.5000   15.000015043.0293   23.9406
    0.0000  -22.5000   15.000015688.1025   23.9541
    7.5000  -22.5000   15.000014460.0723   23.9777
   -7.5000  -15.0000   15.000015707.0898   23.9703
    0.0000  -15.0000   15.000016275.5928   23.9950
    7.5000  -15.0000   15.000015072.4033   24.0181
   -7.5000   -7.5000   15.000016100.8467   23.9954
    0.0000   -7.5000   15.000016634.0449   24.0205
    7.5000   -7.5000   15.000015542.9512   24.0429
   -7.5000    0.0000   15.000016358.5801   23.9930
    0.0000    0.0000   15.000016911.8477   24.0090
    7.5000    0.0000   15.000015848.1572   24.0304
   -7.5000    7.5000   15.000015139.9502   23.9619
    0.0000    7.5000   15.000015644.9033   23.9681
    7.5000    7.5000   15.000014701.4229   23.9897
   -7.5000   15.0000   15.000013854.3506   23.9347
    0.0000   15.0000   15.000014324.0029   23.9387
    7.5000   15.0000   15.000013521.6016   23.9619
   -7.5000   22.5000   15.000012581.4756   23.9296
    0.0000   22.5000   15.000013053.7217   23.9431
    7.5000   22.5000   15.000012342.6104   23.9667
   -7.5000   30.0000   15.000011215.2656   23.6601
    0.0000   30.0000   15.000011643.9424   23.6845
    7.5000   30.0000   15.000011019.0225   23.7072
   -7.5000   37.5000   15.000010262.9316   23.6848
    0.0000   37.5000   15.000010651.9053   23.7097
    7.5000   37.5000   15.000010077.4609   23.7317
   -7.5000   45.0000   15.0000 8937.0059   23.1266
    0.0000   45.0000   15.0000 9249.1162   23.1420
    7.5000   45.0000   15.0000 8745.8633   23.1626
   -7.5000  -45.0000   22.500011803.6113   23.9941
    0.0000  -45.0000   22.500012295.6719   24.0079
    7.5000  -45.0000   22.500011597.0840   24.0381
   -7.5000  -37.5000   22.500012274.1172   23.9557
    0.0000  -37.5000   22.500012799.9541   23.9610
    7.5000  -37.5000   22.500012094.5000   23.9919
   -7.5000  -30.0000   22.500013114.0596   23.9289
    0.0000  -30.0000   22.500013670.3330   23.9330
    7.5000  -30.0000   22.500012925.5859   23.9646
   -7.5000  -22.5000   22.500013869.3721   23.9429
    0.0000  -22.5000   22.500014410.8125   23.9561
    7.5000  -22.5000   22.500013633.4033   23.9870
   -7.5000  -15.0000   22.500014534.7129   23.9793
    0.0000  -15.0000   22.500015100.0986   24.0018
    7.5000  -15.0000   22.500014256.5732   24.0312
   -7.5000   -7.5000   22.500015100.7949   24.0037
    0.0000   -7.5000   22.500015655.6924   24.0256
    7.5000   -7.5000   22.500014799.6807   24.0551
   -7.5000    0.0000   22.500015442.0430   23.9941
    0.0000    0.0000   22.500016004.3047   24.0079
    7.5000    0.0000   22.500015124.2158   24.0381
   -7.5000    7.5000   22.500014318.7842   23.9557
    0.0000    7.5000   22.500014811.7256   23.9610
    7.5000    7.5000   22.500014026.9180   23.9919
   -7.5000   15.0000   22.500013179.5889   23.9289
    0.0000   15.0000   22.500013636.7822   23.9330
    7.5000   15.0000   22.500012920.9863   23.9646
   -7.5000   22.5000   22.500011983.8281   23.9319
    0.0000   22.5000   22.500012452.2510   23.9451
    7.5000   22.5000   22.500011779.0586   23.9759
   -7.5000   30.0000   22.500010650.1045   23.6689
    0.0000   30.0000   22.500011054.4814   23.6912
    7.5000   30.0000   22.500010472.9688   23.7202
   -7.5000   37.5000   22.5000 9713.1680   23.6930
    0.0000   37.5000   22.500010065.5029   23.7147
    7.5000   37.5000   22.5000 9541.0264   23.7438
   -7.5000   45.0000   22.5000 8463.8477   23.1276
    0.0000   45.0000   22.5000 8740.6973   23.1410
    7.5000   45.0000   22.5000 8291.5283   23.1701
   -7.5000  -45.0000   30.000011063.2939   24.0117
    0.0000  -45.0000   30.000011520.1787   24.0264
    7.5000  -45.0000   30.000010951.8457   24.0597
   -7.5000  -37.5000   30.000011458.3564   23.9746
    0.0000  -37.5000   30.000011934.5371   23.9833
    7.5000  -37.5000   30.000011359.1895   24.0189
   -7.5000  -30.0000   30.000012183.7354   23.9526
    0.0000  -30.0000   30.000012657.6436   23.9640
    7.5000  -30.0000   30.000012081.1533   23.9974
   -7.5000  -22.5000   30.000012825.7012   23.9693
    0.0000  -22.5000   30.000013321.6885   23.9911
    7.5000  -22.5000   30.000012711.2549   24.0198
   -7.5000  -15.0000   30.000013443.7334   24.0030
    0.0000  -15.0000   30.000013966.7021   24.0313
    7.5000  -15.0000   30.000013305.2822   24.0577
   -7.5000   -7.5000   30.000014062.2207   24.0235
    0.0000   -7.5000   30.000014576.6123   24.0473
    7.5000   -7.5000   30.000013876.9766   24.0761
   -7.5000    0.0000   30.000014457.9336   24.0117
    0.0000    0.0000   30.000014951.3096   24.0264
    7.5000    0.0000   30.000014218.1445   24.0597
   -7.5000    7.5000   30.000013444.3252   23.9746
    0.0000    7.5000   30.000013887.1113   23.9833
    7.5000    7.5000   30.000013217.2246   24.0189
   -7.5000   15.0000   30.000012380.0107   23.9526
    0.0000   15.0000   30.000012808.4727   23.9640
    7.5000   15.0000   30.000012170.0518   23.9974
   -7.5000   22.5000   30.000011256.9766   23.9582
    0.0000   22.5000   30.000011690.7646   23.9800
    7.5000   22.5000   30.000011095.0078   24.0087
   -7.5000   30.0000   30.0000 9993.2031   23.6923
    0.0000   30.0000   30.000010367.6445   23.7203
    7.5000   30.0000   30.0000 9848.5635   23.7464
   -7.5000   37.5000   30.0000 9116.1045   23.7125
    0.0000   37.5000   30.0000 9442.8018   23.7361
    7.5000   37.5000   30.0000 8939.4131   23.7645
   -7.5000   45.0000   30.0000 7940.2300   23.1447
    0.0000   45.0000   30.0000 8206.5029   23.1588
    7.5000   45.0000   30.0000 7800.3579   23.1909
   -7.5000  -45.0000   37.500010766.1133   24.3805
    0.0000  -45.0000   37.500011218.3164   24.3989
    7.5000  -45.0000   37.500010661.4365   24.4265
   -7.5000  -37.5000   37.500011139.2441   24.3505
    0.0000  -37.5000   37.500011600.9404   24.3642
    7.5000  -37.5000   37.500011033.9434   24.3955
   -7.5000  -30.0000   37.500011831.6279   24.3308
    0.0000  -30.0000   37.500012311.4941   24.3506
    7.5000  -30.0000   37.500011734.8711   24.3773
   -7.5000  -22.5000   37.500012467.2334   24.3418
    0.0000  -22.5000   37.500012974.8936   24.3743
    7.5000  -22.5000   37.500012375.1924   24.3933
   -7.5000  -15.0000   37.500013082.9678   24.3674
    0.0000  -15.0000   37.500013600.2656   24.4062
    7.5000  -15.0000   37.500012963.0371   24.4222
   -7.5000   -7.5000   37.500013687.4766   24.3864
    0.0000   -7.5000   37.500014201.3691   24.4169
    7.5000   -7.5000   37.500013545.2646   24.4370
   -7.5000    0.0000   37.500014050.6738   24.3805
    0.0000    0.0000   37.500014535.8398   24.3989
    7.5000    0.0000   37.500013859.2090   24.4265
   -7.5000    7.5000   37.500013091.3848   24.3505
    0.0000    7.5000   37.500013547.4219   24.3642
    7.5000    7.5000   37.500012900.4043   24.3955
   -7.5000   15.0000   37.500012050.3496   24.3308
    0.0000   15.0000   37.500012473.1143   24.3506
    7.5000   15.0000   37.500011850.7705   24.3773
   -7.5000   22.5000   37.500010946.4443   24.3306
    0.0000   22.5000   37.500011345.9785   24.3631
    7.5000   22.5000   37.500010793.0723   24.3821
   -7.5000   30.0000   37.5000 9727.1074   24.0520
    0.0000   30.0000   37.500010091.5391   24.0903
    7.5000   30.0000   37.5000 9605.6719   24.1062
   -7.5000   37.5000   37.5000 8880.4375   24.0708
    0.0000   37.5000   37.5000 9183.9131   24.1009
    7.5000   37.5000   37.5000 8722.1582   24.1208
   -7.5000   45.0000   37.5000 7753.6782   23.5001
    0.0000   45.0000   37.5000 7994.2998   23.5179
    7.5000   45.0000   37.5000 7607.4409   23.5444
   -7.5000  -45.0000   45.0000 9954.0664   24.5997
    0.0000  -45.0000   45.000010371.2109   24.6193
    7.5000  -45.0000   45.0000 9869.9199   24.6374
   -7.5000  -37.5000   45.000010290.6670   24.5792
    0.0000  -37.5000   45.000010706.5039   24.5941
    7.5000  -37.5000   45.000010169.9102   24.6158
   -7.5000  -30.0000   45.000010939.5938   24.5593
    0.0000  -30.0000   45.000011386.2725   24.5803
    7.5000  -30.0000   45.000010825.3047   24.5982
   -7.5000  -22.5000   45.000011549.9697   24.5602
    0.0000  -22.5000   45.000012030.3330   24.5945
    7.5000  -22.5000   45.000011445.3125   24.6050
   -7.5000  -15.0000   45.000012122.4834   24.5771
    0.0000  -15.0000   45.000012613.3809   24.6186
    7.5000  -15.0000   45.000012013.2344   24.6263
   -7.5000   -7.5000   45.000012680.2461   24.5967
    0.0000   -7.5000   45.000013167.4033   24.6297
    7.5000   -7.5000   45.000012560.6943   24.6410
   -7.5000    0.0000   45.000012956.5664   24.5997
    0.0000    0.0000   45.000013425.1084   24.6193
    7.5000    0.0000   45.000012793.7246   24.6374
   -7.5000    7.5000   45.000012073.3809   24.5792
    0.0000    7.5000   45.000012525.9219   24.5941
    7.5000    7.5000   45.000011910.3945   24.6158
   -7.5000   15.0000   45.000011124.2148   24.5593
    0.0000   15.0000   45.000011530.6416   24.5803
    7.5000   15.0000   45.000010961.1504   24.5982
   -7.5000   22.5000   45.000010107.0205   24.5488
    0.0000   22.5000   45.000010475.8369   24.5831
    7.5000   22.5000   45.0000 9950.5557   24.5936
   -7.5000   30.0000   45.0000 8993.3604   24.2569
    0.0000   30.0000   45.0000 9329.8408   24.2979
    7.5000   30.0000   45.0000 8858.1377   24.3055
   -7.5000   37.5000   45.0000 8205.5400   24.2763
    0.0000   37.5000   45.0000 8501.6855   24.3088
    7.5000   37.5000   45.0000 8081.5132   24.3200
   -7.5000   45.0000   45.0000 7139.7769   23.7222
    0.0000   45.0000   45.0000 7395.5737   23.7410
    7.5000   45.0000   45.0000 7029.7271   23.7585

---------------------------------------------------------------------
imgreg_4dfp /opt/freesurfer/average/711-2C_as_mni_average_305 /opt/freesurfer/average/711-2B_as_mni_average_305_mask talsrcimg_g11 none talsrcimg_to_711-2C_as_mni_average_305_t4 4355
---------------------------------------------------------------------

freesurfer imgreg_4dfp.c
/opt/freesurfer/average/711-2C_as_mni_average_305.4dfp.img
       256       256       256         1
  1.000000  1.000000  1.000000
orientation T byte_order littleendian
Reading image: /opt/freesurfer/average/711-2C_as_mni_average_305.4dfp.img
dimensions:      256       256       256
mmppix:       1.0000   -1.0000   -1.0000
center:     128.0000 -129.0000 -129.0000
/opt/freesurfer/average/711-2B_as_mni_average_305_mask.4dfp.img
       256       256       256         1
  1.000000  1.000000  1.000000
orientation T byte_order littleendian
Reading mask: /opt/freesurfer/average/711-2B_as_mni_average_305_mask.4dfp.img (2306576 pixels)
talsrcimg_g11.4dfp.img
       256       256       256         1
  1.000000  1.000000  1.000000
orientation T byte_order littleendian
Reading image: talsrcimg_g11.4dfp.img
dimensions:      256       256       256
mmppix:       1.0000   -1.0000   -1.0000
center:     128.0000 -129.0000 -129.0000
rotation matrix determinant  1.000000
image alignment mode   4355 decimal     1103 hex
   -7.5000  -45.0000  -45.0000 2185.2080   22.5312
    0.0000  -45.0000  -45.0000 2185.6226   22.5434
    7.5000  -45.0000  -45.0000 2158.1663   22.8131
   -7.5000  -37.5000  -45.0000 2242.6733   21.3639
    0.0000  -37.5000  -45.0000 2241.0742   21.3706
    7.5000  -37.5000  -45.0000 2207.0466   21.6843
   -7.5000  -30.0000  -45.0000 2259.7988   20.6512
    0.0000  -30.0000  -45.0000 2262.5776   20.6681
    7.5000  -30.0000  -45.0000 2237.6006   20.9274
   -7.5000  -22.5000  -45.0000 2260.0835   20.3098
    0.0000  -22.5000  -45.0000 2267.9011   20.3030
    7.5000  -22.5000  -45.0000 2250.9922   20.6227
   -7.5000  -15.0000  -45.0000 2252.6694   20.4396
    0.0000  -15.0000  -45.0000 2255.1780   20.4696
    7.5000  -15.0000  -45.0000 2233.3918   20.8053
   -7.5000   -7.5000  -45.0000 2229.9292   20.9320
    0.0000   -7.5000  -45.0000 2239.6565   20.9698
    7.5000   -7.5000  -45.0000 2211.4990   21.3693
   -7.5000    0.0000  -45.0000 2189.8628   21.9864
    0.0000    0.0000  -45.0000 2200.5813   21.9565
    7.5000    0.0000  -45.0000 2175.1277   22.3996
   -7.5000    7.5000  -45.0000 2140.4216   23.4790
    0.0000    7.5000  -45.0000 2146.7458   23.4626
    7.5000    7.5000  -45.0000 2119.4231   23.9115
   -7.5000   15.0000  -45.0000 2063.7632   25.5162
    0.0000   15.0000  -45.0000 2073.5356   25.5100
    7.5000   15.0000  -45.0000 2044.2565   25.9840
   -7.5000   22.5000  -45.0000 1965.4175   28.1392
    0.0000   22.5000  -45.0000 1971.4363   28.1933
    7.5000   22.5000  -45.0000 1942.5988   28.7222
   -7.5000   30.0000  -45.0000 1843.2803   31.7229
    0.0000   30.0000  -45.0000 1848.5723   31.7178
    7.5000   30.0000  -45.0000 1818.8484   32.3192
   -7.5000   37.5000  -45.0000 1724.8120   36.4255
    0.0000   37.5000  -45.0000 1724.0997   36.3813
    7.5000   37.5000  -45.0000 1705.2100   37.0685
   -7.5000   45.0000  -45.0000 1592.0171   42.8306
    0.0000   45.0000  -45.0000 1593.2076   42.8325
    7.5000   45.0000  -45.0000 1564.8105   43.6684
   -7.5000  -45.0000  -37.5000 2286.5312   20.6852
    0.0000  -45.0000  -37.5000 2286.5242   20.6753
    7.5000  -45.0000  -37.5000 2254.3706   20.9436
   -7.5000  -37.5000  -37.5000 2343.5764   19.6121
    0.0000  -37.5000  -37.5000 2346.5137   19.6066
    7.5000  -37.5000  -37.5000 2309.0142   19.8765
   -7.5000  -30.0000  -37.5000 2370.8777   18.9529
    0.0000  -30.0000  -37.5000 2376.5298   18.9369
    7.5000  -30.0000  -37.5000 2343.7502   19.1728
   -7.5000  -22.5000  -37.5000 2377.0986   18.6387
    0.0000  -22.5000  -37.5000 2382.5554   18.6437
    7.5000  -22.5000  -37.5000 2354.1355   18.9198
   -7.5000  -15.0000  -37.5000 2362.6094   18.8303
    0.0000  -15.0000  -37.5000 2367.4534   18.8355
    7.5000  -15.0000  -37.5000 2343.7700   19.1214
   -7.5000   -7.5000  -37.5000 2339.1611   19.2680
    0.0000   -7.5000  -37.5000 2350.6357   19.2717
    7.5000   -7.5000  -37.5000 2319.1409   19.6071
   -7.5000    0.0000  -37.5000 2296.6677   20.1705
    0.0000    0.0000  -37.5000 2307.0330   20.1959
    7.5000    0.0000  -37.5000 2273.7747   20.5787
   -7.5000    7.5000  -37.5000 2238.8030   21.5368
    0.0000    7.5000  -37.5000 2247.5620   21.5571
    7.5000    7.5000  -37.5000 2215.7915   21.9399
   -7.5000   15.0000  -37.5000 2157.1606   23.3899
    0.0000   15.0000  -37.5000 2165.2390   23.4060
    7.5000   15.0000  -37.5000 2131.1829   23.8514
   -7.5000   22.5000  -37.5000 2053.1421   25.8580
    0.0000   22.5000  -37.5000 2055.7632   25.9322
    7.5000   22.5000  -37.5000 2026.3506   26.3583
   -7.5000   30.0000  -37.5000 1927.4922   29.1073
    0.0000   30.0000  -37.5000 1934.5831   29.2119
    7.5000   30.0000  -37.5000 1898.8698   29.7040
   -7.5000   37.5000  -37.5000 1802.6244   33.3670
    0.0000   37.5000  -37.5000 1802.9910   33.4547
    7.5000   37.5000  -37.5000 1777.4996   34.0223
   -7.5000   45.0000  -37.5000 1656.3818   39.0996
    0.0000   45.0000  -37.5000 1658.0447   39.1080
    7.5000   45.0000  -37.5000 1634.1228   39.8009
   -7.5000  -45.0000  -30.0000 2414.4971   19.6670
    0.0000  -45.0000  -30.0000 2418.2302   19.6616
    7.5000  -45.0000  -30.0000 2388.8977   19.9348
   -7.5000  -37.5000  -30.0000 2473.1135   18.6039
    0.0000  -37.5000  -30.0000 2474.3755   18.6045
    7.5000  -37.5000  -30.0000 2448.5312   18.8736
   -7.5000  -30.0000  -30.0000 2513.9014   17.9473
    0.0000  -30.0000  -30.0000 2522.1790   17.9251
    7.5000  -30.0000  -30.0000 2489.1252   18.2075
   -7.5000  -22.5000  -30.0000 2533.7307   17.6564
    0.0000  -22.5000  -30.0000 2543.8809   17.6805
    7.5000  -22.5000  -30.0000 2510.0605   17.9383
   -7.5000  -15.0000  -30.0000 2525.3130   17.8644
    0.0000  -15.0000  -30.0000 2530.0054   17.8462
    7.5000  -15.0000  -30.0000 2501.9690   18.1101
   -7.5000   -7.5000  -30.0000 2498.0847   18.3254
    0.0000   -7.5000  -30.0000 2507.4624   18.3337
    7.5000   -7.5000  -30.0000 2470.1091   18.6219
   -7.5000    0.0000  -30.0000 2448.1257   19.2175
    0.0000    0.0000  -30.0000 2456.4038   19.1978
    7.5000    0.0000  -30.0000 2416.5706   19.5565
   -7.5000    7.5000  -30.0000 2379.0759   20.5139
    0.0000    7.5000  -30.0000 2388.5833   20.4824
    7.5000    7.5000  -30.0000 2350.2249   20.8796
   -7.5000   15.0000  -30.0000 2288.0742   22.2757
    0.0000   15.0000  -30.0000 2298.4429   22.2891
    7.5000   15.0000  -30.0000 2260.9771   22.7332
   -7.5000   22.5000  -30.0000 2172.6890   24.6666
    0.0000   22.5000  -30.0000 2182.1777   24.6996
    7.5000   22.5000  -30.0000 2148.7622   25.0976
   -7.5000   30.0000  -30.0000 2039.2529   27.7492
    0.0000   30.0000  -30.0000 2049.3801   27.8087
    7.5000   30.0000  -30.0000 2013.1373   28.2500
   -7.5000   37.5000  -30.0000 1908.9059   31.7502
    0.0000   37.5000  -30.0000 1915.5978   31.8794
    7.5000   37.5000  -30.0000 1879.6459   32.3490
   -7.5000   45.0000  -30.0000 1750.5621   36.9778
    0.0000   45.0000  -30.0000 1751.6956   37.0190
    7.5000   45.0000  -30.0000 1726.7764   37.6637
   -7.5000  -45.0000  -22.5000 2510.4543   18.6142
    0.0000  -45.0000  -22.5000 2514.5874   18.5973
    7.5000  -45.0000  -22.5000 2491.2634   18.8798
   -7.5000  -37.5000  -22.5000 2572.2944   17.5749
    0.0000  -37.5000  -22.5000 2580.7278   17.5634
    7.5000  -37.5000  -22.5000 2558.6255   17.8343
   -7.5000  -30.0000  -22.5000 2628.8557   16.8988
    0.0000  -30.0000  -22.5000 2641.1169   16.8917
    7.5000  -30.0000  -22.5000 2603.8252   17.1699
   -7.5000  -22.5000  -22.5000 2659.3728   16.6240
    0.0000  -22.5000  -22.5000 2673.0586   16.6241
    7.5000  -22.5000  -22.5000 2636.4910   16.8817
   -7.5000  -15.0000  -22.5000 2656.8184   16.7688
    0.0000  -15.0000  -22.5000 2666.3765   16.7740
    7.5000  -15.0000  -22.5000 2630.9956   17.0176
   -7.5000   -7.5000  -22.5000 2632.7708   17.2680
    0.0000   -7.5000  -22.5000 2640.4863   17.2627
    7.5000   -7.5000  -22.5000 2599.0261   17.5411
   -7.5000    0.0000  -22.5000 2577.1536   18.1754
    0.0000    0.0000  -22.5000 2587.2891   18.1296
    7.5000    0.0000  -22.5000 2544.1235   18.4732
   -7.5000    7.5000  -22.5000 2497.5479   19.4377
    0.0000    7.5000  -22.5000 2510.0771   19.3623
    7.5000    7.5000  -22.5000 2468.2622   19.7395
   -7.5000   15.0000  -22.5000 2390.5669   21.1173
    0.0000   15.0000  -22.5000 2401.8528   21.0781
    7.5000   15.0000  -22.5000 2366.5173   21.4882
   -7.5000   22.5000  -22.5000 2270.5020   23.4089
    0.0000   22.5000  -22.5000 2281.3484   23.3591
    7.5000   22.5000  -22.5000 2246.0330   23.7785
   -7.5000   30.0000  -22.5000 2131.5708   26.3416
    0.0000   30.0000  -22.5000 2140.5535   26.3164
    7.5000   30.0000  -22.5000 2104.6870   26.7669
   -7.5000   37.5000  -22.5000 1982.4655   30.0908
    0.0000   37.5000  -22.5000 1993.5348   30.1160
    7.5000   37.5000  -22.5000 1955.4705   30.5503
   -7.5000   45.0000  -22.5000 1814.2675   34.7908
    0.0000   45.0000  -22.5000 1817.2439   34.8795
    7.5000   45.0000  -22.5000 1799.8438   35.3434
   -7.5000  -45.0000  -15.0000 2582.6326   17.6142
    0.0000  -45.0000  -15.0000 2588.2195   17.6040
    7.5000  -45.0000  -15.0000 2560.7698   17.9120
   -7.5000  -37.5000  -15.0000 2651.4204   16.6243
    0.0000  -37.5000  -15.0000 2662.4355   16.6153
    7.5000  -37.5000  -15.0000 2634.7422   16.8866
   -7.5000  -30.0000  -15.0000 2718.7532   15.9726
    0.0000  -30.0000  -15.0000 2733.5540   15.9513
    7.5000  -30.0000  -15.0000 2690.0764   16.2413
   -7.5000  -22.5000  -15.0000 2758.0020   15.6683
    0.0000  -22.5000  -15.0000 2776.4097   15.6649
    7.5000  -22.5000  -15.0000 2725.6482   15.9254
   -7.5000  -15.0000  -15.0000 2760.9858   15.7682
    0.0000  -15.0000  -15.0000 2766.8013   15.7842
    7.5000  -15.0000  -15.0000 2726.6594   16.0150
   -7.5000   -7.5000  -15.0000 2737.9482   16.2816
    0.0000   -7.5000  -15.0000 2745.9941   16.2729
    7.5000   -7.5000  -15.0000 2698.6934   16.5505
   -7.5000    0.0000  -15.0000 2675.5625   17.1845
    0.0000    0.0000  -15.0000 2687.3962   17.1609
    7.5000    0.0000  -15.0000 2640.4395   17.4713
   -7.5000    7.5000  -15.0000 2582.4937   18.4305
    0.0000    7.5000  -15.0000 2593.0366   18.3916
    7.5000    7.5000  -15.0000 2553.2292   18.7054
   -7.5000   15.0000  -15.0000 2465.8184   20.0408
    0.0000   15.0000  -15.0000 2473.6375   20.0389
    7.5000   15.0000  -15.0000 2439.9224   20.3995
   -7.5000   22.5000  -15.0000 2339.9817   22.2772
    0.0000   22.5000  -15.0000 2348.2769   22.2279
    7.5000   22.5000  -15.0000 2314.5432   22.6118
   -7.5000   30.0000  -15.0000 2190.3867   25.0851
    0.0000   30.0000  -15.0000 2196.5330   25.0467
    7.5000   30.0000  -15.0000 2166.7407   25.4967
   -7.5000   37.5000  -15.0000 2030.9396   28.5615
    0.0000   37.5000  -15.0000 2035.9581   28.5819
    7.5000   37.5000  -15.0000 2006.0494   29.0453
   -7.5000   45.0000  -15.0000 1863.2395   32.9444
    0.0000   45.0000  -15.0000 1864.8405   33.0621
    7.5000   45.0000  -15.0000 1847.1510   33.6512
   -7.5000  -45.0000   -7.5000 2635.5271   16.7686
    0.0000  -45.0000   -7.5000 2643.9197   16.7508
    7.5000  -45.0000   -7.5000 2611.3486   17.0743
   -7.5000  -37.5000   -7.5000 2722.6118   15.7878
    0.0000  -37.5000   -7.5000 2734.5244   15.7813
    7.5000  -37.5000   -7.5000 2701.5176   16.0814
   -7.5000  -30.0000   -7.5000 2797.8303   15.1813
    0.0000  -30.0000   -7.5000 2814.6577   15.1798
    7.5000  -30.0000   -7.5000 2765.9868   15.4723
   -7.5000  -22.5000   -7.5000 2841.2358   14.8487
    0.0000  -22.5000   -7.5000 2863.2134   14.8542
    7.5000  -22.5000   -7.5000 2800.8716   15.1496
   -7.5000  -15.0000   -7.5000 2846.4346   14.9295
    0.0000  -15.0000   -7.5000 2857.9971   14.9360
    7.5000  -15.0000   -7.5000 2803.0620   15.2413
   -7.5000   -7.5000   -7.5000 2816.5635   15.4121
    0.0000   -7.5000   -7.5000 2831.1550   15.4142
    7.5000   -7.5000   -7.5000 2776.2153   15.7059
   -7.5000    0.0000   -7.5000 2743.7021   16.2904
    0.0000    0.0000   -7.5000 2757.0129   16.2849
    7.5000    0.0000   -7.5000 2710.0554   16.6170
   -7.5000    7.5000   -7.5000 2641.8259   17.5199
    0.0000    7.5000   -7.5000 2649.5928   17.5251
    7.5000    7.5000   -7.5000 2610.8015   17.8612
   -7.5000   15.0000   -7.5000 2522.0654   19.1588
    0.0000   15.0000   -7.5000 2526.7642   19.1618
    7.5000   15.0000   -7.5000 2491.2661   19.5320
   -7.5000   22.5000   -7.5000 2385.7385   21.3014
    0.0000   22.5000   -7.5000 2393.7659   21.2823
    7.5000   22.5000   -7.5000 2356.1560   21.6911
   -7.5000   30.0000   -7.5000 2232.8730   23.9941
    0.0000   30.0000   -7.5000 2237.3628   23.9896
    7.5000   30.0000   -7.5000 2207.6194   24.4060
   -7.5000   37.5000   -7.5000 2064.0664   27.2940
    0.0000   37.5000   -7.5000 2074.8823   27.3151
    7.5000   37.5000   -7.5000 2043.3297   27.7740
   -7.5000   45.0000   -7.5000 1892.2727   31.4909
    0.0000   45.0000   -7.5000 1897.7452   31.4564
    7.5000   45.0000   -7.5000 1874.0200   32.0738
   -7.5000  -45.0000    0.0000 2668.7642   16.1599
    0.0000  -45.0000    0.0000 2677.9917   16.1348
    7.5000  -45.0000    0.0000 2642.4988   16.4753
   -7.5000  -37.5000    0.0000 2765.6543   15.2436
    0.0000  -37.5000    0.0000 2783.3049   15.1914
    7.5000  -37.5000    0.0000 2741.6494   15.5115
   -7.5000  -30.0000    0.0000 2858.2930   14.6780
    0.0000  -30.0000    0.0000 2873.5222   14.6691
    7.5000  -30.0000    0.0000 2819.9612   14.9445
   -7.5000  -22.5000    0.0000 2910.6423   14.3689
    0.0000  -22.5000    0.0000 2935.4058   14.3740
    7.5000  -22.5000    0.0000 2865.0315   14.6645
   -7.5000  -15.0000    0.0000 2917.4890   14.3802
    0.0000  -15.0000    0.0000 2935.9177   14.3792
    7.5000  -15.0000    0.0000 2864.8965   14.7228
   -7.5000   -7.5000    0.0000 2874.8757   14.8238
    0.0000   -7.5000    0.0000 2886.3838   14.7988
    7.5000   -7.5000    0.0000 2828.6865   15.1474
   -7.5000    0.0000    0.0000 2791.7339   15.7056
    0.0000    0.0000    0.0000 2808.5574   15.6542
    7.5000    0.0000    0.0000 2756.2812   16.0083
   -7.5000    7.5000    0.0000 2684.2725   16.9350
    0.0000    7.5000    0.0000 2695.4331   16.8939
    7.5000    7.5000    0.0000 2652.8811   17.2473
   -7.5000   15.0000    0.0000 2555.8269   18.5879
    0.0000   15.0000    0.0000 2565.1064   18.5326
    7.5000   15.0000    0.0000 2523.2871   18.8898
   -7.5000   22.5000    0.0000 2419.5972   20.6864
    0.0000   22.5000    0.0000 2426.7402   20.6239
    7.5000   22.5000    0.0000 2387.8252   20.9789
   -7.5000   30.0000    0.0000 2261.9243   23.2745
    0.0000   30.0000    0.0000 2267.9939   23.2432
    7.5000   30.0000    0.0000 2235.3315   23.6026
   -7.5000   37.5000    0.0000 2088.0315   26.4533
    0.0000   37.5000    0.0000 2102.2913   26.4230
    7.5000   37.5000    0.0000 2069.8647   26.9299
   -7.5000   45.0000    0.0000 1908.8744   30.5609
    0.0000   45.0000    0.0000 1920.3640   30.4549
    7.5000   45.0000    0.0000 1888.9452   31.0711
   -7.5000  -45.0000    7.5000 2680.8872   15.8065
    0.0000  -45.0000    7.5000 2699.7053   15.7699
    7.5000  -45.0000    7.5000 2666.2073   16.1031
   -7.5000  -37.5000    7.5000 2789.6013   14.9060
    0.0000  -37.5000    7.5000 2811.5623   14.8406
    7.5000  -37.5000    7.5000 2770.9929   15.1553
   -7.5000  -30.0000    7.5000 2887.6245   14.4915
    0.0000  -30.0000    7.5000 2906.5376   14.4197
    7.5000  -30.0000    7.5000 2859.8345   14.6319
   -7.5000  -22.5000    7.5000 2960.8911   14.3023
    0.0000  -22.5000    7.5000 2993.5891   14.2872
    7.5000  -22.5000    7.5000 2915.6104   14.4414
   -7.5000  -15.0000    7.5000 2972.8921   14.2715
    0.0000  -15.0000    7.5000 2994.0811   14.2443
    7.5000  -15.0000    7.5000 2915.0457   14.5295
   -7.5000   -7.5000    7.5000 2923.6216   14.6283
    0.0000   -7.5000    7.5000 2936.5488   14.5558
    7.5000   -7.5000    7.5000 2869.8333   14.8876
   -7.5000    0.0000    7.5000 2822.8552   15.3827
    0.0000    0.0000    7.5000 2840.5537   15.2979
    7.5000    0.0000    7.5000 2786.7073   15.6349
   -7.5000    7.5000    7.5000 2705.0869   16.5527
    0.0000    7.5000    7.5000 2722.5100   16.4785
    7.5000    7.5000    7.5000 2675.5520   16.8174
   -7.5000   15.0000    7.5000 2572.4084   18.1589
    0.0000   15.0000    7.5000 2578.8308   18.1025
    7.5000   15.0000    7.5000 2546.0906   18.4086
   -7.5000   22.5000    7.5000 2430.9136   20.2080
    0.0000   22.5000    7.5000 2435.8845   20.1648
    7.5000   22.5000    7.5000 2403.8909   20.4419
   -7.5000   30.0000    7.5000 2268.7090   22.7627
    0.0000   30.0000    7.5000 2276.4504   22.7386
    7.5000   30.0000    7.5000 2245.4146   23.0625
   -7.5000   37.5000    7.5000 2099.7844   25.9628
    0.0000   37.5000    7.5000 2106.9744   25.9482
    7.5000   37.5000    7.5000 2082.7434   26.3474
   -7.5000   45.0000    7.5000 1918.3179   30.0770
    0.0000   45.0000    7.5000 1929.8088   30.0570
    7.5000   45.0000    7.5000 1898.5066   30.5231
   -7.5000  -45.0000   15.0000 2694.6111   15.7325
    0.0000  -45.0000   15.0000 2710.2109   15.7014
    7.5000  -45.0000   15.0000 2679.9404   16.0154
   -7.5000  -37.5000   15.0000 2802.5588   14.8382
    0.0000  -37.5000   15.0000 2818.6406   14.7646
    7.5000  -37.5000   15.0000 2785.1272   15.0828
   -7.5000  -30.0000   15.0000 2894.3215   14.4014
    0.0000  -30.0000   15.0000 2916.1292   14.3725
    7.5000  -30.0000   15.0000 2867.0552   14.5847
   -7.5000  -22.5000   15.0000 2973.5051   14.3073
    0.0000  -22.5000   15.0000 3003.8330   14.3215
    7.5000  -22.5000   15.0000 2919.2085   14.4870
   -7.5000  -15.0000   15.0000 2984.3445   14.4003
    0.0000  -15.0000   15.0000 3007.3386   14.3549
    7.5000  -15.0000   15.0000 2919.7654   14.6219
   -7.5000   -7.5000   15.0000 2918.5945   14.7379
    0.0000   -7.5000   15.0000 2936.7156   14.6372
    7.5000   -7.5000   15.0000 2873.4644   14.9368
   -7.5000    0.0000   15.0000 2825.8130   15.3327
    0.0000    0.0000   15.0000 2842.1108   15.2814
    7.5000    0.0000   15.0000 2785.2654   15.6006
   -7.5000    7.5000   15.0000 2706.5132   16.4235
    0.0000    7.5000   15.0000 2719.7302   16.3430
    7.5000    7.5000   15.0000 2677.4553   16.6583
   -7.5000   15.0000   15.0000 2567.7644   17.9170
    0.0000   15.0000   15.0000 2576.4551   17.8610
    7.5000   15.0000   15.0000 2545.6682   18.1914
   -7.5000   22.5000   15.0000 2418.3438   19.9522
    0.0000   22.5000   15.0000 2428.9829   19.9176
    7.5000   22.5000   15.0000 2398.8840   20.2539
   -7.5000   30.0000   15.0000 2254.0823   22.5136
    0.0000   30.0000   15.0000 2264.3276   22.5119
    7.5000   30.0000   15.0000 2239.5811   22.8878
   -7.5000   37.5000   15.0000 2086.3730   25.7702
    0.0000   37.5000   15.0000 2096.0642   25.7525
    7.5000   37.5000   15.0000 2069.2283   26.2177
   -7.5000   45.0000   15.0000 1908.4657   29.8099
    0.0000   45.0000   15.0000 1916.3517   29.8511
    7.5000   45.0000   15.0000 1890.3950   30.3341
   -7.5000  -45.0000   22.5000 2697.2761   15.9177
    0.0000  -45.0000   22.5000 2713.1702   15.8776
    7.5000  -45.0000   22.5000 2673.8965   16.2508
   -7.5000  -37.5000   22.5000 2802.1790   15.0021
    0.0000  -37.5000   22.5000 2823.4937   14.9452
    7.5000  -37.5000   22.5000 2785.1558   15.3068
   -7.5000  -30.0000   22.5000 2882.5891   14.4753
    0.0000  -30.0000   22.5000 2905.7263   14.4705
    7.5000  -30.0000   22.5000 2857.8616   14.7809
   -7.5000  -22.5000   22.5000 2941.6746   14.2677
    0.0000  -22.5000   22.5000 2964.2939   14.1862
    7.5000  -22.5000   22.5000 2895.8970   14.6078
   -7.5000  -15.0000   22.5000 2935.3325   14.4421
    0.0000  -15.0000   22.5000 2952.4763   14.3674
    7.5000  -15.0000   22.5000 2888.7466   14.7451
   -7.5000   -7.5000   22.5000 2879.2058   14.9388
    0.0000   -7.5000   22.5000 2898.5359   14.8583
    7.5000   -7.5000   22.5000 2840.4065   15.1669
   -7.5000    0.0000   22.5000 2791.1750   15.6410
    0.0000    0.0000   22.5000 2808.1877   15.5877
    7.5000    0.0000   22.5000 2761.1418   15.9112
   -7.5000    7.5000   22.5000 2673.5994   16.6928
    0.0000    7.5000   22.5000 2684.7910   16.6255
    7.5000    7.5000   22.5000 2649.4280   16.9635
   -7.5000   15.0000   22.5000 2539.2021   18.0937
    0.0000   15.0000   22.5000 2549.6028   18.0411
    7.5000   15.0000   22.5000 2522.0198   18.4117
   -7.5000   22.5000   22.5000 2393.9836   20.0233
    0.0000   22.5000   22.5000 2406.9641   19.9755
    7.5000   22.5000   22.5000 2377.9014   20.3613
   -7.5000   30.0000   22.5000 2232.1472   22.5614
    0.0000   30.0000   22.5000 2239.8088   22.5451
    7.5000   30.0000   22.5000 2217.0813   22.9170
   -7.5000   37.5000   22.5000 2064.0071   25.7610
    0.0000   37.5000   22.5000 2069.9512   25.7274
    7.5000   37.5000   22.5000 2050.2722   26.1775
   -7.5000   45.0000   22.5000 1890.8665   29.7423
    0.0000   45.0000   22.5000 1893.6982   29.7132
    7.5000   45.0000   22.5000 1876.8033   30.3202
   -7.5000  -45.0000   30.0000 2681.6587   16.3816
    0.0000  -45.0000   30.0000 2700.0588   16.3195
    7.5000  -45.0000   30.0000 2660.2129   16.7878
   -7.5000  -37.5000   30.0000 2782.1021   15.4251
    0.0000  -37.5000   30.0000 2802.8193   15.3716
    7.5000  -37.5000   30.0000 2760.7036   15.7933
   -7.5000  -30.0000   30.0000 2850.6675   14.8352
    0.0000  -30.0000   30.0000 2873.1204   14.7552
    7.5000  -30.0000   30.0000 2829.1609   15.1782
   -7.5000  -22.5000   30.0000 2884.4163   14.5960
    0.0000  -22.5000   30.0000 2905.3831   14.4978
    7.5000  -22.5000   30.0000 2854.6079   14.9362
   -7.5000  -15.0000   30.0000 2870.9663   14.7801
    0.0000  -15.0000   30.0000 2886.5291   14.7377
    7.5000  -15.0000   30.0000 2837.6443   15.1273
   -7.5000   -7.5000   30.0000 2821.9509   15.3017
    0.0000   -7.5000   30.0000 2830.9365   15.2365
    7.5000   -7.5000   30.0000 2785.1196   15.5958
   -7.5000    0.0000   30.0000 2741.0066   16.0634
    0.0000    0.0000   30.0000 2749.6013   15.9979
    7.5000    0.0000   30.0000 2713.0542   16.3233
   -7.5000    7.5000   30.0000 2625.5569   17.1614
    0.0000    7.5000   30.0000 2635.0183   17.1043
    7.5000    7.5000   30.0000 2607.9368   17.4785
   -7.5000   15.0000   30.0000 2492.7197   18.5863
    0.0000   15.0000   30.0000 2503.9673   18.5215
    7.5000   15.0000   30.0000 2478.0579   18.8931
   -7.5000   22.5000   30.0000 2351.6685   20.4223
    0.0000   22.5000   30.0000 2366.5347   20.3742
    7.5000   22.5000   30.0000 2340.4893   20.7521
   -7.5000   30.0000   30.0000 2189.7505   22.9545
    0.0000   30.0000   30.0000 2195.9607   22.8858
    7.5000   30.0000   30.0000 2177.0386   23.2835
   -7.5000   37.5000   30.0000 2024.0052   26.1873
    0.0000   37.5000   30.0000 2030.4086   26.0963
    7.5000   37.5000   30.0000 2011.5414   26.5125
   -7.5000   45.0000   30.0000 1865.4537   30.2494
    0.0000   45.0000   30.0000 1870.0825   30.1393
    7.5000   45.0000   30.0000 1855.5780   30.7093
   -7.5000  -45.0000   37.5000 2655.1069   17.0413
    0.0000  -45.0000   37.5000 2675.4683   16.9767
    7.5000  -45.0000   37.5000 2631.0586   17.4326
   -7.5000  -37.5000   37.5000 2747.5586   16.1006
    0.0000  -37.5000   37.5000 2766.6553   16.0375
    7.5000  -37.5000   37.5000 2721.8198   16.4719
   -7.5000  -30.0000   37.5000 2802.1743   15.4832
    0.0000  -30.0000   37.5000 2828.1860   15.3766
    7.5000  -30.0000   37.5000 2780.1753   15.8154
   -7.5000  -22.5000   37.5000 2820.8328   15.2338
    0.0000  -22.5000   37.5000 2839.6680   15.2076
    7.5000  -22.5000   37.5000 2797.4885   15.5845
   -7.5000  -15.0000   37.5000 2799.4668   15.4485
    0.0000  -15.0000   37.5000 2815.2153   15.4137
    7.5000  -15.0000   37.5000 2773.6284   15.7951
   -7.5000   -7.5000   37.5000 2746.1035   15.9587
    0.0000   -7.5000   37.5000 2755.7581   15.8914
    7.5000   -7.5000   37.5000 2718.8552   16.2358
   -7.5000    0.0000   37.5000 2666.7966   16.7376
    0.0000    0.0000   37.5000 2672.5229   16.6594
    7.5000    0.0000   37.5000 2641.2068   17.0125
   -7.5000    7.5000   37.5000 2565.7302   17.8466
    0.0000    7.5000   37.5000 2574.1577   17.7842
    7.5000    7.5000   37.5000 2546.3755   18.1506
   -7.5000   15.0000   37.5000 2440.0046   19.3028
    0.0000   15.0000   37.5000 2452.5037   19.2101
    7.5000   15.0000   37.5000 2423.6179   19.5765
   -7.5000   22.5000   37.5000 2300.4099   21.2113
    0.0000   22.5000   37.5000 2312.0535   21.1387
    7.5000   22.5000   37.5000 2290.9385   21.4848
   -7.5000   30.0000   37.5000 2138.7004   23.7206
    0.0000   30.0000   37.5000 2147.5486   23.6802
    7.5000   30.0000   37.5000 2131.3235   24.0266
   -7.5000   37.5000   37.5000 1980.8961   26.9947
    0.0000   37.5000   37.5000 1985.4969   26.8656
    7.5000   37.5000   37.5000 1965.3846   27.3113
   -7.5000   45.0000   37.5000 1828.4382   31.1365
    0.0000   45.0000   37.5000 1831.8684   31.0609
    7.5000   45.0000   37.5000 1817.6013   31.6011
   -7.5000  -45.0000   45.0000 2609.4114   17.9065
    0.0000  -45.0000   45.0000 2625.3018   17.8521
    7.5000  -45.0000   45.0000 2584.1680   18.3208
   -7.5000  -37.5000   45.0000 2689.8149   16.9482
    0.0000  -37.5000   45.0000 2707.1428   16.8656
    7.5000  -37.5000   45.0000 2661.5945   17.3148
   -7.5000  -30.0000   45.0000 2737.1746   16.3398
    0.0000  -30.0000   45.0000 2762.1904   16.2538
    7.5000  -30.0000   45.0000 2711.0510   16.6611
   -7.5000  -22.5000   45.0000 2753.4805   16.0961
    0.0000  -22.5000   45.0000 2770.4802   16.0989
    7.5000  -22.5000   45.0000 2726.8770   16.4400
   -7.5000  -15.0000   45.0000 2722.8286   16.3129
    0.0000  -15.0000   45.0000 2741.9707   16.3163
    7.5000  -15.0000   45.0000 2701.4309   16.6546
   -7.5000   -7.5000   45.0000 2667.0547   16.7870
    0.0000   -7.5000   45.0000 2676.9602   16.7812
    7.5000   -7.5000   45.0000 2647.2512   17.1196
   -7.5000    0.0000   45.0000 2583.3643   17.6110
    0.0000    0.0000   45.0000 2591.2969   17.5850
    7.5000    0.0000   45.0000 2563.8357   17.9231
   -7.5000    7.5000   45.0000 2486.7654   18.7351
    0.0000    7.5000   45.0000 2499.1272   18.6924
    7.5000    7.5000   45.0000 2467.0493   18.9780
   -7.5000   15.0000   45.0000 2370.0962   20.2125
    0.0000   15.0000   45.0000 2381.3391   20.1468
    7.5000   15.0000   45.0000 2354.9753   20.4569
   -7.5000   22.5000   45.0000 2235.5386   22.1573
    0.0000   22.5000   45.0000 2248.5874   22.1279
    7.5000   22.5000   45.0000 2224.3386   22.4264
   -7.5000   30.0000   45.0000 2075.1262   24.7624
    0.0000   30.0000   45.0000 2089.3411   24.7395
    7.5000   30.0000   45.0000 2065.3606   25.1167
   -7.5000   37.5000   45.0000 1923.3823   28.1256
    0.0000   37.5000   45.0000 1928.9025   28.0978
    7.5000   37.5000   45.0000 1914.3481   28.5187
   -7.5000   45.0000   45.0000 1776.2233   32.3453
    0.0000   45.0000   45.0000 1780.4268   32.3582
    7.5000   45.0000   45.0000 1768.7649   32.8825

---------------------------------------------------------------------
imgreg_4dfp /opt/freesurfer/average/711-2C_as_mni_average_305 /opt/freesurfer/average/711-2B_as_mni_average_305_mask talsrcimg_g11 none talsrcimg_to_711-2C_as_mni_average_305_t4 1283
---------------------------------------------------------------------

freesurfer imgreg_4dfp.c
/opt/freesurfer/average/711-2C_as_mni_average_305.4dfp.img
       256       256       256         1
  1.000000  1.000000  1.000000
orientation T byte_order littleendian
Reading image: /opt/freesurfer/average/711-2C_as_mni_average_305.4dfp.img
dimensions:      256       256       256
mmppix:       1.0000   -1.0000   -1.0000
center:     128.0000 -129.0000 -129.0000
/opt/freesurfer/average/711-2B_as_mni_average_305_mask.4dfp.img
       256       256       256         1
  1.000000  1.000000  1.000000
orientation T byte_order littleendian
Reading mask: /opt/freesurfer/average/711-2B_as_mni_average_305_mask.4dfp.img (2306576 pixels)
talsrcimg_g11.4dfp.img
       256       256       256         1
  1.000000  1.000000  1.000000
orientation T byte_order littleendian
Reading image: talsrcimg_g11.4dfp.img
dimensions:      256       256       256
mmppix:       1.0000   -1.0000   -1.0000
center:     128.0000 -129.0000 -129.0000
rotation matrix determinant  1.000000
fimgreg.f
image alignment mode   1283 decimal      503 hex
parameters
    0.0000  -15.0000   15.0000    0.0000    0.0000    0.0000
eta,q 0.94417 14.33950
niter,ni,del,rscale     5    3   12.0000    1.2000
parameter  2  0.541378 ->  0.500000 qaram    1.1500
parameter  4 -0.980367 -> -0.500000 qaram    1.1500
parameters
   -2.2685  -18.4500   12.7345    3.4500   -0.4901   -2.5384
eta,q 0.95703 14.06572
  0.0608  0.0536  0.0516  0.0597  0.0509  0.0454
  0.0552  0.0501  0.0493  0.0563  0.0470  0.0435
  0.0542  0.0502  0.0483  0.0526  0.0450  0.0430
  0.0566  0.0539  0.0494  0.0482  0.0438  0.0440
  0.0622  0.0585  0.0527  0.0448  0.0448  0.0469
  0.0695  0.0637  0.0576  0.0438  0.0486  0.0510
  0.0765  0.0708  0.0639  0.0451  0.0545  0.0552
niter,ni,del,rscale     6    3   12.0000    1.2000
parameters
   -1.9142  -18.5897   13.0858    4.1707   -0.6118   -2.5688
eta,q 0.95720 14.09069
  0.0633  0.0610  0.0547  0.0540  0.0513  0.0487
  0.0536  0.0531  0.0488  0.0492  0.0465  0.0461
  0.0466  0.0450  0.0448  0.0441  0.0438  0.0438
  0.0430  0.0426  0.0426  0.0425  0.0428  0.0428
  0.0430  0.0467  0.0436  0.0441  0.0434  0.0432
  0.0498  0.0538  0.0472  0.0468  0.0468  0.0455
  0.0601  0.0623  0.0523  0.0498  0.0524  0.0495
niter,ni,del,rscale     5    3   12.0000    1.2000
parameters
   -1.8609  -18.8347   13.1936    4.4630   -0.6495   -2.5610
eta,q 0.95718 14.10706
  0.0610  0.0605  0.0542  0.0529  0.0516  0.0487
  0.0521  0.0520  0.0484  0.0479  0.0467  0.0461
  0.0460  0.0445  0.0443  0.0433  0.0438  0.0439
  0.0428  0.0428  0.0426  0.0426  0.0428  0.0428
  0.0435  0.0468  0.0444  0.0445  0.0434  0.0431
  0.0511  0.0538  0.0482  0.0472  0.0467  0.0454
  0.0615  0.0625  0.0531  0.0506  0.0521  0.0494
niter,ni,del,rscale     4    3   12.0000    1.2000
parameters
   -1.8560  -18.9695   13.2412    4.6023   -0.6521   -2.5625
eta,q 0.95716 14.11466
  0.0605  0.0607  0.0541  0.0525  0.0517  0.0487
  0.0518  0.0523  0.0483  0.0474  0.0468  0.0460
  0.0459  0.0448  0.0442  0.0431  0.0438  0.0439
  0.0428  0.0428  0.0428  0.0428  0.0428  0.0428
  0.0436  0.0465  0.0447  0.0446  0.0434  0.0431
  0.0512  0.0532  0.0484  0.0473  0.0466  0.0454
  0.0616  0.0618  0.0533  0.0509  0.0519  0.0494
niter,ni,del,rscale     3    3   12.0000    1.2000
parameters
   -1.8604  -19.0383   13.2664    4.6697   -0.6441   -2.5631
eta,q 0.95714 14.11836
  0.0603  0.0609  0.0540  0.0523  0.0518  0.0486
  0.0517  0.0525  0.0483  0.0472  0.0468  0.0460
  0.0459  0.0449  0.0442  0.0430  0.0438  0.0439
  0.0428  0.0428  0.0428  0.0428  0.0429  0.0429
  0.0436  0.0463  0.0448  0.0447  0.0434  0.0431
  0.0512  0.0528  0.0486  0.0474  0.0466  0.0454
  0.0615  0.0614  0.0534  0.0511  0.0519  0.0494
registration optimization eta report
parameter search radius
    6.0000    6.9000    6.0000    6.9000    6.0000    6.0000
100000*second partial in parameter space
       50.       37.       29.       19.       25.       17.
  0.0603  0.0609  0.0540  0.0523  0.0518  0.0486
  0.0517  0.0525  0.0483  0.0472  0.0468  0.0460
  0.0459  0.0449  0.0442  0.0430  0.0438  0.0439
  0.0428  0.0428  0.0428  0.0428  0.0429  0.0429
  0.0436  0.0463  0.0448  0.0447  0.0434  0.0431
  0.0512  0.0528  0.0486  0.0474  0.0466  0.0454
  0.0615  0.0614  0.0534  0.0511  0.0519  0.0494
   -1.8604  -19.0383   13.2664    4.6697   -0.6441   -2.5631
eta,q 0.95714 14.11836

---------------------------------------------------------------------
imgreg_4dfp /opt/freesurfer/average/711-2C_as_mni_average_305 /opt/freesurfer/average/711-2B_as_mni_average_305_mask talsrcimg_g11 none talsrcimg_to_711-2C_as_mni_average_305_t4 3335
---------------------------------------------------------------------

freesurfer imgreg_4dfp.c
/opt/freesurfer/average/711-2C_as_mni_average_305.4dfp.img
       256       256       256         1
  1.000000  1.000000  1.000000
orientation T byte_order littleendian
Reading image: /opt/freesurfer/average/711-2C_as_mni_average_305.4dfp.img
dimensions:      256       256       256
mmppix:       1.0000   -1.0000   -1.0000
center:     128.0000 -129.0000 -129.0000
/opt/freesurfer/average/711-2B_as_mni_average_305_mask.4dfp.img
       256       256       256         1
  1.000000  1.000000  1.000000
orientation T byte_order littleendian
Reading mask: /opt/freesurfer/average/711-2B_as_mni_average_305_mask.4dfp.img (2306576 pixels)
talsrcimg_g11.4dfp.img
       256       256       256         1
  1.000000  1.000000  1.000000
orientation T byte_order littleendian
Reading image: talsrcimg_g11.4dfp.img
dimensions:      256       256       256
mmppix:       1.0000   -1.0000   -1.0000
center:     128.0000 -129.0000 -129.0000
fimgreg.f
image alignment mode   3335 decimal      D07 hex
parameters
   -1.8604  -19.0383   13.2664   -0.1064   -0.4357   -0.3382
    4.5485    0.7552   -4.4717   -8.1831   -1.1241    8.1406
eta,q 0.95488 14.26083
niter,ni,del,rscale     5    3    5.0000    1.2000
parameter  4  2.177672 ->  0.500000 qaram    1.1500
parameter  5  1.856702 ->  0.500000 qaram    1.1500
parameters
   -2.0094  -18.9584   13.3610   -4.2464   -4.5757   -3.2061
    4.6150    1.2774   -4.0959   -8.2353    0.5982    6.1235
eta,q 0.96384 13.60112
  0.0472  0.0474  0.0469  0.0388  0.0347  0.0366  0.0389  0.0404  0.0383  0.0392  0.0375  0.0368
  0.0460  0.0462  0.0459  0.0403  0.0359  0.0365  0.0375  0.0383  0.0373  0.0377  0.0370  0.0363
  0.0453  0.0454  0.0453  0.0425  0.0380  0.0363  0.0367  0.0369  0.0366  0.0367  0.0366  0.0362
  0.0451  0.0451  0.0451  0.0451  0.0408  0.0364  0.0364  0.0364  0.0363  0.0363  0.0363  0.0362
  0.0454  0.0453  0.0453  0.0479  0.0441  0.0370  0.0366  0.0366  0.0365  0.0366  0.0362  0.0366
  0.0463  0.0459  0.0458  0.0511  0.0476  0.0391  0.0375  0.0376  0.0370  0.0377  0.0364  0.0372
  0.0479  0.0472  0.0466  0.0550  0.0516  0.0418  0.0388  0.0394  0.0379  0.0394  0.0368  0.0380
niter,ni,del,rscale     6    3    5.0000    1.2000
parameter  4  1.246387 ->  0.500000 qaram    1.3225
parameter  5  0.889279 ->  0.500000 qaram    1.3225
parameters
   -1.9684  -18.6293   13.0604   -9.0074   -9.3367   -5.5482
    4.6026    1.0949   -4.2494   -6.7866    1.0633    7.2951
eta,q 0.96921 12.75899
  0.0394  0.0397  0.0372  0.0325  0.0307  0.0315  0.0337  0.0347  0.0326  0.0350  0.0321  0.0325
  0.0377  0.0380  0.0365  0.0330  0.0310  0.0310  0.0322  0.0328  0.0317  0.0332  0.0315  0.0317
  0.0366  0.0368  0.0361  0.0343  0.0318  0.0310  0.0313  0.0315  0.0312  0.0319  0.0311  0.0311
  0.0362  0.0362  0.0361  0.0361  0.0333  0.0311  0.0310  0.0310  0.0310  0.0310  0.0308  0.0308
  0.0365  0.0362  0.0364  0.0386  0.0357  0.0315  0.0314  0.0316  0.0313  0.0309  0.0309  0.0308
  0.0376  0.0369  0.0370  0.0416  0.0389  0.0320  0.0323  0.0330  0.0318  0.0315  0.0313  0.0311
  0.0392  0.0382  0.0378  0.0449  0.0426  0.0336  0.0337  0.0352  0.0327  0.0329  0.0319  0.0317
niter,ni,del,rscale     7    3    5.0000    1.2000
parameter  4  0.567698 ->  0.500000 qaram    1.5209
parameters
   -1.9978  -18.4892   13.5974  -14.4826  -13.5904   -5.0518
    4.4840    1.1640   -4.6482   -6.3053    0.8018    6.2908
eta,q 0.97108 12.01986
  0.0342  0.0338  0.0329  0.0303  0.0300  0.0311  0.0316  0.0332  0.0303  0.0326  0.0301  0.0300
  0.0323  0.0322  0.0319  0.0297  0.0291  0.0298  0.0302  0.0310  0.0295  0.0306  0.0295  0.0293
  0.0312  0.0312  0.0312  0.0298  0.0290  0.0292  0.0293  0.0295  0.0291  0.0294  0.0291  0.0290
  0.0308  0.0308  0.0308  0.0307  0.0297  0.0290  0.0290  0.0290  0.0290  0.0290  0.0290  0.0290
  0.0312  0.0310  0.0307  0.0326  0.0311  0.0290  0.0294  0.0295  0.0292  0.0292  0.0292  0.0293
  0.0324  0.0318  0.0310  0.0352  0.0336  0.0296  0.0303  0.0309  0.0298  0.0302  0.0296  0.0299
  0.0343  0.0331  0.0316  0.0386  0.0372  0.0305  0.0317  0.0330  0.0307  0.0316  0.0303  0.0306
niter,ni,del,rscale     7    3    5.0000    1.2000
parameters
   -1.8860  -18.0528   13.7296  -14.9755  -14.0168   -4.8913
    4.4025    1.3187   -4.6672   -5.5676    0.7945    5.9219
eta,q 0.97119 11.96593
  0.0324  0.0322  0.0306  0.0330  0.0321  0.0308  0.0314  0.0331  0.0303  0.0326  0.0301  0.0301
  0.0306  0.0306  0.0296  0.0306  0.0301  0.0296  0.0300  0.0309  0.0295  0.0306  0.0294  0.0293
  0.0294  0.0295  0.0291  0.0292  0.0290  0.0290  0.0291  0.0294  0.0290  0.0293  0.0290  0.0289
  0.0289  0.0289  0.0288  0.0288  0.0288  0.0288  0.0288  0.0288  0.0288  0.0288  0.0288  0.0288
  0.0292  0.0289  0.0290  0.0294  0.0293  0.0289  0.0292  0.0293  0.0290  0.0290  0.0290  0.0290
  0.0302  0.0294  0.0295  0.0312  0.0306  0.0296  0.0301  0.0306  0.0295  0.0299  0.0294  0.0296
  0.0318  0.0304  0.0302  0.0339  0.0327  0.0306  0.0315  0.0327  0.0303  0.0312  0.0301  0.0303
niter,ni,del,rscale     6    3    5.0000    1.2000
parameters
   -1.8410  -17.8443   13.6343  -15.1402  -14.1987   -4.8706
    4.3564    1.4096   -4.7759   -5.1159    0.8660    5.7202
eta,q 0.97122 11.94137
  0.0321  0.0316  0.0302  0.0332  0.0322  0.0307  0.0314  0.0329  0.0303  0.0322  0.0301  0.0302
  0.0303  0.0301  0.0294  0.0308  0.0302  0.0295  0.0300  0.0307  0.0294  0.0303  0.0294  0.0293
  0.0292  0.0292  0.0289  0.0292  0.0290  0.0290  0.0291  0.0293  0.0289  0.0291  0.0289  0.0289
  0.0288  0.0288  0.0288  0.0288  0.0288  0.0288  0.0288  0.0288  0.0288  0.0288  0.0288  0.0288
  0.0291  0.0290  0.0290  0.0293  0.0292  0.0289  0.0291  0.0293  0.0290  0.0291  0.0290  0.0290
  0.0302  0.0296  0.0296  0.0309  0.0304  0.0296  0.0301  0.0306  0.0295  0.0300  0.0294  0.0295
  0.0318  0.0308  0.0304  0.0335  0.0325  0.0306  0.0314  0.0327  0.0303  0.0313  0.0300  0.0302
niter,ni,del,rscale     5    3    5.0000    1.2000
parameters
   -1.8194  -17.7092   13.5587  -15.2477  -14.3290   -4.8947
    4.3382    1.4555   -4.8739   -4.8189    0.9259    5.5822
eta,q 0.97122 11.92201
  0.0320  0.0314  0.0303  0.0332  0.0322  0.0307  0.0314  0.0328  0.0303  0.0320  0.0301  0.0302
  0.0302  0.0300  0.0294  0.0308  0.0303  0.0295  0.0300  0.0307  0.0294  0.0302  0.0294  0.0294
  0.0292  0.0291  0.0289  0.0292  0.0290  0.0290  0.0291  0.0292  0.0289  0.0291  0.0289  0.0289
  0.0288  0.0288  0.0288  0.0288  0.0288  0.0288  0.0288  0.0288  0.0288  0.0288  0.0288  0.0288
  0.0291  0.0290  0.0290  0.0293  0.0292  0.0289  0.0291  0.0293  0.0290  0.0291  0.0290  0.0290
  0.0302  0.0297  0.0296  0.0309  0.0304  0.0296  0.0300  0.0306  0.0295  0.0300  0.0294  0.0295
  0.0319  0.0309  0.0304  0.0334  0.0324  0.0307  0.0314  0.0327  0.0303  0.0313  0.0300  0.0302
niter,ni,del,rscale     4    3    5.0000    1.2000
parameters
   -1.8062  -17.6134   13.5063  -15.3237  -14.4285   -4.9258
    4.3300    1.4863   -4.9455   -4.6136    0.9653    5.4861
eta,q 0.97121 11.90700
  0.0319  0.0313  0.0303  0.0333  0.0322  0.0307  0.0314  0.0328  0.0303  0.0318  0.0301  0.0302
  0.0302  0.0299  0.0294  0.0308  0.0303  0.0295  0.0300  0.0307  0.0294  0.0301  0.0294  0.0294
  0.0291  0.0291  0.0289  0.0292  0.0291  0.0290  0.0291  0.0292  0.0289  0.0290  0.0289  0.0289
  0.0288  0.0288  0.0288  0.0288  0.0288  0.0288  0.0288  0.0288  0.0288  0.0288  0.0288  0.0288
  0.0291  0.0290  0.0290  0.0293  0.0292  0.0289  0.0291  0.0293  0.0290  0.0292  0.0290  0.0290
  0.0302  0.0297  0.0296  0.0309  0.0304  0.0296  0.0300  0.0306  0.0295  0.0300  0.0294  0.0295
  0.0319  0.0309  0.0304  0.0334  0.0324  0.0307  0.0314  0.0327  0.0303  0.0313  0.0300  0.0302
niter,ni,del,rscale     3    3    5.0000    1.2000
parameters
   -1.7979  -17.5406   13.4667  -15.3828  -14.5064   -4.9600
    4.3299    1.5054   -5.0002   -4.4619    0.9956    5.4217
eta,q 0.97121 11.89477
  0.0319  0.0313  0.0303  0.0333  0.0322  0.0307  0.0314  0.0328  0.0303  0.0318  0.0301  0.0302
  0.0302  0.0299  0.0294  0.0308  0.0303  0.0295  0.0300  0.0306  0.0294  0.0300  0.0294  0.0294
  0.0291  0.0291  0.0289  0.0292  0.0291  0.0290  0.0291  0.0292  0.0289  0.0290  0.0289  0.0289
  0.0288  0.0288  0.0288  0.0288  0.0288  0.0288  0.0288  0.0288  0.0288  0.0288  0.0288  0.0288
  0.0291  0.0290  0.0290  0.0293  0.0292  0.0289  0.0291  0.0293  0.0290  0.0292  0.0290  0.0290
  0.0302  0.0298  0.0296  0.0309  0.0304  0.0296  0.0300  0.0306  0.0295  0.0300  0.0294  0.0295
  0.0319  0.0309  0.0304  0.0334  0.0323  0.0307  0.0313  0.0327  0.0303  0.0314  0.0300  0.0302
niter,ni,del,rscale     2    3    5.0000    1.2000
parameters
   -1.7933  -17.4862   13.4331  -15.4261  -14.5753   -4.9958
    4.3266    1.5180   -5.0330   -4.3481    1.0041    5.3691
eta,q 0.97120 11.88413
  0.0319  0.0312  0.0303  0.0333  0.0322  0.0307  0.0314  0.0328  0.0303  0.0317  0.0301  0.0302
  0.0302  0.0299  0.0294  0.0308  0.0303  0.0295  0.0300  0.0306  0.0295  0.0300  0.0294  0.0294
  0.0291  0.0290  0.0289  0.0292  0.0291  0.0290  0.0291  0.0292  0.0290  0.0290  0.0289  0.0289
  0.0288  0.0288  0.0288  0.0288  0.0288  0.0288  0.0288  0.0288  0.0288  0.0288  0.0288  0.0288
  0.0292  0.0291  0.0290  0.0293  0.0292  0.0289  0.0291  0.0293  0.0290  0.0292  0.0290  0.0290
  0.0302  0.0298  0.0296  0.0309  0.0304  0.0297  0.0300  0.0306  0.0295  0.0300  0.0294  0.0295
  0.0319  0.0309  0.0303  0.0334  0.0323  0.0307  0.0313  0.0327  0.0303  0.0314  0.0301  0.0302
niter,ni,del,rscale     1    3    5.0000    1.2000
parameters
   -1.7893  -17.4416   13.4071  -15.4657  -14.6249   -5.0212
    4.3259    1.5268   -5.0550   -4.2508    1.0214    5.3275
eta,q 0.97121 11.87597
  0.0319  0.0312  0.0303  0.0333  0.0322  0.0307  0.0314  0.0328  0.0303  0.0317  0.0301  0.0302
  0.0302  0.0298  0.0295  0.0308  0.0303  0.0295  0.0300  0.0306  0.0295  0.0300  0.0294  0.0294
  0.0291  0.0290  0.0289  0.0292  0.0291  0.0290  0.0291  0.0292  0.0290  0.0290  0.0290  0.0289
  0.0288  0.0288  0.0288  0.0288  0.0288  0.0288  0.0288  0.0288  0.0288  0.0288  0.0288  0.0288
  0.0292  0.0291  0.0290  0.0293  0.0292  0.0289  0.0291  0.0293  0.0290  0.0292  0.0290  0.0290
  0.0302  0.0298  0.0296  0.0309  0.0303  0.0297  0.0300  0.0307  0.0295  0.0300  0.0294  0.0295
  0.0319  0.0309  0.0303  0.0334  0.0323  0.0307  0.0313  0.0327  0.0303  0.0314  0.0301  0.0302
registration optimization eta report
parameter search radius
    2.4000    2.4000    2.4000   10.9503    9.5220    7.2000
    7.2000    7.2000    7.2000    7.2000    7.2000    7.2000
100000*second partial in parameter space
       54.       39.       27.        4.        4.        4.
        5.        8.        3.        5.        2.        3.
  0.0319  0.0312  0.0303  0.0333  0.0322  0.0307  0.0314  0.0328  0.0303  0.0317  0.0301  0.0302
  0.0302  0.0298  0.0295  0.0308  0.0303  0.0295  0.0300  0.0306  0.0295  0.0300  0.0294  0.0294
  0.0291  0.0290  0.0289  0.0292  0.0291  0.0290  0.0291  0.0292  0.0290  0.0290  0.0290  0.0289
  0.0288  0.0288  0.0288  0.0288  0.0288  0.0288  0.0288  0.0288  0.0288  0.0288  0.0288  0.0288
  0.0292  0.0291  0.0290  0.0293  0.0292  0.0289  0.0291  0.0293  0.0290  0.0292  0.0290  0.0290
  0.0302  0.0298  0.0296  0.0309  0.0303  0.0297  0.0300  0.0307  0.0295  0.0300  0.0294  0.0295
  0.0319  0.0309  0.0303  0.0334  0.0323  0.0307  0.0313  0.0327  0.0303  0.0314  0.0301  0.0302
   -1.7893  -17.4416   13.4071  -15.4657  -14.6249   -5.0212
    4.3259    1.5268   -5.0550   -4.2508    1.0214    5.3275
eta,q 0.97121 11.87597

---------------------------------------------------------------------
imgreg_4dfp /opt/freesurfer/average/711-2C_as_mni_average_305 /opt/freesurfer/average/711-2B_as_mni_average_305_mask talsrcimg_g11 none talsrcimg_to_711-2C_as_mni_average_305_t4 2311
---------------------------------------------------------------------

freesurfer imgreg_4dfp.c
/opt/freesurfer/average/711-2C_as_mni_average_305.4dfp.img
       256       256       256         1
  1.000000  1.000000  1.000000
orientation T byte_order littleendian
Reading image: /opt/freesurfer/average/711-2C_as_mni_average_305.4dfp.img
dimensions:      256       256       256
mmppix:       1.0000   -1.0000   -1.0000
center:     128.0000 -129.0000 -129.0000
/opt/freesurfer/average/711-2B_as_mni_average_305_mask.4dfp.img
       256       256       256         1
  1.000000  1.000000  1.000000
orientation T byte_order littleendian
Reading mask: /opt/freesurfer/average/711-2B_as_mni_average_305_mask.4dfp.img (2306576 pixels)
talsrcimg_g11.4dfp.img
       256       256       256         1
  1.000000  1.000000  1.000000
orientation T byte_order littleendian
Reading image: talsrcimg_g11.4dfp.img
dimensions:      256       256       256
mmppix:       1.0000   -1.0000   -1.0000
center:     128.0000 -129.0000 -129.0000
fimgreg.f
image alignment mode   2311 decimal      907 hex
parameters
   -1.7893  -17.4416   13.4071  -15.4657  -14.6249   -5.0212
    4.3259    1.5268   -5.0550   -4.2508    1.0214    5.3275
eta,q 0.97121 11.87598
niter,ni,del,rscale     5    3    5.0000    0.8000
parameters
   -1.7947  -17.4353   13.3479  -15.5483  -14.7580   -5.1296
    4.3162    1.4775   -5.1393   -4.4714    0.9776    5.2178
eta,q 0.97122 11.85093
  0.0302  0.0298  0.0295  0.0296  0.0296  0.0295  0.0300  0.0306  0.0295  0.0299  0.0294  0.0294
  0.0294  0.0292  0.0291  0.0291  0.0291  0.0291  0.0293  0.0296  0.0291  0.0292  0.0291  0.0290
  0.0289  0.0289  0.0289  0.0288  0.0288  0.0289  0.0289  0.0290  0.0289  0.0288  0.0288  0.0288
  0.0288  0.0288  0.0288  0.0288  0.0288  0.0288  0.0288  0.0288  0.0288  0.0288  0.0288  0.0288
  0.0290  0.0289  0.0289  0.0289  0.0289  0.0288  0.0289  0.0290  0.0289  0.0290  0.0289  0.0289
  0.0294  0.0293  0.0292  0.0292  0.0292  0.0291  0.0293  0.0297  0.0291  0.0294  0.0291  0.0291
  0.0302  0.0298  0.0295  0.0296  0.0297  0.0297  0.0300  0.0306  0.0295  0.0300  0.0294  0.0295
niter,ni,del,rscale     4    3    5.0000    0.7000
parameters
   -1.8050  -17.4501   13.3579  -15.5849  -14.7864   -5.1159
    4.3372    1.4450   -5.0800   -4.5642    0.9237    5.2168
eta,q 0.97123 11.84683
  0.0298  0.0296  0.0293  0.0294  0.0294  0.0294  0.0297  0.0302  0.0293  0.0297  0.0293  0.0293
  0.0292  0.0291  0.0290  0.0290  0.0290  0.0290  0.0292  0.0294  0.0290  0.0291  0.0290  0.0290
  0.0289  0.0289  0.0288  0.0288  0.0288  0.0289  0.0289  0.0289  0.0288  0.0288  0.0288  0.0288
  0.0288  0.0288  0.0288  0.0288  0.0288  0.0288  0.0288  0.0288  0.0288  0.0288  0.0288  0.0288
  0.0289  0.0289  0.0289  0.0289  0.0289  0.0288  0.0289  0.0289  0.0288  0.0289  0.0289  0.0288
  0.0293  0.0291  0.0290  0.0291  0.0291  0.0290  0.0292  0.0294  0.0290  0.0293  0.0290  0.0290
  0.0299  0.0296  0.0293  0.0294  0.0294  0.0294  0.0297  0.0302  0.0293  0.0297  0.0293  0.0293
niter,ni,del,rscale     3    3    5.0000    0.6000
parameters
   -1.8189  -17.4734   13.3651  -15.6198  -14.8056   -5.0353
    4.3490    1.4242   -5.0001   -4.6603    0.8675    5.2135
eta,q 0.97124 11.84750
  0.0296  0.0293  0.0292  0.0292  0.0293  0.0292  0.0295  0.0298  0.0292  0.0295  0.0291  0.0291
  0.0291  0.0290  0.0289  0.0289  0.0290  0.0290  0.0291  0.0292  0.0290  0.0290  0.0289  0.0289
  0.0289  0.0288  0.0288  0.0288  0.0288  0.0288  0.0289  0.0289  0.0288  0.0288  0.0288  0.0288
  0.0288  0.0288  0.0288  0.0288  0.0288  0.0288  0.0288  0.0288  0.0288  0.0288  0.0288  0.0288
  0.0289  0.0289  0.0288  0.0288  0.0288  0.0288  0.0288  0.0289  0.0288  0.0289  0.0288  0.0288
  0.0291  0.0291  0.0290  0.0290  0.0290  0.0289  0.0291  0.0292  0.0289  0.0291  0.0290  0.0289
  0.0296  0.0294  0.0292  0.0292  0.0292  0.0292  0.0295  0.0298  0.0291  0.0295  0.0291  0.0291
niter,ni,del,rscale     2    3    5.0000    0.5000
parameters
   -1.8287  -17.5044   13.3817  -15.6654  -14.8247   -4.9106
    4.3557    1.4083   -4.9482   -4.7451    0.8260    5.2231
eta,q 0.97124 11.85055
  0.0293  0.0291  0.0291  0.0291  0.0291  0.0291  0.0293  0.0295  0.0290  0.0292  0.0290  0.0290
  0.0290  0.0289  0.0289  0.0289  0.0289  0.0289  0.0290  0.0291  0.0289  0.0290  0.0289  0.0289
  0.0288  0.0288  0.0288  0.0288  0.0288  0.0288  0.0288  0.0288  0.0288  0.0288  0.0288  0.0288
  0.0288  0.0288  0.0288  0.0288  0.0288  0.0288  0.0288  0.0288  0.0288  0.0288  0.0288  0.0288
  0.0288  0.0288  0.0288  0.0288  0.0288  0.0288  0.0288  0.0288  0.0288  0.0288  0.0288  0.0288
  0.0290  0.0290  0.0289  0.0289  0.0289  0.0288  0.0290  0.0291  0.0289  0.0290  0.0289  0.0289
  0.0293  0.0292  0.0290  0.0291  0.0291  0.0290  0.0293  0.0295  0.0290  0.0293  0.0290  0.0290
niter,ni,del,rscale     1    3    5.0000    0.4000
parameters
   -1.8361  -17.5318   13.4061  -15.7116  -14.8512   -4.7674
    4.3667    1.4025   -4.9054   -4.8049    0.7774    5.2296
eta,q 0.97125 11.85444
  0.0291  0.0290  0.0290  0.0290  0.0290  0.0289  0.0291  0.0292  0.0289  0.0291  0.0289  0.0289
  0.0289  0.0289  0.0289  0.0288  0.0288  0.0289  0.0289  0.0290  0.0288  0.0289  0.0288  0.0288
  0.0288  0.0288  0.0288  0.0288  0.0288  0.0288  0.0288  0.0288  0.0288  0.0288  0.0288  0.0288
  0.0288  0.0288  0.0288  0.0288  0.0288  0.0288  0.0288  0.0288  0.0288  0.0288  0.0288  0.0288
  0.0288  0.0288  0.0288  0.0288  0.0288  0.0288  0.0288  0.0288  0.0288  0.0288  0.0288  0.0288
  0.0289  0.0289  0.0288  0.0289  0.0289  0.0288  0.0289  0.0290  0.0288  0.0289  0.0288  0.0288
  0.0291  0.0290  0.0289  0.0290  0.0290  0.0289  0.0291  0.0292  0.0289  0.0291  0.0289  0.0289
registration optimization eta report
parameter search radius
    0.8000    0.8000    0.8000    2.4000    2.4000    2.4000
    2.4000    2.4000    2.4000    2.4000    2.4000    2.4000
100000*second partial in parameter space
       56.       41.       29.        4.        4.        3.
        5.        8.        3.        6.        3.        3.
  0.0291  0.0290  0.0290  0.0290  0.0290  0.0289  0.0291  0.0292  0.0289  0.0291  0.0289  0.0289
  0.0289  0.0289  0.0289  0.0288  0.0288  0.0289  0.0289  0.0290  0.0288  0.0289  0.0288  0.0288
  0.0288  0.0288  0.0288  0.0288  0.0288  0.0288  0.0288  0.0288  0.0288  0.0288  0.0288  0.0288
  0.0288  0.0288  0.0288  0.0288  0.0288  0.0288  0.0288  0.0288  0.0288  0.0288  0.0288  0.0288
  0.0288  0.0288  0.0288  0.0288  0.0288  0.0288  0.0288  0.0288  0.0288  0.0288  0.0288  0.0288
  0.0289  0.0289  0.0288  0.0289  0.0289  0.0288  0.0289  0.0290  0.0288  0.0289  0.0288  0.0288
  0.0291  0.0290  0.0289  0.0290  0.0290  0.0289  0.0291  0.0292  0.0289  0.0291  0.0289  0.0289
   -1.8361  -17.5318   13.4061  -15.7116  -14.8512   -4.7674
    4.3667    1.4025   -4.9054   -4.8049    0.7774    5.2296
eta,q 0.97125 11.85444

---------------------------------------------------------------------
imgreg_4dfp /opt/freesurfer/average/711-2C_as_mni_average_305 /opt/freesurfer/average/711-2B_as_mni_average_305_mask talsrcimg_g11 none talsrcimg_to_711-2C_as_mni_average_305_t4 2311
---------------------------------------------------------------------

freesurfer imgreg_4dfp.c
/opt/freesurfer/average/711-2C_as_mni_average_305.4dfp.img
       256       256       256         1
  1.000000  1.000000  1.000000
orientation T byte_order littleendian
Reading image: /opt/freesurfer/average/711-2C_as_mni_average_305.4dfp.img
dimensions:      256       256       256
mmppix:       1.0000   -1.0000   -1.0000
center:     128.0000 -129.0000 -129.0000
/opt/freesurfer/average/711-2B_as_mni_average_305_mask.4dfp.img
       256       256       256         1
  1.000000  1.000000  1.000000
orientation T byte_order littleendian
Reading mask: /opt/freesurfer/average/711-2B_as_mni_average_305_mask.4dfp.img (2306576 pixels)
talsrcimg_g11.4dfp.img
       256       256       256         1
  1.000000  1.000000  1.000000
orientation T byte_order littleendian
Reading image: talsrcimg_g11.4dfp.img
dimensions:      256       256       256
mmppix:       1.0000   -1.0000   -1.0000
center:     128.0000 -129.0000 -129.0000
fimgreg.f
image alignment mode   2311 decimal      907 hex
parameters
   -1.8361  -17.5318   13.4061  -15.7116  -14.8512   -4.7674
    4.3667    1.4025   -4.9054   -4.8049    0.7774    5.2296
eta,q 0.97125 11.85444
niter,ni,del,rscale     5    3    5.0000    0.8000
parameters
   -1.8257  -17.5274   13.4647  -15.4783  -14.6619   -5.0927
    4.3292    1.4297   -4.9213   -4.6893    0.8704    5.3200
eta,q 0.97122 11.86609
  0.0302  0.0298  0.0295  0.0297  0.0297  0.0294  0.0300  0.0307  0.0295  0.0301  0.0294  0.0295
  0.0294  0.0292  0.0291  0.0292  0.0292  0.0291  0.0293  0.0296  0.0291  0.0293  0.0291  0.0291
  0.0289  0.0289  0.0288  0.0288  0.0289  0.0288  0.0289  0.0290  0.0288  0.0289  0.0288  0.0288
  0.0288  0.0288  0.0288  0.0288  0.0288  0.0288  0.0288  0.0288  0.0288  0.0288  0.0288  0.0288
  0.0289  0.0289  0.0288  0.0288  0.0289  0.0288  0.0289  0.0290  0.0288  0.0289  0.0289  0.0289
  0.0294  0.0292  0.0291  0.0291  0.0291  0.0292  0.0293  0.0296  0.0291  0.0293  0.0291  0.0290
  0.0301  0.0298  0.0294  0.0295  0.0295  0.0297  0.0300  0.0306  0.0295  0.0299  0.0294  0.0294
niter,ni,del,rscale     4    3    5.0000    0.7000
parameters
   -1.8221  -17.5346   13.3979  -15.4925  -14.6834   -5.0827
    4.3298    1.4214   -4.9868   -4.7425    0.8802    5.2855
eta,q 0.97123 11.86285
  0.0299  0.0296  0.0293  0.0294  0.0294  0.0293  0.0297  0.0302  0.0293  0.0297  0.0293  0.0293
  0.0293  0.0291  0.0290  0.0290  0.0290  0.0290  0.0292  0.0294  0.0290  0.0291  0.0290  0.0290
  0.0289  0.0288  0.0288  0.0288  0.0288  0.0289  0.0289  0.0289  0.0288  0.0288  0.0288  0.0288
  0.0288  0.0288  0.0288  0.0288  0.0288  0.0288  0.0288  0.0288  0.0288  0.0288  0.0288  0.0288
  0.0289  0.0289  0.0289  0.0289  0.0289  0.0288  0.0289  0.0289  0.0288  0.0289  0.0288  0.0288
  0.0293  0.0291  0.0291  0.0291  0.0291  0.0290  0.0292  0.0294  0.0290  0.0292  0.0290  0.0290
  0.0299  0.0296  0.0294  0.0294  0.0294  0.0294  0.0297  0.0302  0.0293  0.0297  0.0292  0.0293
niter,ni,del,rscale     3    3    5.0000    0.6000
parameters
   -1.8227  -17.5380   13.3970  -15.5498  -14.7313   -5.0191
    4.3478    1.4103   -4.9761   -4.7873    0.8585    5.2794
eta,q 0.97124 11.85910
  0.0296  0.0294  0.0292  0.0292  0.0292  0.0292  0.0295  0.0298  0.0292  0.0295  0.0291  0.0291
  0.0291  0.0290  0.0290  0.0289  0.0290  0.0290  0.0291  0.0292  0.0289  0.0291  0.0289  0.0289
  0.0288  0.0288  0.0288  0.0288  0.0288  0.0288  0.0289  0.0289  0.0288  0.0288  0.0288  0.0288
  0.0288  0.0288  0.0288  0.0288  0.0288  0.0288  0.0288  0.0288  0.0288  0.0288  0.0288  0.0288
  0.0289  0.0288  0.0288  0.0288  0.0288  0.0288  0.0288  0.0289  0.0288  0.0289  0.0288  0.0288
  0.0291  0.0290  0.0290  0.0290  0.0290  0.0289  0.0291  0.0293  0.0289  0.0291  0.0289  0.0289
  0.0296  0.0293  0.0292  0.0292  0.0292  0.0292  0.0295  0.0298  0.0292  0.0295  0.0291  0.0291
niter,ni,del,rscale     2    3    5.0000    0.5000
parameters
   -1.8296  -17.5515   13.4113  -15.6071  -14.7804   -4.8781
    4.3484    1.4043   -4.9390   -4.8290    0.8196    5.2811
eta,q 0.97124 11.86029
  0.0293  0.0292  0.0291  0.0291  0.0291  0.0291  0.0293  0.0295  0.0290  0.0293  0.0290  0.0290
  0.0290  0.0289  0.0289  0.0289  0.0289  0.0289  0.0290  0.0291  0.0289  0.0290  0.0289  0.0289
  0.0288  0.0288  0.0288  0.0288  0.0288  0.0288  0.0288  0.0288  0.0288  0.0288  0.0288  0.0288
  0.0288  0.0288  0.0288  0.0288  0.0288  0.0288  0.0288  0.0288  0.0288  0.0288  0.0288  0.0288
  0.0288  0.0288  0.0288  0.0288  0.0288  0.0288  0.0288  0.0288  0.0288  0.0288  0.0288  0.0288
  0.0290  0.0290  0.0289  0.0289  0.0289  0.0288  0.0290  0.0291  0.0289  0.0290  0.0289  0.0289
  0.0293  0.0292  0.0290  0.0291  0.0291  0.0290  0.0293  0.0295  0.0290  0.0293  0.0290  0.0290
niter,ni,del,rscale     1    3    5.0000    0.4000
parameters
   -1.8342  -17.5656   13.4294  -15.6729  -14.8207   -4.7344
    4.3609    1.4043   -4.8834   -4.8778    0.7583    5.2711
eta,q 0.97125 11.86165
  0.0291  0.0290  0.0290  0.0290  0.0290  0.0289  0.0291  0.0292  0.0289  0.0291  0.0289  0.0289
  0.0289  0.0289  0.0289  0.0288  0.0288  0.0289  0.0289  0.0290  0.0288  0.0289  0.0288  0.0288
  0.0288  0.0288  0.0288  0.0288  0.0288  0.0288  0.0288  0.0288  0.0288  0.0288  0.0288  0.0288
  0.0288  0.0288  0.0288  0.0288  0.0288  0.0288  0.0288  0.0288  0.0288  0.0288  0.0288  0.0288
  0.0288  0.0288  0.0288  0.0288  0.0288  0.0288  0.0288  0.0288  0.0288  0.0288  0.0288  0.0288
  0.0289  0.0289  0.0288  0.0289  0.0289  0.0288  0.0289  0.0290  0.0288  0.0289  0.0288  0.0288
  0.0291  0.0290  0.0289  0.0290  0.0290  0.0289  0.0291  0.0292  0.0289  0.0291  0.0289  0.0289
registration optimization eta report
parameter search radius
    0.8000    0.8000    0.8000    2.4000    2.4000    2.4000
    2.4000    2.4000    2.4000    2.4000    2.4000    2.4000
100000*second partial in parameter space
       56.       41.       29.        4.        4.        3.
        5.        8.        3.        6.        3.        3.
  0.0291  0.0290  0.0290  0.0290  0.0290  0.0289  0.0291  0.0292  0.0289  0.0291  0.0289  0.0289
  0.0289  0.0289  0.0289  0.0288  0.0288  0.0289  0.0289  0.0290  0.0288  0.0289  0.0288  0.0288
  0.0288  0.0288  0.0288  0.0288  0.0288  0.0288  0.0288  0.0288  0.0288  0.0288  0.0288  0.0288
  0.0288  0.0288  0.0288  0.0288  0.0288  0.0288  0.0288  0.0288  0.0288  0.0288  0.0288  0.0288
  0.0288  0.0288  0.0288  0.0288  0.0288  0.0288  0.0288  0.0288  0.0288  0.0288  0.0288  0.0288
  0.0289  0.0289  0.0288  0.0289  0.0289  0.0288  0.0289  0.0290  0.0288  0.0289  0.0288  0.0288
  0.0291  0.0290  0.0289  0.0290  0.0290  0.0289  0.0291  0.0292  0.0289  0.0291  0.0289  0.0289
   -1.8342  -17.5656   13.4294  -15.6729  -14.8207   -4.7344
    4.3609    1.4043   -4.8834   -4.8778    0.7583    5.2711
eta,q 0.97125 11.86165

---------------------------------------------------------------------
compute_vox2vox talsrcimg talsrcimg_to_711-2C_as_mni_average_305_t4 /opt/freesurfer/average/711-2C_as_mni_average_305
---------------------------------------------------------------------

freesurfer compute_vox2vox.c
Reading: talsrcimg.4dfp.ifh
Reading: talsrcimg_to_711-2C_as_mni_average_305_t4
Reading: /opt/freesurfer/average/711-2C_as_mni_average_305.4dfp.ifh
Writing: talsrcimg_to_711-2C_as_mni_average_305_t4_vox2vox.txt

start time Sun Mar 8 20:03:11 CET 2026
end		time Sun Mar 8 20:03:25 CET 2026

mpr2mni305 success

avi2talxfm orig_nu.mgz /opt/freesurfer/average/mni305.cor.mgz talsrcimg_to_711-2C_as_mni_average_305_t4_vox2vox.txt transforms/talairach.auto.xfm
avi2talxfm done
mv -f /out/sourcedata/freesurfer/sub-v1s14x0051585_ses-1/mri/talsrcimg_to_711-2C_as_mni_average_305_t4_vox2vox.txt /out/sourcedata/freesurfer/sub-v1s14x0051585_ses-1/mri/transforms/talsrcimg_to_711-2C_as_mni_average_305_t4_vox2vox.txt
lta_convert --src orig_nu.mgz --trg /opt/freesurfer/average/mni305.cor.mgz --inxfm transforms/talairach.auto.xfm --outlta transforms/talairach.auto.xfm.lta --subject fsaverage
7.3.2

--src: orig_nu.mgz src image (geometry).
--trg: /opt/freesurfer/average/mni305.cor.mgz trg image (geometry).
--inmni: transforms/talairach.auto.xfm input MNI/XFM transform.
--outlta: transforms/talairach.auto.xfm.lta output LTA.
--s: fsaverage subject name
 LTA read, type : 1
 1.18261  -0.02047  -0.05928   1.54437;
-0.01312   1.04661  -0.06409  -31.37195;
 0.06705   0.05876   1.16692  -29.36176;
 0.00000   0.00000   0.00000   1.00000;
setting subject to fsaverage
Writing  LTA to file transforms/talairach.auto.xfm.lta...
lta_convert successful.
 
 
Started at Sun Mar 8 20:03:11 CET 2026
Ended   at Sun Mar  8 20:03:26 CET 2026
talairach_avi done
