/out/sourcedata/freesurfer/sub-v1s14x0051575_ses-1/mri
/opt/freesurfer/bin/talairach_avi
--i orig_nu.mgz --xfm transforms/talairach.auto.xfm
talairach_avi 7.3.2
Linux dna079 5.14.0-427.37.1.el9_4.x86_64 #1 SMP PREEMPT_DYNAMIC Fri Sep 13 12:41:50 EDT 2024 x86_64 x86_64 x86_64 GNU/Linux
Sun Mar  8 18:54:50 CET 2026
mri_convert orig_nu.mgz talsrcimg.img 
reading from orig_nu.mgz...
TR=0.00, TE=0.00, TI=0.00, flip angle=0.00
i_ras = (-1, 2.09548e-09, 0)
j_ras = (0, 0, -1)
k_ras = (-1.97906e-09, 1, 0)
writing to talsrcimg.img...
Analyze Output Matrix
-1.00000   0.00000  -0.00000   132.10699;
 0.00000   0.00000   1.00000  -122.13533;
 0.00000  -1.00000   0.00000   160.32362;
 0.00000   0.00000   0.00000   1.00000;
--------------------
INFO: set hdr.hist.orient to -1
mpr2mni305 talsrcimg
Sun Mar  8 18:54:50 CET 2026
/opt/freesurfer/bin/mpr2mni305 talsrcimg
mpr2mni305 7.3.2
target=711-2C_as_mni_average_305

---------------------------------------------------------------------
analyzeto4dfp talsrcimg -O0 -y
---------------------------------------------------------------------

freesurfer ifh2hdr.c
Sun Mar  8 18:54:51 2026
Writing: talsrcimg.4dfp.hdr
freesurfer analyzeto4dfp.c
Reading: talsrcimg.hdr
header size 348 bytes
hdr.dime.datatype	offset=70	value=2
hdr.dime.bitpix		offset=72	value=8
hdr.hist.orient		offset=252	value=-1
dimensionality     4
dimensions       256       256       256         1
Reading: talsrcimg.img
Writing: talsrcimg.4dfp.img
Writing: talsrcimg.4dfp.ifh
ifh2hdr talsrcimg -r0to247
ori=2

---------------------------------------------------------------------
gauss_4dfp talsrcimg 1.1
---------------------------------------------------------------------

freesurfer gauss_4dfp.c
Reading: talsrcimg.4dfp.img
Writing: talsrcimg_g11.4dfp.img
image dimensions 256 256 256 padded to 288 288 288
processing volume 1freesurfer ifh2hdr.c
Sun Mar  8 18:54:52 2026
Writing: talsrcimg_g11.4dfp.hdr

Writing: talsrcimg_g11.4dfp.ifh
including: talsrcimg.4dfp.img.rec in talsrcimg_g11.4dfp.img.rec

---------------------------------------------------------------------
imgreg_4dfp /opt/freesurfer/average/711-2C_as_mni_average_305 none talsrcimg_g11 none talsrcimg_to_711-2C_as_mni_average_305_t4 4355
---------------------------------------------------------------------

freesurfer imgreg_4dfp.c
/opt/freesurfer/average/711-2C_as_mni_average_305.4dfp.img
       256       256       256         1
  1.000000  1.000000  1.000000
orientation T byte_order littleendian
Reading image: /opt/freesurfer/average/711-2C_as_mni_average_305.4dfp.img
dimensions:      256       256       256
mmppix:       1.0000   -1.0000   -1.0000
center:     128.0000 -129.0000 -129.0000
talsrcimg_g11.4dfp.img
       256       256       256         1
  1.000000  1.000000  1.000000
orientation T byte_order littleendian
Reading image: talsrcimg_g11.4dfp.img
dimensions:      256       256       256
mmppix:       1.0000   -1.0000   -1.0000
center:     128.0000 -129.0000 -129.0000
t4_read: open error in t4_sub.f l:  41 t4_file(1:l)talsrcimg_to_711-2C_as_mni_average_305_t4 
t4_read: transform initialized to I4
rotation matrix determinant  1.000000
image alignment mode   4355 decimal     1103 hex
   -7.5000  -45.0000  -45.0000 8804.0449   13.0876
    0.0000  -45.0000  -45.0000 9168.0840   13.0837
    7.5000  -45.0000  -45.0000 8713.9131   13.0955
   -7.5000  -37.5000  -45.0000 9105.7939   13.1038
    0.0000  -37.5000  -45.0000 9485.7891   13.0940
    7.5000  -37.5000  -45.0000 9024.5830   13.1048
   -7.5000  -30.0000  -45.0000 9738.7471   13.1127
    0.0000  -30.0000  -45.000010153.4434   13.0985
    7.5000  -30.0000  -45.0000 9674.1836   13.1109
   -7.5000  -22.5000  -45.000010310.4277   13.1029
    0.0000  -22.5000  -45.000010752.2139   13.0911
    7.5000  -22.5000  -45.000010245.5547   13.1062
   -7.5000  -15.0000  -45.000010844.1523   13.0850
    0.0000  -15.0000  -45.000011316.7539   13.0802
    7.5000  -15.0000  -45.000010781.6689   13.0971
   -7.5000   -7.5000  -45.000011327.9902   13.0787
    0.0000   -7.5000  -45.000011817.3779   13.0773
    7.5000   -7.5000  -45.000011230.9902   13.0925
   -7.5000    0.0000  -45.000011698.9912   13.0876
    0.0000    0.0000  -45.000012181.9248   13.0837
    7.5000    0.0000  -45.000011570.7188   13.0955
   -7.5000    7.5000  -45.000010957.5674   13.1038
    0.0000    7.5000  -45.000011421.1670   13.0940
    7.5000    7.5000  -45.000010838.4229   13.1048
   -7.5000   15.0000  -45.000010092.7080   13.1127
    0.0000   15.0000  -45.000010510.2842   13.0985
    7.5000   15.0000  -45.0000 9979.0479   13.1109
   -7.5000   22.5000  -45.0000 9259.0908   13.1011
    0.0000   22.5000  -45.0000 9648.0742   13.0893
    7.5000   22.5000  -45.0000 9160.2686   13.1044
   -7.5000   30.0000  -45.0000 8292.0098   12.9106
    0.0000   30.0000  -45.0000 8646.3867   12.9059
    7.5000   30.0000  -45.0000 8218.4951   12.9226
   -7.5000   37.5000  -45.0000 7620.9775   12.9045
    0.0000   37.5000  -45.0000 7965.6450   12.9030
    7.5000   37.5000  -45.0000 7584.1304   12.9180
   -7.5000   45.0000  -45.0000 6706.2520   12.6276
    0.0000   45.0000  -45.0000 7003.0342   12.6238
    7.5000   45.0000  -45.0000 6683.1611   12.6352
   -7.5000  -45.0000  -37.5000 9397.3203   12.9328
    0.0000  -45.0000  -37.5000 9769.8408   12.9311
    7.5000  -45.0000  -37.5000 9276.1338   12.9421
   -7.5000  -37.5000  -37.5000 9707.7979   12.9457
    0.0000  -37.5000  -37.500010095.3857   12.9404
    7.5000  -37.5000  -37.5000 9597.3701   12.9517
   -7.5000  -30.0000  -37.500010349.5039   12.9496
    0.0000  -30.0000  -37.500010776.2744   12.9418
    7.5000  -30.0000  -37.500010269.7510   12.9558
   -7.5000  -22.5000  -37.500010972.1533   12.9377
    0.0000  -22.5000  -37.500011410.8086   12.9326
    7.5000  -22.5000  -37.500010871.4121   12.9493
   -7.5000  -15.0000  -37.500011527.6094   12.9230
    0.0000  -15.0000  -37.500012004.8535   12.9228
    7.5000  -15.0000  -37.500011443.1943   12.9402
   -7.5000   -7.5000  -37.500012030.7295   12.9217
    0.0000   -7.5000  -37.500012518.8018   12.9225
    7.5000   -7.5000  -37.500011930.6123   12.9372
   -7.5000    0.0000  -37.500012392.1191   12.9328
    0.0000    0.0000  -37.500012912.2197   12.9311
    7.5000    0.0000  -37.500012291.5381   12.9421
   -7.5000    7.5000  -37.500011561.8770   12.9457
    0.0000    7.5000  -37.500012073.0742   12.9404
    7.5000    7.5000  -37.500011479.1172   12.9517
   -7.5000   15.0000  -37.500010638.5479   12.9496
    0.0000   15.0000  -37.500011082.5088   12.9418
    7.5000   15.0000  -37.500010562.9229   12.9558
   -7.5000   22.5000  -37.5000 9731.7764   12.9359
    0.0000   22.5000  -37.500010135.6621   12.9309
    7.5000   22.5000  -37.5000 9667.3271   12.9475
   -7.5000   30.0000  -37.5000 8726.9385   12.7508
    0.0000   30.0000  -37.5000 9097.3184   12.7506
    7.5000   30.0000  -37.5000 8656.8711   12.7678
   -7.5000   37.5000  -37.5000 8035.9023   12.7495
    0.0000   37.5000  -37.5000 8392.2891   12.7503
    7.5000   37.5000  -37.5000 7984.5903   12.7648
   -7.5000   45.0000  -37.5000 7055.6880   12.4781
    0.0000   45.0000  -37.5000 7373.5586   12.4768
    7.5000   45.0000  -37.5000 7042.8247   12.4875
   -7.5000  -45.0000  -30.000010156.5166   13.3380
    0.0000  -45.0000  -30.000010557.2715   13.3330
    7.5000  -45.0000  -30.000010030.1309   13.3424
   -7.5000  -37.5000  -30.000010473.4160   13.3512
    0.0000  -37.5000  -30.000010903.1533   13.3437
    7.5000  -37.5000  -30.000010363.1172   13.3517
   -7.5000  -30.0000  -30.000011149.1768   13.3532
    0.0000  -30.0000  -30.000011610.8193   13.3450
    7.5000  -30.0000  -30.000011050.9102   13.3556
   -7.5000  -22.5000  -30.000011806.9268   13.3390
    0.0000  -22.5000  -30.000012273.9482   13.3340
    7.5000  -22.5000  -30.000011706.9121   13.3491
   -7.5000  -15.0000  -30.000012412.0674   13.3241
    0.0000  -15.0000  -30.000012902.7734   13.3227
    7.5000  -15.0000  -30.000012308.2139   13.3406
   -7.5000   -7.5000  -30.000012934.1250   13.3252
    0.0000   -7.5000  -30.000013426.8750   13.3229
    7.5000   -7.5000  -30.000012815.0693   13.3379
   -7.5000    0.0000  -30.000013281.8135   13.3380
    0.0000    0.0000  -30.000013820.3750   13.3330
    7.5000    0.0000  -30.000013208.7373   13.3424
   -7.5000    7.5000  -30.000012381.7998   13.3512
    0.0000    7.5000  -30.000012913.9199   13.3437
    7.5000    7.5000  -30.000012332.1328   13.3517
   -7.5000   15.0000  -30.000011376.6172   13.3532
    0.0000   15.0000  -30.000011860.6016   13.3450
    7.5000   15.0000  -30.000011329.4268   13.3556
   -7.5000   22.5000  -30.000010382.8799   13.3358
    0.0000   22.5000  -30.000010817.9346   13.3308
    7.5000   22.5000  -30.000010337.1895   13.3459
   -7.5000   30.0000  -30.0000 9296.6084   13.1478
    0.0000   30.0000  -30.0000 9692.5371   13.1464
    7.5000   30.0000  -30.0000 9249.2363   13.1641
   -7.5000   37.5000  -30.0000 8553.1514   13.1489
    0.0000   37.5000  -30.0000 8921.4102   13.1467
    7.5000   37.5000  -30.0000 8506.4141   13.1614
   -7.5000   45.0000  -30.0000 7501.7119   12.8785
    0.0000   45.0000  -30.0000 7843.0654   12.8741
    7.5000   45.0000  -30.0000 7489.3330   12.8834
   -7.5000  -45.0000  -22.500010927.7939   13.7302
    0.0000  -45.0000  -22.500011378.7461   13.7208
    7.5000  -45.0000  -22.500010813.3955   13.7292
   -7.5000  -37.5000  -22.500011283.1211   13.7393
    0.0000  -37.5000  -22.500011765.4502   13.7265
    7.5000  -37.5000  -22.500011178.3936   13.7298
   -7.5000  -30.0000  -22.500011997.4629   13.7418
    0.0000  -30.0000  -22.500012498.9434   13.7274
    7.5000  -30.0000  -22.500011873.7822   13.7315
   -7.5000  -22.5000  -22.500012689.7783   13.7319
    0.0000  -22.5000  -22.500013189.1074   13.7205
    7.5000  -22.5000  -22.500012566.5439   13.7315
   -7.5000  -15.0000  -22.500013325.2910   13.7210
    0.0000  -15.0000  -22.500013847.6982   13.7139
    7.5000  -15.0000  -22.500013183.0459   13.7316
   -7.5000   -7.5000  -22.500013864.4873   13.7218
    0.0000   -7.5000  -22.500014404.3223   13.7151
    7.5000   -7.5000  -22.500013736.6768   13.7309
   -7.5000    0.0000  -22.500014220.2686   13.7302
    0.0000    0.0000  -22.500014795.0146   13.7208
    7.5000    0.0000  -22.500014141.8086   13.7292
   -7.5000    7.5000  -22.500013221.8066   13.7393
    0.0000    7.5000  -22.500013779.2852   13.7265
    7.5000    7.5000  -22.500013185.9131   13.7298
   -7.5000   15.0000  -22.500012157.2490   13.7418
    0.0000   15.0000  -22.500012665.0850   13.7274
    7.5000   15.0000  -22.500012135.2148   13.7315
   -7.5000   22.5000  -22.500011072.3574   13.7277
    0.0000   22.5000  -22.500011536.1641   13.7163
    7.5000   22.5000  -22.500011042.5928   13.7273
   -7.5000   30.0000  -22.5000 9905.1865   13.5415
    0.0000   30.0000  -22.500010332.7588   13.5345
    7.5000   30.0000  -22.5000 9860.4844   13.5520
   -7.5000   37.5000  -22.5000 9091.0400   13.5423
    0.0000   37.5000  -22.5000 9471.1533   13.5357
    7.5000   37.5000  -22.5000 9053.1465   13.5513
   -7.5000   45.0000  -22.5000 7960.7886   13.2668
    0.0000   45.0000  -22.5000 8309.9912   13.2579
    7.5000   45.0000  -22.5000 7952.3945   13.2663
   -7.5000  -45.0000  -15.000011753.0195   14.0628
    0.0000  -45.0000  -15.000012222.6162   14.0516
    7.5000  -45.0000  -15.000011599.8740   14.0603
   -7.5000  -37.5000  -15.000012153.6699   14.0698
    0.0000  -37.5000  -15.000012656.2520   14.0530
    7.5000  -37.5000  -15.000012005.3701   14.0552
   -7.5000  -30.0000  -15.000012919.7217   14.0747
    0.0000  -30.0000  -15.000013440.0098   14.0534
    7.5000  -30.0000  -15.000012754.4824   14.0549
   -7.5000  -22.5000  -15.000013624.7275   14.0693
    0.0000  -22.5000  -15.000014180.1240   14.0503
    7.5000  -22.5000  -15.000013468.9248   14.0586
   -7.5000  -15.0000  -15.000014271.5859   14.0602
    0.0000  -15.0000  -15.000014843.6367   14.0477
    7.5000  -15.0000  -15.000014118.9863   14.0640
   -7.5000   -7.5000  -15.000014817.0889   14.0584
    0.0000   -7.5000  -15.000015414.6855   14.0495
    7.5000   -7.5000  -15.000014699.1191   14.0653
   -7.5000    0.0000  -15.000015163.1973   14.0628
    0.0000    0.0000  -15.000015771.6016   14.0516
    7.5000    0.0000  -15.000015092.7314   14.0603
   -7.5000    7.5000  -15.000014107.6143   14.0698
    0.0000    7.5000  -15.000014671.9854   14.0530
    7.5000    7.5000  -15.000014091.3877   14.0552
   -7.5000   15.0000  -15.000012945.3311   14.0747
    0.0000   15.0000  -15.000013467.1260   14.0534
    7.5000   15.0000  -15.000012947.2139   14.0549
   -7.5000   22.5000  -15.000011796.4717   14.0643
    0.0000   22.5000  -15.000012251.8320   14.0453
    7.5000   22.5000  -15.000011777.9678   14.0537
   -7.5000   30.0000  -15.000010568.3271   13.8782
    0.0000   30.0000  -15.000010997.8516   13.8659
    7.5000   30.0000  -15.000010532.0244   13.8820
   -7.5000   37.5000  -15.0000 9669.6621   13.8764
    0.0000   37.5000  -15.000010064.4131   13.8677
    7.5000   37.5000  -15.0000 9643.9092   13.8833
   -7.5000   45.0000  -15.0000 8455.0566   13.5959
    0.0000   45.0000  -15.0000 8814.7168   13.5851
    7.5000   45.0000  -15.0000 8459.1670   13.5936
   -7.5000  -45.0000   -7.500012609.6602   14.2378
    0.0000  -45.0000   -7.500013126.2764   14.2310
    7.5000  -45.0000   -7.500012434.9014   14.2416
   -7.5000  -37.5000   -7.500013082.0791   14.2489
    0.0000  -37.5000   -7.500013639.1875   14.2352
    7.5000  -37.5000   -7.500012905.5293   14.2415
   -7.5000  -30.0000   -7.500013935.0488   14.2556
    0.0000  -30.0000   -7.500014502.0273   14.2357
    7.5000  -30.0000   -7.500013720.3838   14.2418
   -7.5000  -22.5000   -7.500014676.9961   14.2483
    0.0000  -22.5000   -7.500015281.3818   14.2300
    7.5000  -22.5000   -7.500014466.0127   14.2408
   -7.5000  -15.0000   -7.500015334.2627   14.2348
    0.0000  -15.0000   -7.500015951.9756   14.2246
    7.5000  -15.0000   -7.500015138.9736   14.2405
   -7.5000   -7.5000   -7.500015874.5312   14.2310
    0.0000   -7.5000   -7.500016532.4297   14.2260
    7.5000   -7.5000   -7.500015737.6123   14.2416
   -7.5000    0.0000   -7.500016215.3350   14.2378
    0.0000    0.0000   -7.500016910.8496   14.2310
    7.5000    0.0000   -7.500016125.6094   14.2416
   -7.5000    7.5000   -7.500015101.7705   14.2489
    0.0000    7.5000   -7.500015734.0088   14.2352
    7.5000    7.5000   -7.500015043.3584   14.2415
   -7.5000   15.0000   -7.500013869.3027   14.2556
    0.0000   15.0000   -7.500014416.0342   14.2357
    7.5000   15.0000   -7.500013827.5010   14.2418
   -7.5000   22.5000   -7.500012637.0557   14.2417
    0.0000   22.5000   -7.500013125.4053   14.2235
    7.5000   22.5000   -7.500012582.1924   14.2342
   -7.5000   30.0000   -7.500011317.3623   14.0502
    0.0000   30.0000   -7.500011783.9287   14.0401
    7.5000   30.0000   -7.500011277.2705   14.0558
   -7.5000   37.5000   -7.500010348.9492   14.0464
    0.0000   37.5000   -7.500010775.1748   14.0415
    7.5000   37.5000   -7.500010299.7979   14.0569
   -7.5000   45.0000   -7.5000 9049.9189   13.7674
    0.0000   45.0000   -7.5000 9435.4082   13.7607
    7.5000   45.0000   -7.5000 9038.1406   13.7710
   -7.5000  -45.0000    0.000013374.7012   14.2704
    0.0000  -45.0000    0.000013921.4238   14.2691
    7.5000  -45.0000    0.000013188.9316   14.2821
   -7.5000  -37.5000    0.000013924.7373   14.2862
    0.0000  -37.5000    0.000014531.3633   14.2788
    7.5000  -37.5000    0.000013713.2793   14.2908
   -7.5000  -30.0000    0.000014909.3574   14.2933
    0.0000  -30.0000    0.000015543.3730   14.2810
    7.5000  -30.0000    0.000014611.5127   14.2946
   -7.5000  -22.5000    0.000015723.0205   14.2821
    0.0000  -22.5000    0.000016382.2246   14.2718
    7.5000  -22.5000    0.000015404.8340   14.2881
   -7.5000  -15.0000    0.000016381.7305   14.2641
    0.0000  -15.0000    0.000017033.5762   14.2611
    7.5000  -15.0000    0.000016081.2021   14.2791
   -7.5000   -7.5000    0.000016958.9121   14.2597
    0.0000   -7.5000    0.000017653.5938   14.2605
    7.5000   -7.5000    0.000016686.7715   14.2769
   -7.5000    0.0000    0.000017338.9844   14.2704
    0.0000    0.0000    0.000018070.5195   14.2691
    7.5000    0.0000    0.000017101.2148   14.2821
   -7.5000    7.5000    0.000016151.6445   14.2862
    0.0000    7.5000    0.000016826.2148   14.2788
    7.5000    7.5000    0.000015968.7900   14.2908
   -7.5000   15.0000    0.000014818.1318   14.2933
    0.0000   15.0000    0.000015451.0684   14.2810
    7.5000   15.0000    0.000014687.4180   14.2946
   -7.5000   22.5000    0.000013464.4590   14.2755
    0.0000   22.5000    0.000014037.9219   14.2652
    7.5000   22.5000    0.000013350.4365   14.2815
   -7.5000   30.0000    0.000012075.8027   14.0795
    0.0000   30.0000    0.000012592.1963   14.0765
    7.5000   30.0000    0.000011995.6045   14.0943
   -7.5000   37.5000    0.000011005.9297   14.0751
    0.0000   37.5000    0.000011476.6016   14.0760
    7.5000   37.5000    0.000010941.0469   14.0921
   -7.5000   45.0000    0.0000 9604.3252   13.8001
    0.0000   45.0000    0.000010021.7754   13.7988
    7.5000   45.0000    0.0000 9572.6523   13.8113
   -7.5000  -45.0000    7.500013158.5957   14.2655
    0.0000  -45.0000    7.500013691.0576   14.2645
    7.5000  -45.0000    7.500012926.2588   14.2768
   -7.5000  -37.5000    7.500013795.2480   14.2810
    0.0000  -37.5000    7.500014356.3613   14.2760
    7.5000  -37.5000    7.500013439.7354   14.2886
   -7.5000  -30.0000    7.500014931.9248   14.2856
    0.0000  -30.0000    7.500015546.6914   14.2781
    7.5000  -30.0000    7.500014430.2578   14.2935
   -7.5000  -22.5000    7.500015816.9648   14.2719
    0.0000  -22.5000    7.500016483.0957   14.2674
    7.5000  -22.5000    7.500015254.7559   14.2856
   -7.5000  -15.0000    7.500016340.7881   14.2544
    0.0000  -15.0000    7.500017012.2305   14.2551
    7.5000  -15.0000    7.500015863.2920   14.2744
   -7.5000   -7.5000    7.500016806.3125   14.2526
    0.0000   -7.5000    7.500017502.9766   14.2543
    7.5000   -7.5000    7.500016402.6738   14.2706
   -7.5000    0.0000    7.500017094.8984   14.2655
    0.0000    0.0000    7.500017811.3965   14.2645
    7.5000    0.0000    7.500016757.9824   14.2768
   -7.5000    7.5000    7.500015917.6289   14.2810
    0.0000    7.5000    7.500016558.1855   14.2760
    7.5000    7.5000    7.500015650.5732   14.2886
   -7.5000   15.0000    7.500014640.8389   14.2856
    0.0000   15.0000    7.500015245.8320   14.2781
    7.5000   15.0000    7.500014434.4580   14.2935
   -7.5000   22.5000    7.500013282.6035   14.2653
    0.0000   22.5000    7.500013845.3750   14.2608
    7.5000   22.5000    7.500013137.6279   14.2790
   -7.5000   30.0000    7.500011910.2773   14.0699
    0.0000   30.0000    7.500012423.5488   14.0707
    7.5000   30.0000    7.500011788.5498   14.0896
   -7.5000   37.5000    7.500010862.5674   14.0682
    0.0000   37.5000    7.500011331.6074   14.0698
    7.5000   37.5000    7.500010781.9795   14.0859
   -7.5000   45.0000    7.5000 9470.7549   13.7958
    0.0000   45.0000    7.5000 9884.3564   13.7951
    7.5000   45.0000    7.5000 9413.6904   13.8071
   -7.5000  -45.0000   15.000012770.4180   14.2586
    0.0000  -45.0000   15.000013247.6729   14.2536
    7.5000  -45.0000   15.000012468.2939   14.2635
   -7.5000  -37.5000   15.000013387.6152   14.2719
    0.0000  -37.5000   15.000013867.4023   14.2642
    7.5000  -37.5000   15.000012933.2666   14.2723
   -7.5000  -30.0000   15.000014635.1133   14.2736
    0.0000  -30.0000   15.000015200.2178   14.2652
    7.5000  -30.0000   15.000013958.8955   14.2760
   -7.5000  -22.5000   15.000015654.0107   14.2589
    0.0000  -22.5000   15.000016396.1699   14.2540
    7.5000  -22.5000   15.000014944.2207   14.2696
   -7.5000  -15.0000   15.000016113.9414   14.2439
    0.0000  -15.0000   15.000016941.5957   14.2428
    7.5000  -15.0000   15.000015604.9590   14.2616
   -7.5000   -7.5000   15.000016390.8555   14.2453
    0.0000   -7.5000   15.000017217.8594   14.2433
    7.5000   -7.5000   15.000016051.8047   14.2591
   -7.5000    0.0000   15.000016558.0527   14.2586
    0.0000    0.0000   15.000017307.3691   14.2536
    7.5000    0.0000   15.000016260.9355   14.2635
   -7.5000    7.5000   15.000015401.1445   14.2719
    0.0000    7.5000   15.000016070.0918   14.2642
    7.5000    7.5000   15.000015168.3496   14.2723
   -7.5000   15.0000   15.000014195.1533   14.2736
    0.0000   15.0000   15.000014819.1260   14.2652
    7.5000   15.0000   15.000014038.1182   14.2760
   -7.5000   22.5000   15.000012912.2549   14.2524
    0.0000   22.5000   15.000013500.5537   14.2474
    7.5000   22.5000   15.000012809.3184   14.2631
   -7.5000   30.0000   15.000011580.2041   14.0595
    0.0000   30.0000   15.000012101.0586   14.0584
    7.5000   30.0000   15.000011493.9902   14.0771
   -7.5000   37.5000   15.000010592.2109   14.0610
    0.0000   37.5000   15.000011068.1221   14.0590
    7.5000   37.5000   15.000010519.8848   14.0745
   -7.5000   45.0000   15.0000 9183.7100   13.7896
    0.0000   45.0000   15.0000 9588.3477   13.7851
    7.5000   45.0000   15.0000 9122.0977   13.7949
   -7.5000  -45.0000   22.500012130.0459   14.2529
    0.0000  -45.0000   22.500012622.6973   14.2431
    7.5000  -45.0000   22.500011931.0049   14.2518
   -7.5000  -37.5000   22.500012629.8193   14.2623
    0.0000  -37.5000   22.500013096.0820   14.2490
    7.5000  -37.5000   22.500012396.7900   14.2525
   -7.5000  -30.0000   22.500013766.5029   14.2648
    0.0000  -30.0000   22.500014364.7383   14.2499
    7.5000  -30.0000   22.500013431.0010   14.2542
   -7.5000  -22.5000   22.500014810.1094   14.2546
    0.0000  -22.5000   22.500015682.0723   14.2428
    7.5000  -22.5000   22.500014455.3164   14.2542
   -7.5000  -15.0000   22.500015381.0078   14.2433
    0.0000  -15.0000   22.500016299.4062   14.2359
    7.5000  -15.0000   22.500015126.1602   14.2543
   -7.5000   -7.5000   22.500015748.7441   14.2441
    0.0000   -7.5000   22.500016574.5234   14.2372
    7.5000   -7.5000   22.500015534.5977   14.2535
   -7.5000    0.0000   22.500015906.5049   14.2529
    0.0000    0.0000   22.500016637.2539   14.2431
    7.5000    0.0000   22.500015659.7510   14.2518
   -7.5000    7.5000   22.500014770.9717   14.2623
    0.0000    7.5000   22.500015446.8643   14.2490
    7.5000    7.5000   22.500014567.7715   14.2525
   -7.5000   15.0000   22.500013580.2949   14.2648
    0.0000   15.0000   22.500014181.8232   14.2499
    7.5000   15.0000   22.500013433.5840   14.2542
   -7.5000   22.5000   22.500012318.8984   14.2481
    0.0000   22.5000   22.500012878.0576   14.2362
    7.5000   22.5000   22.500012217.8691   14.2476
   -7.5000   30.0000   22.500011032.0176   14.0590
    0.0000   30.0000   22.500011525.6533   14.0517
    7.5000   30.0000   22.500010956.8330   14.0698
   -7.5000   37.5000   22.500010123.8340   14.0598
    0.0000   37.5000   22.500010580.8545   14.0530
    7.5000   37.5000   22.500010073.5723   14.0691
   -7.5000   45.0000   22.5000 8801.4395   13.7838
    0.0000   45.0000   22.5000 9199.3232   13.7745
    7.5000   45.0000   22.5000 8758.8984   13.7832
   -7.5000  -45.0000   30.000011328.5605   14.2587
    0.0000  -45.0000   30.000011809.6377   14.2473
    7.5000  -45.0000   30.000011240.8311   14.2561
   -7.5000  -37.5000   30.000011821.1572   14.2659
    0.0000  -37.5000   30.000012303.9053   14.2488
    7.5000  -37.5000   30.000011732.0244   14.2510
   -7.5000  -30.0000   30.000012867.2529   14.2709
    0.0000  -30.0000   30.000013522.9932   14.2493
    7.5000  -30.0000   30.000012747.0068   14.2507
   -7.5000  -22.5000   30.000013725.1289   14.2654
    0.0000  -22.5000   30.000014457.9727   14.2460
    7.5000  -22.5000   30.000013582.5400   14.2545
   -7.5000  -15.0000   30.000014235.7500   14.2561
    0.0000  -15.0000   30.000014865.3135   14.2434
    7.5000  -15.0000   30.000014078.1074   14.2599
   -7.5000   -7.5000   30.000014694.8096   14.2542
    0.0000   -7.5000   30.000015298.3896   14.2452
    7.5000   -7.5000   30.000014516.2246   14.2612
   -7.5000    0.0000   30.000014930.5166   14.2587
    0.0000    0.0000   30.000015530.1396   14.2473
    7.5000    0.0000   30.000014717.8369   14.2561
   -7.5000    7.5000   30.000013908.6562   14.2659
    0.0000    7.5000   30.000014484.0518   14.2488
    7.5000    7.5000   30.000013716.9404   14.2510
   -7.5000   15.0000   30.000012801.3164   14.2709
    0.0000   15.0000   30.000013346.5957   14.2493
    7.5000   15.0000   30.000012648.4346   14.2507
   -7.5000   22.5000   30.000011605.2852   14.2588
    0.0000   22.5000   30.000012128.0264   14.2395
    7.5000   22.5000   30.000011521.7871   14.2479
   -7.5000   30.0000   30.000010401.8467   14.0716
    0.0000   30.0000   30.000010864.8428   14.0590
    7.5000   30.0000   30.000010326.0947   14.0753
   -7.5000   37.5000   30.0000 9538.2930   14.0697
    0.0000   37.5000   30.0000 9967.1699   14.0608
    7.5000   37.5000   30.0000 9494.9434   14.0767
   -7.5000   45.0000   30.0000 8276.3535   13.7890
    0.0000   45.0000   30.0000 8638.8047   13.7780
    7.5000   45.0000   30.0000 8232.1328   13.7866
   -7.5000  -45.0000   37.500011050.9863   14.4262
    0.0000  -45.0000   37.500011515.0850   14.4194
    7.5000  -45.0000   37.500011009.5195   14.4299
   -7.5000  -37.5000   37.500011569.9658   14.4378
    0.0000  -37.5000   37.500012075.8271   14.4239
    7.5000  -37.5000   37.500011539.5547   14.4300
   -7.5000  -30.0000   37.500012522.2119   14.4451
    0.0000  -30.0000   37.500013149.5352   14.4250
    7.5000  -30.0000   37.500012491.3496   14.4307
   -7.5000  -22.5000   37.500013288.3564   14.4379
    0.0000  -22.5000   37.500013882.6201   14.4195
    7.5000  -22.5000   37.500013186.5303   14.4299
   -7.5000  -15.0000   37.500013824.3770   14.4240
    0.0000  -15.0000   37.500014331.7324   14.4138
    7.5000  -15.0000   37.500013664.2363   14.4295
   -7.5000   -7.5000   37.500014350.8184   14.4196
    0.0000   -7.5000   37.500014877.0273   14.4147
    7.5000   -7.5000   37.500014162.9326   14.4301
   -7.5000    0.0000   37.500014598.2490   14.4262
    0.0000    0.0000   37.500015146.5850   14.4194
    7.5000    0.0000   37.500014389.5391   14.4299
   -7.5000    7.5000   37.500013607.5361   14.4378
    0.0000    7.5000   37.500014135.7051   14.4239
    7.5000    7.5000   37.500013408.5391   14.4300
   -7.5000   15.0000   37.500012515.6816   14.4451
    0.0000   15.0000   37.500013024.3623   14.4250
    7.5000   15.0000   37.500012363.5596   14.4307
   -7.5000   22.5000   37.500011324.7041   14.4312
    0.0000   22.5000   37.500011819.0723   14.4129
    7.5000   22.5000   37.500011236.5645   14.4233
   -7.5000   30.0000   37.500010144.0049   14.2373
    0.0000   30.0000   37.500010587.9873   14.2273
    7.5000   30.0000   37.500010064.4580   14.2427
   -7.5000   37.5000   37.5000 9280.2773   14.2329
    0.0000   37.5000   37.5000 9683.8574   14.2281
    7.5000   37.5000   37.5000 9241.4443   14.2433
   -7.5000   45.0000   37.5000 8065.7808   13.9507
    0.0000   45.0000   37.5000 8401.2373   13.9440
    7.5000   45.0000   37.5000 8013.8384   13.9541
   -7.5000  -45.0000   45.000010307.8506   14.5764
    0.0000  -45.0000   45.000010754.4932   14.5735
    7.5000  -45.0000   45.000010274.3496   14.5855
   -7.5000  -37.5000   45.000010781.5713   14.5916
    0.0000  -37.5000   45.000011277.0420   14.5824
    7.5000  -37.5000   45.000010775.0908   14.5933
   -7.5000  -30.0000   45.000011579.9082   14.5982
    0.0000  -30.0000   45.000012131.9268   14.5839
    7.5000  -30.0000   45.000011565.2422   14.5963
   -7.5000  -22.5000   45.000012256.2500   14.5870
    0.0000  -22.5000   45.000012760.2461   14.5750
    7.5000  -22.5000   45.000012173.1895   14.5900
   -7.5000  -15.0000   45.000012787.6084   14.5694
    0.0000  -15.0000   45.000013285.5029   14.5649
    7.5000  -15.0000   45.000012686.0488   14.5817
   -7.5000   -7.5000   45.000013331.6729   14.5655
    0.0000   -7.5000   45.000013857.7725   14.5649
    7.5000   -7.5000   45.000013210.8145   14.5802
   -7.5000    0.0000   45.000013560.8730   14.5764
    0.0000    0.0000   45.000014086.1797   14.5735
    7.5000    0.0000   45.000013404.3320   14.5855
   -7.5000    7.5000   45.000012659.1572   14.5916
    0.0000    7.5000   45.000013144.7861   14.5824
    7.5000    7.5000   45.000012478.3545   14.5933
   -7.5000   15.0000   45.000011639.8359   14.5982
    0.0000   15.0000   45.000012123.9404   14.5839
    7.5000   15.0000   45.000011506.4375   14.5963
   -7.5000   22.5000   45.000010517.1465   14.5803
    0.0000   22.5000   45.000010978.7744   14.5682
    7.5000   22.5000   45.000010423.9482   14.5832
   -7.5000   30.0000   45.0000 9385.4297   14.3796
    0.0000   30.0000   45.0000 9789.1201   14.3751
    7.5000   30.0000   45.0000 9315.0967   14.3918
   -7.5000   37.5000   45.0000 8588.4492   14.3757
    0.0000   37.5000   45.0000 8947.8486   14.3752
    7.5000   37.5000   45.0000 8540.9092   14.3903
   -7.5000   45.0000   45.0000 7463.9990   14.0955
    0.0000   45.0000   45.0000 7762.9214   14.0928
    7.5000   45.0000   45.0000 7417.4473   14.1043

---------------------------------------------------------------------
imgreg_4dfp /opt/freesurfer/average/711-2C_as_mni_average_305 /opt/freesurfer/average/711-2B_as_mni_average_305_mask talsrcimg_g11 none talsrcimg_to_711-2C_as_mni_average_305_t4 4355
---------------------------------------------------------------------

freesurfer imgreg_4dfp.c
/opt/freesurfer/average/711-2C_as_mni_average_305.4dfp.img
       256       256       256         1
  1.000000  1.000000  1.000000
orientation T byte_order littleendian
Reading image: /opt/freesurfer/average/711-2C_as_mni_average_305.4dfp.img
dimensions:      256       256       256
mmppix:       1.0000   -1.0000   -1.0000
center:     128.0000 -129.0000 -129.0000
/opt/freesurfer/average/711-2B_as_mni_average_305_mask.4dfp.img
       256       256       256         1
  1.000000  1.000000  1.000000
orientation T byte_order littleendian
Reading mask: /opt/freesurfer/average/711-2B_as_mni_average_305_mask.4dfp.img (2306576 pixels)
talsrcimg_g11.4dfp.img
       256       256       256         1
  1.000000  1.000000  1.000000
orientation T byte_order littleendian
Reading image: talsrcimg_g11.4dfp.img
dimensions:      256       256       256
mmppix:       1.0000   -1.0000   -1.0000
center:     128.0000 -129.0000 -129.0000
rotation matrix determinant  1.000000
image alignment mode   4355 decimal     1103 hex
   -7.5000  -45.0000  -45.0000 2267.9121   13.6601
    0.0000  -45.0000  -45.0000 2272.3386   13.6819
    7.5000  -45.0000  -45.0000 2249.2852   13.9070
   -7.5000  -37.5000  -45.0000 2299.8252   13.2314
    0.0000  -37.5000  -45.0000 2302.2085   13.2352
    7.5000  -37.5000  -45.0000 2282.9553   13.4296
   -7.5000  -30.0000  -45.0000 2311.8169   13.0493
    0.0000  -30.0000  -45.0000 2320.3135   13.0228
    7.5000  -30.0000  -45.0000 2298.8660   13.2287
   -7.5000  -22.5000  -45.0000 2302.4639   13.1613
    0.0000  -22.5000  -45.0000 2313.9492   13.1139
    7.5000  -22.5000  -45.0000 2290.7561   13.3199
   -7.5000  -15.0000  -45.0000 2272.4668   13.5168
    0.0000  -15.0000  -45.0000 2285.0437   13.4838
    7.5000  -15.0000  -45.0000 2263.7637   13.6643
   -7.5000   -7.5000  -45.0000 2229.9019   14.0785
    0.0000   -7.5000  -45.0000 2239.9170   14.0637
    7.5000   -7.5000  -45.0000 2219.5146   14.2442
   -7.5000    0.0000  -45.0000 2172.3379   14.9228
    0.0000    0.0000  -45.0000 2181.3684   14.8745
    7.5000    0.0000  -45.0000 2159.7288   15.0814
   -7.5000    7.5000  -45.0000 2104.7915   16.0799
    0.0000    7.5000  -45.0000 2116.2158   16.0421
    7.5000    7.5000  -45.0000 2094.8159   16.2336
   -7.5000   15.0000  -45.0000 2019.1863   17.6196
    0.0000   15.0000  -45.0000 2027.9762   17.5388
    7.5000   15.0000  -45.0000 2008.8921   17.7641
   -7.5000   22.5000  -45.0000 1921.2776   19.5479
    0.0000   22.5000  -45.0000 1926.6696   19.4977
    7.5000   22.5000  -45.0000 1913.5792   19.7638
   -7.5000   30.0000  -45.0000 1810.9716   22.1438
    0.0000   30.0000  -45.0000 1814.3116   22.0921
    7.5000   30.0000  -45.0000 1804.1040   22.4693
   -7.5000   37.5000  -45.0000 1703.5483   25.6747
    0.0000   37.5000  -45.0000 1713.2902   25.5450
    7.5000   37.5000  -45.0000 1698.5040   26.0859
   -7.5000   45.0000  -45.0000 1589.3119   30.4490
    0.0000   45.0000  -45.0000 1594.2863   30.3810
    7.5000   45.0000  -45.0000 1580.0243   30.9917
   -7.5000  -45.0000  -37.5000 2370.3979   12.6802
    0.0000  -45.0000  -37.5000 2376.9502   12.6944
    7.5000  -45.0000  -37.5000 2346.8188   12.9054
   -7.5000  -37.5000  -37.5000 2402.7153   12.2364
    0.0000  -37.5000  -37.5000 2409.3218   12.2302
    7.5000  -37.5000  -37.5000 2381.5403   12.4368
   -7.5000  -30.0000  -37.5000 2418.9749   11.9875
    0.0000  -30.0000  -37.5000 2424.7390   11.9872
    7.5000  -30.0000  -37.5000 2398.4773   12.2024
   -7.5000  -22.5000  -37.5000 2415.3826   12.0617
    0.0000  -22.5000  -37.5000 2422.0437   12.0268
    7.5000  -22.5000  -37.5000 2393.9299   12.2527
   -7.5000  -15.0000  -37.5000 2383.5422   12.3874
    0.0000  -15.0000  -37.5000 2395.0249   12.3542
    7.5000  -15.0000  -37.5000 2367.9729   12.5457
   -7.5000   -7.5000  -37.5000 2339.6885   12.9010
    0.0000   -7.5000  -37.5000 2349.5027   12.8684
    7.5000   -7.5000  -37.5000 2324.5552   13.0387
   -7.5000    0.0000  -37.5000 2281.4897   13.6331
    0.0000    0.0000  -37.5000 2290.8943   13.5915
    7.5000    0.0000  -37.5000 2266.5261   13.7769
   -7.5000    7.5000  -37.5000 2213.4197   14.6297
    0.0000    7.5000  -37.5000 2223.4890   14.6103
    7.5000    7.5000  -37.5000 2196.4224   14.8086
   -7.5000   15.0000  -37.5000 2121.6428   15.9697
    0.0000   15.0000  -37.5000 2129.2432   15.9393
    7.5000   15.0000  -37.5000 2110.9661   16.1246
   -7.5000   22.5000  -37.5000 2012.8077   17.7308
    0.0000   22.5000  -37.5000 2021.6174   17.6782
    7.5000   22.5000  -37.5000 2008.8226   17.9170
   -7.5000   30.0000  -37.5000 1898.6353   20.0188
    0.0000   30.0000  -37.5000 1905.3518   20.0387
    7.5000   30.0000  -37.5000 1889.2141   20.3076
   -7.5000   37.5000  -37.5000 1788.8844   23.1130
    0.0000   37.5000  -37.5000 1800.0173   22.9981
    7.5000   37.5000  -37.5000 1781.5844   23.3494
   -7.5000   45.0000  -37.5000 1659.2299   27.2675
    0.0000   45.0000  -37.5000 1664.8094   27.2043
    7.5000   45.0000  -37.5000 1657.2201   27.6988
   -7.5000  -45.0000  -30.0000 2511.1311   12.2207
    0.0000  -45.0000  -30.0000 2516.6572   12.2007
    7.5000  -45.0000  -30.0000 2485.2776   12.3927
   -7.5000  -37.5000  -30.0000 2543.8418   11.7463
    0.0000  -37.5000  -30.0000 2552.0110   11.7206
    7.5000  -37.5000  -30.0000 2524.0740   11.9123
   -7.5000  -30.0000  -30.0000 2561.9858   11.4853
    0.0000  -30.0000  -30.0000 2571.4580   11.4823
    7.5000  -30.0000  -30.0000 2540.6501   11.6662
   -7.5000  -22.5000  -30.0000 2562.7366   11.4725
    0.0000  -22.5000  -30.0000 2569.1541   11.4494
    7.5000  -22.5000  -30.0000 2541.0049   11.6606
   -7.5000  -15.0000  -30.0000 2534.3735   11.7445
    0.0000  -15.0000  -30.0000 2544.2520   11.7129
    7.5000  -15.0000  -30.0000 2514.4226   11.8920
   -7.5000   -7.5000  -30.0000 2488.2043   12.2025
    0.0000   -7.5000  -30.0000 2498.0503   12.1696
    7.5000   -7.5000  -30.0000 2470.5898   12.3452
   -7.5000    0.0000  -30.0000 2425.4255   12.8813
    0.0000    0.0000  -30.0000 2439.9995   12.8391
    7.5000    0.0000  -30.0000 2417.2488   13.0320
   -7.5000    7.5000  -30.0000 2353.8135   13.8192
    0.0000    7.5000  -30.0000 2367.1433   13.7955
    7.5000    7.5000  -30.0000 2343.3557   13.9666
   -7.5000   15.0000  -30.0000 2255.3032   15.1027
    0.0000   15.0000  -30.0000 2266.9280   15.0520
    7.5000   15.0000  -30.0000 2246.8203   15.2132
   -7.5000   22.5000  -30.0000 2143.4009   16.7431
    0.0000   22.5000  -30.0000 2156.0989   16.6957
    7.5000   22.5000  -30.0000 2137.7812   16.9210
   -7.5000   30.0000  -30.0000 2017.3621   18.8589
    0.0000   30.0000  -30.0000 2030.8640   18.8462
    7.5000   30.0000  -30.0000 2009.0634   19.1220
   -7.5000   37.5000  -30.0000 1900.1686   21.7513
    0.0000   37.5000  -30.0000 1913.4563   21.6690
    7.5000   37.5000  -30.0000 1895.0796   21.9208
   -7.5000   45.0000  -30.0000 1758.9353   25.5189
    0.0000   45.0000  -30.0000 1771.5188   25.4500
    7.5000   45.0000  -30.0000 1758.5570   25.8129
   -7.5000  -45.0000  -22.5000 2614.5083   11.6691
    0.0000  -45.0000  -22.5000 2627.6763   11.6172
    7.5000  -45.0000  -22.5000 2599.7156   11.7822
   -7.5000  -37.5000  -22.5000 2655.4561   11.2013
    0.0000  -37.5000  -22.5000 2671.6809   11.1467
    7.5000  -37.5000  -22.5000 2641.7261   11.3180
   -7.5000  -30.0000  -22.5000 2678.7593   10.9286
    0.0000  -30.0000  -22.5000 2695.6221   10.8887
    7.5000  -30.0000  -22.5000 2660.7000   11.0648
   -7.5000  -22.5000  -22.5000 2682.0657   10.8885
    0.0000  -22.5000  -22.5000 2695.1787   10.8449
    7.5000  -22.5000  -22.5000 2662.7969   11.0179
   -7.5000  -15.0000  -22.5000 2657.4702   11.0798
    0.0000  -15.0000  -22.5000 2668.5654   11.0258
    7.5000  -15.0000  -22.5000 2640.0696   11.2043
   -7.5000   -7.5000  -22.5000 2612.3286   11.4867
    0.0000   -7.5000  -22.5000 2623.1260   11.4181
    7.5000   -7.5000  -22.5000 2601.1079   11.5877
   -7.5000    0.0000  -22.5000 2548.6992   12.1183
    0.0000    0.0000  -22.5000 2562.3916   12.0537
    7.5000    0.0000  -22.5000 2540.4177   12.2345
   -7.5000    7.5000  -22.5000 2462.7339   13.0029
    0.0000    7.5000  -22.5000 2479.8538   12.9555
    7.5000    7.5000  -22.5000 2462.0479   13.1438
   -7.5000   15.0000  -22.5000 2361.2642   14.2082
    0.0000   15.0000  -22.5000 2376.7000   14.1265
    7.5000   15.0000  -22.5000 2358.4871   14.3115
   -7.5000   22.5000  -22.5000 2244.0554   15.7366
    0.0000   22.5000  -22.5000 2266.7261   15.6642
    7.5000   22.5000  -22.5000 2246.9070   15.8659
   -7.5000   30.0000  -22.5000 2118.2544   17.7219
    0.0000   30.0000  -22.5000 2136.7019   17.6797
    7.5000   30.0000  -22.5000 2109.5046   17.9161
   -7.5000   37.5000  -22.5000 1985.9167   20.3925
    0.0000   37.5000  -22.5000 1998.0546   20.2990
    7.5000   37.5000  -22.5000 1981.3029   20.5110
   -7.5000   45.0000  -22.5000 1841.5404   23.8915
    0.0000   45.0000  -22.5000 1851.1992   23.8185
    7.5000   45.0000  -22.5000 1844.5022   24.1414
   -7.5000  -45.0000  -15.0000 2689.2522   11.1315
    0.0000  -45.0000  -15.0000 2701.3298   11.0589
    7.5000  -45.0000  -15.0000 2675.5034   11.1879
   -7.5000  -37.5000  -15.0000 2738.8110   10.6965
    0.0000  -37.5000  -15.0000 2754.1162   10.6109
    7.5000  -37.5000  -15.0000 2725.1741   10.7265
   -7.5000  -30.0000  -15.0000 2764.6030   10.3982
    0.0000  -30.0000  -15.0000 2784.2634   10.3354
    7.5000  -30.0000  -15.0000 2753.5488   10.4783
   -7.5000  -22.5000  -15.0000 2773.8313   10.3296
    0.0000  -22.5000  -15.0000 2792.7307   10.2594
    7.5000  -22.5000  -15.0000 2757.0505   10.4208
   -7.5000  -15.0000  -15.0000 2748.9009   10.4658
    0.0000  -15.0000  -15.0000 2767.0674   10.3873
    7.5000  -15.0000  -15.0000 2737.3262   10.5610
   -7.5000   -7.5000  -15.0000 2704.1411   10.8352
    0.0000   -7.5000  -15.0000 2724.4878   10.7407
    7.5000   -7.5000  -15.0000 2700.2925   10.9024
   -7.5000    0.0000  -15.0000 2638.2554   11.4381
    0.0000    0.0000  -15.0000 2657.8032   11.3274
    7.5000    0.0000  -15.0000 2638.7561   11.5085
   -7.5000    7.5000  -15.0000 2549.9216   12.3024
    0.0000    7.5000  -15.0000 2566.0239   12.1975
    7.5000    7.5000  -15.0000 2549.1721   12.3719
   -7.5000   15.0000  -15.0000 2437.6963   13.4168
    0.0000   15.0000  -15.0000 2451.9097   13.3137
    7.5000   15.0000  -15.0000 2437.9141   13.4837
   -7.5000   22.5000  -15.0000 2319.8459   14.8476
    0.0000   22.5000  -15.0000 2336.2769   14.7278
    7.5000   22.5000  -15.0000 2321.9182   14.9270
   -7.5000   30.0000  -15.0000 2195.5090   16.6893
    0.0000   30.0000  -15.0000 2210.8318   16.6174
    7.5000   30.0000  -15.0000 2188.8760   16.8488
   -7.5000   37.5000  -15.0000 2048.2346   19.2012
    0.0000   37.5000  -15.0000 2060.8423   19.0930
    7.5000   37.5000  -15.0000 2043.4275   19.3135
   -7.5000   45.0000  -15.0000 1899.1014   22.4543
    0.0000   45.0000  -15.0000 1904.7484   22.4557
    7.5000   45.0000  -15.0000 1894.4445   22.6689
   -7.5000  -45.0000   -7.5000 2740.1221   10.6579
    0.0000  -45.0000   -7.5000 2752.0095   10.5956
    7.5000  -45.0000   -7.5000 2726.0876   10.6970
   -7.5000  -37.5000   -7.5000 2799.5483   10.1850
    0.0000  -37.5000   -7.5000 2816.1743   10.1375
    7.5000  -37.5000   -7.5000 2789.5547   10.2575
   -7.5000  -30.0000   -7.5000 2835.4275    9.9006
    0.0000  -30.0000   -7.5000 2854.3081    9.8501
    7.5000  -30.0000   -7.5000 2823.5161    9.9986
   -7.5000  -22.5000   -7.5000 2850.9653    9.8000
    0.0000  -22.5000   -7.5000 2870.3159    9.7385
    7.5000  -22.5000   -7.5000 2831.3782    9.9109
   -7.5000  -15.0000   -7.5000 2826.2896    9.9149
    0.0000  -15.0000   -7.5000 2844.4807    9.8351
    7.5000  -15.0000   -7.5000 2811.0256    9.9961
   -7.5000   -7.5000   -7.5000 2780.5417   10.2384
    0.0000   -7.5000   -7.5000 2802.4922   10.1431
    7.5000   -7.5000   -7.5000 2776.4387   10.3217
   -7.5000    0.0000   -7.5000 2711.4570   10.8133
    0.0000    0.0000   -7.5000 2730.3164   10.7191
    7.5000    0.0000   -7.5000 2707.3516   10.9079
   -7.5000    7.5000   -7.5000 2621.1707   11.6405
    0.0000    7.5000   -7.5000 2636.1384   11.5581
    7.5000    7.5000   -7.5000 2617.9456   11.7219
   -7.5000   15.0000   -7.5000 2507.7710   12.7133
    0.0000   15.0000   -7.5000 2523.5632   12.6097
    7.5000   15.0000   -7.5000 2502.7197   12.7908
   -7.5000   22.5000   -7.5000 2391.1218   14.0619
    0.0000   22.5000   -7.5000 2402.3533   13.9444
    7.5000   22.5000   -7.5000 2381.6394   14.1191
   -7.5000   30.0000   -7.5000 2256.4324   15.8064
    0.0000   30.0000   -7.5000 2271.8127   15.6955
    7.5000   30.0000   -7.5000 2252.8467   15.9133
   -7.5000   37.5000   -7.5000 2109.3601   18.0945
    0.0000   37.5000   -7.5000 2116.6870   18.0156
    7.5000   37.5000   -7.5000 2098.1038   18.2309
   -7.5000   45.0000   -7.5000 1945.5426   21.0979
    0.0000   45.0000   -7.5000 1949.9601   21.0807
    7.5000   45.0000   -7.5000 1940.7687   21.3561
   -7.5000  -45.0000    0.0000 2773.5574   10.3091
    0.0000  -45.0000    0.0000 2783.0808   10.2610
    7.5000  -45.0000    0.0000 2763.3459   10.3594
   -7.5000  -37.5000    0.0000 2839.0620    9.8359
    0.0000  -37.5000    0.0000 2853.0745    9.8078
    7.5000  -37.5000    0.0000 2832.7817    9.9092
   -7.5000  -30.0000    0.0000 2887.0020    9.5646
    0.0000  -30.0000    0.0000 2902.5022    9.5317
    7.5000  -30.0000    0.0000 2871.3743    9.6437
   -7.5000  -22.5000    0.0000 2906.5127    9.4370
    0.0000  -22.5000    0.0000 2924.1396    9.4016
    7.5000  -22.5000    0.0000 2887.8884    9.5291
   -7.5000  -15.0000    0.0000 2882.6274    9.4879
    0.0000  -15.0000    0.0000 2902.2939    9.4258
    7.5000  -15.0000    0.0000 2866.2197    9.5827
   -7.5000   -7.5000    0.0000 2840.4121    9.7851
    0.0000   -7.5000    0.0000 2858.2036    9.7130
    7.5000   -7.5000    0.0000 2830.2737    9.8680
   -7.5000    0.0000    0.0000 2770.6328   10.3486
    0.0000    0.0000    0.0000 2787.6907   10.2777
    7.5000    0.0000    0.0000 2763.5850   10.4175
   -7.5000    7.5000    0.0000 2676.8335   11.1624
    0.0000    7.5000    0.0000 2694.5557   11.0781
    7.5000    7.5000    0.0000 2672.9653   11.2372
   -7.5000   15.0000    0.0000 2562.2041   12.1946
    0.0000   15.0000    0.0000 2580.2610   12.1129
    7.5000   15.0000    0.0000 2558.3345   12.2807
   -7.5000   22.5000    0.0000 2436.1731   13.4794
    0.0000   22.5000    0.0000 2451.8486   13.3789
    7.5000   22.5000    0.0000 2429.7009   13.5504
   -7.5000   30.0000    0.0000 2307.6509   15.1560
    0.0000   30.0000    0.0000 2323.1584   15.0336
    7.5000   30.0000    0.0000 2304.0679   15.2432
   -7.5000   37.5000    0.0000 2150.0291   17.2270
    0.0000   37.5000    0.0000 2162.1956   17.1457
    7.5000   37.5000    0.0000 2140.5496   17.3680
   -7.5000   45.0000    0.0000 1979.8678   20.0137
    0.0000   45.0000    0.0000 1986.5892   19.9262
    7.5000   45.0000    0.0000 1974.3782   20.1822
   -7.5000  -45.0000    7.5000 2788.0388   10.1503
    0.0000  -45.0000    7.5000 2803.1360   10.0849
    7.5000  -45.0000    7.5000 2782.3567   10.1595
   -7.5000  -37.5000    7.5000 2876.3281    9.7129
    0.0000  -37.5000    7.5000 2888.1453    9.6540
    7.5000  -37.5000    7.5000 2863.1687    9.6944
   -7.5000  -30.0000    7.5000 2931.9231    9.4652
    0.0000  -30.0000    7.5000 2946.8992    9.4140
    7.5000  -30.0000    7.5000 2916.0342    9.4339
   -7.5000  -22.5000    7.5000 2949.0894    9.3401
    0.0000  -22.5000    7.5000 2972.8330    9.2913
    7.5000  -22.5000    7.5000 2936.7510    9.3031
   -7.5000  -15.0000    7.5000 2922.9543    9.2611
    0.0000  -15.0000    7.5000 2944.8823    9.2093
    7.5000  -15.0000    7.5000 2912.5320    9.3021
   -7.5000   -7.5000    7.5000 2876.4746    9.4926
    0.0000   -7.5000    7.5000 2895.9636    9.4427
    7.5000   -7.5000    7.5000 2867.2104    9.5710
   -7.5000    0.0000    7.5000 2804.6682   10.0261
    0.0000    0.0000    7.5000 2824.0281    9.9656
    7.5000    0.0000    7.5000 2800.6104   10.0858
   -7.5000    7.5000    7.5000 2710.8093   10.8204
    0.0000    7.5000    7.5000 2726.5767   10.7518
    7.5000    7.5000    7.5000 2707.7844   10.8751
   -7.5000   15.0000    7.5000 2598.8777   11.8180
    0.0000   15.0000    7.5000 2618.7009   11.7293
    7.5000   15.0000    7.5000 2597.3853   11.8660
   -7.5000   22.5000    7.5000 2474.4561   13.0995
    0.0000   22.5000    7.5000 2490.7866   12.9895
    7.5000   22.5000    7.5000 2471.2085   13.1407
   -7.5000   30.0000    7.5000 2343.9751   14.7005
    0.0000   30.0000    7.5000 2359.3606   14.5958
    7.5000   30.0000    7.5000 2336.2087   14.7818
   -7.5000   37.5000    7.5000 2177.3162   16.7181
    0.0000   37.5000    7.5000 2188.5481   16.6277
    7.5000   37.5000    7.5000 2174.2139   16.8224
   -7.5000   45.0000    7.5000 2005.3716   19.3661
    0.0000   45.0000    7.5000 2012.9088   19.2940
    7.5000   45.0000    7.5000 2005.6086   19.5310
   -7.5000  -45.0000   15.0000 2790.6367   10.1260
    0.0000  -45.0000   15.0000 2801.3374   10.0472
    7.5000  -45.0000   15.0000 2780.6541   10.0871
   -7.5000  -37.5000   15.0000 2895.3950    9.6796
    0.0000  -37.5000   15.0000 2905.9502    9.6147
    7.5000  -37.5000   15.0000 2871.8823    9.6212
   -7.5000  -30.0000   15.0000 2963.9763    9.4458
    0.0000  -30.0000   15.0000 2981.4446    9.3922
    7.5000  -30.0000   15.0000 2940.4167    9.3490
   -7.5000  -22.5000   15.0000 2975.1724    9.3695
    0.0000  -22.5000   15.0000 3004.7598    9.3309
    7.5000  -22.5000   15.0000 2963.0769    9.2502
   -7.5000  -15.0000   15.0000 2941.3933    9.2650
    0.0000  -15.0000   15.0000 2973.2654    9.2527
    7.5000  -15.0000   15.0000 2934.1455    9.2797
   -7.5000   -7.5000   15.0000 2885.6326    9.3885
    0.0000   -7.5000   15.0000 2908.7214    9.3992
    7.5000   -7.5000   15.0000 2881.7400    9.4973
   -7.5000    0.0000   15.0000 2813.1992    9.8429
    0.0000    0.0000   15.0000 2830.7996    9.8147
    7.5000    0.0000   15.0000 2813.9656    9.9300
   -7.5000    7.5000   15.0000 2720.3372   10.5967
    0.0000    7.5000   15.0000 2741.7681   10.5260
    7.5000    7.5000   15.0000 2724.1804   10.6599
   -7.5000   15.0000   15.0000 2612.0715   11.5916
    0.0000   15.0000   15.0000 2634.4885   11.5022
    7.5000   15.0000   15.0000 2616.1768   11.6622
   -7.5000   22.5000   15.0000 2486.0605   12.8617
    0.0000   22.5000   15.0000 2506.4897   12.7864
    7.5000   22.5000   15.0000 2487.1658   12.9647
   -7.5000   30.0000   15.0000 2350.2661   14.4397
    0.0000   30.0000   15.0000 2366.6047   14.3603
    7.5000   30.0000   15.0000 2348.0176   14.5492
   -7.5000   37.5000   15.0000 2188.9297   16.4859
    0.0000   37.5000   15.0000 2203.5874   16.3972
    7.5000   37.5000   15.0000 2190.2405   16.5479
   -7.5000   45.0000   15.0000 2012.2577   19.0823
    0.0000   45.0000   15.0000 2023.1926   18.9903
    7.5000   45.0000   15.0000 2013.9811   19.1788
   -7.5000  -45.0000   22.5000 2779.1162   10.1768
    0.0000  -45.0000   22.5000 2791.7495   10.1313
    7.5000  -45.0000   22.5000 2766.4202   10.1894
   -7.5000  -37.5000   22.5000 2891.3401    9.6625
    0.0000  -37.5000   22.5000 2902.5830    9.6215
    7.5000  -37.5000   22.5000 2869.6111    9.6829
   -7.5000  -30.0000   22.5000 2968.7849    9.4005
    0.0000  -30.0000   22.5000 2987.7883    9.3572
    7.5000  -30.0000   22.5000 2945.9082    9.4045
   -7.5000  -22.5000   22.5000 2980.3621    9.3637
    0.0000  -22.5000   22.5000 3012.8882    9.3468
    7.5000  -22.5000   22.5000 2969.9666    9.3426
   -7.5000  -15.0000   22.5000 2936.5632    9.3555
    0.0000  -15.0000   22.5000 2973.8499    9.3799
    7.5000  -15.0000   22.5000 2930.4497    9.4188
   -7.5000   -7.5000   22.5000 2874.6765    9.5137
    0.0000   -7.5000   22.5000 2902.2659    9.5200
    7.5000   -7.5000   22.5000 2868.5974    9.6391
   -7.5000    0.0000   22.5000 2799.4292    9.9412
    0.0000    0.0000   22.5000 2820.6907    9.8868
    7.5000    0.0000   22.5000 2797.7314   10.0337
   -7.5000    7.5000   22.5000 2709.7039   10.6418
    0.0000    7.5000   22.5000 2731.7844   10.5659
    7.5000    7.5000   22.5000 2714.7949   10.7022
   -7.5000   15.0000   22.5000 2606.5142   11.5840
    0.0000   15.0000   22.5000 2624.6467   11.4897
    7.5000   15.0000   22.5000 2610.4622   11.6442
   -7.5000   22.5000   22.5000 2479.9360   12.8046
    0.0000   22.5000   22.5000 2497.5537   12.6966
    7.5000   22.5000   22.5000 2483.2854   12.8641
   -7.5000   30.0000   22.5000 2341.6780   14.3640
    0.0000   30.0000   22.5000 2357.3345   14.2547
    7.5000   30.0000   22.5000 2343.0100   14.4585
   -7.5000   37.5000   22.5000 2182.8572   16.4138
    0.0000   37.5000   22.5000 2202.6816   16.3141
    7.5000   37.5000   22.5000 2191.9368   16.5266
   -7.5000   45.0000   22.5000 2008.7155   19.0178
    0.0000   45.0000   22.5000 2025.2468   18.9076
    7.5000   45.0000   22.5000 2017.1438   19.1354
   -7.5000  -45.0000   30.0000 2751.9988   10.3503
    0.0000  -45.0000   30.0000 2765.7185   10.2936
    7.5000  -45.0000   30.0000 2742.0564   10.3991
   -7.5000  -37.5000   30.0000 2858.1243    9.8226
    0.0000  -37.5000   30.0000 2871.1411    9.7725
    7.5000  -37.5000   30.0000 2849.9719    9.8813
   -7.5000  -30.0000   30.0000 2932.9783    9.5418
    0.0000  -30.0000   30.0000 2955.9585    9.5010
    7.5000  -30.0000   30.0000 2926.1033    9.5794
   -7.5000  -22.5000   30.0000 2951.3860    9.4588
    0.0000  -22.5000   30.0000 2981.1199    9.4448
    7.5000  -22.5000   30.0000 2949.2297    9.5080
   -7.5000  -15.0000   30.0000 2911.1577    9.4121
    0.0000  -15.0000   30.0000 2940.4758    9.3557
    7.5000  -15.0000   30.0000 2906.7649    9.5189
   -7.5000   -7.5000   30.0000 2853.0581    9.6378
    0.0000   -7.5000   30.0000 2879.3733    9.5242
    7.5000   -7.5000   30.0000 2848.4451    9.7373
   -7.5000    0.0000   30.0000 2778.6494   10.1232
    0.0000    0.0000   30.0000 2801.6101   10.0157
    7.5000    0.0000   30.0000 2778.0120   10.1964
   -7.5000    7.5000   30.0000 2688.3804   10.8746
    0.0000    7.5000   30.0000 2710.2769   10.8028
    7.5000    7.5000   30.0000 2692.9141   10.9516
   -7.5000   15.0000   30.0000 2579.6248   11.8443
    0.0000   15.0000   30.0000 2598.8411   11.7683
    7.5000   15.0000   30.0000 2581.8586   11.9097
   -7.5000   22.5000   30.0000 2451.3933   13.0296
    0.0000   22.5000   30.0000 2472.1355   12.9467
    7.5000   22.5000   30.0000 2460.5293   13.0961
   -7.5000   30.0000   30.0000 2315.4675   14.5509
    0.0000   30.0000   30.0000 2337.2107   14.4410
    7.5000   30.0000   30.0000 2322.7397   14.6218
   -7.5000   37.5000   30.0000 2165.6948   16.5485
    0.0000   37.5000   30.0000 2182.2825   16.4202
    7.5000   37.5000   30.0000 2176.6292   16.6245
   -7.5000   45.0000   30.0000 1992.0316   19.0524
    0.0000   45.0000   30.0000 2002.6611   18.9387
    7.5000   45.0000   30.0000 1999.6191   19.1645
   -7.5000  -45.0000   37.5000 2711.1458   10.7000
    0.0000  -45.0000   37.5000 2724.3274   10.6190
    7.5000  -45.0000   37.5000 2707.4829   10.8140
   -7.5000  -37.5000   37.5000 2807.9746   10.1776
    0.0000  -37.5000   37.5000 2823.4297   10.1135
    7.5000  -37.5000   37.5000 2809.2778   10.2666
   -7.5000  -30.0000   37.5000 2872.1267    9.8835
    0.0000  -30.0000   37.5000 2893.7891    9.8426
    7.5000  -30.0000   37.5000 2879.9712    9.9664
   -7.5000  -22.5000   37.5000 2892.5593    9.7425
    0.0000  -22.5000   37.5000 2918.8230    9.7050
    7.5000  -22.5000   37.5000 2901.4402    9.8102
   -7.5000  -15.0000   37.5000 2867.8181    9.6800
    0.0000  -15.0000   37.5000 2888.8333    9.5742
    7.5000  -15.0000   37.5000 2864.6760    9.7681
   -7.5000   -7.5000   37.5000 2824.7046    9.9404
    0.0000   -7.5000   37.5000 2848.2227    9.8171
    7.5000   -7.5000   37.5000 2821.2283   10.0200
   -7.5000    0.0000   37.5000 2758.9797   10.4802
    0.0000    0.0000   37.5000 2775.7939   10.3842
    7.5000    0.0000   37.5000 2755.8518   10.5542
   -7.5000    7.5000   37.5000 2664.5464   11.2269
    0.0000    7.5000   37.5000 2682.2769   11.1410
    7.5000    7.5000   37.5000 2665.1182   11.3129
   -7.5000   15.0000   37.5000 2544.2283   12.2163
    0.0000   15.0000   37.5000 2565.5076   12.1349
    7.5000   15.0000   37.5000 2551.2695   12.2885
   -7.5000   22.5000   37.5000 2414.6160   13.3978
    0.0000   22.5000   37.5000 2436.5354   13.2972
    7.5000   22.5000   37.5000 2426.8662   13.4576
   -7.5000   30.0000   37.5000 2284.2185   14.8700
    0.0000   30.0000   37.5000 2302.2083   14.7780
    7.5000   30.0000   37.5000 2289.0891   14.9624
   -7.5000   37.5000   37.5000 2128.5933   16.8005
    0.0000   37.5000   37.5000 2138.1909   16.7041
    7.5000   37.5000   37.5000 2138.6626   16.9098
   -7.5000   45.0000   37.5000 1960.4137   19.3672
    0.0000   45.0000   37.5000 1967.0372   19.2290
    7.5000   45.0000   37.5000 1966.4045   19.4440
   -7.5000  -45.0000   45.0000 2661.4500   11.2176
    0.0000  -45.0000   45.0000 2679.2444   11.1453
    7.5000  -45.0000   45.0000 2659.7273   11.3740
   -7.5000  -37.5000   45.0000 2750.7603   10.6874
    0.0000  -37.5000   45.0000 2767.2598   10.6326
    7.5000  -37.5000   45.0000 2753.4231   10.8201
   -7.5000  -30.0000   45.0000 2799.0142   10.3537
    0.0000  -30.0000   45.0000 2821.5212   10.3095
    7.5000  -30.0000   45.0000 2810.3525   10.4628
   -7.5000  -22.5000   45.0000 2821.8147   10.1636
    0.0000  -22.5000   45.0000 2846.0017   10.0703
    7.5000  -22.5000   45.0000 2832.3694   10.2221
   -7.5000  -15.0000   45.0000 2804.1431   10.1112
    0.0000  -15.0000   45.0000 2831.1714   10.0014
    7.5000  -15.0000   45.0000 2809.6743   10.1989
   -7.5000   -7.5000   45.0000 2773.2466   10.3825
    0.0000   -7.5000   45.0000 2799.1277   10.3013
    7.5000   -7.5000   45.0000 2775.4382   10.4887
   -7.5000    0.0000   45.0000 2711.6433   10.9422
    0.0000    0.0000   45.0000 2730.5129   10.8540
    7.5000    0.0000   45.0000 2707.8467   11.0394
   -7.5000    7.5000   45.0000 2622.6973   11.7044
    0.0000    7.5000   45.0000 2637.4939   11.6209
    7.5000    7.5000   45.0000 2616.4624   11.7964
   -7.5000   15.0000   45.0000 2505.7607   12.6662
    0.0000   15.0000   45.0000 2526.0649   12.6057
    7.5000   15.0000   45.0000 2508.1741   12.7674
   -7.5000   22.5000   45.0000 2375.0769   13.8698
    0.0000   22.5000   45.0000 2398.2217   13.7812
    7.5000   22.5000   45.0000 2382.2517   13.9408
   -7.5000   30.0000   45.0000 2235.5334   15.3381
    0.0000   30.0000   45.0000 2254.4939   15.2456
    7.5000   30.0000   45.0000 2244.1279   15.4193
   -7.5000   37.5000   45.0000 2078.6213   17.2545
    0.0000   37.5000   45.0000 2089.3765   17.1395
    7.5000   37.5000   45.0000 2087.2217   17.3537
   -7.5000   45.0000   45.0000 1918.4235   19.8057
    0.0000   45.0000   45.0000 1927.4542   19.7017
    7.5000   45.0000   45.0000 1921.7963   19.9214

---------------------------------------------------------------------
imgreg_4dfp /opt/freesurfer/average/711-2C_as_mni_average_305 /opt/freesurfer/average/711-2B_as_mni_average_305_mask talsrcimg_g11 none talsrcimg_to_711-2C_as_mni_average_305_t4 1283
---------------------------------------------------------------------

freesurfer imgreg_4dfp.c
/opt/freesurfer/average/711-2C_as_mni_average_305.4dfp.img
       256       256       256         1
  1.000000  1.000000  1.000000
orientation T byte_order littleendian
Reading image: /opt/freesurfer/average/711-2C_as_mni_average_305.4dfp.img
dimensions:      256       256       256
mmppix:       1.0000   -1.0000   -1.0000
center:     128.0000 -129.0000 -129.0000
/opt/freesurfer/average/711-2B_as_mni_average_305_mask.4dfp.img
       256       256       256         1
  1.000000  1.000000  1.000000
orientation T byte_order littleendian
Reading mask: /opt/freesurfer/average/711-2B_as_mni_average_305_mask.4dfp.img (2306576 pixels)
talsrcimg_g11.4dfp.img
       256       256       256         1
  1.000000  1.000000  1.000000
orientation T byte_order littleendian
Reading image: talsrcimg_g11.4dfp.img
dimensions:      256       256       256
mmppix:       1.0000   -1.0000   -1.0000
center:     128.0000 -129.0000 -129.0000
rotation matrix determinant  1.000000
fimgreg.f
image alignment mode   1283 decimal      503 hex
parameters
    0.0000  -22.5000   22.5000    0.0000    0.0000    0.0000
eta,q 0.94462  9.36181
niter,ni,del,rscale     5    3   12.0000    1.2000
parameter  4  1.755618 ->  0.500000 qaram    1.1500
parameter  6  0.670618 ->  0.500000 qaram    1.1500
parameters
   -0.4163  -23.9918   21.1903   -3.4500   -1.9757   -3.4500
eta,q 0.95338  9.29058
  0.0654  0.0568  0.0567  0.0493  0.0532  0.0471
  0.0608  0.0530  0.0553  0.0491  0.0502  0.0467
  0.0557  0.0527  0.0534  0.0506  0.0483  0.0467
  0.0545  0.0541  0.0533  0.0532  0.0494  0.0483
  0.0585  0.0552  0.0550  0.0560  0.0536  0.0518
  0.0632  0.0575  0.0582  0.0588  0.0583  0.0558
  0.0678  0.0624  0.0628  0.0606  0.0623  0.0597
niter,ni,del,rscale     6    3   12.0000    1.2000
parameter  4  0.699868 ->  0.500000 qaram    1.3225
parameters
   -0.5751  -23.6115   19.5441   -7.4175   -2.7029   -4.6804
eta,q 0.95571  9.37677
  0.0612  0.0567  0.0490  0.0457  0.0516  0.0492
  0.0543  0.0520  0.0484  0.0446  0.0479  0.0459
  0.0486  0.0488  0.0465  0.0450  0.0455  0.0443
  0.0466  0.0466  0.0465  0.0463  0.0445  0.0447
  0.0499  0.0475  0.0484  0.0511  0.0463  0.0463
  0.0560  0.0508  0.0519  0.0553  0.0509  0.0494
  0.0620  0.0545  0.0572  0.0583  0.0563  0.0537
niter,ni,del,rscale     6    3   12.0000    1.2000
parameters
   -0.5689  -22.7717   17.5509   -9.6541   -2.8058   -5.2371
eta,q 0.95733  9.38927
  0.0622  0.0569  0.0463  0.0476  0.0523  0.0498
  0.0543  0.0503  0.0443  0.0439  0.0477  0.0456
  0.0475  0.0461  0.0434  0.0427  0.0442  0.0433
  0.0443  0.0443  0.0443  0.0434  0.0427  0.0427
  0.0474  0.0450  0.0465  0.0464  0.0437  0.0442
  0.0548  0.0473  0.0494  0.0509  0.0477  0.0476
  0.0618  0.0509  0.0540  0.0564  0.0535  0.0523
niter,ni,del,rscale     5    3   12.0000    1.2000
parameters
   -0.5190  -22.4205   16.9533  -10.0513   -2.7898   -5.1773
eta,q 0.95767  9.39970
  0.0616  0.0559  0.0488  0.0511  0.0526  0.0509
  0.0531  0.0491  0.0449  0.0461  0.0476  0.0463
  0.0459  0.0446  0.0425  0.0430  0.0439  0.0435
  0.0427  0.0427  0.0426  0.0424  0.0423  0.0423
  0.0458  0.0439  0.0443  0.0441  0.0434  0.0432
  0.0530  0.0480  0.0473  0.0479  0.0473  0.0461
  0.0608  0.0527  0.0511  0.0525  0.0528  0.0507
niter,ni,del,rscale     4    3   12.0000    1.2000
parameters
   -0.5283  -22.4050   16.8015  -10.1424   -2.7811   -5.1365
eta,q 0.95777  9.40302
  0.0611  0.0548  0.0498  0.0518  0.0526  0.0508
  0.0526  0.0482  0.0457  0.0466  0.0475  0.0462
  0.0453  0.0439  0.0427  0.0432  0.0438  0.0434
  0.0423  0.0423  0.0423  0.0423  0.0422  0.0422
  0.0457  0.0442  0.0437  0.0438  0.0434  0.0431
  0.0531  0.0490  0.0464  0.0473  0.0473  0.0461
  0.0608  0.0540  0.0502  0.0519  0.0527  0.0507
niter,ni,del,rscale     3    3   12.0000    1.2000
parameters
   -0.5312  -22.4031   16.7656  -10.1651   -2.7806   -5.1249
eta,q 0.95779  9.40388
  0.0611  0.0548  0.0501  0.0520  0.0525  0.0507
  0.0525  0.0481  0.0459  0.0468  0.0475  0.0462
  0.0452  0.0438  0.0428  0.0433  0.0438  0.0434
  0.0422  0.0422  0.0422  0.0422  0.0422  0.0422
  0.0456  0.0442  0.0436  0.0437  0.0434  0.0431
  0.0530  0.0490  0.0462  0.0472  0.0473  0.0461
  0.0608  0.0540  0.0499  0.0518  0.0528  0.0507
registration optimization eta report
parameter search radius
    6.0000    6.0000    6.0000    7.9350    6.0000    6.9000
100000*second partial in parameter space
       50.       33.       22.       15.       29.       18.
  0.0611  0.0548  0.0501  0.0520  0.0525  0.0507
  0.0525  0.0481  0.0459  0.0468  0.0475  0.0462
  0.0452  0.0438  0.0428  0.0433  0.0438  0.0434
  0.0422  0.0422  0.0422  0.0422  0.0422  0.0422
  0.0456  0.0442  0.0436  0.0437  0.0434  0.0431
  0.0530  0.0490  0.0462  0.0472  0.0473  0.0461
  0.0608  0.0540  0.0499  0.0518  0.0528  0.0507
   -0.5312  -22.4031   16.7656  -10.1651   -2.7806   -5.1249
eta,q 0.95779  9.40388

---------------------------------------------------------------------
imgreg_4dfp /opt/freesurfer/average/711-2C_as_mni_average_305 /opt/freesurfer/average/711-2B_as_mni_average_305_mask talsrcimg_g11 none talsrcimg_to_711-2C_as_mni_average_305_t4 3335
---------------------------------------------------------------------

freesurfer imgreg_4dfp.c
/opt/freesurfer/average/711-2C_as_mni_average_305.4dfp.img
       256       256       256         1
  1.000000  1.000000  1.000000
orientation T byte_order littleendian
Reading image: /opt/freesurfer/average/711-2C_as_mni_average_305.4dfp.img
dimensions:      256       256       256
mmppix:       1.0000   -1.0000   -1.0000
center:     128.0000 -129.0000 -129.0000
/opt/freesurfer/average/711-2B_as_mni_average_305_mask.4dfp.img
       256       256       256         1
  1.000000  1.000000  1.000000
orientation T byte_order littleendian
Reading mask: /opt/freesurfer/average/711-2B_as_mni_average_305_mask.4dfp.img (2306576 pixels)
talsrcimg_g11.4dfp.img
       256       256       256         1
  1.000000  1.000000  1.000000
orientation T byte_order littleendian
Reading image: talsrcimg_g11.4dfp.img
dimensions:      256       256       256
mmppix:       1.0000   -1.0000   -1.0000
center:     128.0000 -129.0000 -129.0000
fimgreg.f
image alignment mode   3335 decimal      D07 hex
parameters
   -0.5312  -22.4031   16.7656   -0.5170   -1.8867   -1.6856
    7.9398    6.3324   -8.9222   17.1515   -4.8511  -17.6278
eta,q 0.95589  9.47185
niter,ni,del,rscale     5    3    5.0000    1.2000
parameter  4  2.024071 ->  0.500000 qaram    1.1500
parameter  5  2.196147 ->  0.500000 qaram    1.1500
parameter  6  1.286131 ->  0.500000 qaram    1.1500
parameter 12 -0.503459 -> -0.500000 qaram    1.1500
parameters
   -0.6351  -21.6269   17.3110   -4.6570   -6.0267   -5.8256
    8.2235    5.6370   -6.8686   16.7193   -5.9923  -13.4878
eta,q 0.96380  8.75565
  0.0469  0.0474  0.0453  0.0400  0.0369  0.0371  0.0394  0.0399  0.0392  0.0393  0.0373  0.0392
  0.0453  0.0458  0.0446  0.0412  0.0379  0.0367  0.0380  0.0381  0.0381  0.0378  0.0368  0.0380
  0.0443  0.0447  0.0442  0.0424  0.0395  0.0372  0.0372  0.0370  0.0372  0.0368  0.0365  0.0371
  0.0441  0.0441  0.0439  0.0439  0.0415  0.0383  0.0368  0.0368  0.0367  0.0366  0.0365  0.0365
  0.0446  0.0439  0.0439  0.0458  0.0437  0.0393  0.0370  0.0375  0.0366  0.0371  0.0368  0.0362
  0.0457  0.0442  0.0440  0.0480  0.0461  0.0400  0.0378  0.0391  0.0368  0.0383  0.0373  0.0362
  0.0473  0.0448  0.0444  0.0504  0.0488  0.0410  0.0390  0.0413  0.0374  0.0401  0.0380  0.0365
niter,ni,del,rscale     7    3    5.0000    1.2000
parameter  4  0.972031 ->  0.500000 qaram    1.3225
parameter  5  0.815227 ->  0.500000 qaram    1.3225
parameters
   -0.6735  -21.3076   17.5408   -9.4180  -10.7877   -5.4987
    7.3306    5.9012   -7.3985   16.1081   -5.9001  -12.9217
eta,q 0.96738  8.26269
  0.0391  0.0390  0.0380  0.0340  0.0327  0.0362  0.0346  0.0371  0.0340  0.0350  0.0335  0.0341
  0.0375  0.0376  0.0370  0.0341  0.0327  0.0346  0.0334  0.0350  0.0332  0.0336  0.0330  0.0333
  0.0366  0.0366  0.0364  0.0348  0.0331  0.0333  0.0328  0.0334  0.0327  0.0327  0.0327  0.0328
  0.0362  0.0362  0.0362  0.0362  0.0342  0.0327  0.0327  0.0327  0.0327  0.0327  0.0326  0.0326
  0.0365  0.0363  0.0363  0.0378  0.0361  0.0332  0.0333  0.0331  0.0330  0.0332  0.0327  0.0327
  0.0376  0.0368  0.0367  0.0400  0.0385  0.0343  0.0343  0.0345  0.0335  0.0342  0.0330  0.0331
  0.0393  0.0378  0.0374  0.0427  0.0412  0.0357  0.0357  0.0366  0.0343  0.0359  0.0335  0.0337
niter,ni,del,rscale     7    3    5.0000    1.2000
parameters
   -0.9774  -20.8099   17.4905  -11.8717  -13.3129   -5.2094
    7.8397    5.8759   -7.4785   16.5218   -6.6826  -12.5651
eta,q 0.96795  8.04740
  0.0349  0.0353  0.0338  0.0343  0.0338  0.0353  0.0345  0.0359  0.0332  0.0348  0.0326  0.0332
  0.0334  0.0340  0.0330  0.0330  0.0326  0.0338  0.0333  0.0339  0.0325  0.0333  0.0323  0.0325
  0.0327  0.0331  0.0326  0.0322  0.0321  0.0326  0.0325  0.0326  0.0321  0.0324  0.0321  0.0322
  0.0326  0.0326  0.0325  0.0325  0.0322  0.0321  0.0321  0.0321  0.0321  0.0321  0.0321  0.0320
  0.0333  0.0325  0.0327  0.0337  0.0331  0.0325  0.0322  0.0325  0.0322  0.0323  0.0322  0.0321
  0.0345  0.0329  0.0331  0.0355  0.0349  0.0335  0.0329  0.0339  0.0326  0.0330  0.0325  0.0324
  0.0363  0.0337  0.0338  0.0377  0.0376  0.0348  0.0339  0.0360  0.0332  0.0342  0.0330  0.0330
niter,ni,del,rscale     6    3    5.0000    1.2000
parameters
   -1.0866  -20.3160   17.3670  -12.2047  -13.8586   -5.3934
    8.0119    5.9524   -7.4306   17.1052   -6.8382  -12.7360
eta,q 0.96803  8.00956
  0.0346  0.0343  0.0330  0.0353  0.0348  0.0348  0.0342  0.0358  0.0331  0.0347  0.0327  0.0329
  0.0331  0.0332  0.0324  0.0336  0.0333  0.0334  0.0331  0.0339  0.0324  0.0332  0.0322  0.0324
  0.0323  0.0324  0.0321  0.0324  0.0323  0.0323  0.0323  0.0325  0.0321  0.0323  0.0320  0.0321
  0.0320  0.0320  0.0320  0.0320  0.0320  0.0320  0.0320  0.0320  0.0320  0.0320  0.0320  0.0320
  0.0325  0.0320  0.0322  0.0325  0.0324  0.0326  0.0322  0.0324  0.0321  0.0321  0.0321  0.0321
  0.0335  0.0323  0.0326  0.0340  0.0336  0.0336  0.0329  0.0337  0.0325  0.0327  0.0323  0.0324
  0.0350  0.0330  0.0332  0.0358  0.0357  0.0350  0.0340  0.0357  0.0330  0.0339  0.0327  0.0330
niter,ni,del,rscale     5    3    5.0000    1.2000
parameters
   -1.0742  -20.0957   17.2780  -12.3109  -14.1563   -5.5310
    7.9740    6.0289   -7.3904   17.4940   -6.8650  -12.8636
eta,q 0.96805  7.99159
  0.0347  0.0337  0.0330  0.0354  0.0348  0.0348  0.0340  0.0358  0.0330  0.0345  0.0326  0.0329
  0.0332  0.0328  0.0324  0.0337  0.0333  0.0334  0.0329  0.0338  0.0324  0.0331  0.0322  0.0323
  0.0323  0.0322  0.0321  0.0325  0.0323  0.0323  0.0322  0.0325  0.0320  0.0323  0.0320  0.0320
  0.0320  0.0320  0.0320  0.0320  0.0320  0.0320  0.0320  0.0320  0.0320  0.0320  0.0320  0.0320
  0.0323  0.0321  0.0321  0.0324  0.0323  0.0325  0.0322  0.0324  0.0321  0.0321  0.0320  0.0321
  0.0332  0.0325  0.0325  0.0338  0.0334  0.0335  0.0329  0.0337  0.0324  0.0328  0.0323  0.0323
  0.0346  0.0332  0.0332  0.0356  0.0354  0.0349  0.0341  0.0357  0.0329  0.0340  0.0326  0.0329
niter,ni,del,rscale     4    3    5.0000    1.2000
parameters
   -1.0431  -19.9553   17.2144  -12.3738  -14.3716   -5.6356
    7.9143    6.0914   -7.3761   17.7859   -6.8815  -12.9366
eta,q 0.96805  7.97916
  0.0347  0.0336  0.0330  0.0354  0.0348  0.0348  0.0340  0.0357  0.0329  0.0343  0.0326  0.0328
  0.0332  0.0327  0.0324  0.0337  0.0333  0.0334  0.0329  0.0338  0.0323  0.0330  0.0322  0.0323
  0.0323  0.0322  0.0321  0.0325  0.0323  0.0323  0.0322  0.0325  0.0320  0.0322  0.0320  0.0320
  0.0320  0.0320  0.0319  0.0320  0.0320  0.0320  0.0320  0.0319  0.0320  0.0319  0.0319  0.0319
  0.0323  0.0321  0.0321  0.0324  0.0323  0.0325  0.0322  0.0324  0.0321  0.0321  0.0320  0.0321
  0.0331  0.0325  0.0325  0.0337  0.0333  0.0335  0.0329  0.0337  0.0324  0.0328  0.0322  0.0323
  0.0346  0.0332  0.0331  0.0355  0.0353  0.0349  0.0341  0.0356  0.0329  0.0340  0.0326  0.0329
niter,ni,del,rscale     3    3    5.0000    1.2000
parameters
   -1.0162  -19.8467   17.1607  -12.4207  -14.5569   -5.7295
    7.8661    6.1371   -7.3660   18.0310   -6.8939  -12.9889
eta,q 0.96806  7.96874
  0.0347  0.0335  0.0330  0.0354  0.0348  0.0348  0.0339  0.0357  0.0329  0.0342  0.0326  0.0328
  0.0332  0.0326  0.0324  0.0337  0.0333  0.0334  0.0329  0.0338  0.0323  0.0330  0.0322  0.0323
  0.0323  0.0321  0.0321  0.0325  0.0323  0.0323  0.0322  0.0324  0.0320  0.0322  0.0320  0.0320
  0.0319  0.0319  0.0319  0.0319  0.0319  0.0319  0.0319  0.0319  0.0319  0.0319  0.0319  0.0319
  0.0322  0.0321  0.0321  0.0324  0.0323  0.0325  0.0322  0.0324  0.0321  0.0321  0.0320  0.0321
  0.0331  0.0325  0.0325  0.0337  0.0333  0.0335  0.0329  0.0336  0.0324  0.0328  0.0322  0.0323
  0.0345  0.0332  0.0331  0.0355  0.0352  0.0349  0.0340  0.0356  0.0328  0.0340  0.0326  0.0329
niter,ni,del,rscale     2    3    5.0000    1.2000
parameters
   -0.9934  -19.7532   17.1171  -12.4604  -14.7257   -5.8100
    7.8171    6.1802   -7.3460   18.2490   -6.9063  -13.0258
eta,q 0.96806  7.95943
  0.0346  0.0334  0.0330  0.0353  0.0348  0.0348  0.0339  0.0356  0.0329  0.0342  0.0326  0.0328
  0.0332  0.0326  0.0324  0.0337  0.0333  0.0334  0.0329  0.0338  0.0323  0.0330  0.0322  0.0323
  0.0323  0.0321  0.0321  0.0325  0.0323  0.0323  0.0322  0.0324  0.0320  0.0322  0.0320  0.0320
  0.0319  0.0319  0.0319  0.0319  0.0319  0.0319  0.0319  0.0319  0.0319  0.0319  0.0319  0.0319
  0.0322  0.0321  0.0321  0.0324  0.0323  0.0324  0.0322  0.0324  0.0321  0.0321  0.0320  0.0321
  0.0331  0.0325  0.0324  0.0337  0.0333  0.0334  0.0329  0.0336  0.0323  0.0328  0.0322  0.0323
  0.0345  0.0332  0.0331  0.0354  0.0351  0.0348  0.0340  0.0356  0.0328  0.0340  0.0326  0.0328
niter,ni,del,rscale     1    3    5.0000    1.2000
parameters
   -0.9735  -19.6632   17.0738  -12.4961  -14.8980   -5.8928
    7.7740    6.2170   -7.3192   18.4710   -6.9302  -13.0530
eta,q 0.96807  7.95018
  0.0346  0.0334  0.0329  0.0353  0.0347  0.0347  0.0339  0.0356  0.0328  0.0342  0.0326  0.0328
  0.0332  0.0326  0.0324  0.0337  0.0333  0.0333  0.0329  0.0337  0.0323  0.0330  0.0322  0.0323
  0.0323  0.0321  0.0321  0.0325  0.0323  0.0323  0.0322  0.0324  0.0320  0.0322  0.0320  0.0320
  0.0319  0.0319  0.0319  0.0319  0.0319  0.0319  0.0319  0.0319  0.0319  0.0319  0.0319  0.0319
  0.0322  0.0321  0.0321  0.0324  0.0323  0.0324  0.0322  0.0323  0.0320  0.0321  0.0320  0.0321
  0.0331  0.0325  0.0324  0.0337  0.0333  0.0334  0.0329  0.0336  0.0323  0.0328  0.0322  0.0323
  0.0345  0.0332  0.0330  0.0354  0.0351  0.0348  0.0340  0.0356  0.0328  0.0340  0.0326  0.0328
registration optimization eta report
parameter search radius
    2.4000    2.4000    2.4000    9.5220    9.5220    8.2800
    7.2000    7.2000    7.2000    7.2000    7.2000    8.2800
100000*second partial in parameter space
       45.       23.       18.        4.        3.        4.
        4.        7.        2.        4.        1.        1.
  0.0346  0.0334  0.0329  0.0353  0.0347  0.0347  0.0339  0.0356  0.0328  0.0342  0.0326  0.0328
  0.0332  0.0326  0.0324  0.0337  0.0333  0.0333  0.0329  0.0337  0.0323  0.0330  0.0322  0.0323
  0.0323  0.0321  0.0321  0.0325  0.0323  0.0323  0.0322  0.0324  0.0320  0.0322  0.0320  0.0320
  0.0319  0.0319  0.0319  0.0319  0.0319  0.0319  0.0319  0.0319  0.0319  0.0319  0.0319  0.0319
  0.0322  0.0321  0.0321  0.0324  0.0323  0.0324  0.0322  0.0323  0.0320  0.0321  0.0320  0.0321
  0.0331  0.0325  0.0324  0.0337  0.0333  0.0334  0.0329  0.0336  0.0323  0.0328  0.0322  0.0323
  0.0345  0.0332  0.0330  0.0354  0.0351  0.0348  0.0340  0.0356  0.0328  0.0340  0.0326  0.0328
   -0.9735  -19.6632   17.0738  -12.4961  -14.8980   -5.8928
    7.7740    6.2170   -7.3192   18.4710   -6.9302  -13.0530
eta,q 0.96807  7.95018

---------------------------------------------------------------------
imgreg_4dfp /opt/freesurfer/average/711-2C_as_mni_average_305 /opt/freesurfer/average/711-2B_as_mni_average_305_mask talsrcimg_g11 none talsrcimg_to_711-2C_as_mni_average_305_t4 2311
---------------------------------------------------------------------

freesurfer imgreg_4dfp.c
/opt/freesurfer/average/711-2C_as_mni_average_305.4dfp.img
       256       256       256         1
  1.000000  1.000000  1.000000
orientation T byte_order littleendian
Reading image: /opt/freesurfer/average/711-2C_as_mni_average_305.4dfp.img
dimensions:      256       256       256
mmppix:       1.0000   -1.0000   -1.0000
center:     128.0000 -129.0000 -129.0000
/opt/freesurfer/average/711-2B_as_mni_average_305_mask.4dfp.img
       256       256       256         1
  1.000000  1.000000  1.000000
orientation T byte_order littleendian
Reading mask: /opt/freesurfer/average/711-2B_as_mni_average_305_mask.4dfp.img (2306576 pixels)
talsrcimg_g11.4dfp.img
       256       256       256         1
  1.000000  1.000000  1.000000
orientation T byte_order littleendian
Reading image: talsrcimg_g11.4dfp.img
dimensions:      256       256       256
mmppix:       1.0000   -1.0000   -1.0000
center:     128.0000 -129.0000 -129.0000
fimgreg.f
image alignment mode   2311 decimal      907 hex
parameters
   -0.9735  -19.6632   17.0738  -12.4961  -14.8980   -5.8928
    7.7740    6.2170   -7.3192   18.4710   -6.9302  -13.0530
eta,q 0.96807  7.95018
niter,ni,del,rscale     5    3    5.0000    0.8000
parameters
   -0.9569  -19.5909   17.0484  -12.3932  -14.7810   -6.0637
    7.7885    6.2982   -7.4228   18.6756   -7.0458  -13.1212
eta,q 0.96808  7.95803
  0.0332  0.0326  0.0324  0.0330  0.0327  0.0330  0.0329  0.0337  0.0323  0.0329  0.0322  0.0322
  0.0325  0.0322  0.0321  0.0325  0.0323  0.0324  0.0324  0.0328  0.0321  0.0324  0.0320  0.0320
  0.0321  0.0320  0.0320  0.0321  0.0320  0.0320  0.0320  0.0321  0.0319  0.0320  0.0319  0.0320
  0.0319  0.0319  0.0319  0.0319  0.0319  0.0319  0.0319  0.0319  0.0319  0.0319  0.0319  0.0319
  0.0321  0.0320  0.0320  0.0320  0.0320  0.0321  0.0320  0.0321  0.0320  0.0320  0.0320  0.0320
  0.0325  0.0322  0.0322  0.0324  0.0323  0.0326  0.0324  0.0327  0.0321  0.0323  0.0320  0.0321
  0.0331  0.0325  0.0324  0.0330  0.0327  0.0331  0.0329  0.0336  0.0323  0.0328  0.0322  0.0322
niter,ni,del,rscale     4    3    5.0000    0.7000
parameters
   -0.9454  -19.5470   17.0001  -12.3659  -14.9113   -6.1913
    7.7913    6.3605   -7.3798   18.8575   -7.1216  -13.1115
eta,q 0.96809  7.95165
  0.0329  0.0324  0.0323  0.0327  0.0325  0.0328  0.0326  0.0333  0.0322  0.0327  0.0321  0.0321
  0.0323  0.0321  0.0321  0.0323  0.0322  0.0323  0.0323  0.0326  0.0320  0.0323  0.0320  0.0320
  0.0320  0.0320  0.0320  0.0320  0.0320  0.0320  0.0320  0.0321  0.0319  0.0320  0.0319  0.0319
  0.0319  0.0319  0.0319  0.0319  0.0319  0.0319  0.0319  0.0319  0.0319  0.0319  0.0319  0.0319
  0.0320  0.0320  0.0320  0.0320  0.0320  0.0321  0.0320  0.0321  0.0319  0.0320  0.0319  0.0319
  0.0323  0.0321  0.0321  0.0323  0.0322  0.0324  0.0322  0.0325  0.0320  0.0322  0.0320  0.0320
  0.0328  0.0323  0.0323  0.0327  0.0325  0.0328  0.0327  0.0332  0.0322  0.0326  0.0321  0.0321
niter,ni,del,rscale     3    3    5.0000    0.6000
parameters
   -0.9310  -19.4730   16.9597  -12.3601  -15.0914   -6.3273
    7.7689    6.4045   -7.3102   19.1009   -7.2332  -13.1185
eta,q 0.96810  7.94287
  0.0326  0.0323  0.0322  0.0325  0.0323  0.0326  0.0324  0.0329  0.0321  0.0325  0.0320  0.0321
  0.0322  0.0321  0.0320  0.0322  0.0321  0.0322  0.0322  0.0324  0.0320  0.0322  0.0320  0.0320
  0.0320  0.0320  0.0319  0.0320  0.0319  0.0320  0.0320  0.0320  0.0319  0.0320  0.0319  0.0319
  0.0319  0.0319  0.0319  0.0319  0.0319  0.0319  0.0319  0.0319  0.0319  0.0319  0.0319  0.0319
  0.0320  0.0319  0.0319  0.0320  0.0320  0.0320  0.0320  0.0320  0.0319  0.0319  0.0319  0.0319
  0.0322  0.0320  0.0320  0.0322  0.0321  0.0323  0.0322  0.0323  0.0320  0.0321  0.0320  0.0320
  0.0326  0.0322  0.0322  0.0325  0.0324  0.0326  0.0325  0.0329  0.0321  0.0324  0.0320  0.0321
niter,ni,del,rscale     2    3    5.0000    0.5000
parameters
   -0.9177  -19.3756   16.8980  -12.3613  -15.3336   -6.5074
    7.7240    6.4590   -7.2518   19.4431   -7.3422  -13.0337
eta,q 0.96811  7.93033
  0.0324  0.0322  0.0321  0.0323  0.0322  0.0323  0.0323  0.0326  0.0320  0.0323  0.0320  0.0320
  0.0321  0.0320  0.0320  0.0321  0.0320  0.0321  0.0321  0.0322  0.0319  0.0321  0.0319  0.0320
  0.0320  0.0319  0.0319  0.0320  0.0319  0.0319  0.0319  0.0320  0.0319  0.0320  0.0319  0.0319
  0.0319  0.0319  0.0319  0.0319  0.0319  0.0319  0.0319  0.0319  0.0319  0.0319  0.0319  0.0319
  0.0320  0.0319  0.0319  0.0319  0.0320  0.0320  0.0319  0.0320  0.0319  0.0319  0.0319  0.0319
  0.0321  0.0320  0.0320  0.0321  0.0321  0.0322  0.0321  0.0322  0.0319  0.0320  0.0319  0.0319
  0.0324  0.0321  0.0321  0.0323  0.0322  0.0324  0.0323  0.0326  0.0320  0.0322  0.0320  0.0320
niter,ni,del,rscale     1    3    5.0000    0.4000
parameters
   -0.8921  -19.2282   16.7896  -12.3872  -15.7223   -6.7564
    7.6447    6.5443   -7.1022   19.9769   -7.4301  -12.9065
eta,q 0.96814  7.90987
  0.0322  0.0321  0.0320  0.0321  0.0320  0.0321  0.0321  0.0323  0.0319  0.0322  0.0319  0.0319
  0.0320  0.0320  0.0319  0.0320  0.0319  0.0320  0.0320  0.0321  0.0319  0.0320  0.0319  0.0319
  0.0319  0.0319  0.0319  0.0319  0.0319  0.0319  0.0319  0.0319  0.0319  0.0319  0.0319  0.0319
  0.0319  0.0319  0.0319  0.0319  0.0319  0.0319  0.0319  0.0319  0.0319  0.0319  0.0319  0.0319
  0.0319  0.0319  0.0319  0.0319  0.0319  0.0319  0.0319  0.0319  0.0319  0.0319  0.0319  0.0319
  0.0320  0.0319  0.0320  0.0320  0.0320  0.0321  0.0320  0.0320  0.0319  0.0319  0.0319  0.0319
  0.0322  0.0320  0.0320  0.0322  0.0321  0.0322  0.0321  0.0323  0.0319  0.0320  0.0319  0.0319
registration optimization eta report
parameter search radius
    0.8000    0.8000    0.8000    2.4000    2.4000    2.4000
    2.4000    2.4000    2.4000    2.4000    2.4000    2.4000
100000*second partial in parameter space
       47.       22.       17.        5.        3.        5.
        4.        8.        1.        4.        1.        1.
  0.0322  0.0321  0.0320  0.0321  0.0320  0.0321  0.0321  0.0323  0.0319  0.0322  0.0319  0.0319
  0.0320  0.0320  0.0319  0.0320  0.0319  0.0320  0.0320  0.0321  0.0319  0.0320  0.0319  0.0319
  0.0319  0.0319  0.0319  0.0319  0.0319  0.0319  0.0319  0.0319  0.0319  0.0319  0.0319  0.0319
  0.0319  0.0319  0.0319  0.0319  0.0319  0.0319  0.0319  0.0319  0.0319  0.0319  0.0319  0.0319
  0.0319  0.0319  0.0319  0.0319  0.0319  0.0319  0.0319  0.0319  0.0319  0.0319  0.0319  0.0319
  0.0320  0.0319  0.0320  0.0320  0.0320  0.0321  0.0320  0.0320  0.0319  0.0319  0.0319  0.0319
  0.0322  0.0320  0.0320  0.0322  0.0321  0.0322  0.0321  0.0323  0.0319  0.0320  0.0319  0.0319
   -0.8921  -19.2282   16.7896  -12.3872  -15.7223   -6.7564
    7.6447    6.5443   -7.1022   19.9769   -7.4301  -12.9065
eta,q 0.96814  7.90987

---------------------------------------------------------------------
imgreg_4dfp /opt/freesurfer/average/711-2C_as_mni_average_305 /opt/freesurfer/average/711-2B_as_mni_average_305_mask talsrcimg_g11 none talsrcimg_to_711-2C_as_mni_average_305_t4 2311
---------------------------------------------------------------------

freesurfer imgreg_4dfp.c
/opt/freesurfer/average/711-2C_as_mni_average_305.4dfp.img
       256       256       256         1
  1.000000  1.000000  1.000000
orientation T byte_order littleendian
Reading image: /opt/freesurfer/average/711-2C_as_mni_average_305.4dfp.img
dimensions:      256       256       256
mmppix:       1.0000   -1.0000   -1.0000
center:     128.0000 -129.0000 -129.0000
/opt/freesurfer/average/711-2B_as_mni_average_305_mask.4dfp.img
       256       256       256         1
  1.000000  1.000000  1.000000
orientation T byte_order littleendian
Reading mask: /opt/freesurfer/average/711-2B_as_mni_average_305_mask.4dfp.img (2306576 pixels)
talsrcimg_g11.4dfp.img
       256       256       256         1
  1.000000  1.000000  1.000000
orientation T byte_order littleendian
Reading image: talsrcimg_g11.4dfp.img
dimensions:      256       256       256
mmppix:       1.0000   -1.0000   -1.0000
center:     128.0000 -129.0000 -129.0000
fimgreg.f
image alignment mode   2311 decimal      907 hex
parameters
   -0.8921  -19.2282   16.7896  -12.3872  -15.7223   -6.7564
    7.6447    6.5443   -7.1022   19.9768   -7.4301  -12.9065
eta,q 0.96814  7.90987
niter,ni,del,rscale     5    3    5.0000    0.8000
parameters
   -0.8527  -18.9550   16.5939  -12.5828  -16.3603   -6.9938
    7.4560    6.6277   -7.2523   20.7299   -7.2098  -12.6179
eta,q 0.96823  7.87251
  0.0331  0.0326  0.0322  0.0328  0.0324  0.0328  0.0326  0.0335  0.0321  0.0330  0.0320  0.0321
  0.0324  0.0322  0.0320  0.0323  0.0320  0.0322  0.0322  0.0326  0.0319  0.0325  0.0319  0.0319
  0.0320  0.0320  0.0319  0.0320  0.0319  0.0319  0.0319  0.0320  0.0318  0.0320  0.0318  0.0318
  0.0319  0.0319  0.0318  0.0318  0.0318  0.0318  0.0318  0.0318  0.0318  0.0318  0.0318  0.0318
  0.0320  0.0319  0.0319  0.0320  0.0320  0.0320  0.0319  0.0320  0.0318  0.0318  0.0318  0.0318
  0.0324  0.0320  0.0321  0.0324  0.0323  0.0325  0.0323  0.0325  0.0319  0.0320  0.0319  0.0319
  0.0330  0.0322  0.0324  0.0330  0.0328  0.0330  0.0328  0.0334  0.0321  0.0325  0.0320  0.0320
niter,ni,del,rscale     4    3    5.0000    0.7000
parameters
   -0.7782  -18.5728   16.3043  -12.7075  -17.2782   -7.6541
    7.3204    6.7443   -7.5411   21.9293   -7.0334  -12.2313
eta,q 0.96844  7.82197
  0.0328  0.0325  0.0319  0.0325  0.0321  0.0323  0.0323  0.0330  0.0319  0.0329  0.0317  0.0318
  0.0322  0.0321  0.0318  0.0321  0.0318  0.0319  0.0319  0.0323  0.0317  0.0323  0.0316  0.0317
  0.0319  0.0319  0.0317  0.0318  0.0317  0.0317  0.0317  0.0318  0.0317  0.0319  0.0316  0.0316
  0.0318  0.0318  0.0317  0.0317  0.0317  0.0317  0.0317  0.0317  0.0317  0.0316  0.0316  0.0316
  0.0318  0.0317  0.0318  0.0318  0.0319  0.0319  0.0317  0.0318  0.0317  0.0316  0.0316  0.0316
  0.0321  0.0318  0.0320  0.0321  0.0322  0.0323  0.0320  0.0322  0.0318  0.0317  0.0316  0.0316
  0.0326  0.0320  0.0322  0.0326  0.0326  0.0328  0.0324  0.0329  0.0319  0.0320  0.0317  0.0317
niter,ni,del,rscale     3    3    5.0000    0.6000
parameters
   -0.7032  -18.1270   15.8762  -12.7563  -18.1616   -8.4571
    7.1932    6.8445   -7.6547   22.8756   -7.0587  -11.9985
eta,q 0.96868  7.77093
  0.0323  0.0322  0.0316  0.0321  0.0317  0.0318  0.0318  0.0324  0.0316  0.0324  0.0315  0.0315
  0.0319  0.0319  0.0315  0.0317  0.0315  0.0315  0.0316  0.0318  0.0315  0.0320  0.0314  0.0314
  0.0317  0.0317  0.0315  0.0315  0.0314  0.0314  0.0314  0.0315  0.0314  0.0316  0.0313  0.0314
  0.0316  0.0316  0.0315  0.0315  0.0315  0.0314  0.0314  0.0314  0.0314  0.0314  0.0313  0.0313
  0.0316  0.0315  0.0316  0.0315  0.0316  0.0316  0.0314  0.0315  0.0314  0.0313  0.0313  0.0313
  0.0318  0.0315  0.0317  0.0318  0.0318  0.0320  0.0316  0.0318  0.0315  0.0314  0.0314  0.0314
  0.0321  0.0317  0.0319  0.0321  0.0322  0.0324  0.0319  0.0323  0.0316  0.0317  0.0315  0.0315
niter,ni,del,rscale     2    3    5.0000    0.5000
parameters
   -0.6552  -17.8817   15.5696  -12.6955  -18.5843   -8.9727
    7.0968    6.9105   -7.6316   23.3089   -7.1319  -11.9261
eta,q 0.96875  7.74659
  0.0318  0.0318  0.0314  0.0317  0.0315  0.0316  0.0316  0.0319  0.0314  0.0319  0.0313  0.0314
  0.0315  0.0315  0.0313  0.0315  0.0314  0.0314  0.0314  0.0316  0.0313  0.0316  0.0313  0.0313
  0.0314  0.0314  0.0313  0.0314  0.0313  0.0313  0.0313  0.0313  0.0313  0.0314  0.0313  0.0313
  0.0313  0.0313  0.0313  0.0313  0.0313  0.0313  0.0313  0.0313  0.0313  0.0313  0.0312  0.0312
  0.0314  0.0313  0.0314  0.0313  0.0314  0.0314  0.0313  0.0313  0.0313  0.0313  0.0313  0.0313
  0.0315  0.0314  0.0315  0.0315  0.0315  0.0316  0.0314  0.0315  0.0313  0.0314  0.0313  0.0313
  0.0317  0.0315  0.0316  0.0317  0.0317  0.0320  0.0316  0.0319  0.0314  0.0316  0.0314  0.0314
niter,ni,del,rscale     1    3    5.0000    0.4000
parameters
   -0.6354  -17.7800   15.4207  -12.6237  -18.7386   -9.2186
    7.0483    6.9526   -7.6503   23.4997   -7.2049  -11.9093
eta,q 0.96877  7.73880
  0.0315  0.0315  0.0313  0.0315  0.0314  0.0315  0.0314  0.0317  0.0313  0.0316  0.0313  0.0313
  0.0314  0.0314  0.0313  0.0314  0.0313  0.0313  0.0313  0.0314  0.0313  0.0314  0.0313  0.0313
  0.0313  0.0313  0.0312  0.0313  0.0313  0.0312  0.0313  0.0313  0.0312  0.0313  0.0312  0.0312
  0.0312  0.0312  0.0312  0.0312  0.0312  0.0312  0.0312  0.0312  0.0312  0.0312  0.0312  0.0312
  0.0313  0.0313  0.0313  0.0313  0.0313  0.0313  0.0313  0.0313  0.0312  0.0312  0.0312  0.0312
  0.0314  0.0313  0.0313  0.0314  0.0314  0.0314  0.0313  0.0314  0.0313  0.0313  0.0313  0.0313
  0.0315  0.0314  0.0314  0.0315  0.0315  0.0317  0.0315  0.0316  0.0313  0.0315  0.0313  0.0313
registration optimization eta report
parameter search radius
    0.8000    0.8000    0.8000    2.4000    2.4000    2.4000
    2.4000    2.4000    2.4000    2.4000    2.4000    2.4000
100000*second partial in parameter space
       43.       30.       18.        5.        4.        6.
        4.        7.        2.        6.        1.        2.
  0.0315  0.0315  0.0313  0.0315  0.0314  0.0315  0.0314  0.0317  0.0313  0.0316  0.0313  0.0313
  0.0314  0.0314  0.0313  0.0314  0.0313  0.0313  0.0313  0.0314  0.0313  0.0314  0.0313  0.0313
  0.0313  0.0313  0.0312  0.0313  0.0313  0.0312  0.0313  0.0313  0.0312  0.0313  0.0312  0.0312
  0.0312  0.0312  0.0312  0.0312  0.0312  0.0312  0.0312  0.0312  0.0312  0.0312  0.0312  0.0312
  0.0313  0.0313  0.0313  0.0313  0.0313  0.0313  0.0313  0.0313  0.0312  0.0312  0.0312  0.0312
  0.0314  0.0313  0.0313  0.0314  0.0314  0.0314  0.0313  0.0314  0.0313  0.0313  0.0313  0.0313
  0.0315  0.0314  0.0314  0.0315  0.0315  0.0317  0.0315  0.0316  0.0313  0.0315  0.0313  0.0313
   -0.6354  -17.7800   15.4207  -12.6237  -18.7386   -9.2186
    7.0483    6.9526   -7.6503   23.4997   -7.2049  -11.9093
eta,q 0.96877  7.73880

---------------------------------------------------------------------
compute_vox2vox talsrcimg talsrcimg_to_711-2C_as_mni_average_305_t4 /opt/freesurfer/average/711-2C_as_mni_average_305
---------------------------------------------------------------------

freesurfer compute_vox2vox.c
Reading: talsrcimg.4dfp.ifh
Reading: talsrcimg_to_711-2C_as_mni_average_305_t4
Reading: /opt/freesurfer/average/711-2C_as_mni_average_305.4dfp.ifh
Writing: talsrcimg_to_711-2C_as_mni_average_305_t4_vox2vox.txt

start time Sun Mar 8 18:54:50 CET 2026
end		time Sun Mar 8 18:55:05 CET 2026

mpr2mni305 success

avi2talxfm orig_nu.mgz /opt/freesurfer/average/mni305.cor.mgz talsrcimg_to_711-2C_as_mni_average_305_t4_vox2vox.txt transforms/talairach.auto.xfm
avi2talxfm done
mv -f /out/sourcedata/freesurfer/sub-v1s14x0051575_ses-1/mri/talsrcimg_to_711-2C_as_mni_average_305_t4_vox2vox.txt /out/sourcedata/freesurfer/sub-v1s14x0051575_ses-1/mri/transforms/talsrcimg_to_711-2C_as_mni_average_305_t4_vox2vox.txt
lta_convert --src orig_nu.mgz --trg /opt/freesurfer/average/mni305.cor.mgz --inxfm transforms/talairach.auto.xfm --outlta transforms/talairach.auto.xfm.lta --subject fsaverage
7.3.2

--src: orig_nu.mgz src image (geometry).
--trg: /opt/freesurfer/average/mni305.cor.mgz trg image (geometry).
--inmni: transforms/talairach.auto.xfm input MNI/XFM transform.
--outlta: transforms/talairach.auto.xfm.lta output LTA.
--s: fsaverage subject name
 LTA read, type : 1
 1.13027  -0.05895  -0.10667  -0.09403;
 0.09988   1.05608   0.14611  -25.70467;
 0.07753  -0.31095   1.17830  -9.53133;
 0.00000   0.00000   0.00000   1.00000;
setting subject to fsaverage
Writing  LTA to file transforms/talairach.auto.xfm.lta...
lta_convert successful.
 
 
Started at Sun Mar 8 18:54:50 CET 2026
Ended   at Sun Mar  8 18:55:05 CET 2026
talairach_avi done
