status file for recon-all
Sun Mar  8 17:38:07 CET 2026
#@# MotionCor Sun Mar  8 17:38:09 CET 2026
#@# Talairach Sun Mar  8 17:38:19 CET 2026
#@# Talairach Failure Detection Sun Mar  8 17:42:47 CET 2026
#@# Nu Intensity Correction Sun Mar  8 17:42:47 CET 2026
#@# Intensity Normalization Sun Mar  8 17:46:04 CET 2026
recon-all -s sub-v1s14x0051566_ses-1 finished without error at Sun Mar  8 17:47:42 CET 2026



#New# invocation of recon-all 



status file for recon-all
Sun Mar  8 17:55:57 CET 2026
#@# EM Registration Sun Mar  8 17:55:57 CET 2026
recon-all -s sub-v1s14x0051566_ses-1 finished without error at Sun Mar  8 17:57:39 CET 2026



#New# invocation of recon-all 



status file for recon-all
Sun Mar  8 17:57:43 CET 2026
#@# CA Normalize Sun Mar  8 17:57:43 CET 2026
#@# CA Reg Sun Mar  8 17:59:06 CET 2026
#@# SubCort Seg Sun Mar  8 18:53:20 CET 2026
#@# CC Seg Sun Mar  8 19:28:44 CET 2026
#@# Merge ASeg Sun Mar  8 19:29:19 CET 2026
#@# Intensity Normalization2 Sun Mar  8 19:29:19 CET 2026
#@# Mask BFS Sun Mar  8 19:31:30 CET 2026
#@# WM Segmentation Sun Mar  8 19:31:31 CET 2026
#@# Fill Sun Mar  8 19:33:45 CET 2026
recon-all -s sub-v1s14x0051566_ses-1 finished without error at Sun Mar  8 19:34:49 CET 2026



#New# invocation of recon-all 



status file for recon-all
Sun Mar  8 20:54:16 CET 2026
#@# white curv lh Sun Mar  8 20:54:16 CET 2026
#@# white area lh Sun Mar  8 20:54:16 CET 2026
#@# pial curv lh Sun Mar  8 20:54:16 CET 2026
#@# pial area lh Sun Mar  8 20:54:16 CET 2026
#@# thickness lh Sun Mar  8 20:54:16 CET 2026
#@# area and vertex vol lh Sun Mar  8 20:54:16 CET 2026
#@# white curv rh Sun Mar  8 20:54:16 CET 2026
#@# white area rh Sun Mar  8 20:54:16 CET 2026
#@# pial curv rh Sun Mar  8 20:54:16 CET 2026
#@# pial area rh Sun Mar  8 20:54:16 CET 2026
#@# thickness rh Sun Mar  8 20:54:16 CET 2026
#@# area and vertex vol rh Sun Mar  8 20:54:16 CET 2026
#@# Cortical ribbon mask Sun Mar  8 20:54:16 CET 2026
recon-all -s sub-v1s14x0051566_ses-1 finished without error at Sun Mar  8 21:00:09 CET 2026



#New# invocation of recon-all 



status file for recon-all
Sun Mar  8 21:08:28 CET 2026
#@# white curv lh Sun Mar  8 21:08:28 CET 2026
#@# white area lh Sun Mar  8 21:08:28 CET 2026
#@# pial curv lh Sun Mar  8 21:08:28 CET 2026
#@# pial area lh Sun Mar  8 21:08:28 CET 2026
#@# thickness lh Sun Mar  8 21:08:28 CET 2026
#@# area and vertex vol lh Sun Mar  8 21:08:28 CET 2026
#@# white curv rh Sun Mar  8 21:08:28 CET 2026
#@# white area rh Sun Mar  8 21:08:28 CET 2026
#@# pial curv rh Sun Mar  8 21:08:28 CET 2026
#@# pial area rh Sun Mar  8 21:08:28 CET 2026
#@# thickness rh Sun Mar  8 21:08:28 CET 2026
#@# area and vertex vol rh Sun Mar  8 21:08:28 CET 2026
#@# Curvature Stats lh Sun Mar  8 21:08:28 CET 2026
#@# Curvature Stats rh Sun Mar  8 21:08:31 CET 2026
#@# Relabel Hypointensities Sun Mar  8 21:08:34 CET 2026
#@# APas-to-ASeg Sun Mar  8 21:08:51 CET 2026
#@# AParc-to-ASeg aparc Sun Mar  8 21:09:02 CET 2026
#@# AParc-to-ASeg aparc.a2009s Sun Mar  8 21:09:45 CET 2026
#@# AParc-to-ASeg aparc.DKTatlas Sun Mar  8 21:10:26 CET 2026
#@# WMParc Sun Mar  8 21:11:10 CET 2026
#@# ASeg Stats Sun Mar  8 21:15:49 CET 2026
recon-all -s sub-v1s14x0051566_ses-1 finished without error at Sun Mar  8 21:16:33 CET 2026
