status file for recon-all
Sun Mar  8 19:34:53 CET 2026
#@# Tessellate lh Sun Mar  8 19:34:53 CET 2026
#@# Smooth1 lh Sun Mar  8 19:34:58 CET 2026
#@# Inflation1 lh Sun Mar  8 19:35:01 CET 2026
#@# QSphere lh Sun Mar  8 19:35:17 CET 2026
#@# Fix Topology lh Sun Mar  8 19:36:41 CET 2026
#@# Smooth2 lh Sun Mar  8 19:47:29 CET 2026
#@# Inflation2 lh Sun Mar  8 19:47:32 CET 2026
#@# Curv .H and .K lh Sun Mar  8 19:47:50 CET 2026
#@# Sphere lh Sun Mar  8 19:48:46 CET 2026
#@# Surf Reg lh Sun Mar  8 19:53:41 CET 2026
#@# Jacobian white lh Sun Mar  8 20:00:05 CET 2026
#@# AvgCurv lh Sun Mar  8 20:00:06 CET 2026
#@# Cortical Parc lh Sun Mar  8 20:00:07 CET 2026
#@# white curv lh Sun Mar  8 20:07:24 CET 2026
#@# white area lh Sun Mar  8 20:07:26 CET 2026
#@# pial curv lh Sun Mar  8 20:07:27 CET 2026
#@# pial area lh Sun Mar  8 20:07:29 CET 2026
#@# thickness lh Sun Mar  8 20:07:30 CET 2026
#@# area and vertex vol lh Sun Mar  8 20:08:05 CET 2026
#@# Curvature Stats lh Sun Mar  8 20:08:07 CET 2026
#@# Cortical Parc 2 lh Sun Mar  8 20:08:10 CET 2026
#@# Cortical Parc 3 lh Sun Mar  8 20:08:25 CET 2026
#@# WM/GM Contrast lh Sun Mar  8 20:08:36 CET 2026
recon-all -s sub-v1s14x0051566_ses-1 finished without error at Sun Mar  8 20:08:41 CET 2026



#New# invocation of recon-all 



status file for recon-all
Sun Mar  8 21:00:14 CET 2026
#@# white curv lh Sun Mar  8 21:00:14 CET 2026
#@# white area lh Sun Mar  8 21:00:14 CET 2026
#@# pial curv lh Sun Mar  8 21:00:14 CET 2026
#@# pial area lh Sun Mar  8 21:00:14 CET 2026
#@# thickness lh Sun Mar  8 21:00:14 CET 2026
#@# area and vertex vol lh Sun Mar  8 21:00:14 CET 2026
#@# Parcellation Stats lh Sun Mar  8 21:00:14 CET 2026
#@# Parcellation Stats 2 lh Sun Mar  8 21:00:43 CET 2026
#@# Parcellation Stats 3 lh Sun Mar  8 21:00:55 CET 2026
#@# BA_exvivo Labels lh Sun Mar  8 21:01:07 CET 2026
recon-all -s sub-v1s14x0051566_ses-1 finished without error at Sun Mar  8 21:04:18 CET 2026
