/out/sourcedata/freesurfer/sub-v1s14x0051584_ses-1/mri
/opt/freesurfer/bin/talairach_avi
--i orig_nu.mgz --xfm transforms/talairach.auto.xfm
talairach_avi 7.3.2
Linux dna074 5.14.0-427.37.1.el9_4.x86_64 #1 SMP PREEMPT_DYNAMIC Fri Sep 13 12:41:50 EDT 2024 x86_64 x86_64 x86_64 GNU/Linux
Sun Mar  8 20:01:34 CET 2026
mri_convert orig_nu.mgz talsrcimg.img 
reading from orig_nu.mgz...
TR=0.00, TE=0.00, TI=0.00, flip angle=0.00
i_ras = (-1, -1.74623e-10, 0)
j_ras = (0, 0, -1)
k_ras = (5.82077e-11, 1, -3.72529e-09)
writing to talsrcimg.img...
Analyze Output Matrix
-1.00000   0.00000   0.00000   128.15451;
-0.00000   0.00000   1.00000  -107.28972;
 0.00000  -1.00000  -0.00000   168.24158;
 0.00000   0.00000   0.00000   1.00000;
--------------------
INFO: set hdr.hist.orient to -1
mpr2mni305 talsrcimg
Sun Mar  8 20:01:35 CET 2026
/opt/freesurfer/bin/mpr2mni305 talsrcimg
mpr2mni305 7.3.2
target=711-2C_as_mni_average_305

---------------------------------------------------------------------
analyzeto4dfp talsrcimg -O0 -y
---------------------------------------------------------------------

freesurfer ifh2hdr.c
Sun Mar  8 20:01:35 2026
Writing: talsrcimg.4dfp.hdr
freesurfer analyzeto4dfp.c
Reading: talsrcimg.hdr
header size 348 bytes
hdr.dime.datatype	offset=70	value=2
hdr.dime.bitpix		offset=72	value=8
hdr.hist.orient		offset=252	value=-1
dimensionality     4
dimensions       256       256       256         1
Reading: talsrcimg.img
Writing: talsrcimg.4dfp.img
Writing: talsrcimg.4dfp.ifh
ifh2hdr talsrcimg -r0to243
ori=2

---------------------------------------------------------------------
gauss_4dfp talsrcimg 1.1
---------------------------------------------------------------------

freesurfer gauss_4dfp.c
Reading: talsrcimg.4dfp.img
Writing: talsrcimg_g11.4dfp.img
image dimensions 256 256 256 padded to 288 288 288
processing volume 1freesurfer ifh2hdr.c
Sun Mar  8 20:01:36 2026
Writing: talsrcimg_g11.4dfp.hdr

Writing: talsrcimg_g11.4dfp.ifh
including: talsrcimg.4dfp.img.rec in talsrcimg_g11.4dfp.img.rec

---------------------------------------------------------------------
imgreg_4dfp /opt/freesurfer/average/711-2C_as_mni_average_305 none talsrcimg_g11 none talsrcimg_to_711-2C_as_mni_average_305_t4 4355
---------------------------------------------------------------------

freesurfer imgreg_4dfp.c
/opt/freesurfer/average/711-2C_as_mni_average_305.4dfp.img
       256       256       256         1
  1.000000  1.000000  1.000000
orientation T byte_order littleendian
Reading image: /opt/freesurfer/average/711-2C_as_mni_average_305.4dfp.img
dimensions:      256       256       256
mmppix:       1.0000   -1.0000   -1.0000
center:     128.0000 -129.0000 -129.0000
talsrcimg_g11.4dfp.img
       256       256       256         1
  1.000000  1.000000  1.000000
orientation T byte_order littleendian
Reading image: talsrcimg_g11.4dfp.img
dimensions:      256       256       256
mmppix:       1.0000   -1.0000   -1.0000
center:     128.0000 -129.0000 -129.0000
t4_read: open error in t4_sub.f l:  41 t4_file(1:l)talsrcimg_to_711-2C_as_mni_average_305_t4 
t4_read: transform initialized to I4
rotation matrix determinant  1.000000
image alignment mode   4355 decimal     1103 hex
   -7.5000  -45.0000  -45.0000 9959.4395   18.2824
    0.0000  -45.0000  -45.000010349.4609   18.2783
    7.5000  -45.0000  -45.0000 9804.3379   18.2434
   -7.5000  -37.5000  -45.000010252.3916   18.2411
    0.0000  -37.5000  -45.000010639.3379   18.2411
    7.5000  -37.5000  -45.000010065.3311   18.2080
   -7.5000  -30.0000  -45.000010916.7119   18.1926
    0.0000  -30.0000  -45.000011309.7568   18.1860
    7.5000  -30.0000  -45.000010688.8213   18.1495
   -7.5000  -22.5000  -45.000011493.4561   18.1901
    0.0000  -22.5000  -45.000011917.1357   18.1711
    7.5000  -22.5000  -45.000011266.7920   18.1279
   -7.5000  -15.0000  -45.000011972.5615   18.2305
    0.0000  -15.0000  -45.000012427.6973   18.2052
    7.5000  -15.0000  -45.000011763.5342   18.1595
   -7.5000   -7.5000  -45.000012457.4326   18.2743
    0.0000   -7.5000  -45.000012904.3994   18.2573
    7.5000   -7.5000  -45.000012218.9512   18.2164
   -7.5000    0.0000  -45.000012790.1650   18.2824
    0.0000    0.0000  -45.000013219.2383   18.2783
    7.5000    0.0000  -45.000012543.4639   18.2434
   -7.5000    7.5000  -45.000011866.5654   18.2411
    0.0000    7.5000  -45.000012271.1885   18.2411
    7.5000    7.5000  -45.000011650.0586   18.2080
   -7.5000   15.0000  -45.000010812.9619   18.1926
    0.0000   15.0000  -45.000011208.7871   18.1860
    7.5000   15.0000  -45.000010639.5391   18.1495
   -7.5000   22.5000  -45.0000 9808.8877   18.1876
    0.0000   22.5000  -45.000010182.6953   18.1686
    7.5000   22.5000  -45.0000 9645.4229   18.1254
   -7.5000   30.0000  -45.0000 8849.3730   17.9875
    0.0000   30.0000  -45.0000 9205.5137   17.9626
    7.5000   30.0000  -45.0000 8698.2148   17.9175
   -7.5000   37.5000  -45.0000 8098.2666   18.0307
    0.0000   37.5000  -45.0000 8402.9805   18.0140
    7.5000   37.5000  -45.0000 7960.8779   17.9737
   -7.5000   45.0000  -45.0000 7088.7988   17.6203
    0.0000   45.0000  -45.0000 7336.8491   17.6161
    7.5000   45.0000  -45.0000 6969.7271   17.5824
   -7.5000  -45.0000  -37.500010532.4131   18.2676
    0.0000  -45.0000  -37.500010932.9277   18.2705
    7.5000  -45.0000  -37.500010351.2490   18.2397
   -7.5000  -37.5000  -37.500010837.6680   18.2204
    0.0000  -37.5000  -37.500011222.2295   18.2236
    7.5000  -37.5000  -37.500010617.3848   18.1939
   -7.5000  -30.0000  -37.500011520.8232   18.1632
    0.0000  -30.0000  -37.500011918.3350   18.1595
    7.5000  -30.0000  -37.500011261.3838   18.1291
   -7.5000  -22.5000  -37.500012115.5566   18.1576
    0.0000  -22.5000  -37.500012524.9209   18.1458
    7.5000  -22.5000  -37.500011836.2891   18.1123
   -7.5000  -15.0000  -37.500012642.8311   18.2019
    0.0000  -15.0000  -37.500013064.3281   18.1883
    7.5000  -15.0000  -37.500012359.0479   18.1531
   -7.5000   -7.5000  -37.500013108.6875   18.2548
    0.0000   -7.5000  -37.500013556.6074   18.2491
    7.5000   -7.5000  -37.500012821.3203   18.2158
   -7.5000    0.0000  -37.500013418.9834   18.2676
    0.0000    0.0000  -37.500013882.6191   18.2705
    7.5000    0.0000  -37.500013127.4600   18.2397
   -7.5000    7.5000  -37.500012439.4385   18.2204
    0.0000    7.5000  -37.500012873.7227   18.2236
    7.5000    7.5000  -37.500012194.0332   18.1939
   -7.5000   15.0000  -37.500011318.4990   18.1632
    0.0000   15.0000  -37.500011722.5166   18.1595
    7.5000   15.0000  -37.500011130.3848   18.1291
   -7.5000   22.5000  -37.500010244.4678   18.1551
    0.0000   22.5000  -37.500010625.0508   18.1433
    7.5000   22.5000  -37.500010076.3838   18.1098
   -7.5000   30.0000  -37.5000 9196.2812   17.9594
    0.0000   30.0000  -37.5000 9534.6719   17.9459
    7.5000   30.0000  -37.5000 9021.7422   17.9111
   -7.5000   37.5000  -37.5000 8405.3779   18.0116
    0.0000   37.5000  -37.5000 8703.4902   18.0059
    7.5000   37.5000  -37.5000 8250.2617   17.9730
   -7.5000   45.0000  -37.5000 7326.8750   17.6063
    0.0000   45.0000  -37.5000 7585.9443   17.6091
    7.5000   45.0000  -37.5000 7210.8657   17.5788
   -7.5000  -45.0000  -30.000011252.3730   19.0178
    0.0000  -45.0000  -30.000011661.8047   19.0240
    7.5000  -45.0000  -30.000011046.0146   18.9926
   -7.5000  -37.5000  -30.000011565.6123   18.9641
    0.0000  -37.5000  -30.000011953.6201   18.9694
    7.5000  -37.5000  -30.000011307.5039   18.9393
   -7.5000  -30.0000  -30.000012282.5088   18.8996
    0.0000  -30.0000  -30.000012688.2158   18.9000
    7.5000  -30.0000  -30.000011964.4004   18.8712
   -7.5000  -22.5000  -30.000012909.7920   18.8940
    0.0000  -22.5000  -30.000013345.3115   18.8894
    7.5000  -22.5000  -30.000012583.4844   18.8595
   -7.5000  -15.0000  -30.000013487.7188   18.9433
    0.0000  -15.0000  -30.000013935.9863   18.9386
    7.5000  -15.0000  -30.000013153.0557   18.9075
   -7.5000   -7.5000  -30.000013943.9492   19.0027
    0.0000   -7.5000  -30.000014398.8418   19.0039
    7.5000   -7.5000  -30.000013602.6064   18.9726
   -7.5000    0.0000  -30.000014210.0703   19.0178
    0.0000    0.0000  -30.000014694.4561   19.0240
    7.5000    0.0000  -30.000013911.1094   18.9926
   -7.5000    7.5000  -30.000013142.4072   18.9641
    0.0000    7.5000  -30.000013595.2480   18.9694
    7.5000    7.5000  -30.000012898.0811   18.9393
   -7.5000   15.0000  -30.000011958.6387   18.8996
    0.0000   15.0000  -30.000012390.1494   18.9000
    7.5000   15.0000  -30.000011768.5977   18.8712
   -7.5000   22.5000  -30.000010848.0137   18.8894
    0.0000   22.5000  -30.000011228.1914   18.8848
    7.5000   22.5000  -30.000010647.7764   18.8550
   -7.5000   30.0000  -30.0000 9697.4053   18.6926
    0.0000   30.0000  -30.000010040.2510   18.6880
    7.5000   30.0000  -30.0000 9494.8457   18.6573
   -7.5000   37.5000  -30.0000 8841.2021   18.7512
    0.0000   37.5000  -30.0000 9139.4424   18.7524
    7.5000   37.5000  -30.0000 8665.8105   18.7215
   -7.5000   45.0000  -30.0000 7706.7896   18.3425
    0.0000   45.0000  -30.0000 7973.5942   18.3490
    7.5000   45.0000  -30.0000 7582.7085   18.3181
   -7.5000  -45.0000  -22.500011944.4023   19.6695
    0.0000  -45.0000  -22.500012389.0645   19.6712
    7.5000  -45.0000  -22.500011716.9365   19.6352
   -7.5000  -37.5000  -22.500012265.0342   19.6173
    0.0000  -37.5000  -22.500012717.8486   19.6219
    7.5000  -37.5000  -22.500011991.5723   19.5878
   -7.5000  -30.0000  -22.500012983.3428   19.5565
    0.0000  -30.0000  -22.500013443.2500   19.5585
    7.5000  -30.0000  -22.500012642.7021   19.5245
   -7.5000  -22.5000  -22.500013659.4238   19.5540
    0.0000  -22.5000  -22.500014126.7295   19.5494
    7.5000  -22.5000  -22.500013270.3594   19.5119
   -7.5000  -15.0000  -22.500014277.3154   19.6024
    0.0000  -15.0000  -22.500014757.9004   19.5943
    7.5000  -15.0000  -22.500013882.5469   19.5550
   -7.5000   -7.5000  -22.500014759.7598   19.6571
    0.0000   -7.5000  -22.500015236.3848   19.6529
    7.5000   -7.5000  -22.500014360.6689   19.6152
   -7.5000    0.0000  -22.500014980.1992   19.6695
    0.0000    0.0000  -22.500015492.7119   19.6712
    7.5000    0.0000  -22.500014631.0908   19.6352
   -7.5000    7.5000  -22.500013854.9658   19.6173
    0.0000    7.5000  -22.500014323.8984   19.6219
    7.5000    7.5000  -22.500013564.5430   19.5878
   -7.5000   15.0000  -22.500012597.7344   19.5565
    0.0000   15.0000  -22.500013048.2158   19.5585
    7.5000   15.0000  -22.500012362.6201   19.5245
   -7.5000   22.5000  -22.500011437.8076   19.5480
    0.0000   22.5000  -22.500011815.8555   19.5433
    7.5000   22.5000  -22.500011196.9023   19.5059
   -7.5000   30.0000  -22.500010202.6230   19.3460
    0.0000   30.0000  -22.500010537.5605   19.3380
    7.5000   30.0000  -22.5000 9969.0264   19.2992
   -7.5000   37.5000  -22.5000 9273.8066   19.4000
    0.0000   37.5000  -22.5000 9594.2969   19.3958
    7.5000   37.5000  -22.5000 9080.8291   19.3586
   -7.5000   45.0000  -22.5000 8088.6333   18.9849
    0.0000   45.0000  -22.5000 8373.3232   18.9874
    7.5000   45.0000  -22.5000 7932.8926   18.9526
   -7.5000  -45.0000  -15.000012602.3770   20.1541
    0.0000  -45.0000  -15.000013039.7549   20.1479
    7.5000  -45.0000  -15.000012338.4590   20.1074
   -7.5000  -37.5000  -15.000012983.7227   20.1077
    0.0000  -37.5000  -15.000013458.5361   20.1085
    7.5000  -37.5000  -15.000012694.4111   20.0697
   -7.5000  -30.0000  -15.000013698.9756   20.0548
    0.0000  -30.0000  -15.000014201.1182   20.0532
    7.5000  -30.0000  -15.000013343.1016   20.0111
   -7.5000  -22.5000  -15.000014381.9424   20.0553
    0.0000  -22.5000  -15.000014845.8154   20.0422
    7.5000  -22.5000  -15.000013951.3779   19.9930
   -7.5000  -15.0000  -15.000015007.3887   20.0999
    0.0000  -15.0000  -15.000015473.1494   20.0786
    7.5000  -15.0000  -15.000014575.0410   20.0275
   -7.5000   -7.5000  -15.000015505.7334   20.1458
    0.0000   -7.5000  -15.000015959.2842   20.1290
    7.5000   -7.5000  -15.000015074.0127   20.0833
   -7.5000    0.0000  -15.000015744.5918   20.1541
    0.0000    0.0000  -15.000016209.4355   20.1479
    7.5000    0.0000  -15.000015312.6973   20.1074
   -7.5000    7.5000  -15.000014559.0400   20.1077
    0.0000    7.5000  -15.000015015.7900   20.1085
    7.5000    7.5000  -15.000014199.7373   20.0697
   -7.5000   15.0000  -15.000013276.0537   20.0548
    0.0000   15.0000  -15.000013721.7285   20.0532
    7.5000   15.0000  -15.000012954.7197   20.0111
   -7.5000   22.5000  -15.000012027.7061   20.0482
    0.0000   22.5000  -15.000012423.4502   20.0351
    7.5000   22.5000  -15.000011720.4395   19.9859
   -7.5000   30.0000  -15.000010703.7422   19.8398
    0.0000   30.0000  -15.000011054.8779   19.8188
    7.5000   30.0000  -15.000010427.0352   19.7683
   -7.5000   37.5000  -15.0000 9736.6660   19.8851
    0.0000   37.5000  -15.000010071.5615   19.8685
    7.5000   37.5000  -15.0000 9492.2744   19.8233
   -7.5000   45.0000  -15.0000 8458.4141   19.4643
    0.0000   45.0000  -15.0000 8764.7510   19.4588
    7.5000   45.0000  -15.0000 8280.8516   19.4203
   -7.5000  -45.0000   -7.500013171.5518   20.4062
    0.0000  -45.0000   -7.500013638.4902   20.3969
    7.5000  -45.0000   -7.500012926.4424   20.3550
   -7.5000  -37.5000   -7.500013689.2617   20.3625
    0.0000  -37.5000   -7.500014201.5186   20.3607
    7.5000  -37.5000   -7.500013375.0576   20.3207
   -7.5000  -30.0000   -7.500014572.9863   20.3126
    0.0000  -30.0000   -7.500015109.1338   20.3059
    7.5000  -30.0000   -7.500014127.1279   20.2609
   -7.5000  -22.5000   -7.500015228.5967   20.3129
    0.0000  -22.5000   -7.500015682.0469   20.2915
    7.5000  -22.5000   -7.500014719.0859   20.2379
   -7.5000  -15.0000   -7.500015842.1797   20.3563
    0.0000  -15.0000   -7.500016258.8984   20.3251
    7.5000  -15.0000   -7.500015293.7031   20.2690
   -7.5000   -7.5000   -7.500016335.9268   20.3996
    0.0000   -7.5000   -7.500016757.3066   20.3757
    7.5000   -7.5000   -7.500015799.7832   20.3265
   -7.5000    0.0000   -7.500016572.6191   20.4062
    0.0000    0.0000   -7.500017027.2734   20.3969
    7.5000    0.0000   -7.500016021.1973   20.3550
   -7.5000    7.5000   -7.500015328.7490   20.3625
    0.0000    7.5000   -7.500015769.3604   20.3607
    7.5000    7.5000   -7.500014838.9854   20.3207
   -7.5000   15.0000   -7.500013996.7227   20.3126
    0.0000   15.0000   -7.500014416.2158   20.3059
    7.5000   15.0000   -7.500013558.9902   20.2609
   -7.5000   22.5000   -7.500012675.1484   20.3035
    0.0000   22.5000   -7.500013062.6104   20.2821
    7.5000   22.5000   -7.500012273.3184   20.2285
   -7.5000   30.0000   -7.500011284.7266   20.0924
    0.0000   30.0000   -7.500011636.5283   20.0615
    7.5000   30.0000   -7.500010932.9922   20.0061
   -7.5000   37.5000   -7.500010249.8643   20.1351
    0.0000   37.5000   -7.500010581.8545   20.1114
    7.5000   37.5000   -7.5000 9967.5439   20.0629
   -7.5000   45.0000   -7.5000 8843.9160   19.7117
    0.0000   45.0000   -7.5000 9140.4688   19.7027
    7.5000   45.0000   -7.5000 8654.6211   19.6627
   -7.5000  -45.0000    0.000013672.2998   20.4552
    0.0000  -45.0000    0.000014168.2832   20.4505
    7.5000  -45.0000    0.000013492.6182   20.4115
   -7.5000  -37.5000    0.000014351.2510   20.4090
    0.0000  -37.5000    0.000014885.6699   20.4090
    7.5000  -37.5000    0.000013987.8789   20.3720
   -7.5000  -30.0000    0.000015484.6367   20.3547
    0.0000  -30.0000    0.000016062.3076   20.3474
    7.5000  -30.0000    0.000014893.3838   20.3065
   -7.5000  -22.5000    0.000016243.3076   20.3519
    0.0000  -22.5000    0.000016775.0449   20.3306
    7.5000  -22.5000    0.000015541.4160   20.2823
   -7.5000  -15.0000    0.000016796.1836   20.3969
    0.0000  -15.0000    0.000017251.1270   20.3687
    7.5000  -15.0000    0.000016057.7451   20.3175
   -7.5000   -7.5000    0.000017173.3633   20.4459
    0.0000   -7.5000    0.000017634.6641   20.4270
    7.5000   -7.5000    0.000016474.3223   20.3813
   -7.5000    0.0000    0.000017248.8594   20.4552
    0.0000    0.0000    0.000017742.5664   20.4505
    7.5000    0.0000    0.000016615.2129   20.4115
   -7.5000    7.5000    0.000015912.4912   20.4090
    0.0000    7.5000    0.000016382.4629   20.4090
    7.5000    7.5000    0.000015378.6270   20.3720
   -7.5000   15.0000    0.000014510.9277   20.3547
    0.0000   15.0000    0.000014954.1367   20.3474
    7.5000   15.0000    0.000014073.1816   20.3065
   -7.5000   22.5000    0.000013140.2393   20.3425
    0.0000   22.5000    0.000013541.4746   20.3213
    7.5000   22.5000    0.000012757.7666   20.2729
   -7.5000   30.0000    0.000011670.7578   20.1330
    0.0000   30.0000    0.000012028.2510   20.1051
    7.5000   30.0000    0.000011324.7891   20.0546
   -7.5000   37.5000    0.000010588.4229   20.1813
    0.0000   37.5000    0.000010929.9238   20.1626
    7.5000   37.5000    0.000010314.9385   20.1175
   -7.5000   45.0000    0.0000 9120.3662   19.7608
    0.0000   45.0000    0.0000 9425.3154   19.7561
    7.5000   45.0000    0.0000 8927.6191   19.7183
   -7.5000  -45.0000    7.500013163.4805   20.4420
    0.0000  -45.0000    7.500013658.6562   20.4452
    7.5000  -45.0000    7.500012909.4492   20.4107
   -7.5000  -37.5000    7.500013753.6045   20.3891
    0.0000  -37.5000    7.500014289.8926   20.3927
    7.5000  -37.5000    7.500013345.8320   20.3595
   -7.5000  -30.0000    7.500014677.8936   20.3252
    0.0000  -30.0000    7.500015271.3008   20.3210
    7.5000  -30.0000    7.500014193.9863   20.2870
   -7.5000  -22.5000    7.500015458.8818   20.3188
    0.0000  -22.5000    7.500016031.9219   20.3056
    7.5000  -22.5000    7.500014890.8340   20.2681
   -7.5000  -15.0000    7.500016077.2695   20.3685
    0.0000  -15.0000    7.500016599.9531   20.3532
    7.5000  -15.0000    7.500015463.9238   20.3138
   -7.5000   -7.5000    7.500016453.4863   20.4277
    0.0000   -7.5000    7.500016993.4141   20.4212
    7.5000   -7.5000    7.500015879.8564   20.3840
   -7.5000    0.0000    7.500016456.6250   20.4420
    0.0000    0.0000    7.500016981.7988   20.4452
    7.5000    0.0000    7.500015937.6768   20.4107
   -7.5000    7.5000    7.500015135.5459   20.3891
    0.0000    7.5000    7.500015618.1709   20.3927
    7.5000    7.5000    7.500014704.9287   20.3595
   -7.5000   15.0000    7.500013837.4229   20.3252
    0.0000   15.0000    7.500014289.2012   20.3210
    7.5000   15.0000    7.500013451.4199   20.2870
   -7.5000   22.5000    7.500012580.5293   20.3095
    0.0000   22.5000    7.500012994.4092   20.2963
    7.5000   22.5000    7.500012233.7949   20.2588
   -7.5000   30.0000    7.500011184.8848   20.1048
    0.0000   30.0000    7.500011541.9785   20.0898
    7.5000   30.0000    7.500010871.3633   20.0509
   -7.5000   37.5000    7.500010135.2168   20.1633
    0.0000   37.5000    7.500010447.1973   20.1569
    7.5000   37.5000    7.5000 9879.4434   20.1201
   -7.5000   45.0000    7.5000 8743.9160   19.7483
    0.0000   45.0000    7.5000 9010.1943   19.7514
    7.5000   45.0000    7.5000 8556.6934   19.7175
   -7.5000  -45.0000   15.000012469.0928   20.4220
    0.0000  -45.0000   15.000012927.3320   20.4287
    7.5000  -45.0000   15.000012203.6016   20.3949
   -7.5000  -37.5000   15.000012872.1201   20.3643
    0.0000  -37.5000   15.000013363.4062   20.3700
    7.5000  -37.5000   15.000012589.1885   20.3377
   -7.5000  -30.0000   15.000013608.7314   20.2951
    0.0000  -30.0000   15.000014129.6494   20.2955
    7.5000  -30.0000   15.000013384.0596   20.2645
   -7.5000  -22.5000   15.000014304.9766   20.2890
    0.0000  -22.5000   15.000014834.7979   20.2841
    7.5000  -22.5000   15.000014074.7090   20.2520
   -7.5000  -15.0000   15.000014954.6191   20.3419
    0.0000  -15.0000   15.000015455.6006   20.3369
    7.5000  -15.0000   15.000014685.4648   20.3035
   -7.5000   -7.5000   15.000015444.7480   20.4057
    0.0000   -7.5000   15.000015972.5254   20.4070
    7.5000   -7.5000   15.000015174.2539   20.3734
   -7.5000    0.0000   15.000015521.5137   20.4220
    0.0000    0.0000   15.000016021.6553   20.4287
    7.5000    0.0000   15.000015220.7764   20.3949
   -7.5000    7.5000   15.000014331.3770   20.3643
    0.0000    7.5000   15.000014786.6992   20.3700
    7.5000    7.5000   15.000014025.8008   20.3377
   -7.5000   15.0000   15.000013088.2148   20.2951
    0.0000   15.0000   15.000013508.2588   20.2955
    7.5000   15.0000   15.000012777.9004   20.2645
   -7.5000   22.5000   15.000011867.3164   20.2797
    0.0000   22.5000   15.000012258.8809   20.2747
    7.5000   22.5000   15.000011565.7227   20.2427
   -7.5000   30.0000   15.000010526.0488   20.0787
    0.0000   30.0000   15.000010882.8086   20.0737
    7.5000   30.0000   15.000010278.8125   20.0408
   -7.5000   37.5000   15.0000 9534.3203   20.1417
    0.0000   37.5000   15.0000 9845.0967   20.1429
    7.5000   37.5000   15.0000 9307.7119   20.1097
   -7.5000   45.0000   15.0000 8226.9424   19.7287
    0.0000   45.0000   15.0000 8494.9922   19.7358
    7.5000   45.0000   15.0000 8067.9927   19.7025
   -7.5000  -45.0000   22.500011589.8193   20.4617
    0.0000  -45.0000   22.500012032.4912   20.4638
    7.5000  -45.0000   22.500011390.2324   20.4263
   -7.5000  -37.5000   22.500011906.4014   20.4073
    0.0000  -37.5000   22.500012373.8008   20.4124
    7.5000  -37.5000   22.500011742.1230   20.3769
   -7.5000  -30.0000   22.500012573.6367   20.3440
    0.0000  -30.0000   22.500013061.8594   20.3463
    7.5000  -30.0000   22.500012465.9170   20.3108
   -7.5000  -22.5000   22.500013237.1133   20.3416
    0.0000  -22.5000   22.500013756.0010   20.3367
    7.5000  -22.5000   22.500013127.5469   20.2975
   -7.5000  -15.0000   22.500013860.7051   20.3920
    0.0000  -15.0000   22.500014405.4854   20.3835
    7.5000  -15.0000   22.500013705.5596   20.3424
   -7.5000   -7.5000   22.500014361.9512   20.4489
    0.0000   -7.5000   22.500014905.0420   20.4446
    7.5000   -7.5000   22.500014181.6162   20.4052
   -7.5000    0.0000   22.500014463.2070   20.4617
    0.0000    0.0000   22.500014975.6357   20.4638
    7.5000    0.0000   22.500014259.8506   20.4263
   -7.5000    7.5000   22.500013374.3975   20.4073
    0.0000    7.5000   22.500013811.7549   20.4124
    7.5000    7.5000   22.500013132.3789   20.3769
   -7.5000   15.0000   22.500012207.4570   20.3440
    0.0000   15.0000   22.500012588.2773   20.3463
    7.5000   15.0000   22.500011960.3477   20.3108
   -7.5000   22.5000   22.500010983.9404   20.3322
    0.0000   22.5000   22.500011347.4502   20.3273
    7.5000   22.5000   22.500010814.5234   20.2882
   -7.5000   30.0000   22.5000 9709.6240   20.1280
    0.0000   30.0000   22.500010057.2549   20.1197
    7.5000   30.0000   22.5000 9590.3330   20.0791
   -7.5000   37.5000   22.5000 8848.5039   20.1842
    0.0000   37.5000   22.5000 9157.2646   20.1800
    7.5000   37.5000   22.5000 8720.1123   20.1411
   -7.5000   45.0000   22.5000 7642.0820   19.7668
    0.0000   45.0000   22.5000 7906.0605   19.7696
    7.5000   45.0000   22.5000 7548.6616   19.7334
   -7.5000  -45.0000   30.000010728.5781   20.8092
    0.0000  -45.0000   30.000011147.0166   20.8029
    7.5000  -45.0000   30.000010569.0176   20.7610
   -7.5000  -37.5000   30.000011026.6299   20.7604
    0.0000  -37.5000   30.000011444.1406   20.7620
    7.5000  -37.5000   30.000010870.6279   20.7221
   -7.5000  -30.0000   30.000011642.9814   20.7053
    0.0000  -30.0000   30.000012085.0342   20.7044
    7.5000  -30.0000   30.000011532.7402   20.6609
   -7.5000  -22.5000   30.000012247.6133   20.7064
    0.0000  -22.5000   30.000012718.3037   20.6928
    7.5000  -22.5000   30.000012144.3135   20.6413
   -7.5000  -15.0000   30.000012820.6670   20.7533
    0.0000  -15.0000   30.000013317.2031   20.7304
    7.5000  -15.0000   30.000012694.8662   20.6766
   -7.5000   -7.5000   30.000013296.2129   20.8010
    0.0000   -7.5000   30.000013820.1123   20.7830
    7.5000   -7.5000   30.000013169.5020   20.7349
   -7.5000    0.0000   30.000013420.0947   20.8092
    0.0000    0.0000   30.000013897.2988   20.8029
    7.5000    0.0000   30.000013236.1553   20.7610
   -7.5000    7.5000   30.000012400.1729   20.7604
    0.0000    7.5000   30.000012824.9824   20.7620
    7.5000    7.5000   30.000012206.5586   20.7221
   -7.5000   15.0000   30.000011294.2168   20.7053
    0.0000   15.0000   30.000011703.8477   20.7044
    7.5000   15.0000   30.000011136.1523   20.6609
   -7.5000   22.5000   30.000010110.8877   20.6969
    0.0000   22.5000   30.000010509.7100   20.6833
    7.5000   22.5000   30.000010016.7412   20.6318
   -7.5000   30.0000   30.0000 8931.3125   20.4847
    0.0000   30.0000   30.0000 9298.3291   20.4621
    7.5000   30.0000   30.0000 8870.9971   20.4090
   -7.5000   37.5000   30.0000 8147.0630   20.5318
    0.0000   37.5000   30.0000 8468.0928   20.5140
    7.5000   37.5000   30.0000 8094.8696   20.4666
   -7.5000   45.0000   30.0000 7056.4019   20.1028
    0.0000   45.0000   30.0000 7312.0708   20.0974
    7.5000   45.0000   30.0000 6998.8613   20.0574
   -7.5000  -45.0000   37.500010285.3604   21.3130
    0.0000  -45.0000   37.500010692.5322   21.3030
    7.5000  -45.0000   37.500010136.8193   21.2586
   -7.5000  -37.5000   37.500010572.1963   21.2636
    0.0000  -37.5000   37.500010969.7500   21.2624
    7.5000  -37.5000   37.500010415.6680   21.2212
   -7.5000  -30.0000   37.500011178.4404   21.2086
    0.0000  -30.0000   37.500011597.6631   21.2016
    7.5000  -30.0000   37.500011031.2021   21.1548
   -7.5000  -22.5000   37.500011733.6553   21.2101
    0.0000  -22.5000   37.500012181.8359   21.1853
    7.5000  -22.5000   37.500011609.7432   21.1279
   -7.5000  -15.0000   37.500012269.6777   21.2591
    0.0000  -15.0000   37.500012765.6943   21.2227
    7.5000  -15.0000   37.500012172.6777   21.1614
   -7.5000   -7.5000   37.500012766.7002   21.3070
    0.0000   -7.5000   37.500013254.2061   21.2795
    7.5000   -7.5000   37.500012650.4648   21.2259
   -7.5000    0.0000   37.500012857.3877   21.3130
    0.0000    0.0000   37.500013333.7891   21.3030
    7.5000    0.0000   37.500012696.1221   21.2586
   -7.5000    7.5000   37.500011876.2979   21.2636
    0.0000    7.5000   37.500012319.8760   21.2624
    7.5000    7.5000   37.500011725.8252   21.2212
   -7.5000   15.0000   37.500010807.4180   21.2086
    0.0000   15.0000   37.500011213.2920   21.2016
    7.5000   15.0000   37.500010670.0732   21.1548
   -7.5000   22.5000   37.5000 9710.9492   21.2003
    0.0000   22.5000   37.500010073.3574   21.1755
    7.5000   22.5000   37.5000 9588.4844   21.1181
   -7.5000   30.0000   37.5000 8597.3506   20.9840
    0.0000   30.0000   37.5000 8930.9619   20.9481
    7.5000   30.0000   37.5000 8506.2822   20.8876
   -7.5000   37.5000   37.5000 7838.1655   21.0313
    0.0000   37.5000   37.5000 8133.0972   21.0041
    7.5000   37.5000   37.5000 7753.2437   20.9512
   -7.5000   45.0000   37.5000 6780.5483   20.5827
    0.0000   45.0000   37.5000 7023.9395   20.5732
    7.5000   45.0000   37.5000 6711.4199   20.5307
   -7.5000  -45.0000   45.0000 9421.2168   21.8368
    0.0000  -45.0000   45.0000 9782.5889   21.8321
    7.5000  -45.0000   45.0000 9279.3887   21.7894
   -7.5000  -37.5000   45.0000 9695.1748   21.7792
    0.0000  -37.5000   45.000010058.0430   21.7802
    7.5000  -37.5000   45.0000 9546.9102   21.7392
   -7.5000  -30.0000   45.000010267.6572   21.7184
    0.0000  -30.0000   45.000010653.8779   21.7105
    7.5000  -30.0000   45.000010113.0752   21.6645
   -7.5000  -22.5000   45.000010783.0625   21.7214
    0.0000  -22.5000   45.000011210.3652   21.6965
    7.5000  -22.5000   45.000010651.9453   21.6420
   -7.5000  -15.0000   45.000011252.8281   21.7787
    0.0000  -15.0000   45.000011716.7637   21.7449
    7.5000  -15.0000   45.000011146.1396   21.6876
   -7.5000   -7.5000   45.000011745.6172   21.8333
    0.0000   -7.5000   45.000012184.2402   21.8108
    7.5000   -7.5000   45.000011591.8672   21.7604
   -7.5000    0.0000   45.000011813.6299   21.8368
    0.0000    0.0000   45.000012240.7988   21.8321
    7.5000    0.0000   45.000011640.2773   21.7894
   -7.5000    7.5000   45.000010887.9150   21.7792
    0.0000    7.5000   45.000011284.3252   21.7802
    7.5000    7.5000   45.000010725.4863   21.7392
   -7.5000   15.0000   45.0000 9896.5664   21.7184
    0.0000   15.0000   45.000010275.5586   21.7105
    7.5000   15.0000   45.0000 9764.2803   21.6645
   -7.5000   22.5000   45.0000 8910.1426   21.7113
    0.0000   22.5000   45.0000 9247.3887   21.6865
    7.5000   22.5000   45.0000 8788.7578   21.6320
   -7.5000   30.0000   45.0000 7891.6426   21.4949
    0.0000   30.0000   45.0000 8192.6807   21.4616
    7.5000   30.0000   45.0000 7805.7393   21.4051
   -7.5000   37.5000   45.0000 7186.7236   21.5489
    0.0000   37.5000   45.0000 7464.5732   21.5267
    7.5000   37.5000   45.0000 7116.6294   21.4769
   -7.5000   45.0000   45.0000 6234.8984   21.0925
    0.0000   45.0000   45.0000 6451.6890   21.0876
    7.5000   45.0000   45.0000 6147.5029   21.0463

---------------------------------------------------------------------
imgreg_4dfp /opt/freesurfer/average/711-2C_as_mni_average_305 /opt/freesurfer/average/711-2B_as_mni_average_305_mask talsrcimg_g11 none talsrcimg_to_711-2C_as_mni_average_305_t4 4355
---------------------------------------------------------------------

freesurfer imgreg_4dfp.c
/opt/freesurfer/average/711-2C_as_mni_average_305.4dfp.img
       256       256       256         1
  1.000000  1.000000  1.000000
orientation T byte_order littleendian
Reading image: /opt/freesurfer/average/711-2C_as_mni_average_305.4dfp.img
dimensions:      256       256       256
mmppix:       1.0000   -1.0000   -1.0000
center:     128.0000 -129.0000 -129.0000
/opt/freesurfer/average/711-2B_as_mni_average_305_mask.4dfp.img
       256       256       256         1
  1.000000  1.000000  1.000000
orientation T byte_order littleendian
Reading mask: /opt/freesurfer/average/711-2B_as_mni_average_305_mask.4dfp.img (2306576 pixels)
talsrcimg_g11.4dfp.img
       256       256       256         1
  1.000000  1.000000  1.000000
orientation T byte_order littleendian
Reading image: talsrcimg_g11.4dfp.img
dimensions:      256       256       256
mmppix:       1.0000   -1.0000   -1.0000
center:     128.0000 -129.0000 -129.0000
rotation matrix determinant  1.000000
image alignment mode   4355 decimal     1103 hex
   -7.5000  -45.0000  -45.0000 2398.7883   15.8533
    0.0000  -45.0000  -45.0000 2406.3406   15.8457
    7.5000  -45.0000  -45.0000 2382.6702   15.9951
   -7.5000  -37.5000  -45.0000 2433.0950   15.2058
    0.0000  -37.5000  -45.0000 2444.8621   15.2029
    7.5000  -37.5000  -45.0000 2417.8362   15.4003
   -7.5000  -30.0000  -45.0000 2451.6001   14.8610
    0.0000  -30.0000  -45.0000 2467.9146   14.8216
    7.5000  -30.0000  -45.0000 2438.0906   15.0372
   -7.5000  -22.5000  -45.0000 2451.6677   14.8927
    0.0000  -22.5000  -45.0000 2468.6633   14.8227
    7.5000  -22.5000  -45.0000 2436.5552   15.0902
   -7.5000  -15.0000  -45.0000 2425.6841   15.2694
    0.0000  -15.0000  -45.0000 2442.6265   15.2022
    7.5000  -15.0000  -45.0000 2411.4045   15.4739
   -7.5000   -7.5000  -45.0000 2391.3074   15.9997
    0.0000   -7.5000  -45.0000 2403.7202   15.9462
    7.5000   -7.5000  -45.0000 2370.1475   16.2311
   -7.5000    0.0000  -45.0000 2323.0869   17.0103
    0.0000    0.0000  -45.0000 2336.7527   16.9365
    7.5000    0.0000  -45.0000 2302.5068   17.2688
   -7.5000    7.5000  -45.0000 2241.2498   18.3131
    0.0000    7.5000  -45.0000 2252.8745   18.2876
    7.5000    7.5000  -45.0000 2218.1016   18.6006
   -7.5000   15.0000  -45.0000 2135.7559   20.0817
    0.0000   15.0000  -45.0000 2145.0115   20.0728
    7.5000   15.0000  -45.0000 2110.5757   20.3470
   -7.5000   22.5000  -45.0000 2015.2839   22.4697
    0.0000   22.5000  -45.0000 2025.6013   22.4171
    7.5000   22.5000  -45.0000 1992.4973   22.6672
   -7.5000   30.0000  -45.0000 1885.3834   25.5802
    0.0000   30.0000  -45.0000 1898.9473   25.5726
    7.5000   30.0000  -45.0000 1866.6439   25.8206
   -7.5000   37.5000  -45.0000 1740.9028   29.6690
    0.0000   37.5000  -45.0000 1746.9762   29.6742
    7.5000   37.5000  -45.0000 1725.3352   30.0888
   -7.5000   45.0000  -45.0000 1599.2671   35.5142
    0.0000   45.0000  -45.0000 1600.8433   35.5595
    7.5000   45.0000  -45.0000 1580.8429   36.1405
   -7.5000  -45.0000  -37.5000 2484.9868   14.7791
    0.0000  -45.0000  -37.5000 2494.1553   14.7612
    7.5000  -45.0000  -37.5000 2466.4990   14.9349
   -7.5000  -37.5000  -37.5000 2532.4097   14.1442
    0.0000  -37.5000  -37.5000 2539.6421   14.1146
    7.5000  -37.5000  -37.5000 2508.4307   14.3250
   -7.5000  -30.0000  -37.5000 2556.0085   13.8279
    0.0000  -30.0000  -37.5000 2564.0095   13.7970
    7.5000  -30.0000  -37.5000 2531.8889   14.0069
   -7.5000  -22.5000  -37.5000 2556.8589   13.8109
    0.0000  -22.5000  -37.5000 2568.9553   13.7710
    7.5000  -22.5000  -37.5000 2534.6736   14.0036
   -7.5000  -15.0000  -37.5000 2532.4316   14.1693
    0.0000  -15.0000  -37.5000 2545.5391   14.1298
    7.5000  -15.0000  -37.5000 2510.8228   14.3707
   -7.5000   -7.5000  -37.5000 2491.8816   14.8550
    0.0000   -7.5000  -37.5000 2503.0562   14.8316
    7.5000   -7.5000  -37.5000 2466.8599   15.0854
   -7.5000    0.0000  -37.5000 2418.7915   15.8042
    0.0000    0.0000  -37.5000 2429.0745   15.7767
    7.5000    0.0000  -37.5000 2393.9114   16.0554
   -7.5000    7.5000  -37.5000 2330.2852   17.0126
    0.0000    7.5000  -37.5000 2342.1345   16.9867
    7.5000    7.5000  -37.5000 2307.7227   17.3038
   -7.5000   15.0000  -37.5000 2223.4888   18.6328
    0.0000   15.0000  -37.5000 2229.4309   18.6135
    7.5000   15.0000  -37.5000 2196.5386   18.9246
   -7.5000   22.5000  -37.5000 2095.4736   20.8340
    0.0000   22.5000  -37.5000 2102.8252   20.8065
    7.5000   22.5000  -37.5000 2070.5994   21.0913
   -7.5000   30.0000  -37.5000 1954.7001   23.7166
    0.0000   30.0000  -37.5000 1962.8708   23.7162
    7.5000   30.0000  -37.5000 1932.3771   24.0243
   -7.5000   37.5000  -37.5000 1806.8097   27.5564
    0.0000   37.5000  -37.5000 1811.7726   27.5076
    7.5000   37.5000  -37.5000 1786.7633   27.8665
   -7.5000   45.0000  -37.5000 1648.9514   32.7545
    0.0000   45.0000  -37.5000 1657.1130   32.7855
    7.5000   45.0000  -37.5000 1635.7418   33.2353
   -7.5000  -45.0000  -30.0000 2609.4937   14.3003
    0.0000  -45.0000  -30.0000 2618.5117   14.2856
    7.5000  -45.0000  -30.0000 2591.8362   14.4682
   -7.5000  -37.5000  -30.0000 2662.9424   13.6479
    0.0000  -37.5000  -30.0000 2672.0098   13.5947
    7.5000  -37.5000  -30.0000 2639.2981   13.7944
   -7.5000  -30.0000  -30.0000 2699.4785   13.3039
    0.0000  -30.0000  -30.0000 2706.1685   13.2535
    7.5000  -30.0000  -30.0000 2666.9270   13.4570
   -7.5000  -22.5000  -30.0000 2708.7002   13.2627
    0.0000  -22.5000  -30.0000 2720.0278   13.2420
    7.5000  -22.5000  -30.0000 2680.6345   13.4589
   -7.5000  -15.0000  -30.0000 2689.5059   13.6176
    0.0000  -15.0000  -30.0000 2698.9868   13.6091
    7.5000  -15.0000  -30.0000 2659.1968   13.8333
   -7.5000   -7.5000  -30.0000 2642.8157   14.2683
    0.0000   -7.5000  -30.0000 2649.0059   14.2428
    7.5000   -7.5000  -30.0000 2607.3291   14.5146
   -7.5000    0.0000  -30.0000 2558.6694   15.1852
    0.0000    0.0000  -30.0000 2569.8882   15.1451
    7.5000    0.0000  -30.0000 2534.2495   15.4512
   -7.5000    7.5000  -30.0000 2456.8623   16.3620
    0.0000    7.5000  -30.0000 2464.5984   16.3335
    7.5000    7.5000  -30.0000 2433.0093   16.6678
   -7.5000   15.0000  -30.0000 2340.5435   17.9660
    0.0000   15.0000  -30.0000 2347.3752   17.9075
    7.5000   15.0000  -30.0000 2317.4324   18.2349
   -7.5000   22.5000  -30.0000 2210.9568   20.1138
    0.0000   22.5000  -30.0000 2217.2954   20.0437
    7.5000   22.5000  -30.0000 2183.4578   20.3589
   -7.5000   30.0000  -30.0000 2053.2671   22.8895
    0.0000   30.0000  -30.0000 2060.4404   22.8669
    7.5000   30.0000  -30.0000 2026.3474   23.2055
   -7.5000   37.5000  -30.0000 1893.1637   26.5931
    0.0000   37.5000  -30.0000 1895.6948   26.5039
    7.5000   37.5000  -30.0000 1866.0868   26.8702
   -7.5000   45.0000  -30.0000 1731.4500   31.4798
    0.0000   45.0000  -30.0000 1741.9951   31.4315
    7.5000   45.0000  -30.0000 1719.7573   31.8733
   -7.5000  -45.0000  -22.5000 2698.9089   13.7653
    0.0000  -45.0000  -22.5000 2715.5442   13.7283
    7.5000  -45.0000  -22.5000 2684.7883   13.9559
   -7.5000  -37.5000  -22.5000 2765.7539   13.0934
    0.0000  -37.5000  -22.5000 2781.1362   13.0645
    7.5000  -37.5000  -22.5000 2740.0464   13.2851
   -7.5000  -30.0000  -22.5000 2809.8757   12.7190
    0.0000  -30.0000  -22.5000 2824.5317   12.6694
    7.5000  -30.0000  -22.5000 2774.6965   12.8675
   -7.5000  -22.5000  -22.5000 2828.3914   12.6606
    0.0000  -22.5000  -22.5000 2842.1375   12.6356
    7.5000  -22.5000  -22.5000 2792.6758   12.8527
   -7.5000  -15.0000  -22.5000 2808.4333   13.0245
    0.0000  -15.0000  -22.5000 2822.6772   12.9850
    7.5000  -15.0000  -22.5000 2775.3428   13.2057
   -7.5000   -7.5000  -22.5000 2757.6394   13.6453
    0.0000   -7.5000  -22.5000 2766.1594   13.5914
    7.5000   -7.5000  -22.5000 2720.3584   13.8523
   -7.5000    0.0000  -22.5000 2666.2910   14.5224
    0.0000    0.0000  -22.5000 2678.9607   14.4763
    7.5000    0.0000  -22.5000 2639.0159   14.7729
   -7.5000    7.5000  -22.5000 2556.4719   15.6923
    0.0000    7.5000  -22.5000 2568.8320   15.6524
    7.5000    7.5000  -22.5000 2532.9451   15.9692
   -7.5000   15.0000  -22.5000 2427.8960   17.2633
    0.0000   15.0000  -22.5000 2440.9558   17.1955
    7.5000   15.0000  -22.5000 2406.3406   17.5298
   -7.5000   22.5000  -22.5000 2288.8186   19.3276
    0.0000   22.5000  -22.5000 2297.2017   19.2532
    7.5000   22.5000  -22.5000 2263.4319   19.5912
   -7.5000   30.0000  -22.5000 2123.0779   22.0014
    0.0000   30.0000  -22.5000 2129.0417   21.9208
    7.5000   30.0000  -22.5000 2096.3169   22.3282
   -7.5000   37.5000  -22.5000 1952.1260   25.4368
    0.0000   37.5000  -22.5000 1956.5376   25.3338
    7.5000   37.5000  -22.5000 1928.3518   25.7183
   -7.5000   45.0000  -22.5000 1789.1887   30.0228
    0.0000   45.0000  -22.5000 1798.4916   29.9291
    7.5000   45.0000  -22.5000 1772.1598   30.4238
   -7.5000  -45.0000  -15.0000 2758.2183   13.3279
    0.0000  -45.0000  -15.0000 2774.1292   13.2720
    7.5000  -45.0000  -15.0000 2735.9229   13.5470
   -7.5000  -37.5000  -15.0000 2834.1655   12.6651
    0.0000  -37.5000  -15.0000 2850.6208   12.6259
    7.5000  -37.5000  -15.0000 2808.9509   12.8685
   -7.5000  -30.0000  -15.0000 2885.7781   12.2524
    0.0000  -30.0000  -15.0000 2907.3135   12.2187
    7.5000  -30.0000  -15.0000 2853.1882   12.4544
   -7.5000  -22.5000  -15.0000 2910.4666   12.1553
    0.0000  -22.5000  -15.0000 2926.1238   12.1069
    7.5000  -22.5000  -15.0000 2863.2917   12.3708
   -7.5000  -15.0000  -15.0000 2882.4395   12.4933
    0.0000  -15.0000  -15.0000 2900.7742   12.4235
    7.5000  -15.0000  -15.0000 2843.3752   12.6983
   -7.5000   -7.5000  -15.0000 2824.6213   13.0887
    0.0000   -7.5000  -15.0000 2836.5029   13.0179
    7.5000   -7.5000  -15.0000 2784.1074   13.3006
   -7.5000    0.0000  -15.0000 2731.2705   13.9394
    0.0000    0.0000  -15.0000 2743.6660   13.8922
    7.5000    0.0000  -15.0000 2695.8750   14.2033
   -7.5000    7.5000  -15.0000 2615.8872   15.1137
    0.0000    7.5000  -15.0000 2627.6970   15.0657
    7.5000    7.5000  -15.0000 2586.9187   15.4057
   -7.5000   15.0000  -15.0000 2481.1721   16.6837
    0.0000   15.0000  -15.0000 2494.6975   16.6184
    7.5000   15.0000  -15.0000 2451.9248   16.9968
   -7.5000   22.5000  -15.0000 2332.2542   18.6657
    0.0000   22.5000  -15.0000 2345.7041   18.6024
    7.5000   22.5000  -15.0000 2304.4497   18.9806
   -7.5000   30.0000  -15.0000 2162.5203   21.2136
    0.0000   30.0000  -15.0000 2172.2947   21.1254
    7.5000   30.0000  -15.0000 2138.7710   21.5636
   -7.5000   37.5000  -15.0000 1987.7555   24.5212
    0.0000   37.5000  -15.0000 1994.9606   24.4174
    7.5000   37.5000  -15.0000 1963.8361   24.8813
   -7.5000   45.0000  -15.0000 1820.1331   28.8714
    0.0000   45.0000  -15.0000 1827.2704   28.8243
    7.5000   45.0000  -15.0000 1801.0575   29.3838
   -7.5000  -45.0000   -7.5000 2787.8611   13.0017
    0.0000  -45.0000   -7.5000 2801.5217   12.9477
    7.5000  -45.0000   -7.5000 2760.8921   13.2393
   -7.5000  -37.5000   -7.5000 2874.1040   12.3608
    0.0000  -37.5000   -7.5000 2892.4070   12.3244
    7.5000  -37.5000   -7.5000 2847.5012   12.5887
   -7.5000  -30.0000   -7.5000 2943.7849   12.0122
    0.0000  -30.0000   -7.5000 2963.7930   11.9836
    7.5000  -30.0000   -7.5000 2901.8782   12.2048
   -7.5000  -22.5000   -7.5000 2971.5947   11.8488
    0.0000  -22.5000   -7.5000 2983.0024   11.7941
    7.5000  -22.5000   -7.5000 2911.6914   12.0782
   -7.5000  -15.0000   -7.5000 2937.2859   12.1132
    0.0000  -15.0000   -7.5000 2946.4285   12.0263
    7.5000  -15.0000   -7.5000 2877.9155   12.3354
   -7.5000   -7.5000   -7.5000 2864.2827   12.6832
    0.0000   -7.5000   -7.5000 2874.4143   12.6116
    7.5000   -7.5000   -7.5000 2817.3657   12.9104
   -7.5000    0.0000   -7.5000 2770.7017   13.5237
    0.0000    0.0000   -7.5000 2783.1145   13.4847
    7.5000    0.0000   -7.5000 2729.4197   13.7706
   -7.5000    7.5000   -7.5000 2646.7917   14.7396
    0.0000    7.5000   -7.5000 2656.6838   14.7200
    7.5000    7.5000   -7.5000 2613.9690   14.9997
   -7.5000   15.0000   -7.5000 2509.7908   16.3181
    0.0000   15.0000   -7.5000 2515.9126   16.2769
    7.5000   15.0000   -7.5000 2478.3237   16.5738
   -7.5000   22.5000   -7.5000 2356.7605   18.2735
    0.0000   22.5000   -7.5000 2366.1318   18.2186
    7.5000   22.5000   -7.5000 2327.1086   18.5631
   -7.5000   30.0000   -7.5000 2188.9143   20.8123
    0.0000   30.0000   -7.5000 2193.5825   20.7376
    7.5000   30.0000   -7.5000 2163.2466   21.0770
   -7.5000   37.5000   -7.5000 2011.5629   24.0071
    0.0000   37.5000   -7.5000 2016.6479   23.8653
    7.5000   37.5000   -7.5000 1986.5470   24.3541
   -7.5000   45.0000   -7.5000 1828.4315   28.1286
    0.0000   45.0000   -7.5000 1835.3586   28.0678
    7.5000   45.0000   -7.5000 1813.0563   28.6669
   -7.5000  -45.0000    0.0000 2794.6074   12.8591
    0.0000  -45.0000    0.0000 2805.4985   12.8416
    7.5000  -45.0000    0.0000 2769.7363   13.1796
   -7.5000  -37.5000    0.0000 2898.9763   12.2656
    0.0000  -37.5000    0.0000 2911.6284   12.2378
    7.5000  -37.5000    0.0000 2864.7473   12.5225
   -7.5000  -30.0000    0.0000 2981.8403   11.9924
    0.0000  -30.0000    0.0000 2992.3862   11.9590
    7.5000  -30.0000    0.0000 2927.0906   12.1580
   -7.5000  -22.5000    0.0000 3017.2046   11.8911
    0.0000  -22.5000    0.0000 3020.0640   11.8685
    7.5000  -22.5000    0.0000 2938.0415   12.0329
   -7.5000  -15.0000    0.0000 2971.2896   12.0248
    0.0000  -15.0000    0.0000 2968.5801   11.9932
    7.5000  -15.0000    0.0000 2895.6904   12.2343
   -7.5000   -7.5000    0.0000 2886.2136   12.5110
    0.0000   -7.5000    0.0000 2885.9763   12.4757
    7.5000   -7.5000    0.0000 2830.1792   12.7386
   -7.5000    0.0000    0.0000 2778.1060   13.3841
    0.0000    0.0000    0.0000 2783.9543   13.3538
    7.5000    0.0000    0.0000 2732.8552   13.6285
   -7.5000    7.5000    0.0000 2650.9922   14.5858
    0.0000    7.5000    0.0000 2657.0315   14.5718
    7.5000    7.5000    0.0000 2616.4434   14.8536
   -7.5000   15.0000    0.0000 2512.4104   16.1057
    0.0000   15.0000    0.0000 2516.2329   16.1007
    7.5000   15.0000    0.0000 2481.0073   16.3997
   -7.5000   22.5000    0.0000 2358.7375   18.0870
    0.0000   22.5000    0.0000 2364.7200   18.0784
    7.5000   22.5000    0.0000 2328.6887   18.3777
   -7.5000   30.0000    0.0000 2190.5962   20.5563
    0.0000   30.0000    0.0000 2195.2944   20.5165
    7.5000   30.0000    0.0000 2162.6807   20.8713
   -7.5000   37.5000    0.0000 2008.9408   23.7479
    0.0000   37.5000    0.0000 2016.8458   23.6614
    7.5000   37.5000    0.0000 1988.8402   24.1315
   -7.5000   45.0000    0.0000 1826.3225   27.8081
    0.0000   45.0000    0.0000 1834.8650   27.8327
    7.5000   45.0000    0.0000 1814.2773   28.2628
   -7.5000  -45.0000    7.5000 2787.9797   12.9555
    0.0000  -45.0000    7.5000 2791.3748   12.9878
    7.5000  -45.0000    7.5000 2751.2271   13.3156
   -7.5000  -37.5000    7.5000 2899.6929   12.3590
    0.0000  -37.5000    7.5000 2903.8337   12.3853
    7.5000  -37.5000    7.5000 2849.8635   12.6382
   -7.5000  -30.0000    7.5000 2987.0405   12.0249
    0.0000  -30.0000    7.5000 2988.2153   12.0527
    7.5000  -30.0000    7.5000 2913.0879   12.2427
   -7.5000  -22.5000    7.5000 3015.8530   11.9070
    0.0000  -22.5000    7.5000 3008.7261   11.9350
    7.5000  -22.5000    7.5000 2923.4912   12.1455
   -7.5000  -15.0000    7.5000 2967.3640   12.1384
    0.0000  -15.0000    7.5000 2953.7021   12.1467
    7.5000  -15.0000    7.5000 2883.1135   12.3919
   -7.5000   -7.5000    7.5000 2875.6982   12.6877
    0.0000   -7.5000    7.5000 2874.0386   12.6662
    7.5000   -7.5000    7.5000 2813.9053   12.8993
   -7.5000    0.0000    7.5000 2761.0073   13.5200
    0.0000    0.0000    7.5000 2763.4741   13.5004
    7.5000    0.0000    7.5000 2714.6428   13.7548
   -7.5000    7.5000    7.5000 2629.9653   14.6254
    0.0000    7.5000    7.5000 2634.3489   14.5892
    7.5000    7.5000    7.5000 2597.9780   14.8806
   -7.5000   15.0000    7.5000 2495.5752   16.1194
    0.0000   15.0000    7.5000 2500.3906   16.0929
    7.5000   15.0000    7.5000 2465.1748   16.3801
   -7.5000   22.5000    7.5000 2347.4036   18.0584
    0.0000   22.5000    7.5000 2354.7180   18.0128
    7.5000   22.5000    7.5000 2316.7014   18.3559
   -7.5000   30.0000    7.5000 2176.5422   20.5256
    0.0000   30.0000    7.5000 2183.0786   20.4521
    7.5000   30.0000    7.5000 2148.6033   20.8684
   -7.5000   37.5000    7.5000 1993.3722   23.7611
    0.0000   37.5000    7.5000 1999.7941   23.6772
    7.5000   37.5000    7.5000 1973.8170   24.1724
   -7.5000   45.0000    7.5000 1820.6394   27.8558
    0.0000   45.0000    7.5000 1825.0562   27.8651
    7.5000   45.0000    7.5000 1804.9194   28.3405
   -7.5000  -45.0000   15.0000 2766.2722   13.2716
    0.0000  -45.0000   15.0000 2762.0549   13.3248
    7.5000  -45.0000   15.0000 2715.1541   13.6857
   -7.5000  -37.5000   15.0000 2874.4150   12.6308
    0.0000  -37.5000   15.0000 2871.0022   12.6450
    7.5000  -37.5000   15.0000 2817.4326   12.9207
   -7.5000  -30.0000   15.0000 2944.3918   12.1854
    0.0000  -30.0000   15.0000 2947.3848   12.2288
    7.5000  -30.0000   15.0000 2878.3921   12.4990
   -7.5000  -22.5000   15.0000 2957.0996   12.1155
    0.0000  -22.5000   15.0000 2958.2195   12.1252
    7.5000  -22.5000   15.0000 2887.1687   12.4344
   -7.5000  -15.0000   15.0000 2915.8638   12.4373
    0.0000  -15.0000   15.0000 2907.9177   12.4157
    7.5000  -15.0000   15.0000 2845.0383   12.7237
   -7.5000   -7.5000   15.0000 2832.0532   13.0507
    0.0000   -7.5000   15.0000 2829.6143   12.9990
    7.5000   -7.5000   15.0000 2776.4067   13.3082
   -7.5000    0.0000   15.0000 2715.7217   13.9184
    0.0000    0.0000   15.0000 2716.4844   13.8573
    7.5000    0.0000   15.0000 2674.4595   14.1669
   -7.5000    7.5000   15.0000 2591.9185   15.0215
    0.0000    7.5000   15.0000 2592.2156   14.9898
    7.5000    7.5000   15.0000 2558.3357   15.2782
   -7.5000   15.0000   15.0000 2458.1475   16.4549
    0.0000   15.0000   15.0000 2459.0916   16.4285
    7.5000   15.0000   15.0000 2426.3853   16.7096
   -7.5000   22.5000   15.0000 2312.0122   18.3284
    0.0000   22.5000   15.0000 2314.8311   18.2448
    7.5000   22.5000   15.0000 2278.3157   18.5638
   -7.5000   30.0000   15.0000 2138.3821   20.7883
    0.0000   30.0000   15.0000 2142.2720   20.7316
    7.5000   30.0000   15.0000 2114.5981   21.0413
   -7.5000   37.5000   15.0000 1965.4434   23.9346
    0.0000   37.5000   15.0000 1966.0338   23.9396
    7.5000   37.5000   15.0000 1946.7869   24.3561
   -7.5000   45.0000   15.0000 1804.7239   28.0683
    0.0000   45.0000   15.0000 1799.0699   28.0949
    7.5000   45.0000   15.0000 1781.5060   28.6103
   -7.5000  -45.0000   22.5000 2730.6099   13.8195
    0.0000  -45.0000   22.5000 2724.1091   13.8632
    7.5000  -45.0000   22.5000 2673.6516   14.2477
   -7.5000  -37.5000   22.5000 2829.0225   13.1096
    0.0000  -37.5000   22.5000 2822.9287   13.1605
    7.5000  -37.5000   22.5000 2764.4153   13.4774
   -7.5000  -30.0000   22.5000 2880.9065   12.6378
    0.0000  -30.0000   22.5000 2880.1477   12.6617
    7.5000  -30.0000   22.5000 2819.3743   13.0237
   -7.5000  -22.5000   22.5000 2887.2800   12.6406
    0.0000  -22.5000   22.5000 2884.9600   12.6301
    7.5000  -22.5000   22.5000 2828.9365   12.9423
   -7.5000  -15.0000   22.5000 2843.8794   13.0012
    0.0000  -15.0000   22.5000 2841.9297   12.9808
    7.5000  -15.0000   22.5000 2786.6433   13.2467
   -7.5000   -7.5000   22.5000 2764.0869   13.6205
    0.0000   -7.5000   22.5000 2760.7002   13.5940
    7.5000   -7.5000   22.5000 2714.8157   13.8709
   -7.5000    0.0000   22.5000 2655.2200   14.4743
    0.0000    0.0000   22.5000 2654.6880   14.4515
    7.5000    0.0000   22.5000 2618.4578   14.7470
   -7.5000    7.5000   22.5000 2542.6245   15.5967
    0.0000    7.5000   22.5000 2539.2161   15.5709
    7.5000    7.5000   22.5000 2502.5310   15.8959
   -7.5000   15.0000   22.5000 2409.5005   17.0411
    0.0000   15.0000   22.5000 2407.0662   16.9778
    7.5000   15.0000   22.5000 2370.6169   17.2804
   -7.5000   22.5000   22.5000 2254.7295   18.8845
    0.0000   22.5000   22.5000 2256.1531   18.8090
    7.5000   22.5000   22.5000 2227.9314   19.1430
   -7.5000   30.0000   22.5000 2088.5486   21.3044
    0.0000   30.0000   22.5000 2091.4995   21.2579
    7.5000   30.0000   22.5000 2065.0337   21.5939
   -7.5000   37.5000   22.5000 1927.5771   24.4959
    0.0000   37.5000   22.5000 1926.4127   24.4856
    7.5000   37.5000   22.5000 1907.0511   24.8443
   -7.5000   45.0000   22.5000 1773.1782   28.6636
    0.0000   45.0000   22.5000 1766.2349   28.6992
    7.5000   45.0000   22.5000 1748.0415   29.2052
   -7.5000  -45.0000   30.0000 2684.1636   14.5515
    0.0000  -45.0000   30.0000 2675.7490   14.5953
    7.5000  -45.0000   30.0000 2618.4810   15.0068
   -7.5000  -37.5000   30.0000 2768.1809   13.7738
    0.0000  -37.5000   30.0000 2759.9478   13.8272
    7.5000  -37.5000   30.0000 2698.4531   14.2369
   -7.5000  -30.0000   30.0000 2805.8711   13.3470
    0.0000  -30.0000   30.0000 2803.4067   13.3812
    7.5000  -30.0000   30.0000 2744.3147   13.7454
   -7.5000  -22.5000   30.0000 2802.5574   13.3493
    0.0000  -22.5000   30.0000 2799.6650   13.3583
    7.5000  -22.5000   30.0000 2748.2771   13.6639
   -7.5000  -15.0000   30.0000 2757.1152   13.7034
    0.0000  -15.0000   30.0000 2757.0884   13.6971
    7.5000  -15.0000   30.0000 2705.1460   13.9794
   -7.5000   -7.5000   30.0000 2679.5356   14.3521
    0.0000   -7.5000   30.0000 2681.9500   14.3323
    7.5000   -7.5000   30.0000 2641.0327   14.6325
   -7.5000    0.0000   30.0000 2582.3308   15.2625
    0.0000    0.0000   30.0000 2583.0137   15.2320
    7.5000    0.0000   30.0000 2544.7087   15.5389
   -7.5000    7.5000   30.0000 2473.5740   16.3505
    0.0000    7.5000   30.0000 2473.7585   16.3361
    7.5000    7.5000   30.0000 2436.3892   16.6722
   -7.5000   15.0000   30.0000 2341.9160   17.7982
    0.0000   15.0000   30.0000 2342.6755   17.7934
    7.5000   15.0000   30.0000 2311.6560   18.1123
   -7.5000   22.5000   30.0000 2180.3428   19.7137
    0.0000   22.5000   30.0000 2188.7307   19.7000
    7.5000   22.5000   30.0000 2163.2747   19.9906
   -7.5000   30.0000   30.0000 2025.3585   22.1446
    0.0000   30.0000   30.0000 2031.7778   22.1377
    7.5000   30.0000   30.0000 2004.9254   22.4794
   -7.5000   37.5000   30.0000 1880.7919   25.3667
    0.0000   37.5000   30.0000 1884.0442   25.3612
    7.5000   37.5000   30.0000 1859.9255   25.8003
   -7.5000   45.0000   30.0000 1730.8549   29.6947
    0.0000   45.0000   30.0000 1729.6812   29.6708
    7.5000   45.0000   30.0000 1711.3580   30.2246
   -7.5000  -45.0000   37.5000 2616.1716   15.4595
    0.0000  -45.0000   37.5000 2611.9209   15.5081
    7.5000  -45.0000   37.5000 2554.5884   15.9667
   -7.5000  -37.5000   37.5000 2688.1218   14.6843
    0.0000  -37.5000   37.5000 2683.5522   14.7161
    7.5000  -37.5000   37.5000 2623.6592   15.1538
   -7.5000  -30.0000   37.5000 2716.6582   14.2877
    0.0000  -30.0000   37.5000 2714.6052   14.3056
    7.5000  -30.0000   37.5000 2658.2041   14.6556
   -7.5000  -22.5000   37.5000 2704.8679   14.2613
    0.0000  -22.5000   37.5000 2703.4443   14.2750
    7.5000  -22.5000   37.5000 2656.8630   14.5900
   -7.5000  -15.0000   37.5000 2667.4006   14.5765
    0.0000  -15.0000   37.5000 2670.9460   14.5817
    7.5000  -15.0000   37.5000 2624.8301   14.8696
   -7.5000   -7.5000   37.5000 2603.6526   15.2254
    0.0000   -7.5000   37.5000 2600.4275   15.2321
    7.5000   -7.5000   37.5000 2559.1292   15.5409
   -7.5000    0.0000   37.5000 2509.5071   16.1211
    0.0000    0.0000   37.5000 2507.3691   16.1433
    7.5000    0.0000   37.5000 2466.0164   16.4632
   -7.5000    7.5000   37.5000 2400.6165   17.2446
    0.0000    7.5000   37.5000 2400.7988   17.2791
    7.5000    7.5000   37.5000 2363.6208   17.6245
   -7.5000   15.0000   37.5000 2266.3042   18.7340
    0.0000   15.0000   37.5000 2270.5974   18.7657
    7.5000   15.0000   37.5000 2238.1287   19.0995
   -7.5000   22.5000   37.5000 2116.0598   20.7560
    0.0000   22.5000   37.5000 2119.7786   20.7727
    7.5000   22.5000   37.5000 2094.7625   21.0462
   -7.5000   30.0000   37.5000 1971.6122   23.3405
    0.0000   30.0000   37.5000 1976.8442   23.3438
    7.5000   30.0000   37.5000 1952.0392   23.6765
   -7.5000   37.5000   37.5000 1832.1289   26.5726
    0.0000   37.5000   37.5000 1835.1180   26.6112
    7.5000   37.5000   37.5000 1813.8597   27.0657
   -7.5000   45.0000   37.5000 1681.6736   31.1548
    0.0000   45.0000   37.5000 1678.8741   31.1542
    7.5000   45.0000   37.5000 1661.6248   31.5998
   -7.5000  -45.0000   45.0000 2536.7241   16.5962
    0.0000  -45.0000   45.0000 2530.3525   16.6268
    7.5000  -45.0000   45.0000 2477.6377   17.1061
   -7.5000  -37.5000   45.0000 2599.3872   15.8329
    0.0000  -37.5000   45.0000 2592.0244   15.8612
    7.5000  -37.5000   45.0000 2538.0032   16.2906
   -7.5000  -30.0000   45.0000 2620.3794   15.4241
    0.0000  -30.0000   45.0000 2614.6384   15.4505
    7.5000  -30.0000   45.0000 2563.3987   15.7954
   -7.5000  -22.5000   45.0000 2606.3223   15.4042
    0.0000  -22.5000   45.0000 2605.5986   15.4217
    7.5000  -22.5000   45.0000 2559.2827   15.7241
   -7.5000  -15.0000   45.0000 2567.4346   15.6849
    0.0000  -15.0000   45.0000 2571.7664   15.7005
    7.5000  -15.0000   45.0000 2528.1292   15.9848
   -7.5000   -7.5000   45.0000 2519.7380   16.2696
    0.0000   -7.5000   45.0000 2516.1113   16.2814
    7.5000   -7.5000   45.0000 2472.0391   16.5890
   -7.5000    0.0000   45.0000 2430.9712   17.1569
    0.0000    0.0000   45.0000 2427.7871   17.1982
    7.5000    0.0000   45.0000 2386.6541   17.4947
   -7.5000    7.5000   45.0000 2319.4307   18.3427
    0.0000    7.5000   45.0000 2316.7466   18.3815
    7.5000    7.5000   45.0000 2281.8787   18.6894
   -7.5000   15.0000   45.0000 2188.2463   19.8494
    0.0000   15.0000   45.0000 2191.0137   19.9241
    7.5000   15.0000   45.0000 2159.9287   20.2454
   -7.5000   22.5000   45.0000 2048.3623   21.9720
    0.0000   22.5000   45.0000 2051.3914   22.0263
    7.5000   22.5000   45.0000 2027.3909   22.3246
   -7.5000   30.0000   45.0000 1908.0873   24.6898
    0.0000   30.0000   45.0000 1912.8945   24.7321
    7.5000   30.0000   45.0000 1890.6050   25.1391
   -7.5000   37.5000   45.0000 1772.4375   28.2617
    0.0000   37.5000   45.0000 1779.7156   28.2796
    7.5000   37.5000   45.0000 1753.9819   28.7877
   -7.5000   45.0000   45.0000 1632.1804   33.0627
    0.0000   45.0000   45.0000 1630.2784   33.0713
    7.5000   45.0000   45.0000 1604.7814   33.6085

---------------------------------------------------------------------
imgreg_4dfp /opt/freesurfer/average/711-2C_as_mni_average_305 /opt/freesurfer/average/711-2B_as_mni_average_305_mask talsrcimg_g11 none talsrcimg_to_711-2C_as_mni_average_305_t4 1283
---------------------------------------------------------------------

freesurfer imgreg_4dfp.c
/opt/freesurfer/average/711-2C_as_mni_average_305.4dfp.img
       256       256       256         1
  1.000000  1.000000  1.000000
orientation T byte_order littleendian
Reading image: /opt/freesurfer/average/711-2C_as_mni_average_305.4dfp.img
dimensions:      256       256       256
mmppix:       1.0000   -1.0000   -1.0000
center:     128.0000 -129.0000 -129.0000
/opt/freesurfer/average/711-2B_as_mni_average_305_mask.4dfp.img
       256       256       256         1
  1.000000  1.000000  1.000000
orientation T byte_order littleendian
Reading mask: /opt/freesurfer/average/711-2B_as_mni_average_305_mask.4dfp.img (2306576 pixels)
talsrcimg_g11.4dfp.img
       256       256       256         1
  1.000000  1.000000  1.000000
orientation T byte_order littleendian
Reading image: talsrcimg_g11.4dfp.img
dimensions:      256       256       256
mmppix:       1.0000   -1.0000   -1.0000
center:     128.0000 -129.0000 -129.0000
rotation matrix determinant  1.000000
fimgreg.f
image alignment mode   1283 decimal      503 hex
parameters
    0.0000  -22.5000    0.0000    0.0000    0.0000    0.0000
eta,q 0.94765 11.86314
niter,ni,del,rscale     5    3   12.0000    1.2000
parameter  1  0.580097 ->  0.500000 qaram    1.1500
parameter  3 -0.577384 -> -0.500000 qaram    1.1500
parameter  4  0.886695 ->  0.500000 qaram    1.1500
parameters
   -3.4500  -23.5508    3.4500   -3.4500    2.7892   -2.8825
eta,q 0.95957 11.89245
  0.0514  0.0532  0.0582  0.0440  0.0549  0.0413
  0.0482  0.0492  0.0546  0.0428  0.0501  0.0405
  0.0478  0.0477  0.0506  0.0433  0.0460  0.0405
  0.0518  0.0476  0.0474  0.0454  0.0428  0.0412
  0.0596  0.0498  0.0459  0.0486  0.0415  0.0427
  0.0677  0.0536  0.0458  0.0514  0.0414  0.0449
  0.0762  0.0582  0.0472  0.0531  0.0437  0.0483
niter,ni,del,rscale     7    3   12.0000    1.2000
parameters
   -4.4764  -22.1163    2.2480   -6.3489    4.0544   -3.3947
eta,q 0.96293 11.93899
  0.0551  0.0561  0.0461  0.0388  0.0487  0.0406
  0.0455  0.0501  0.0404  0.0380  0.0433  0.0385
  0.0406  0.0445  0.0374  0.0374  0.0395  0.0373
  0.0404  0.0400  0.0383  0.0375  0.0377  0.0371
  0.0454  0.0382  0.0416  0.0402  0.0370  0.0378
  0.0546  0.0410  0.0464  0.0454  0.0384  0.0394
  0.0658  0.0471  0.0529  0.0498  0.0423  0.0421
niter,ni,del,rscale     6    3   12.0000    1.2000
parameters
   -4.7186  -21.4397    1.4281   -7.5876    4.1925   -3.2099
eta,q 0.96411 11.90954
  0.0596  0.0537  0.0463  0.0391  0.0455  0.0413
  0.0468  0.0468  0.0398  0.0371  0.0405  0.0385
  0.0383  0.0410  0.0357  0.0363  0.0372  0.0368
  0.0371  0.0369  0.0361  0.0355  0.0359  0.0359
  0.0413  0.0365  0.0397  0.0363  0.0366  0.0362
  0.0503  0.0415  0.0445  0.0394  0.0399  0.0378
  0.0614  0.0488  0.0510  0.0446  0.0447  0.0409
niter,ni,del,rscale     5    3   12.0000    1.2000
parameters
   -4.8127  -21.2351    1.1799   -7.7475    4.2455   -3.1532
eta,q 0.96443 11.89694
  0.0601  0.0517  0.0489  0.0408  0.0450  0.0410
  0.0470  0.0440  0.0414  0.0374  0.0401  0.0383
  0.0378  0.0387  0.0362  0.0363  0.0367  0.0364
  0.0359  0.0358  0.0357  0.0355  0.0356  0.0356
  0.0400  0.0365  0.0390  0.0354  0.0365  0.0360
  0.0488  0.0423  0.0436  0.0377  0.0399  0.0378
  0.0601  0.0504  0.0495  0.0418  0.0447  0.0412
niter,ni,del,rscale     4    3   12.0000    1.2000
parameters
   -4.8402  -21.1911    1.1378   -7.7805    4.2627   -3.1468
eta,q 0.96448 11.89406
  0.0604  0.0509  0.0499  0.0410  0.0449  0.0409
  0.0473  0.0433  0.0421  0.0375  0.0400  0.0382
  0.0378  0.0381  0.0365  0.0362  0.0366  0.0363
  0.0356  0.0356  0.0355  0.0355  0.0355  0.0355
  0.0395  0.0366  0.0386  0.0353  0.0364  0.0360
  0.0483  0.0428  0.0432  0.0375  0.0399  0.0378
  0.0597  0.0510  0.0489  0.0415  0.0448  0.0413
registration optimization eta report
parameter search radius
    6.9000    6.0000    6.9000    6.9000    6.0000    6.0000
100000*second partial in parameter space
       51.       43.       28.       13.       26.       16.
  0.0604  0.0509  0.0499  0.0410  0.0449  0.0409
  0.0473  0.0433  0.0421  0.0375  0.0400  0.0382
  0.0378  0.0381  0.0365  0.0362  0.0366  0.0363
  0.0356  0.0356  0.0355  0.0355  0.0355  0.0355
  0.0395  0.0366  0.0386  0.0353  0.0364  0.0360
  0.0483  0.0428  0.0432  0.0375  0.0399  0.0378
  0.0597  0.0510  0.0489  0.0415  0.0448  0.0413
   -4.8402  -21.1911    1.1378   -7.7805    4.2627   -3.1468
eta,q 0.96448 11.89406

---------------------------------------------------------------------
imgreg_4dfp /opt/freesurfer/average/711-2C_as_mni_average_305 /opt/freesurfer/average/711-2B_as_mni_average_305_mask talsrcimg_g11 none talsrcimg_to_711-2C_as_mni_average_305_t4 3335
---------------------------------------------------------------------

freesurfer imgreg_4dfp.c
/opt/freesurfer/average/711-2C_as_mni_average_305.4dfp.img
       256       256       256         1
  1.000000  1.000000  1.000000
orientation T byte_order littleendian
Reading image: /opt/freesurfer/average/711-2C_as_mni_average_305.4dfp.img
dimensions:      256       256       256
mmppix:       1.0000   -1.0000   -1.0000
center:     128.0000 -129.0000 -129.0000
/opt/freesurfer/average/711-2B_as_mni_average_305_mask.4dfp.img
       256       256       256         1
  1.000000  1.000000  1.000000
orientation T byte_order littleendian
Reading mask: /opt/freesurfer/average/711-2B_as_mni_average_305_mask.4dfp.img (2306576 pixels)
talsrcimg_g11.4dfp.img
       256       256       256         1
  1.000000  1.000000  1.000000
orientation T byte_order littleendian
Reading image: talsrcimg_g11.4dfp.img
dimensions:      256       256       256
mmppix:       1.0000   -1.0000   -1.0000
center:     128.0000 -129.0000 -129.0000
fimgreg.f
image alignment mode   3335 decimal      D07 hex
parameters
   -4.8402  -21.1911    1.1378   -0.4270   -1.1252   -1.1947
    6.4436   -6.6103   -5.4742   13.9217    7.4329  -13.5004
eta,q 0.96373 11.95608
niter,ni,del,rscale     5    3    5.0000    1.2000
parameter  4  1.319629 ->  0.500000 qaram    1.1500
parameter  5  1.842070 ->  0.500000 qaram    1.1500
parameters
   -4.8282  -20.9046    1.3437   -4.5670   -5.2652   -4.6393
    7.2219   -6.1944   -3.8356   11.6797    5.5441  -15.4982
eta,q 0.97125 11.37027
  0.0397  0.0394  0.0384  0.0325  0.0280  0.0298  0.0323  0.0339  0.0322  0.0303  0.0294  0.0294
  0.0378  0.0378  0.0373  0.0332  0.0293  0.0296  0.0308  0.0316  0.0308  0.0293  0.0290  0.0290
  0.0366  0.0367  0.0366  0.0345  0.0311  0.0292  0.0298  0.0300  0.0299  0.0290  0.0288  0.0288
  0.0363  0.0363  0.0362  0.0362  0.0335  0.0297  0.0294  0.0293  0.0293  0.0292  0.0289  0.0288
  0.0367  0.0364  0.0363  0.0386  0.0366  0.0312  0.0294  0.0296  0.0292  0.0301  0.0292  0.0293
  0.0378  0.0370  0.0368  0.0415  0.0399  0.0337  0.0301  0.0309  0.0296  0.0319  0.0297  0.0299
  0.0396  0.0382  0.0378  0.0447  0.0434  0.0368  0.0313  0.0330  0.0304  0.0343  0.0304  0.0308
niter,ni,del,rscale     6    3    5.0000    1.2000
parameter  4  0.579547 ->  0.500000 qaram    1.3225
parameter  5  0.685687 ->  0.500000 qaram    1.3225
parameters
   -4.8254  -20.9203    0.5479   -9.3280  -10.0262   -6.3960
    7.1239   -5.9289   -3.7549   12.5082    6.7760  -18.2945
eta,q 0.97429 10.72382
  0.0320  0.0315  0.0293  0.0280  0.0262  0.0264  0.0287  0.0299  0.0283  0.0293  0.0269  0.0262
  0.0303  0.0300  0.0287  0.0276  0.0258  0.0259  0.0272  0.0280  0.0270  0.0276  0.0264  0.0258
  0.0291  0.0291  0.0286  0.0277  0.0263  0.0259  0.0262  0.0266  0.0262  0.0265  0.0260  0.0257
  0.0287  0.0287  0.0287  0.0286  0.0275  0.0259  0.0260  0.0259  0.0259  0.0259  0.0259  0.0259
  0.0291  0.0291  0.0293  0.0299  0.0295  0.0260  0.0263  0.0262  0.0262  0.0260  0.0259  0.0263
  0.0302  0.0300  0.0301  0.0319  0.0324  0.0266  0.0273  0.0274  0.0270  0.0268  0.0260  0.0271
  0.0321  0.0316  0.0311  0.0347  0.0359  0.0284  0.0288  0.0296  0.0281  0.0281  0.0264  0.0279
niter,ni,del,rscale     7    3    5.0000    1.2000
parameters
   -4.9367  -20.8138    0.5134  -10.0268  -11.3202   -5.5409
    7.3339   -6.0564   -3.7068   13.6999    6.2746  -19.0806
eta,q 0.97454 10.68030
  0.0288  0.0288  0.0270  0.0287  0.0289  0.0273  0.0285  0.0292  0.0279  0.0292  0.0262  0.0265
  0.0271  0.0271  0.0262  0.0271  0.0270  0.0261  0.0270  0.0274  0.0267  0.0275  0.0258  0.0259
  0.0260  0.0261  0.0258  0.0260  0.0258  0.0256  0.0259  0.0261  0.0258  0.0262  0.0256  0.0255
  0.0257  0.0257  0.0257  0.0257  0.0257  0.0256  0.0256  0.0256  0.0256  0.0256  0.0255  0.0255
  0.0262  0.0260  0.0259  0.0263  0.0267  0.0255  0.0258  0.0259  0.0259  0.0256  0.0256  0.0257
  0.0275  0.0269  0.0263  0.0277  0.0284  0.0257  0.0268  0.0273  0.0267  0.0262  0.0259  0.0262
  0.0295  0.0282  0.0270  0.0297  0.0314  0.0265  0.0282  0.0297  0.0278  0.0275  0.0265  0.0270
niter,ni,del,rscale     6    3    5.0000    1.2000
parameters
   -4.9780  -20.6820    0.4453   -9.8561  -11.7086   -5.5114
    7.3547   -6.0840   -3.6530   14.0119    6.3359  -19.4566
eta,q 0.97458 10.67864
  0.0287  0.0286  0.0268  0.0289  0.0294  0.0269  0.0283  0.0291  0.0277  0.0285  0.0263  0.0265
  0.0269  0.0269  0.0259  0.0272  0.0274  0.0260  0.0268  0.0273  0.0265  0.0269  0.0259  0.0260
  0.0258  0.0259  0.0255  0.0260  0.0259  0.0256  0.0258  0.0260  0.0257  0.0259  0.0256  0.0255
  0.0255  0.0255  0.0255  0.0254  0.0254  0.0254  0.0254  0.0254  0.0254  0.0254  0.0254  0.0254
  0.0259  0.0257  0.0257  0.0258  0.0261  0.0253  0.0258  0.0258  0.0257  0.0257  0.0255  0.0257
  0.0271  0.0266  0.0262  0.0270  0.0277  0.0258  0.0268  0.0271  0.0265  0.0265  0.0258  0.0261
  0.0289  0.0279  0.0268  0.0288  0.0303  0.0271  0.0282  0.0294  0.0276  0.0280  0.0263  0.0268
niter,ni,del,rscale     5    3    5.0000    1.2000
parameters
   -4.9787  -20.6235    0.4385   -9.8515  -11.8132   -5.4426
    7.3582   -6.0860   -3.6525   14.1576    6.3507  -19.5962
eta,q 0.97458 10.68062
  0.0288  0.0283  0.0269  0.0288  0.0296  0.0270  0.0282  0.0291  0.0277  0.0283  0.0263  0.0266
  0.0269  0.0268  0.0260  0.0271  0.0275  0.0260  0.0267  0.0273  0.0265  0.0268  0.0258  0.0260
  0.0258  0.0258  0.0255  0.0259  0.0260  0.0256  0.0257  0.0260  0.0257  0.0258  0.0256  0.0256
  0.0254  0.0254  0.0254  0.0254  0.0254  0.0254  0.0254  0.0254  0.0254  0.0254  0.0254  0.0254
  0.0258  0.0257  0.0257  0.0258  0.0260  0.0253  0.0258  0.0257  0.0257  0.0257  0.0255  0.0256
  0.0269  0.0266  0.0261  0.0270  0.0274  0.0258  0.0267  0.0271  0.0265  0.0266  0.0258  0.0260
  0.0288  0.0280  0.0267  0.0289  0.0300  0.0271  0.0282  0.0294  0.0276  0.0282  0.0263  0.0267
niter,ni,del,rscale     4    3    5.0000    1.2000
parameters
   -4.9772  -20.5996    0.4343   -9.8362  -11.8561   -5.4284
    7.3647   -6.0839   -3.6541   14.2052    6.3471  -19.6497
eta,q 0.97458 10.68118
  0.0288  0.0282  0.0269  0.0288  0.0296  0.0270  0.0282  0.0291  0.0277  0.0282  0.0263  0.0266
  0.0269  0.0267  0.0260  0.0271  0.0275  0.0260  0.0267  0.0273  0.0265  0.0267  0.0258  0.0260
  0.0258  0.0257  0.0255  0.0259  0.0260  0.0256  0.0257  0.0260  0.0257  0.0258  0.0256  0.0256
  0.0254  0.0254  0.0254  0.0254  0.0254  0.0254  0.0254  0.0254  0.0254  0.0254  0.0254  0.0254
  0.0258  0.0257  0.0257  0.0258  0.0259  0.0253  0.0258  0.0257  0.0257  0.0257  0.0255  0.0256
  0.0269  0.0266  0.0261  0.0270  0.0274  0.0258  0.0267  0.0271  0.0265  0.0266  0.0258  0.0260
  0.0287  0.0281  0.0267  0.0288  0.0299  0.0272  0.0282  0.0293  0.0276  0.0282  0.0263  0.0267
registration optimization eta report
parameter search radius
    2.4000    2.4000    2.4000    9.5220    9.5220    7.2000
    7.2000    7.2000    7.2000    7.2000    7.2000    7.2000
100000*second partial in parameter space
       58.       47.       24.        4.        5.        3.
        5.        7.        4.        5.        2.        2.
  0.0288  0.0282  0.0269  0.0288  0.0296  0.0270  0.0282  0.0291  0.0277  0.0282  0.0263  0.0266
  0.0269  0.0267  0.0260  0.0271  0.0275  0.0260  0.0267  0.0273  0.0265  0.0267  0.0258  0.0260
  0.0258  0.0257  0.0255  0.0259  0.0260  0.0256  0.0257  0.0260  0.0257  0.0258  0.0256  0.0256
  0.0254  0.0254  0.0254  0.0254  0.0254  0.0254  0.0254  0.0254  0.0254  0.0254  0.0254  0.0254
  0.0258  0.0257  0.0257  0.0258  0.0259  0.0253  0.0258  0.0257  0.0257  0.0257  0.0255  0.0256
  0.0269  0.0266  0.0261  0.0270  0.0274  0.0258  0.0267  0.0271  0.0265  0.0266  0.0258  0.0260
  0.0287  0.0281  0.0267  0.0288  0.0299  0.0272  0.0282  0.0293  0.0276  0.0282  0.0263  0.0267
   -4.9772  -20.5996    0.4343   -9.8362  -11.8561   -5.4284
    7.3647   -6.0839   -3.6541   14.2052    6.3471  -19.6497
eta,q 0.97458 10.68118

---------------------------------------------------------------------
imgreg_4dfp /opt/freesurfer/average/711-2C_as_mni_average_305 /opt/freesurfer/average/711-2B_as_mni_average_305_mask talsrcimg_g11 none talsrcimg_to_711-2C_as_mni_average_305_t4 2311
---------------------------------------------------------------------

freesurfer imgreg_4dfp.c
/opt/freesurfer/average/711-2C_as_mni_average_305.4dfp.img
       256       256       256         1
  1.000000  1.000000  1.000000
orientation T byte_order littleendian
Reading image: /opt/freesurfer/average/711-2C_as_mni_average_305.4dfp.img
dimensions:      256       256       256
mmppix:       1.0000   -1.0000   -1.0000
center:     128.0000 -129.0000 -129.0000
/opt/freesurfer/average/711-2B_as_mni_average_305_mask.4dfp.img
       256       256       256         1
  1.000000  1.000000  1.000000
orientation T byte_order littleendian
Reading mask: /opt/freesurfer/average/711-2B_as_mni_average_305_mask.4dfp.img (2306576 pixels)
talsrcimg_g11.4dfp.img
       256       256       256         1
  1.000000  1.000000  1.000000
orientation T byte_order littleendian
Reading image: talsrcimg_g11.4dfp.img
dimensions:      256       256       256
mmppix:       1.0000   -1.0000   -1.0000
center:     128.0000 -129.0000 -129.0000
fimgreg.f
image alignment mode   2311 decimal      907 hex
parameters
   -4.9772  -20.5996    0.4343   -9.8362  -11.8561   -5.4285
    7.3647   -6.0839   -3.6541   14.2052    6.3471  -19.6497
eta,q 0.97458 10.68118
niter,ni,del,rscale     5    3    5.0000    0.8000
parameters
   -4.9759  -20.6060    0.3105   -9.6615  -11.6341   -4.9445
    7.3712   -5.9472   -3.6983   14.4076    6.5961  -19.5790
eta,q 0.97466 10.73770
  0.0269  0.0267  0.0260  0.0264  0.0267  0.0260  0.0267  0.0272  0.0264  0.0267  0.0258  0.0260
  0.0261  0.0260  0.0256  0.0259  0.0260  0.0257  0.0259  0.0263  0.0258  0.0260  0.0256  0.0257
  0.0256  0.0255  0.0254  0.0256  0.0256  0.0255  0.0255  0.0256  0.0255  0.0255  0.0254  0.0254
  0.0254  0.0254  0.0254  0.0254  0.0254  0.0254  0.0253  0.0253  0.0253  0.0253  0.0253  0.0253
  0.0256  0.0256  0.0255  0.0255  0.0255  0.0253  0.0255  0.0255  0.0255  0.0254  0.0254  0.0254
  0.0261  0.0260  0.0258  0.0258  0.0259  0.0255  0.0259  0.0260  0.0259  0.0258  0.0255  0.0256
  0.0269  0.0267  0.0261  0.0263  0.0265  0.0258  0.0267  0.0271  0.0264  0.0265  0.0258  0.0259
niter,ni,del,rscale     4    3    5.0000    0.7000
parameters
   -4.9465  -20.6188    0.3107   -9.5427  -11.6537   -4.7847
    7.3801   -5.8977   -3.7444   14.4304    6.6327  -19.5325
eta,q 0.97469 10.75357
  0.0266  0.0263  0.0259  0.0261  0.0263  0.0258  0.0263  0.0267  0.0261  0.0263  0.0256  0.0258
  0.0259  0.0258  0.0256  0.0257  0.0258  0.0256  0.0258  0.0260  0.0257  0.0258  0.0255  0.0256
  0.0255  0.0254  0.0254  0.0255  0.0254  0.0255  0.0254  0.0255  0.0254  0.0254  0.0254  0.0254
  0.0253  0.0253  0.0253  0.0253  0.0253  0.0253  0.0253  0.0253  0.0253  0.0253  0.0253  0.0253
  0.0254  0.0254  0.0254  0.0254  0.0254  0.0253  0.0254  0.0254  0.0254  0.0254  0.0253  0.0254
  0.0258  0.0258  0.0256  0.0256  0.0258  0.0255  0.0258  0.0259  0.0257  0.0257  0.0255  0.0255
  0.0265  0.0263  0.0259  0.0261  0.0263  0.0258  0.0263  0.0267  0.0262  0.0263  0.0257  0.0258
niter,ni,del,rscale     3    3    5.0000    0.6000
parameters
   -4.9341  -20.6256    0.3190   -9.4822  -11.6595   -4.6036
    7.3806   -5.8750   -3.7551   14.4503    6.6391  -19.5076
eta,q 0.97470 10.76750
  0.0262  0.0260  0.0258  0.0259  0.0260  0.0257  0.0261  0.0264  0.0259  0.0261  0.0255  0.0257
  0.0257  0.0256  0.0255  0.0256  0.0256  0.0256  0.0256  0.0258  0.0256  0.0256  0.0254  0.0255
  0.0254  0.0254  0.0253  0.0254  0.0254  0.0254  0.0254  0.0254  0.0254  0.0254  0.0253  0.0254
  0.0253  0.0253  0.0253  0.0253  0.0253  0.0253  0.0253  0.0253  0.0253  0.0253  0.0253  0.0253
  0.0254  0.0254  0.0254  0.0254  0.0254  0.0253  0.0254  0.0254  0.0254  0.0254  0.0253  0.0253
  0.0257  0.0256  0.0255  0.0256  0.0256  0.0254  0.0256  0.0257  0.0256  0.0256  0.0254  0.0255
  0.0262  0.0260  0.0257  0.0259  0.0260  0.0257  0.0261  0.0264  0.0259  0.0260  0.0256  0.0257
niter,ni,del,rscale     2    3    5.0000    0.5000
parameters
   -4.9306  -20.6312    0.3349   -9.4154  -11.6727   -4.3609
    7.3783   -5.8853   -3.7586   14.4613    6.6386  -19.4716
eta,q 0.97471 10.78448
  0.0259  0.0258  0.0256  0.0257  0.0258  0.0256  0.0258  0.0260  0.0257  0.0258  0.0255  0.0256
  0.0256  0.0255  0.0254  0.0255  0.0255  0.0255  0.0255  0.0256  0.0255  0.0255  0.0254  0.0254
  0.0254  0.0253  0.0253  0.0254  0.0254  0.0254  0.0253  0.0254  0.0253  0.0253  0.0253  0.0253
  0.0253  0.0253  0.0253  0.0253  0.0253  0.0253  0.0253  0.0253  0.0253  0.0253  0.0253  0.0253
  0.0254  0.0254  0.0253  0.0253  0.0254  0.0253  0.0254  0.0254  0.0253  0.0253  0.0253  0.0253
  0.0256  0.0255  0.0254  0.0255  0.0255  0.0254  0.0255  0.0256  0.0255  0.0255  0.0254  0.0254
  0.0259  0.0258  0.0256  0.0257  0.0258  0.0256  0.0258  0.0260  0.0257  0.0258  0.0255  0.0255
niter,ni,del,rscale     1    3    5.0000    0.4000
parameters
   -4.9267  -20.6355    0.3836   -9.3487  -11.7011   -4.1067
    7.3821   -5.8950   -3.7606   14.4556    6.5743  -19.4114
eta,q 0.97472 10.80021
  0.0257  0.0256  0.0255  0.0256  0.0256  0.0255  0.0256  0.0257  0.0256  0.0256  0.0254  0.0255
  0.0255  0.0254  0.0254  0.0254  0.0254  0.0255  0.0254  0.0255  0.0254  0.0254  0.0253  0.0254
  0.0253  0.0253  0.0253  0.0253  0.0253  0.0254  0.0253  0.0253  0.0253  0.0253  0.0253  0.0253
  0.0253  0.0253  0.0253  0.0253  0.0253  0.0253  0.0253  0.0253  0.0253  0.0253  0.0253  0.0253
  0.0253  0.0253  0.0253  0.0253  0.0253  0.0253  0.0253  0.0253  0.0253  0.0253  0.0253  0.0253
  0.0255  0.0254  0.0254  0.0254  0.0254  0.0254  0.0254  0.0255  0.0254  0.0254  0.0253  0.0254
  0.0257  0.0256  0.0255  0.0255  0.0256  0.0255  0.0256  0.0258  0.0256  0.0256  0.0254  0.0254
registration optimization eta report
parameter search radius
    0.8000    0.8000    0.8000    2.4000    2.4000    2.4000
    2.4000    2.4000    2.4000    2.4000    2.4000    2.4000
100000*second partial in parameter space
       63.       51.       30.        5.        5.        4.
        6.        8.        5.        6.        2.        3.
  0.0257  0.0256  0.0255  0.0256  0.0256  0.0255  0.0256  0.0257  0.0256  0.0256  0.0254  0.0255
  0.0255  0.0254  0.0254  0.0254  0.0254  0.0255  0.0254  0.0255  0.0254  0.0254  0.0253  0.0254
  0.0253  0.0253  0.0253  0.0253  0.0253  0.0254  0.0253  0.0253  0.0253  0.0253  0.0253  0.0253
  0.0253  0.0253  0.0253  0.0253  0.0253  0.0253  0.0253  0.0253  0.0253  0.0253  0.0253  0.0253
  0.0253  0.0253  0.0253  0.0253  0.0253  0.0253  0.0253  0.0253  0.0253  0.0253  0.0253  0.0253
  0.0255  0.0254  0.0254  0.0254  0.0254  0.0254  0.0254  0.0255  0.0254  0.0254  0.0253  0.0254
  0.0257  0.0256  0.0255  0.0255  0.0256  0.0255  0.0256  0.0258  0.0256  0.0256  0.0254  0.0254
   -4.9267  -20.6355    0.3836   -9.3487  -11.7011   -4.1067
    7.3821   -5.8950   -3.7606   14.4556    6.5743  -19.4114
eta,q 0.97472 10.80021

---------------------------------------------------------------------
imgreg_4dfp /opt/freesurfer/average/711-2C_as_mni_average_305 /opt/freesurfer/average/711-2B_as_mni_average_305_mask talsrcimg_g11 none talsrcimg_to_711-2C_as_mni_average_305_t4 2311
---------------------------------------------------------------------

freesurfer imgreg_4dfp.c
/opt/freesurfer/average/711-2C_as_mni_average_305.4dfp.img
       256       256       256         1
  1.000000  1.000000  1.000000
orientation T byte_order littleendian
Reading image: /opt/freesurfer/average/711-2C_as_mni_average_305.4dfp.img
dimensions:      256       256       256
mmppix:       1.0000   -1.0000   -1.0000
center:     128.0000 -129.0000 -129.0000
/opt/freesurfer/average/711-2B_as_mni_average_305_mask.4dfp.img
       256       256       256         1
  1.000000  1.000000  1.000000
orientation T byte_order littleendian
Reading mask: /opt/freesurfer/average/711-2B_as_mni_average_305_mask.4dfp.img (2306576 pixels)
talsrcimg_g11.4dfp.img
       256       256       256         1
  1.000000  1.000000  1.000000
orientation T byte_order littleendian
Reading image: talsrcimg_g11.4dfp.img
dimensions:      256       256       256
mmppix:       1.0000   -1.0000   -1.0000
center:     128.0000 -129.0000 -129.0000
fimgreg.f
image alignment mode   2311 decimal      907 hex
parameters
   -4.9267  -20.6355    0.3836   -9.3487  -11.7011   -4.1067
    7.3821   -5.8950   -3.7606   14.4556    6.5743  -19.4114
eta,q 0.97472 10.80021
niter,ni,del,rscale     5    3    5.0000    0.8000
parameters
   -4.9232  -20.6321    0.5035   -9.3814  -11.7495   -4.6580
    7.3663   -5.9144   -3.7472   14.3779    6.4531  -19.4336
eta,q 0.97468 10.76261
  0.0268  0.0266  0.0261  0.0263  0.0265  0.0258  0.0267  0.0271  0.0264  0.0266  0.0257  0.0259
  0.0260  0.0259  0.0257  0.0257  0.0258  0.0256  0.0259  0.0262  0.0258  0.0259  0.0255  0.0256
  0.0255  0.0254  0.0254  0.0254  0.0254  0.0254  0.0255  0.0255  0.0254  0.0255  0.0254  0.0254
  0.0253  0.0253  0.0253  0.0253  0.0253  0.0253  0.0253  0.0253  0.0253  0.0253  0.0253  0.0253
  0.0254  0.0254  0.0253  0.0254  0.0254  0.0254  0.0255  0.0255  0.0254  0.0255  0.0253  0.0254
  0.0260  0.0259  0.0256  0.0257  0.0259  0.0257  0.0259  0.0261  0.0258  0.0259  0.0255  0.0256
  0.0268  0.0265  0.0259  0.0263  0.0265  0.0263  0.0267  0.0272  0.0264  0.0267  0.0258  0.0259
niter,ni,del,rscale     4    3    5.0000    0.7000
parameters
   -4.9420  -20.6349    0.3727   -9.4623  -11.6711   -4.6544
    7.3743   -5.9035   -3.7370   14.4065    6.5822  -19.4665
eta,q 0.97469 10.76378
  0.0265  0.0263  0.0258  0.0260  0.0263  0.0257  0.0263  0.0267  0.0262  0.0263  0.0256  0.0258
  0.0258  0.0258  0.0255  0.0257  0.0258  0.0256  0.0258  0.0260  0.0257  0.0258  0.0255  0.0255
  0.0254  0.0254  0.0253  0.0254  0.0254  0.0255  0.0254  0.0255  0.0254  0.0254  0.0254  0.0254
  0.0253  0.0253  0.0253  0.0253  0.0253  0.0253  0.0253  0.0253  0.0253  0.0253  0.0253  0.0253
  0.0255  0.0254  0.0254  0.0254  0.0254  0.0253  0.0254  0.0254  0.0254  0.0254  0.0253  0.0254
  0.0259  0.0258  0.0256  0.0257  0.0257  0.0255  0.0258  0.0259  0.0257  0.0257  0.0254  0.0255
  0.0265  0.0263  0.0259  0.0261  0.0262  0.0259  0.0263  0.0267  0.0261  0.0263  0.0256  0.0258
niter,ni,del,rscale     3    3    5.0000    0.6000
parameters
   -4.9361  -20.6370    0.3475   -9.4450  -11.6661   -4.5261
    7.3832   -5.8883   -3.7591   14.4333    6.6184  -19.4704
eta,q 0.97470 10.77315
  0.0262  0.0260  0.0257  0.0259  0.0260  0.0257  0.0261  0.0263  0.0259  0.0261  0.0255  0.0257
  0.0257  0.0256  0.0255  0.0256  0.0256  0.0256  0.0256  0.0258  0.0256  0.0256  0.0254  0.0255
  0.0254  0.0254  0.0253  0.0254  0.0254  0.0254  0.0254  0.0254  0.0254  0.0254  0.0253  0.0253
  0.0253  0.0253  0.0253  0.0253  0.0253  0.0253  0.0253  0.0253  0.0253  0.0253  0.0253  0.0253
  0.0254  0.0254  0.0254  0.0254  0.0254  0.0253  0.0254  0.0254  0.0254  0.0254  0.0253  0.0253
  0.0257  0.0256  0.0255  0.0256  0.0256  0.0254  0.0256  0.0257  0.0256  0.0256  0.0254  0.0255
  0.0262  0.0260  0.0257  0.0259  0.0260  0.0257  0.0260  0.0264  0.0259  0.0260  0.0256  0.0257
niter,ni,del,rscale     2    3    5.0000    0.5000
parameters
   -4.9313  -20.6367    0.3527   -9.3958  -11.6731   -4.3028
    7.3812   -5.8960   -3.7639   14.4541    6.6137  -19.4410
eta,q 0.97471 10.78855
  0.0259  0.0258  0.0256  0.0257  0.0258  0.0256  0.0258  0.0260  0.0257  0.0258  0.0255  0.0256
  0.0256  0.0255  0.0254  0.0255  0.0255  0.0255  0.0255  0.0256  0.0255  0.0255  0.0254  0.0254
  0.0254  0.0253  0.0253  0.0254  0.0253  0.0254  0.0253  0.0254  0.0253  0.0253  0.0253  0.0253
  0.0253  0.0253  0.0253  0.0253  0.0253  0.0253  0.0253  0.0253  0.0253  0.0253  0.0253  0.0253
  0.0254  0.0253  0.0253  0.0253  0.0253  0.0253  0.0253  0.0254  0.0253  0.0253  0.0253  0.0253
  0.0256  0.0255  0.0254  0.0255  0.0255  0.0254  0.0255  0.0256  0.0255  0.0255  0.0254  0.0254
  0.0259  0.0258  0.0256  0.0257  0.0258  0.0256  0.0258  0.0260  0.0257  0.0258  0.0255  0.0255
niter,ni,del,rscale     1    3    5.0000    0.4000
parameters
   -4.9260  -20.6412    0.3923   -9.3255  -11.6990   -4.0842
    7.3876   -5.8953   -3.7638   14.4426    6.5741  -19.3977
eta,q 0.97472 10.80264
  0.0257  0.0256  0.0255  0.0256  0.0256  0.0255  0.0256  0.0257  0.0256  0.0256  0.0254  0.0255
  0.0255  0.0254  0.0254  0.0254  0.0254  0.0254  0.0254  0.0255  0.0254  0.0254  0.0253  0.0254
  0.0253  0.0253  0.0253  0.0253  0.0253  0.0254  0.0253  0.0253  0.0253  0.0253  0.0253  0.0253
  0.0253  0.0253  0.0253  0.0253  0.0253  0.0253  0.0253  0.0253  0.0253  0.0253  0.0253  0.0253
  0.0253  0.0253  0.0253  0.0253  0.0253  0.0253  0.0253  0.0253  0.0253  0.0253  0.0253  0.0253
  0.0255  0.0254  0.0254  0.0254  0.0254  0.0254  0.0254  0.0255  0.0254  0.0254  0.0253  0.0254
  0.0257  0.0256  0.0255  0.0255  0.0256  0.0255  0.0256  0.0257  0.0256  0.0256  0.0254  0.0254
registration optimization eta report
parameter search radius
    0.8000    0.8000    0.8000    2.4000    2.4000    2.4000
    2.4000    2.4000    2.4000    2.4000    2.4000    2.4000
100000*second partial in parameter space
       62.       50.       30.        5.        6.        4.
        6.        8.        5.        6.        2.        3.
  0.0257  0.0256  0.0255  0.0256  0.0256  0.0255  0.0256  0.0257  0.0256  0.0256  0.0254  0.0255
  0.0255  0.0254  0.0254  0.0254  0.0254  0.0254  0.0254  0.0255  0.0254  0.0254  0.0253  0.0254
  0.0253  0.0253  0.0253  0.0253  0.0253  0.0254  0.0253  0.0253  0.0253  0.0253  0.0253  0.0253
  0.0253  0.0253  0.0253  0.0253  0.0253  0.0253  0.0253  0.0253  0.0253  0.0253  0.0253  0.0253
  0.0253  0.0253  0.0253  0.0253  0.0253  0.0253  0.0253  0.0253  0.0253  0.0253  0.0253  0.0253
  0.0255  0.0254  0.0254  0.0254  0.0254  0.0254  0.0254  0.0255  0.0254  0.0254  0.0253  0.0254
  0.0257  0.0256  0.0255  0.0255  0.0256  0.0255  0.0256  0.0257  0.0256  0.0256  0.0254  0.0254
   -4.9260  -20.6412    0.3923   -9.3255  -11.6990   -4.0842
    7.3876   -5.8953   -3.7638   14.4426    6.5741  -19.3977
eta,q 0.97472 10.80264

---------------------------------------------------------------------
compute_vox2vox talsrcimg talsrcimg_to_711-2C_as_mni_average_305_t4 /opt/freesurfer/average/711-2C_as_mni_average_305
---------------------------------------------------------------------

freesurfer compute_vox2vox.c
Reading: talsrcimg.4dfp.ifh
Reading: talsrcimg_to_711-2C_as_mni_average_305_t4
Reading: /opt/freesurfer/average/711-2C_as_mni_average_305.4dfp.ifh
Writing: talsrcimg_to_711-2C_as_mni_average_305_t4_vox2vox.txt

start time Sun Mar 8 20:01:35 CET 2026
end		time Sun Mar 8 20:01:48 CET 2026

mpr2mni305 success

avi2talxfm orig_nu.mgz /opt/freesurfer/average/mni305.cor.mgz talsrcimg_to_711-2C_as_mni_average_305_t4_vox2vox.txt transforms/talairach.auto.xfm
avi2talxfm done
mv -f /out/sourcedata/freesurfer/sub-v1s14x0051584_ses-1/mri/talsrcimg_to_711-2C_as_mni_average_305_t4_vox2vox.txt /out/sourcedata/freesurfer/sub-v1s14x0051584_ses-1/mri/transforms/talsrcimg_to_711-2C_as_mni_average_305_t4_vox2vox.txt
lta_convert --src orig_nu.mgz --trg /opt/freesurfer/average/mni305.cor.mgz --inxfm transforms/talairach.auto.xfm --outlta transforms/talairach.auto.xfm.lta --subject fsaverage
7.3.2

--src: orig_nu.mgz src image (geometry).
--trg: /opt/freesurfer/average/mni305.cor.mgz trg image (geometry).
--inmni: transforms/talairach.auto.xfm input MNI/XFM transform.
--outlta: transforms/talairach.auto.xfm.lta output LTA.
--s: fsaverage subject name
 LTA read, type : 1
 1.09407   0.07843  -0.07430   6.04138;
-0.06346   1.00465   0.22601  -26.77072;
 0.05701  -0.16098   1.09236  -16.59213;
 0.00000   0.00000   0.00000   1.00000;
setting subject to fsaverage
Writing  LTA to file transforms/talairach.auto.xfm.lta...
lta_convert successful.
 
 
Started at Sun Mar 8 20:01:34 CET 2026
Ended   at Sun Mar  8 20:01:48 CET 2026
talairach_avi done
