status file for recon-all
Sun Mar  8 21:26:32 CET 2026
#@# Tessellate rh Sun Mar  8 21:26:32 CET 2026
#@# Smooth1 rh Sun Mar  8 21:26:35 CET 2026
#@# Inflation1 rh Sun Mar  8 21:26:37 CET 2026
#@# QSphere rh Sun Mar  8 21:26:52 CET 2026
#@# Fix Topology rh Sun Mar  8 21:27:39 CET 2026
#@# Smooth2 rh Sun Mar  8 21:35:46 CET 2026
#@# Inflation2 rh Sun Mar  8 21:35:48 CET 2026
#@# Curv .H and .K rh Sun Mar  8 21:36:00 CET 2026
#@# Sphere rh Sun Mar  8 21:36:42 CET 2026
#@# Surf Reg rh Sun Mar  8 21:39:41 CET 2026
#@# Jacobian white rh Sun Mar  8 21:44:06 CET 2026
#@# AvgCurv rh Sun Mar  8 21:44:07 CET 2026
#@# Cortical Parc rh Sun Mar  8 21:44:08 CET 2026
#@# white curv rh Sun Mar  8 21:50:13 CET 2026
#@# white area rh Sun Mar  8 21:50:15 CET 2026
#@# pial curv rh Sun Mar  8 21:50:15 CET 2026
#@# pial area rh Sun Mar  8 21:50:17 CET 2026
#@# thickness rh Sun Mar  8 21:50:17 CET 2026
#@# area and vertex vol rh Sun Mar  8 21:50:43 CET 2026
#@# Curvature Stats rh Sun Mar  8 21:50:44 CET 2026
#@# Cortical Parc 2 rh Sun Mar  8 21:50:46 CET 2026
#@# Cortical Parc 3 rh Sun Mar  8 21:50:58 CET 2026
#@# WM/GM Contrast rh Sun Mar  8 21:51:06 CET 2026
recon-all -s sub-v1s14x0051580_ses-1 finished without error at Sun Mar  8 21:51:09 CET 2026



#New# invocation of recon-all 



status file for recon-all
Sun Mar  8 22:00:29 CET 2026
#@# white curv rh Sun Mar  8 22:00:29 CET 2026
#@# white area rh Sun Mar  8 22:00:29 CET 2026
#@# pial curv rh Sun Mar  8 22:00:29 CET 2026
#@# pial area rh Sun Mar  8 22:00:29 CET 2026
#@# thickness rh Sun Mar  8 22:00:29 CET 2026
#@# area and vertex vol rh Sun Mar  8 22:00:29 CET 2026
#@# Parcellation Stats rh Sun Mar  8 22:00:29 CET 2026
#@# Parcellation Stats 2 rh Sun Mar  8 22:00:47 CET 2026
#@# Parcellation Stats 3 rh Sun Mar  8 22:00:55 CET 2026
#@# BA_exvivo Labels rh Sun Mar  8 22:01:04 CET 2026
recon-all -s sub-v1s14x0051580_ses-1 finished without error at Sun Mar  8 22:03:10 CET 2026
