status file for recon-all
Sun Mar  8 20:55:26 CET 2026
#@# Tessellate lh Sun Mar  8 20:55:26 CET 2026
#@# Smooth1 lh Sun Mar  8 20:55:28 CET 2026
#@# Inflation1 lh Sun Mar  8 20:55:31 CET 2026
#@# QSphere lh Sun Mar  8 20:55:43 CET 2026
#@# Fix Topology lh Sun Mar  8 20:56:33 CET 2026
#@# Smooth2 lh Sun Mar  8 21:05:57 CET 2026
#@# Inflation2 lh Sun Mar  8 21:06:00 CET 2026
#@# Curv .H and .K lh Sun Mar  8 21:06:15 CET 2026
#@# Sphere lh Sun Mar  8 21:06:58 CET 2026
#@# Surf Reg lh Sun Mar  8 21:12:01 CET 2026
#@# Jacobian white lh Sun Mar  8 21:17:37 CET 2026
#@# AvgCurv lh Sun Mar  8 21:17:38 CET 2026
#@# Cortical Parc lh Sun Mar  8 21:17:39 CET 2026
#@# white curv lh Sun Mar  8 21:25:35 CET 2026
#@# white area lh Sun Mar  8 21:25:36 CET 2026
#@# pial curv lh Sun Mar  8 21:25:37 CET 2026
#@# pial area lh Sun Mar  8 21:25:38 CET 2026
#@# thickness lh Sun Mar  8 21:25:39 CET 2026
#@# area and vertex vol lh Sun Mar  8 21:26:06 CET 2026
#@# Curvature Stats lh Sun Mar  8 21:26:07 CET 2026
#@# Cortical Parc 2 lh Sun Mar  8 21:26:09 CET 2026
#@# Cortical Parc 3 lh Sun Mar  8 21:26:19 CET 2026
#@# WM/GM Contrast lh Sun Mar  8 21:26:27 CET 2026
recon-all -s sub-v1s14x0051580_ses-1 finished without error at Sun Mar  8 21:26:30 CET 2026



#New# invocation of recon-all 



status file for recon-all
Sun Mar  8 21:57:42 CET 2026
#@# white curv lh Sun Mar  8 21:57:42 CET 2026
#@# white area lh Sun Mar  8 21:57:42 CET 2026
#@# pial curv lh Sun Mar  8 21:57:42 CET 2026
#@# pial area lh Sun Mar  8 21:57:42 CET 2026
#@# thickness lh Sun Mar  8 21:57:42 CET 2026
#@# area and vertex vol lh Sun Mar  8 21:57:42 CET 2026
#@# Parcellation Stats lh Sun Mar  8 21:57:42 CET 2026
#@# Parcellation Stats 2 lh Sun Mar  8 21:58:00 CET 2026
#@# Parcellation Stats 3 lh Sun Mar  8 21:58:10 CET 2026
#@# BA_exvivo Labels lh Sun Mar  8 21:58:19 CET 2026
recon-all -s sub-v1s14x0051580_ses-1 finished without error at Sun Mar  8 22:00:26 CET 2026
