status file for recon-all
Sun Mar  8 19:33:06 CET 2026
#@# MotionCor Sun Mar  8 19:33:07 CET 2026
#@# Talairach Sun Mar  8 19:33:13 CET 2026
#@# Talairach Failure Detection Sun Mar  8 19:36:02 CET 2026
#@# Nu Intensity Correction Sun Mar  8 19:36:02 CET 2026
#@# Intensity Normalization Sun Mar  8 19:38:47 CET 2026
recon-all -s sub-v1s14x0051580_ses-1 finished without error at Sun Mar  8 19:39:46 CET 2026



#New# invocation of recon-all 



status file for recon-all
Sun Mar  8 19:46:05 CET 2026
#@# EM Registration Sun Mar  8 19:46:05 CET 2026
recon-all -s sub-v1s14x0051580_ses-1 finished without error at Sun Mar  8 19:48:44 CET 2026



#New# invocation of recon-all 



status file for recon-all
Sun Mar  8 19:48:47 CET 2026
#@# CA Normalize Sun Mar  8 19:48:47 CET 2026
#@# CA Reg Sun Mar  8 19:49:40 CET 2026
#@# SubCort Seg Sun Mar  8 20:25:23 CET 2026
#@# CC Seg Sun Mar  8 20:51:06 CET 2026
#@# Merge ASeg Sun Mar  8 20:51:33 CET 2026
#@# Intensity Normalization2 Sun Mar  8 20:51:33 CET 2026
#@# Mask BFS Sun Mar  8 20:53:01 CET 2026
#@# WM Segmentation Sun Mar  8 20:53:02 CET 2026
#@# Fill Sun Mar  8 20:54:44 CET 2026
recon-all -s sub-v1s14x0051580_ses-1 finished without error at Sun Mar  8 20:55:22 CET 2026



#New# invocation of recon-all 



status file for recon-all
Sun Mar  8 21:51:14 CET 2026
#@# white curv lh Sun Mar  8 21:51:14 CET 2026
#@# white area lh Sun Mar  8 21:51:14 CET 2026
#@# pial curv lh Sun Mar  8 21:51:14 CET 2026
#@# pial area lh Sun Mar  8 21:51:14 CET 2026
#@# thickness lh Sun Mar  8 21:51:14 CET 2026
#@# area and vertex vol lh Sun Mar  8 21:51:14 CET 2026
#@# white curv rh Sun Mar  8 21:51:14 CET 2026
#@# white area rh Sun Mar  8 21:51:14 CET 2026
#@# pial curv rh Sun Mar  8 21:51:14 CET 2026
#@# pial area rh Sun Mar  8 21:51:14 CET 2026
#@# thickness rh Sun Mar  8 21:51:14 CET 2026
#@# area and vertex vol rh Sun Mar  8 21:51:14 CET 2026
#@# Cortical ribbon mask Sun Mar  8 21:51:14 CET 2026
recon-all -s sub-v1s14x0051580_ses-1 finished without error at Sun Mar  8 21:57:38 CET 2026



#New# invocation of recon-all 



status file for recon-all
Sun Mar  8 22:03:14 CET 2026
#@# white curv lh Sun Mar  8 22:03:14 CET 2026
#@# white area lh Sun Mar  8 22:03:14 CET 2026
#@# pial curv lh Sun Mar  8 22:03:14 CET 2026
#@# pial area lh Sun Mar  8 22:03:14 CET 2026
#@# thickness lh Sun Mar  8 22:03:14 CET 2026
#@# area and vertex vol lh Sun Mar  8 22:03:14 CET 2026
#@# white curv rh Sun Mar  8 22:03:14 CET 2026
#@# white area rh Sun Mar  8 22:03:14 CET 2026
#@# pial curv rh Sun Mar  8 22:03:14 CET 2026
#@# pial area rh Sun Mar  8 22:03:14 CET 2026
#@# thickness rh Sun Mar  8 22:03:14 CET 2026
#@# area and vertex vol rh Sun Mar  8 22:03:14 CET 2026
#@# Curvature Stats lh Sun Mar  8 22:03:14 CET 2026
#@# Curvature Stats rh Sun Mar  8 22:03:16 CET 2026
#@# Relabel Hypointensities Sun Mar  8 22:03:18 CET 2026
#@# APas-to-ASeg Sun Mar  8 22:03:29 CET 2026
#@# AParc-to-ASeg aparc Sun Mar  8 22:03:37 CET 2026
#@# AParc-to-ASeg aparc.a2009s Sun Mar  8 22:04:01 CET 2026
#@# AParc-to-ASeg aparc.DKTatlas Sun Mar  8 22:04:30 CET 2026
#@# WMParc Sun Mar  8 22:04:57 CET 2026
#@# ASeg Stats Sun Mar  8 22:07:07 CET 2026
recon-all -s sub-v1s14x0051580_ses-1 finished without error at Sun Mar  8 22:07:32 CET 2026
