/out/sourcedata/freesurfer/sub-v1s14x0051580_ses-1/mri
/opt/freesurfer/bin/talairach_avi
--i orig_nu.mgz --xfm transforms/talairach.auto.xfm
talairach_avi 7.3.2
Linux dna081 5.14.0-427.37.1.el9_4.x86_64 #1 SMP PREEMPT_DYNAMIC Fri Sep 13 12:41:50 EDT 2024 x86_64 x86_64 x86_64 GNU/Linux
Sun Mar  8 19:35:46 CET 2026
mri_convert orig_nu.mgz talsrcimg.img 
reading from orig_nu.mgz...
TR=0.00, TE=0.00, TI=0.00, flip angle=0.00
i_ras = (-1, 2.61934e-09, 2.32831e-10)
j_ras = (2.32831e-10, -1.49012e-08, -1)
k_ras = (-5.82077e-10, 1, -1.49012e-08)
writing to talsrcimg.img...
Analyze Output Matrix
-1.00000   0.00000  -0.00000   128.21629;
 0.00000  -0.00000   1.00000  -118.04276;
 0.00000  -1.00000  -0.00000   149.16489;
 0.00000   0.00000   0.00000   1.00000;
--------------------
INFO: set hdr.hist.orient to -1
mpr2mni305 talsrcimg
Sun Mar  8 19:35:46 CET 2026
/opt/freesurfer/bin/mpr2mni305 talsrcimg
mpr2mni305 7.3.2
target=711-2C_as_mni_average_305

---------------------------------------------------------------------
analyzeto4dfp talsrcimg -O0 -y
---------------------------------------------------------------------

freesurfer ifh2hdr.c
Sun Mar  8 19:35:46 2026
Writing: talsrcimg.4dfp.hdr
freesurfer analyzeto4dfp.c
Reading: talsrcimg.hdr
header size 348 bytes
hdr.dime.datatype	offset=70	value=2
hdr.dime.bitpix		offset=72	value=8
hdr.hist.orient		offset=252	value=-1
dimensionality     4
dimensions       256       256       256         1
Reading: talsrcimg.img
Writing: talsrcimg.4dfp.img
Writing: talsrcimg.4dfp.ifh
ifh2hdr talsrcimg -r0to246
ori=2

---------------------------------------------------------------------
gauss_4dfp talsrcimg 1.1
---------------------------------------------------------------------

freesurfer gauss_4dfp.c
Reading: talsrcimg.4dfp.img
Writing: talsrcimg_g11.4dfp.img
image dimensions 256 256 256 padded to 288 288 288
processing volume 1freesurfer ifh2hdr.c
Sun Mar  8 19:35:48 2026
Writing: talsrcimg_g11.4dfp.hdr

Writing: talsrcimg_g11.4dfp.ifh
including: talsrcimg.4dfp.img.rec in talsrcimg_g11.4dfp.img.rec

---------------------------------------------------------------------
imgreg_4dfp /opt/freesurfer/average/711-2C_as_mni_average_305 none talsrcimg_g11 none talsrcimg_to_711-2C_as_mni_average_305_t4 4355
---------------------------------------------------------------------

freesurfer imgreg_4dfp.c
/opt/freesurfer/average/711-2C_as_mni_average_305.4dfp.img
       256       256       256         1
  1.000000  1.000000  1.000000
orientation T byte_order littleendian
Reading image: /opt/freesurfer/average/711-2C_as_mni_average_305.4dfp.img
dimensions:      256       256       256
mmppix:       1.0000   -1.0000   -1.0000
center:     128.0000 -129.0000 -129.0000
talsrcimg_g11.4dfp.img
       256       256       256         1
  1.000000  1.000000  1.000000
orientation T byte_order littleendian
Reading image: talsrcimg_g11.4dfp.img
dimensions:      256       256       256
mmppix:       1.0000   -1.0000   -1.0000
center:     128.0000 -129.0000 -129.0000
t4_read: open error in t4_sub.f l:  41 t4_file(1:l)talsrcimg_to_711-2C_as_mni_average_305_t4 
t4_read: transform initialized to I4
rotation matrix determinant  1.000000
image alignment mode   4355 decimal     1103 hex
   -7.5000  -45.0000  -45.0000 8646.0264   16.0655
    0.0000  -45.0000  -45.0000 9017.8174   16.0174
    7.5000  -45.0000  -45.0000 8635.1123   15.9965
   -7.5000  -37.5000  -45.0000 8961.5498   16.0499
    0.0000  -37.5000  -45.0000 9342.8037   16.0091
    7.5000  -37.5000  -45.0000 8960.4551   15.9915
   -7.5000  -30.0000  -45.0000 9585.5156   16.0564
    0.0000  -30.0000  -45.0000 9995.0049   16.0216
    7.5000  -30.0000  -45.0000 9580.0049   16.0097
   -7.5000  -22.5000  -45.000010143.2969   16.0834
    0.0000  -22.5000  -45.000010597.0674   16.0471
    7.5000  -22.5000  -45.000010130.1436   16.0361
   -7.5000  -15.0000  -45.000010604.9717   16.1050
    0.0000  -15.0000  -45.000011051.9082   16.0610
    7.5000  -15.0000  -45.000010578.8223   16.0444
   -7.5000   -7.5000  -45.000010999.6943   16.0935
    0.0000   -7.5000  -45.000011446.4512   16.0439
    7.5000   -7.5000  -45.000010939.9219   16.0231
   -7.5000    0.0000  -45.000011244.0283   16.0655
    0.0000    0.0000  -45.000011715.8594   16.0174
    7.5000    0.0000  -45.000011180.5430   15.9965
   -7.5000    7.5000  -45.000010546.0820   16.0499
    0.0000    7.5000  -45.000010976.8418   16.0091
    7.5000    7.5000  -45.000010457.2207   15.9915
   -7.5000   15.0000  -45.0000 9700.3037   16.0564
    0.0000   15.0000  -45.000010095.2256   16.0216
    7.5000   15.0000  -45.0000 9616.5664   16.0097
   -7.5000   22.5000  -45.0000 8828.8193   16.0812
    0.0000   22.5000  -45.0000 9185.8887   16.0449
    7.5000   22.5000  -45.0000 8731.5332   16.0339
   -7.5000   30.0000  -45.0000 8003.9326   15.8928
    0.0000   30.0000  -45.0000 8325.8721   15.8494
    7.5000   30.0000  -45.0000 7905.7720   15.8330
   -7.5000   37.5000  -45.0000 7448.7163   15.9589
    0.0000   37.5000  -45.0000 7754.2305   15.9098
    7.5000   37.5000  -45.0000 7335.9023   15.8895
   -7.5000   45.0000  -45.0000 6584.4180   15.7270
    0.0000   45.0000  -45.0000 6834.1123   15.6798
    7.5000   45.0000  -45.0000 6460.0186   15.6601
   -7.5000  -45.0000  -37.5000 9236.7432   15.8967
    0.0000  -45.0000  -37.5000 9628.2119   15.8560
    7.5000  -45.0000  -37.5000 9193.2725   15.8371
   -7.5000  -37.5000  -37.5000 9564.1436   15.8781
    0.0000  -37.5000  -37.5000 9967.0674   15.8434
    7.5000  -37.5000  -37.5000 9508.8779   15.8265
   -7.5000  -30.0000  -37.500010208.7539   15.8830
    0.0000  -30.0000  -37.500010630.7900   15.8547
    7.5000  -30.0000  -37.500010139.4834   15.8410
   -7.5000  -22.5000  -37.500010798.6631   15.9115
    0.0000  -22.5000  -37.500011266.4268   15.8829
    7.5000  -22.5000  -37.500010733.1152   15.8694
   -7.5000  -15.0000  -37.500011266.8584   15.9354
    0.0000  -15.0000  -37.500011744.1777   15.9001
    7.5000  -15.0000  -37.500011201.7607   15.8828
   -7.5000   -7.5000  -37.500011642.9102   15.9255
    0.0000   -7.5000  -37.500012135.1426   15.8845
    7.5000   -7.5000  -37.500011567.9961   15.8651
   -7.5000    0.0000  -37.500011931.5566   15.8967
    0.0000    0.0000  -37.500012436.3428   15.8560
    7.5000    0.0000  -37.500011833.7041   15.8371
   -7.5000    7.5000  -37.500011192.9688   15.8781
    0.0000    7.5000  -37.500011666.7373   15.8434
    7.5000    7.5000  -37.500011087.9014   15.8265
   -7.5000   15.0000  -37.500010286.0869   15.8830
    0.0000   15.0000  -37.500010720.3594   15.8547
    7.5000   15.0000  -37.500010192.6504   15.8410
   -7.5000   22.5000  -37.5000 9354.9551   15.9093
    0.0000   22.5000  -37.5000 9744.8027   15.8807
    7.5000   22.5000  -37.5000 9255.1338   15.8672
   -7.5000   30.0000  -37.5000 8478.9580   15.7253
    0.0000   30.0000  -37.5000 8814.5078   15.6905
    7.5000   30.0000  -37.5000 8375.4561   15.6733
   -7.5000   37.5000  -37.5000 7888.1650   15.7921
    0.0000   37.5000  -37.5000 8195.4121   15.7510
    7.5000   37.5000  -37.5000 7769.5791   15.7319
   -7.5000   45.0000  -37.5000 6970.2207   15.5591
    0.0000   45.0000  -37.5000 7205.0063   15.5194
    7.5000   45.0000  -37.5000 6830.8711   15.5011
   -7.5000  -45.0000  -30.000010032.9834   16.4148
    0.0000  -45.0000  -30.000010425.5039   16.3918
    7.5000  -45.0000  -30.0000 9929.2383   16.3810
   -7.5000  -37.5000  -30.000010383.3633   16.3992
    0.0000  -37.5000  -30.000010789.9023   16.3832
    7.5000  -37.5000  -30.000010263.0322   16.3725
   -7.5000  -30.0000  -30.000011053.2705   16.4115
    0.0000  -30.0000  -30.000011469.2812   16.4011
    7.5000  -30.0000  -30.000010919.3379   16.3913
   -7.5000  -22.5000  -30.000011681.7217   16.4428
    0.0000  -22.5000  -30.000012145.6475   16.4306
    7.5000  -22.5000  -30.000011544.3252   16.4209
   -7.5000  -15.0000  -30.000012177.4072   16.4633
    0.0000  -15.0000  -30.000012655.0205   16.4435
    7.5000  -15.0000  -30.000012049.2607   16.4319
   -7.5000   -7.5000  -30.000012574.0146   16.4477
    0.0000   -7.5000  -30.000013081.7148   16.4227
    7.5000   -7.5000  -30.000012439.5781   16.4109
   -7.5000    0.0000  -30.000012864.7676   16.4148
    0.0000    0.0000  -30.000013385.4971   16.3918
    7.5000    0.0000  -30.000012735.4932   16.3810
   -7.5000    7.5000  -30.000012063.0449   16.3992
    0.0000    7.5000  -30.000012534.3594   16.3832
    7.5000    7.5000  -30.000011926.6143   16.3725
   -7.5000   15.0000  -30.000011073.9463   16.4115
    0.0000   15.0000  -30.000011522.0430   16.4011
    7.5000   15.0000  -30.000010957.6094   16.3913
   -7.5000   22.5000  -30.000010053.6055   16.4388
    0.0000   22.5000  -30.000010460.6318   16.4267
    7.5000   22.5000  -30.0000 9952.1875   16.4169
   -7.5000   30.0000  -30.0000 9095.5449   16.2475
    0.0000   30.0000  -30.0000 9442.2773   16.2280
    7.5000   30.0000  -30.0000 8971.7344   16.2165
   -7.5000   37.5000  -30.0000 8436.1777   16.3110
    0.0000   37.5000  -30.0000 8744.6309   16.2855
    7.5000   37.5000  -30.0000 8302.3652   16.2737
   -7.5000   45.0000  -30.0000 7428.2109   16.0761
    0.0000   45.0000  -30.0000 7678.3994   16.0541
    7.5000   45.0000  -30.0000 7291.0083   16.0429
   -7.5000  -45.0000  -22.500010835.7920   16.9226
    0.0000  -45.0000  -22.500011255.9609   16.9144
    7.5000  -45.0000  -22.500010695.7705   16.9095
   -7.5000  -37.5000  -22.500011203.5322   16.9116
    0.0000  -37.5000  -22.500011623.1162   16.9117
    7.5000  -37.5000  -22.500011051.4307   16.9062
   -7.5000  -30.0000  -22.500011913.1953   16.9305
    0.0000  -30.0000  -22.500012344.2061   16.9343
    7.5000  -30.0000  -22.500011745.5029   16.9297
   -7.5000  -22.5000  -22.500012581.3281   16.9617
    0.0000  -22.5000  -22.500013036.7266   16.9605
    7.5000  -22.5000  -22.500012414.1230   16.9572
   -7.5000  -15.0000  -22.500013125.5752   16.9777
    0.0000  -15.0000  -22.500013624.0010   16.9673
    7.5000  -15.0000  -22.500012980.0371   16.9631
   -7.5000   -7.5000  -22.500013549.8008   16.9575
    0.0000   -7.5000  -22.500014055.3916   16.9438
    7.5000   -7.5000  -22.500013385.1084   16.9388
   -7.5000    0.0000  -22.500013837.6826   16.9226
    0.0000    0.0000  -22.500014365.1113   16.9144
    7.5000    0.0000  -22.500013667.7227   16.9095
   -7.5000    7.5000  -22.500012965.0664   16.9116
    0.0000    7.5000  -22.500013446.8555   16.9117
    7.5000    7.5000  -22.500012799.1260   16.9062
   -7.5000   15.0000  -22.500011894.7324   16.9305
    0.0000   15.0000  -22.500012342.3164   16.9343
    7.5000   15.0000  -22.500011737.3809   16.9297
   -7.5000   22.5000  -22.500010795.8691   16.9564
    0.0000   22.5000  -22.500011222.1934   16.9552
    7.5000   22.5000  -22.500010679.2959   16.9520
   -7.5000   30.0000  -22.5000 9744.4434   16.7577
    0.0000   30.0000  -22.500010122.4209   16.7474
    7.5000   30.0000  -22.5000 9608.4834   16.7432
   -7.5000   37.5000  -22.5000 8989.8799   16.8188
    0.0000   37.5000  -22.5000 9331.2393   16.8047
    7.5000   37.5000  -22.5000 8848.0625   16.7997
   -7.5000   45.0000  -22.5000 7911.3408   16.5859
    0.0000   45.0000  -22.5000 8167.7822   16.5784
    7.5000   45.0000  -22.5000 7762.9092   16.5730
   -7.5000  -45.0000  -15.000011638.7021   17.3125
    0.0000  -45.0000  -15.000012088.3838   17.3009
    7.5000  -45.0000  -15.000011486.7197   17.2953
   -7.5000  -37.5000  -15.000012043.3555   17.3051
    0.0000  -37.5000  -15.000012507.0420   17.3020
    7.5000  -37.5000  -15.000011863.4502   17.2972
   -7.5000  -30.0000  -15.000012796.5518   17.3245
    0.0000  -30.0000  -15.000013276.7383   17.3240
    7.5000  -30.0000  -15.000012598.0215   17.3226
   -7.5000  -22.5000  -15.000013508.1602   17.3517
    0.0000  -22.5000  -15.000014001.8486   17.3445
    7.5000  -22.5000  -15.000013303.7354   17.3455
   -7.5000  -15.0000  -15.000014099.5684   17.3643
    0.0000  -15.0000  -15.000014623.0098   17.3475
    7.5000  -15.0000  -15.000013901.8701   17.3460
   -7.5000   -7.5000  -15.000014558.4863   17.3445
    0.0000   -7.5000  -15.000015085.6299   17.3258
    7.5000   -7.5000  -15.000014333.0986   17.3211
   -7.5000    0.0000  -15.000014824.1221   17.3125
    0.0000    0.0000  -15.000015354.8975   17.3009
    7.5000    0.0000  -15.000014583.9619   17.2953
   -7.5000    7.5000  -15.000013850.8652   17.3051
    0.0000    7.5000  -15.000014359.0449   17.3020
    7.5000    7.5000  -15.000013655.1816   17.2972
   -7.5000   15.0000  -15.000012696.2695   17.3245
    0.0000   15.0000  -15.000013162.2002   17.3240
    7.5000   15.0000  -15.000012533.7422   17.3226
   -7.5000   22.5000  -15.000011521.6484   17.3455
    0.0000   22.5000  -15.000011946.1211   17.3383
    7.5000   22.5000  -15.000011390.8555   17.3394
   -7.5000   30.0000  -15.000010376.4961   17.1419
    0.0000   30.0000  -15.000010796.3291   17.1253
    7.5000   30.0000  -15.000010233.3252   17.1238
   -7.5000   37.5000  -15.0000 9570.4375   17.2048
    0.0000   37.5000  -15.0000 9937.2959   17.1861
    7.5000   37.5000  -15.0000 9419.7480   17.1815
   -7.5000   45.0000  -15.0000 8405.0312   16.9783
    0.0000   45.0000  -15.0000 8694.8662   16.9669
    7.5000   45.0000  -15.0000 8263.9688   16.9614
   -7.5000  -45.0000   -7.500012474.0479   17.5307
    0.0000  -45.0000   -7.500012960.4971   17.4962
    7.5000  -45.0000   -7.500012310.6982   17.4811
   -7.5000  -37.5000   -7.500012939.8105   17.5190
    0.0000  -37.5000   -7.500013454.0625   17.4925
    7.5000  -37.5000   -7.500012753.1348   17.4803
   -7.5000  -30.0000   -7.500013724.1914   17.5306
    0.0000  -30.0000   -7.500014268.6328   17.5080
    7.5000  -30.0000   -7.500013525.3506   17.5023
   -7.5000  -22.5000   -7.500014467.4258   17.5563
    0.0000  -22.5000   -7.500015024.4385   17.5292
    7.5000  -22.5000   -7.500014262.6748   17.5260
   -7.5000  -15.0000   -7.500015128.9521   17.5737
    0.0000  -15.0000   -7.500015703.7402   17.5379
    7.5000  -15.0000   -7.500014895.4600   17.5295
   -7.5000   -7.5000   -7.500015624.2812   17.5596
    0.0000   -7.5000   -7.500016178.4941   17.5203
    7.5000   -7.5000   -7.500015336.5635   17.5066
   -7.5000    0.0000   -7.500015836.5059   17.5307
    0.0000    0.0000   -7.500016434.3770   17.4962
    7.5000    0.0000   -7.500015595.6680   17.4811
   -7.5000    7.5000   -7.500014778.7656   17.5190
    0.0000    7.5000   -7.500015367.0098   17.4925
    7.5000    7.5000   -7.500014579.9414   17.4803
   -7.5000   15.0000   -7.500013565.8184   17.5306
    0.0000   15.0000   -7.500014083.1475   17.5080
    7.5000   15.0000   -7.500013398.7939   17.5023
   -7.5000   22.5000   -7.500012326.1875   17.5482
    0.0000   22.5000   -7.500012801.8398   17.5211
    7.5000   22.5000   -7.500012190.6855   17.5179
   -7.5000   30.0000   -7.500011125.6201   17.3483
    0.0000   30.0000   -7.500011564.3857   17.3129
    7.5000   30.0000   -7.500010970.8740   17.3047
   -7.5000   37.5000   -7.500010264.3125   17.4171
    0.0000   37.5000   -7.500010652.9697   17.3783
    7.5000   37.5000   -7.500010091.9131   17.3649
   -7.5000   45.0000   -7.5000 8980.5908   17.1944
    0.0000   45.0000   -7.5000 9300.5869   17.1603
    7.5000   45.0000   -7.5000 8825.1709   17.1460
   -7.5000  -45.0000    0.000013216.4971   17.5949
    0.0000  -45.0000    0.000013724.7363   17.5417
    7.5000  -45.0000    0.000013026.1738   17.5180
   -7.5000  -37.5000    0.000013734.5840   17.5763
    0.0000  -37.5000    0.000014292.5098   17.5302
    7.5000  -37.5000    0.000013537.3301   17.5100
   -7.5000  -30.0000    0.000014627.1719   17.5808
    0.0000  -30.0000    0.000015246.7197   17.5409
    7.5000  -30.0000    0.000014431.2881   17.5276
   -7.5000  -22.5000    0.000015449.6562   17.6091
    0.0000  -22.5000    0.000016026.5977   17.5681
    7.5000  -22.5000    0.000015220.1865   17.5565
   -7.5000  -15.0000    0.000016168.5557   17.6340
    0.0000  -15.0000    0.000016741.2637   17.5853
    7.5000  -15.0000    0.000015858.5615   17.5678
   -7.5000   -7.5000    0.000016671.3535   17.6243
    0.0000   -7.5000    0.000017239.9727   17.5697
    7.5000   -7.5000    0.000016302.5820   17.5469
   -7.5000    0.0000    0.000016855.1758   17.5949
    0.0000    0.0000    0.000017464.1348   17.5417
    7.5000    0.0000    0.000016540.8613   17.5180
   -7.5000    7.5000    0.000015721.5176   17.5763
    0.0000    7.5000    0.000016303.2070   17.5302
    7.5000    7.5000    0.000015463.1162   17.5100
   -7.5000   15.0000    0.000014452.8320   17.5808
    0.0000   15.0000    0.000014992.2305   17.5409
    7.5000   15.0000    0.000014239.7363   17.5276
   -7.5000   22.5000    0.000013154.1533   17.6010
    0.0000   22.5000    0.000013661.7891   17.5600
    7.5000   22.5000    0.000012968.8525   17.5484
   -7.5000   30.0000    0.000011878.6152   17.4084
    0.0000   30.0000    0.000012340.3691   17.3603
    7.5000   30.0000    0.000011687.5254   17.3431
   -7.5000   37.5000    0.000010921.3643   17.4817
    0.0000   37.5000    0.000011346.8223   17.4278
    7.5000   37.5000    0.000010738.7979   17.4055
   -7.5000   45.0000    0.0000 9571.3662   17.2582
    0.0000   45.0000    0.0000 9899.4854   17.2058
    7.5000   45.0000    0.0000 9365.7393   17.1833
   -7.5000  -45.0000    7.500012960.4707   17.6060
    0.0000  -45.0000    7.500013478.5703   17.5592
    7.5000  -45.0000    7.500012815.4248   17.5378
   -7.5000  -37.5000    7.500013492.9492   17.5851
    0.0000  -37.5000    7.500014075.1494   17.5454
    7.5000  -37.5000    7.500013317.1406   17.5266
   -7.5000  -30.0000    7.500014514.1191   17.5910
    0.0000  -30.0000    7.500015184.8789   17.5585
    7.5000  -30.0000    7.500014283.7256   17.5437
   -7.5000  -22.5000    7.500015474.7910   17.6234
    0.0000  -22.5000    7.500016052.6523   17.5903
    7.5000  -22.5000    7.500015097.2930   17.5758
   -7.5000  -15.0000    7.500016129.8145   17.6501
    0.0000  -15.0000    7.500016645.2695   17.6093
    7.5000  -15.0000    7.500015649.8652   17.5901
   -7.5000   -7.5000    7.500016509.9180   17.6387
    0.0000   -7.5000    7.500017008.3730   17.5913
    7.5000   -7.5000    7.500016011.9980   17.5694
   -7.5000    0.0000    7.500016635.3086   17.6060
    0.0000    0.0000    7.500017175.3945   17.5592
    7.5000    0.0000    7.500016186.9404   17.5378
   -7.5000    7.5000    7.500015479.7344   17.5851
    0.0000    7.5000    7.500015999.5898   17.5454
    7.5000    7.5000    7.500015133.5107   17.5266
   -7.5000   15.0000    7.500014237.1992   17.5910
    0.0000   15.0000    7.500014749.7686   17.5585
    7.5000   15.0000    7.500013946.0107   17.5437
   -7.5000   22.5000    7.500013008.3232   17.6153
    0.0000   22.5000    7.500013486.5586   17.5822
    7.5000   22.5000    7.500012727.7539   17.5677
   -7.5000   30.0000    7.500011744.2568   17.4241
    0.0000   30.0000    7.500012198.6748   17.3838
    7.5000   30.0000    7.500011496.9697   17.3649
   -7.5000   37.5000    7.500010781.1689   17.4968
    0.0000   37.5000    7.500011212.3662   17.4494
    7.5000   37.5000    7.500010583.5879   17.4278
   -7.5000   45.0000    7.5000 9426.4434   17.2695
    0.0000   45.0000    7.5000 9772.9873   17.2237
    7.5000   45.0000    7.5000 9233.0850   17.2030
   -7.5000  -45.0000   15.000012654.1094   17.5940
    0.0000  -45.0000   15.000013185.8291   17.5691
    7.5000  -45.0000   15.000012413.9014   17.5570
   -7.5000  -37.5000   15.000013210.3447   17.5763
    0.0000  -37.5000   15.000013796.4316   17.5593
    7.5000  -37.5000   15.000012879.0254   17.5476
   -7.5000  -30.0000   15.000014312.0283   17.5893
    0.0000  -30.0000   15.000014970.6357   17.5784
    7.5000  -30.0000   15.000013839.6631   17.5678
   -7.5000  -22.5000   15.000015384.0293   17.6238
    0.0000  -22.5000   15.000015992.7822   17.6106
    7.5000  -22.5000   15.000014732.2510   17.6000
   -7.5000  -15.0000   15.000015981.3613   17.6468
    0.0000  -15.0000   15.000016516.6602   17.6251
    7.5000  -15.0000   15.000015309.5312   17.6122
   -7.5000   -7.5000   15.000016239.1445   17.6301
    0.0000   -7.5000   15.000016738.9336   17.6027
    7.5000   -7.5000   15.000015634.7285   17.5894
   -7.5000    0.0000   15.000016285.1787   17.5940
    0.0000    0.0000   15.000016762.7891   17.5691
    7.5000    0.0000   15.000015739.3369   17.5570
   -7.5000    7.5000   15.000015123.6182   17.5763
    0.0000    7.5000   15.000015592.8164   17.5593
    7.5000    7.5000   15.000014686.7314   17.5476
   -7.5000   15.0000   15.000013872.0771   17.5893
    0.0000   15.0000   15.000014345.4170   17.5784
    7.5000   15.0000   15.000013533.0332   17.5678
   -7.5000   22.5000   15.000012684.4395   17.6157
    0.0000   22.5000   15.000013125.1846   17.6025
    7.5000   22.5000   15.000012381.9014   17.5919
   -7.5000   30.0000   15.000011450.1689   17.4206
    0.0000   30.0000   15.000011866.2676   17.3991
    7.5000   30.0000   15.000011193.4844   17.3864
   -7.5000   37.5000   15.000010492.3838   17.4886
    0.0000   37.5000   15.000010878.9268   17.4606
    7.5000   37.5000   15.000010279.9189   17.4474
   -7.5000   45.0000   15.0000 9123.0254   17.2583
    0.0000   45.0000   15.0000 9480.7285   17.2345
    7.5000   45.0000   15.0000 8972.2275   17.2219
   -7.5000  -45.0000   22.500012140.3916   17.5670
    0.0000  -45.0000   22.500012617.5674   17.5585
    7.5000  -45.0000   22.500011856.0547   17.5534
   -7.5000  -37.5000   22.500012678.5508   17.5556
    0.0000  -37.5000   22.500013173.3369   17.5557
    7.5000  -37.5000   22.500012293.1553   17.5500
   -7.5000  -30.0000   22.500013748.3203   17.5752
    0.0000  -30.0000   22.500014336.8447   17.5792
    7.5000  -30.0000   22.500013205.6504   17.5744
   -7.5000  -22.5000   22.500014729.7773   17.6076
    0.0000  -22.5000   22.500015354.8467   17.6063
    7.5000  -22.5000   22.500014111.7314   17.6030
   -7.5000  -15.0000   22.500015212.2285   17.6242
    0.0000  -15.0000   22.500015810.0049   17.6134
    7.5000  -15.0000   22.500014685.3691   17.6090
   -7.5000   -7.5000   22.500015558.7959   17.6032
    0.0000   -7.5000   22.500016106.0742   17.5890
    7.5000   -7.5000   22.500015041.8350   17.5839
   -7.5000    0.0000   22.500015681.9209   17.5670
    0.0000    0.0000   22.500016205.6982   17.5585
    7.5000    0.0000   22.500015158.3643   17.5534
   -7.5000    7.5000   22.500014540.6035   17.5556
    0.0000    7.5000   22.500015021.9600   17.5557
    7.5000    7.5000   22.500014106.5430   17.5500
   -7.5000   15.0000   22.500013291.1348   17.5752
    0.0000   15.0000   22.500013727.4531   17.5792
    7.5000   15.0000   22.500012942.1133   17.5744
   -7.5000   22.5000   22.500012087.5293   17.5994
    0.0000   22.5000   22.500012494.4961   17.5982
    7.5000   22.5000   22.500011822.4160   17.5948
   -7.5000   30.0000   22.500010897.6787   17.3983
    0.0000   30.0000   22.500011289.6182   17.3876
    7.5000   30.0000   22.500010680.6885   17.3833
   -7.5000   37.5000   22.500010023.2705   17.4617
    0.0000   37.5000   22.500010388.0459   17.4470
    7.5000   37.5000   22.5000 9847.6562   17.4419
   -7.5000   45.0000   22.5000 8755.0244   17.2324
    0.0000   45.0000   22.5000 9078.8975   17.2247
    7.5000   45.0000   22.5000 8620.0752   17.2190
   -7.5000  -45.0000   30.000011412.2354   17.5508
    0.0000  -45.0000   30.000011841.2031   17.5390
    7.5000  -45.0000   30.000011198.4609   17.5334
   -7.5000  -37.5000   30.000011937.9707   17.5433
    0.0000  -37.5000   30.000012394.6797   17.5401
    7.5000  -37.5000   30.000011622.9443   17.5352
   -7.5000  -30.0000   30.000012893.4580   17.5629
    0.0000  -30.0000   30.000013445.9189   17.5624
    7.5000  -30.0000   30.000012495.4189   17.5609
   -7.5000  -22.5000   30.000013666.5762   17.5905
    0.0000  -22.5000   30.000014222.1074   17.5832
    7.5000  -22.5000   30.000013305.0977   17.5842
   -7.5000  -15.0000   30.000014091.1074   17.6033
    0.0000  -15.0000   30.000014604.0039   17.5863
    7.5000  -15.0000   30.000013822.5410   17.5847
   -7.5000   -7.5000   30.000014537.1445   17.5832
    0.0000   -7.5000   30.000015005.1953   17.5643
    7.5000   -7.5000   30.000014199.8105   17.5595
   -7.5000    0.0000   30.000014755.1787   17.5508
    0.0000    0.0000   30.000015206.8154   17.5390
    7.5000    0.0000   30.000014359.3340   17.5334
   -7.5000    7.5000   30.000013732.1914   17.5433
    0.0000    7.5000   30.000014151.5605   17.5401
    7.5000    7.5000   30.000013350.2393   17.5352
   -7.5000   15.0000   30.000012578.8438   17.5629
    0.0000   15.0000   30.000012974.2139   17.5624
    7.5000   15.0000   30.000012244.0977   17.5609
   -7.5000   22.5000   30.000011435.4639   17.5824
    0.0000   22.5000   30.000011822.8408   17.5751
    7.5000   22.5000   30.000011176.5557   17.5761
   -7.5000   30.0000   30.000010304.0283   17.3778
    0.0000   30.0000   30.000010683.8340   17.3610
    7.5000   30.0000   30.000010086.7500   17.3594
   -7.5000   37.5000   30.0000 9464.7930   17.4416
    0.0000   37.5000   30.0000 9833.3477   17.4226
    7.5000   37.5000   30.0000 9312.5771   17.4180
   -7.5000   45.0000   30.0000 8266.1162   17.2165
    0.0000   45.0000   30.0000 8577.3447   17.2050
    7.5000   45.0000   30.0000 8144.4526   17.1994
   -7.5000  -45.0000   37.500011114.9932   17.7231
    0.0000  -45.0000   37.500011529.3535   17.6880
    7.5000  -45.0000   37.500010956.7900   17.6724
   -7.5000  -37.5000   37.500011642.1230   17.7112
    0.0000  -37.5000   37.500012102.1475   17.6843
    7.5000  -37.5000   37.500011421.3594   17.6716
   -7.5000  -30.0000   37.500012500.4707   17.7229
    0.0000  -30.0000   37.500013046.0879   17.7000
    7.5000  -30.0000   37.500012277.3672   17.6940
   -7.5000  -22.5000   37.500013152.3086   17.7491
    0.0000  -22.5000   37.500013692.4209   17.7216
    7.5000  -22.5000   37.500012993.5869   17.7180
   -7.5000  -15.0000   37.500013680.4004   17.7667
    0.0000  -15.0000   37.500014195.6182   17.7304
    7.5000  -15.0000   37.500013523.2080   17.7217
   -7.5000   -7.5000   37.500014179.0234   17.7525
    0.0000   -7.5000   37.500014667.0977   17.7125
    7.5000   -7.5000   37.500013910.8838   17.6983
   -7.5000    0.0000   37.500014387.0000   17.7231
    0.0000    0.0000   37.500014843.2783   17.6880
    7.5000    0.0000   37.500014080.3379   17.6724
   -7.5000    7.5000   37.500013395.3672   17.7112
    0.0000    7.5000   37.500013815.0508   17.6843
    7.5000    7.5000   37.500013100.6709   17.6716
   -7.5000   15.0000   37.500012282.9277   17.7229
    0.0000   15.0000   37.500012665.4082   17.7000
    7.5000   15.0000   37.500011987.0439   17.6940
   -7.5000   22.5000   37.500011199.8789   17.7409
    0.0000   22.5000   37.500011563.2471   17.7135
    7.5000   22.5000   37.500010942.0234   17.7099
   -7.5000   30.0000   37.500010066.0703   17.5394
    0.0000   30.0000   37.500010429.2969   17.5035
    7.5000   30.0000   37.5000 9855.3105   17.4949
   -7.5000   37.5000   37.5000 9216.6602   17.6096
    0.0000   37.5000   37.5000 9558.9766   17.5701
    7.5000   37.5000   37.5000 9074.2031   17.5563
   -7.5000   45.0000   37.5000 8083.5112   17.3871
    0.0000   45.0000   37.5000 8361.1152   17.3524
    7.5000   45.0000   37.5000 7948.0132   17.3377
   -7.5000  -45.0000   45.000010339.3154   17.8956
    0.0000  -45.0000   45.000010743.3203   17.8416
    7.5000  -45.0000   45.000010198.4014   17.8181
   -7.5000  -37.5000   45.000010811.8779   17.8768
    0.0000  -37.5000   45.000011249.9004   17.8305
    7.5000  -37.5000   45.000010635.7412   17.8107
   -7.5000  -30.0000   45.000011553.9658   17.8819
    0.0000  -30.0000   45.000012043.2598   17.8423
    7.5000  -30.0000   45.000011396.5986   17.8294
   -7.5000  -22.5000   45.000012138.8555   17.9111
    0.0000  -22.5000   45.000012611.3496   17.8701
    7.5000  -22.5000   45.000012027.0049   17.8584
   -7.5000  -15.0000   45.000012702.5557   17.9363
    0.0000  -15.0000   45.000013181.5488   17.8871
    7.5000  -15.0000   45.000012549.6396   17.8691
   -7.5000   -7.5000   45.000013178.3789   17.9260
    0.0000   -7.5000   45.000013660.1328   17.8704
    7.5000   -7.5000   45.000012963.9033   17.8474
   -7.5000    0.0000   45.000013375.4111   17.8956
    0.0000    0.0000   45.000013861.7178   17.8416
    7.5000    0.0000   45.000013147.4805   17.8181
   -7.5000    7.5000   45.000012489.2227   17.8768
    0.0000    7.5000   45.000012919.7979   17.8305
    7.5000    7.5000   45.000012236.8145   17.8107
   -7.5000   15.0000   45.000011441.4727   17.8819
    0.0000   15.0000   45.000011834.4658   17.8423
    7.5000   15.0000   45.000011199.8037   17.8294
   -7.5000   22.5000   45.000010448.9033   17.9028
    0.0000   22.5000   45.000010807.9004   17.8618
    7.5000   22.5000   45.000010224.1758   17.8501
   -7.5000   30.0000   45.0000 9367.6895   17.7036
    0.0000   30.0000   45.0000 9684.5752   17.6550
    7.5000   30.0000   45.0000 9183.7217   17.6373
   -7.5000   37.5000   45.0000 8558.1299   17.7688
    0.0000   37.5000   45.0000 8843.6689   17.7139
    7.5000   37.5000   45.0000 8422.4609   17.6914
   -7.5000   45.0000   45.0000 7508.6216   17.5383
    0.0000   45.0000   45.0000 7745.6748   17.4853
    7.5000   45.0000   45.0000 7403.8286   17.4630

---------------------------------------------------------------------
imgreg_4dfp /opt/freesurfer/average/711-2C_as_mni_average_305 /opt/freesurfer/average/711-2B_as_mni_average_305_mask talsrcimg_g11 none talsrcimg_to_711-2C_as_mni_average_305_t4 4355
---------------------------------------------------------------------

freesurfer imgreg_4dfp.c
/opt/freesurfer/average/711-2C_as_mni_average_305.4dfp.img
       256       256       256         1
  1.000000  1.000000  1.000000
orientation T byte_order littleendian
Reading image: /opt/freesurfer/average/711-2C_as_mni_average_305.4dfp.img
dimensions:      256       256       256
mmppix:       1.0000   -1.0000   -1.0000
center:     128.0000 -129.0000 -129.0000
/opt/freesurfer/average/711-2B_as_mni_average_305_mask.4dfp.img
       256       256       256         1
  1.000000  1.000000  1.000000
orientation T byte_order littleendian
Reading mask: /opt/freesurfer/average/711-2B_as_mni_average_305_mask.4dfp.img (2306576 pixels)
talsrcimg_g11.4dfp.img
       256       256       256         1
  1.000000  1.000000  1.000000
orientation T byte_order littleendian
Reading image: talsrcimg_g11.4dfp.img
dimensions:      256       256       256
mmppix:       1.0000   -1.0000   -1.0000
center:     128.0000 -129.0000 -129.0000
rotation matrix determinant  1.000000
image alignment mode   4355 decimal     1103 hex
   -7.5000  -45.0000  -45.0000 2222.8911   16.5328
    0.0000  -45.0000  -45.0000 2237.9246   16.4304
    7.5000  -45.0000  -45.0000 2219.3042   16.6102
   -7.5000  -37.5000  -45.0000 2252.4868   15.9585
    0.0000  -37.5000  -45.0000 2263.0486   15.8953
    7.5000  -37.5000  -45.0000 2249.4436   16.1064
   -7.5000  -30.0000  -45.0000 2260.6245   15.7715
    0.0000  -30.0000  -45.0000 2274.3457   15.7174
    7.5000  -30.0000  -45.0000 2254.3936   15.9382
   -7.5000  -22.5000  -45.0000 2253.7092   15.9513
    0.0000  -22.5000  -45.0000 2273.6140   15.8773
    7.5000  -22.5000  -45.0000 2248.6206   16.1012
   -7.5000  -15.0000  -45.0000 2230.8223   16.4781
    0.0000  -15.0000  -45.0000 2246.0603   16.3791
    7.5000  -15.0000  -45.0000 2225.2952   16.5893
   -7.5000   -7.5000  -45.0000 2192.5476   17.2429
    0.0000   -7.5000  -45.0000 2207.3013   17.1251
    7.5000   -7.5000  -45.0000 2186.0579   17.3290
   -7.5000    0.0000  -45.0000 2142.3853   18.2486
    0.0000    0.0000  -45.0000 2154.2080   18.1365
    7.5000    0.0000  -45.0000 2132.2632   18.3382
   -7.5000    7.5000  -45.0000 2078.6199   19.6843
    0.0000    7.5000  -45.0000 2089.3669   19.5230
    7.5000    7.5000  -45.0000 2066.7849   19.7835
   -7.5000   15.0000  -45.0000 1991.3820   21.5532
    0.0000   15.0000  -45.0000 2004.6384   21.3981
    7.5000   15.0000  -45.0000 1985.1949   21.6716
   -7.5000   22.5000  -45.0000 1892.1664   23.9971
    0.0000   22.5000  -45.0000 1907.9509   23.8298
    7.5000   22.5000  -45.0000 1885.3677   24.2092
   -7.5000   30.0000  -45.0000 1784.4099   27.2557
    0.0000   30.0000  -45.0000 1799.1949   27.0120
    7.5000   30.0000  -45.0000 1778.6119   27.3892
   -7.5000   37.5000  -45.0000 1680.1779   31.4624
    0.0000   37.5000  -45.0000 1693.7814   31.0782
    7.5000   37.5000  -45.0000 1665.0980   31.5308
   -7.5000   45.0000  -45.0000 1565.8657   37.1617
    0.0000   45.0000  -45.0000 1574.6849   36.9817
    7.5000   45.0000  -45.0000 1549.2434   37.4650
   -7.5000  -45.0000  -37.5000 2329.0447   15.2892
    0.0000  -45.0000  -37.5000 2341.1572   15.2159
    7.5000  -45.0000  -37.5000 2321.3276   15.3831
   -7.5000  -37.5000  -37.5000 2358.1809   14.7402
    0.0000  -37.5000  -37.5000 2373.1826   14.6601
    7.5000  -37.5000  -37.5000 2349.3889   14.8548
   -7.5000  -30.0000  -37.5000 2363.2849   14.5011
    0.0000  -30.0000  -37.5000 2378.4546   14.4262
    7.5000  -30.0000  -37.5000 2352.9285   14.6331
   -7.5000  -22.5000  -37.5000 2359.3909   14.6307
    0.0000  -22.5000  -37.5000 2377.7073   14.5419
    7.5000  -22.5000  -37.5000 2350.1577   14.7252
   -7.5000  -15.0000  -37.5000 2333.4492   15.0797
    0.0000  -15.0000  -37.5000 2351.2092   14.9926
    7.5000  -15.0000  -37.5000 2325.0210   15.1874
   -7.5000   -7.5000  -37.5000 2292.8789   15.7527
    0.0000   -7.5000  -37.5000 2308.5994   15.6371
    7.5000   -7.5000  -37.5000 2285.6282   15.8259
   -7.5000    0.0000  -37.5000 2245.8440   16.6262
    0.0000    0.0000  -37.5000 2259.5029   16.5157
    7.5000    0.0000  -37.5000 2233.0129   16.7033
   -7.5000    7.5000  -37.5000 2181.2397   17.8843
    0.0000    7.5000  -37.5000 2191.9712   17.7439
    7.5000    7.5000  -37.5000 2169.1897   17.9523
   -7.5000   15.0000  -37.5000 2089.4863   19.5480
    0.0000   15.0000  -37.5000 2100.0347   19.4286
    7.5000   15.0000  -37.5000 2079.7976   19.6792
   -7.5000   22.5000  -37.5000 1984.6090   21.7846
    0.0000   22.5000  -37.5000 1997.4543   21.6589
    7.5000   22.5000  -37.5000 1976.0264   21.9324
   -7.5000   30.0000  -37.5000 1867.4794   24.7530
    0.0000   30.0000  -37.5000 1877.8289   24.5959
    7.5000   30.0000  -37.5000 1861.8281   24.8092
   -7.5000   37.5000  -37.5000 1760.4182   28.4180
    0.0000   37.5000  -37.5000 1769.4825   28.1867
    7.5000   37.5000  -37.5000 1746.7224   28.4321
   -7.5000   45.0000  -37.5000 1636.7955   33.3984
    0.0000   45.0000  -37.5000 1637.9961   33.1335
    7.5000   45.0000  -37.5000 1617.6951   33.5814
   -7.5000  -45.0000  -30.0000 2477.7192   14.6961
    0.0000  -45.0000  -30.0000 2487.6035   14.6274
    7.5000  -45.0000  -30.0000 2462.6501   14.8168
   -7.5000  -37.5000  -30.0000 2512.7002   14.0726
    0.0000  -37.5000  -30.0000 2520.5581   14.0332
    7.5000  -37.5000  -30.0000 2491.1428   14.2263
   -7.5000  -30.0000  -30.0000 2514.5527   13.8329
    0.0000  -30.0000  -30.0000 2528.5627   13.7905
    7.5000  -30.0000  -30.0000 2497.5151   14.0019
   -7.5000  -22.5000  -30.0000 2511.7651   13.9034
    0.0000  -22.5000  -30.0000 2529.2014   13.8556
    7.5000  -22.5000  -30.0000 2494.3455   14.0805
   -7.5000  -15.0000  -30.0000 2486.0339   14.3075
    0.0000  -15.0000  -30.0000 2502.6311   14.2336
    7.5000  -15.0000  -30.0000 2472.5830   14.4593
   -7.5000   -7.5000  -30.0000 2444.4961   14.8808
    0.0000   -7.5000  -30.0000 2462.8809   14.8251
    7.5000   -7.5000  -30.0000 2434.5557   15.0241
   -7.5000    0.0000  -30.0000 2391.9788   15.6577
    0.0000    0.0000  -30.0000 2408.1836   15.6137
    7.5000    0.0000  -30.0000 2376.3308   15.8190
   -7.5000    7.5000  -30.0000 2320.4512   16.8101
    0.0000    7.5000  -30.0000 2334.4395   16.7621
    7.5000    7.5000  -30.0000 2306.2683   16.9579
   -7.5000   15.0000  -30.0000 2225.2480   18.4099
    0.0000   15.0000  -30.0000 2236.3452   18.3633
    7.5000   15.0000  -30.0000 2207.2419   18.5907
   -7.5000   22.5000  -30.0000 2112.7732   20.5269
    0.0000   22.5000  -30.0000 2125.3926   20.4565
    7.5000   22.5000  -30.0000 2100.8191   20.6935
   -7.5000   30.0000  -30.0000 1988.1119   23.1889
    0.0000   30.0000  -30.0000 1998.0642   23.0886
    7.5000   30.0000  -30.0000 1975.7338   23.3469
   -7.5000   37.5000  -30.0000 1871.7996   26.5241
    0.0000   37.5000  -30.0000 1884.4050   26.4040
    7.5000   37.5000  -30.0000 1854.6273   26.7172
   -7.5000   45.0000  -30.0000 1732.0164   31.0361
    0.0000   45.0000  -30.0000 1741.8483   30.8084
    7.5000   45.0000  -30.0000 1715.6090   31.2801
   -7.5000  -45.0000  -22.5000 2594.5557   13.9703
    0.0000  -45.0000  -22.5000 2602.3694   13.9331
    7.5000  -45.0000  -22.5000 2573.6064   14.0854
   -7.5000  -37.5000  -22.5000 2631.3372   13.3486
    0.0000  -37.5000  -22.5000 2639.0737   13.3180
    7.5000  -37.5000  -22.5000 2607.2502   13.4920
   -7.5000  -30.0000  -22.5000 2645.9724   13.0694
    0.0000  -30.0000  -22.5000 2656.5574   13.0328
    7.5000  -30.0000  -22.5000 2620.7180   13.2661
   -7.5000  -22.5000  -22.5000 2642.6162   13.1122
    0.0000  -22.5000  -22.5000 2654.0081   13.0885
    7.5000  -22.5000  -22.5000 2620.0359   13.3173
   -7.5000  -15.0000  -22.5000 2617.4768   13.4903
    0.0000  -15.0000  -22.5000 2634.2346   13.4313
    7.5000  -15.0000  -22.5000 2601.5645   13.6518
   -7.5000   -7.5000  -22.5000 2575.6985   14.0051
    0.0000   -7.5000  -22.5000 2593.0420   13.9478
    7.5000   -7.5000  -22.5000 2564.6787   14.1420
   -7.5000    0.0000  -22.5000 2515.3386   14.7170
    0.0000    0.0000  -22.5000 2531.9167   14.6921
    7.5000    0.0000  -22.5000 2502.9570   14.8842
   -7.5000    7.5000  -22.5000 2439.1345   15.7527
    0.0000    7.5000  -22.5000 2451.6951   15.7325
    7.5000    7.5000  -22.5000 2421.8254   15.9408
   -7.5000   15.0000  -22.5000 2339.0439   17.2340
    0.0000   15.0000  -22.5000 2347.4548   17.2122
    7.5000   15.0000  -22.5000 2319.3274   17.4283
   -7.5000   22.5000  -22.5000 2224.0894   19.1643
    0.0000   22.5000  -22.5000 2235.5012   19.1606
    7.5000   22.5000  -22.5000 2206.0989   19.3447
   -7.5000   30.0000  -22.5000 2096.4351   21.6202
    0.0000   30.0000  -22.5000 2106.0532   21.5885
    7.5000   30.0000  -22.5000 2074.4937   21.7941
   -7.5000   37.5000  -22.5000 1963.2529   24.7053
    0.0000   37.5000  -22.5000 1974.8657   24.6016
    7.5000   37.5000  -22.5000 1943.4722   24.9278
   -7.5000   45.0000  -22.5000 1818.9308   28.9291
    0.0000   45.0000  -22.5000 1823.3242   28.7437
    7.5000   45.0000  -22.5000 1796.7151   29.1577
   -7.5000  -45.0000  -15.0000 2672.7095   13.2642
    0.0000  -45.0000  -15.0000 2683.6875   13.2184
    7.5000  -45.0000  -15.0000 2656.9578   13.3665
   -7.5000  -37.5000  -15.0000 2715.2720   12.6707
    0.0000  -37.5000  -15.0000 2727.4055   12.6367
    7.5000  -37.5000  -15.0000 2692.6384   12.8028
   -7.5000  -30.0000  -15.0000 2741.6125   12.3580
    0.0000  -30.0000  -15.0000 2754.6777   12.3312
    7.5000  -30.0000  -15.0000 2712.2036   12.5176
   -7.5000  -22.5000  -15.0000 2743.9246   12.3686
    0.0000  -22.5000  -15.0000 2754.8806   12.3275
    7.5000  -22.5000  -15.0000 2716.4329   12.5592
   -7.5000  -15.0000  -15.0000 2723.1514   12.7057
    0.0000  -15.0000  -15.0000 2737.2122   12.6422
    7.5000  -15.0000  -15.0000 2701.5906   12.8411
   -7.5000   -7.5000  -15.0000 2680.7539   13.1670
    0.0000   -7.5000  -15.0000 2698.1868   13.1142
    7.5000   -7.5000  -15.0000 2661.0708   13.3018
   -7.5000    0.0000  -15.0000 2616.3181   13.8524
    0.0000    0.0000  -15.0000 2632.7463   13.7699
    7.5000    0.0000  -15.0000 2599.6348   13.9884
   -7.5000    7.5000  -15.0000 2531.5352   14.8093
    0.0000    7.5000  -15.0000 2545.5442   14.7536
    7.5000    7.5000  -15.0000 2514.4771   14.9632
   -7.5000   15.0000  -15.0000 2424.1819   16.1854
    0.0000   15.0000  -15.0000 2433.2185   16.1467
    7.5000   15.0000  -15.0000 2402.9385   16.3817
   -7.5000   22.5000  -15.0000 2301.5803   17.9828
    0.0000   22.5000  -15.0000 2311.2573   17.9519
    7.5000   22.5000  -15.0000 2284.5640   18.1578
   -7.5000   30.0000  -15.0000 2170.5620   20.1782
    0.0000   30.0000  -15.0000 2186.7734   20.1786
    7.5000   30.0000  -15.0000 2148.5513   20.4032
   -7.5000   37.5000  -15.0000 2032.9677   23.1353
    0.0000   37.5000  -15.0000 2043.6305   23.0493
    7.5000   37.5000  -15.0000 2007.5028   23.2999
   -7.5000   45.0000  -15.0000 1878.1644   26.9915
    0.0000   45.0000  -15.0000 1882.6239   26.8660
    7.5000   45.0000  -15.0000 1854.4229   27.2164
   -7.5000  -45.0000   -7.5000 2725.4160   12.6652
    0.0000  -45.0000   -7.5000 2742.0896   12.5904
    7.5000  -45.0000   -7.5000 2715.6016   12.7184
   -7.5000  -37.5000   -7.5000 2775.6428   12.0697
    0.0000  -37.5000   -7.5000 2795.7668   12.0171
    7.5000  -37.5000   -7.5000 2764.4570   12.1571
   -7.5000  -30.0000   -7.5000 2808.8538   11.7372
    0.0000  -30.0000   -7.5000 2826.8499   11.6909
    7.5000  -30.0000   -7.5000 2789.4792   11.8644
   -7.5000  -22.5000   -7.5000 2817.1775   11.7126
    0.0000  -22.5000   -7.5000 2836.7197   11.6421
    7.5000  -22.5000   -7.5000 2796.7979   11.8525
   -7.5000  -15.0000   -7.5000 2801.3904   11.9791
    0.0000  -15.0000   -7.5000 2820.1206   11.9043
    7.5000  -15.0000   -7.5000 2780.0583   12.1188
   -7.5000   -7.5000   -7.5000 2763.1372   12.4181
    0.0000   -7.5000   -7.5000 2780.3328   12.3426
    7.5000   -7.5000   -7.5000 2740.3669   12.5304
   -7.5000    0.0000   -7.5000 2696.4148   13.0429
    0.0000    0.0000   -7.5000 2717.8613   12.9499
    7.5000    0.0000   -7.5000 2679.6799   13.1506
   -7.5000    7.5000   -7.5000 2603.3960   13.9188
    0.0000    7.5000   -7.5000 2623.3369   13.8628
    7.5000    7.5000   -7.5000 2585.1013   14.0778
   -7.5000   15.0000   -7.5000 2492.5874   15.2294
    0.0000   15.0000   -7.5000 2506.3386   15.1968
    7.5000   15.0000   -7.5000 2472.9534   15.4213
   -7.5000   22.5000   -7.5000 2369.8059   16.9420
    0.0000   22.5000   -7.5000 2381.3462   16.8785
    7.5000   22.5000   -7.5000 2351.5547   17.1245
   -7.5000   30.0000   -7.5000 2234.7874   19.0266
    0.0000   30.0000   -7.5000 2248.0105   18.9555
    7.5000   30.0000   -7.5000 2212.4331   19.2330
   -7.5000   37.5000   -7.5000 2088.2959   21.7287
    0.0000   37.5000   -7.5000 2095.5569   21.6108
    7.5000   37.5000   -7.5000 2060.5793   21.9113
   -7.5000   45.0000   -7.5000 1922.1207   25.2591
    0.0000   45.0000   -7.5000 1931.4546   25.1324
    7.5000   45.0000   -7.5000 1905.6543   25.5000
   -7.5000  -45.0000    0.0000 2753.8271   12.2311
    0.0000  -45.0000    0.0000 2776.4421   12.1192
    7.5000  -45.0000    0.0000 2743.8086   12.2917
   -7.5000  -37.5000    0.0000 2816.8862   11.6291
    0.0000  -37.5000    0.0000 2843.2927   11.5340
    7.5000  -37.5000    0.0000 2806.1348   11.7209
   -7.5000  -30.0000    0.0000 2859.5830   11.3026
    0.0000  -30.0000    0.0000 2887.2400   11.2283
    7.5000  -30.0000    0.0000 2842.7280   11.4322
   -7.5000  -22.5000    0.0000 2877.8843   11.2402
    0.0000  -22.5000    0.0000 2903.3416   11.1623
    7.5000  -22.5000    0.0000 2856.6580   11.4044
   -7.5000  -15.0000    0.0000 2872.8774   11.4260
    0.0000  -15.0000    0.0000 2891.6128   11.3271
    7.5000  -15.0000    0.0000 2841.4478   11.5865
   -7.5000   -7.5000    0.0000 2830.2971   11.8304
    0.0000   -7.5000    0.0000 2849.2654   11.7081
    7.5000   -7.5000    0.0000 2802.9934   11.9231
   -7.5000    0.0000    0.0000 2760.0674   12.3935
    0.0000    0.0000    0.0000 2782.1184   12.2927
    7.5000    0.0000    0.0000 2738.9587   12.5128
   -7.5000    7.5000    0.0000 2665.3914   13.2475
    0.0000    7.5000    0.0000 2685.4915   13.1702
    7.5000    7.5000    0.0000 2643.0540   13.4225
   -7.5000   15.0000    0.0000 2550.4121   14.5153
    0.0000   15.0000    0.0000 2565.9048   14.4438
    7.5000   15.0000    0.0000 2528.4731   14.7238
   -7.5000   22.5000    0.0000 2424.9387   16.1074
    0.0000   22.5000    0.0000 2438.0935   16.0354
    7.5000   22.5000    0.0000 2401.3606   16.3404
   -7.5000   30.0000    0.0000 2289.0464   18.0904
    0.0000   30.0000    0.0000 2295.5413   18.0279
    7.5000   30.0000    0.0000 2265.4819   18.3415
   -7.5000   37.5000    0.0000 2131.2231   20.6072
    0.0000   37.5000    0.0000 2136.8799   20.5100
    7.5000   37.5000    0.0000 2107.8789   20.8433
   -7.5000   45.0000    0.0000 1969.1093   23.8269
    0.0000   45.0000    0.0000 1971.9204   23.7381
    7.5000   45.0000    0.0000 1944.2966   24.1328
   -7.5000  -45.0000    7.5000 2763.2896   11.9944
    0.0000  -45.0000    7.5000 2789.0930   11.8993
    7.5000  -45.0000    7.5000 2761.9294   12.1067
   -7.5000  -37.5000    7.5000 2843.9507   11.3986
    0.0000  -37.5000    7.5000 2872.5984   11.3072
    7.5000  -37.5000    7.5000 2835.3096   11.5061
   -7.5000  -30.0000    7.5000 2901.7158   11.0765
    0.0000  -30.0000    7.5000 2934.8452   11.0264
    7.5000  -30.0000    7.5000 2890.9683   11.1919
   -7.5000  -22.5000    7.5000 2934.7056   11.0261
    0.0000  -22.5000    7.5000 2962.5898   10.9585
    7.5000  -22.5000    7.5000 2905.7371   11.1380
   -7.5000  -15.0000    7.5000 2930.3298   11.1053
    0.0000  -15.0000    7.5000 2948.0977   11.0037
    7.5000  -15.0000    7.5000 2887.5437   11.2314
   -7.5000   -7.5000    7.5000 2882.4727   11.4042
    0.0000   -7.5000    7.5000 2895.6860   11.2932
    7.5000   -7.5000    7.5000 2844.7053   11.5204
   -7.5000    0.0000    7.5000 2807.5562   11.9512
    0.0000    0.0000    7.5000 2826.1079   11.8560
    7.5000    0.0000    7.5000 2777.9827   12.0657
   -7.5000    7.5000    7.5000 2708.1260   12.7884
    0.0000    7.5000    7.5000 2724.5024   12.6920
    7.5000    7.5000    7.5000 2680.9778   12.9370
   -7.5000   15.0000    7.5000 2594.1504   13.9903
    0.0000   15.0000    7.5000 2610.1716   13.9051
    7.5000   15.0000    7.5000 2569.6577   14.1565
   -7.5000   22.5000    7.5000 2467.1897   15.5370
    0.0000   22.5000    7.5000 2480.1270   15.4708
    7.5000   22.5000    7.5000 2438.6260   15.7431
   -7.5000   30.0000    7.5000 2327.2739   17.4881
    0.0000   30.0000    7.5000 2334.9365   17.4475
    7.5000   30.0000    7.5000 2299.9587   17.7094
   -7.5000   37.5000    7.5000 2166.2500   19.8986
    0.0000   37.5000    7.5000 2175.4729   19.8204
    7.5000   37.5000    7.5000 2146.9607   20.1084
   -7.5000   45.0000    7.5000 1997.5885   22.9999
    0.0000   45.0000    7.5000 2004.2678   22.8132
    7.5000   45.0000    7.5000 1974.6844   23.2456
   -7.5000  -45.0000   15.0000 2757.9651   11.9669
    0.0000  -45.0000   15.0000 2780.1609   11.9030
    7.5000  -45.0000   15.0000 2752.4956   12.0721
   -7.5000  -37.5000   15.0000 2856.1331   11.3631
    0.0000  -37.5000   15.0000 2883.0959   11.3128
    7.5000  -37.5000   15.0000 2839.1255   11.4372
   -7.5000  -30.0000   15.0000 2935.0867   11.0234
    0.0000  -30.0000   15.0000 2962.6440   10.9932
    7.5000  -30.0000   15.0000 2903.2683   11.0979
   -7.5000  -22.5000   15.0000 2977.2549   10.9458
    0.0000  -22.5000   15.0000 3005.1870   10.9081
    7.5000  -22.5000   15.0000 2933.3721   11.0128
   -7.5000  -15.0000   15.0000 2967.7046   11.0015
    0.0000  -15.0000   15.0000 2983.9165   10.9235
    7.5000  -15.0000   15.0000 2913.8774   11.0822
   -7.5000   -7.5000   15.0000 2915.2717   11.2205
    0.0000   -7.5000   15.0000 2923.0325   11.1479
    7.5000   -7.5000   15.0000 2866.2146   11.3397
   -7.5000    0.0000   15.0000 2835.9397   11.6892
    0.0000    0.0000   15.0000 2846.4863   11.6371
    7.5000    0.0000   15.0000 2796.1033   11.8686
   -7.5000    7.5000   15.0000 2734.7393   12.4819
    0.0000    7.5000   15.0000 2745.1135   12.4247
    7.5000    7.5000   15.0000 2700.6021   12.6718
   -7.5000   15.0000   15.0000 2619.4414   13.6934
    0.0000   15.0000   15.0000 2628.7361   13.6453
    7.5000   15.0000   15.0000 2585.3333   13.8900
   -7.5000   22.5000   15.0000 2489.2659   15.2059
    0.0000   22.5000   15.0000 2494.2598   15.1957
    7.5000   22.5000   15.0000 2452.6426   15.4458
   -7.5000   30.0000   15.0000 2347.5942   17.1303
    0.0000   30.0000   15.0000 2351.3345   17.1124
    7.5000   30.0000   15.0000 2317.1792   17.3391
   -7.5000   37.5000   15.0000 2183.7007   19.4330
    0.0000   37.5000   15.0000 2188.7478   19.4246
    7.5000   37.5000   15.0000 2158.8579   19.6994
   -7.5000   45.0000   15.0000 2008.0518   22.4014
    0.0000   45.0000   15.0000 2016.8652   22.3430
    7.5000   45.0000   15.0000 1988.1355   22.6944
   -7.5000  -45.0000   22.5000 2739.6003   12.0550
    0.0000  -45.0000   22.5000 2753.5198   12.0126
    7.5000  -45.0000   22.5000 2725.1438   12.1909
   -7.5000  -37.5000   22.5000 2849.7932   11.3952
    0.0000  -37.5000   22.5000 2867.2830   11.3651
    7.5000  -37.5000   22.5000 2822.8701   11.5154
   -7.5000  -30.0000   22.5000 2938.9126   11.0699
    0.0000  -30.0000   22.5000 2959.7366   11.0449
    7.5000  -30.0000   22.5000 2896.4670   11.1483
   -7.5000  -22.5000   22.5000 2995.6272   10.9566
    0.0000  -22.5000   22.5000 3020.0103   10.9439
    7.5000  -22.5000   22.5000 2933.1709   11.0492
   -7.5000  -15.0000   22.5000 2972.5132   10.9736
    0.0000  -15.0000   22.5000 2988.9448   10.9522
    7.5000  -15.0000   22.5000 2912.3823   11.1554
   -7.5000   -7.5000   22.5000 2913.7136   11.2101
    0.0000   -7.5000   22.5000 2923.7852   11.1745
    7.5000   -7.5000   22.5000 2864.7068   11.4130
   -7.5000    0.0000   22.5000 2835.5413   11.7136
    0.0000    0.0000   22.5000 2841.4778   11.6758
    7.5000    0.0000   22.5000 2791.3726   11.9238
   -7.5000    7.5000   22.5000 2729.7161   12.5032
    0.0000    7.5000   22.5000 2737.3169   12.4571
    7.5000    7.5000   22.5000 2696.4719   12.7201
   -7.5000   15.0000   22.5000 2617.8972   13.6275
    0.0000   15.0000   22.5000 2624.1165   13.5789
    7.5000   15.0000   22.5000 2585.0723   13.8384
   -7.5000   22.5000   22.5000 2488.7439   15.0961
    0.0000   22.5000   22.5000 2488.4763   15.0488
    7.5000   22.5000   22.5000 2453.8762   15.3287
   -7.5000   30.0000   22.5000 2341.8630   16.9501
    0.0000   30.0000   22.5000 2347.3186   16.9078
    7.5000   30.0000   22.5000 2312.6919   17.1933
   -7.5000   37.5000   22.5000 2180.1443   19.3103
    0.0000   37.5000   22.5000 2189.0110   19.2300
    7.5000   37.5000   22.5000 2156.8843   19.5597
   -7.5000   45.0000   22.5000 2006.4435   22.2551
    0.0000   45.0000   22.5000 2019.2838   22.1943
    7.5000   45.0000   22.5000 1987.4860   22.5876
   -7.5000  -45.0000   30.0000 2704.8062   12.2756
    0.0000  -45.0000   30.0000 2716.8684   12.2307
    7.5000  -45.0000   30.0000 2686.0483   12.4813
   -7.5000  -37.5000   30.0000 2814.7417   11.5924
    0.0000  -37.5000   30.0000 2830.2915   11.5663
    7.5000  -37.5000   30.0000 2783.4558   11.7765
   -7.5000  -30.0000   30.0000 2899.4841   11.2639
    0.0000  -30.0000   30.0000 2921.8027   11.2177
    7.5000  -30.0000   30.0000 2862.8684   11.3847
   -7.5000  -22.5000   30.0000 2961.6489   11.0881
    0.0000  -22.5000   30.0000 2986.6970   11.0347
    7.5000  -22.5000   30.0000 2910.3020   11.2507
   -7.5000  -15.0000   30.0000 2944.7092   11.0376
    0.0000  -15.0000   30.0000 2958.8054   10.9728
    7.5000  -15.0000   30.0000 2894.6213   11.2982
   -7.5000   -7.5000   30.0000 2900.3682   11.3032
    0.0000   -7.5000   30.0000 2906.3701   11.2362
    7.5000   -7.5000   30.0000 2847.1467   11.5595
   -7.5000    0.0000   30.0000 2822.8345   11.9068
    0.0000    0.0000   30.0000 2825.6628   11.8365
    7.5000    0.0000   30.0000 2774.6748   12.1198
   -7.5000    7.5000   30.0000 2712.6794   12.7612
    0.0000    7.5000   30.0000 2714.4963   12.6964
    7.5000    7.5000   30.0000 2675.2097   12.9868
   -7.5000   15.0000   30.0000 2592.1982   13.9133
    0.0000   15.0000   30.0000 2594.5969   13.8663
    7.5000   15.0000   30.0000 2560.3726   14.1307
   -7.5000   22.5000   30.0000 2460.4583   15.3386
    0.0000   22.5000   30.0000 2460.6416   15.2871
    7.5000   22.5000   30.0000 2428.2617   15.5542
   -7.5000   30.0000   30.0000 2317.0681   17.1223
    0.0000   30.0000   30.0000 2322.8481   17.0746
    7.5000   30.0000   30.0000 2286.0088   17.3472
   -7.5000   37.5000   30.0000 2153.5178   19.4011
    0.0000   37.5000   30.0000 2165.5491   19.3333
    7.5000   37.5000   30.0000 2136.9932   19.6329
   -7.5000   45.0000   30.0000 1982.9478   22.3003
    0.0000   45.0000   30.0000 1994.7404   22.2612
    7.5000   45.0000   30.0000 1966.2507   22.5901
   -7.5000  -45.0000   37.5000 2662.9570   12.7088
    0.0000  -45.0000   37.5000 2673.7832   12.6326
    7.5000  -45.0000   37.5000 2638.7566   12.9627
   -7.5000  -37.5000   37.5000 2772.4119   12.0262
    0.0000  -37.5000   37.5000 2784.8091   11.9491
    7.5000  -37.5000   37.5000 2738.4099   12.2230
   -7.5000  -30.0000   37.5000 2852.9265   11.6054
    0.0000  -30.0000   37.5000 2867.7080   11.5693
    7.5000  -30.0000   37.5000 2814.0898   11.8029
   -7.5000  -22.5000   37.5000 2899.8640   11.3752
    0.0000  -22.5000   37.5000 2918.1587   11.3438
    7.5000  -22.5000   37.5000 2857.2737   11.6296
   -7.5000  -15.0000   37.5000 2894.5366   11.3724
    0.0000  -15.0000   37.5000 2906.5459   11.3030
    7.5000  -15.0000   37.5000 2852.2451   11.6416
   -7.5000   -7.5000   37.5000 2858.7139   11.7153
    0.0000   -7.5000   37.5000 2866.0977   11.6262
    7.5000   -7.5000   37.5000 2810.2876   11.9138
   -7.5000    0.0000   37.5000 2784.1360   12.2950
    0.0000    0.0000   37.5000 2784.8826   12.2113
    7.5000    0.0000   37.5000 2739.9402   12.4694
   -7.5000    7.5000   37.5000 2680.2351   13.1485
    0.0000    7.5000   37.5000 2679.3464   13.0700
    7.5000    7.5000   37.5000 2643.7173   13.3351
   -7.5000   15.0000   37.5000 2561.8447   14.2792
    0.0000   15.0000   37.5000 2561.9551   14.2290
    7.5000   15.0000   37.5000 2525.4065   14.4893
   -7.5000   22.5000   37.5000 2426.5461   15.7248
    0.0000   22.5000   37.5000 2428.9827   15.6737
    7.5000   22.5000   37.5000 2393.2046   15.9248
   -7.5000   30.0000   37.5000 2277.8171   17.5066
    0.0000   30.0000   37.5000 2285.6521   17.4523
    7.5000   30.0000   37.5000 2249.7136   17.7002
   -7.5000   37.5000   37.5000 2112.1545   19.7106
    0.0000   37.5000   37.5000 2122.6243   19.6855
    7.5000   37.5000   37.5000 2100.1550   19.9410
   -7.5000   45.0000   37.5000 1951.8907   22.6721
    0.0000   45.0000   37.5000 1956.2205   22.6261
    7.5000   45.0000   37.5000 1934.5330   22.9572
   -7.5000  -45.0000   45.0000 2614.9897   13.3609
    0.0000  -45.0000   45.0000 2623.7144   13.2983
    7.5000  -45.0000   45.0000 2585.4739   13.6641
   -7.5000  -37.5000   45.0000 2717.8525   12.6126
    0.0000  -37.5000   45.0000 2728.0869   12.5586
    7.5000  -37.5000   45.0000 2680.8008   12.8747
   -7.5000  -30.0000   45.0000 2791.6343   12.1096
    0.0000  -30.0000   45.0000 2805.1426   12.0822
    7.5000  -30.0000   45.0000 2749.2935   12.3837
   -7.5000  -22.5000   45.0000 2828.4473   11.8693
    0.0000  -22.5000   45.0000 2840.3599   11.8058
    7.5000  -22.5000   45.0000 2786.5090   12.1586
   -7.5000  -15.0000   45.0000 2831.2556   11.9404
    0.0000  -15.0000   45.0000 2839.8540   11.8503
    7.5000  -15.0000   45.0000 2789.1072   12.1599
   -7.5000   -7.5000   45.0000 2793.2134   12.3068
    0.0000   -7.5000   45.0000 2800.8674   12.2145
    7.5000   -7.5000   45.0000 2751.6377   12.4526
   -7.5000    0.0000   45.0000 2722.6602   12.8574
    0.0000    0.0000   45.0000 2727.6819   12.7913
    7.5000    0.0000   45.0000 2686.5652   13.0239
   -7.5000    7.5000   45.0000 2627.9722   13.7073
    0.0000    7.5000   45.0000 2629.1790   13.6363
    7.5000    7.5000   45.0000 2591.2251   13.8789
   -7.5000   15.0000   45.0000 2511.5671   14.8250
    0.0000   15.0000   45.0000 2511.9993   14.7759
    7.5000   15.0000   45.0000 2478.5144   15.0045
   -7.5000   22.5000   45.0000 2378.0593   16.2613
    0.0000   22.5000   45.0000 2382.0571   16.2170
    7.5000   22.5000   45.0000 2350.2739   16.4348
   -7.5000   30.0000   45.0000 2224.0564   18.0581
    0.0000   30.0000   45.0000 2232.2153   17.9862
    7.5000   30.0000   45.0000 2201.7666   18.2120
   -7.5000   37.5000   45.0000 2063.4688   20.2915
    0.0000   37.5000   45.0000 2068.4307   20.1938
    7.5000   37.5000   45.0000 2050.7437   20.4583
   -7.5000   45.0000   45.0000 1914.7141   23.2689
    0.0000   45.0000   45.0000 1910.8234   23.2006
    7.5000   45.0000   45.0000 1893.4926   23.5717

---------------------------------------------------------------------
imgreg_4dfp /opt/freesurfer/average/711-2C_as_mni_average_305 /opt/freesurfer/average/711-2B_as_mni_average_305_mask talsrcimg_g11 none talsrcimg_to_711-2C_as_mni_average_305_t4 1283
---------------------------------------------------------------------

freesurfer imgreg_4dfp.c
/opt/freesurfer/average/711-2C_as_mni_average_305.4dfp.img
       256       256       256         1
  1.000000  1.000000  1.000000
orientation T byte_order littleendian
Reading image: /opt/freesurfer/average/711-2C_as_mni_average_305.4dfp.img
dimensions:      256       256       256
mmppix:       1.0000   -1.0000   -1.0000
center:     128.0000 -129.0000 -129.0000
/opt/freesurfer/average/711-2B_as_mni_average_305_mask.4dfp.img
       256       256       256         1
  1.000000  1.000000  1.000000
orientation T byte_order littleendian
Reading mask: /opt/freesurfer/average/711-2B_as_mni_average_305_mask.4dfp.img (2306576 pixels)
talsrcimg_g11.4dfp.img
       256       256       256         1
  1.000000  1.000000  1.000000
orientation T byte_order littleendian
Reading image: talsrcimg_g11.4dfp.img
dimensions:      256       256       256
mmppix:       1.0000   -1.0000   -1.0000
center:     128.0000 -129.0000 -129.0000
rotation matrix determinant  1.000000
fimgreg.f
image alignment mode   1283 decimal      503 hex
parameters
    0.0000  -22.5000   22.5000    0.0000    0.0000    0.0000
eta,q 0.94646 10.93971
niter,ni,del,rscale     5    3   12.0000    1.2000
parameter  4  1.065903 ->  0.500000 qaram    1.1500
parameters
   -2.1110  -21.0524   20.2611   -3.4500    1.1345   -1.2830
eta,q 0.95508 10.82561
  0.0579  0.0627  0.0523  0.0456  0.0558  0.0486
  0.0533  0.0554  0.0499  0.0452  0.0519  0.0466
  0.0512  0.0523  0.0492  0.0467  0.0480  0.0452
  0.0529  0.0511  0.0506  0.0492  0.0454  0.0449
  0.0589  0.0502  0.0531  0.0527  0.0451  0.0467
  0.0675  0.0509  0.0560  0.0564  0.0475  0.0502
  0.0774  0.0545  0.0599  0.0603  0.0507  0.0537
niter,ni,del,rscale     5    3   12.0000    1.2000
parameter  4  0.511799 ->  0.500000 qaram    1.3225
parameters
   -2.6886  -20.5883   19.9780   -7.4175    3.2831   -2.3197
eta,q 0.95810 10.94653
  0.0597  0.0554  0.0516  0.0441  0.0551  0.0465
  0.0518  0.0490  0.0483  0.0441  0.0506  0.0439
  0.0463  0.0457  0.0458  0.0441  0.0471  0.0421
  0.0449  0.0448  0.0448  0.0449  0.0440  0.0421
  0.0484  0.0451  0.0457  0.0465  0.0422  0.0437
  0.0566  0.0475  0.0489  0.0501  0.0428  0.0470
  0.0666  0.0522  0.0535  0.0558  0.0465  0.0509
niter,ni,del,rscale     5    3   12.0000    1.2000
parameters
   -3.3351  -19.2265   18.1024  -10.2169    4.0202   -2.2355
eta,q 0.96192 10.94517
  0.0572  0.0565  0.0437  0.0434  0.0492  0.0449
  0.0490  0.0482  0.0416  0.0403  0.0458  0.0417
  0.0432  0.0438  0.0409  0.0385  0.0417  0.0392
  0.0419  0.0417  0.0410  0.0408  0.0385  0.0381
  0.0467  0.0409  0.0434  0.0443  0.0385  0.0384
  0.0548  0.0426  0.0473  0.0468  0.0417  0.0409
  0.0644  0.0467  0.0518  0.0498  0.0463  0.0451
niter,ni,del,rscale     4    3   12.0000    1.2000
parameters
   -3.6594  -17.9871   17.5285  -11.6047    4.3771   -2.0680
eta,q 0.96247 10.98416
  0.0561  0.0535  0.0458  0.0436  0.0476  0.0442
  0.0471  0.0463  0.0413  0.0409  0.0436  0.0409
  0.0404  0.0414  0.0381  0.0387  0.0397  0.0386
  0.0381  0.0380  0.0373  0.0371  0.0376  0.0376
  0.0419  0.0375  0.0398  0.0407  0.0384  0.0379
  0.0502  0.0399  0.0441  0.0452  0.0416  0.0400
  0.0601  0.0449  0.0491  0.0489  0.0460  0.0439
niter,ni,del,rscale     3    3   12.0000    1.2000
parameters
   -3.7186  -17.3951   17.2432  -12.3096    4.3350   -1.8966
eta,q 0.96230 11.00427
  0.0564  0.0510  0.0463  0.0448  0.0468  0.0441
  0.0474  0.0449  0.0419  0.0414  0.0427  0.0411
  0.0406  0.0400  0.0385  0.0392  0.0391  0.0389
  0.0375  0.0376  0.0373  0.0373  0.0377  0.0377
  0.0402  0.0377  0.0390  0.0386  0.0391  0.0380
  0.0477  0.0409  0.0431  0.0439  0.0426  0.0402
  0.0575  0.0474  0.0483  0.0481  0.0473  0.0438
niter,ni,del,rscale     2    3   12.0000    1.2000
parameters
   -3.6536  -17.1499   17.1194  -12.6572    4.2134   -1.8350
eta,q 0.96228 11.01350
  0.0575  0.0504  0.0464  0.0453  0.0467  0.0438
  0.0483  0.0445  0.0421  0.0418  0.0426  0.0410
  0.0412  0.0397  0.0387  0.0394  0.0389  0.0389
  0.0377  0.0377  0.0376  0.0376  0.0377  0.0377
  0.0399  0.0381  0.0388  0.0380  0.0393  0.0381
  0.0475  0.0422  0.0422  0.0429  0.0429  0.0404
  0.0572  0.0493  0.0475  0.0475  0.0476  0.0441
niter,ni,del,rscale     1    3   12.0000    1.2000
parameters
   -3.5882  -17.0437   17.0601  -12.8180    4.1249   -1.8156
eta,q 0.96230 11.01718
  0.0578  0.0501  0.0464  0.0456  0.0469  0.0438
  0.0486  0.0444  0.0421  0.0421  0.0427  0.0410
  0.0413  0.0397  0.0387  0.0395  0.0390  0.0388
  0.0377  0.0377  0.0376  0.0376  0.0377  0.0377
  0.0400  0.0383  0.0388  0.0378  0.0393  0.0381
  0.0477  0.0429  0.0418  0.0423  0.0428  0.0405
  0.0575  0.0502  0.0471  0.0471  0.0476  0.0442
registration optimization eta report
parameter search radius
    6.0000    6.0000    6.0000    7.9350    6.0000    6.0000
100000*second partial in parameter space
       54.       35.       25.       14.       26.       17.
  0.0578  0.0501  0.0464  0.0456  0.0469  0.0438
  0.0486  0.0444  0.0421  0.0421  0.0427  0.0410
  0.0413  0.0397  0.0387  0.0395  0.0390  0.0388
  0.0377  0.0377  0.0376  0.0376  0.0377  0.0377
  0.0400  0.0383  0.0388  0.0378  0.0393  0.0381
  0.0477  0.0429  0.0418  0.0423  0.0428  0.0405
  0.0575  0.0502  0.0471  0.0471  0.0476  0.0442
   -3.5882  -17.0437   17.0601  -12.8180    4.1249   -1.8156
eta,q 0.96230 11.01718

---------------------------------------------------------------------
imgreg_4dfp /opt/freesurfer/average/711-2C_as_mni_average_305 /opt/freesurfer/average/711-2B_as_mni_average_305_mask talsrcimg_g11 none talsrcimg_to_711-2C_as_mni_average_305_t4 3335
---------------------------------------------------------------------

freesurfer imgreg_4dfp.c
/opt/freesurfer/average/711-2C_as_mni_average_305.4dfp.img
       256       256       256         1
  1.000000  1.000000  1.000000
orientation T byte_order littleendian
Reading image: /opt/freesurfer/average/711-2C_as_mni_average_305.4dfp.img
dimensions:      256       256       256
mmppix:       1.0000   -1.0000   -1.0000
center:     128.0000 -129.0000 -129.0000
/opt/freesurfer/average/711-2B_as_mni_average_305_mask.4dfp.img
       256       256       256         1
  1.000000  1.000000  1.000000
orientation T byte_order littleendian
Reading mask: /opt/freesurfer/average/711-2B_as_mni_average_305_mask.4dfp.img (2306576 pixels)
talsrcimg_g11.4dfp.img
       256       256       256         1
  1.000000  1.000000  1.000000
orientation T byte_order littleendian
Reading image: talsrcimg_g11.4dfp.img
dimensions:      256       256       256
mmppix:       1.0000   -1.0000   -1.0000
center:     128.0000 -129.0000 -129.0000
fimgreg.f
image alignment mode   3335 decimal      D07 hex
parameters
   -3.5882  -17.0437   17.0601   -0.3091   -2.5915   -2.7446
    4.6844   -6.3075   -3.1601   22.3965    7.1932  -22.1280
eta,q 0.96144 11.00238
niter,ni,del,rscale     5    3    5.0000    1.2000
parameter  4  1.196371 ->  0.500000 qaram    1.1500
parameter  5  2.226255 ->  0.500000 qaram    1.1500
parameter  6  0.603777 ->  0.500000 qaram    1.1500
parameter 12 -0.829210 -> -0.500000 qaram    1.1500
parameters
   -3.6362  -17.0642   17.2930   -4.4491   -6.7315   -6.8846
    5.3346   -4.8009   -2.6819   22.3407    5.4543  -17.9880
eta,q 0.96969 10.29045
  0.0417  0.0406  0.0403  0.0349  0.0304  0.0320  0.0344  0.0369  0.0333  0.0340  0.0316  0.0343
  0.0400  0.0394  0.0394  0.0357  0.0318  0.0314  0.0329  0.0344  0.0321  0.0324  0.0312  0.0330
  0.0389  0.0387  0.0388  0.0368  0.0336  0.0314  0.0318  0.0324  0.0314  0.0315  0.0311  0.0319
  0.0386  0.0386  0.0386  0.0385  0.0360  0.0322  0.0314  0.0313  0.0311  0.0311  0.0311  0.0311
  0.0389  0.0388  0.0386  0.0409  0.0386  0.0335  0.0316  0.0312  0.0312  0.0315  0.0313  0.0305
  0.0401  0.0395  0.0390  0.0439  0.0414  0.0346  0.0323  0.0320  0.0318  0.0324  0.0318  0.0303
  0.0420  0.0406  0.0397  0.0474  0.0447  0.0364  0.0334  0.0337  0.0327  0.0341  0.0325  0.0303
niter,ni,del,rscale     7    3    5.0000    1.2000
parameter  4  0.829554 ->  0.500000 qaram    1.3225
parameter  5  1.003846 ->  0.500000 qaram    1.3225
parameters
   -3.5579  -16.9540   16.5947   -9.2101  -11.4925   -7.5614
    5.9456   -4.6676   -2.0273   23.0830    3.9715  -16.6819
eta,q 0.97387  9.69815
  0.0338  0.0329  0.0309  0.0284  0.0261  0.0291  0.0294  0.0309  0.0286  0.0297  0.0267  0.0281
  0.0320  0.0315  0.0304  0.0285  0.0261  0.0276  0.0278  0.0285  0.0274  0.0280  0.0263  0.0270
  0.0308  0.0306  0.0302  0.0292  0.0270  0.0267  0.0268  0.0269  0.0266  0.0269  0.0261  0.0264
  0.0303  0.0303  0.0303  0.0302  0.0286  0.0263  0.0263  0.0263  0.0263  0.0263  0.0262  0.0261
  0.0306  0.0305  0.0308  0.0316  0.0308  0.0269  0.0265  0.0268  0.0264  0.0263  0.0264  0.0262
  0.0317  0.0312  0.0315  0.0338  0.0335  0.0285  0.0273  0.0283  0.0270  0.0271  0.0268  0.0265
  0.0334  0.0324  0.0325  0.0368  0.0365  0.0300  0.0285  0.0306  0.0279  0.0286  0.0274  0.0271
niter,ni,del,rscale     7    3    5.0000    1.2000
parameters
   -3.6492  -16.8867   16.5849  -10.8144  -14.2999   -7.6402
    6.0671   -4.6920   -1.5886   23.7340    3.4369  -16.6120
eta,q 0.97457  9.46354
  0.0293  0.0289  0.0275  0.0286  0.0277  0.0287  0.0283  0.0299  0.0278  0.0286  0.0262  0.0267
  0.0275  0.0274  0.0267  0.0269  0.0262  0.0271  0.0268  0.0276  0.0266  0.0271  0.0257  0.0259
  0.0264  0.0265  0.0263  0.0259  0.0255  0.0260  0.0258  0.0260  0.0258  0.0260  0.0255  0.0255
  0.0261  0.0261  0.0261  0.0261  0.0259  0.0255  0.0255  0.0255  0.0255  0.0255  0.0254  0.0254
  0.0266  0.0264  0.0263  0.0272  0.0273  0.0258  0.0258  0.0261  0.0257  0.0256  0.0256  0.0256
  0.0279  0.0272  0.0267  0.0286  0.0295  0.0273  0.0267  0.0276  0.0263  0.0263  0.0259  0.0260
  0.0298  0.0286  0.0275  0.0308  0.0325  0.0288  0.0280  0.0299  0.0273  0.0278  0.0264  0.0266
niter,ni,del,rscale     6    3    5.0000    1.2000
parameters
   -3.6447  -16.6761   16.5633  -10.8760  -14.6824   -7.6419
    5.9968   -4.6582   -1.4472   24.0561    3.3226  -16.7391
eta,q 0.97459  9.44682
  0.0289  0.0285  0.0267  0.0294  0.0291  0.0287  0.0281  0.0298  0.0276  0.0283  0.0262  0.0266
  0.0270  0.0269  0.0260  0.0273  0.0273  0.0270  0.0266  0.0276  0.0264  0.0269  0.0258  0.0259
  0.0258  0.0259  0.0256  0.0259  0.0260  0.0259  0.0257  0.0260  0.0257  0.0259  0.0255  0.0255
  0.0254  0.0254  0.0254  0.0254  0.0254  0.0254  0.0254  0.0254  0.0254  0.0254  0.0254  0.0254
  0.0258  0.0256  0.0256  0.0262  0.0260  0.0257  0.0258  0.0260  0.0257  0.0256  0.0255  0.0256
  0.0270  0.0263  0.0260  0.0275  0.0276  0.0272  0.0267  0.0275  0.0263  0.0264  0.0258  0.0260
  0.0288  0.0275  0.0268  0.0293  0.0300  0.0286  0.0281  0.0298  0.0274  0.0280  0.0263  0.0266
niter,ni,del,rscale     5    3    5.0000    1.2000
parameters
   -3.6314  -16.6006   16.5417  -10.9009  -14.8045   -7.6387
    5.9783   -4.6343   -1.4182   24.1805    3.3163  -16.8099
eta,q 0.97459  9.44186
  0.0289  0.0281  0.0267  0.0294  0.0293  0.0286  0.0281  0.0298  0.0275  0.0282  0.0263  0.0267
  0.0270  0.0266  0.0260  0.0273  0.0274  0.0270  0.0266  0.0275  0.0264  0.0268  0.0258  0.0259
  0.0258  0.0257  0.0255  0.0259  0.0261  0.0259  0.0257  0.0260  0.0256  0.0258  0.0255  0.0255
  0.0254  0.0254  0.0254  0.0254  0.0254  0.0254  0.0254  0.0254  0.0254  0.0254  0.0254  0.0254
  0.0258  0.0257  0.0256  0.0261  0.0259  0.0257  0.0258  0.0260  0.0257  0.0256  0.0255  0.0256
  0.0269  0.0265  0.0260  0.0275  0.0274  0.0271  0.0267  0.0275  0.0264  0.0265  0.0258  0.0260
  0.0288  0.0277  0.0267  0.0292  0.0297  0.0286  0.0281  0.0298  0.0274  0.0281  0.0262  0.0266
niter,ni,del,rscale     4    3    5.0000    1.2000
parameters
   -3.6244  -16.5736   16.5305  -10.9112  -14.8517   -7.6366
    5.9764   -4.6274   -1.4121   24.2336    3.3183  -16.8319
eta,q 0.97458  9.43994
  0.0288  0.0280  0.0267  0.0294  0.0293  0.0286  0.0281  0.0298  0.0275  0.0281  0.0263  0.0267
  0.0270  0.0266  0.0260  0.0273  0.0275  0.0270  0.0266  0.0275  0.0263  0.0267  0.0258  0.0259
  0.0258  0.0257  0.0255  0.0259  0.0261  0.0259  0.0257  0.0260  0.0256  0.0258  0.0255  0.0255
  0.0254  0.0254  0.0254  0.0254  0.0254  0.0254  0.0254  0.0254  0.0254  0.0254  0.0254  0.0254
  0.0258  0.0257  0.0256  0.0261  0.0258  0.0257  0.0258  0.0260  0.0257  0.0257  0.0255  0.0256
  0.0270  0.0266  0.0260  0.0275  0.0273  0.0271  0.0267  0.0275  0.0264  0.0266  0.0258  0.0260
  0.0288  0.0278  0.0267  0.0292  0.0296  0.0286  0.0281  0.0298  0.0274  0.0281  0.0262  0.0266
niter,ni,del,rscale     3    3    5.0000    1.2000
parameters
   -3.6216  -16.5615   16.5296  -10.9168  -14.8719   -7.6314
    5.9751   -4.6223   -1.4125   24.2549    3.3235  -16.8538
eta,q 0.97458  9.43939
  0.0288  0.0280  0.0267  0.0294  0.0294  0.0286  0.0281  0.0298  0.0275  0.0281  0.0263  0.0267
  0.0270  0.0265  0.0260  0.0273  0.0275  0.0270  0.0266  0.0275  0.0263  0.0267  0.0258  0.0259
  0.0258  0.0257  0.0256  0.0259  0.0261  0.0259  0.0257  0.0260  0.0256  0.0258  0.0255  0.0255
  0.0254  0.0254  0.0254  0.0254  0.0254  0.0254  0.0254  0.0254  0.0254  0.0254  0.0254  0.0254
  0.0258  0.0257  0.0256  0.0261  0.0258  0.0257  0.0258  0.0260  0.0257  0.0257  0.0255  0.0256
  0.0270  0.0266  0.0260  0.0275  0.0273  0.0271  0.0267  0.0275  0.0264  0.0266  0.0258  0.0260
  0.0288  0.0278  0.0267  0.0292  0.0296  0.0286  0.0281  0.0298  0.0274  0.0282  0.0262  0.0266
registration optimization eta report
parameter search radius
    2.4000    2.4000    2.4000    9.5220    9.5220    8.2800
    7.2000    7.2000    7.2000    7.2000    7.2000    8.2800
100000*second partial in parameter space
       59.       43.       23.        4.        4.        5.
        5.        8.        4.        5.        2.        2.
  0.0288  0.0280  0.0267  0.0294  0.0294  0.0286  0.0281  0.0298  0.0275  0.0281  0.0263  0.0267
  0.0270  0.0265  0.0260  0.0273  0.0275  0.0270  0.0266  0.0275  0.0263  0.0267  0.0258  0.0259
  0.0258  0.0257  0.0256  0.0259  0.0261  0.0259  0.0257  0.0260  0.0256  0.0258  0.0255  0.0255
  0.0254  0.0254  0.0254  0.0254  0.0254  0.0254  0.0254  0.0254  0.0254  0.0254  0.0254  0.0254
  0.0258  0.0257  0.0256  0.0261  0.0258  0.0257  0.0258  0.0260  0.0257  0.0257  0.0255  0.0256
  0.0270  0.0266  0.0260  0.0275  0.0273  0.0271  0.0267  0.0275  0.0264  0.0266  0.0258  0.0260
  0.0288  0.0278  0.0267  0.0292  0.0296  0.0286  0.0281  0.0298  0.0274  0.0282  0.0262  0.0266
   -3.6216  -16.5615   16.5296  -10.9168  -14.8719   -7.6314
    5.9751   -4.6223   -1.4125   24.2549    3.3235  -16.8538
eta,q 0.97458  9.43939

---------------------------------------------------------------------
imgreg_4dfp /opt/freesurfer/average/711-2C_as_mni_average_305 /opt/freesurfer/average/711-2B_as_mni_average_305_mask talsrcimg_g11 none talsrcimg_to_711-2C_as_mni_average_305_t4 2311
---------------------------------------------------------------------

freesurfer imgreg_4dfp.c
/opt/freesurfer/average/711-2C_as_mni_average_305.4dfp.img
       256       256       256         1
  1.000000  1.000000  1.000000
orientation T byte_order littleendian
Reading image: /opt/freesurfer/average/711-2C_as_mni_average_305.4dfp.img
dimensions:      256       256       256
mmppix:       1.0000   -1.0000   -1.0000
center:     128.0000 -129.0000 -129.0000
/opt/freesurfer/average/711-2B_as_mni_average_305_mask.4dfp.img
       256       256       256         1
  1.000000  1.000000  1.000000
orientation T byte_order littleendian
Reading mask: /opt/freesurfer/average/711-2B_as_mni_average_305_mask.4dfp.img (2306576 pixels)
talsrcimg_g11.4dfp.img
       256       256       256         1
  1.000000  1.000000  1.000000
orientation T byte_order littleendian
Reading image: talsrcimg_g11.4dfp.img
dimensions:      256       256       256
mmppix:       1.0000   -1.0000   -1.0000
center:     128.0000 -129.0000 -129.0000
fimgreg.f
image alignment mode   2311 decimal      907 hex
parameters
   -3.6216  -16.5615   16.5296  -10.9168  -14.8719   -7.6314
    5.9751   -4.6223   -1.4125   24.2549    3.3235  -16.8538
eta,q 0.97458  9.43939
niter,ni,del,rscale     5    3    5.0000    0.8000
parameters
   -3.6253  -16.5965   16.5134  -11.2254  -14.5145   -7.5201
    5.9323   -4.6116   -1.5054   24.3177    3.3605  -17.2611
eta,q 0.97462  9.44773
  0.0270  0.0265  0.0260  0.0265  0.0267  0.0267  0.0266  0.0275  0.0263  0.0266  0.0258  0.0257
  0.0261  0.0259  0.0257  0.0259  0.0261  0.0261  0.0259  0.0264  0.0258  0.0260  0.0255  0.0255
  0.0256  0.0255  0.0255  0.0255  0.0256  0.0256  0.0255  0.0256  0.0255  0.0255  0.0254  0.0254
  0.0254  0.0254  0.0254  0.0254  0.0254  0.0254  0.0254  0.0254  0.0254  0.0254  0.0254  0.0254
  0.0256  0.0256  0.0255  0.0257  0.0255  0.0254  0.0255  0.0256  0.0255  0.0255  0.0254  0.0254
  0.0261  0.0260  0.0257  0.0261  0.0258  0.0259  0.0260  0.0263  0.0258  0.0259  0.0256  0.0256
  0.0270  0.0266  0.0260  0.0268  0.0264  0.0267  0.0267  0.0275  0.0264  0.0266  0.0257  0.0258
niter,ni,del,rscale     4    3    5.0000    0.7000
parameters
   -3.6176  -16.6007   16.4951  -11.2849  -14.4835   -7.4164
    5.9495   -4.6072   -1.5303   24.3845    3.4222  -17.3614
eta,q 0.97463  9.45130
  0.0266  0.0263  0.0258  0.0264  0.0263  0.0264  0.0264  0.0270  0.0261  0.0264  0.0257  0.0256
  0.0259  0.0258  0.0256  0.0258  0.0258  0.0259  0.0258  0.0261  0.0257  0.0258  0.0255  0.0255
  0.0255  0.0255  0.0254  0.0255  0.0255  0.0256  0.0255  0.0256  0.0254  0.0255  0.0254  0.0254
  0.0254  0.0254  0.0254  0.0254  0.0254  0.0254  0.0254  0.0254  0.0254  0.0254  0.0254  0.0254
  0.0255  0.0255  0.0254  0.0255  0.0255  0.0254  0.0255  0.0256  0.0255  0.0255  0.0254  0.0254
  0.0259  0.0258  0.0256  0.0259  0.0258  0.0258  0.0258  0.0261  0.0257  0.0258  0.0255  0.0255
  0.0266  0.0263  0.0258  0.0264  0.0263  0.0264  0.0263  0.0270  0.0261  0.0263  0.0257  0.0257
niter,ni,del,rscale     3    3    5.0000    0.6000
parameters
   -3.6189  -16.6008   16.5077  -11.3093  -14.4569   -7.2903
    5.9679   -4.6170   -1.5625   24.4145    3.4490  -17.4014
eta,q 0.97463  9.45685
  0.0263  0.0260  0.0257  0.0261  0.0261  0.0262  0.0261  0.0266  0.0259  0.0261  0.0256  0.0256
  0.0258  0.0257  0.0255  0.0257  0.0257  0.0258  0.0257  0.0259  0.0256  0.0257  0.0255  0.0254
  0.0255  0.0254  0.0254  0.0255  0.0255  0.0255  0.0254  0.0255  0.0254  0.0255  0.0254  0.0254
  0.0254  0.0254  0.0254  0.0254  0.0254  0.0254  0.0254  0.0254  0.0254  0.0254  0.0254  0.0254
  0.0255  0.0254  0.0254  0.0255  0.0254  0.0254  0.0254  0.0255  0.0254  0.0254  0.0254  0.0254
  0.0258  0.0257  0.0255  0.0257  0.0257  0.0256  0.0257  0.0259  0.0256  0.0257  0.0255  0.0254
  0.0263  0.0260  0.0257  0.0261  0.0261  0.0261  0.0261  0.0266  0.0259  0.0261  0.0256  0.0256
niter,ni,del,rscale     2    3    5.0000    0.5000
parameters
   -3.6234  -16.6074   16.5459  -11.3288  -14.4345   -7.1433
    5.9824   -4.6162   -1.5737   24.4398    3.4156  -17.4104
eta,q 0.97465  9.46291
  0.0260  0.0258  0.0256  0.0259  0.0259  0.0259  0.0259  0.0262  0.0257  0.0259  0.0255  0.0255
  0.0256  0.0256  0.0255  0.0256  0.0256  0.0257  0.0256  0.0257  0.0255  0.0256  0.0254  0.0254
  0.0254  0.0254  0.0254  0.0254  0.0254  0.0255  0.0254  0.0255  0.0254  0.0254  0.0254  0.0254
  0.0254  0.0254  0.0254  0.0254  0.0254  0.0254  0.0254  0.0254  0.0254  0.0254  0.0254  0.0254
  0.0254  0.0254  0.0254  0.0254  0.0254  0.0254  0.0254  0.0255  0.0254  0.0254  0.0254  0.0254
  0.0256  0.0256  0.0255  0.0256  0.0256  0.0256  0.0256  0.0257  0.0255  0.0256  0.0254  0.0254
  0.0260  0.0258  0.0256  0.0259  0.0259  0.0259  0.0259  0.0262  0.0257  0.0259  0.0255  0.0255
niter,ni,del,rscale     1    3    5.0000    0.4000
parameters
   -3.6235  -16.6044   16.6034  -11.3438  -14.4127   -6.9768
    5.9875   -4.6169   -1.5731   24.4633    3.3510  -17.4880
eta,q 0.97465  9.47087
  0.0258  0.0257  0.0255  0.0257  0.0257  0.0258  0.0257  0.0259  0.0256  0.0257  0.0255  0.0254
  0.0255  0.0255  0.0254  0.0255  0.0255  0.0256  0.0255  0.0256  0.0255  0.0255  0.0254  0.0254
  0.0254  0.0254  0.0254  0.0254  0.0254  0.0254  0.0254  0.0254  0.0254  0.0254  0.0254  0.0254
  0.0254  0.0254  0.0254  0.0254  0.0254  0.0254  0.0254  0.0254  0.0254  0.0254  0.0253  0.0254
  0.0254  0.0254  0.0254  0.0254  0.0254  0.0254  0.0254  0.0254  0.0254  0.0254  0.0254  0.0254
  0.0255  0.0255  0.0254  0.0255  0.0255  0.0255  0.0255  0.0256  0.0255  0.0255  0.0254  0.0254
  0.0258  0.0256  0.0255  0.0257  0.0257  0.0257  0.0257  0.0259  0.0256  0.0257  0.0255  0.0254
registration optimization eta report
parameter search radius
    0.8000    0.8000    0.8000    2.4000    2.4000    2.4000
    2.4000    2.4000    2.4000    2.4000    2.4000    2.4000
100000*second partial in parameter space
       63.       46.       23.        6.        6.        6.
        6.       10.        4.        6.        2.        1.
  0.0258  0.0257  0.0255  0.0257  0.0257  0.0258  0.0257  0.0259  0.0256  0.0257  0.0255  0.0254
  0.0255  0.0255  0.0254  0.0255  0.0255  0.0256  0.0255  0.0256  0.0255  0.0255  0.0254  0.0254
  0.0254  0.0254  0.0254  0.0254  0.0254  0.0254  0.0254  0.0254  0.0254  0.0254  0.0254  0.0254
  0.0254  0.0254  0.0254  0.0254  0.0254  0.0254  0.0254  0.0254  0.0254  0.0254  0.0253  0.0254
  0.0254  0.0254  0.0254  0.0254  0.0254  0.0254  0.0254  0.0254  0.0254  0.0254  0.0254  0.0254
  0.0255  0.0255  0.0254  0.0255  0.0255  0.0255  0.0255  0.0256  0.0255  0.0255  0.0254  0.0254
  0.0258  0.0256  0.0255  0.0257  0.0257  0.0257  0.0257  0.0259  0.0256  0.0257  0.0255  0.0254
   -3.6235  -16.6044   16.6034  -11.3438  -14.4127   -6.9768
    5.9875   -4.6169   -1.5731   24.4633    3.3510  -17.4880
eta,q 0.97465  9.47087

---------------------------------------------------------------------
imgreg_4dfp /opt/freesurfer/average/711-2C_as_mni_average_305 /opt/freesurfer/average/711-2B_as_mni_average_305_mask talsrcimg_g11 none talsrcimg_to_711-2C_as_mni_average_305_t4 2311
---------------------------------------------------------------------

freesurfer imgreg_4dfp.c
/opt/freesurfer/average/711-2C_as_mni_average_305.4dfp.img
       256       256       256         1
  1.000000  1.000000  1.000000
orientation T byte_order littleendian
Reading image: /opt/freesurfer/average/711-2C_as_mni_average_305.4dfp.img
dimensions:      256       256       256
mmppix:       1.0000   -1.0000   -1.0000
center:     128.0000 -129.0000 -129.0000
/opt/freesurfer/average/711-2B_as_mni_average_305_mask.4dfp.img
       256       256       256         1
  1.000000  1.000000  1.000000
orientation T byte_order littleendian
Reading mask: /opt/freesurfer/average/711-2B_as_mni_average_305_mask.4dfp.img (2306576 pixels)
talsrcimg_g11.4dfp.img
       256       256       256         1
  1.000000  1.000000  1.000000
orientation T byte_order littleendian
Reading image: talsrcimg_g11.4dfp.img
dimensions:      256       256       256
mmppix:       1.0000   -1.0000   -1.0000
center:     128.0000 -129.0000 -129.0000
fimgreg.f
image alignment mode   2311 decimal      907 hex
parameters
   -3.6235  -16.6044   16.6034  -11.3438  -14.4127   -6.9768
    5.9875   -4.6169   -1.5731   24.4633    3.3510  -17.4880
eta,q 0.97465  9.47088
niter,ni,del,rscale     5    3    5.0000    0.8000
parameters
   -3.6287  -16.5767   16.6484  -11.2903  -14.5399   -7.2438
    5.9952   -4.6189   -1.5277   24.4140    3.4716  -17.1681
eta,q 0.97463  9.45483
  0.0269  0.0266  0.0260  0.0266  0.0265  0.0265  0.0266  0.0275  0.0263  0.0266  0.0258  0.0258
  0.0260  0.0259  0.0256  0.0260  0.0259  0.0260  0.0259  0.0263  0.0258  0.0259  0.0256  0.0255
  0.0255  0.0255  0.0254  0.0255  0.0255  0.0255  0.0255  0.0256  0.0255  0.0255  0.0254  0.0254
  0.0254  0.0254  0.0254  0.0254  0.0254  0.0254  0.0254  0.0254  0.0254  0.0254  0.0254  0.0254
  0.0255  0.0255  0.0254  0.0255  0.0255  0.0255  0.0255  0.0256  0.0255  0.0255  0.0254  0.0254
  0.0261  0.0259  0.0256  0.0260  0.0259  0.0261  0.0260  0.0263  0.0258  0.0259  0.0256  0.0255
  0.0269  0.0264  0.0259  0.0266  0.0266  0.0269  0.0266  0.0275  0.0263  0.0267  0.0257  0.0257
niter,ni,del,rscale     4    3    5.0000    0.7000
parameters
   -3.6307  -16.5865   16.5813  -11.3025  -14.4932   -7.3029
    5.9684   -4.6275   -1.5483   24.3993    3.4360  -17.2930
eta,q 0.97463  9.45470
  0.0266  0.0262  0.0258  0.0264  0.0263  0.0263  0.0263  0.0270  0.0261  0.0263  0.0257  0.0256
  0.0259  0.0257  0.0255  0.0258  0.0258  0.0259  0.0258  0.0261  0.0257  0.0258  0.0255  0.0255
  0.0255  0.0255  0.0254  0.0255  0.0255  0.0255  0.0255  0.0256  0.0254  0.0255  0.0254  0.0254
  0.0254  0.0254  0.0254  0.0254  0.0254  0.0254  0.0254  0.0254  0.0254  0.0254  0.0254  0.0254
  0.0255  0.0255  0.0254  0.0255  0.0254  0.0254  0.0255  0.0256  0.0255  0.0255  0.0254  0.0254
  0.0259  0.0258  0.0256  0.0259  0.0258  0.0258  0.0258  0.0261  0.0257  0.0258  0.0255  0.0255
  0.0266  0.0263  0.0259  0.0264  0.0263  0.0265  0.0264  0.0270  0.0261  0.0264  0.0257  0.0257
niter,ni,del,rscale     3    3    5.0000    0.6000
parameters
   -3.6261  -16.5994   16.5509  -11.3133  -14.4652   -7.2399
    5.9730   -4.6218   -1.5564   24.4066    3.4295  -17.3655
eta,q 0.97464  9.45802
  0.0263  0.0260  0.0257  0.0261  0.0261  0.0261  0.0261  0.0266  0.0259  0.0261  0.0256  0.0256
  0.0258  0.0256  0.0255  0.0257  0.0257  0.0258  0.0257  0.0259  0.0256  0.0257  0.0255  0.0254
  0.0255  0.0254  0.0254  0.0255  0.0255  0.0255  0.0254  0.0255  0.0254  0.0255  0.0254  0.0254
  0.0254  0.0254  0.0254  0.0254  0.0254  0.0254  0.0254  0.0254  0.0254  0.0254  0.0254  0.0254
  0.0255  0.0254  0.0254  0.0255  0.0254  0.0254  0.0254  0.0255  0.0254  0.0254  0.0254  0.0254
  0.0258  0.0257  0.0255  0.0257  0.0257  0.0257  0.0257  0.0259  0.0256  0.0257  0.0255  0.0254
  0.0262  0.0260  0.0257  0.0261  0.0261  0.0262  0.0261  0.0266  0.0259  0.0261  0.0256  0.0256
niter,ni,del,rscale     2    3    5.0000    0.5000
parameters
   -3.6252  -16.6052   16.5690  -11.3340  -14.4328   -7.1193
    5.9809   -4.6208   -1.5692   24.4402    3.4199  -17.4134
eta,q 0.97464  9.46391
  0.0260  0.0258  0.0256  0.0259  0.0259  0.0259  0.0259  0.0262  0.0257  0.0259  0.0255  0.0255
  0.0256  0.0256  0.0255  0.0256  0.0256  0.0257  0.0256  0.0257  0.0255  0.0256  0.0254  0.0254
  0.0254  0.0254  0.0254  0.0254  0.0254  0.0255  0.0254  0.0255  0.0254  0.0254  0.0254  0.0254
  0.0254  0.0254  0.0254  0.0254  0.0254  0.0254  0.0254  0.0254  0.0254  0.0254  0.0254  0.0254
  0.0254  0.0254  0.0254  0.0254  0.0254  0.0254  0.0254  0.0255  0.0254  0.0254  0.0254  0.0254
  0.0256  0.0256  0.0255  0.0256  0.0256  0.0256  0.0256  0.0257  0.0255  0.0256  0.0254  0.0254
  0.0260  0.0258  0.0256  0.0259  0.0259  0.0259  0.0259  0.0262  0.0257  0.0259  0.0255  0.0255
niter,ni,del,rscale     1    3    5.0000    0.4000
parameters
   -3.6272  -16.6056   16.6093  -11.3403  -14.4167   -6.9785
    5.9945   -4.6217   -1.5680   24.4595    3.3645  -17.4215
eta,q 0.97465  9.47011
  0.0257  0.0257  0.0255  0.0257  0.0257  0.0257  0.0257  0.0259  0.0256  0.0257  0.0255  0.0254
  0.0255  0.0255  0.0254  0.0255  0.0255  0.0256  0.0255  0.0256  0.0255  0.0255  0.0254  0.0254
  0.0254  0.0254  0.0254  0.0254  0.0254  0.0254  0.0254  0.0254  0.0254  0.0254  0.0254  0.0254
  0.0254  0.0254  0.0254  0.0254  0.0254  0.0254  0.0254  0.0254  0.0254  0.0254  0.0254  0.0253
  0.0254  0.0254  0.0254  0.0254  0.0254  0.0254  0.0254  0.0254  0.0254  0.0254  0.0254  0.0254
  0.0255  0.0255  0.0254  0.0255  0.0255  0.0255  0.0255  0.0256  0.0255  0.0255  0.0254  0.0254
  0.0258  0.0257  0.0255  0.0257  0.0257  0.0257  0.0257  0.0259  0.0256  0.0257  0.0255  0.0254
registration optimization eta report
parameter search radius
    0.8000    0.8000    0.8000    2.4000    2.4000    2.4000
    2.4000    2.4000    2.4000    2.4000    2.4000    2.4000
100000*second partial in parameter space
       62.       47.       23.        6.        5.        6.
        6.       10.        4.        6.        2.        1.
  0.0257  0.0257  0.0255  0.0257  0.0257  0.0257  0.0257  0.0259  0.0256  0.0257  0.0255  0.0254
  0.0255  0.0255  0.0254  0.0255  0.0255  0.0256  0.0255  0.0256  0.0255  0.0255  0.0254  0.0254
  0.0254  0.0254  0.0254  0.0254  0.0254  0.0254  0.0254  0.0254  0.0254  0.0254  0.0254  0.0254
  0.0254  0.0254  0.0254  0.0254  0.0254  0.0254  0.0254  0.0254  0.0254  0.0254  0.0254  0.0253
  0.0254  0.0254  0.0254  0.0254  0.0254  0.0254  0.0254  0.0254  0.0254  0.0254  0.0254  0.0254
  0.0255  0.0255  0.0254  0.0255  0.0255  0.0255  0.0255  0.0256  0.0255  0.0255  0.0254  0.0254
  0.0258  0.0257  0.0255  0.0257  0.0257  0.0257  0.0257  0.0259  0.0256  0.0257  0.0255  0.0254
   -3.6272  -16.6056   16.6093  -11.3403  -14.4167   -6.9785
    5.9945   -4.6217   -1.5680   24.4595    3.3645  -17.4215
eta,q 0.97465  9.47011

---------------------------------------------------------------------
compute_vox2vox talsrcimg talsrcimg_to_711-2C_as_mni_average_305_t4 /opt/freesurfer/average/711-2C_as_mni_average_305
---------------------------------------------------------------------

freesurfer compute_vox2vox.c
Reading: talsrcimg.4dfp.ifh
Reading: talsrcimg_to_711-2C_as_mni_average_305_t4
Reading: /opt/freesurfer/average/711-2C_as_mni_average_305.4dfp.ifh
Writing: talsrcimg_to_711-2C_as_mni_average_305_t4_vox2vox.txt

start time Sun Mar 8 19:35:46 CET 2026
end		time Sun Mar 8 19:36:00 CET 2026

mpr2mni305 success

avi2talxfm orig_nu.mgz /opt/freesurfer/average/mni305.cor.mgz talsrcimg_to_711-2C_as_mni_average_305_t4_vox2vox.txt transforms/talairach.auto.xfm
avi2talxfm done
mv -f /out/sourcedata/freesurfer/sub-v1s14x0051580_ses-1/mri/talsrcimg_to_711-2C_as_mni_average_305_t4_vox2vox.txt /out/sourcedata/freesurfer/sub-v1s14x0051580_ses-1/mri/transforms/talsrcimg_to_711-2C_as_mni_average_305_t4_vox2vox.txt
lta_convert --src orig_nu.mgz --trg /opt/freesurfer/average/mni305.cor.mgz --inxfm transforms/talairach.auto.xfm --outlta transforms/talairach.auto.xfm.lta --subject fsaverage
7.3.2

--src: orig_nu.mgz src image (geometry).
--trg: /opt/freesurfer/average/mni305.cor.mgz trg image (geometry).
--inmni: transforms/talairach.auto.xfm input MNI/XFM transform.
--outlta: transforms/talairach.auto.xfm.lta output LTA.
--s: fsaverage subject name
 LTA read, type : 1
 1.12402   0.07266  -0.06394   3.25526;
-0.03493   1.01814   0.20970  -28.94899;
 0.03058  -0.28965   1.10735   3.88855;
 0.00000   0.00000   0.00000   1.00000;
setting subject to fsaverage
Writing  LTA to file transforms/talairach.auto.xfm.lta...
lta_convert successful.
 
 
Started at Sun Mar 8 19:35:46 CET 2026
Ended   at Sun Mar  8 19:36:00 CET 2026
talairach_avi done
