/out/sourcedata/freesurfer/sub-v1s14x0051581_ses-1/mri
/opt/freesurfer/bin/talairach_avi
--i orig_nu.mgz --xfm transforms/talairach.auto.xfm
talairach_avi 7.3.2
Linux dna066 5.14.0-427.37.1.el9_4.x86_64 #1 SMP PREEMPT_DYNAMIC Fri Sep 13 12:41:50 EDT 2024 x86_64 x86_64 x86_64 GNU/Linux
Sun Mar  8 19:51:09 CET 2026
mri_convert orig_nu.mgz talsrcimg.img 
reading from orig_nu.mgz...
TR=0.00, TE=0.00, TI=0.00, flip angle=0.00
i_ras = (-1, 1.39698e-09, 0)
j_ras = (0, 0, -1)
k_ras = (-9.31323e-10, 1, 0)
writing to talsrcimg.img...
Analyze Output Matrix
-1.00000   0.00000  -0.00000   125.48404;
 0.00000   0.00000   1.00000  -110.14153;
 0.00000  -1.00000   0.00000   115.91676;
 0.00000   0.00000   0.00000   1.00000;
--------------------
INFO: set hdr.hist.orient to -1
mpr2mni305 talsrcimg
Sun Mar  8 19:51:09 CET 2026
/opt/freesurfer/bin/mpr2mni305 talsrcimg
mpr2mni305 7.3.2
target=711-2C_as_mni_average_305

---------------------------------------------------------------------
analyzeto4dfp talsrcimg -O0 -y
---------------------------------------------------------------------

freesurfer ifh2hdr.c
Sun Mar  8 19:51:09 2026
Writing: talsrcimg.4dfp.hdr
freesurfer analyzeto4dfp.c
Reading: talsrcimg.hdr
header size 348 bytes
hdr.dime.datatype	offset=70	value=2
hdr.dime.bitpix		offset=72	value=8
hdr.hist.orient		offset=252	value=-1
dimensionality     4
dimensions       256       256       256         1
Reading: talsrcimg.img
Writing: talsrcimg.4dfp.img
Writing: talsrcimg.4dfp.ifh
ifh2hdr talsrcimg -r0to234
ori=2

---------------------------------------------------------------------
gauss_4dfp talsrcimg 1.1
---------------------------------------------------------------------

freesurfer gauss_4dfp.c
Reading: talsrcimg.4dfp.img
Writing: talsrcimg_g11.4dfp.img
image dimensions 256 256 256 padded to 288 288 288
processing volume 1freesurfer ifh2hdr.c
Sun Mar  8 19:51:11 2026
Writing: talsrcimg_g11.4dfp.hdr

Writing: talsrcimg_g11.4dfp.ifh
including: talsrcimg.4dfp.img.rec in talsrcimg_g11.4dfp.img.rec

---------------------------------------------------------------------
imgreg_4dfp /opt/freesurfer/average/711-2C_as_mni_average_305 none talsrcimg_g11 none talsrcimg_to_711-2C_as_mni_average_305_t4 4355
---------------------------------------------------------------------

freesurfer imgreg_4dfp.c
/opt/freesurfer/average/711-2C_as_mni_average_305.4dfp.img
       256       256       256         1
  1.000000  1.000000  1.000000
orientation T byte_order littleendian
Reading image: /opt/freesurfer/average/711-2C_as_mni_average_305.4dfp.img
dimensions:      256       256       256
mmppix:       1.0000   -1.0000   -1.0000
center:     128.0000 -129.0000 -129.0000
talsrcimg_g11.4dfp.img
       256       256       256         1
  1.000000  1.000000  1.000000
orientation T byte_order littleendian
Reading image: talsrcimg_g11.4dfp.img
dimensions:      256       256       256
mmppix:       1.0000   -1.0000   -1.0000
center:     128.0000 -129.0000 -129.0000
t4_read: open error in t4_sub.f l:  41 t4_file(1:l)talsrcimg_to_711-2C_as_mni_average_305_t4 
t4_read: transform initialized to I4
rotation matrix determinant  1.000000
image alignment mode   4355 decimal     1103 hex
   -7.5000  -45.0000  -45.0000 8472.2129   16.9598
    0.0000  -45.0000  -45.0000 8892.9424   16.9430
    7.5000  -45.0000  -45.0000 8537.8340   16.9064
   -7.5000  -37.5000  -45.0000 8952.3594   17.0150
    0.0000  -37.5000  -45.0000 9397.0742   16.9881
    7.5000  -37.5000  -45.0000 9013.9287   16.9443
   -7.5000  -30.0000  -45.0000 9752.3066   17.0396
    0.0000  -30.0000  -45.000010218.6689   17.0077
    7.5000  -30.0000  -45.0000 9807.7852   16.9632
   -7.5000  -22.5000  -45.000010485.4736   17.0080
    0.0000  -22.5000  -45.000011011.1895   16.9810
    7.5000  -22.5000  -45.000010529.4248   16.9424
   -7.5000  -15.0000  -45.000011024.3125   16.9548
    0.0000  -15.0000  -45.000011610.9395   16.9379
    7.5000  -15.0000  -45.000011076.6475   16.9069
   -7.5000   -7.5000  -45.000011502.6260   16.9313
    0.0000   -7.5000  -45.000012112.6406   16.9195
    7.5000   -7.5000  -45.000011572.4668   16.8898
   -7.5000    0.0000  -45.000011850.2383   16.9597
    0.0000    0.0000  -45.000012490.3115   16.9430
    7.5000    0.0000  -45.000011916.6260   16.9064
   -7.5000    7.5000  -45.000011369.0625   17.0150
    0.0000    7.5000  -45.000011973.0020   16.9881
    7.5000    7.5000  -45.000011400.9082   16.9443
   -7.5000   15.0000  -45.000010698.6826   17.0396
    0.0000   15.0000  -45.000011262.6357   17.0077
    7.5000   15.0000  -45.000010749.3213   16.9632
   -7.5000   22.5000  -45.0000 9911.3984   17.0056
    0.0000   22.5000  -45.000010409.1816   16.9787
    7.5000   22.5000  -45.0000 9948.1953   16.9401
   -7.5000   30.0000  -45.0000 9056.1572   16.7289
    0.0000   30.0000  -45.0000 9504.5811   16.7122
    7.5000   30.0000  -45.0000 9089.4111   16.6816
   -7.5000   37.5000  -45.0000 8527.2373   16.7593
    0.0000   37.5000  -45.0000 8934.2451   16.7476
    7.5000   37.5000  -45.0000 8519.1270   16.7183
   -7.5000   45.0000  -45.0000 7783.7900   16.5065
    0.0000   45.0000  -45.0000 8146.2085   16.4893
    7.5000   45.0000  -45.0000 7748.6538   16.4524
   -7.5000  -45.0000  -37.5000 8956.2959   16.9567
    0.0000  -45.0000  -37.5000 9409.2393   16.9328
    7.5000  -45.0000  -37.5000 9034.6133   16.8911
   -7.5000  -37.5000  -37.5000 9455.3467   17.0069
    0.0000  -37.5000  -37.5000 9954.2207   16.9768
    7.5000  -37.5000  -37.5000 9536.4678   16.9310
   -7.5000  -30.0000  -37.500010299.4795   17.0295
    0.0000  -30.0000  -37.500010827.5098   16.9996
    7.5000  -30.0000  -37.500010380.9482   16.9543
   -7.5000  -22.5000  -37.500011082.9072   17.0006
    0.0000  -22.5000  -37.500011658.8711   16.9774
    7.5000  -22.5000  -37.500011145.3633   16.9361
   -7.5000  -15.0000  -37.500011693.8906   16.9532
    0.0000  -15.0000  -37.500012316.8350   16.9364
    7.5000  -15.0000  -37.500011751.4678   16.8997
   -7.5000   -7.5000  -37.500012196.2119   16.9317
    0.0000   -7.5000  -37.500012843.2168   16.9145
    7.5000   -7.5000  -37.500012281.8086   16.8780
   -7.5000    0.0000  -37.500012535.0029   16.9566
    0.0000    0.0000  -37.500013231.8320   16.9327
    7.5000    0.0000  -37.500012618.4834   16.8910
   -7.5000    7.5000  -37.500012004.2031   17.0069
    0.0000    7.5000  -37.500012661.1416   16.9768
    7.5000    7.5000  -37.500012075.8232   16.9310
   -7.5000   15.0000  -37.500011311.8984   17.0295
    0.0000   15.0000  -37.500011921.5332   16.9996
    7.5000   15.0000  -37.500011390.2246   16.9543
   -7.5000   22.5000  -37.500010496.1973   16.9983
    0.0000   22.5000  -37.500011034.1318   16.9750
    7.5000   22.5000  -37.500010533.3057   16.9338
   -7.5000   30.0000  -37.5000 9599.5039   16.7273
    0.0000   30.0000  -37.500010060.9746   16.7108
    7.5000   30.0000  -37.5000 9608.0146   16.6745
   -7.5000   37.5000  -37.5000 9041.7520   16.7588
    0.0000   37.5000  -37.5000 9467.5977   16.7421
    7.5000   37.5000  -37.5000 9017.5332   16.7059
   -7.5000   45.0000  -37.5000 8235.3682   16.5064
    0.0000   45.0000  -37.5000 8603.6357   16.4819
    7.5000   45.0000  -37.5000 8173.4048   16.4396
   -7.5000  -45.0000  -30.0000 9560.2666   17.6956
    0.0000  -45.0000  -30.000010063.4365   17.6660
    7.5000  -45.0000  -30.0000 9668.9590   17.6183
   -7.5000  -37.5000  -30.000010110.4482   17.7421
    0.0000  -37.5000  -30.000010645.6895   17.7087
    7.5000  -37.5000  -30.000010219.5469   17.6598
   -7.5000  -30.0000  -30.000011026.8047   17.7581
    0.0000  -30.0000  -30.000011571.5244   17.7262
    7.5000  -30.0000  -30.000011108.9766   17.6790
   -7.5000  -22.5000  -30.000011856.5557   17.7263
    0.0000  -22.5000  -30.000012437.0918   17.7009
    7.5000  -22.5000  -30.000011916.9619   17.6553
   -7.5000  -15.0000  -30.000012510.9424   17.6820
    0.0000  -15.0000  -30.000013180.0078   17.6611
    7.5000  -15.0000  -30.000012593.9980   17.6167
   -7.5000   -7.5000  -30.000013052.0840   17.6671
    0.0000   -7.5000  -30.000013744.6182   17.6440
    7.5000   -7.5000  -30.000013161.7686   17.5989
   -7.5000    0.0000  -30.000013441.2002   17.6955
    0.0000    0.0000  -30.000014158.8203   17.6659
    7.5000    0.0000  -30.000013558.5879   17.6182
   -7.5000    7.5000  -30.000012857.1240   17.7421
    0.0000    7.5000  -30.000013546.6123   17.7087
    7.5000    7.5000  -30.000012944.7686   17.6598
   -7.5000   15.0000  -30.000012147.4014   17.7581
    0.0000   15.0000  -30.000012775.3301   17.7262
    7.5000   15.0000  -30.000012201.1680   17.6790
   -7.5000   22.5000  -30.000011248.0107   17.7221
    0.0000   22.5000  -30.000011806.2881   17.6966
    7.5000   22.5000  -30.000011310.4746   17.6511
   -7.5000   30.0000  -30.000010253.0273   17.4481
    0.0000   30.0000  -30.000010746.7432   17.4275
    7.5000   30.0000  -30.000010285.1426   17.3837
   -7.5000   37.5000  -30.0000 9636.8389   17.4852
    0.0000   37.5000  -30.000010105.0342   17.4628
    7.5000   37.5000  -30.0000 9625.4170   17.4183
   -7.5000   45.0000  -30.0000 8754.8564   17.2363
    0.0000   45.0000  -30.0000 9159.7949   17.2067
    7.5000   45.0000  -30.0000 8720.6680   17.1585
   -7.5000  -45.0000  -22.500010232.7881   18.3343
    0.0000  -45.0000  -22.500010758.9541   18.3043
    7.5000  -45.0000  -22.500010338.2402   18.2548
   -7.5000  -37.5000  -22.500010822.7803   18.3835
    0.0000  -37.5000  -22.500011363.5117   18.3473
    7.5000  -37.5000  -22.500010911.0674   18.2964
   -7.5000  -30.0000  -22.500011747.5791   18.3946
    0.0000  -30.0000  -22.500012322.6201   18.3564
    7.5000  -30.0000  -22.500011827.4463   18.3073
   -7.5000  -22.5000  -22.500012582.7812   18.3553
    0.0000  -22.5000  -22.500013214.0244   18.3218
    7.5000  -22.5000  -22.500012668.2803   18.2751
   -7.5000  -15.0000  -22.500013333.8789   18.3069
    0.0000  -15.0000  -22.500014012.3408   18.2802
    7.5000  -15.0000  -22.500013413.3896   18.2347
   -7.5000   -7.5000  -22.500013946.2598   18.2970
    0.0000   -7.5000  -22.500014689.4141   18.2718
    7.5000   -7.5000  -22.500014060.2422   18.2252
   -7.5000    0.0000  -22.500014392.7490   18.3342
    0.0000    0.0000  -22.500015173.7090   18.3042
    7.5000    0.0000  -22.500014492.7256   18.2547
   -7.5000    7.5000  -22.500013756.3799   18.3835
    0.0000    7.5000  -22.500014486.1992   18.3473
    7.5000    7.5000  -22.500013813.0693   18.2964
   -7.5000   15.0000  -22.500012961.3066   18.3946
    0.0000   15.0000  -22.500013615.1650   18.3564
    7.5000   15.0000  -22.500012988.5117   18.3073
   -7.5000   22.5000  -22.500012017.0879   18.3496
    0.0000   22.5000  -22.500012600.4258   18.3162
    7.5000   22.5000  -22.500012063.3682   18.2694
   -7.5000   30.0000  -22.500010967.9014   18.0675
    0.0000   30.0000  -22.500011485.1504   18.0412
    7.5000   30.0000  -22.500010991.0908   17.9962
   -7.5000   37.5000  -22.500010273.3086   18.1092
    0.0000   37.5000  -22.500010736.0283   18.0847
    7.5000   37.5000  -22.500010260.3643   18.0389
   -7.5000   45.0000  -22.5000 9270.5430   17.8658
    0.0000   45.0000  -22.5000 9688.1211   17.8365
    7.5000   45.0000  -22.5000 9241.8662   17.7872
   -7.5000  -45.0000  -15.000010864.2070   18.7760
    0.0000  -45.0000  -15.000011418.1680   18.7514
    7.5000  -45.0000  -15.000010965.4326   18.7057
   -7.5000  -37.5000  -15.000011479.4385   18.8334
    0.0000  -37.5000  -15.000012068.0547   18.7980
    7.5000  -37.5000  -15.000011570.6025   18.7469
   -7.5000  -30.0000  -15.000012452.9229   18.8476
    0.0000  -30.0000  -15.000013108.8457   18.8047
    7.5000  -30.0000  -15.000012551.4053   18.7542
   -7.5000  -22.5000  -15.000013329.7090   18.8034
    0.0000  -22.5000  -15.000014035.1094   18.7640
    7.5000  -22.5000  -15.000013404.9502   18.7183
   -7.5000  -15.0000  -15.000014125.0479   18.7467
    0.0000  -15.0000  -15.000014842.2451   18.7182
    7.5000  -15.0000  -15.000014192.6709   18.6777
   -7.5000   -7.5000  -15.000014794.1836   18.7335
    0.0000   -7.5000  -15.000015590.7822   18.7123
    7.5000   -7.5000  -15.000014902.7871   18.6720
   -7.5000    0.0000  -15.000015333.1924   18.7760
    0.0000    0.0000  -15.000016184.7314   18.7513
    7.5000    0.0000  -15.000015411.3848   18.7056
   -7.5000    7.5000  -15.000014646.7754   18.8334
    0.0000    7.5000  -15.000015423.7871   18.7980
    7.5000    7.5000  -15.000014674.9492   18.7469
   -7.5000   15.0000  -15.000013746.0869   18.8476
    0.0000   15.0000  -15.000014410.2783   18.8047
    7.5000   15.0000  -15.000013746.2031   18.7542
   -7.5000   22.5000  -15.000012731.1982   18.7968
    0.0000   22.5000  -15.000013330.2305   18.7573
    7.5000   22.5000  -15.000012760.9121   18.7117
   -7.5000   30.0000  -15.000011633.7881   18.5042
    0.0000   30.0000  -15.000012170.2822   18.4760
    7.5000   30.0000  -15.000011654.4629   18.4360
   -7.5000   37.5000  -15.000010906.0820   18.5448
    0.0000   37.5000  -15.000011373.3164   18.5241
    7.5000   37.5000  -15.000010885.1953   18.4846
   -7.5000   45.0000  -15.0000 9820.5811   18.3035
    0.0000   45.0000  -15.000010233.4941   18.2800
    7.5000   45.0000  -15.0000 9781.8770   18.2350
   -7.5000  -45.0000   -7.500011485.9844   18.9609
    0.0000  -45.0000   -7.500012084.2012   18.9433
    7.5000  -45.0000   -7.500011596.7383   18.9031
   -7.5000  -37.5000   -7.500012162.1484   19.0246
    0.0000  -37.5000   -7.500012790.7129   18.9939
    7.5000  -37.5000   -7.500012257.4717   18.9450
   -7.5000  -30.0000   -7.500013275.6611   19.0477
    0.0000  -30.0000   -7.500013971.5498   19.0077
    7.5000  -30.0000   -7.500013353.2266   18.9574
   -7.5000  -22.5000   -7.500014208.5186   19.0061
    0.0000  -22.5000   -7.500014959.5498   18.9695
    7.5000  -22.5000   -7.500014279.8740   18.9259
   -7.5000  -15.0000   -7.500014993.4785   18.9438
    0.0000  -15.0000   -7.500015714.4482   18.9201
    7.5000  -15.0000   -7.500015012.4355   18.8852
   -7.5000   -7.5000   -7.500015729.3408   18.9217
    0.0000   -7.5000   -7.500016503.3105   18.9077
    7.5000   -7.5000   -7.500015729.3281   18.8747
   -7.5000    0.0000   -7.500016308.8174   18.9608
    0.0000    0.0000   -7.500017170.9551   18.9433
    7.5000    0.0000   -7.500016305.7266   18.9030
   -7.5000    7.5000   -7.500015552.6123   19.0246
    0.0000    7.5000   -7.500016361.6240   18.9939
    7.5000    7.5000   -7.500015552.8359   18.9450
   -7.5000   15.0000   -7.500014517.0801   19.0477
    0.0000   15.0000   -7.500015251.2119   19.0077
    7.5000   15.0000   -7.500014532.6299   18.9574
   -7.5000   22.5000   -7.500013513.7793   18.9973
    0.0000   22.5000   -7.500014148.6221   18.9608
    7.5000   22.5000   -7.500013504.0166   18.9171
   -7.5000   30.0000   -7.500012400.1201   18.6982
    0.0000   30.0000   -7.500012985.6436   18.6748
    7.5000   30.0000   -7.500012371.6426   18.6403
   -7.5000   37.5000   -7.500011653.8828   18.7339
    0.0000   37.5000   -7.500012179.1221   18.7199
    7.5000   37.5000   -7.500011579.1846   18.6875
   -7.5000   45.0000   -7.500010482.5645   18.4901
    0.0000   45.0000   -7.500010956.6680   18.4730
    7.5000   45.0000   -7.500010403.2725   18.4331
   -7.5000  -45.0000    0.000011935.8271   18.9708
    0.0000  -45.0000    0.000012569.5303   18.9520
    7.5000  -45.0000    0.000012087.3291   18.9113
   -7.5000  -37.5000    0.000012729.5967   19.0337
    0.0000  -37.5000    0.000013414.7227   19.0036
    7.5000  -37.5000    0.000012843.4951   18.9546
   -7.5000  -30.0000    0.000014029.6201   19.0621
    0.0000  -30.0000    0.000014798.7588   19.0264
    7.5000  -30.0000    0.000014079.5850   18.9766
   -7.5000  -22.5000    0.000015131.2197   19.0263
    0.0000  -22.5000    0.000015976.5967   18.9962
    7.5000  -22.5000    0.000015182.9004   18.9530
   -7.5000  -15.0000    0.000015950.2412   18.9657
    0.0000  -15.0000    0.000016732.7969   18.9468
    7.5000  -15.0000    0.000015916.8057   18.9122
   -7.5000   -7.5000    0.000016667.9551   18.9386
    0.0000   -7.5000    0.000017455.4395   18.9255
    7.5000   -7.5000    0.000016601.4492   18.8924
   -7.5000    0.0000    0.000017204.6543   18.9707
    0.0000    0.0000    0.000018116.3594   18.9520
    7.5000    0.0000    0.000017185.2812   18.9112
   -7.5000    7.5000    0.000016322.2256   19.0337
    0.0000    7.5000    0.000017241.0312   19.0036
    7.5000    7.5000    0.000016332.0342   18.9546
   -7.5000   15.0000    0.000015275.0967   19.0621
    0.0000   15.0000    0.000016108.0410   19.0264
    7.5000   15.0000    0.000015247.1553   18.9766
   -7.5000   22.5000    0.000014214.9580   19.0175
    0.0000   22.5000    0.000014948.4629   18.9874
    7.5000   22.5000    0.000014146.1689   18.9443
   -7.5000   30.0000    0.000013091.3252   18.7203
    0.0000   30.0000    0.000013751.3496   18.7017
    7.5000   30.0000    0.000012990.0176   18.6676
   -7.5000   37.5000    0.000012333.7070   18.7535
    0.0000   37.5000    0.000012949.7998   18.7404
    7.5000   37.5000    0.000012235.8809   18.7078
   -7.5000   45.0000    0.000011077.2031   18.5071
    0.0000   45.0000    0.000011602.4473   18.4878
    7.5000   45.0000    0.000010981.2051   18.4467
   -7.5000  -45.0000    7.500011443.8701   18.9750
    0.0000  -45.0000    7.500012116.7012   18.9482
    7.5000  -45.0000    7.500011645.4863   18.9016
   -7.5000  -37.5000    7.500012241.3467   19.0312
    0.0000  -37.5000    7.500012988.9316   18.9975
    7.5000  -37.5000    7.500012404.0547   18.9462
   -7.5000  -30.0000    7.500013592.9961   19.0564
    0.0000  -30.0000    7.500014479.0410   19.0230
    7.5000  -30.0000    7.500013694.6807   18.9723
   -7.5000  -22.5000    7.500014928.6631   19.0242
    0.0000  -22.5000    7.500015989.1406   18.9981
    7.5000  -22.5000    7.500014976.7275   18.9519
   -7.5000  -15.0000    7.500015946.1230   18.9711
    0.0000  -15.0000    7.500017029.9609   18.9523
    7.5000  -15.0000    7.500015968.7461   18.9112
   -7.5000   -7.5000    7.500016474.1270   18.9470
    0.0000   -7.5000    7.500017490.8906   18.9278
    7.5000   -7.5000    7.500016488.4492   18.8869
   -7.5000    0.0000    7.500016821.7246   18.9749
    0.0000    0.0000    7.500017827.4492   18.9481
    7.5000    0.0000    7.500016799.4160   18.9015
   -7.5000    7.5000    7.500015910.2393   19.0312
    0.0000    7.5000    7.500016859.2832   18.9975
    7.5000    7.5000    7.500015876.4541   18.9462
   -7.5000   15.0000    7.500014916.1182   19.0564
    0.0000   15.0000    7.500015768.0234   19.0230
    7.5000   15.0000    7.500014837.2637   18.9723
   -7.5000   22.5000    7.500013848.8887   19.0154
    0.0000   22.5000    7.500014604.7959   18.9894
    7.5000   22.5000    7.500013757.0947   18.9432
   -7.5000   30.0000    7.500012714.8809   18.7256
    0.0000   30.0000    7.500013386.2070   18.7071
    7.5000   30.0000    7.500012627.4375   18.6665
   -7.5000   37.5000    7.500011979.5312   18.7609
    0.0000   37.5000    7.500012613.9297   18.7421
    7.5000   37.5000    7.500011928.6377   18.7016
   -7.5000   45.0000    7.500010743.3975   18.5146
    0.0000   45.0000    7.500011282.3984   18.4871
    7.5000   45.0000    7.500010679.0166   18.4397
   -7.5000  -45.0000   15.000010885.2529   19.0021
    0.0000  -45.0000   15.000011618.8330   18.9704
    7.5000  -45.0000   15.000011104.3281   18.9191
   -7.5000  -37.5000   15.000011611.7295   19.0521
    0.0000  -37.5000   15.000012399.3984   19.0162
    7.5000  -37.5000   15.000011814.4688   18.9637
   -7.5000  -30.0000   15.000012903.3496   19.0693
    0.0000  -30.0000   15.000013835.4326   19.0350
    7.5000  -30.0000   15.000013041.4785   18.9843
   -7.5000  -22.5000   15.000014260.8076   19.0352
    0.0000  -22.5000   15.000015487.0186   19.0078
    7.5000  -22.5000   15.000014377.5605   18.9589
   -7.5000  -15.0000   15.000015274.5225   18.9876
    0.0000  -15.0000   15.000016678.3750   18.9652
    7.5000  -15.0000   15.000015457.9082   18.9175
   -7.5000   -7.5000   15.000015749.7275   18.9716
    0.0000   -7.5000   15.000016968.0723   18.9467
    7.5000   -7.5000   15.000015901.6895   18.8984
   -7.5000    0.0000   15.000016103.9609   19.0021
    0.0000    0.0000   15.000017173.0781   18.9703
    7.5000    0.0000   15.000016173.8818   18.9190
   -7.5000    7.5000   15.000015244.1387   19.0521
    0.0000    7.5000   15.000016195.2090   19.0162
    7.5000    7.5000   15.000015267.9551   18.9637
   -7.5000   15.0000   15.000014296.6826   19.0693
    0.0000   15.0000   15.000015088.8311   19.0350
    7.5000   15.0000   15.000014238.5010   18.9843
   -7.5000   22.5000   15.000013263.9121   19.0264
    0.0000   22.5000   15.000013939.1953   18.9990
    7.5000   22.5000   15.000013192.2998   18.9502
   -7.5000   30.0000   15.000012166.7109   18.7419
    0.0000   30.0000   15.000012768.5469   18.7198
    7.5000   30.0000   15.000012099.8252   18.6727
   -7.5000   37.5000   15.000011471.4326   18.7818
    0.0000   37.5000   15.000012024.0430   18.7577
    7.5000   37.5000   15.000011410.5068   18.7098
   -7.5000   45.0000   15.000010283.8184   18.5390
    0.0000   45.0000   15.000010784.1025   18.5071
    7.5000   45.0000   15.000010214.2480   18.4553
   -7.5000  -45.0000   22.500010291.6367   19.0325
    0.0000  -45.0000   22.500010971.3223   19.0013
    7.5000  -45.0000   22.500010499.9912   18.9499
   -7.5000  -37.5000   22.500010913.9580   19.0835
    0.0000  -37.5000   22.500011587.1543   19.0460
    7.5000  -37.5000   22.500011087.8027   18.9931
   -7.5000  -30.0000   22.500012066.9072   19.0951
    0.0000  -30.0000   22.500012843.8066   19.0554
    7.5000  -30.0000   22.500012194.6152   19.0044
   -7.5000  -22.5000   22.500013304.0908   19.0543
    0.0000  -22.5000   22.500014309.8096   19.0195
    7.5000  -22.5000   22.500013419.9883   18.9710
   -7.5000  -15.0000   22.500014170.2920   19.0040
    0.0000  -15.0000   22.500015261.4775   18.9763
    7.5000  -15.0000   22.500014397.4756   18.9291
   -7.5000   -7.5000   22.500014639.2744   18.9937
    0.0000   -7.5000   22.500015550.1689   18.9676
    7.5000   -7.5000   22.500014818.0322   18.9193
   -7.5000    0.0000   22.500015082.3398   19.0324
    0.0000    0.0000   22.500015938.0439   19.0012
    7.5000    0.0000   22.500015163.6025   18.9498
   -7.5000    7.5000   22.500014394.4980   19.0835
    0.0000    7.5000   22.500015237.1357   19.0460
    7.5000    7.5000   22.500014435.8281   18.9931
   -7.5000   15.0000   22.500013509.8516   19.0951
    0.0000   15.0000   22.500014246.2568   19.0554
    7.5000   15.0000   22.500013479.4717   19.0044
   -7.5000   22.5000   22.500012505.8613   19.0455
    0.0000   22.5000   22.500013145.3057   19.0108
    7.5000   22.5000   22.500012447.2803   18.9623
   -7.5000   30.0000   22.500011436.0020   18.7581
    0.0000   30.0000   22.500012011.5029   18.7308
    7.5000   30.0000   22.500011383.7832   18.6842
   -7.5000   37.5000   22.500010801.8447   18.8014
    0.0000   37.5000   22.500011333.5928   18.7760
    7.5000   37.5000   22.500010749.0400   18.7284
   -7.5000   45.0000   22.5000 9684.6426   18.5622
    0.0000   45.0000   22.500010153.3066   18.5317
    7.5000   45.0000   22.5000 9630.2881   18.4806
   -7.5000  -45.0000   30.0000 9539.1221   19.0629
    0.0000  -45.0000   30.000010074.3643   19.0379
    7.5000  -45.0000   30.0000 9708.6924   18.9912
   -7.5000  -37.5000   30.000010107.5986   19.1216
    0.0000  -37.5000   30.000010621.8008   19.0857
    7.5000  -37.5000   30.000010249.1885   19.0338
   -7.5000  -30.0000   30.000011168.9180   19.1363
    0.0000  -30.0000   30.000011764.6621   19.0929
    7.5000  -30.0000   30.000011292.1543   19.0416
   -7.5000  -22.5000   30.000012218.0469   19.0913
    0.0000  -22.5000   30.000012967.8154   19.0514
    7.5000  -22.5000   30.000012362.8086   19.0050
   -7.5000  -15.0000   30.000012952.5713   19.0334
    0.0000  -15.0000   30.000013698.2041   19.0044
    7.5000  -15.0000   30.000013125.0703   18.9631
   -7.5000   -7.5000   30.000013410.1455   19.0195
    0.0000   -7.5000   30.000014043.3838   18.9981
    7.5000   -7.5000   30.000013515.4131   18.9569
   -7.5000    0.0000   30.000013852.8652   19.0628
    0.0000    0.0000   30.000014524.2568   19.0378
    7.5000    0.0000   30.000013919.9189   18.9911
   -7.5000    7.5000   30.000013286.8779   19.1216
    0.0000    7.5000   30.000013967.7627   19.0857
    7.5000    7.5000   30.000013329.3086   19.0338
   -7.5000   15.0000   30.000012501.1680   19.1363
    0.0000   15.0000   30.000013120.8428   19.0929
    7.5000   15.0000   30.000012498.9004   19.0416
   -7.5000   22.5000   30.000011562.5488   19.0825
    0.0000   22.5000   30.000012127.4600   19.0426
    7.5000   22.5000   30.000011536.7891   18.9962
   -7.5000   30.0000   30.000010573.3818   18.7871
    0.0000   30.0000   30.000011078.1094   18.7585
    7.5000   30.0000   30.000010554.0547   18.7178
   -7.5000   37.5000   30.0000 9992.4707   18.8280
    0.0000   37.5000   30.000010466.6016   18.8070
    7.5000   37.5000   30.0000 9975.4316   18.7667
   -7.5000   45.0000   30.0000 8944.1924   18.5883
    0.0000   45.0000   30.0000 9364.7852   18.5644
    7.5000   45.0000   30.0000 8920.4131   18.5185
   -7.5000  -45.0000   37.5000 9169.4453   19.3403
    0.0000  -45.0000   37.5000 9629.9814   19.3224
    7.5000  -45.0000   37.5000 9284.1670   19.2817
   -7.5000  -37.5000   37.5000 9746.3223   19.4061
    0.0000  -37.5000   37.500010219.1904   19.3749
    7.5000  -37.5000   37.5000 9856.5459   19.3256
   -7.5000  -30.0000   37.500010767.4746   19.4309
    0.0000  -30.0000   37.500011341.8516   19.3899
    7.5000  -30.0000   37.500010878.7021   19.3392
   -7.5000  -22.5000   37.500011722.7861   19.3888
    0.0000  -22.5000   37.500012392.7139   19.3512
    7.5000  -22.5000   37.500011852.8281   19.3069
   -7.5000  -15.0000   37.500012395.5898   19.3246
    0.0000  -15.0000   37.500013021.6973   19.3001
    7.5000  -15.0000   37.500012515.5107   19.2644
   -7.5000   -7.5000   37.500012854.3633   19.3008
    0.0000   -7.5000   37.500013440.0527   19.2863
    7.5000   -7.5000   37.500012913.0830   19.2527
   -7.5000    0.0000   37.500013296.0576   19.3402
    0.0000    0.0000   37.500013938.1777   19.3223
    7.5000    0.0000   37.500013375.5039   19.2816
   -7.5000    7.5000   37.500012747.1504   19.4061
    0.0000    7.5000   37.500013381.1816   19.3749
    7.5000    7.5000   37.500012805.4072   19.3256
   -7.5000   15.0000   37.500012021.5029   19.4309
    0.0000   15.0000   37.500012614.3857   19.3899
    7.5000   15.0000   37.500012042.3047   19.3392
   -7.5000   22.5000   37.500011124.7061   19.3799
    0.0000   22.5000   37.500011660.9053   19.3423
    7.5000   22.5000   37.500011123.6543   19.2980
   -7.5000   30.0000   37.500010209.9219   19.0745
    0.0000   30.0000   37.500010678.8457   19.0504
    7.5000   30.0000   37.500010186.3154   19.0151
   -7.5000   37.5000   37.5000 9646.8896   19.1107
    0.0000   37.5000   37.500010101.7158   19.0963
    7.5000   37.5000   37.5000 9641.9580   19.0634
   -7.5000   45.0000   37.5000 8612.4873   18.8655
    0.0000   45.0000   37.5000 9002.1582   18.8481
    7.5000   45.0000   37.5000 8605.7744   18.8077
   -7.5000  -45.0000   45.0000 8453.3740   19.7644
    0.0000  -45.0000   45.0000 8873.5654   19.7421
    7.5000  -45.0000   45.0000 8578.2734   19.6950
   -7.5000  -37.5000   45.0000 9033.0361   19.8317
    0.0000  -37.5000   45.0000 9476.7861   19.7975
    7.5000  -37.5000   45.0000 9123.0957   19.7420
   -7.5000  -30.0000   45.0000 9957.3721   19.8627
    0.0000  -30.0000   45.000010489.2021   19.8231
    7.5000  -30.0000   45.000010061.9814   19.7677
   -7.5000  -22.5000   45.000010804.8604   19.8246
    0.0000  -22.5000   45.000011394.7598   19.7919
    7.5000  -22.5000   45.000010889.9395   19.7438
   -7.5000  -15.0000   45.000011398.8232   19.7594
    0.0000  -15.0000   45.000011962.5654   19.7390
    7.5000  -15.0000   45.000011487.7822   19.6997
   -7.5000   -7.5000   45.000011846.8330   19.7302
    0.0000   -7.5000   45.000012412.6201   19.7150
    7.5000   -7.5000   45.000011916.3291   19.6766
   -7.5000    0.0000   45.000012273.8135   19.7643
    0.0000    0.0000   45.000012878.8652   19.7421
    7.5000    0.0000   45.000012364.3838   19.6949
   -7.5000    7.5000   45.000011786.9121   19.8317
    0.0000    7.5000   45.000012357.2275   19.7975
    7.5000    7.5000   45.000011858.5889   19.7420
   -7.5000   15.0000   45.000011109.6191   19.8627
    0.0000   15.0000   45.000011653.7686   19.8231
    7.5000   15.0000   45.000011123.6309   19.7677
   -7.5000   22.5000   45.000010296.6406   19.8154
    0.0000   22.5000   45.000010793.0254   19.7827
    7.5000   22.5000   45.000010287.2041   19.7346
   -7.5000   30.0000   45.0000 9449.7471   19.5021
    0.0000   30.0000   45.0000 9892.0674   19.4819
    7.5000   30.0000   45.0000 9426.9365   19.4432
   -7.5000   37.5000   45.0000 8917.0020   19.5387
    0.0000   37.5000   45.0000 9319.3564   19.5235
    7.5000   37.5000   45.0000 8892.8574   19.4856
   -7.5000   45.0000   45.0000 7970.6865   19.3010
    0.0000   45.0000   45.0000 8320.4443   19.2782
    7.5000   45.0000   45.0000 7956.5591   19.2306

---------------------------------------------------------------------
imgreg_4dfp /opt/freesurfer/average/711-2C_as_mni_average_305 /opt/freesurfer/average/711-2B_as_mni_average_305_mask talsrcimg_g11 none talsrcimg_to_711-2C_as_mni_average_305_t4 4355
---------------------------------------------------------------------

freesurfer imgreg_4dfp.c
/opt/freesurfer/average/711-2C_as_mni_average_305.4dfp.img
       256       256       256         1
  1.000000  1.000000  1.000000
orientation T byte_order littleendian
Reading image: /opt/freesurfer/average/711-2C_as_mni_average_305.4dfp.img
dimensions:      256       256       256
mmppix:       1.0000   -1.0000   -1.0000
center:     128.0000 -129.0000 -129.0000
/opt/freesurfer/average/711-2B_as_mni_average_305_mask.4dfp.img
       256       256       256         1
  1.000000  1.000000  1.000000
orientation T byte_order littleendian
Reading mask: /opt/freesurfer/average/711-2B_as_mni_average_305_mask.4dfp.img (2306576 pixels)
talsrcimg_g11.4dfp.img
       256       256       256         1
  1.000000  1.000000  1.000000
orientation T byte_order littleendian
Reading image: talsrcimg_g11.4dfp.img
dimensions:      256       256       256
mmppix:       1.0000   -1.0000   -1.0000
center:     128.0000 -129.0000 -129.0000
rotation matrix determinant  1.000000
image alignment mode   4355 decimal     1103 hex
   -7.5000  -45.0000  -45.0000 2271.2107   18.1242
    0.0000  -45.0000  -45.0000 2289.5742   17.8847
    7.5000  -45.0000  -45.0000 2284.8523   17.8317
   -7.5000  -37.5000  -45.0000 2310.7114   17.2623
    0.0000  -37.5000  -45.0000 2330.1733   17.0581
    7.5000  -37.5000  -45.0000 2322.4290   17.0368
   -7.5000  -30.0000  -45.0000 2327.4585   16.7367
    0.0000  -30.0000  -45.0000 2343.9116   16.5761
    7.5000  -30.0000  -45.0000 2338.8020   16.5419
   -7.5000  -22.5000  -45.0000 2333.7021   16.5594
    0.0000  -22.5000  -45.0000 2354.6101   16.3881
    7.5000  -22.5000  -45.0000 2337.2979   16.4130
   -7.5000  -15.0000  -45.0000 2325.6802   16.6549
    0.0000  -15.0000  -45.0000 2343.0884   16.4400
    7.5000  -15.0000  -45.0000 2323.8989   16.4064
   -7.5000   -7.5000  -45.0000 2311.7344   16.9845
    0.0000   -7.5000  -45.0000 2330.8174   16.7780
    7.5000   -7.5000  -45.0000 2316.7913   16.7797
   -7.5000    0.0000  -45.0000 2272.9302   17.4960
    0.0000    0.0000  -45.0000 2297.8816   17.2804
    7.5000    0.0000  -45.0000 2281.0884   17.3221
   -7.5000    7.5000  -45.0000 2232.7883   18.3733
    0.0000    7.5000  -45.0000 2255.5662   18.2060
    7.5000    7.5000  -45.0000 2236.7041   18.2098
   -7.5000   15.0000  -45.0000 2173.0808   19.4739
    0.0000   15.0000  -45.0000 2190.8943   19.2490
    7.5000   15.0000  -45.0000 2173.2573   19.2792
   -7.5000   22.5000  -45.0000 2098.0583   20.7646
    0.0000   22.5000  -45.0000 2115.6235   20.4793
    7.5000   22.5000  -45.0000 2101.5327   20.5478
   -7.5000   30.0000  -45.0000 2002.6320   22.4048
    0.0000   30.0000  -45.0000 2016.8588   22.1181
    7.5000   30.0000  -45.0000 2007.3340   22.2686
   -7.5000   37.5000  -45.0000 1897.1063   24.7270
    0.0000   37.5000  -45.0000 1910.5447   24.4492
    7.5000   37.5000  -45.0000 1890.8042   24.6585
   -7.5000   45.0000  -45.0000 1785.1503   27.9261
    0.0000   45.0000  -45.0000 1796.2075   27.4790
    7.5000   45.0000  -45.0000 1775.2927   27.6953
   -7.5000  -45.0000  -37.5000 2357.9426   17.0654
    0.0000  -45.0000  -37.5000 2380.0459   16.8067
    7.5000  -45.0000  -37.5000 2373.1716   16.7359
   -7.5000  -37.5000  -37.5000 2409.8872   16.1208
    0.0000  -37.5000  -37.5000 2435.0789   15.8750
    7.5000  -37.5000  -37.5000 2424.0496   15.8706
   -7.5000  -30.0000  -37.5000 2432.2434   15.5518
    0.0000  -30.0000  -37.5000 2455.7053   15.3744
    7.5000  -30.0000  -37.5000 2443.4438   15.3681
   -7.5000  -22.5000  -37.5000 2438.2734   15.3428
    0.0000  -22.5000  -37.5000 2464.7517   15.1548
    7.5000  -22.5000  -37.5000 2445.3806   15.1709
   -7.5000  -15.0000  -37.5000 2434.2844   15.4226
    0.0000  -15.0000  -37.5000 2454.3701   15.2150
    7.5000  -15.0000  -37.5000 2431.1467   15.2260
   -7.5000   -7.5000  -37.5000 2417.2827   15.6835
    0.0000   -7.5000  -37.5000 2441.7957   15.4922
    7.5000   -7.5000  -37.5000 2424.8135   15.5111
   -7.5000    0.0000  -37.5000 2384.9695   16.0767
    0.0000    0.0000  -37.5000 2409.8264   15.9090
    7.5000    0.0000  -37.5000 2390.1489   15.9268
   -7.5000    7.5000  -37.5000 2341.3879   16.8181
    0.0000    7.5000  -37.5000 2368.5388   16.6601
    7.5000    7.5000  -37.5000 2345.0010   16.6819
   -7.5000   15.0000  -37.5000 2275.7324   17.7877
    0.0000   15.0000  -37.5000 2299.4829   17.6476
    7.5000   15.0000  -37.5000 2283.0569   17.6733
   -7.5000   22.5000  -37.5000 2201.5249   18.9577
    0.0000   22.5000  -37.5000 2218.4656   18.7442
    7.5000   22.5000  -37.5000 2204.1079   18.8292
   -7.5000   30.0000  -37.5000 2099.6877   20.4293
    0.0000   30.0000  -37.5000 2115.4202   20.2457
    7.5000   30.0000  -37.5000 2102.3154   20.3472
   -7.5000   37.5000  -37.5000 1993.7709   22.5447
    0.0000   37.5000  -37.5000 2008.8074   22.3184
    7.5000   37.5000  -37.5000 1984.0070   22.4758
   -7.5000   45.0000  -37.5000 1876.1606   25.3852
    0.0000   45.0000  -37.5000 1889.5778   25.1519
    7.5000   45.0000  -37.5000 1860.8757   25.3240
   -7.5000  -45.0000  -30.0000 2476.3828   16.7340
    0.0000  -45.0000  -30.0000 2506.7544   16.4427
    7.5000  -45.0000  -30.0000 2500.8503   16.4186
   -7.5000  -37.5000  -30.0000 2539.3718   15.6679
    0.0000  -37.5000  -30.0000 2570.3125   15.4319
    7.5000  -37.5000  -30.0000 2560.1794   15.3972
   -7.5000  -30.0000  -30.0000 2571.3330   15.0246
    0.0000  -30.0000  -30.0000 2596.4902   14.7872
    7.5000  -30.0000  -30.0000 2586.2397   14.8186
   -7.5000  -22.5000  -30.0000 2589.2607   14.7673
    0.0000  -22.5000  -30.0000 2609.6860   14.5270
    7.5000  -22.5000  -30.0000 2592.9526   14.5369
   -7.5000  -15.0000  -30.0000 2578.4631   14.7981
    0.0000  -15.0000  -30.0000 2601.7002   14.5643
    7.5000  -15.0000  -30.0000 2581.8975   14.5942
   -7.5000   -7.5000  -30.0000 2557.9785   15.0057
    0.0000   -7.5000  -30.0000 2586.5315   14.7981
    7.5000   -7.5000  -30.0000 2567.3533   14.8432
   -7.5000    0.0000  -30.0000 2526.4919   15.3544
    0.0000    0.0000  -30.0000 2554.5894   15.2014
    7.5000    0.0000  -30.0000 2538.6492   15.2533
   -7.5000    7.5000  -30.0000 2486.3879   16.0353
    0.0000    7.5000  -30.0000 2518.1555   15.8403
    7.5000    7.5000  -30.0000 2496.5972   15.9012
   -7.5000   15.0000  -30.0000 2424.1667   16.9132
    0.0000   15.0000  -30.0000 2445.8853   16.7332
    7.5000   15.0000  -30.0000 2427.9924   16.7879
   -7.5000   22.5000  -30.0000 2337.8977   17.9966
    0.0000   22.5000  -30.0000 2356.5410   17.7977
    7.5000   22.5000  -30.0000 2344.9316   17.8734
   -7.5000   30.0000  -30.0000 2230.2783   19.4522
    0.0000   30.0000  -30.0000 2242.9565   19.2182
    7.5000   30.0000  -30.0000 2232.4036   19.3500
   -7.5000   37.5000  -30.0000 2115.1240   21.4615
    0.0000   37.5000  -30.0000 2130.8665   21.2254
    7.5000   37.5000  -30.0000 2107.8894   21.3437
   -7.5000   45.0000  -30.0000 1991.3085   24.0903
    0.0000   45.0000  -30.0000 2005.6542   23.8745
    7.5000   45.0000  -30.0000 1983.0861   23.9968
   -7.5000  -45.0000  -22.5000 2564.5017   16.3231
    0.0000  -45.0000  -22.5000 2593.7761   16.0264
    7.5000  -45.0000  -22.5000 2590.3169   15.9811
   -7.5000  -37.5000  -22.5000 2634.8274   15.2049
    0.0000  -37.5000  -22.5000 2663.3281   14.9304
    7.5000  -37.5000  -22.5000 2657.6611   14.9121
   -7.5000  -30.0000  -22.5000 2673.0376   14.4506
    0.0000  -30.0000  -22.5000 2696.2542   14.2025
    7.5000  -30.0000  -22.5000 2688.3914   14.1913
   -7.5000  -22.5000  -22.5000 2688.0410   14.0443
    0.0000  -22.5000  -22.5000 2713.5168   13.8348
    7.5000  -22.5000  -22.5000 2702.7898   13.8166
   -7.5000  -15.0000  -22.5000 2689.3738   14.0127
    0.0000  -15.0000  -22.5000 2712.0139   13.8234
    7.5000  -15.0000  -22.5000 2694.4531   13.8271
   -7.5000   -7.5000  -22.5000 2678.2952   14.2334
    0.0000   -7.5000  -22.5000 2706.8511   14.0313
    7.5000   -7.5000  -22.5000 2688.5210   14.0611
   -7.5000    0.0000  -22.5000 2648.6465   14.5826
    0.0000    0.0000  -22.5000 2683.6965   14.4125
    7.5000    0.0000  -22.5000 2661.5337   14.4961
   -7.5000    7.5000  -22.5000 2609.0193   15.2850
    0.0000    7.5000  -22.5000 2646.5208   15.0674
    7.5000    7.5000  -22.5000 2619.3169   15.0990
   -7.5000   15.0000  -22.5000 2545.2478   16.0686
    0.0000   15.0000  -22.5000 2568.0322   15.8764
    7.5000   15.0000  -22.5000 2549.1169   15.9045
   -7.5000   22.5000  -22.5000 2454.4580   17.0312
    0.0000   22.5000  -22.5000 2475.2432   16.8270
    7.5000   22.5000  -22.5000 2462.0918   16.8803
   -7.5000   30.0000  -22.5000 2335.6213   18.4154
    0.0000   30.0000  -22.5000 2356.4292   18.1698
    7.5000   30.0000  -22.5000 2338.5066   18.2970
   -7.5000   37.5000  -22.5000 2210.2529   20.2543
    0.0000   37.5000  -22.5000 2222.8096   20.0386
    7.5000   37.5000  -22.5000 2207.7231   20.1036
   -7.5000   45.0000  -22.5000 2072.4177   22.7858
    0.0000   45.0000  -22.5000 2089.6292   22.5872
    7.5000   45.0000  -22.5000 2069.3572   22.6705
   -7.5000  -45.0000  -15.0000 2602.9736   15.9375
    0.0000  -45.0000  -15.0000 2637.3953   15.6180
    7.5000  -45.0000  -15.0000 2636.4468   15.6095
   -7.5000  -37.5000  -15.0000 2677.1870   14.7665
    0.0000  -37.5000  -15.0000 2712.6064   14.4889
    7.5000  -37.5000  -15.0000 2703.5435   14.4887
   -7.5000  -30.0000  -15.0000 2725.7610   13.8941
    0.0000  -30.0000  -15.0000 2764.0508   13.6696
    7.5000  -30.0000  -15.0000 2750.8552   13.6583
   -7.5000  -22.5000  -15.0000 2756.6873   13.4020
    0.0000  -22.5000  -15.0000 2785.2283   13.1977
    7.5000  -22.5000  -15.0000 2767.7783   13.1941
   -7.5000  -15.0000  -15.0000 2766.5017   13.2650
    0.0000  -15.0000  -15.0000 2791.2253   13.0519
    7.5000  -15.0000  -15.0000 2773.3774   13.0640
   -7.5000   -7.5000  -15.0000 2756.4067   13.4523
    0.0000   -7.5000  -15.0000 2788.6111   13.2407
    7.5000   -7.5000  -15.0000 2772.4939   13.2870
   -7.5000    0.0000  -15.0000 2732.9778   13.8342
    0.0000    0.0000  -15.0000 2777.1616   13.6295
    7.5000    0.0000  -15.0000 2749.9331   13.6873
   -7.5000    7.5000  -15.0000 2698.3921   14.4700
    0.0000    7.5000  -15.0000 2735.7349   14.2379
    7.5000    7.5000  -15.0000 2710.4556   14.2920
   -7.5000   15.0000  -15.0000 2625.8025   15.2285
    0.0000   15.0000  -15.0000 2654.5696   15.0034
    7.5000   15.0000  -15.0000 2635.3384   15.0772
   -7.5000   22.5000  -15.0000 2538.6970   16.1346
    0.0000   22.5000  -15.0000 2563.4832   15.9031
    7.5000   22.5000  -15.0000 2548.0618   15.9705
   -7.5000   30.0000  -15.0000 2421.0637   17.3933
    0.0000   30.0000  -15.0000 2442.1440   17.2075
    7.5000   30.0000  -15.0000 2426.0664   17.3175
   -7.5000   37.5000  -15.0000 2286.1626   19.1638
    0.0000   37.5000  -15.0000 2303.8958   18.9436
    7.5000   37.5000  -15.0000 2286.3997   19.0682
   -7.5000   45.0000  -15.0000 2131.8884   21.5747
    0.0000   45.0000  -15.0000 2145.4172   21.3490
    7.5000   45.0000  -15.0000 2131.1057   21.4855
   -7.5000  -45.0000   -7.5000 2617.0471   15.6138
    0.0000  -45.0000   -7.5000 2654.9746   15.2871
    7.5000  -45.0000   -7.5000 2654.9033   15.2564
   -7.5000  -37.5000   -7.5000 2693.2083   14.4489
    0.0000  -37.5000   -7.5000 2727.3311   14.1533
    7.5000  -37.5000   -7.5000 2721.0381   14.1712
   -7.5000  -30.0000   -7.5000 2762.3184   13.5634
    0.0000  -30.0000   -7.5000 2796.2693   13.2886
    7.5000  -30.0000   -7.5000 2783.5205   13.3045
   -7.5000  -22.5000   -7.5000 2800.6423   12.9843
    0.0000  -22.5000   -7.5000 2836.4705   12.7239
    7.5000  -22.5000   -7.5000 2816.1511   12.7712
   -7.5000  -15.0000   -7.5000 2815.0889   12.6738
    0.0000  -15.0000   -7.5000 2846.0728   12.3907
    7.5000  -15.0000   -7.5000 2821.7991   12.4833
   -7.5000   -7.5000   -7.5000 2817.5242   12.7441
    0.0000   -7.5000   -7.5000 2847.1194   12.5030
    7.5000   -7.5000   -7.5000 2827.8506   12.5915
   -7.5000    0.0000   -7.5000 2792.3962   13.1059
    0.0000    0.0000   -7.5000 2839.3022   12.8771
    7.5000    0.0000   -7.5000 2809.5691   12.9629
   -7.5000    7.5000   -7.5000 2759.0786   13.6781
    0.0000    7.5000   -7.5000 2800.7244   13.4476
    7.5000    7.5000   -7.5000 2774.4365   13.5327
   -7.5000   15.0000   -7.5000 2683.4807   14.3954
    0.0000   15.0000   -7.5000 2717.1511   14.1691
    7.5000   15.0000   -7.5000 2698.5073   14.2935
   -7.5000   22.5000   -7.5000 2603.1272   15.3114
    0.0000   22.5000   -7.5000 2631.1016   15.0670
    7.5000   22.5000   -7.5000 2611.7339   15.2046
   -7.5000   30.0000   -7.5000 2489.4817   16.5454
    0.0000   30.0000   -7.5000 2516.5530   16.3430
    7.5000   30.0000   -7.5000 2494.5376   16.4887
   -7.5000   37.5000   -7.5000 2350.4993   18.2642
    0.0000   37.5000   -7.5000 2372.4426   18.0395
    7.5000   37.5000   -7.5000 2350.6816   18.1738
   -7.5000   45.0000   -7.5000 2188.0442   20.5622
    0.0000   45.0000   -7.5000 2205.5801   20.3426
    7.5000   45.0000   -7.5000 2188.5264   20.4717
   -7.5000  -45.0000    0.0000 2611.3342   15.5351
    0.0000  -45.0000    0.0000 2639.2571   15.1501
    7.5000  -45.0000    0.0000 2648.6270   15.1203
   -7.5000  -37.5000    0.0000 2694.9185   14.4059
    0.0000  -37.5000    0.0000 2721.7258   14.0562
    7.5000  -37.5000    0.0000 2718.7551   14.0357
   -7.5000  -30.0000    0.0000 2775.3499   13.5690
    0.0000  -30.0000    0.0000 2798.7271   13.2446
    7.5000  -30.0000    0.0000 2785.4160   13.2014
   -7.5000  -22.5000    0.0000 2825.5344   12.9438
    0.0000  -22.5000    0.0000 2859.4111   12.6545
    7.5000  -22.5000    0.0000 2840.0374   12.6213
   -7.5000  -15.0000    0.0000 2849.5881   12.5023
    0.0000  -15.0000    0.0000 2882.4800   12.1897
    7.5000  -15.0000    0.0000 2859.7649   12.2746
   -7.5000   -7.5000    0.0000 2851.9006   12.3465
    0.0000   -7.5000    0.0000 2883.1230   12.0482
    7.5000   -7.5000    0.0000 2860.4143   12.1856
   -7.5000    0.0000    0.0000 2832.6846   12.6200
    0.0000    0.0000    0.0000 2872.9626   12.3537
    7.5000    0.0000    0.0000 2845.9932   12.4626
   -7.5000    7.5000    0.0000 2798.8879   13.1408
    0.0000    7.5000    0.0000 2839.9111   12.8933
    7.5000    7.5000    0.0000 2813.7319   13.0015
   -7.5000   15.0000    0.0000 2733.8723   13.8640
    0.0000   15.0000    0.0000 2764.2588   13.6357
    7.5000   15.0000    0.0000 2745.7185   13.7429
   -7.5000   22.5000    0.0000 2652.1558   14.8203
    0.0000   22.5000    0.0000 2677.8564   14.5574
    7.5000   22.5000    0.0000 2655.4158   14.6600
   -7.5000   30.0000    0.0000 2543.2100   16.0812
    0.0000   30.0000    0.0000 2564.9380   15.8414
    7.5000   30.0000    0.0000 2537.9031   15.9755
   -7.5000   37.5000    0.0000 2408.4456   17.7928
    0.0000   37.5000    0.0000 2427.7559   17.5587
    7.5000   37.5000    0.0000 2402.4028   17.6746
   -7.5000   45.0000    0.0000 2238.3811   20.0337
    0.0000   45.0000    0.0000 2250.1460   19.7855
    7.5000   45.0000    0.0000 2235.4019   19.9366
   -7.5000  -45.0000    7.5000 2582.7595   15.6610
    0.0000  -45.0000    7.5000 2603.4758   15.3027
    7.5000  -45.0000    7.5000 2612.3035   15.2356
   -7.5000  -37.5000    7.5000 2682.8325   14.5538
    0.0000  -37.5000    7.5000 2704.9294   14.2470
    7.5000  -37.5000    7.5000 2703.7415   14.1722
   -7.5000  -30.0000    7.5000 2767.4673   13.7651
    0.0000  -30.0000    7.5000 2790.1311   13.5174
    7.5000  -30.0000    7.5000 2778.7920   13.3867
   -7.5000  -22.5000    7.5000 2841.0217   13.1917
    0.0000  -22.5000    7.5000 2879.2439   12.9860
    7.5000  -22.5000    7.5000 2849.8718   12.8198
   -7.5000  -15.0000    7.5000 2881.7227   12.7474
    0.0000  -15.0000    7.5000 2925.8787   12.5506
    7.5000  -15.0000    7.5000 2890.8999   12.4665
   -7.5000   -7.5000    7.5000 2878.4524   12.3338
    0.0000   -7.5000    7.5000 2913.9487   12.0989
    7.5000   -7.5000    7.5000 2888.8591   12.1664
   -7.5000    0.0000    7.5000 2858.0481   12.3722
    0.0000    0.0000    7.5000 2896.0364   12.1433
    7.5000    0.0000    7.5000 2862.4097   12.2309
   -7.5000    7.5000    7.5000 2823.4910   12.8399
    0.0000    7.5000    7.5000 2860.8770   12.6045
    7.5000    7.5000    7.5000 2828.2400   12.7088
   -7.5000   15.0000    7.5000 2765.1948   13.6370
    0.0000   15.0000    7.5000 2794.4829   13.3843
    7.5000   15.0000    7.5000 2768.3716   13.4718
   -7.5000   22.5000    7.5000 2679.3691   14.6431
    0.0000   22.5000    7.5000 2703.4688   14.4222
    7.5000   22.5000    7.5000 2676.7231   14.4705
   -7.5000   30.0000    7.5000 2567.7908   15.9130
    0.0000   30.0000    7.5000 2589.0107   15.7345
    7.5000   30.0000    7.5000 2561.6821   15.7955
   -7.5000   37.5000    7.5000 2438.5430   17.6485
    0.0000   37.5000    7.5000 2460.3052   17.4853
    7.5000   37.5000    7.5000 2434.7715   17.5256
   -7.5000   45.0000    7.5000 2271.6538   19.8739
    0.0000   45.0000    7.5000 2281.4844   19.7345
    7.5000   45.0000    7.5000 2260.1328   19.7773
   -7.5000  -45.0000   15.0000 2540.2017   15.9632
    0.0000  -45.0000   15.0000 2562.7339   15.6840
    7.5000  -45.0000   15.0000 2562.2104   15.5817
   -7.5000  -37.5000   15.0000 2648.8965   14.8570
    0.0000  -37.5000   15.0000 2676.1379   14.6458
    7.5000  -37.5000   15.0000 2665.8816   14.5124
   -7.5000  -30.0000   15.0000 2740.6350   14.0638
    0.0000  -30.0000   15.0000 2770.8435   13.9209
    7.5000  -30.0000   15.0000 2755.7927   13.7731
   -7.5000  -22.5000   15.0000 2823.0879   13.5358
    0.0000  -22.5000   15.0000 2865.5701   13.4305
    7.5000  -22.5000   15.0000 2836.9531   13.2242
   -7.5000  -15.0000   15.0000 2872.3718   13.0425
    0.0000  -15.0000   15.0000 2933.4382   13.0492
    7.5000  -15.0000   15.0000 2883.1914   12.8458
   -7.5000   -7.5000   15.0000 2876.0637   12.5638
    0.0000   -7.5000   15.0000 2934.5117   12.4564
    7.5000   -7.5000   15.0000 2892.4543   12.4456
   -7.5000    0.0000   15.0000 2860.2986   12.4885
    0.0000    0.0000   15.0000 2903.4341   12.2893
    7.5000    0.0000   15.0000 2862.8696   12.3866
   -7.5000    7.5000   15.0000 2819.6416   12.9381
    0.0000    7.5000   15.0000 2856.7070   12.6722
    7.5000    7.5000   15.0000 2819.9900   12.8092
   -7.5000   15.0000   15.0000 2763.5469   13.7282
    0.0000   15.0000   15.0000 2788.8655   13.4520
    7.5000   15.0000   15.0000 2756.1763   13.5702
   -7.5000   22.5000   15.0000 2677.2981   14.7323
    0.0000   22.5000   15.0000 2692.1868   14.5070
    7.5000   22.5000   15.0000 2672.0630   14.5975
   -7.5000   30.0000   15.0000 2562.5901   16.0124
    0.0000   30.0000   15.0000 2577.8066   15.8132
    7.5000   30.0000   15.0000 2559.9919   15.9020
   -7.5000   37.5000   15.0000 2439.4104   17.7280
    0.0000   37.5000   15.0000 2457.3635   17.5529
    7.5000   37.5000   15.0000 2435.9688   17.6181
   -7.5000   45.0000   15.0000 2278.9790   19.9398
    0.0000   45.0000   15.0000 2292.7087   19.8050
    7.5000   45.0000   15.0000 2265.0479   19.8640
   -7.5000  -45.0000   22.5000 2491.9780   16.5109
    0.0000  -45.0000   22.5000 2518.6301   16.2500
    7.5000  -45.0000   22.5000 2512.3198   16.2075
   -7.5000  -37.5000   22.5000 2601.5642   15.3525
    0.0000  -37.5000   22.5000 2627.4880   15.1167
    7.5000  -37.5000   22.5000 2615.8164   15.0558
   -7.5000  -30.0000   22.5000 2698.3718   14.4835
    0.0000  -30.0000   22.5000 2725.5916   14.2688
    7.5000  -30.0000   22.5000 2712.6250   14.2267
   -7.5000  -22.5000   22.5000 2785.4778   13.9262
    0.0000  -22.5000   22.5000 2825.5322   13.7483
    7.5000  -22.5000   22.5000 2796.9299   13.6597
   -7.5000  -15.0000   22.5000 2834.5295   13.4436
    0.0000  -15.0000   22.5000 2889.3384   13.3274
    7.5000  -15.0000   22.5000 2854.0625   13.2782
   -7.5000   -7.5000   22.5000 2836.1704   12.9456
    0.0000   -7.5000   22.5000 2887.1487   12.7201
    7.5000   -7.5000   22.5000 2855.3701   12.8801
   -7.5000    0.0000   22.5000 2834.2532   12.9383
    0.0000    0.0000   22.5000 2872.8445   12.6562
    7.5000    0.0000   22.5000 2836.5427   12.8157
   -7.5000    7.5000   22.5000 2798.2808   13.4086
    0.0000    7.5000   22.5000 2838.8350   13.1861
    7.5000    7.5000   22.5000 2801.8186   13.2682
   -7.5000   15.0000   22.5000 2741.2065   14.1699
    0.0000   15.0000   22.5000 2765.5322   13.9496
    7.5000   15.0000   22.5000 2734.3130   14.0275
   -7.5000   22.5000   22.5000 2647.6248   15.1597
    0.0000   22.5000   22.5000 2662.4807   14.9339
    7.5000   22.5000   22.5000 2644.8220   14.9975
   -7.5000   30.0000   22.5000 2534.8660   16.3809
    0.0000   30.0000   22.5000 2549.4409   16.1958
    7.5000   30.0000   22.5000 2532.1504   16.2752
   -7.5000   37.5000   22.5000 2416.0381   18.0221
    0.0000   37.5000   22.5000 2435.7905   17.8590
    7.5000   37.5000   22.5000 2411.8679   17.9164
   -7.5000   45.0000   22.5000 2256.4668   20.1302
    0.0000   45.0000   22.5000 2272.9824   20.0147
    7.5000   45.0000   22.5000 2249.2581   20.0826
   -7.5000  -45.0000   30.0000 2437.2915   17.2490
    0.0000  -45.0000   30.0000 2462.5537   16.9137
    7.5000  -45.0000   30.0000 2453.5396   16.9972
   -7.5000  -37.5000   30.0000 2542.1475   15.9513
    0.0000  -37.5000   30.0000 2566.6887   15.6490
    7.5000  -37.5000   30.0000 2555.5308   15.7835
   -7.5000  -30.0000   30.0000 2639.1753   15.0420
    0.0000  -30.0000   30.0000 2667.7512   14.7642
    7.5000  -30.0000   30.0000 2652.1226   14.8567
   -7.5000  -22.5000   30.0000 2726.4263   14.4239
    0.0000  -22.5000   30.0000 2759.6565   14.1935
    7.5000  -22.5000   30.0000 2735.7302   14.2251
   -7.5000  -15.0000   30.0000 2768.7061   13.8643
    0.0000  -15.0000   30.0000 2816.9570   13.6658
    7.5000  -15.0000   30.0000 2788.5605   13.7537
   -7.5000   -7.5000   30.0000 2775.0337   13.4558
    0.0000   -7.5000   30.0000 2808.2874   13.0949
    7.5000   -7.5000   30.0000 2784.3652   13.3407
   -7.5000    0.0000   30.0000 2772.8828   13.5390
    0.0000    0.0000   30.0000 2804.6760   13.2371
    7.5000    0.0000   30.0000 2775.1238   13.3940
   -7.5000    7.5000   30.0000 2746.7241   14.0417
    0.0000    7.5000   30.0000 2780.3772   13.7944
    7.5000    7.5000   30.0000 2753.9214   13.8987
   -7.5000   15.0000   30.0000 2689.6675   14.7728
    0.0000   15.0000   30.0000 2716.5051   14.5659
    7.5000   15.0000   30.0000 2691.8835   14.6282
   -7.5000   22.5000   30.0000 2602.3467   15.7427
    0.0000   22.5000   30.0000 2624.1316   15.5305
    7.5000   22.5000   30.0000 2605.7722   15.5787
   -7.5000   30.0000   30.0000 2493.9426   16.8939
    0.0000   30.0000   30.0000 2510.0776   16.7133
    7.5000   30.0000   30.0000 2493.2061   16.8263
   -7.5000   37.5000   30.0000 2370.5449   18.4685
    0.0000   37.5000   30.0000 2389.3455   18.3041
    7.5000   37.5000   30.0000 2369.8074   18.3886
   -7.5000   45.0000   30.0000 2208.1497   20.5639
    0.0000   45.0000   30.0000 2221.3965   20.4159
    7.5000   45.0000   30.0000 2202.9768   20.4571
   -7.5000  -45.0000   37.5000 2374.2405   18.1625
    0.0000  -45.0000   37.5000 2396.4512   17.7600
    7.5000  -45.0000   37.5000 2385.9402   17.9410
   -7.5000  -37.5000   37.5000 2477.3042   16.8405
    0.0000  -37.5000   37.5000 2505.2742   16.4491
    7.5000  -37.5000   37.5000 2489.8430   16.6046
   -7.5000  -30.0000   37.5000 2574.1814   15.8527
    0.0000  -30.0000   37.5000 2608.2080   15.5186
    7.5000  -30.0000   37.5000 2584.9004   15.6483
   -7.5000  -22.5000   37.5000 2654.6250   15.1052
    0.0000  -22.5000   37.5000 2689.3672   14.8365
    7.5000  -22.5000   37.5000 2660.5286   14.9419
   -7.5000  -15.0000   37.5000 2696.6548   14.4269
    0.0000  -15.0000   37.5000 2732.2603   14.1414
    7.5000  -15.0000   37.5000 2710.2869   14.2788
   -7.5000   -7.5000   37.5000 2707.6770   14.0319
    0.0000   -7.5000   37.5000 2736.2642   13.7004
    7.5000   -7.5000   37.5000 2709.6641   13.8888
   -7.5000    0.0000   37.5000 2699.2600   14.2296
    0.0000    0.0000   37.5000 2729.8042   13.9315
    7.5000    0.0000   37.5000 2708.0806   14.0598
   -7.5000    7.5000   37.5000 2673.8201   14.7722
    0.0000    7.5000   37.5000 2704.8589   14.4912
    7.5000    7.5000   37.5000 2680.5498   14.6114
   -7.5000   15.0000   37.5000 2624.2817   15.5183
    0.0000   15.0000   37.5000 2654.5642   15.2617
    7.5000   15.0000   37.5000 2626.7327   15.3353
   -7.5000   22.5000   37.5000 2547.6292   16.4127
    0.0000   22.5000   37.5000 2572.9626   16.1696
    7.5000   22.5000   37.5000 2552.4365   16.2816
   -7.5000   30.0000   37.5000 2440.3538   17.5413
    0.0000   30.0000   37.5000 2460.3376   17.3687
    7.5000   30.0000   37.5000 2442.2703   17.4710
   -7.5000   37.5000   37.5000 2315.2295   19.0886
    0.0000   37.5000   37.5000 2338.2876   18.9342
    7.5000   37.5000   37.5000 2320.7725   19.0198
   -7.5000   45.0000   37.5000 2155.2156   21.1440
    0.0000   45.0000   37.5000 2167.6609   20.9949
    7.5000   45.0000   37.5000 2155.8782   21.0734
   -7.5000  -45.0000   45.0000 2303.0686   19.4217
    0.0000  -45.0000   45.0000 2328.1150   18.9338
    7.5000  -45.0000   45.0000 2316.2756   19.1536
   -7.5000  -37.5000   45.0000 2409.0798   17.9318
    0.0000  -37.5000   45.0000 2441.2949   17.5089
    7.5000  -37.5000   45.0000 2419.6111   17.6956
   -7.5000  -30.0000   45.0000 2497.6375   16.8348
    0.0000  -30.0000   45.0000 2533.8206   16.5143
    7.5000  -30.0000   45.0000 2505.8770   16.7017
   -7.5000  -22.5000   45.0000 2575.4888   15.9589
    0.0000  -22.5000   45.0000 2607.4680   15.6605
    7.5000  -22.5000   45.0000 2575.2544   15.7894
   -7.5000  -15.0000   45.0000 2612.9453   15.2111
    0.0000  -15.0000   45.0000 2643.3008   14.9102
    7.5000  -15.0000   45.0000 2617.7026   15.0811
   -7.5000   -7.5000   45.0000 2627.8477   14.8375
    0.0000   -7.5000   45.0000 2656.6606   14.5558
    7.5000   -7.5000   45.0000 2630.4692   14.7082
   -7.5000    0.0000   45.0000 2620.3328   15.0743
    0.0000    0.0000   45.0000 2648.8521   14.7976
    7.5000    0.0000   45.0000 2631.6077   14.8861
   -7.5000    7.5000   45.0000 2594.2170   15.6442
    0.0000    7.5000   45.0000 2618.6069   15.3785
    7.5000    7.5000   45.0000 2602.8623   15.4626
   -7.5000   15.0000   45.0000 2547.1306   16.3612
    0.0000   15.0000   45.0000 2573.3948   16.0781
    7.5000   15.0000   45.0000 2547.6233   16.1774
   -7.5000   22.5000   45.0000 2479.7192   17.2141
    0.0000   22.5000   45.0000 2507.6072   16.9762
    7.5000   22.5000   45.0000 2481.0022   17.0509
   -7.5000   30.0000   45.0000 2376.1577   18.3621
    0.0000   30.0000   45.0000 2400.7993   18.1781
    7.5000   30.0000   45.0000 2381.9395   18.2767
   -7.5000   37.5000   45.0000 2244.9238   19.9032
    0.0000   37.5000   45.0000 2263.4875   19.7189
    7.5000   37.5000   45.0000 2247.1426   19.8532
   -7.5000   45.0000   45.0000 2092.9614   21.9764
    0.0000   45.0000   45.0000 2105.7632   21.8766
    7.5000   45.0000   45.0000 2093.2014   21.9583

---------------------------------------------------------------------
imgreg_4dfp /opt/freesurfer/average/711-2C_as_mni_average_305 /opt/freesurfer/average/711-2B_as_mni_average_305_mask talsrcimg_g11 none talsrcimg_to_711-2C_as_mni_average_305_t4 1283
---------------------------------------------------------------------

freesurfer imgreg_4dfp.c
/opt/freesurfer/average/711-2C_as_mni_average_305.4dfp.img
       256       256       256         1
  1.000000  1.000000  1.000000
orientation T byte_order littleendian
Reading image: /opt/freesurfer/average/711-2C_as_mni_average_305.4dfp.img
dimensions:      256       256       256
mmppix:       1.0000   -1.0000   -1.0000
center:     128.0000 -129.0000 -129.0000
/opt/freesurfer/average/711-2B_as_mni_average_305_mask.4dfp.img
       256       256       256         1
  1.000000  1.000000  1.000000
orientation T byte_order littleendian
Reading mask: /opt/freesurfer/average/711-2B_as_mni_average_305_mask.4dfp.img (2306576 pixels)
talsrcimg_g11.4dfp.img
       256       256       256         1
  1.000000  1.000000  1.000000
orientation T byte_order littleendian
Reading image: talsrcimg_g11.4dfp.img
dimensions:      256       256       256
mmppix:       1.0000   -1.0000   -1.0000
center:     128.0000 -129.0000 -129.0000
rotation matrix determinant  1.000000
fimgreg.f
image alignment mode   1283 decimal      503 hex
parameters
    0.0000   -7.5000   15.0000    0.0000    0.0000    0.0000
eta,q 0.92114 12.52484
niter,ni,del,rscale     5    3   12.0000    1.2000
parameter  4-27.315447 ->  0.500000 qaram    1.1500
parameter  5 -0.626150 -> -0.500000 qaram    1.1500
parameters
    0.7750   -8.9445   13.5112   -3.4500    3.4500    0.9645
eta,q 0.93245 12.50047
  0.0888  0.0790  0.0792  0.0648  0.0741  0.0756
  0.0829  0.0770  0.0756  0.0688  0.0703  0.0717
  0.0786  0.0756  0.0754  0.0721  0.0693  0.0690
  0.0760  0.0753  0.0757  0.0751  0.0699  0.0677
  0.0758  0.0774  0.0774  0.0786  0.0688  0.0678
  0.0781  0.0812  0.0808  0.0827  0.0674  0.0690
  0.0844  0.0860  0.0855  0.0854  0.0684  0.0718
niter,ni,del,rscale     6    3   12.0000    1.2000
parameter  4  1.041217 ->  0.500000 qaram    1.3225
parameters
   -0.3046   -8.6467   12.3354   -7.4175    2.6935    1.2284
eta,q 0.93849 12.63555
  0.0767  0.0795  0.0725  0.0611  0.0684  0.0663
  0.0698  0.0739  0.0682  0.0614  0.0645  0.0646
  0.0674  0.0695  0.0658  0.0630  0.0620  0.0628
  0.0675  0.0673  0.0672  0.0661  0.0616  0.0615
  0.0702  0.0673  0.0700  0.0708  0.0634  0.0620
  0.0775  0.0712  0.0731  0.0749  0.0666  0.0635
  0.0866  0.0784  0.0775  0.0811  0.0724  0.0660
niter,ni,del,rscale     6    3   12.0000    1.2000
parameter  4  0.842038 ->  0.500000 qaram    1.5209
parameters
    0.0049   -7.9598   12.0345  -11.9801    1.8020    1.9659
eta,q 0.94135 12.61991
  0.0777  0.0740  0.0721  0.0584  0.0661  0.0628
  0.0692  0.0676  0.0669  0.0582  0.0621  0.0604
  0.0636  0.0634  0.0627  0.0605  0.0594  0.0590
  0.0615  0.0615  0.0615  0.0614  0.0587  0.0586
  0.0629  0.0617  0.0638  0.0640  0.0619  0.0587
  0.0672  0.0638  0.0685  0.0690  0.0652  0.0590
  0.0746  0.0697  0.0742  0.0740  0.0704  0.0611
niter,ni,del,rscale     6    3   12.0000    1.2000
parameters
    0.3194   -6.3942   10.4793  -14.9721    1.3841    1.9316
eta,q 0.94546 12.52233
  0.0743  0.0708  0.0647  0.0598  0.0649  0.0585
  0.0665  0.0639  0.0586  0.0563  0.0588  0.0560
  0.0613  0.0597  0.0559  0.0548  0.0546  0.0545
  0.0586  0.0585  0.0579  0.0560  0.0548  0.0545
  0.0589  0.0577  0.0631  0.0605  0.0572  0.0550
  0.0639  0.0580  0.0684  0.0643  0.0615  0.0560
  0.0721  0.0619  0.0734  0.0706  0.0663  0.0585
niter,ni,del,rscale     5    3   12.0000    1.2000
parameters
    0.2337   -5.6390    9.8743  -16.1860    1.4482    2.0045
eta,q 0.94571 12.52130
  0.0696  0.0675  0.0647  0.0605  0.0654  0.0581
  0.0607  0.0608  0.0586  0.0584  0.0590  0.0559
  0.0557  0.0563  0.0546  0.0551  0.0547  0.0545
  0.0545  0.0545  0.0543  0.0540  0.0543  0.0543
  0.0561  0.0541  0.0571  0.0554  0.0555  0.0540
  0.0617  0.0567  0.0622  0.0609  0.0590  0.0551
  0.0703  0.0625  0.0694  0.0663  0.0645  0.0584
niter,ni,del,rscale     4    3   12.0000    1.2000
parameters
    0.1500   -5.2885    9.5953  -16.6413    1.4734    2.0584
eta,q 0.94574 12.50483
  0.0695  0.0659  0.0647  0.0615  0.0649  0.0582
  0.0594  0.0596  0.0588  0.0589  0.0586  0.0559
  0.0544  0.0556  0.0551  0.0556  0.0546  0.0544
  0.0543  0.0542  0.0542  0.0541  0.0543  0.0543
  0.0563  0.0545  0.0560  0.0543  0.0555  0.0540
  0.0612  0.0578  0.0600  0.0592  0.0588  0.0551
  0.0690  0.0636  0.0669  0.0645  0.0642  0.0586
niter,ni,del,rscale     3    3   12.0000    1.2000
parameters
    0.1344   -5.1603    9.5215  -16.7576    1.4666    2.0646
eta,q 0.94573 12.49650
  0.0697  0.0651  0.0650  0.0621  0.0647  0.0582
  0.0595  0.0590  0.0591  0.0591  0.0584  0.0558
  0.0544  0.0554  0.0553  0.0559  0.0545  0.0544
  0.0543  0.0543  0.0542  0.0542  0.0543  0.0543
  0.0563  0.0550  0.0556  0.0540  0.0555  0.0540
  0.0610  0.0584  0.0592  0.0584  0.0588  0.0552
  0.0683  0.0642  0.0657  0.0639  0.0642  0.0587
niter,ni,del,rscale     2    3   12.0000    1.2000
parameters
    0.1382   -5.1337    9.5062  -16.7785    1.4629    2.0676
eta,q 0.94573 12.49464
  0.0697  0.0648  0.0651  0.0623  0.0647  0.0582
  0.0596  0.0588  0.0592  0.0592  0.0584  0.0558
  0.0545  0.0553  0.0554  0.0560  0.0545  0.0544
  0.0543  0.0543  0.0543  0.0543  0.0543  0.0543
  0.0563  0.0551  0.0555  0.0540  0.0555  0.0540
  0.0609  0.0587  0.0590  0.0582  0.0588  0.0552
  0.0682  0.0646  0.0654  0.0637  0.0642  0.0587
registration optimization eta report
parameter search radius
    6.0000    6.0000    6.0000    9.1253    6.9000    6.0000
100000*second partial in parameter space
       42.       29.       30.       11.       22.       13.
  0.0697  0.0648  0.0651  0.0623  0.0647  0.0582
  0.0596  0.0588  0.0592  0.0592  0.0584  0.0558
  0.0545  0.0553  0.0554  0.0560  0.0545  0.0544
  0.0543  0.0543  0.0543  0.0543  0.0543  0.0543
  0.0563  0.0551  0.0555  0.0540  0.0555  0.0540
  0.0609  0.0587  0.0590  0.0582  0.0588  0.0552
  0.0682  0.0646  0.0654  0.0637  0.0642  0.0587
    0.1382   -5.1337    9.5062  -16.7785    1.4629    2.0676
eta,q 0.94573 12.49464

---------------------------------------------------------------------
imgreg_4dfp /opt/freesurfer/average/711-2C_as_mni_average_305 /opt/freesurfer/average/711-2B_as_mni_average_305_mask talsrcimg_g11 none talsrcimg_to_711-2C_as_mni_average_305_t4 3335
---------------------------------------------------------------------

freesurfer imgreg_4dfp.c
/opt/freesurfer/average/711-2C_as_mni_average_305.4dfp.img
       256       256       256         1
  1.000000  1.000000  1.000000
orientation T byte_order littleendian
Reading image: /opt/freesurfer/average/711-2C_as_mni_average_305.4dfp.img
dimensions:      256       256       256
mmppix:       1.0000   -1.0000   -1.0000
center:     128.0000 -129.0000 -129.0000
/opt/freesurfer/average/711-2B_as_mni_average_305_mask.4dfp.img
       256       256       256         1
  1.000000  1.000000  1.000000
orientation T byte_order littleendian
Reading mask: /opt/freesurfer/average/711-2B_as_mni_average_305_mask.4dfp.img (2306576 pixels)
talsrcimg_g11.4dfp.img
       256       256       256         1
  1.000000  1.000000  1.000000
orientation T byte_order littleendian
Reading image: talsrcimg_g11.4dfp.img
dimensions:      256       256       256
mmppix:       1.0000   -1.0000   -1.0000
center:     128.0000 -129.0000 -129.0000
fimgreg.f
image alignment mode   3335 decimal      D07 hex
parameters
    0.1382   -5.1337    9.5062   -0.0977   -4.2930   -4.2884
   -2.7178   -3.4841    3.6067   28.7603    2.5529  -28.8579
eta,q 0.94592 12.44814
niter,ni,del,rscale     5    3    5.0000    1.2000
parameter  4  1.802673 ->  0.500000 qaram    1.1500
parameter  5  2.113385 ->  0.500000 qaram    1.1500
parameter 12 -1.507234 -> -0.500000 qaram    1.1500
parameters
   -0.0450   -5.6637    9.7974   -4.2377   -8.4330   -7.0206
   -1.9843   -3.0671    4.0927   30.0293    3.4710  -24.7179
eta,q 0.95894 12.37136
  0.0563  0.0552  0.0566  0.0486  0.0402  0.0446  0.0468  0.0486  0.0452  0.0473  0.0452  0.0493
  0.0549  0.0543  0.0553  0.0495  0.0425  0.0438  0.0450  0.0460  0.0442  0.0451  0.0441  0.0468
  0.0542  0.0539  0.0544  0.0513  0.0457  0.0432  0.0438  0.0440  0.0435  0.0437  0.0434  0.0448
  0.0541  0.0541  0.0539  0.0539  0.0499  0.0433  0.0432  0.0432  0.0432  0.0432  0.0432  0.0431
  0.0545  0.0546  0.0540  0.0566  0.0549  0.0452  0.0433  0.0436  0.0433  0.0433  0.0432  0.0418
  0.0555  0.0555  0.0545  0.0597  0.0605  0.0496  0.0442  0.0451  0.0439  0.0439  0.0436  0.0408
  0.0571  0.0568  0.0556  0.0632  0.0659  0.0542  0.0456  0.0476  0.0448  0.0450  0.0443  0.0400
niter,ni,del,rscale     7    3    5.0000    1.2000
parameter  2 -0.998387 -> -0.500000 qaram    1.1500
parameter  3  0.577464 ->  0.500000 qaram    1.1500
parameter  4  0.504755 ->  0.500000 qaram    1.3225
parameter  5  1.046502 ->  0.500000 qaram    1.3225
parameters
   -0.0387   -4.2837    8.4174   -8.9987  -13.1940   -8.2241
   -2.3151   -3.3686    2.5291   31.8295    4.4133  -21.8225
eta,q 0.96592 11.97647
  0.0447  0.0468  0.0391  0.0386  0.0330  0.0365  0.0369  0.0380  0.0357  0.0385  0.0353  0.0380
  0.0427  0.0447  0.0387  0.0384  0.0341  0.0354  0.0356  0.0360  0.0350  0.0367  0.0348  0.0364
  0.0414  0.0427  0.0387  0.0381  0.0360  0.0349  0.0348  0.0349  0.0347  0.0354  0.0345  0.0352
  0.0411  0.0411  0.0393  0.0386  0.0383  0.0346  0.0347  0.0347  0.0347  0.0346  0.0344  0.0344
  0.0415  0.0398  0.0402  0.0405  0.0419  0.0347  0.0351  0.0352  0.0351  0.0344  0.0343  0.0341
  0.0428  0.0392  0.0416  0.0432  0.0473  0.0362  0.0360  0.0364  0.0360  0.0347  0.0345  0.0344
  0.0446  0.0392  0.0432  0.0466  0.0531  0.0399  0.0373  0.0386  0.0372  0.0360  0.0350  0.0350
niter,ni,del,rscale     7    3    5.0000    1.2000
parameters
   -0.1636   -3.2951    8.6479   -9.5791  -17.7691   -8.2703
   -1.5652   -3.7990    2.8240   33.3523    2.5828  -24.3186
eta,q 0.96843 11.82320
  0.0368  0.0399  0.0362  0.0358  0.0335  0.0347  0.0355  0.0351  0.0344  0.0356  0.0323  0.0328
  0.0352  0.0373  0.0348  0.0343  0.0323  0.0334  0.0339  0.0333  0.0332  0.0339  0.0319  0.0319
  0.0343  0.0353  0.0339  0.0337  0.0323  0.0326  0.0328  0.0323  0.0324  0.0327  0.0318  0.0316
  0.0341  0.0341  0.0336  0.0336  0.0336  0.0321  0.0321  0.0321  0.0321  0.0321  0.0319  0.0318
  0.0345  0.0336  0.0337  0.0335  0.0360  0.0320  0.0322  0.0326  0.0322  0.0319  0.0321  0.0327
  0.0356  0.0339  0.0343  0.0345  0.0399  0.0328  0.0331  0.0339  0.0330  0.0323  0.0324  0.0338
  0.0374  0.0351  0.0354  0.0369  0.0463  0.0354  0.0345  0.0359  0.0341  0.0336  0.0330  0.0351
niter,ni,del,rscale     6    3    5.0000    1.2000
parameters
   -0.1707   -2.7779    8.5164   -9.5994  -19.5306   -8.4403
   -1.4423   -3.7605    3.0127   34.4967    2.8345  -25.4518
eta,q 0.96893 11.78146
  0.0348  0.0369  0.0337  0.0342  0.0347  0.0340  0.0344  0.0350  0.0337  0.0347  0.0321  0.0329
  0.0331  0.0344  0.0324  0.0324  0.0328  0.0326  0.0328  0.0328  0.0325  0.0330  0.0315  0.0317
  0.0320  0.0326  0.0317  0.0315  0.0314  0.0318  0.0317  0.0316  0.0316  0.0318  0.0312  0.0311
  0.0316  0.0316  0.0314  0.0314  0.0314  0.0312  0.0313  0.0313  0.0313  0.0312  0.0311  0.0311
  0.0319  0.0315  0.0318  0.0314  0.0328  0.0311  0.0316  0.0317  0.0315  0.0312  0.0312  0.0317
  0.0331  0.0324  0.0327  0.0323  0.0351  0.0321  0.0327  0.0329  0.0323  0.0317  0.0315  0.0328
  0.0349  0.0341  0.0342  0.0344  0.0386  0.0351  0.0343  0.0347  0.0335  0.0331  0.0319  0.0340
niter,ni,del,rscale     5    3    5.0000    1.2000
parameters
   -0.1084   -2.4776    8.3382   -9.6594  -20.2188   -8.5718
   -1.5057   -3.6277    3.0352   35.1075    2.9353  -26.0575
eta,q 0.96907 11.76367
  0.0346  0.0360  0.0332  0.0339  0.0354  0.0339  0.0340  0.0349  0.0335  0.0342  0.0319  0.0331
  0.0328  0.0337  0.0319  0.0321  0.0332  0.0325  0.0325  0.0327  0.0322  0.0326  0.0313  0.0318
  0.0315  0.0319  0.0312  0.0311  0.0316  0.0316  0.0314  0.0314  0.0314  0.0316  0.0310  0.0311
  0.0311  0.0311  0.0310  0.0310  0.0310  0.0310  0.0310  0.0310  0.0310  0.0310  0.0310  0.0310
  0.0314  0.0312  0.0314  0.0311  0.0319  0.0309  0.0314  0.0314  0.0313  0.0310  0.0311  0.0314
  0.0325  0.0323  0.0324  0.0320  0.0340  0.0319  0.0325  0.0326  0.0322  0.0318  0.0313  0.0324
  0.0343  0.0344  0.0338  0.0341  0.0370  0.0350  0.0342  0.0345  0.0336  0.0335  0.0318  0.0336
niter,ni,del,rscale     4    3    5.0000    1.2000
parameters
   -0.0571   -2.3357    8.2427   -9.6943  -20.5308   -8.6328
   -1.5583   -3.5318    3.0104   35.3980    3.0302  -26.3382
eta,q 0.96911 11.75570
  0.0345  0.0356  0.0333  0.0339  0.0357  0.0339  0.0339  0.0348  0.0335  0.0340  0.0318  0.0332
  0.0326  0.0333  0.0319  0.0320  0.0334  0.0326  0.0324  0.0326  0.0322  0.0325  0.0313  0.0319
  0.0314  0.0316  0.0311  0.0310  0.0317  0.0316  0.0314  0.0313  0.0313  0.0314  0.0310  0.0311
  0.0309  0.0309  0.0309  0.0309  0.0309  0.0309  0.0309  0.0309  0.0309  0.0309  0.0309  0.0309
  0.0313  0.0312  0.0313  0.0310  0.0317  0.0308  0.0313  0.0314  0.0312  0.0310  0.0310  0.0313
  0.0324  0.0326  0.0322  0.0319  0.0337  0.0318  0.0324  0.0325  0.0321  0.0319  0.0313  0.0322
  0.0342  0.0348  0.0336  0.0340  0.0366  0.0348  0.0341  0.0345  0.0336  0.0338  0.0318  0.0334
niter,ni,del,rscale     3    3    5.0000    1.2000
parameters
   -0.0279   -2.2661    8.1951   -9.7061  -20.6749   -8.6574
   -1.5917   -3.4815    2.9871   35.5441    3.0831  -26.4779
eta,q 0.96912 11.75274
  0.0344  0.0353  0.0333  0.0338  0.0359  0.0339  0.0339  0.0347  0.0334  0.0339  0.0318  0.0333
  0.0325  0.0331  0.0320  0.0320  0.0335  0.0326  0.0324  0.0325  0.0322  0.0324  0.0313  0.0319
  0.0313  0.0315  0.0311  0.0310  0.0317  0.0316  0.0313  0.0313  0.0313  0.0314  0.0310  0.0311
  0.0309  0.0309  0.0309  0.0309  0.0309  0.0309  0.0309  0.0309  0.0309  0.0309  0.0309  0.0309
  0.0312  0.0313  0.0312  0.0310  0.0316  0.0308  0.0313  0.0313  0.0312  0.0310  0.0310  0.0313
  0.0324  0.0327  0.0321  0.0318  0.0335  0.0318  0.0324  0.0325  0.0321  0.0320  0.0313  0.0321
  0.0343  0.0350  0.0335  0.0340  0.0364  0.0348  0.0340  0.0345  0.0336  0.0339  0.0317  0.0334
niter,ni,del,rscale     2    3    5.0000    1.2000
parameters
   -0.0132   -2.2325    8.1732   -9.7153  -20.7452   -8.6680
   -1.6067   -3.4574    2.9740   35.6136    3.1077  -26.5347
eta,q 0.96912 11.75087
  0.0343  0.0353  0.0334  0.0338  0.0359  0.0339  0.0339  0.0347  0.0335  0.0339  0.0318  0.0333
  0.0325  0.0330  0.0320  0.0320  0.0336  0.0326  0.0324  0.0325  0.0322  0.0324  0.0313  0.0319
  0.0313  0.0315  0.0311  0.0310  0.0318  0.0316  0.0313  0.0312  0.0313  0.0314  0.0310  0.0311
  0.0309  0.0309  0.0309  0.0309  0.0309  0.0309  0.0309  0.0309  0.0309  0.0309  0.0309  0.0309
  0.0312  0.0313  0.0312  0.0310  0.0315  0.0308  0.0313  0.0313  0.0312  0.0310  0.0310  0.0312
  0.0324  0.0328  0.0321  0.0318  0.0335  0.0318  0.0324  0.0326  0.0321  0.0320  0.0313  0.0321
  0.0343  0.0351  0.0334  0.0340  0.0364  0.0348  0.0340  0.0346  0.0336  0.0340  0.0317  0.0333
niter,ni,del,rscale     1    3    5.0000    1.2000
parameters
   -0.0049   -2.2150    8.1632   -9.7144  -20.7758   -8.6727
   -1.6168   -3.4439    2.9662   35.6462    3.1345  -26.5732
eta,q 0.96912 11.75068
  0.0343  0.0352  0.0334  0.0338  0.0360  0.0339  0.0339  0.0347  0.0335  0.0339  0.0318  0.0333
  0.0325  0.0330  0.0320  0.0320  0.0336  0.0326  0.0324  0.0325  0.0322  0.0324  0.0313  0.0319
  0.0313  0.0315  0.0312  0.0310  0.0318  0.0316  0.0313  0.0312  0.0313  0.0314  0.0310  0.0311
  0.0309  0.0309  0.0309  0.0309  0.0309  0.0309  0.0309  0.0309  0.0309  0.0309  0.0309  0.0309
  0.0312  0.0314  0.0312  0.0310  0.0315  0.0308  0.0313  0.0313  0.0311  0.0311  0.0310  0.0312
  0.0324  0.0328  0.0321  0.0318  0.0334  0.0318  0.0324  0.0326  0.0321  0.0321  0.0313  0.0321
  0.0343  0.0352  0.0334  0.0340  0.0363  0.0348  0.0340  0.0346  0.0336  0.0341  0.0317  0.0333
registration optimization eta report
parameter search radius
    2.4000    2.7600    2.7600    9.5220    9.5220    7.2000
    7.2000    7.2000    7.2000    7.2000    7.2000    8.2800
100000*second partial in parameter space
       59.       56.       33.        3.        6.        7.
        6.        7.        5.        6.        2.        4.
  0.0343  0.0352  0.0334  0.0338  0.0360  0.0339  0.0339  0.0347  0.0335  0.0339  0.0318  0.0333
  0.0325  0.0330  0.0320  0.0320  0.0336  0.0326  0.0324  0.0325  0.0322  0.0324  0.0313  0.0319
  0.0313  0.0315  0.0312  0.0310  0.0318  0.0316  0.0313  0.0312  0.0313  0.0314  0.0310  0.0311
  0.0309  0.0309  0.0309  0.0309  0.0309  0.0309  0.0309  0.0309  0.0309  0.0309  0.0309  0.0309
  0.0312  0.0314  0.0312  0.0310  0.0315  0.0308  0.0313  0.0313  0.0311  0.0311  0.0310  0.0312
  0.0324  0.0328  0.0321  0.0318  0.0334  0.0318  0.0324  0.0326  0.0321  0.0321  0.0313  0.0321
  0.0343  0.0352  0.0334  0.0340  0.0363  0.0348  0.0340  0.0346  0.0336  0.0341  0.0317  0.0333
   -0.0049   -2.2150    8.1632   -9.7144  -20.7758   -8.6727
   -1.6168   -3.4439    2.9662   35.6462    3.1345  -26.5732
eta,q 0.96912 11.75068

---------------------------------------------------------------------
imgreg_4dfp /opt/freesurfer/average/711-2C_as_mni_average_305 /opt/freesurfer/average/711-2B_as_mni_average_305_mask talsrcimg_g11 none talsrcimg_to_711-2C_as_mni_average_305_t4 2311
---------------------------------------------------------------------

freesurfer imgreg_4dfp.c
/opt/freesurfer/average/711-2C_as_mni_average_305.4dfp.img
       256       256       256         1
  1.000000  1.000000  1.000000
orientation T byte_order littleendian
Reading image: /opt/freesurfer/average/711-2C_as_mni_average_305.4dfp.img
dimensions:      256       256       256
mmppix:       1.0000   -1.0000   -1.0000
center:     128.0000 -129.0000 -129.0000
/opt/freesurfer/average/711-2B_as_mni_average_305_mask.4dfp.img
       256       256       256         1
  1.000000  1.000000  1.000000
orientation T byte_order littleendian
Reading mask: /opt/freesurfer/average/711-2B_as_mni_average_305_mask.4dfp.img (2306576 pixels)
talsrcimg_g11.4dfp.img
       256       256       256         1
  1.000000  1.000000  1.000000
orientation T byte_order littleendian
Reading image: talsrcimg_g11.4dfp.img
dimensions:      256       256       256
mmppix:       1.0000   -1.0000   -1.0000
center:     128.0000 -129.0000 -129.0000
fimgreg.f
image alignment mode   2311 decimal      907 hex
parameters
   -0.0049   -2.2150    8.1632   -9.7144  -20.7758   -8.6727
   -1.6168   -3.4439    2.9662   35.6462    3.1345  -26.5732
eta,q 0.96912 11.75068
niter,ni,del,rscale     5    3    5.0000    0.8000
parameters
    0.0115   -2.1864    8.1403   -9.4350  -20.5019   -7.6983
   -1.6741   -3.3055    3.0131   36.1290    3.3157  -26.7534
eta,q 0.96932 11.82201
  0.0325  0.0325  0.0317  0.0314  0.0327  0.0326  0.0322  0.0326  0.0320  0.0323  0.0312  0.0315
  0.0316  0.0316  0.0313  0.0310  0.0318  0.0319  0.0314  0.0315  0.0313  0.0316  0.0309  0.0310
  0.0311  0.0311  0.0310  0.0309  0.0312  0.0313  0.0309  0.0309  0.0309  0.0310  0.0307  0.0308
  0.0309  0.0309  0.0309  0.0309  0.0309  0.0309  0.0307  0.0307  0.0307  0.0307  0.0307  0.0307
  0.0310  0.0310  0.0310  0.0309  0.0310  0.0307  0.0309  0.0309  0.0308  0.0307  0.0307  0.0308
  0.0316  0.0315  0.0313  0.0310  0.0315  0.0309  0.0314  0.0314  0.0313  0.0311  0.0309  0.0311
  0.0324  0.0324  0.0318  0.0312  0.0323  0.0318  0.0322  0.0324  0.0320  0.0319  0.0311  0.0316
niter,ni,del,rscale     4    3    5.0000    0.7000
parameters
    0.0198   -2.2559    8.2002   -9.0155  -20.4533   -7.4712
   -1.6674   -3.2500    3.0619   36.0962    3.4016  -26.6703
eta,q 0.96935 11.85644
  0.0319  0.0318  0.0315  0.0310  0.0320  0.0321  0.0318  0.0321  0.0316  0.0317  0.0310  0.0313
  0.0312  0.0312  0.0311  0.0308  0.0313  0.0315  0.0312  0.0313  0.0311  0.0312  0.0308  0.0310
  0.0308  0.0308  0.0308  0.0307  0.0309  0.0310  0.0308  0.0308  0.0308  0.0308  0.0307  0.0307
  0.0307  0.0307  0.0307  0.0307  0.0307  0.0307  0.0307  0.0307  0.0306  0.0306  0.0306  0.0307
  0.0308  0.0309  0.0308  0.0307  0.0308  0.0307  0.0308  0.0308  0.0307  0.0307  0.0307  0.0307
  0.0312  0.0313  0.0310  0.0307  0.0313  0.0311  0.0312  0.0313  0.0311  0.0311  0.0308  0.0309
  0.0319  0.0320  0.0314  0.0309  0.0320  0.0320  0.0318  0.0320  0.0316  0.0319  0.0310  0.0313
niter,ni,del,rscale     3    3    5.0000    0.6000
parameters
    0.0378   -2.2903    8.2399   -8.8269  -20.4076   -7.2312
   -1.6877   -3.2138    3.0855   36.1052    3.3786  -26.5967
eta,q 0.96938 11.87640
  0.0316  0.0315  0.0312  0.0308  0.0316  0.0318  0.0315  0.0317  0.0314  0.0314  0.0309  0.0311
  0.0311  0.0310  0.0309  0.0307  0.0311  0.0313  0.0310  0.0311  0.0310  0.0310  0.0307  0.0309
  0.0308  0.0307  0.0307  0.0307  0.0308  0.0309  0.0307  0.0307  0.0307  0.0308  0.0306  0.0307
  0.0307  0.0306  0.0307  0.0307  0.0306  0.0306  0.0306  0.0306  0.0306  0.0306  0.0306  0.0306
  0.0307  0.0308  0.0307  0.0306  0.0307  0.0307  0.0307  0.0307  0.0307  0.0307  0.0307  0.0307
  0.0310  0.0311  0.0309  0.0307  0.0311  0.0309  0.0310  0.0311  0.0309  0.0310  0.0308  0.0308
  0.0315  0.0316  0.0312  0.0308  0.0316  0.0316  0.0315  0.0316  0.0314  0.0315  0.0309  0.0311
niter,ni,del,rscale     2    3    5.0000    0.5000
parameters
    0.0497   -2.3108    8.2833   -8.5218  -20.3743   -7.0311
   -1.7285   -3.1828    3.1101   36.1064    3.3613  -26.5281
eta,q 0.96940 11.90144
  0.0313  0.0312  0.0310  0.0307  0.0313  0.0315  0.0312  0.0314  0.0311  0.0312  0.0308  0.0310
  0.0309  0.0309  0.0308  0.0307  0.0309  0.0311  0.0309  0.0309  0.0309  0.0309  0.0307  0.0308
  0.0307  0.0307  0.0307  0.0307  0.0307  0.0308  0.0307  0.0307  0.0307  0.0307  0.0306  0.0307
  0.0306  0.0306  0.0306  0.0306  0.0306  0.0306  0.0306  0.0306  0.0306  0.0306  0.0306  0.0306
  0.0307  0.0307  0.0307  0.0306  0.0307  0.0306  0.0307  0.0307  0.0307  0.0307  0.0306  0.0306
  0.0309  0.0309  0.0308  0.0306  0.0309  0.0308  0.0309  0.0309  0.0308  0.0308  0.0307  0.0307
  0.0312  0.0313  0.0310  0.0307  0.0313  0.0313  0.0312  0.0313  0.0311  0.0312  0.0308  0.0309
niter,ni,del,rscale     1    3    5.0000    0.4000
parameters
    0.0624   -2.3289    8.3226   -8.2458  -20.3563   -6.8703
   -1.7816   -3.1688    3.1249   36.1061    3.3593  -26.4693
eta,q 0.96942 11.92268
  0.0310  0.0310  0.0309  0.0307  0.0311  0.0312  0.0310  0.0311  0.0309  0.0310  0.0307  0.0308
  0.0308  0.0308  0.0307  0.0307  0.0308  0.0309  0.0308  0.0308  0.0307  0.0308  0.0306  0.0307
  0.0307  0.0306  0.0306  0.0306  0.0306  0.0307  0.0306  0.0306  0.0306  0.0306  0.0306  0.0306
  0.0306  0.0306  0.0306  0.0306  0.0306  0.0306  0.0306  0.0306  0.0306  0.0306  0.0306  0.0306
  0.0306  0.0307  0.0306  0.0306  0.0306  0.0306  0.0306  0.0307  0.0306  0.0306  0.0306  0.0306
  0.0308  0.0308  0.0307  0.0306  0.0308  0.0308  0.0308  0.0308  0.0307  0.0307  0.0306  0.0307
  0.0310  0.0310  0.0308  0.0307  0.0310  0.0311  0.0310  0.0311  0.0309  0.0310  0.0307  0.0308
registration optimization eta report
parameter search radius
    0.8000    0.8000    0.8000    2.4000    2.4000    2.4000
    2.4000    2.4000    2.4000    2.4000    2.4000    2.4000
100000*second partial in parameter space
       64.       65.       40.        1.        8.        9.
        7.        9.        6.        7.        2.        4.
  0.0310  0.0310  0.0309  0.0307  0.0311  0.0312  0.0310  0.0311  0.0309  0.0310  0.0307  0.0308
  0.0308  0.0308  0.0307  0.0307  0.0308  0.0309  0.0308  0.0308  0.0307  0.0308  0.0306  0.0307
  0.0307  0.0306  0.0306  0.0306  0.0306  0.0307  0.0306  0.0306  0.0306  0.0306  0.0306  0.0306
  0.0306  0.0306  0.0306  0.0306  0.0306  0.0306  0.0306  0.0306  0.0306  0.0306  0.0306  0.0306
  0.0306  0.0307  0.0306  0.0306  0.0306  0.0306  0.0306  0.0307  0.0306  0.0306  0.0306  0.0306
  0.0308  0.0308  0.0307  0.0306  0.0308  0.0308  0.0308  0.0308  0.0307  0.0307  0.0306  0.0307
  0.0310  0.0310  0.0308  0.0307  0.0310  0.0311  0.0310  0.0311  0.0309  0.0310  0.0307  0.0308
    0.0624   -2.3289    8.3226   -8.2458  -20.3563   -6.8703
   -1.7816   -3.1688    3.1249   36.1061    3.3593  -26.4693
eta,q 0.96942 11.92268

---------------------------------------------------------------------
imgreg_4dfp /opt/freesurfer/average/711-2C_as_mni_average_305 /opt/freesurfer/average/711-2B_as_mni_average_305_mask talsrcimg_g11 none talsrcimg_to_711-2C_as_mni_average_305_t4 2311
---------------------------------------------------------------------

freesurfer imgreg_4dfp.c
/opt/freesurfer/average/711-2C_as_mni_average_305.4dfp.img
       256       256       256         1
  1.000000  1.000000  1.000000
orientation T byte_order littleendian
Reading image: /opt/freesurfer/average/711-2C_as_mni_average_305.4dfp.img
dimensions:      256       256       256
mmppix:       1.0000   -1.0000   -1.0000
center:     128.0000 -129.0000 -129.0000
/opt/freesurfer/average/711-2B_as_mni_average_305_mask.4dfp.img
       256       256       256         1
  1.000000  1.000000  1.000000
orientation T byte_order littleendian
Reading mask: /opt/freesurfer/average/711-2B_as_mni_average_305_mask.4dfp.img (2306576 pixels)
talsrcimg_g11.4dfp.img
       256       256       256         1
  1.000000  1.000000  1.000000
orientation T byte_order littleendian
Reading image: talsrcimg_g11.4dfp.img
dimensions:      256       256       256
mmppix:       1.0000   -1.0000   -1.0000
center:     128.0000 -129.0000 -129.0000
fimgreg.f
image alignment mode   2311 decimal      907 hex
parameters
    0.0624   -2.3289    8.3226   -8.2458  -20.3563   -6.8703
   -1.7816   -3.1688    3.1249   36.1061    3.3593  -26.4693
eta,q 0.96942 11.92267
niter,ni,del,rscale     5    3    5.0000    0.8000
parameters
    0.0420   -2.3498    8.3753   -9.0393  -20.3786   -7.4337
   -1.6375   -3.2477    3.0742   35.7867    3.3795  -26.4547
eta,q 0.96934 11.85275
  0.0322  0.0321  0.0317  0.0309  0.0322  0.0321  0.0322  0.0324  0.0319  0.0319  0.0311  0.0315
  0.0313  0.0313  0.0311  0.0307  0.0314  0.0314  0.0314  0.0314  0.0312  0.0312  0.0308  0.0310
  0.0308  0.0308  0.0307  0.0306  0.0308  0.0309  0.0309  0.0308  0.0308  0.0308  0.0307  0.0308
  0.0306  0.0306  0.0306  0.0306  0.0306  0.0306  0.0307  0.0307  0.0307  0.0307  0.0307  0.0307
  0.0308  0.0308  0.0307  0.0306  0.0308  0.0308  0.0308  0.0309  0.0308  0.0308  0.0307  0.0308
  0.0313  0.0313  0.0310  0.0309  0.0314  0.0317  0.0313  0.0315  0.0312  0.0314  0.0309  0.0310
  0.0323  0.0322  0.0315  0.0315  0.0323  0.0336  0.0320  0.0325  0.0320  0.0324  0.0311  0.0315
niter,ni,del,rscale     4    3    5.0000    0.7000
parameters
    0.0372   -2.3194    8.2924   -8.9391  -20.3615   -7.3743
   -1.6733   -3.2535    3.0701   35.9454    3.3493  -26.5326
eta,q 0.96936 11.86412
  0.0319  0.0319  0.0313  0.0309  0.0319  0.0320  0.0318  0.0321  0.0316  0.0318  0.0310  0.0313
  0.0312  0.0313  0.0309  0.0308  0.0313  0.0314  0.0312  0.0312  0.0311  0.0312  0.0308  0.0309
  0.0308  0.0308  0.0307  0.0307  0.0308  0.0309  0.0308  0.0308  0.0308  0.0308  0.0307  0.0307
  0.0307  0.0307  0.0307  0.0307  0.0307  0.0307  0.0307  0.0306  0.0306  0.0306  0.0306  0.0306
  0.0308  0.0308  0.0308  0.0306  0.0308  0.0307  0.0308  0.0308  0.0307  0.0307  0.0307  0.0307
  0.0312  0.0312  0.0311  0.0307  0.0312  0.0311  0.0312  0.0313  0.0311  0.0310  0.0308  0.0310
  0.0319  0.0318  0.0315  0.0310  0.0319  0.0322  0.0318  0.0320  0.0316  0.0317  0.0310  0.0313
niter,ni,del,rscale     3    3    5.0000    0.6000
parameters
    0.0385   -2.3174    8.2785   -8.7691  -20.3622   -7.1892
   -1.6933   -3.2232    3.1028   36.0448    3.3666  -26.5362
eta,q 0.96938 11.88154
  0.0315  0.0316  0.0312  0.0308  0.0316  0.0317  0.0315  0.0317  0.0314  0.0315  0.0309  0.0311
  0.0311  0.0311  0.0309  0.0307  0.0311  0.0313  0.0310  0.0311  0.0310  0.0311  0.0307  0.0308
  0.0307  0.0308  0.0307  0.0307  0.0308  0.0309  0.0307  0.0307  0.0307  0.0308  0.0306  0.0307
  0.0306  0.0306  0.0306  0.0306  0.0306  0.0306  0.0306  0.0306  0.0306  0.0306  0.0306  0.0306
  0.0307  0.0307  0.0307  0.0306  0.0308  0.0307  0.0307  0.0307  0.0307  0.0307  0.0307  0.0307
  0.0310  0.0311  0.0309  0.0307  0.0311  0.0309  0.0310  0.0311  0.0309  0.0309  0.0307  0.0308
  0.0315  0.0316  0.0312  0.0308  0.0316  0.0317  0.0315  0.0317  0.0314  0.0314  0.0309  0.0311
niter,ni,del,rscale     2    3    5.0000    0.5000
parameters
    0.0487   -2.3249    8.2975   -8.5097  -20.3627   -7.0112
   -1.7221   -3.1890    3.1196   36.0810    3.3593  -26.4910
eta,q 0.96941 11.90246
  0.0313  0.0313  0.0310  0.0307  0.0313  0.0314  0.0312  0.0314  0.0311  0.0312  0.0308  0.0309
  0.0309  0.0309  0.0308  0.0307  0.0309  0.0311  0.0309  0.0309  0.0308  0.0309  0.0307  0.0308
  0.0307  0.0307  0.0307  0.0307  0.0307  0.0308  0.0307  0.0307  0.0307  0.0307  0.0306  0.0307
  0.0306  0.0306  0.0306  0.0306  0.0306  0.0306  0.0306  0.0306  0.0306  0.0306  0.0306  0.0306
  0.0307  0.0307  0.0307  0.0306  0.0307  0.0306  0.0307  0.0307  0.0307  0.0306  0.0306  0.0306
  0.0309  0.0309  0.0308  0.0306  0.0309  0.0308  0.0309  0.0309  0.0308  0.0308  0.0307  0.0307
  0.0312  0.0313  0.0310  0.0307  0.0313  0.0313  0.0312  0.0313  0.0311  0.0312  0.0308  0.0309
niter,ni,del,rscale     1    3    5.0000    0.4000
parameters
    0.0605   -2.3329    8.3284   -8.2222  -20.3500   -6.8588
   -1.7777   -3.1705    3.1339   36.0864    3.3710  -26.4596
eta,q 0.96942 11.92430
  0.0310  0.0310  0.0309  0.0307  0.0310  0.0312  0.0310  0.0311  0.0309  0.0310  0.0307  0.0308
  0.0308  0.0308  0.0307  0.0307  0.0308  0.0309  0.0308  0.0308  0.0307  0.0308  0.0306  0.0307
  0.0307  0.0306  0.0306  0.0306  0.0306  0.0307  0.0306  0.0306  0.0306  0.0306  0.0306  0.0306
  0.0306  0.0306  0.0306  0.0306  0.0306  0.0306  0.0306  0.0306  0.0306  0.0306  0.0306  0.0306
  0.0306  0.0306  0.0306  0.0306  0.0306  0.0306  0.0306  0.0306  0.0306  0.0306  0.0306  0.0306
  0.0308  0.0308  0.0307  0.0306  0.0308  0.0308  0.0308  0.0308  0.0307  0.0307  0.0306  0.0307
  0.0310  0.0310  0.0308  0.0307  0.0310  0.0311  0.0310  0.0311  0.0309  0.0310  0.0307  0.0308
registration optimization eta report
parameter search radius
    0.8000    0.8000    0.8000    2.4000    2.4000    2.4000
    2.4000    2.4000    2.4000    2.4000    2.4000    2.4000
100000*second partial in parameter space
       64.       65.       40.        1.        8.        9.
        7.        9.        6.        7.        2.        4.
  0.0310  0.0310  0.0309  0.0307  0.0310  0.0312  0.0310  0.0311  0.0309  0.0310  0.0307  0.0308
  0.0308  0.0308  0.0307  0.0307  0.0308  0.0309  0.0308  0.0308  0.0307  0.0308  0.0306  0.0307
  0.0307  0.0306  0.0306  0.0306  0.0306  0.0307  0.0306  0.0306  0.0306  0.0306  0.0306  0.0306
  0.0306  0.0306  0.0306  0.0306  0.0306  0.0306  0.0306  0.0306  0.0306  0.0306  0.0306  0.0306
  0.0306  0.0306  0.0306  0.0306  0.0306  0.0306  0.0306  0.0306  0.0306  0.0306  0.0306  0.0306
  0.0308  0.0308  0.0307  0.0306  0.0308  0.0308  0.0308  0.0308  0.0307  0.0307  0.0306  0.0307
  0.0310  0.0310  0.0308  0.0307  0.0310  0.0311  0.0310  0.0311  0.0309  0.0310  0.0307  0.0308
    0.0605   -2.3329    8.3284   -8.2222  -20.3500   -6.8588
   -1.7777   -3.1705    3.1339   36.0864    3.3710  -26.4596
eta,q 0.96942 11.92430

---------------------------------------------------------------------
compute_vox2vox talsrcimg talsrcimg_to_711-2C_as_mni_average_305_t4 /opt/freesurfer/average/711-2C_as_mni_average_305
---------------------------------------------------------------------

freesurfer compute_vox2vox.c
Reading: talsrcimg.4dfp.ifh
Reading: talsrcimg_to_711-2C_as_mni_average_305_t4
Reading: /opt/freesurfer/average/711-2C_as_mni_average_305.4dfp.ifh
Writing: talsrcimg_to_711-2C_as_mni_average_305_t4_vox2vox.txt

start time Sun Mar 8 19:51:09 CET 2026
end		time Sun Mar 8 19:51:23 CET 2026

mpr2mni305 success

avi2talxfm orig_nu.mgz /opt/freesurfer/average/mni305.cor.mgz talsrcimg_to_711-2C_as_mni_average_305_t4_vox2vox.txt transforms/talairach.auto.xfm
avi2talxfm done
mv -f /out/sourcedata/freesurfer/sub-v1s14x0051581_ses-1/mri/talsrcimg_to_711-2C_as_mni_average_305_t4_vox2vox.txt /out/sourcedata/freesurfer/sub-v1s14x0051581_ses-1/mri/transforms/talsrcimg_to_711-2C_as_mni_average_305_t4_vox2vox.txt
lta_convert --src orig_nu.mgz --trg /opt/freesurfer/average/mni305.cor.mgz --inxfm transforms/talairach.auto.xfm --outlta transforms/talairach.auto.xfm.lta --subject fsaverage
7.3.2

--src: orig_nu.mgz src image (geometry).
--trg: /opt/freesurfer/average/mni305.cor.mgz trg image (geometry).
--inmni: transforms/talairach.auto.xfm input MNI/XFM transform.
--outlta: transforms/talairach.auto.xfm.lta output LTA.
--s: fsaverage subject name
 LTA read, type : 1
 1.08758   0.02447   0.03240   3.61684;
-0.04564   0.95019   0.31463  -21.18974;
-0.02211  -0.43146   1.11167   28.35971;
 0.00000   0.00000   0.00000   1.00000;
setting subject to fsaverage
Writing  LTA to file transforms/talairach.auto.xfm.lta...
lta_convert successful.
 
 
Started at Sun Mar 8 19:51:09 CET 2026
Ended   at Sun Mar  8 19:51:23 CET 2026
talairach_avi done
