status file for recon-all
Sun Mar  8 20:24:01 CET 2026
#@# Tessellate rh Sun Mar  8 20:24:01 CET 2026
#@# Smooth1 rh Sun Mar  8 20:24:04 CET 2026
#@# Inflation1 rh Sun Mar  8 20:24:06 CET 2026
#@# QSphere rh Sun Mar  8 20:24:15 CET 2026
#@# Fix Topology rh Sun Mar  8 20:25:02 CET 2026
#@# Smooth2 rh Sun Mar  8 20:31:42 CET 2026
#@# Inflation2 rh Sun Mar  8 20:31:44 CET 2026
#@# Curv .H and .K rh Sun Mar  8 20:31:54 CET 2026
#@# Sphere rh Sun Mar  8 20:32:37 CET 2026
#@# Surf Reg rh Sun Mar  8 20:35:12 CET 2026
#@# Jacobian white rh Sun Mar  8 20:38:33 CET 2026
#@# AvgCurv rh Sun Mar  8 20:38:33 CET 2026
#@# Cortical Parc rh Sun Mar  8 20:38:34 CET 2026
#@# white curv rh Sun Mar  8 20:44:17 CET 2026
#@# white area rh Sun Mar  8 20:44:18 CET 2026
#@# pial curv rh Sun Mar  8 20:44:19 CET 2026
#@# pial area rh Sun Mar  8 20:44:20 CET 2026
#@# thickness rh Sun Mar  8 20:44:21 CET 2026
#@# area and vertex vol rh Sun Mar  8 20:44:43 CET 2026
#@# Curvature Stats rh Sun Mar  8 20:44:44 CET 2026
#@# Cortical Parc 2 rh Sun Mar  8 20:44:45 CET 2026
#@# Cortical Parc 3 rh Sun Mar  8 20:44:56 CET 2026
#@# WM/GM Contrast rh Sun Mar  8 20:45:04 CET 2026
recon-all -s sub-v1s14x0051572_ses-1 finished without error at Sun Mar  8 20:45:06 CET 2026



#New# invocation of recon-all 



status file for recon-all
Sun Mar  8 20:53:12 CET 2026
#@# white curv rh Sun Mar  8 20:53:12 CET 2026
#@# white area rh Sun Mar  8 20:53:12 CET 2026
#@# pial curv rh Sun Mar  8 20:53:12 CET 2026
#@# pial area rh Sun Mar  8 20:53:12 CET 2026
#@# thickness rh Sun Mar  8 20:53:13 CET 2026
#@# area and vertex vol rh Sun Mar  8 20:53:13 CET 2026
#@# Parcellation Stats rh Sun Mar  8 20:53:13 CET 2026
#@# Parcellation Stats 2 rh Sun Mar  8 20:53:30 CET 2026
#@# Parcellation Stats 3 rh Sun Mar  8 20:53:39 CET 2026
#@# BA_exvivo Labels rh Sun Mar  8 20:53:48 CET 2026
recon-all -s sub-v1s14x0051572_ses-1 finished without error at Sun Mar  8 20:55:45 CET 2026
