status file for recon-all
Sun Mar  8 20:03:11 CET 2026
#@# Tessellate lh Sun Mar  8 20:03:11 CET 2026
#@# Smooth1 lh Sun Mar  8 20:03:14 CET 2026
#@# Inflation1 lh Sun Mar  8 20:03:16 CET 2026
#@# QSphere lh Sun Mar  8 20:03:25 CET 2026
#@# Fix Topology lh Sun Mar  8 20:04:06 CET 2026
#@# Smooth2 lh Sun Mar  8 20:10:56 CET 2026
#@# Inflation2 lh Sun Mar  8 20:10:58 CET 2026
#@# Curv .H and .K lh Sun Mar  8 20:11:06 CET 2026
#@# Sphere lh Sun Mar  8 20:11:48 CET 2026
#@# Surf Reg lh Sun Mar  8 20:14:05 CET 2026
#@# Jacobian white lh Sun Mar  8 20:17:08 CET 2026
#@# AvgCurv lh Sun Mar  8 20:17:09 CET 2026
#@# Cortical Parc lh Sun Mar  8 20:17:09 CET 2026
#@# white curv lh Sun Mar  8 20:23:10 CET 2026
#@# white area lh Sun Mar  8 20:23:11 CET 2026
#@# pial curv lh Sun Mar  8 20:23:12 CET 2026
#@# pial area lh Sun Mar  8 20:23:13 CET 2026
#@# thickness lh Sun Mar  8 20:23:14 CET 2026
#@# area and vertex vol lh Sun Mar  8 20:23:36 CET 2026
#@# Curvature Stats lh Sun Mar  8 20:23:37 CET 2026
#@# Cortical Parc 2 lh Sun Mar  8 20:23:39 CET 2026
#@# Cortical Parc 3 lh Sun Mar  8 20:23:49 CET 2026
#@# WM/GM Contrast lh Sun Mar  8 20:23:57 CET 2026
recon-all -s sub-v1s14x0051572_ses-1 finished without error at Sun Mar  8 20:23:59 CET 2026



#New# invocation of recon-all 



status file for recon-all
Sun Mar  8 20:50:37 CET 2026
#@# white curv lh Sun Mar  8 20:50:37 CET 2026
#@# white area lh Sun Mar  8 20:50:37 CET 2026
#@# pial curv lh Sun Mar  8 20:50:37 CET 2026
#@# pial area lh Sun Mar  8 20:50:37 CET 2026
#@# thickness lh Sun Mar  8 20:50:37 CET 2026
#@# area and vertex vol lh Sun Mar  8 20:50:37 CET 2026
#@# Parcellation Stats lh Sun Mar  8 20:50:37 CET 2026
#@# Parcellation Stats 2 lh Sun Mar  8 20:50:55 CET 2026
#@# Parcellation Stats 3 lh Sun Mar  8 20:51:03 CET 2026
#@# BA_exvivo Labels lh Sun Mar  8 20:51:12 CET 2026
recon-all -s sub-v1s14x0051572_ses-1 finished without error at Sun Mar  8 20:53:10 CET 2026
