status file for recon-all
Sun Mar  8 18:48:08 CET 2026
#@# MotionCor Sun Mar  8 18:48:09 CET 2026
#@# Talairach Sun Mar  8 18:48:15 CET 2026
#@# Talairach Failure Detection Sun Mar  8 18:51:04 CET 2026
#@# Nu Intensity Correction Sun Mar  8 18:51:04 CET 2026
#@# Intensity Normalization Sun Mar  8 18:53:48 CET 2026
recon-all -s sub-v1s14x0051572_ses-1 finished without error at Sun Mar  8 18:54:48 CET 2026



#New# invocation of recon-all 



status file for recon-all
Sun Mar  8 19:01:05 CET 2026
#@# EM Registration Sun Mar  8 19:01:05 CET 2026
recon-all -s sub-v1s14x0051572_ses-1 finished without error at Sun Mar  8 19:02:29 CET 2026



#New# invocation of recon-all 



status file for recon-all
Sun Mar  8 19:02:31 CET 2026
#@# CA Normalize Sun Mar  8 19:02:31 CET 2026
#@# CA Reg Sun Mar  8 19:03:23 CET 2026
#@# SubCort Seg Sun Mar  8 19:36:32 CET 2026
#@# CC Seg Sun Mar  8 19:59:10 CET 2026
#@# Merge ASeg Sun Mar  8 19:59:30 CET 2026
#@# Intensity Normalization2 Sun Mar  8 19:59:30 CET 2026
#@# Mask BFS Sun Mar  8 20:00:52 CET 2026
#@# WM Segmentation Sun Mar  8 20:00:53 CET 2026
#@# Fill Sun Mar  8 20:02:29 CET 2026
recon-all -s sub-v1s14x0051572_ses-1 finished without error at Sun Mar  8 20:03:06 CET 2026



#New# invocation of recon-all 



status file for recon-all
Sun Mar  8 20:45:11 CET 2026
#@# white curv lh Sun Mar  8 20:45:11 CET 2026
#@# white area lh Sun Mar  8 20:45:11 CET 2026
#@# pial curv lh Sun Mar  8 20:45:11 CET 2026
#@# pial area lh Sun Mar  8 20:45:11 CET 2026
#@# thickness lh Sun Mar  8 20:45:11 CET 2026
#@# area and vertex vol lh Sun Mar  8 20:45:11 CET 2026
#@# white curv rh Sun Mar  8 20:45:11 CET 2026
#@# white area rh Sun Mar  8 20:45:11 CET 2026
#@# pial curv rh Sun Mar  8 20:45:11 CET 2026
#@# pial area rh Sun Mar  8 20:45:11 CET 2026
#@# thickness rh Sun Mar  8 20:45:11 CET 2026
#@# area and vertex vol rh Sun Mar  8 20:45:11 CET 2026
#@# Cortical ribbon mask Sun Mar  8 20:45:11 CET 2026
recon-all -s sub-v1s14x0051572_ses-1 finished without error at Sun Mar  8 20:50:34 CET 2026



#New# invocation of recon-all 



status file for recon-all
Sun Mar  8 20:55:49 CET 2026
#@# white curv lh Sun Mar  8 20:55:49 CET 2026
#@# white area lh Sun Mar  8 20:55:49 CET 2026
#@# pial curv lh Sun Mar  8 20:55:49 CET 2026
#@# pial area lh Sun Mar  8 20:55:49 CET 2026
#@# thickness lh Sun Mar  8 20:55:49 CET 2026
#@# area and vertex vol lh Sun Mar  8 20:55:49 CET 2026
#@# white curv rh Sun Mar  8 20:55:49 CET 2026
#@# white area rh Sun Mar  8 20:55:49 CET 2026
#@# pial curv rh Sun Mar  8 20:55:49 CET 2026
#@# pial area rh Sun Mar  8 20:55:49 CET 2026
#@# thickness rh Sun Mar  8 20:55:49 CET 2026
#@# area and vertex vol rh Sun Mar  8 20:55:49 CET 2026
#@# Curvature Stats lh Sun Mar  8 20:55:49 CET 2026
#@# Curvature Stats rh Sun Mar  8 20:55:51 CET 2026
#@# Relabel Hypointensities Sun Mar  8 20:55:53 CET 2026
#@# APas-to-ASeg Sun Mar  8 20:56:03 CET 2026
#@# AParc-to-ASeg aparc Sun Mar  8 20:56:09 CET 2026
#@# AParc-to-ASeg aparc.a2009s Sun Mar  8 20:56:28 CET 2026
#@# AParc-to-ASeg aparc.DKTatlas Sun Mar  8 20:56:50 CET 2026
#@# WMParc Sun Mar  8 20:57:12 CET 2026
#@# ASeg Stats Sun Mar  8 20:59:08 CET 2026
recon-all -s sub-v1s14x0051572_ses-1 finished without error at Sun Mar  8 20:59:26 CET 2026
