/out/sourcedata/freesurfer/sub-v1s14x0051562_ses-1/mri
/opt/freesurfer/bin/talairach_avi
--i orig_nu.mgz --xfm transforms/talairach.auto.xfm
talairach_avi 7.3.2
Linux dna056 5.14.0-427.37.1.el9_4.x86_64 #1 SMP PREEMPT_DYNAMIC Fri Sep 13 12:41:50 EDT 2024 x86_64 x86_64 x86_64 GNU/Linux
Sun Mar  8 17:27:44 CET 2026
mri_convert orig_nu.mgz talsrcimg.img 
reading from orig_nu.mgz...
TR=0.00, TE=0.00, TI=0.00, flip angle=0.00
i_ras = (-1, 5.82077e-10, 3.72529e-09)
j_ras = (0, 0, -1)
k_ras = (3.0268e-09, 1, 3.72529e-09)
writing to talsrcimg.img...
Analyze Output Matrix
-1.00000   0.00000   0.00000   130.44431;
 0.00000   0.00000   1.00000  -124.61954;
 0.00000  -1.00000   0.00000   169.50447;
 0.00000   0.00000   0.00000   1.00000;
--------------------
INFO: set hdr.hist.orient to -1
mpr2mni305 talsrcimg
Sun Mar  8 17:27:45 CET 2026
/opt/freesurfer/bin/mpr2mni305 talsrcimg
mpr2mni305 7.3.2
target=711-2C_as_mni_average_305

---------------------------------------------------------------------
analyzeto4dfp talsrcimg -O0 -y
---------------------------------------------------------------------

freesurfer ifh2hdr.c
Sun Mar  8 17:27:45 2026
Writing: talsrcimg.4dfp.hdr
freesurfer analyzeto4dfp.c
Reading: talsrcimg.hdr
header size 348 bytes
hdr.dime.datatype	offset=70	value=2
hdr.dime.bitpix		offset=72	value=8
hdr.hist.orient		offset=252	value=-1
dimensionality     4
dimensions       256       256       256         1
Reading: talsrcimg.img
Writing: talsrcimg.4dfp.img
Writing: talsrcimg.4dfp.ifh
ifh2hdr talsrcimg -r0to239
ori=2

---------------------------------------------------------------------
gauss_4dfp talsrcimg 1.1
---------------------------------------------------------------------

freesurfer gauss_4dfp.c
Reading: talsrcimg.4dfp.img
Writing: talsrcimg_g11.4dfp.img
image dimensions 256 256 256 padded to 288 288 288
processing volume 1freesurfer ifh2hdr.c
Sun Mar  8 17:27:47 2026
Writing: talsrcimg_g11.4dfp.hdr

Writing: talsrcimg_g11.4dfp.ifh
including: talsrcimg.4dfp.img.rec in talsrcimg_g11.4dfp.img.rec

---------------------------------------------------------------------
imgreg_4dfp /opt/freesurfer/average/711-2C_as_mni_average_305 none talsrcimg_g11 none talsrcimg_to_711-2C_as_mni_average_305_t4 4355
---------------------------------------------------------------------

freesurfer imgreg_4dfp.c
/opt/freesurfer/average/711-2C_as_mni_average_305.4dfp.img
       256       256       256         1
  1.000000  1.000000  1.000000
orientation T byte_order littleendian
Reading image: /opt/freesurfer/average/711-2C_as_mni_average_305.4dfp.img
dimensions:      256       256       256
mmppix:       1.0000   -1.0000   -1.0000
center:     128.0000 -129.0000 -129.0000
talsrcimg_g11.4dfp.img
       256       256       256         1
  1.000000  1.000000  1.000000
orientation T byte_order littleendian
Reading image: talsrcimg_g11.4dfp.img
dimensions:      256       256       256
mmppix:       1.0000   -1.0000   -1.0000
center:     128.0000 -129.0000 -129.0000
t4_read: open error in t4_sub.f l:  41 t4_file(1:l)talsrcimg_to_711-2C_as_mni_average_305_t4 
t4_read: transform initialized to I4
rotation matrix determinant  1.000000
image alignment mode   4355 decimal     1103 hex
   -7.5000  -45.0000  -45.0000 8372.0586   22.9521
    0.0000  -45.0000  -45.0000 8698.2607   22.9587
    7.5000  -45.0000  -45.0000 8316.1895   22.9296
   -7.5000  -37.5000  -45.0000 8684.4648   22.9267
    0.0000  -37.5000  -45.0000 9030.4619   22.9302
    7.5000  -37.5000  -45.0000 8622.0723   22.9011
   -7.5000  -30.0000  -45.0000 9271.9346   22.9259
    0.0000  -30.0000  -45.0000 9671.6787   22.9231
    7.5000  -30.0000  -45.0000 9231.9785   22.8831
   -7.5000  -22.5000  -45.0000 9833.9658   22.9531
    0.0000  -22.5000  -45.000010237.1387   22.9476
    7.5000  -22.5000  -45.0000 9788.8994   22.8949
   -7.5000  -15.0000  -45.000010282.8467   22.9819
    0.0000  -15.0000  -45.000010710.1543   22.9783
    7.5000  -15.0000  -45.000010260.9902   22.9237
   -7.5000   -7.5000  -45.000010706.6777   22.9803
    0.0000   -7.5000  -45.000011148.0742   22.9822
    7.5000   -7.5000  -45.000010702.3887   22.9405
   -7.5000    0.0000  -45.000011060.9473   22.9521
    0.0000    0.0000  -45.000011527.2227   22.9587
    7.5000    0.0000  -45.000011064.6475   22.9296
   -7.5000    7.5000  -45.000010506.8857   22.9267
    0.0000    7.5000  -45.000010934.7227   22.9302
    7.5000    7.5000  -45.000010477.2480   22.9011
   -7.5000   15.0000  -45.0000 9708.9727   22.9259
    0.0000   15.0000  -45.000010083.9082   22.9231
    7.5000   15.0000  -45.0000 9635.6484   22.8831
   -7.5000   22.5000  -45.0000 8851.0498   22.9499
    0.0000   22.5000  -45.0000 9180.5400   22.9445
    7.5000   22.5000  -45.0000 8768.4248   22.8918
   -7.5000   30.0000  -45.0000 7994.3579   22.6757
    0.0000   30.0000  -45.0000 8278.6553   22.6721
    7.5000   30.0000  -45.0000 7900.4521   22.6182
   -7.5000   37.5000  -45.0000 7427.5337   22.6741
    0.0000   37.5000  -45.0000 7690.8809   22.6759
    7.5000   37.5000  -45.0000 7348.1543   22.6348
   -7.5000   45.0000  -45.0000 6558.7490   22.0981
    0.0000   45.0000  -45.0000 6815.6958   22.1046
    7.5000   45.0000  -45.0000 6506.2202   22.0765
   -7.5000  -45.0000  -37.5000 8986.7207   22.8126
    0.0000  -45.0000  -37.5000 9370.6621   22.8166
    7.5000  -45.0000  -37.5000 8935.4570   22.7833
   -7.5000  -37.5000  -37.5000 9299.0059   22.7772
    0.0000  -37.5000  -37.5000 9696.0322   22.7786
    7.5000  -37.5000  -37.5000 9241.8984   22.7440
   -7.5000  -30.0000  -37.5000 9907.2578   22.7577
    0.0000  -30.0000  -37.500010359.9736   22.7539
    7.5000  -30.0000  -37.5000 9866.3027   22.7106
   -7.5000  -22.5000  -37.500010510.2178   22.7787
    0.0000  -22.5000  -37.500010955.6299   22.7713
    7.5000  -22.5000  -37.500010429.2168   22.7172
   -7.5000  -15.0000  -37.500010990.5654   22.8162
    0.0000  -15.0000  -37.500011470.8320   22.8096
    7.5000  -15.0000  -37.500010925.6084   22.7542
   -7.5000   -7.5000  -37.500011432.9150   22.8308
    0.0000   -7.5000  -37.500011931.9619   22.8302
    7.5000   -7.5000  -37.500011383.0811   22.7869
   -7.5000    0.0000  -37.500011820.7617   22.8126
    0.0000    0.0000  -37.500012329.1797   22.8166
    7.5000    0.0000  -37.500011750.5713   22.7833
   -7.5000    7.5000  -37.500011188.7441   22.7772
    0.0000    7.5000  -37.500011679.5156   22.7786
    7.5000    7.5000  -37.500011116.7920   22.7440
   -7.5000   15.0000  -37.500010334.6729   22.7577
    0.0000   15.0000  -37.500010761.0596   22.7539
    7.5000   15.0000  -37.500010219.9512   22.7106
   -7.5000   22.5000  -37.5000 9374.9307   22.7756
    0.0000   22.5000  -37.5000 9747.2969   22.7682
    7.5000   22.5000  -37.5000 9265.6396   22.7141
   -7.5000   30.0000  -37.5000 8453.6455   22.5122
    0.0000   30.0000  -37.5000 8772.7881   22.5056
    7.5000   30.0000  -37.5000 8352.9043   22.4510
   -7.5000   37.5000  -37.5000 7848.8350   22.5265
    0.0000   37.5000  -37.5000 8130.6450   22.5259
    7.5000   37.5000  -37.5000 7750.9492   22.4832
   -7.5000   45.0000  -37.5000 6909.0220   21.9631
    0.0000   45.0000  -37.5000 7175.8555   21.9671
    7.5000   45.0000  -37.5000 6837.9585   21.9353
   -7.5000  -45.0000  -30.0000 9785.9600   23.7447
    0.0000  -45.0000  -30.000010220.6650   23.7498
    7.5000  -45.0000  -30.0000 9720.3154   23.7139
   -7.5000  -37.5000  -30.000010120.0000   23.6980
    0.0000  -37.5000  -30.000010561.6514   23.7030
    7.5000  -37.5000  -30.000010045.6514   23.6672
   -7.5000  -30.0000  -30.000010779.5361   23.6596
    0.0000  -30.0000  -30.000011259.3750   23.6585
    7.5000  -30.0000  -30.000010687.9814   23.6171
   -7.5000  -22.5000  -30.000011405.4141   23.6743
    0.0000  -22.5000  -30.000011906.3887   23.6651
    7.5000  -22.5000  -30.000011281.1289   23.6135
   -7.5000  -15.0000  -30.000011937.0039   23.7201
    0.0000  -15.0000  -30.000012460.2988   23.7083
    7.5000  -15.0000  -30.000011825.7129   23.6541
   -7.5000   -7.5000  -30.000012406.0400   23.7519
    0.0000   -7.5000  -30.000012930.1484   23.7484
    7.5000   -7.5000  -30.000012302.8818   23.7042
   -7.5000    0.0000  -30.000012792.2520   23.7447
    0.0000    0.0000  -30.000013320.9834   23.7498
    7.5000    0.0000  -30.000012665.7725   23.7139
   -7.5000    7.5000  -30.000012080.7676   23.6980
    0.0000    7.5000  -30.000012591.6172   23.7030
    7.5000    7.5000  -30.000011983.9912   23.6672
   -7.5000   15.0000  -30.000011116.7656   23.6596
    0.0000   15.0000  -30.000011581.1582   23.6585
    7.5000   15.0000  -30.000011010.4473   23.6171
   -7.5000   22.5000  -30.000010076.4844   23.6686
    0.0000   22.5000  -30.000010470.2646   23.6594
    7.5000   22.5000  -30.0000 9965.8174   23.6079
   -7.5000   30.0000  -30.0000 9061.3975   23.4062
    0.0000   30.0000  -30.0000 9420.8555   23.3946
    7.5000   30.0000  -30.0000 8971.7129   23.3411
   -7.5000   37.5000  -30.0000 8391.2725   23.4377
    0.0000   37.5000  -30.0000 8726.2617   23.4342
    7.5000   37.5000  -30.0000 8301.8867   23.3906
   -7.5000   45.0000  -30.0000 7370.2783   22.8777
    0.0000   45.0000  -30.0000 7643.1460   22.8824
    7.5000   45.0000  -30.0000 7292.4546   22.8481
   -7.5000  -45.0000  -22.500010547.1240   24.5443
    0.0000  -45.0000  -22.500011019.1670   24.5547
    7.5000  -45.0000  -22.500010482.7295   24.5206
   -7.5000  -37.5000  -22.500010907.2285   24.5002
    0.0000  -37.5000  -22.500011387.2461   24.5129
    7.5000  -37.5000  -22.500010818.1475   24.4814
   -7.5000  -30.0000  -22.500011616.2881   24.4652
    0.0000  -30.0000  -22.500012113.6621   24.4701
    7.5000  -30.0000  -22.500011496.0654   24.4351
   -7.5000  -22.5000  -22.500012266.7949   24.4792
    0.0000  -22.5000  -22.500012772.1982   24.4723
    7.5000  -22.5000  -22.500012136.3076   24.4270
   -7.5000  -15.0000  -22.500012859.0664   24.5198
    0.0000  -15.0000  -22.500013394.0205   24.5081
    7.5000  -15.0000  -22.500012715.9893   24.4584
   -7.5000   -7.5000  -22.500013366.2998   24.5498
    0.0000   -7.5000  -22.500013908.9395   24.5479
    7.5000   -7.5000  -22.500013200.2510   24.5057
   -7.5000    0.0000  -22.500013719.9883   24.5443
    0.0000    0.0000  -22.500014284.6611   24.5547
    7.5000    0.0000  -22.500013540.1328   24.5206
   -7.5000    7.5000  -22.500012937.6475   24.5002
    0.0000    7.5000  -22.500013489.0000   24.5129
    7.5000    7.5000  -22.500012791.6367   24.4814
   -7.5000   15.0000  -22.500011917.1807   24.4652
    0.0000   15.0000  -22.500012418.8516   24.4701
    7.5000   15.0000  -22.500011753.9268   24.4351
   -7.5000   22.5000  -22.500010765.9561   24.4716
    0.0000   22.5000  -22.500011199.3955   24.4648
    7.5000   22.5000  -22.500010629.5488   24.4194
   -7.5000   30.0000  -22.5000 9671.6484   24.1991
    0.0000   30.0000  -22.500010054.5967   24.1875
    7.5000   30.0000  -22.5000 9578.7002   24.1385
   -7.5000   37.5000  -22.5000 8922.1982   24.2287
    0.0000   37.5000  -22.5000 9282.9746   24.2268
    7.5000   37.5000  -22.5000 8835.2617   24.1852
   -7.5000   45.0000  -22.5000 7847.2041   23.6664
    0.0000   45.0000  -22.5000 8138.4023   23.6763
    7.5000   45.0000  -22.5000 7763.8027   23.6433
   -7.5000  -45.0000  -15.000011350.2412   25.1335
    0.0000  -45.0000  -15.000011828.0957   25.1455
    7.5000  -45.0000  -15.000011230.8691   25.1146
   -7.5000  -37.5000  -15.000011703.2627   25.1028
    0.0000  -37.5000  -15.000012212.4932   25.1161
    7.5000  -37.5000  -15.000011593.8340   25.0885
   -7.5000  -30.0000  -15.000012428.4160   25.0875
    0.0000  -30.0000  -15.000012954.7744   25.0923
    7.5000  -30.0000  -15.000012303.8135   25.0598
   -7.5000  -22.5000  -15.000013115.6240   25.1047
    0.0000  -22.5000  -15.000013646.5098   25.0987
    7.5000  -22.5000  -15.000012952.6260   25.0557
   -7.5000  -15.0000  -15.000013738.8887   25.1321
    0.0000  -15.0000  -15.000014325.4902   25.1230
    7.5000  -15.0000  -15.000013564.5674   25.0757
   -7.5000   -7.5000  -15.000014276.2119   25.1458
    0.0000   -7.5000  -15.000014865.5439   25.1458
    7.5000   -7.5000  -15.000014067.0215   25.1059
   -7.5000    0.0000  -15.000014602.0977   25.1335
    0.0000    0.0000  -15.000015210.5371   25.1455
    7.5000    0.0000  -15.000014400.9375   25.1146
   -7.5000    7.5000  -15.000013733.1045   25.1028
    0.0000    7.5000  -15.000014312.1602   25.1161
    7.5000    7.5000  -15.000013560.3135   25.0885
   -7.5000   15.0000  -15.000012618.8359   25.0875
    0.0000   15.0000  -15.000013151.0225   25.0923
    7.5000   15.0000  -15.000012455.1494   25.0598
   -7.5000   22.5000  -15.000011421.0000   25.0958
    0.0000   22.5000  -15.000011903.7520   25.0898
    7.5000   22.5000  -15.000011297.7129   25.0468
   -7.5000   30.0000  -15.000010278.5557   24.8068
    0.0000   30.0000  -15.000010677.2461   24.7979
    7.5000   30.0000  -15.000010150.2090   24.7511
   -7.5000   37.5000  -15.0000 9462.9189   24.8203
    0.0000   37.5000  -15.0000 9842.2930   24.8204
    7.5000   37.5000  -15.0000 9351.0107   24.7810
   -7.5000   45.0000  -15.0000 8308.0303   24.2496
    0.0000   45.0000  -15.0000 8624.3984   24.2610
    7.5000   45.0000  -15.0000 8216.6055   24.2309
   -7.5000  -45.0000   -7.500012148.5273   25.4446
    0.0000  -45.0000   -7.500012641.6543   25.4541
    7.5000  -45.0000   -7.500012004.3604   25.4233
   -7.5000  -37.5000   -7.500012528.2695   25.4220
    0.0000  -37.5000   -7.500013057.1475   25.4302
    7.5000  -37.5000   -7.500012400.5654   25.4011
   -7.5000  -30.0000   -7.500013253.5928   25.4226
    0.0000  -30.0000   -7.500013816.2871   25.4229
    7.5000  -30.0000   -7.500013108.1895   25.3848
   -7.5000  -22.5000   -7.500013962.4316   25.4462
    0.0000  -22.5000   -7.500014518.2637   25.4409
    7.5000  -22.5000   -7.500013759.3330   25.3904
   -7.5000  -15.0000   -7.500014648.3984   25.4690
    0.0000  -15.0000   -7.500015265.0322   25.4640
    7.5000  -15.0000   -7.500014410.3564   25.4107
   -7.5000   -7.5000   -7.500015204.0146   25.4680
    0.0000   -7.5000   -7.500015832.5049   25.4700
    7.5000   -7.5000   -7.500014941.2842   25.4273
   -7.5000    0.0000   -7.500015515.3398   25.4446
    0.0000    0.0000   -7.500016140.4160   25.4541
    7.5000    0.0000   -7.500015252.8379   25.4233
   -7.5000    7.5000   -7.500014565.6064   25.4220
    0.0000    7.5000   -7.500015157.8906   25.4302
    7.5000    7.5000   -7.500014336.8242   25.4011
   -7.5000   15.0000   -7.500013359.2295   25.4226
    0.0000   15.0000   -7.500013913.5742   25.4229
    7.5000   15.0000   -7.500013170.7666   25.3848
   -7.5000   22.5000   -7.500012113.6357   25.4344
    0.0000   22.5000   -7.500012618.7881   25.4292
    7.5000   22.5000   -7.500011936.7832   25.3787
   -7.5000   30.0000   -7.500010889.1787   25.1387
    0.0000   30.0000   -7.500011345.8213   25.1338
    7.5000   30.0000   -7.500010733.4648   25.0812
   -7.5000   37.5000   -7.500010017.1221   25.1378
    0.0000   37.5000   -7.500010439.8906   25.1397
    7.5000   37.5000   -7.5000 9869.1963   25.0976
   -7.5000   45.0000   -7.5000 8803.6641   24.5542
    0.0000   45.0000   -7.5000 9140.5938   24.5633
    7.5000   45.0000   -7.5000 8677.0146   24.5334
   -7.5000  -45.0000    0.000012861.3994   25.5141
    0.0000  -45.0000    0.000013383.4482   25.5214
    7.5000  -45.0000    0.000012713.2471   25.4877
   -7.5000  -37.5000    0.000013301.0977   25.4874
    0.0000  -37.5000    0.000013853.4092   25.4912
    7.5000  -37.5000    0.000013137.1475   25.4572
   -7.5000  -30.0000    0.000014094.4814   25.4861
    0.0000  -30.0000    0.000014646.6475   25.4836
    7.5000  -30.0000    0.000013893.4102   25.4379
   -7.5000  -22.5000    0.000014784.7559   25.5140
    0.0000  -22.5000    0.000015362.9326   25.5092
    7.5000  -22.5000    0.000014536.5430   25.4501
   -7.5000  -15.0000    0.000015504.5625   25.5442
    0.0000  -15.0000    0.000016110.2959   25.5416
    7.5000  -15.0000    0.000015212.4697   25.4809
   -7.5000   -7.5000    0.000016073.2402   25.5431
    0.0000   -7.5000    0.000016713.0566   25.5462
    7.5000   -7.5000    0.000015757.6055   25.4992
   -7.5000    0.0000    0.000016418.8047   25.5141
    0.0000    0.0000    0.000017022.4531   25.5214
    7.5000    0.0000    0.000016067.8936   25.4877
   -7.5000    7.5000    0.000015356.5645   25.4874
    0.0000    7.5000    0.000015950.2637   25.4912
    7.5000    7.5000    0.000015049.8555   25.4572
   -7.5000   15.0000    0.000014067.9639   25.4861
    0.0000   15.0000    0.000014635.4414   25.4836
    7.5000   15.0000    0.000013837.7969   25.4379
   -7.5000   22.5000    0.000012763.8057   25.5022
    0.0000   22.5000    0.000013296.8008   25.4974
    7.5000   22.5000    0.000012540.6904   25.4384
   -7.5000   30.0000    0.000011462.3213   25.2136
    0.0000   30.0000    0.000011936.7119   25.2111
    7.5000   30.0000    0.000011282.5469   25.1511
   -7.5000   37.5000    0.000010530.1230   25.2126
    0.0000   37.5000    0.000010974.3047   25.2156
    7.5000   37.5000    0.000010351.7715   25.1692
   -7.5000   45.0000    0.0000 9233.0859   24.6224
    0.0000   45.0000    0.0000 9593.1162   24.6297
    7.5000   45.0000    0.0000 9093.4902   24.5970
   -7.5000  -45.0000    7.500012584.9678   25.5158
    0.0000  -45.0000    7.500013091.5879   25.5203
    7.5000  -45.0000    7.500012460.7617   25.4829
   -7.5000  -37.5000    7.500013084.1553   25.4761
    0.0000  -37.5000    7.500013623.4238   25.4776
    7.5000  -37.5000    7.500012907.9736   25.4388
   -7.5000  -30.0000    7.500013961.4873   25.4537
    0.0000  -30.0000    7.500014511.6367   25.4494
    7.5000  -30.0000    7.500013733.4238   25.4009
   -7.5000  -22.5000    7.500014593.2451   25.4766
    0.0000  -22.5000    7.500015153.5107   25.4684
    7.5000  -22.5000    7.500014346.4561   25.4079
   -7.5000  -15.0000    7.500015184.7109   25.5187
    0.0000  -15.0000    7.500015754.7266   25.5113
    7.5000  -15.0000    7.500014906.4102   25.4494
   -7.5000   -7.5000    7.500015739.6484   25.5356
    0.0000   -7.5000    7.500016328.0879   25.5350
    7.5000   -7.5000    7.500015428.4229   25.4865
   -7.5000    0.0000    7.500016070.2744   25.5158
    0.0000    0.0000    7.500016645.6660   25.5203
    7.5000    0.0000    7.500015712.0137   25.4829
   -7.5000    7.5000    7.500015002.2451   25.4761
    0.0000    7.5000    7.500015563.6611   25.4776
    7.5000    7.5000    7.500014696.9541   25.4388
   -7.5000   15.0000    7.500013726.6836   25.4537
    0.0000   15.0000    7.500014273.4912   25.4494
    7.5000   15.0000    7.500013481.7109   25.4009
   -7.5000   22.5000    7.500012456.4961   25.4649
    0.0000   22.5000    7.500012974.7939   25.4567
    7.5000   22.5000    7.500012219.7900   25.3961
   -7.5000   30.0000    7.500011199.5264   25.1884
    0.0000   30.0000    7.500011641.5303   25.1812
    7.5000   30.0000    7.500010984.2510   25.1201
   -7.5000   37.5000    7.500010268.1650   25.2051
    0.0000   37.5000    7.500010688.5547   25.2045
    7.5000   37.5000    7.500010075.7725   25.1567
   -7.5000   45.0000    7.5000 8970.0889   24.6235
    0.0000   45.0000    7.5000 9340.5234   24.6280
    7.5000   45.0000    7.5000 8829.9883   24.5922
   -7.5000  -45.0000   15.000012127.7881   25.4979
    0.0000  -45.0000   15.000012632.9385   25.5034
    7.5000  -45.0000   15.000012075.8008   25.4648
   -7.5000  -37.5000   15.000012657.4863   25.4478
    0.0000  -37.5000   15.000013196.5156   25.4532
    7.5000  -37.5000   15.000012502.6855   25.4147
   -7.5000  -30.0000   15.000013548.1973   25.4065
    0.0000  -30.0000   15.000014148.3574   25.4053
    7.5000  -30.0000   15.000013352.5264   25.3609
   -7.5000  -22.5000   15.000014162.8486   25.4223
    0.0000  -22.5000   15.000014728.6201   25.4124
    7.5000  -22.5000   15.000014018.8506   25.3571
   -7.5000  -15.0000   15.000014729.3213   25.4715
    0.0000  -15.0000   15.000015242.4336   25.4588
    7.5000  -15.0000   15.000014554.5674   25.4006
   -7.5000   -7.5000   15.000015251.9951   25.5057
    0.0000   -7.5000   15.000015754.5830   25.5019
    7.5000   -7.5000   15.000014986.1533   25.4545
   -7.5000    0.0000   15.000015535.8828   25.4979
    0.0000    0.0000   15.000016047.8486   25.5034
    7.5000    0.0000   15.000015195.2119   25.4648
   -7.5000    7.5000   15.000014487.0098   25.4478
    0.0000    7.5000   15.000014995.4678   25.4532
    7.5000    7.5000   15.000014165.6230   25.4147
   -7.5000   15.0000   15.000013256.1475   25.4065
    0.0000   15.0000   15.000013754.4570   25.4053
    7.5000   15.0000   15.000012952.2695   25.3609
   -7.5000   22.5000   15.000012025.0869   25.4106
    0.0000   22.5000   15.000012504.5449   25.4007
    7.5000   22.5000   15.000011778.4658   25.3454
   -7.5000   30.0000   15.000010813.3906   25.1418
    0.0000   30.0000   15.000011259.2520   25.1293
    7.5000   30.0000   15.000010617.1523   25.0719
   -7.5000   37.5000   15.0000 9942.5615   25.1756
    0.0000   37.5000   15.000010346.9805   25.1718
    7.5000   37.5000   15.0000 9746.0293   25.1250
   -7.5000   45.0000   15.0000 8684.2588   24.6066
    0.0000   45.0000   15.0000 9036.1650   24.6118
    7.5000   45.0000   15.0000 8531.6787   24.5748
   -7.5000  -45.0000   22.500011634.5439   25.4789
    0.0000  -45.0000   22.500012129.6855   25.4898
    7.5000  -45.0000   22.500011603.6719   25.4543
   -7.5000  -37.5000   22.500012127.7988   25.4332
    0.0000  -37.5000   22.500012666.6895   25.4463
    7.5000  -37.5000   22.500011991.1172   25.4136
   -7.5000  -30.0000   22.500012974.2236   25.3969
    0.0000  -30.0000   22.500013599.8135   25.4019
    7.5000  -30.0000   22.500012801.0312   25.3656
   -7.5000  -22.5000   22.500013662.2441   25.4114
    0.0000  -22.5000   22.500014260.3154   25.4042
    7.5000  -22.5000   22.500013505.1602   25.3571
   -7.5000  -15.0000   22.500014325.6494   25.4535
    0.0000  -15.0000   22.500014854.2021   25.4414
    7.5000  -15.0000   22.500014081.2646   25.3898
   -7.5000   -7.5000   22.500014828.5684   25.4847
    0.0000   -7.5000   22.500015318.4570   25.4827
    7.5000   -7.5000   22.500014499.1172   25.4389
   -7.5000    0.0000   22.500014969.1035   25.4789
    0.0000    0.0000   22.500015475.1494   25.4898
    7.5000    0.0000   22.500014646.0508   25.4543
   -7.5000    7.5000   22.500013901.1201   25.4332
    0.0000    7.5000   22.500014375.2900   25.4463
    7.5000    7.5000   22.500013609.3643   25.4136
   -7.5000   15.0000   22.500012690.1357   25.3969
    0.0000   15.0000   22.500013146.2695   25.4019
    7.5000   15.0000   22.500012442.6689   25.3656
   -7.5000   22.5000   22.500011509.6045   25.3997
    0.0000   22.5000   22.500011944.1318   25.3925
    7.5000   22.5000   22.500011288.7773   25.3455
   -7.5000   30.0000   22.500010319.7783   25.1241
    0.0000   30.0000   22.500010746.6221   25.1121
    7.5000   30.0000   22.500010169.9502   25.0612
   -7.5000   37.5000   22.5000 9470.6416   25.1549
    0.0000   37.5000   22.5000 9863.1104   25.1529
    7.5000   37.5000   22.5000 9342.9160   25.1096
   -7.5000   45.0000   22.5000 8272.7910   24.5890
    0.0000   45.0000   22.5000 8629.5439   24.5992
    7.5000   45.0000   22.5000 8161.6631   24.5650
   -7.5000  -45.0000   30.000011069.1396   25.4784
    0.0000  -45.0000   30.000011550.5205   25.4906
    7.5000  -45.0000   30.000010992.1699   25.4593
   -7.5000  -37.5000   30.000011484.3359   25.4473
    0.0000  -37.5000   30.000012023.8066   25.4608
    7.5000  -37.5000   30.000011356.8115   25.4328
   -7.5000  -30.0000   30.000012248.7041   25.4318
    0.0000  -30.0000   30.000012819.0449   25.4366
    7.5000  -30.0000   30.000012093.2344   25.4037
   -7.5000  -22.5000   30.000012865.4316   25.4492
    0.0000  -22.5000   30.000013438.5244   25.4432
    7.5000  -22.5000   30.000012754.2012   25.3996
   -7.5000  -15.0000   30.000013471.2588   25.4770
    0.0000  -15.0000   30.000014052.5107   25.4678
    7.5000  -15.0000   30.000013337.1006   25.4198
   -7.5000   -7.5000   30.000013972.4941   25.4908
    0.0000   -7.5000   30.000014539.0586   25.4909
    7.5000   -7.5000   30.000013786.3740   25.4504
   -7.5000    0.0000   30.000014141.0625   25.4784
    0.0000    0.0000   30.000014709.4756   25.4906
    7.5000    0.0000   30.000013963.0117   25.4593
   -7.5000    7.5000   30.000013150.1572   25.4473
    0.0000    7.5000   30.000013644.8652   25.4608
    7.5000    7.5000   30.000012952.3818   25.4328
   -7.5000   15.0000   30.000011991.8740   25.4318
    0.0000   15.0000   30.000012436.8311   25.4366
    7.5000   15.0000   30.000011813.9170   25.4037
   -7.5000   22.5000   30.000010854.5244   25.4375
    0.0000   22.5000   30.000011279.0303   25.4315
    7.5000   22.5000   30.000010707.3721   25.3879
   -7.5000   30.0000   30.0000 9700.1973   25.1473
    0.0000   30.0000   30.000010111.7021   25.1382
    7.5000   30.0000   30.0000 9611.3643   25.0908
   -7.5000   37.5000   30.0000 8893.3232   25.1610
    0.0000   37.5000   30.0000 9256.3301   25.1610
    7.5000   37.5000   30.0000 8805.7822   25.1211
   -7.5000   45.0000   30.0000 7794.5269   24.5888
    0.0000   45.0000   30.0000 8111.3315   24.6004
    7.5000   45.0000   30.0000 7710.8604   24.5699
   -7.5000  -45.0000   37.500010827.8877   25.4961
    0.0000  -45.0000   37.500011317.2490   25.5056
    7.5000  -45.0000   37.500010730.6963   25.4748
   -7.5000  -37.5000   37.500011180.2373   25.4734
    0.0000  -37.5000   37.500011701.1152   25.4817
    7.5000  -37.5000   37.500011104.5918   25.4525
   -7.5000  -30.0000   37.500011869.6025   25.4741
    0.0000  -30.0000   37.500012390.5859   25.4744
    7.5000  -30.0000   37.500011810.6738   25.4362
   -7.5000  -22.5000   37.500012436.8193   25.4977
    0.0000  -22.5000   37.500012987.3027   25.4924
    7.5000  -22.5000   37.500012429.2783   25.4418
   -7.5000  -15.0000   37.500013017.4941   25.5206
    0.0000  -15.0000   37.500013596.3828   25.5156
    7.5000  -15.0000   37.500013017.8340   25.4622
   -7.5000   -7.5000   37.500013536.5156   25.5196
    0.0000   -7.5000   37.500014076.7637   25.5216
    7.5000   -7.5000   37.500013465.5596   25.4788
   -7.5000    0.0000   37.500013751.1338   25.4961
    0.0000    0.0000   37.500014308.8379   25.5056
    7.5000    0.0000   37.500013656.6533   25.4748
   -7.5000    7.5000   37.500012832.5527   25.4734
    0.0000    7.5000   37.500013284.4795   25.4817
    7.5000    7.5000   37.500012684.4141   25.4525
   -7.5000   15.0000   37.500011717.8330   25.4741
    0.0000   15.0000   37.500012144.5225   25.4744
    7.5000   15.0000   37.500011570.6279   25.4362
   -7.5000   22.5000   37.500010598.6260   25.4860
    0.0000   22.5000   37.500011002.4180   25.4807
    7.5000   22.5000   37.500010464.0068   25.4301
   -7.5000   30.0000   37.5000 9442.5195   25.1903
    0.0000   30.0000   37.5000 9828.6299   25.1853
    7.5000   30.0000   37.5000 9357.4619   25.1327
   -7.5000   37.5000   37.5000 8604.9834   25.1894
    0.0000   37.5000   37.5000 8952.3564   25.1913
    7.5000   37.5000   37.5000 8536.9141   25.1491
   -7.5000   45.0000   37.5000 7532.9697   24.6058
    0.0000   45.0000   37.5000 7837.7041   24.6149
    7.5000   45.0000   37.5000 7484.8945   24.5849
   -7.5000  -45.0000   45.000010032.6475   25.4565
    0.0000  -45.0000   45.000010460.8965   25.4636
    7.5000  -45.0000   45.0000 9934.9268   25.4300
   -7.5000  -37.5000   45.000010337.8096   25.4296
    0.0000  -37.5000   45.000010814.0430   25.4331
    7.5000  -37.5000   45.000010279.3096   25.3991
   -7.5000  -30.0000   45.000010968.1719   25.4283
    0.0000  -30.0000   45.000011455.7080   25.4252
    7.5000  -30.0000   45.000010928.9209   25.3794
   -7.5000  -22.5000   45.000011507.9102   25.4563
    0.0000  -22.5000   45.000011995.5352   25.4509
    7.5000  -22.5000   45.000011490.8252   25.3917
   -7.5000  -15.0000   45.000012026.2607   25.4868
    0.0000  -15.0000   45.000012540.9229   25.4836
    7.5000  -15.0000   45.000012010.3838   25.4229
   -7.5000   -7.5000   45.000012501.4795   25.4857
    0.0000   -7.5000   45.000013021.5547   25.4884
    7.5000   -7.5000   45.000012478.1592   25.4416
   -7.5000    0.0000   45.000012727.5576   25.4565
    0.0000    0.0000   45.000013254.8564   25.4636
    7.5000    0.0000   45.000012671.9775   25.4300
   -7.5000    7.5000   45.000011858.4053   25.4296
    0.0000    7.5000   45.000012327.1045   25.4331
    7.5000    7.5000   45.000011770.3086   25.3991
   -7.5000   15.0000   45.000010831.6426   25.4283
    0.0000   15.0000   45.000011267.9141   25.4252
    7.5000   15.0000   45.000010740.9570   25.3794
   -7.5000   22.5000   45.0000 9795.4922   25.4445
    0.0000   22.5000   45.000010184.4375   25.4391
    7.5000   22.5000   45.0000 9707.7900   25.3800
   -7.5000   30.0000   45.0000 8728.3506   25.1547
    0.0000   30.0000   45.0000 9070.6514   25.1517
    7.5000   30.0000   45.0000 8657.5762   25.0917
   -7.5000   37.5000   45.0000 7942.9233   25.1537
    0.0000   37.5000   45.0000 8263.0137   25.1563
    7.5000   37.5000   45.0000 7889.3149   25.1102
   -7.5000   45.0000   45.0000 6953.7080   24.5781
    0.0000   45.0000   45.0000 7229.5757   24.5851
    7.5000   45.0000   45.0000 6913.9194   24.5527

---------------------------------------------------------------------
imgreg_4dfp /opt/freesurfer/average/711-2C_as_mni_average_305 /opt/freesurfer/average/711-2B_as_mni_average_305_mask talsrcimg_g11 none talsrcimg_to_711-2C_as_mni_average_305_t4 4355
---------------------------------------------------------------------

freesurfer imgreg_4dfp.c
/opt/freesurfer/average/711-2C_as_mni_average_305.4dfp.img
       256       256       256         1
  1.000000  1.000000  1.000000
orientation T byte_order littleendian
Reading image: /opt/freesurfer/average/711-2C_as_mni_average_305.4dfp.img
dimensions:      256       256       256
mmppix:       1.0000   -1.0000   -1.0000
center:     128.0000 -129.0000 -129.0000
/opt/freesurfer/average/711-2B_as_mni_average_305_mask.4dfp.img
       256       256       256         1
  1.000000  1.000000  1.000000
orientation T byte_order littleendian
Reading mask: /opt/freesurfer/average/711-2B_as_mni_average_305_mask.4dfp.img (2306576 pixels)
talsrcimg_g11.4dfp.img
       256       256       256         1
  1.000000  1.000000  1.000000
orientation T byte_order littleendian
Reading image: talsrcimg_g11.4dfp.img
dimensions:      256       256       256
mmppix:       1.0000   -1.0000   -1.0000
center:     128.0000 -129.0000 -129.0000
rotation matrix determinant  1.000000
image alignment mode   4355 decimal     1103 hex
   -7.5000  -45.0000  -45.0000 2092.8149   23.1816
    0.0000  -45.0000  -45.0000 2099.5542   23.1148
    7.5000  -45.0000  -45.0000 2079.0474   23.3345
   -7.5000  -37.5000  -45.0000 2139.5496   22.1458
    0.0000  -37.5000  -45.0000 2147.8181   22.0763
    7.5000  -37.5000  -45.0000 2121.7317   22.3043
   -7.5000  -30.0000  -45.0000 2159.5042   21.6753
    0.0000  -30.0000  -45.0000 2171.9998   21.5787
    7.5000  -30.0000  -45.0000 2150.9719   21.8126
   -7.5000  -22.5000  -45.0000 2160.5125   21.7522
    0.0000  -22.5000  -45.0000 2174.2725   21.6367
    7.5000  -22.5000  -45.0000 2155.8552   21.8969
   -7.5000  -15.0000  -45.0000 2145.2644   22.2070
    0.0000  -15.0000  -45.0000 2155.8198   22.1588
    7.5000  -15.0000  -45.0000 2136.2878   22.4129
   -7.5000   -7.5000  -45.0000 2110.1260   23.2153
    0.0000   -7.5000  -45.0000 2125.4104   23.0553
    7.5000   -7.5000  -45.0000 2104.8948   23.2799
   -7.5000    0.0000  -45.0000 2054.9272   24.5315
    0.0000    0.0000  -45.0000 2074.0720   24.3048
    7.5000    0.0000  -45.0000 2054.4968   24.5473
   -7.5000    7.5000  -45.0000 1996.5399   26.2745
    0.0000    7.5000  -45.0000 2014.0406   26.0612
    7.5000    7.5000  -45.0000 1995.3987   26.3578
   -7.5000   15.0000  -45.0000 1918.4231   28.7693
    0.0000   15.0000  -45.0000 1932.0543   28.5415
    7.5000   15.0000  -45.0000 1908.8074   28.9044
   -7.5000   22.5000  -45.0000 1821.7705   32.1724
    0.0000   22.5000  -45.0000 1836.7441   31.8732
    7.5000   22.5000  -45.0000 1812.9128   32.2687
   -7.5000   30.0000  -45.0000 1710.8394   36.8040
    0.0000   30.0000  -45.0000 1723.4882   36.3691
    7.5000   30.0000  -45.0000 1701.6395   36.7384
   -7.5000   37.5000  -45.0000 1598.2344   42.8464
    0.0000   37.5000  -45.0000 1603.2610   42.2982
    7.5000   37.5000  -45.0000 1587.4510   42.7235
   -7.5000   45.0000  -45.0000 1484.4011   50.9659
    0.0000   45.0000  -45.0000 1493.4482   50.5827
    7.5000   45.0000  -45.0000 1475.1125   51.3713
   -7.5000  -45.0000  -37.5000 2199.1506   21.2432
    0.0000  -45.0000  -37.5000 2207.4705   21.2221
    7.5000  -45.0000  -37.5000 2188.3574   21.3661
   -7.5000  -37.5000  -37.5000 2238.7822   20.3013
    0.0000  -37.5000  -37.5000 2251.6189   20.2678
    7.5000  -37.5000  -37.5000 2232.4387   20.4174
   -7.5000  -30.0000  -37.5000 2261.0146   19.8011
    0.0000  -30.0000  -37.5000 2274.9758   19.7271
    7.5000  -30.0000  -37.5000 2258.7966   19.8984
   -7.5000  -22.5000  -37.5000 2268.1841   19.7611
    0.0000  -22.5000  -37.5000 2282.4802   19.6524
    7.5000  -22.5000  -37.5000 2261.6387   19.8202
   -7.5000  -15.0000  -37.5000 2251.0542   20.1757
    0.0000  -15.0000  -37.5000 2265.1594   20.0811
    7.5000  -15.0000  -37.5000 2244.9709   20.2654
   -7.5000   -7.5000  -37.5000 2214.1697   21.0894
    0.0000   -7.5000  -37.5000 2231.9746   20.9595
    7.5000   -7.5000  -37.5000 2212.3125   21.1315
   -7.5000    0.0000  -37.5000 2163.8887   22.3574
    0.0000    0.0000  -37.5000 2183.9817   22.2051
    7.5000    0.0000  -37.5000 2160.8970   22.3793
   -7.5000    7.5000  -37.5000 2096.9358   23.9520
    0.0000    7.5000  -37.5000 2115.2029   23.8033
    7.5000    7.5000  -37.5000 2091.6890   23.9655
   -7.5000   15.0000  -37.5000 2016.7675   26.1251
    0.0000   15.0000  -37.5000 2028.4114   25.9228
    7.5000   15.0000  -37.5000 2002.1963   26.1891
   -7.5000   22.5000  -37.5000 1912.4529   29.1447
    0.0000   22.5000  -37.5000 1921.3666   28.8680
    7.5000   22.5000  -37.5000 1898.4150   29.2143
   -7.5000   30.0000  -37.5000 1794.6517   33.3080
    0.0000   30.0000  -37.5000 1804.2313   32.9088
    7.5000   30.0000  -37.5000 1779.7812   33.2200
   -7.5000   37.5000  -37.5000 1669.8352   38.7260
    0.0000   37.5000  -37.5000 1674.3508   38.2522
    7.5000   37.5000  -37.5000 1657.5112   38.5694
   -7.5000   45.0000  -37.5000 1537.5881   45.8945
    0.0000   45.0000  -37.5000 1546.0579   45.2846
    7.5000   45.0000  -37.5000 1529.1971   45.9122
   -7.5000  -45.0000  -30.0000 2353.0588   20.1523
    0.0000  -45.0000  -30.0000 2364.7356   20.1239
    7.5000  -45.0000  -30.0000 2341.2129   20.2329
   -7.5000  -37.5000  -30.0000 2398.1948   19.2554
    0.0000  -37.5000  -30.0000 2409.8301   19.2181
    7.5000  -37.5000  -30.0000 2385.3970   19.3790
   -7.5000  -30.0000  -30.0000 2414.6887   18.8028
    0.0000  -30.0000  -30.0000 2432.5444   18.7319
    7.5000  -30.0000  -30.0000 2411.4470   18.8679
   -7.5000  -22.5000  -30.0000 2419.5190   18.7261
    0.0000  -22.5000  -30.0000 2440.8210   18.6190
    7.5000  -22.5000  -30.0000 2413.7424   18.7418
   -7.5000  -15.0000  -30.0000 2399.5024   19.0576
    0.0000  -15.0000  -30.0000 2421.6992   18.9882
    7.5000  -15.0000  -30.0000 2398.3086   19.1263
   -7.5000   -7.5000  -30.0000 2362.7324   19.8937
    0.0000   -7.5000  -30.0000 2382.8838   19.7449
    7.5000   -7.5000  -30.0000 2364.9153   19.9220
   -7.5000    0.0000  -30.0000 2307.9526   21.0655
    0.0000    0.0000  -30.0000 2326.5308   20.9342
    7.5000    0.0000  -30.0000 2308.8186   21.1057
   -7.5000    7.5000  -30.0000 2237.3706   22.5967
    0.0000    7.5000  -30.0000 2254.2678   22.4406
    7.5000    7.5000  -30.0000 2234.9167   22.6011
   -7.5000   15.0000  -30.0000 2145.6843   24.6076
    0.0000   15.0000  -30.0000 2159.5049   24.4372
    7.5000   15.0000  -30.0000 2136.7485   24.6780
   -7.5000   22.5000  -30.0000 2036.6240   27.4434
    0.0000   22.5000  -30.0000 2045.9926   27.2244
    7.5000   22.5000  -30.0000 2029.5112   27.4704
   -7.5000   30.0000  -30.0000 1909.2296   31.2452
    0.0000   30.0000  -30.0000 1921.4845   30.9490
    7.5000   30.0000  -30.0000 1898.0089   31.1745
   -7.5000   37.5000  -30.0000 1774.2222   36.2250
    0.0000   37.5000  -30.0000 1786.3158   35.8937
    7.5000   37.5000  -30.0000 1765.2439   36.1533
   -7.5000   45.0000  -30.0000 1629.6450   42.7550
    0.0000   45.0000  -30.0000 1636.4908   42.3613
    7.5000   45.0000  -30.0000 1618.2119   42.8182
   -7.5000  -45.0000  -22.5000 2466.6487   19.0479
    0.0000  -45.0000  -22.5000 2483.3740   19.0245
    7.5000  -45.0000  -22.5000 2458.4038   19.1245
   -7.5000  -37.5000  -22.5000 2522.1428   18.1528
    0.0000  -37.5000  -22.5000 2536.4172   18.1063
    7.5000  -37.5000  -22.5000 2512.5620   18.2316
   -7.5000  -30.0000  -22.5000 2549.0081   17.6615
    0.0000  -30.0000  -22.5000 2567.6924   17.6206
    7.5000  -30.0000  -22.5000 2540.3826   17.7576
   -7.5000  -22.5000  -22.5000 2551.7285   17.6312
    0.0000  -22.5000  -22.5000 2570.6355   17.5408
    7.5000  -22.5000  -22.5000 2547.2922   17.6790
   -7.5000  -15.0000  -22.5000 2533.0605   17.9727
    0.0000  -15.0000  -22.5000 2555.1814   17.8695
    7.5000  -15.0000  -22.5000 2531.0256   18.0063
   -7.5000   -7.5000  -22.5000 2495.0737   18.6814
    0.0000   -7.5000  -22.5000 2518.9668   18.5519
    7.5000   -7.5000  -22.5000 2494.1914   18.7042
   -7.5000    0.0000  -22.5000 2437.0562   19.7632
    0.0000    0.0000  -22.5000 2460.0718   19.6328
    7.5000    0.0000  -22.5000 2434.7410   19.7992
   -7.5000    7.5000  -22.5000 2359.5764   21.1552
    0.0000    7.5000  -22.5000 2378.6570   21.0747
    7.5000    7.5000  -22.5000 2355.2153   21.2430
   -7.5000   15.0000  -22.5000 2260.6997   23.0453
    0.0000   15.0000  -22.5000 2279.7664   22.9578
    7.5000   15.0000  -22.5000 2249.0510   23.1631
   -7.5000   22.5000  -22.5000 2137.8511   25.6093
    0.0000   22.5000  -22.5000 2154.4382   25.4427
    7.5000   22.5000  -22.5000 2130.6953   25.6502
   -7.5000   30.0000  -22.5000 1999.0894   29.1114
    0.0000   30.0000  -22.5000 2016.2324   28.8862
    7.5000   30.0000  -22.5000 1991.5374   29.0838
   -7.5000   37.5000  -22.5000 1855.3365   33.6884
    0.0000   37.5000  -22.5000 1874.6188   33.4661
    7.5000   37.5000  -22.5000 1850.3785   33.7918
   -7.5000   45.0000  -22.5000 1708.2283   39.8316
    0.0000   45.0000  -22.5000 1720.3069   39.4563
    7.5000   45.0000  -22.5000 1699.7683   39.8773
   -7.5000  -45.0000  -15.0000 2555.6199   18.0681
    0.0000  -45.0000  -15.0000 2569.4133   18.0052
    7.5000  -45.0000  -15.0000 2543.6919   18.1206
   -7.5000  -37.5000  -15.0000 2614.0188   17.1591
    0.0000  -37.5000  -15.0000 2632.2947   17.1261
    7.5000  -37.5000  -15.0000 2607.0303   17.2443
   -7.5000  -30.0000  -15.0000 2651.4209   16.6425
    0.0000  -30.0000  -15.0000 2672.0022   16.5793
    7.5000  -30.0000  -15.0000 2639.5156   16.7354
   -7.5000  -22.5000  -15.0000 2665.0681   16.5621
    0.0000  -22.5000  -15.0000 2680.6143   16.5046
    7.5000  -22.5000  -15.0000 2653.3269   16.6238
   -7.5000  -15.0000  -15.0000 2645.2253   16.9113
    0.0000  -15.0000  -15.0000 2666.4675   16.8523
    7.5000  -15.0000  -15.0000 2638.9739   16.9637
   -7.5000   -7.5000  -15.0000 2607.5083   17.5783
    0.0000   -7.5000  -15.0000 2629.6748   17.4957
    7.5000   -7.5000  -15.0000 2600.6653   17.6347
   -7.5000    0.0000  -15.0000 2545.6567   18.5351
    0.0000    0.0000  -15.0000 2569.2014   18.4523
    7.5000    0.0000  -15.0000 2537.7222   18.6123
   -7.5000    7.5000  -15.0000 2458.9951   19.8531
    0.0000    7.5000  -15.0000 2481.1418   19.7677
    7.5000    7.5000  -15.0000 2447.2771   19.9876
   -7.5000   15.0000  -15.0000 2350.4368   21.6582
    0.0000   15.0000  -15.0000 2365.1614   21.5869
    7.5000   15.0000  -15.0000 2336.4019   21.7969
   -7.5000   22.5000  -15.0000 2220.7144   24.1253
    0.0000   22.5000  -15.0000 2237.2988   23.9865
    7.5000   22.5000  -15.0000 2210.9043   24.1893
   -7.5000   30.0000  -15.0000 2077.3716   27.3063
    0.0000   30.0000  -15.0000 2084.1604   27.1402
    7.5000   30.0000  -15.0000 2064.5464   27.3167
   -7.5000   37.5000  -15.0000 1920.5287   31.5062
    0.0000   37.5000  -15.0000 1934.8682   31.3128
    7.5000   37.5000  -15.0000 1912.2245   31.5407
   -7.5000   45.0000  -15.0000 1770.8629   37.0483
    0.0000   45.0000  -15.0000 1783.2812   36.7750
    7.5000   45.0000  -15.0000 1759.4952   37.1278
   -7.5000  -45.0000   -7.5000 2615.9031   17.2005
    0.0000  -45.0000   -7.5000 2635.8445   17.1135
    7.5000  -45.0000   -7.5000 2609.1226   17.2687
   -7.5000  -37.5000   -7.5000 2686.1213   16.3006
    0.0000  -37.5000   -7.5000 2708.9639   16.2346
    7.5000  -37.5000   -7.5000 2682.9133   16.3800
   -7.5000  -30.0000   -7.5000 2730.0081   15.7362
    0.0000  -30.0000   -7.5000 2756.6907   15.6724
    7.5000  -30.0000   -7.5000 2724.1882   15.8498
   -7.5000  -22.5000   -7.5000 2755.4734   15.5634
    0.0000  -22.5000   -7.5000 2772.4319   15.5523
    7.5000  -22.5000   -7.5000 2740.2803   15.6790
   -7.5000  -15.0000   -7.5000 2747.1357   15.9082
    0.0000  -15.0000   -7.5000 2766.9880   15.8934
    7.5000  -15.0000   -7.5000 2730.3716   15.9935
   -7.5000   -7.5000   -7.5000 2706.2263   16.5535
    0.0000   -7.5000   -7.5000 2728.1216   16.5030
    7.5000   -7.5000   -7.5000 2692.0735   16.6405
   -7.5000    0.0000   -7.5000 2637.4788   17.4256
    0.0000    0.0000   -7.5000 2657.1130   17.3605
    7.5000    0.0000   -7.5000 2624.7075   17.5432
   -7.5000    7.5000   -7.5000 2544.0037   18.6540
    0.0000    7.5000   -7.5000 2558.4875   18.5997
    7.5000    7.5000   -7.5000 2527.3164   18.8315
   -7.5000   15.0000   -7.5000 2425.8486   20.4353
    0.0000   15.0000   -7.5000 2440.5679   20.3564
    7.5000   15.0000   -7.5000 2409.1670   20.5777
   -7.5000   22.5000   -7.5000 2288.1475   22.8344
    0.0000   22.5000   -7.5000 2304.2625   22.7098
    7.5000   22.5000   -7.5000 2275.1162   22.8971
   -7.5000   30.0000   -7.5000 2137.8835   25.8521
    0.0000   30.0000   -7.5000 2147.3357   25.7019
    7.5000   30.0000   -7.5000 2119.4744   25.8536
   -7.5000   37.5000   -7.5000 1975.9072   29.7220
    0.0000   37.5000   -7.5000 1990.0331   29.5199
    7.5000   37.5000   -7.5000 1961.7129   29.7286
   -7.5000   45.0000   -7.5000 1817.8755   34.7823
    0.0000   45.0000   -7.5000 1825.3608   34.5670
    7.5000   45.0000   -7.5000 1803.0719   34.8072
   -7.5000  -45.0000    0.0000 2661.8752   16.5217
    0.0000  -45.0000    0.0000 2684.5527   16.4272
    7.5000  -45.0000    0.0000 2660.0095   16.6235
   -7.5000  -37.5000    0.0000 2745.0901   15.6448
    0.0000  -37.5000    0.0000 2773.2441   15.5435
    7.5000  -37.5000    0.0000 2745.4895   15.7503
   -7.5000  -30.0000    0.0000 2801.2859   15.0576
    0.0000  -30.0000    0.0000 2831.9126   14.9914
    7.5000  -30.0000    0.0000 2795.0042   15.1972
   -7.5000  -22.5000    0.0000 2837.8411   14.8096
    0.0000  -22.5000    0.0000 2864.7410   14.7646
    7.5000  -22.5000    0.0000 2814.3789   14.9711
   -7.5000  -15.0000    0.0000 2833.8828   15.1161
    0.0000  -15.0000    0.0000 2855.3384   15.0877
    7.5000  -15.0000    0.0000 2808.7832   15.2321
   -7.5000   -7.5000    0.0000 2786.6248   15.7242
    0.0000   -7.5000    0.0000 2810.6133   15.6898
    7.5000   -7.5000    0.0000 2771.8228   15.8315
   -7.5000    0.0000    0.0000 2713.5852   16.5760
    0.0000    0.0000    0.0000 2732.2471   16.5246
    7.5000    0.0000    0.0000 2698.2422   16.6832
   -7.5000    7.5000    0.0000 2609.9341   17.7744
    0.0000    7.5000    0.0000 2625.2576   17.7224
    7.5000    7.5000    0.0000 2586.6140   17.9412
   -7.5000   15.0000    0.0000 2482.7397   19.4941
    0.0000   15.0000    0.0000 2499.2615   19.4201
    7.5000   15.0000    0.0000 2460.0889   19.6617
   -7.5000   22.5000    0.0000 2342.7588   21.8070
    0.0000   22.5000    0.0000 2359.1895   21.6909
    7.5000   22.5000    0.0000 2323.8977   21.8801
   -7.5000   30.0000    0.0000 2182.1272   24.6881
    0.0000   30.0000    0.0000 2194.2258   24.5209
    7.5000   30.0000    0.0000 2166.1448   24.7271
   -7.5000   37.5000    0.0000 2016.6479   28.3647
    0.0000   37.5000    0.0000 2029.5748   28.1701
    7.5000   37.5000    0.0000 2000.4250   28.4102
   -7.5000   45.0000    0.0000 1850.2190   33.1029
    0.0000   45.0000    0.0000 1858.2461   32.7958
    7.5000   45.0000    0.0000 1832.3052   33.1599
   -7.5000  -45.0000    7.5000 2697.5723   16.0376
    0.0000  -45.0000    7.5000 2721.0242   15.9355
    7.5000  -45.0000    7.5000 2693.7014   16.1801
   -7.5000  -37.5000    7.5000 2795.5842   15.1590
    0.0000  -37.5000    7.5000 2826.9736   15.0581
    7.5000  -37.5000    7.5000 2791.5134   15.3005
   -7.5000  -30.0000    7.5000 2867.4905   14.6056
    0.0000  -30.0000    7.5000 2903.8264   14.5061
    7.5000  -30.0000    7.5000 2854.7976   14.7639
   -7.5000  -22.5000    7.5000 2911.7217   14.3195
    0.0000  -22.5000    7.5000 2945.0298   14.2134
    7.5000  -22.5000    7.5000 2885.0713   14.5216
   -7.5000  -15.0000    7.5000 2903.7053   14.5237
    0.0000  -15.0000    7.5000 2929.0349   14.4551
    7.5000  -15.0000    7.5000 2870.4639   14.7221
   -7.5000   -7.5000    7.5000 2849.4924   15.1086
    0.0000   -7.5000    7.5000 2874.4297   15.0504
    7.5000   -7.5000    7.5000 2823.1414   15.2767
   -7.5000    0.0000    7.5000 2763.5833   15.9777
    0.0000    0.0000    7.5000 2786.1055   15.9014
    7.5000    0.0000    7.5000 2742.1084   16.1583
   -7.5000    7.5000    7.5000 2653.7451   17.1634
    0.0000    7.5000    7.5000 2671.3447   17.0833
    7.5000    7.5000    7.5000 2633.8625   17.3351
   -7.5000   15.0000    7.5000 2519.7554   18.8143
    0.0000   15.0000    7.5000 2539.1531   18.7329
    7.5000   15.0000    7.5000 2496.8936   18.9828
   -7.5000   22.5000    7.5000 2376.9678   21.0050
    0.0000   22.5000    7.5000 2394.7288   20.9031
    7.5000   22.5000    7.5000 2353.4331   21.1517
   -7.5000   30.0000    7.5000 2213.4521   23.8327
    0.0000   30.0000    7.5000 2225.9272   23.7138
    7.5000   30.0000    7.5000 2194.8723   23.9336
   -7.5000   37.5000    7.5000 2041.4348   27.3758
    0.0000   37.5000    7.5000 2052.6833   27.2188
    7.5000   37.5000    7.5000 2028.1610   27.4968
   -7.5000   45.0000    7.5000 1867.8424   31.9574
    0.0000   45.0000    7.5000 1878.0039   31.6202
    7.5000   45.0000    7.5000 1855.5552   32.0469
   -7.5000  -45.0000   15.0000 2707.8828   15.7174
    0.0000  -45.0000   15.0000 2731.2402   15.6293
    7.5000  -45.0000   15.0000 2701.9692   15.9930
   -7.5000  -37.5000   15.0000 2819.8560   14.8605
    0.0000  -37.5000   15.0000 2849.2712   14.7660
    7.5000  -37.5000   15.0000 2808.5173   15.0873
   -7.5000  -30.0000   15.0000 2904.2642   14.3547
    0.0000  -30.0000   15.0000 2939.1125   14.2556
    7.5000  -30.0000   15.0000 2883.5054   14.5467
   -7.5000  -22.5000   15.0000 2954.4998   14.0709
    0.0000  -22.5000   15.0000 2992.1562   13.9703
    7.5000  -22.5000   15.0000 2921.3528   14.3285
   -7.5000  -15.0000   15.0000 2939.7732   14.1998
    0.0000  -15.0000   15.0000 2970.5461   14.0888
    7.5000  -15.0000   15.0000 2902.2822   14.4715
   -7.5000   -7.5000   15.0000 2878.9146   14.7483
    0.0000   -7.5000   15.0000 2901.8696   14.6545
    7.5000   -7.5000   15.0000 2841.8230   15.0034
   -7.5000    0.0000   15.0000 2782.6287   15.6483
    0.0000    0.0000   15.0000 2800.8101   15.5488
    7.5000    0.0000   15.0000 2754.3035   15.8219
   -7.5000    7.5000   15.0000 2663.6860   16.8651
    0.0000    7.5000   15.0000 2680.9592   16.7706
    7.5000    7.5000   15.0000 2643.1626   17.0054
   -7.5000   15.0000   15.0000 2529.0415   18.5057
    0.0000   15.0000   15.0000 2544.1165   18.3988
    7.5000   15.0000   15.0000 2504.0459   18.5917
   -7.5000   22.5000   15.0000 2384.2410   20.6579
    0.0000   22.5000   15.0000 2399.8921   20.5547
    7.5000   22.5000   15.0000 2363.2354   20.7424
   -7.5000   30.0000   15.0000 2218.8210   23.4380
    0.0000   30.0000   15.0000 2232.1829   23.3085
    7.5000   30.0000   15.0000 2204.1160   23.5401
   -7.5000   37.5000   15.0000 2047.3864   26.9112
    0.0000   37.5000   15.0000 2056.5520   26.7787
    7.5000   37.5000   15.0000 2031.6675   27.0089
   -7.5000   45.0000   15.0000 1874.1545   31.4191
    0.0000   45.0000   15.0000 1889.3971   31.1583
    7.5000   45.0000   15.0000 1864.8087   31.5352
   -7.5000  -45.0000   22.5000 2700.5447   15.7413
    0.0000  -45.0000   22.5000 2725.2356   15.6479
    7.5000  -45.0000   22.5000 2688.6436   16.0673
   -7.5000  -37.5000   22.5000 2814.5474   14.8870
    0.0000  -37.5000   22.5000 2840.0076   14.8023
    7.5000  -37.5000   22.5000 2795.6199   15.1629
   -7.5000  -30.0000   22.5000 2901.5864   14.4344
    0.0000  -30.0000   22.5000 2937.9661   14.3490
    7.5000  -30.0000   22.5000 2876.9646   14.6356
   -7.5000  -22.5000   22.5000 2958.1587   14.1478
    0.0000  -22.5000   22.5000 2988.8472   14.0920
    7.5000  -22.5000   22.5000 2918.0972   14.3956
   -7.5000  -15.0000   22.5000 2943.3782   14.3283
    0.0000  -15.0000   22.5000 2968.3159   14.2079
    7.5000  -15.0000   22.5000 2900.2373   14.5421
   -7.5000   -7.5000   22.5000 2877.3511   14.8111
    0.0000   -7.5000   22.5000 2894.4358   14.7111
    7.5000   -7.5000   22.5000 2835.6665   15.0073
   -7.5000    0.0000   22.5000 2770.2297   15.6654
    0.0000    0.0000   22.5000 2789.1733   15.5721
    7.5000    0.0000   22.5000 2742.4768   15.8507
   -7.5000    7.5000   22.5000 2647.9844   16.8951
    0.0000    7.5000   22.5000 2664.2432   16.7999
    7.5000    7.5000   22.5000 2626.9021   17.0408
   -7.5000   15.0000   22.5000 2513.9290   18.4511
    0.0000   15.0000   22.5000 2525.9124   18.3666
    7.5000   15.0000   22.5000 2493.2859   18.5814
   -7.5000   22.5000   22.5000 2371.5464   20.5508
    0.0000   22.5000   22.5000 2382.0007   20.4729
    7.5000   22.5000   22.5000 2352.3225   20.6621
   -7.5000   30.0000   22.5000 2204.7896   23.2388
    0.0000   30.0000   22.5000 2220.5391   23.1576
    7.5000   30.0000   22.5000 2194.1379   23.3681
   -7.5000   37.5000   22.5000 2033.0439   26.7020
    0.0000   37.5000   22.5000 2045.5232   26.6489
    7.5000   37.5000   22.5000 2018.4221   26.8545
   -7.5000   45.0000   22.5000 1863.6779   31.1666
    0.0000   45.0000   22.5000 1878.9613   31.0368
    7.5000   45.0000   22.5000 1849.8628   31.3742
   -7.5000  -45.0000   30.0000 2663.4773   16.1288
    0.0000  -45.0000   30.0000 2686.4504   16.0907
    7.5000  -45.0000   30.0000 2649.6904   16.4666
   -7.5000  -37.5000   30.0000 2775.5767   15.2959
    0.0000  -37.5000   30.0000 2801.8333   15.2177
    7.5000  -37.5000   30.0000 2757.7087   15.5595
   -7.5000  -30.0000   30.0000 2862.8018   14.7759
    0.0000  -30.0000   30.0000 2892.7266   14.7235
    7.5000  -30.0000   30.0000 2834.0681   14.9975
   -7.5000  -22.5000   30.0000 2908.3870   14.5151
    0.0000  -22.5000   30.0000 2937.5684   14.4557
    7.5000  -22.5000   30.0000 2875.1318   14.7779
   -7.5000  -15.0000   30.0000 2893.9038   14.7082
    0.0000  -15.0000   30.0000 2916.7207   14.6291
    7.5000  -15.0000   30.0000 2861.0054   14.9176
   -7.5000   -7.5000   30.0000 2831.2007   15.2351
    0.0000   -7.5000   30.0000 2844.1946   15.1699
    7.5000   -7.5000   30.0000 2796.8774   15.4129
   -7.5000    0.0000   30.0000 2729.0615   16.0521
    0.0000    0.0000   30.0000 2741.2437   15.9971
    7.5000    0.0000   30.0000 2699.2651   16.2388
   -7.5000    7.5000   30.0000 2605.8879   17.2513
    0.0000    7.5000   30.0000 2616.4121   17.1987
    7.5000    7.5000   30.0000 2580.9333   17.4417
   -7.5000   15.0000   30.0000 2473.3596   18.7913
    0.0000   15.0000   30.0000 2483.4160   18.7167
    7.5000   15.0000   30.0000 2454.2456   18.9621
   -7.5000   22.5000   30.0000 2333.0051   20.8235
    0.0000   22.5000   30.0000 2347.1953   20.7304
    7.5000   22.5000   30.0000 2317.2610   20.9654
   -7.5000   30.0000   30.0000 2169.1636   23.4283
    0.0000   30.0000   30.0000 2186.4475   23.2787
    7.5000   30.0000   30.0000 2163.2175   23.5174
   -7.5000   37.5000   30.0000 2005.2043   26.7936
    0.0000   37.5000   30.0000 2018.8473   26.6280
    7.5000   37.5000   30.0000 1993.5563   26.9183
   -7.5000   45.0000   30.0000 1845.5480   31.1427
    0.0000   45.0000   30.0000 1855.3386   30.9719
    7.5000   45.0000   30.0000 1829.7826   31.4077
   -7.5000  -45.0000   37.5000 2623.3809   16.8180
    0.0000  -45.0000   37.5000 2645.6489   16.7456
    7.5000  -45.0000   37.5000 2601.0833   17.1478
   -7.5000  -37.5000   37.5000 2726.8240   15.8976
    0.0000  -37.5000   37.5000 2748.8064   15.8304
    7.5000  -37.5000   37.5000 2704.4873   16.1875
   -7.5000  -30.0000   37.5000 2804.2363   15.3068
    0.0000  -30.0000   37.5000 2829.2664   15.2105
    7.5000  -30.0000   37.5000 2774.2400   15.6041
   -7.5000  -22.5000   37.5000 2836.4641   15.0745
    0.0000  -22.5000   37.5000 2863.2314   14.9684
    7.5000  -22.5000   37.5000 2809.9631   15.3311
   -7.5000  -15.0000   37.5000 2818.1265   15.2847
    0.0000  -15.0000   37.5000 2848.1584   15.1666
    7.5000  -15.0000   37.5000 2800.7812   15.5026
   -7.5000   -7.5000   37.5000 2760.3538   15.8298
    0.0000   -7.5000   37.5000 2777.2236   15.7109
    7.5000   -7.5000   37.5000 2737.4705   16.0065
   -7.5000    0.0000   37.5000 2663.3582   16.6735
    0.0000    0.0000   37.5000 2680.5559   16.5605
    7.5000    0.0000   37.5000 2642.0730   16.8464
   -7.5000    7.5000   37.5000 2551.2908   17.8599
    0.0000    7.5000   37.5000 2557.9678   17.7480
    7.5000    7.5000   37.5000 2527.8533   18.0308
   -7.5000   15.0000   37.5000 2423.5688   19.4234
    0.0000   15.0000   37.5000 2434.5632   19.3297
    7.5000   15.0000   37.5000 2406.1079   19.5968
   -7.5000   22.5000   37.5000 2283.4336   21.4384
    0.0000   22.5000   37.5000 2296.4658   21.3553
    7.5000   22.5000   37.5000 2269.9502   21.6051
   -7.5000   30.0000   37.5000 2118.7483   23.9931
    0.0000   30.0000   37.5000 2129.7817   23.9042
    7.5000   30.0000   37.5000 2111.8757   24.1551
   -7.5000   37.5000   37.5000 1962.6561   27.2777
    0.0000   37.5000   37.5000 1970.5493   27.1908
    7.5000   37.5000   37.5000 1949.8276   27.5192
   -7.5000   45.0000   37.5000 1814.7146   31.5938
    0.0000   45.0000   37.5000 1818.3757   31.3899
    7.5000   45.0000   37.5000 1795.6024   31.9389
   -7.5000  -45.0000   45.0000 2572.0427   17.7151
    0.0000  -45.0000   45.0000 2586.9004   17.6525
    7.5000  -45.0000   45.0000 2545.0022   18.0752
   -7.5000  -37.5000   45.0000 2663.2332   16.7353
    0.0000  -37.5000   45.0000 2680.8335   16.6778
    7.5000  -37.5000   45.0000 2636.6487   17.0864
   -7.5000  -30.0000   45.0000 2725.3242   16.1233
    0.0000  -30.0000   45.0000 2748.8201   16.0319
    7.5000  -30.0000   45.0000 2695.6047   16.4520
   -7.5000  -22.5000   45.0000 2747.2236   15.8894
    0.0000  -22.5000   45.0000 2765.1675   15.7936
    7.5000  -22.5000   45.0000 2720.2695   16.1616
   -7.5000  -15.0000   45.0000 2725.3357   16.0745
    0.0000  -15.0000   45.0000 2744.0134   15.9481
    7.5000  -15.0000   45.0000 2703.8704   16.2743
   -7.5000   -7.5000   45.0000 2668.4282   16.6063
    0.0000   -7.5000   45.0000 2684.5828   16.5198
    7.5000   -7.5000   45.0000 2651.4023   16.8320
   -7.5000    0.0000   45.0000 2584.3323   17.4640
    0.0000    0.0000   45.0000 2598.4468   17.3756
    7.5000    0.0000   45.0000 2565.6350   17.7114
   -7.5000    7.5000   45.0000 2477.7463   18.7063
    0.0000    7.5000   45.0000 2489.5845   18.6007
    7.5000    7.5000   45.0000 2457.9209   18.8905
   -7.5000   15.0000   45.0000 2360.5081   20.2684
    0.0000   15.0000   45.0000 2373.5317   20.1723
    7.5000   15.0000   45.0000 2343.6233   20.4519
   -7.5000   22.5000   45.0000 2219.1875   22.3327
    0.0000   22.5000   45.0000 2235.7090   22.2473
    7.5000   22.5000   45.0000 2208.5203   22.5072
   -7.5000   30.0000   45.0000 2059.6182   24.9580
    0.0000   30.0000   45.0000 2072.3823   24.8793
    7.5000   30.0000   45.0000 2052.6179   25.1488
   -7.5000   37.5000   45.0000 1910.5414   28.1775
    0.0000   37.5000   45.0000 1921.4042   28.0873
    7.5000   37.5000   45.0000 1901.7469   28.5097
   -7.5000   45.0000   45.0000 1768.3839   32.5758
    0.0000   45.0000   45.0000 1774.2004   32.4046
    7.5000   45.0000   45.0000 1755.5239   32.9511

---------------------------------------------------------------------
imgreg_4dfp /opt/freesurfer/average/711-2C_as_mni_average_305 /opt/freesurfer/average/711-2B_as_mni_average_305_mask talsrcimg_g11 none talsrcimg_to_711-2C_as_mni_average_305_t4 1283
---------------------------------------------------------------------

freesurfer imgreg_4dfp.c
/opt/freesurfer/average/711-2C_as_mni_average_305.4dfp.img
       256       256       256         1
  1.000000  1.000000  1.000000
orientation T byte_order littleendian
Reading image: /opt/freesurfer/average/711-2C_as_mni_average_305.4dfp.img
dimensions:      256       256       256
mmppix:       1.0000   -1.0000   -1.0000
center:     128.0000 -129.0000 -129.0000
/opt/freesurfer/average/711-2B_as_mni_average_305_mask.4dfp.img
       256       256       256         1
  1.000000  1.000000  1.000000
orientation T byte_order littleendian
Reading mask: /opt/freesurfer/average/711-2B_as_mni_average_305_mask.4dfp.img (2306576 pixels)
talsrcimg_g11.4dfp.img
       256       256       256         1
  1.000000  1.000000  1.000000
orientation T byte_order littleendian
Reading image: talsrcimg_g11.4dfp.img
dimensions:      256       256       256
mmppix:       1.0000   -1.0000   -1.0000
center:     128.0000 -129.0000 -129.0000
rotation matrix determinant  1.000000
fimgreg.f
image alignment mode   1283 decimal      503 hex
parameters
    0.0000  -22.5000   15.0000    0.0000    0.0000    0.0000
eta,q 0.93937 13.97816
niter,ni,del,rscale     5    3   12.0000    1.2000
parameter  3 -0.691631 -> -0.500000 qaram    1.1500
parameter  6  0.805310 ->  0.500000 qaram    1.1500
parameters
   -0.6640  -21.3973   18.4500   -2.2386   -0.1142   -3.4500
eta,q 0.94595 13.92070
  0.0705  0.0732  0.0682  0.0585  0.0621  0.0544
  0.0658  0.0666  0.0649  0.0570  0.0589  0.0539
  0.0611  0.0616  0.0617  0.0561  0.0567  0.0545
  0.0597  0.0594  0.0593  0.0564  0.0562  0.0562
  0.0626  0.0598  0.0577  0.0594  0.0570  0.0587
  0.0686  0.0619  0.0566  0.0626  0.0594  0.0613
  0.0778  0.0656  0.0582  0.0655  0.0623  0.0646
niter,ni,del,rscale     6    3   12.0000    1.2000
parameter  4  0.509170 ->  0.500000 qaram    1.1500
parameters
   -1.1568  -19.6773   18.4674   -5.6886    0.7896   -4.8254
eta,q 0.94918 13.91365
  0.0664  0.0704  0.0617  0.0528  0.0611  0.0559
  0.0607  0.0636  0.0569  0.0516  0.0566  0.0529
  0.0562  0.0575  0.0524  0.0516  0.0532  0.0510
  0.0541  0.0542  0.0526  0.0527  0.0515  0.0513
  0.0562  0.0525  0.0542  0.0550  0.0518  0.0537
  0.0632  0.0537  0.0564  0.0586  0.0539  0.0570
  0.0725  0.0593  0.0612  0.0623  0.0566  0.0605
niter,ni,del,rscale     6    3   12.0000    1.2000
parameters
   -1.6562  -18.0472   17.7592   -7.8013    1.4503   -5.3173
eta,q 0.95087 13.97893
  0.0656  0.0683  0.0567  0.0513  0.0585  0.0550
  0.0588  0.0611  0.0531  0.0502  0.0538  0.0519
  0.0529  0.0550  0.0499  0.0492  0.0506  0.0497
  0.0508  0.0509  0.0491  0.0491  0.0491  0.0491
  0.0543  0.0491  0.0506  0.0509  0.0500  0.0498
  0.0622  0.0517  0.0547  0.0546  0.0521  0.0528
  0.0718  0.0567  0.0619  0.0601  0.0549  0.0576
niter,ni,del,rscale     5    3   12.0000    1.2000
parameters
   -1.8942  -17.0038   17.0149   -9.8095    2.2825   -5.9579
eta,q 0.95169 14.03453
  0.0661  0.0643  0.0566  0.0506  0.0575  0.0540
  0.0585  0.0571  0.0528  0.0488  0.0530  0.0500
  0.0521  0.0523  0.0494  0.0487  0.0503  0.0481
  0.0491  0.0492  0.0487  0.0485  0.0486  0.0486
  0.0521  0.0493  0.0506  0.0500  0.0491  0.0495
  0.0602  0.0522  0.0550  0.0524  0.0506  0.0517
  0.0694  0.0566  0.0617  0.0572  0.0536  0.0564
niter,ni,del,rscale     4    3   12.0000    1.2000
parameters
   -2.0612  -16.2856   16.3631  -10.5916    2.7372   -6.1547
eta,q 0.95271 14.01409
  0.0657  0.0627  0.0574  0.0529  0.0559  0.0548
  0.0575  0.0557  0.0519  0.0487  0.0522  0.0503
  0.0503  0.0510  0.0481  0.0473  0.0492  0.0475
  0.0483  0.0483  0.0480  0.0477  0.0474  0.0474
  0.0518  0.0486  0.0508  0.0491  0.0481  0.0491
  0.0588  0.0519  0.0553  0.0516  0.0504  0.0513
  0.0675  0.0574  0.0607  0.0547  0.0540  0.0549
niter,ni,del,rscale     3    3   12.0000    1.2000
parameters
   -2.0873  -16.0411   16.1547  -10.8827    2.8439   -6.1984
eta,q 0.95287 14.00481
  0.0656  0.0616  0.0590  0.0541  0.0551  0.0551
  0.0574  0.0545  0.0531  0.0497  0.0516  0.0506
  0.0497  0.0493  0.0484  0.0473  0.0485  0.0475
  0.0473  0.0473  0.0473  0.0472  0.0471  0.0471
  0.0508  0.0488  0.0500  0.0487  0.0483  0.0489
  0.0573  0.0533  0.0544  0.0513  0.0508  0.0512
  0.0658  0.0593  0.0598  0.0544  0.0548  0.0546
niter,ni,del,rscale     2    3   12.0000    1.2000
parameters
   -2.0975  -15.9460   16.0911  -11.0061    2.8719   -6.2083
eta,q 0.95290 14.00237
  0.0655  0.0613  0.0596  0.0545  0.0550  0.0552
  0.0572  0.0540  0.0536  0.0501  0.0514  0.0507
  0.0496  0.0488  0.0487  0.0474  0.0483  0.0476
  0.0471  0.0471  0.0471  0.0471  0.0471  0.0471
  0.0506  0.0490  0.0497  0.0485  0.0484  0.0488
  0.0570  0.0539  0.0542  0.0512  0.0510  0.0512
  0.0655  0.0600  0.0595  0.0542  0.0550  0.0545
niter,ni,del,rscale     1    3   12.0000    1.2000
parameters
   -2.1021  -15.9031   16.0693  -11.0608    2.8806   -6.2089
eta,q 0.95291 14.00176
  0.0654  0.0612  0.0597  0.0547  0.0549  0.0552
  0.0572  0.0539  0.0537  0.0503  0.0514  0.0507
  0.0496  0.0486  0.0487  0.0474  0.0482  0.0476
  0.0471  0.0471  0.0471  0.0471  0.0471  0.0471
  0.0505  0.0491  0.0496  0.0484  0.0484  0.0488
  0.0569  0.0541  0.0541  0.0511  0.0510  0.0512
  0.0654  0.0602  0.0594  0.0541  0.0551  0.0545
registration optimization eta report
parameter search radius
    6.0000    6.0000    6.9000    6.9000    6.0000    6.9000
100000*second partial in parameter space
       49.       37.       25.       15.       21.       16.
  0.0654  0.0612  0.0597  0.0547  0.0549  0.0552
  0.0572  0.0539  0.0537  0.0503  0.0514  0.0507
  0.0496  0.0486  0.0487  0.0474  0.0482  0.0476
  0.0471  0.0471  0.0471  0.0471  0.0471  0.0471
  0.0505  0.0491  0.0496  0.0484  0.0484  0.0488
  0.0569  0.0541  0.0541  0.0511  0.0510  0.0512
  0.0654  0.0602  0.0594  0.0541  0.0551  0.0545
   -2.1021  -15.9031   16.0693  -11.0608    2.8806   -6.2089
eta,q 0.95291 14.00176

---------------------------------------------------------------------
imgreg_4dfp /opt/freesurfer/average/711-2C_as_mni_average_305 /opt/freesurfer/average/711-2B_as_mni_average_305_mask talsrcimg_g11 none talsrcimg_to_711-2C_as_mni_average_305_t4 3335
---------------------------------------------------------------------

freesurfer imgreg_4dfp.c
/opt/freesurfer/average/711-2C_as_mni_average_305.4dfp.img
       256       256       256         1
  1.000000  1.000000  1.000000
orientation T byte_order littleendian
Reading image: /opt/freesurfer/average/711-2C_as_mni_average_305.4dfp.img
dimensions:      256       256       256
mmppix:       1.0000   -1.0000   -1.0000
center:     128.0000 -129.0000 -129.0000
/opt/freesurfer/average/711-2B_as_mni_average_305_mask.4dfp.img
       256       256       256         1
  1.000000  1.000000  1.000000
orientation T byte_order littleendian
Reading mask: /opt/freesurfer/average/711-2B_as_mni_average_305_mask.4dfp.img (2306576 pixels)
talsrcimg_g11.4dfp.img
       256       256       256         1
  1.000000  1.000000  1.000000
orientation T byte_order littleendian
Reading image: talsrcimg_g11.4dfp.img
dimensions:      256       256       256
mmppix:       1.0000   -1.0000   -1.0000
center:     128.0000 -129.0000 -129.0000
fimgreg.f
image alignment mode   3335 decimal      D07 hex
parameters
   -2.1021  -15.9031   16.0693   -0.7122   -2.5375   -1.9816
   11.5730   -2.8282  -10.8018   19.6059    5.0254  -19.1608
eta,q 0.95207 14.00110
niter,ni,del,rscale     5    3    5.0000    1.2000
parameter  4  1.457830 ->  0.500000 qaram    1.1500
parameter  5  2.816308 ->  0.500000 qaram    1.1500
parameter  6  1.355399 ->  0.500000 qaram    1.1500
parameters
   -2.5030  -15.7104   15.9556   -4.8522   -6.6775   -6.1216
    9.2992   -2.7893   -8.4759   16.1796    3.0237  -16.9877
eta,q 0.96782 13.24497
  0.0499  0.0499  0.0492  0.0418  0.0358  0.0325  0.0346  0.0381  0.0367  0.0334  0.0331  0.0348
  0.0485  0.0488  0.0483  0.0431  0.0378  0.0332  0.0338  0.0357  0.0352  0.0326  0.0326  0.0337
  0.0479  0.0481  0.0479  0.0450  0.0404  0.0353  0.0334  0.0341  0.0341  0.0325  0.0324  0.0329
  0.0479  0.0478  0.0478  0.0478  0.0435  0.0385  0.0336  0.0334  0.0334  0.0332  0.0325  0.0324
  0.0486  0.0479  0.0480  0.0512  0.0470  0.0423  0.0345  0.0339  0.0332  0.0347  0.0330  0.0322
  0.0499  0.0484  0.0486  0.0553  0.0507  0.0467  0.0360  0.0355  0.0335  0.0369  0.0337  0.0324
  0.0518  0.0493  0.0495  0.0600  0.0546  0.0515  0.0381  0.0381  0.0342  0.0396  0.0346  0.0330
niter,ni,del,rscale     7    3    5.0000    1.2000
parameter  4  0.694372 ->  0.500000 qaram    1.3225
parameter  5  1.081476 ->  0.500000 qaram    1.3225
parameter  6  0.567101 ->  0.500000 qaram    1.3225
parameters
   -2.3922  -15.7319   15.6852   -9.6132  -11.4385  -10.8826
    8.9195   -2.6416   -8.6296   17.1712    3.1479  -16.8417
eta,q 0.97310 12.44226
  0.0361  0.0347  0.0340  0.0307  0.0271  0.0271  0.0293  0.0310  0.0287  0.0309  0.0277  0.0282
  0.0340  0.0333  0.0329  0.0305  0.0276  0.0271  0.0280  0.0288  0.0277  0.0290  0.0272  0.0275
  0.0327  0.0324  0.0322  0.0309  0.0287  0.0270  0.0272  0.0275  0.0271  0.0277  0.0270  0.0270
  0.0322  0.0322  0.0322  0.0321  0.0306  0.0278  0.0270  0.0270  0.0270  0.0270  0.0269  0.0269
  0.0325  0.0325  0.0327  0.0342  0.0331  0.0304  0.0274  0.0273  0.0272  0.0270  0.0270  0.0271
  0.0336  0.0334  0.0336  0.0372  0.0364  0.0342  0.0283  0.0286  0.0278  0.0278  0.0272  0.0274
  0.0354  0.0348  0.0350  0.0411  0.0401  0.0389  0.0298  0.0307  0.0288  0.0293  0.0276  0.0281
niter,ni,del,rscale     7    3    5.0000    1.2000
parameters
   -2.2734  -15.6749   15.0143  -12.4375  -15.1900  -13.3097
    8.8314   -2.3412   -8.5421   17.3917    3.1905  -17.6652
eta,q 0.97416 11.86368
  0.0304  0.0297  0.0276  0.0279  0.0274  0.0274  0.0286  0.0301  0.0278  0.0290  0.0266  0.0268
  0.0286  0.0282  0.0270  0.0268  0.0262  0.0261  0.0271  0.0281  0.0268  0.0274  0.0261  0.0262
  0.0274  0.0272  0.0267  0.0265  0.0258  0.0259  0.0262  0.0265  0.0261  0.0263  0.0259  0.0259
  0.0269  0.0269  0.0269  0.0267  0.0265  0.0258  0.0259  0.0259  0.0259  0.0259  0.0259  0.0259
  0.0271  0.0271  0.0274  0.0275  0.0281  0.0263  0.0262  0.0263  0.0261  0.0262  0.0260  0.0261
  0.0281  0.0280  0.0281  0.0291  0.0306  0.0284  0.0272  0.0275  0.0267  0.0272  0.0262  0.0266
  0.0299  0.0294  0.0292  0.0318  0.0340  0.0322  0.0287  0.0296  0.0277  0.0286  0.0265  0.0272
niter,ni,del,rscale     6    3    5.0000    1.2000
parameters
   -2.3380  -15.6027   15.2424  -12.7469  -15.5141  -13.0354
    8.9029   -2.3574   -8.5684   17.6123    3.1926  -17.6159
eta,q 0.97419 11.84208
  0.0289  0.0286  0.0272  0.0288  0.0295  0.0290  0.0287  0.0298  0.0277  0.0290  0.0265  0.0270
  0.0272  0.0271  0.0265  0.0271  0.0277  0.0271  0.0272  0.0278  0.0267  0.0273  0.0261  0.0263
  0.0262  0.0262  0.0260  0.0260  0.0263  0.0260  0.0262  0.0263  0.0260  0.0262  0.0258  0.0259
  0.0258  0.0258  0.0258  0.0258  0.0258  0.0258  0.0258  0.0258  0.0258  0.0258  0.0258  0.0258
  0.0263  0.0261  0.0259  0.0264  0.0264  0.0257  0.0261  0.0263  0.0261  0.0261  0.0259  0.0260
  0.0275  0.0270  0.0262  0.0274  0.0279  0.0264  0.0271  0.0277  0.0267  0.0271  0.0261  0.0263
  0.0293  0.0283  0.0268  0.0291  0.0303  0.0289  0.0286  0.0298  0.0277  0.0286  0.0265  0.0269
niter,ni,del,rscale     5    3    5.0000    1.2000
parameters
   -2.3646  -15.5698   15.2607  -12.7184  -15.5801  -13.0382
    8.9179   -2.3794   -8.5511   17.6517    3.1723  -17.6315
eta,q 0.97418 11.84103
  0.0290  0.0285  0.0270  0.0290  0.0297  0.0288  0.0286  0.0297  0.0277  0.0288  0.0265  0.0269
  0.0273  0.0270  0.0263  0.0272  0.0278  0.0270  0.0271  0.0278  0.0267  0.0272  0.0261  0.0263
  0.0262  0.0261  0.0259  0.0261  0.0264  0.0259  0.0262  0.0263  0.0260  0.0262  0.0259  0.0259
  0.0258  0.0258  0.0258  0.0258  0.0258  0.0258  0.0258  0.0258  0.0258  0.0258  0.0258  0.0258
  0.0262  0.0261  0.0259  0.0263  0.0263  0.0257  0.0262  0.0263  0.0261  0.0262  0.0259  0.0260
  0.0274  0.0270  0.0263  0.0272  0.0277  0.0265  0.0271  0.0277  0.0267  0.0272  0.0261  0.0263
  0.0292  0.0283  0.0269  0.0289  0.0300  0.0292  0.0286  0.0298  0.0277  0.0287  0.0265  0.0269
niter,ni,del,rscale     4    3    5.0000    1.2000
parameters
   -2.3684  -15.5621   15.2603  -12.7197  -15.5892  -13.0339
    8.9215   -2.3812   -8.5492   17.6610    3.1718  -17.6448
eta,q 0.97418 11.84101
  0.0291  0.0284  0.0270  0.0290  0.0298  0.0288  0.0286  0.0298  0.0277  0.0288  0.0265  0.0269
  0.0273  0.0270  0.0263  0.0272  0.0279  0.0270  0.0271  0.0278  0.0267  0.0272  0.0261  0.0263
  0.0262  0.0261  0.0259  0.0261  0.0264  0.0260  0.0261  0.0263  0.0260  0.0261  0.0259  0.0259
  0.0258  0.0258  0.0258  0.0258  0.0258  0.0258  0.0258  0.0258  0.0258  0.0258  0.0258  0.0258
  0.0262  0.0262  0.0259  0.0263  0.0263  0.0257  0.0262  0.0263  0.0261  0.0262  0.0259  0.0260
  0.0273  0.0270  0.0263  0.0272  0.0277  0.0265  0.0271  0.0277  0.0267  0.0272  0.0261  0.0263
  0.0291  0.0283  0.0270  0.0289  0.0300  0.0292  0.0286  0.0298  0.0277  0.0287  0.0265  0.0269
registration optimization eta report
parameter search radius
    2.4000    2.4000    2.4000    9.5220    9.5220    9.5220
    7.2000    7.2000    7.2000    7.2000    7.2000    7.2000
100000*second partial in parameter space
       56.       44.       20.        3.        4.        4.
        5.        8.        4.        6.        1.        2.
  0.0291  0.0284  0.0270  0.0290  0.0298  0.0288  0.0286  0.0298  0.0277  0.0288  0.0265  0.0269
  0.0273  0.0270  0.0263  0.0272  0.0279  0.0270  0.0271  0.0278  0.0267  0.0272  0.0261  0.0263
  0.0262  0.0261  0.0259  0.0261  0.0264  0.0260  0.0261  0.0263  0.0260  0.0261  0.0259  0.0259
  0.0258  0.0258  0.0258  0.0258  0.0258  0.0258  0.0258  0.0258  0.0258  0.0258  0.0258  0.0258
  0.0262  0.0262  0.0259  0.0263  0.0263  0.0257  0.0262  0.0263  0.0261  0.0262  0.0259  0.0260
  0.0273  0.0270  0.0263  0.0272  0.0277  0.0265  0.0271  0.0277  0.0267  0.0272  0.0261  0.0263
  0.0291  0.0283  0.0270  0.0289  0.0300  0.0292  0.0286  0.0298  0.0277  0.0287  0.0265  0.0269
   -2.3684  -15.5621   15.2603  -12.7197  -15.5892  -13.0339
    8.9215   -2.3812   -8.5492   17.6610    3.1718  -17.6448
eta,q 0.97418 11.84101

---------------------------------------------------------------------
imgreg_4dfp /opt/freesurfer/average/711-2C_as_mni_average_305 /opt/freesurfer/average/711-2B_as_mni_average_305_mask talsrcimg_g11 none talsrcimg_to_711-2C_as_mni_average_305_t4 2311
---------------------------------------------------------------------

freesurfer imgreg_4dfp.c
/opt/freesurfer/average/711-2C_as_mni_average_305.4dfp.img
       256       256       256         1
  1.000000  1.000000  1.000000
orientation T byte_order littleendian
Reading image: /opt/freesurfer/average/711-2C_as_mni_average_305.4dfp.img
dimensions:      256       256       256
mmppix:       1.0000   -1.0000   -1.0000
center:     128.0000 -129.0000 -129.0000
/opt/freesurfer/average/711-2B_as_mni_average_305_mask.4dfp.img
       256       256       256         1
  1.000000  1.000000  1.000000
orientation T byte_order littleendian
Reading mask: /opt/freesurfer/average/711-2B_as_mni_average_305_mask.4dfp.img (2306576 pixels)
talsrcimg_g11.4dfp.img
       256       256       256         1
  1.000000  1.000000  1.000000
orientation T byte_order littleendian
Reading image: talsrcimg_g11.4dfp.img
dimensions:      256       256       256
mmppix:       1.0000   -1.0000   -1.0000
center:     128.0000 -129.0000 -129.0000
fimgreg.f
image alignment mode   2311 decimal      907 hex
parameters
   -2.3684  -15.5621   15.2603  -12.7197  -15.5892  -13.0339
    8.9215   -2.3812   -8.5492   17.6610    3.1718  -17.6448
eta,q 0.97418 11.84102
niter,ni,del,rscale     5    3    5.0000    0.8000
parameters
   -2.3668  -15.5935   15.2643  -13.0785  -15.3210  -12.0188
    8.8900   -2.3506   -8.5208   17.8349    3.4999  -17.7976
eta,q 0.97426 11.89588
  0.0273  0.0270  0.0263  0.0265  0.0271  0.0263  0.0270  0.0277  0.0266  0.0273  0.0261  0.0263
  0.0265  0.0263  0.0260  0.0261  0.0264  0.0259  0.0263  0.0266  0.0261  0.0264  0.0259  0.0259
  0.0260  0.0259  0.0259  0.0258  0.0260  0.0258  0.0259  0.0260  0.0258  0.0259  0.0258  0.0258
  0.0258  0.0258  0.0258  0.0258  0.0258  0.0258  0.0257  0.0257  0.0257  0.0257  0.0257  0.0257
  0.0260  0.0260  0.0259  0.0260  0.0259  0.0257  0.0259  0.0260  0.0258  0.0259  0.0258  0.0258
  0.0265  0.0264  0.0260  0.0263  0.0262  0.0257  0.0264  0.0266  0.0261  0.0263  0.0259  0.0260
  0.0273  0.0270  0.0263  0.0267  0.0268  0.0260  0.0271  0.0276  0.0266  0.0271  0.0260  0.0263
niter,ni,del,rscale     4    3    5.0000    0.7000
parameters
   -2.3777  -15.6346   15.1402  -13.0154  -15.3009  -12.1253
    8.9168   -2.3580   -8.5090   17.8466    3.5354  -17.9504
eta,q 0.97426 11.89698
  0.0269  0.0266  0.0261  0.0264  0.0267  0.0259  0.0268  0.0272  0.0264  0.0269  0.0260  0.0262
  0.0262  0.0261  0.0259  0.0260  0.0262  0.0258  0.0262  0.0264  0.0261  0.0262  0.0258  0.0259
  0.0259  0.0258  0.0257  0.0258  0.0259  0.0258  0.0259  0.0259  0.0258  0.0259  0.0258  0.0258
  0.0257  0.0257  0.0257  0.0257  0.0257  0.0257  0.0257  0.0257  0.0257  0.0257  0.0257  0.0257
  0.0259  0.0259  0.0258  0.0258  0.0258  0.0256  0.0259  0.0259  0.0258  0.0259  0.0258  0.0258
  0.0263  0.0262  0.0260  0.0260  0.0262  0.0258  0.0262  0.0264  0.0261  0.0262  0.0258  0.0260
  0.0269  0.0267  0.0262  0.0263  0.0267  0.0261  0.0267  0.0272  0.0264  0.0268  0.0260  0.0262
niter,ni,del,rscale     3    3    5.0000    0.6000
parameters
   -2.3679  -15.6352   15.1100  -13.1103  -15.2815  -11.7257
    8.9234   -2.3572   -8.4968   17.9771    3.8168  -18.0707
eta,q 0.97430 11.91960
  0.0266  0.0264  0.0260  0.0262  0.0264  0.0259  0.0265  0.0268  0.0262  0.0266  0.0259  0.0260
  0.0261  0.0260  0.0259  0.0259  0.0261  0.0258  0.0260  0.0262  0.0259  0.0261  0.0258  0.0258
  0.0258  0.0258  0.0258  0.0258  0.0258  0.0258  0.0258  0.0258  0.0258  0.0258  0.0257  0.0257
  0.0257  0.0257  0.0257  0.0257  0.0257  0.0257  0.0257  0.0257  0.0257  0.0257  0.0257  0.0257
  0.0258  0.0258  0.0258  0.0258  0.0258  0.0256  0.0258  0.0258  0.0258  0.0258  0.0257  0.0258
  0.0261  0.0261  0.0259  0.0260  0.0260  0.0257  0.0260  0.0262  0.0259  0.0260  0.0258  0.0259
  0.0266  0.0264  0.0261  0.0262  0.0264  0.0259  0.0265  0.0268  0.0262  0.0265  0.0259  0.0261
niter,ni,del,rscale     2    3    5.0000    0.5000
parameters
   -2.3715  -15.6501   15.0658  -13.0972  -15.2730  -11.2417
    8.9452   -2.3609   -8.5044   18.0803    4.0715  -18.1742
eta,q 0.97435 11.95454
  0.0263  0.0262  0.0259  0.0260  0.0262  0.0258  0.0262  0.0264  0.0260  0.0263  0.0258  0.0259
  0.0260  0.0259  0.0258  0.0258  0.0259  0.0258  0.0259  0.0260  0.0258  0.0259  0.0257  0.0258
  0.0258  0.0257  0.0257  0.0257  0.0258  0.0258  0.0257  0.0257  0.0257  0.0257  0.0257  0.0257
  0.0257  0.0257  0.0257  0.0257  0.0257  0.0257  0.0257  0.0257  0.0257  0.0257  0.0257  0.0257
  0.0258  0.0258  0.0257  0.0257  0.0257  0.0256  0.0257  0.0257  0.0257  0.0257  0.0257  0.0257
  0.0260  0.0259  0.0258  0.0258  0.0259  0.0257  0.0259  0.0260  0.0258  0.0259  0.0257  0.0258
  0.0263  0.0262  0.0260  0.0260  0.0262  0.0258  0.0262  0.0264  0.0260  0.0262  0.0258  0.0259
niter,ni,del,rscale     1    3    5.0000    0.4000
parameters
   -2.3684  -15.6580   15.0688  -13.0693  -15.2853  -10.9025
    8.9601   -2.3505   -8.5517   18.1358    4.1118  -18.2637
eta,q 0.97438 11.97917
  0.0260  0.0260  0.0258  0.0259  0.0260  0.0259  0.0260  0.0261  0.0259  0.0260  0.0257  0.0258
  0.0258  0.0258  0.0257  0.0257  0.0258  0.0258  0.0258  0.0259  0.0257  0.0258  0.0257  0.0257
  0.0257  0.0257  0.0257  0.0257  0.0257  0.0257  0.0257  0.0257  0.0256  0.0257  0.0256  0.0256
  0.0257  0.0257  0.0257  0.0257  0.0257  0.0257  0.0256  0.0256  0.0256  0.0256  0.0256  0.0256
  0.0257  0.0257  0.0257  0.0257  0.0257  0.0256  0.0257  0.0257  0.0257  0.0257  0.0256  0.0257
  0.0258  0.0258  0.0257  0.0257  0.0258  0.0257  0.0258  0.0258  0.0257  0.0258  0.0257  0.0257
  0.0260  0.0260  0.0258  0.0258  0.0260  0.0258  0.0260  0.0261  0.0259  0.0260  0.0257  0.0258
registration optimization eta report
parameter search radius
    0.8000    0.8000    0.8000    2.4000    2.4000    2.4000
    2.4000    2.4000    2.4000    2.4000    2.4000    2.4000
100000*second partial in parameter space
       59.       49.       29.        3.        6.        3.
        6.        8.        4.        7.        2.        3.
  0.0260  0.0260  0.0258  0.0259  0.0260  0.0259  0.0260  0.0261  0.0259  0.0260  0.0257  0.0258
  0.0258  0.0258  0.0257  0.0257  0.0258  0.0258  0.0258  0.0259  0.0257  0.0258  0.0257  0.0257
  0.0257  0.0257  0.0257  0.0257  0.0257  0.0257  0.0257  0.0257  0.0256  0.0257  0.0256  0.0256
  0.0257  0.0257  0.0257  0.0257  0.0257  0.0257  0.0256  0.0256  0.0256  0.0256  0.0256  0.0256
  0.0257  0.0257  0.0257  0.0257  0.0257  0.0256  0.0257  0.0257  0.0257  0.0257  0.0256  0.0257
  0.0258  0.0258  0.0257  0.0257  0.0258  0.0257  0.0258  0.0258  0.0257  0.0258  0.0257  0.0257
  0.0260  0.0260  0.0258  0.0258  0.0260  0.0258  0.0260  0.0261  0.0259  0.0260  0.0257  0.0258
   -2.3684  -15.6580   15.0688  -13.0693  -15.2853  -10.9025
    8.9601   -2.3505   -8.5517   18.1358    4.1118  -18.2637
eta,q 0.97438 11.97917

---------------------------------------------------------------------
imgreg_4dfp /opt/freesurfer/average/711-2C_as_mni_average_305 /opt/freesurfer/average/711-2B_as_mni_average_305_mask talsrcimg_g11 none talsrcimg_to_711-2C_as_mni_average_305_t4 2311
---------------------------------------------------------------------

freesurfer imgreg_4dfp.c
/opt/freesurfer/average/711-2C_as_mni_average_305.4dfp.img
       256       256       256         1
  1.000000  1.000000  1.000000
orientation T byte_order littleendian
Reading image: /opt/freesurfer/average/711-2C_as_mni_average_305.4dfp.img
dimensions:      256       256       256
mmppix:       1.0000   -1.0000   -1.0000
center:     128.0000 -129.0000 -129.0000
/opt/freesurfer/average/711-2B_as_mni_average_305_mask.4dfp.img
       256       256       256         1
  1.000000  1.000000  1.000000
orientation T byte_order littleendian
Reading mask: /opt/freesurfer/average/711-2B_as_mni_average_305_mask.4dfp.img (2306576 pixels)
talsrcimg_g11.4dfp.img
       256       256       256         1
  1.000000  1.000000  1.000000
orientation T byte_order littleendian
Reading image: talsrcimg_g11.4dfp.img
dimensions:      256       256       256
mmppix:       1.0000   -1.0000   -1.0000
center:     128.0000 -129.0000 -129.0000
fimgreg.f
image alignment mode   2311 decimal      907 hex
parameters
   -2.3684  -15.6580   15.0688  -13.0693  -15.2853  -10.9025
    8.9601   -2.3505   -8.5517   18.1358    4.1118  -18.2637
eta,q 0.97438 11.97917
niter,ni,del,rscale     5    3    5.0000    0.8000
parameters
   -2.3657  -15.6354   15.1405  -12.7440  -15.3618  -11.9239
    8.9712   -2.3885   -8.5604   18.0179    3.6134  -17.9775
eta,q 0.97427 11.92996
  0.0271  0.0269  0.0264  0.0265  0.0268  0.0260  0.0271  0.0276  0.0266  0.0271  0.0260  0.0264
  0.0263  0.0262  0.0260  0.0260  0.0262  0.0259  0.0263  0.0266  0.0261  0.0263  0.0258  0.0260
  0.0258  0.0258  0.0257  0.0257  0.0258  0.0258  0.0259  0.0259  0.0258  0.0259  0.0257  0.0258
  0.0256  0.0256  0.0256  0.0256  0.0256  0.0256  0.0257  0.0257  0.0257  0.0257  0.0257  0.0257
  0.0258  0.0258  0.0257  0.0257  0.0258  0.0257  0.0259  0.0260  0.0258  0.0259  0.0258  0.0258
  0.0263  0.0262  0.0259  0.0259  0.0262  0.0261  0.0263  0.0266  0.0261  0.0264  0.0259  0.0260
  0.0271  0.0268  0.0263  0.0262  0.0269  0.0269  0.0271  0.0276  0.0266  0.0272  0.0261  0.0262
niter,ni,del,rscale     4    3    5.0000    0.7000
parameters
   -2.3634  -15.6284   15.1081  -12.9777  -15.3305  -11.9980
    8.9433   -2.3566   -8.5049   17.9329    3.6309  -17.9998
eta,q 0.97427 11.90816
  0.0269  0.0267  0.0262  0.0263  0.0267  0.0259  0.0267  0.0272  0.0264  0.0268  0.0260  0.0262
  0.0263  0.0262  0.0259  0.0259  0.0262  0.0258  0.0262  0.0264  0.0261  0.0262  0.0258  0.0259
  0.0259  0.0258  0.0258  0.0257  0.0258  0.0258  0.0258  0.0259  0.0258  0.0258  0.0258  0.0258
  0.0257  0.0257  0.0257  0.0257  0.0257  0.0257  0.0257  0.0257  0.0257  0.0257  0.0257  0.0257
  0.0259  0.0258  0.0258  0.0258  0.0258  0.0256  0.0258  0.0259  0.0258  0.0259  0.0258  0.0258
  0.0262  0.0262  0.0260  0.0260  0.0261  0.0258  0.0262  0.0264  0.0260  0.0263  0.0258  0.0259
  0.0269  0.0267  0.0262  0.0263  0.0266  0.0261  0.0268  0.0272  0.0264  0.0269  0.0260  0.0262
niter,ni,del,rscale     3    3    5.0000    0.6000
parameters
   -2.3661  -15.6340   15.0891  -13.0768  -15.2898  -11.6674
    8.9366   -2.3549   -8.4973   18.0081    3.8409  -18.1029
eta,q 0.97431 11.92622
  0.0266  0.0264  0.0261  0.0262  0.0264  0.0259  0.0264  0.0268  0.0262  0.0265  0.0259  0.0260
  0.0261  0.0260  0.0259  0.0259  0.0261  0.0258  0.0260  0.0262  0.0259  0.0261  0.0258  0.0258
  0.0258  0.0258  0.0257  0.0258  0.0258  0.0258  0.0258  0.0258  0.0257  0.0258  0.0257  0.0257
  0.0257  0.0257  0.0257  0.0257  0.0257  0.0257  0.0257  0.0257  0.0257  0.0257  0.0257  0.0257
  0.0258  0.0258  0.0258  0.0258  0.0258  0.0256  0.0258  0.0258  0.0258  0.0258  0.0257  0.0258
  0.0261  0.0260  0.0259  0.0260  0.0260  0.0257  0.0260  0.0262  0.0259  0.0260  0.0258  0.0259
  0.0266  0.0264  0.0261  0.0262  0.0264  0.0259  0.0265  0.0268  0.0262  0.0265  0.0259  0.0260
niter,ni,del,rscale     2    3    5.0000    0.5000
parameters
   -2.3704  -15.6464   15.0607  -13.1015  -15.2836  -11.2152
    8.9442   -2.3642   -8.5051   18.0919    4.0584  -18.1989
eta,q 0.97435 11.95575
  0.0263  0.0262  0.0259  0.0260  0.0262  0.0258  0.0262  0.0264  0.0260  0.0263  0.0258  0.0259
  0.0260  0.0259  0.0258  0.0258  0.0259  0.0258  0.0259  0.0260  0.0258  0.0259  0.0257  0.0258
  0.0258  0.0257  0.0257  0.0257  0.0257  0.0258  0.0257  0.0257  0.0257  0.0257  0.0257  0.0257
  0.0257  0.0257  0.0257  0.0257  0.0257  0.0257  0.0257  0.0257  0.0257  0.0257  0.0257  0.0257
  0.0258  0.0258  0.0257  0.0257  0.0257  0.0256  0.0257  0.0257  0.0257  0.0257  0.0257  0.0257
  0.0260  0.0259  0.0258  0.0258  0.0259  0.0257  0.0259  0.0260  0.0258  0.0259  0.0257  0.0258
  0.0263  0.0262  0.0260  0.0260  0.0262  0.0259  0.0262  0.0264  0.0260  0.0262  0.0258  0.0259
niter,ni,del,rscale     1    3    5.0000    0.4000
parameters
   -2.3692  -15.6557   15.0687  -13.0714  -15.2849  -10.8819
    8.9547   -2.3551   -8.5486   18.1397    4.0985  -18.2655
eta,q 0.97437 11.98034
  0.0260  0.0260  0.0258  0.0258  0.0260  0.0259  0.0260  0.0261  0.0259  0.0260  0.0257  0.0258
  0.0258  0.0258  0.0257  0.0257  0.0258  0.0258  0.0258  0.0258  0.0257  0.0258  0.0257  0.0257
  0.0257  0.0257  0.0257  0.0257  0.0257  0.0257  0.0257  0.0257  0.0256  0.0257  0.0256  0.0256
  0.0257  0.0256  0.0256  0.0256  0.0256  0.0256  0.0256  0.0256  0.0256  0.0256  0.0256  0.0256
  0.0257  0.0257  0.0257  0.0257  0.0257  0.0256  0.0257  0.0257  0.0257  0.0257  0.0256  0.0257
  0.0258  0.0258  0.0257  0.0257  0.0258  0.0257  0.0258  0.0258  0.0257  0.0258  0.0257  0.0257
  0.0260  0.0260  0.0258  0.0258  0.0260  0.0258  0.0260  0.0261  0.0259  0.0260  0.0257  0.0258
registration optimization eta report
parameter search radius
    0.8000    0.8000    0.8000    2.4000    2.4000    2.4000
    2.4000    2.4000    2.4000    2.4000    2.4000    2.4000
100000*second partial in parameter space
       60.       50.       29.        3.        6.        3.
        6.        9.        4.        7.        2.        3.
  0.0260  0.0260  0.0258  0.0258  0.0260  0.0259  0.0260  0.0261  0.0259  0.0260  0.0257  0.0258
  0.0258  0.0258  0.0257  0.0257  0.0258  0.0258  0.0258  0.0258  0.0257  0.0258  0.0257  0.0257
  0.0257  0.0257  0.0257  0.0257  0.0257  0.0257  0.0257  0.0257  0.0256  0.0257  0.0256  0.0256
  0.0257  0.0256  0.0256  0.0256  0.0256  0.0256  0.0256  0.0256  0.0256  0.0256  0.0256  0.0256
  0.0257  0.0257  0.0257  0.0257  0.0257  0.0256  0.0257  0.0257  0.0257  0.0257  0.0256  0.0257
  0.0258  0.0258  0.0257  0.0257  0.0258  0.0257  0.0258  0.0258  0.0257  0.0258  0.0257  0.0257
  0.0260  0.0260  0.0258  0.0258  0.0260  0.0258  0.0260  0.0261  0.0259  0.0260  0.0257  0.0258
   -2.3692  -15.6557   15.0687  -13.0714  -15.2849  -10.8819
    8.9547   -2.3551   -8.5486   18.1397    4.0985  -18.2655
eta,q 0.97437 11.98034

---------------------------------------------------------------------
compute_vox2vox talsrcimg talsrcimg_to_711-2C_as_mni_average_305_t4 /opt/freesurfer/average/711-2C_as_mni_average_305
---------------------------------------------------------------------

freesurfer compute_vox2vox.c
Reading: talsrcimg.4dfp.ifh
Reading: talsrcimg_to_711-2C_as_mni_average_305_t4
Reading: /opt/freesurfer/average/711-2C_as_mni_average_305.4dfp.ifh
Writing: talsrcimg_to_711-2C_as_mni_average_305_t4_vox2vox.txt

start time Sun Mar 8 17:27:45 CET 2026
end		time Sun Mar 8 17:29:16 CET 2026

mpr2mni305 success

avi2talxfm orig_nu.mgz /opt/freesurfer/average/mni305.cor.mgz talsrcimg_to_711-2C_as_mni_average_305_t4_vox2vox.txt transforms/talairach.auto.xfm
avi2talxfm done
mv -f /out/sourcedata/freesurfer/sub-v1s14x0051562_ses-1/mri/talsrcimg_to_711-2C_as_mni_average_305_t4_vox2vox.txt /out/sourcedata/freesurfer/sub-v1s14x0051562_ses-1/mri/transforms/talsrcimg_to_711-2C_as_mni_average_305_t4_vox2vox.txt
lta_convert --src orig_nu.mgz --trg /opt/freesurfer/average/mni305.cor.mgz --inxfm transforms/talairach.auto.xfm --outlta transforms/talairach.auto.xfm.lta --subject fsaverage
7.3.2

--src: orig_nu.mgz src image (geometry).
--trg: /opt/freesurfer/average/mni305.cor.mgz trg image (geometry).
--inmni: transforms/talairach.auto.xfm input MNI/XFM transform.
--outlta: transforms/talairach.auto.xfm.lta output LTA.
--s: fsaverage subject name
 LTA read, type : 1
 1.13719   0.05223  -0.10894   2.79535;
-0.02757   1.07367   0.23441  -26.65852;
 0.12066  -0.22463   1.11924  -23.55595;
 0.00000   0.00000   0.00000   1.00000;
setting subject to fsaverage
Writing  LTA to file transforms/talairach.auto.xfm.lta...
lta_convert successful.
 
 
Started at Sun Mar 8 17:27:44 CET 2026
Ended   at Sun Mar  8 17:29:17 CET 2026
talairach_avi done
