status file for recon-all
Sun Mar  8 19:48:29 CET 2026
#@# MotionCor Sun Mar  8 19:48:30 CET 2026
#@# Talairach Sun Mar  8 19:48:36 CET 2026
#@# Talairach Failure Detection Sun Mar  8 19:51:25 CET 2026
#@# Nu Intensity Correction Sun Mar  8 19:51:25 CET 2026
#@# Intensity Normalization Sun Mar  8 19:54:11 CET 2026
recon-all -s sub-v1s14x0051581_ses-1 finished without error at Sun Mar  8 19:55:10 CET 2026



#New# invocation of recon-all 



status file for recon-all
Sun Mar  8 20:01:20 CET 2026
#@# EM Registration Sun Mar  8 20:01:20 CET 2026
recon-all -s sub-v1s14x0051581_ses-1 finished without error at Sun Mar  8 20:02:39 CET 2026



#New# invocation of recon-all 



status file for recon-all
Sun Mar  8 20:02:43 CET 2026
#@# CA Normalize Sun Mar  8 20:02:43 CET 2026
#@# CA Reg Sun Mar  8 20:03:35 CET 2026
#@# SubCort Seg Sun Mar  8 20:38:09 CET 2026
#@# CC Seg Sun Mar  8 21:05:24 CET 2026
#@# Merge ASeg Sun Mar  8 21:05:44 CET 2026
#@# Intensity Normalization2 Sun Mar  8 21:05:44 CET 2026
#@# Mask BFS Sun Mar  8 21:07:10 CET 2026
#@# WM Segmentation Sun Mar  8 21:07:11 CET 2026
#@# Fill Sun Mar  8 21:08:54 CET 2026
recon-all -s sub-v1s14x0051581_ses-1 finished without error at Sun Mar  8 21:09:32 CET 2026



#New# invocation of recon-all 



status file for recon-all
Sun Mar  8 21:53:20 CET 2026
#@# white curv lh Sun Mar  8 21:53:20 CET 2026
#@# white area lh Sun Mar  8 21:53:20 CET 2026
#@# pial curv lh Sun Mar  8 21:53:20 CET 2026
#@# pial area lh Sun Mar  8 21:53:20 CET 2026
#@# thickness lh Sun Mar  8 21:53:20 CET 2026
#@# area and vertex vol lh Sun Mar  8 21:53:20 CET 2026
#@# white curv rh Sun Mar  8 21:53:20 CET 2026
#@# white area rh Sun Mar  8 21:53:20 CET 2026
#@# pial curv rh Sun Mar  8 21:53:20 CET 2026
#@# pial area rh Sun Mar  8 21:53:20 CET 2026
#@# thickness rh Sun Mar  8 21:53:20 CET 2026
#@# area and vertex vol rh Sun Mar  8 21:53:20 CET 2026
#@# Cortical ribbon mask Sun Mar  8 21:53:20 CET 2026
recon-all -s sub-v1s14x0051581_ses-1 finished without error at Sun Mar  8 21:56:04 CET 2026



#New# invocation of recon-all 



status file for recon-all
Sun Mar  8 22:00:40 CET 2026
#@# white curv lh Sun Mar  8 22:00:40 CET 2026
#@# white area lh Sun Mar  8 22:00:40 CET 2026
#@# pial curv lh Sun Mar  8 22:00:40 CET 2026
#@# pial area lh Sun Mar  8 22:00:40 CET 2026
#@# thickness lh Sun Mar  8 22:00:40 CET 2026
#@# area and vertex vol lh Sun Mar  8 22:00:40 CET 2026
#@# white curv rh Sun Mar  8 22:00:40 CET 2026
#@# white area rh Sun Mar  8 22:00:40 CET 2026
#@# pial curv rh Sun Mar  8 22:00:40 CET 2026
#@# pial area rh Sun Mar  8 22:00:40 CET 2026
#@# thickness rh Sun Mar  8 22:00:40 CET 2026
#@# area and vertex vol rh Sun Mar  8 22:00:40 CET 2026
#@# Curvature Stats lh Sun Mar  8 22:00:40 CET 2026
#@# Curvature Stats rh Sun Mar  8 22:00:42 CET 2026
#@# Relabel Hypointensities Sun Mar  8 22:00:43 CET 2026
#@# APas-to-ASeg Sun Mar  8 22:00:53 CET 2026
#@# AParc-to-ASeg aparc Sun Mar  8 22:00:59 CET 2026
#@# AParc-to-ASeg aparc.a2009s Sun Mar  8 22:01:12 CET 2026
#@# AParc-to-ASeg aparc.DKTatlas Sun Mar  8 22:01:25 CET 2026
#@# WMParc Sun Mar  8 22:01:38 CET 2026
#@# ASeg Stats Sun Mar  8 22:03:16 CET 2026
recon-all -s sub-v1s14x0051581_ses-1 finished without error at Sun Mar  8 22:03:33 CET 2026
