/out/sourcedata/freesurfer/sub-v1s14x0051579_ses-1/mri
/opt/freesurfer/bin/talairach_avi
--i orig_nu.mgz --xfm transforms/talairach.auto.xfm
talairach_avi 7.3.2
Linux dna079 5.14.0-427.37.1.el9_4.x86_64 #1 SMP PREEMPT_DYNAMIC Fri Sep 13 12:41:50 EDT 2024 x86_64 x86_64 x86_64 GNU/Linux
Sun Mar  8 19:33:53 CET 2026
mri_convert orig_nu.mgz talsrcimg.img 
reading from orig_nu.mgz...
TR=0.00, TE=0.00, TI=0.00, flip angle=0.00
i_ras = (-1, -8.84756e-09, 3.72529e-09)
j_ras = (3.72529e-09, -1.49012e-08, -1)
k_ras = (9.31323e-10, 1, -7.45058e-09)
writing to talsrcimg.img...
Analyze Output Matrix
-1.00000   0.00000   0.00000   126.98862;
-0.00000  -0.00000   1.00000  -130.20351;
 0.00000  -1.00000  -0.00000   133.19635;
 0.00000   0.00000   0.00000   1.00000;
--------------------
INFO: set hdr.hist.orient to -1
mpr2mni305 talsrcimg
Sun Mar  8 19:33:53 CET 2026
/opt/freesurfer/bin/mpr2mni305 talsrcimg
mpr2mni305 7.3.2
target=711-2C_as_mni_average_305

---------------------------------------------------------------------
analyzeto4dfp talsrcimg -O0 -y
---------------------------------------------------------------------

freesurfer ifh2hdr.c
Sun Mar  8 19:33:54 2026
Writing: talsrcimg.4dfp.hdr
freesurfer analyzeto4dfp.c
Reading: talsrcimg.hdr
header size 348 bytes
hdr.dime.datatype	offset=70	value=2
hdr.dime.bitpix		offset=72	value=8
hdr.hist.orient		offset=252	value=-1
dimensionality     4
dimensions       256       256       256         1
Reading: talsrcimg.img
Writing: talsrcimg.4dfp.img
Writing: talsrcimg.4dfp.ifh
ifh2hdr talsrcimg -r0to252
ori=2

---------------------------------------------------------------------
gauss_4dfp talsrcimg 1.1
---------------------------------------------------------------------

freesurfer gauss_4dfp.c
Reading: talsrcimg.4dfp.img
Writing: talsrcimg_g11.4dfp.img
image dimensions 256 256 256 padded to 288 288 288
processing volume 1freesurfer ifh2hdr.c
Sun Mar  8 19:33:55 2026
Writing: talsrcimg_g11.4dfp.hdr

Writing: talsrcimg_g11.4dfp.ifh
including: talsrcimg.4dfp.img.rec in talsrcimg_g11.4dfp.img.rec

---------------------------------------------------------------------
imgreg_4dfp /opt/freesurfer/average/711-2C_as_mni_average_305 none talsrcimg_g11 none talsrcimg_to_711-2C_as_mni_average_305_t4 4355
---------------------------------------------------------------------

freesurfer imgreg_4dfp.c
/opt/freesurfer/average/711-2C_as_mni_average_305.4dfp.img
       256       256       256         1
  1.000000  1.000000  1.000000
orientation T byte_order littleendian
Reading image: /opt/freesurfer/average/711-2C_as_mni_average_305.4dfp.img
dimensions:      256       256       256
mmppix:       1.0000   -1.0000   -1.0000
center:     128.0000 -129.0000 -129.0000
talsrcimg_g11.4dfp.img
       256       256       256         1
  1.000000  1.000000  1.000000
orientation T byte_order littleendian
Reading image: talsrcimg_g11.4dfp.img
dimensions:      256       256       256
mmppix:       1.0000   -1.0000   -1.0000
center:     128.0000 -129.0000 -129.0000
t4_read: open error in t4_sub.f l:  41 t4_file(1:l)talsrcimg_to_711-2C_as_mni_average_305_t4 
t4_read: transform initialized to I4
rotation matrix determinant  1.000000
image alignment mode   4355 decimal     1103 hex
   -7.5000  -45.0000  -45.0000 7687.7324   16.3796
    0.0000  -45.0000  -45.0000 7993.8198   16.4104
    7.5000  -45.0000  -45.0000 7681.2109   16.4230
   -7.5000  -37.5000  -45.0000 7984.4141   16.3838
    0.0000  -37.5000  -45.0000 8313.2568   16.4127
    7.5000  -37.5000  -45.0000 7972.9160   16.4149
   -7.5000  -30.0000  -45.0000 8590.5400   16.3794
    0.0000  -30.0000  -45.0000 8953.9404   16.4010
    7.5000  -30.0000  -45.0000 8555.8311   16.3959
   -7.5000  -22.5000  -45.0000 9157.3691   16.3702
    0.0000  -22.5000  -45.0000 9521.2451   16.3863
    7.5000  -22.5000  -45.0000 9115.1201   16.3856
   -7.5000  -15.0000  -45.0000 9625.6982   16.3670
    0.0000  -15.0000  -45.0000 9997.9102   16.3849
    7.5000  -15.0000  -45.0000 9570.0449   16.3938
   -7.5000   -7.5000  -45.000010034.3115   16.3721
    0.0000   -7.5000  -45.000010402.2500   16.3972
    7.5000   -7.5000  -45.0000 9971.8994   16.4121
   -7.5000    0.0000  -45.000010330.6377   16.3796
    0.0000    0.0000  -45.000010703.3887   16.4104
    7.5000    0.0000  -45.000010240.4375   16.4230
   -7.5000    7.5000  -45.0000 9773.1035   16.3838
    0.0000    7.5000  -45.000010126.7568   16.4127
    7.5000    7.5000  -45.0000 9674.8682   16.4149
   -7.5000   15.0000  -45.0000 9076.3115   16.3794
    0.0000   15.0000  -45.0000 9388.6016   16.4010
    7.5000   15.0000  -45.0000 8988.7842   16.3959
   -7.5000   22.5000  -45.0000 8369.5283   16.3680
    0.0000   22.5000  -45.0000 8681.0830   16.3841
    7.5000   22.5000  -45.0000 8275.9209   16.3833
   -7.5000   30.0000  -45.0000 7674.4482   16.1489
    0.0000   30.0000  -45.0000 7968.2876   16.1665
    7.5000   30.0000  -45.0000 7567.8633   16.1753
   -7.5000   37.5000  -45.0000 7180.4336   16.1552
    0.0000   37.5000  -45.0000 7447.5215   16.1800
    7.5000   37.5000  -45.0000 7081.6094   16.1948
   -7.5000   45.0000  -45.0000 6369.8716   15.8559
    0.0000   45.0000  -45.0000 6600.6069   15.8856
    7.5000   45.0000  -45.0000 6276.4019   15.8978
   -7.5000  -45.0000  -37.5000 8254.0703   16.2089
    0.0000  -45.0000  -37.5000 8611.1250   16.2290
    7.5000  -45.0000  -37.5000 8242.5439   16.2397
   -7.5000  -37.5000  -37.5000 8573.7549   16.2149
    0.0000  -37.5000  -37.5000 8954.1279   16.2351
    7.5000  -37.5000  -37.5000 8548.9580   16.2374
   -7.5000  -30.0000  -37.5000 9163.4814   16.2161
    0.0000  -30.0000  -37.5000 9583.9268   16.2305
    7.5000  -30.0000  -37.5000 9139.5430   16.2250
   -7.5000  -22.5000  -37.5000 9771.5996   16.2107
    0.0000  -22.5000  -37.500010196.1768   16.2200
    7.5000  -22.5000  -37.5000 9734.0156   16.2156
   -7.5000  -15.0000  -37.500010288.5361   16.2065
    0.0000  -15.0000  -37.500010708.7627   16.2159
    7.5000  -15.0000  -37.500010229.7861   16.2179
   -7.5000   -7.5000  -37.500010727.6230   16.2061
    0.0000   -7.5000  -37.500011156.0381   16.2204
    7.5000   -7.5000  -37.500010649.1133   16.2297
   -7.5000    0.0000  -37.500011082.3984   16.2089
    0.0000    0.0000  -37.500011521.3965   16.2290
    7.5000    0.0000  -37.500010958.1328   16.2397
   -7.5000    7.5000  -37.500010514.0918   16.2149
    0.0000    7.5000  -37.500010931.6357   16.2351
    7.5000    7.5000  -37.500010385.6221   16.2374
   -7.5000   15.0000  -37.5000 9756.4209   16.2161
    0.0000   15.0000  -37.500010142.5850   16.2305
    7.5000   15.0000  -37.5000 9646.0137   16.2250
   -7.5000   22.5000  -37.5000 8963.0498   16.2085
    0.0000   22.5000  -37.5000 9316.2900   16.2177
    7.5000   22.5000  -37.5000 8862.1738   16.2134
   -7.5000   30.0000  -37.5000 8178.7383   15.9905
    0.0000   30.0000  -37.5000 8480.5049   15.9998
    7.5000   30.0000  -37.5000 8050.9243   16.0018
   -7.5000   37.5000  -37.5000 7597.8931   15.9914
    0.0000   37.5000  -37.5000 7889.8706   16.0056
    7.5000   37.5000  -37.5000 7508.1255   16.0147
   -7.5000   45.0000  -37.5000 6746.1626   15.6903
    0.0000   45.0000  -37.5000 6998.3545   15.7094
    7.5000   45.0000  -37.5000 6653.0215   15.7193
   -7.5000  -45.0000  -30.0000 9004.5352   16.7916
    0.0000  -45.0000  -30.0000 9430.4590   16.8004
    7.5000  -45.0000  -30.0000 9002.7441   16.8042
   -7.5000  -37.5000  -30.0000 9340.9570   16.7975
    0.0000  -37.5000  -30.0000 9783.7031   16.8082
    7.5000  -37.5000  -30.0000 9328.8525   16.8025
   -7.5000  -30.0000  -30.0000 9991.9238   16.7995
    0.0000  -30.0000  -30.000010466.7910   16.8047
    7.5000  -30.0000  -30.0000 9958.9463   16.7891
   -7.5000  -22.5000  -30.000010685.1963   16.7936
    0.0000  -22.5000  -30.000011138.9131   16.7929
    7.5000  -22.5000  -30.000010592.7549   16.7778
   -7.5000  -15.0000  -30.000011243.6553   16.7888
    0.0000  -15.0000  -30.000011678.8066   16.7867
    7.5000  -15.0000  -30.000011128.4062   16.7789
   -7.5000   -7.5000  -30.000011699.5703   16.7889
    0.0000   -7.5000  -30.000012171.6709   16.7907
    7.5000   -7.5000  -30.000011599.9795   16.7919
   -7.5000    0.0000  -30.000012051.4082   16.7916
    0.0000    0.0000  -30.000012560.4844   16.8004
    7.5000    0.0000  -30.000011956.7822   16.8042
   -7.5000    7.5000  -30.000011426.8320   16.7975
    0.0000    7.5000  -30.000011901.1914   16.8082
    7.5000    7.5000  -30.000011317.9082   16.8025
   -7.5000   15.0000  -30.000010611.4336   16.7995
    0.0000   15.0000  -30.000011031.4717   16.8047
    7.5000   15.0000  -30.000010473.5713   16.7891
   -7.5000   22.5000  -30.0000 9704.3379   16.7896
    0.0000   22.5000  -30.000010100.4150   16.7889
    7.5000   22.5000  -30.0000 9621.3086   16.7737
   -7.5000   30.0000  -30.0000 8815.9941   16.5667
    0.0000   30.0000  -30.0000 9162.6436   16.5646
    7.5000   30.0000  -30.0000 8713.8809   16.5568
   -7.5000   37.5000  -30.0000 8190.4072   16.5681
    0.0000   37.5000  -30.0000 8498.5361   16.5700
    7.5000   37.5000  -30.0000 8083.7617   16.5711
   -7.5000   45.0000  -30.0000 7260.2412   16.2666
    0.0000   45.0000  -30.0000 7506.6523   16.2750
    7.5000   45.0000  -30.0000 7136.2314   16.2779
   -7.5000  -45.0000  -22.5000 9825.3740   17.3602
    0.0000  -45.0000  -22.500010308.6104   17.3678
    7.5000  -45.0000  -22.5000 9825.3691   17.3663
   -7.5000  -37.5000  -22.500010202.6484   17.3608
    0.0000  -37.5000  -22.500010689.0078   17.3720
    7.5000  -37.5000  -22.500010169.9844   17.3601
   -7.5000  -30.0000  -22.500010915.9531   17.3550
    0.0000  -30.0000  -22.500011402.3789   17.3604
    7.5000  -30.0000  -22.500010826.5332   17.3393
   -7.5000  -22.5000  -22.500011616.3203   17.3457
    0.0000  -22.5000  -22.500012111.0146   17.3431
    7.5000  -22.5000  -22.500011489.7412   17.3251
   -7.5000  -15.0000  -22.500012223.9434   17.3447
    0.0000  -15.0000  -22.500012731.9902   17.3394
    7.5000  -15.0000  -22.500012112.4453   17.3307
   -7.5000   -7.5000  -22.500012701.8486   17.3535
    0.0000   -7.5000  -22.500013248.7109   17.3525
    7.5000   -7.5000  -22.500012628.0986   17.3511
   -7.5000    0.0000  -22.500013056.2041   17.3602
    0.0000    0.0000  -22.500013635.7363   17.3678
    7.5000    0.0000  -22.500012961.9824   17.3663
   -7.5000    7.5000  -22.500012363.3828   17.3608
    0.0000    7.5000  -22.500012899.7383   17.3720
    7.5000    7.5000  -22.500012257.0049   17.3601
   -7.5000   15.0000  -22.500011483.3271   17.3550
    0.0000   15.0000  -22.500011942.7646   17.3604
    7.5000   15.0000  -22.500011347.0977   17.3393
   -7.5000   22.5000  -22.500010499.5449   17.3403
    0.0000   22.5000  -22.500010912.2695   17.3378
    7.5000   22.5000  -22.500010380.0752   17.3198
   -7.5000   30.0000  -22.5000 9504.8623   17.1178
    0.0000   30.0000  -22.5000 9871.7354   17.1126
    7.5000   30.0000  -22.5000 9378.9814   17.1040
   -7.5000   37.5000  -22.5000 8817.7207   17.1280
    0.0000   37.5000  -22.5000 9164.9346   17.1270
    7.5000   37.5000  -22.5000 8701.6035   17.1256
   -7.5000   45.0000  -22.5000 7796.3135   16.8304
    0.0000   45.0000  -22.5000 8066.3135   16.8380
    7.5000   45.0000  -22.5000 7684.2339   16.8360
   -7.5000  -45.0000  -15.000010688.1748   17.7589
    0.0000  -45.0000  -15.000011177.5059   17.7755
    7.5000  -45.0000  -15.000010649.5947   17.7750
   -7.5000  -37.5000  -15.000011078.6621   17.7566
    0.0000  -37.5000  -15.000011568.3369   17.7756
    7.5000  -37.5000  -15.000011013.7568   17.7644
   -7.5000  -30.0000  -15.000011850.5850   17.7425
    0.0000  -30.0000  -15.000012352.0039   17.7544
    7.5000  -30.0000  -15.000011749.6309   17.7361
   -7.5000  -22.5000  -15.000012573.5830   17.7278
    0.0000  -22.5000  -15.000013096.0371   17.7310
    7.5000  -22.5000  -15.000012428.9160   17.7189
   -7.5000  -15.0000  -15.000013250.2002   17.7289
    0.0000  -15.0000  -15.000013789.8857   17.7302
    7.5000  -15.0000  -15.000013091.1885   17.7290
   -7.5000   -7.5000  -15.000013776.5547   17.7459
    0.0000   -7.5000  -15.000014335.5293   17.7535
    7.5000   -7.5000  -15.000013625.6602   17.7569
   -7.5000    0.0000  -15.000014133.6621   17.7589
    0.0000    0.0000  -15.000014713.8467   17.7755
    7.5000    0.0000  -15.000013964.3115   17.7750
   -7.5000    7.5000  -15.000013356.6914   17.7566
    0.0000    7.5000  -15.000013905.1133   17.7756
    7.5000    7.5000  -15.000013191.2451   17.7644
   -7.5000   15.0000  -15.000012388.0947   17.7425
    0.0000   15.0000  -15.000012875.6064   17.7544
    7.5000   15.0000  -15.000012202.0664   17.7361
   -7.5000   22.5000  -15.000011303.3545   17.7215
    0.0000   22.5000  -15.000011726.8291   17.7247
    7.5000   22.5000  -15.000011142.1270   17.7126
   -7.5000   30.0000  -15.000010189.4521   17.4995
    0.0000   30.0000  -15.000010571.6787   17.5007
    7.5000   30.0000  -15.000010045.2090   17.4996
   -7.5000   37.5000  -15.0000 9444.5137   17.5177
    0.0000   37.5000  -15.0000 9825.5176   17.5252
    7.5000   37.5000  -15.0000 9309.6689   17.5286
   -7.5000   45.0000  -15.0000 8342.2100   17.2261
    0.0000   45.0000  -15.0000 8638.0186   17.2430
    7.5000   45.0000  -15.0000 8219.7236   17.2426
   -7.5000  -45.0000   -7.500011641.2949   17.9436
    0.0000  -45.0000   -7.500012121.3623   17.9717
    7.5000  -45.0000   -7.500011547.0342   17.9792
   -7.5000  -37.5000   -7.500012044.6211   17.9446
    0.0000  -37.5000   -7.500012551.3096   17.9720
    7.5000  -37.5000   -7.500011945.6670   17.9689
   -7.5000  -30.0000   -7.500012867.1719   17.9332
    0.0000  -30.0000   -7.500013401.4961   17.9525
    7.5000  -30.0000   -7.500012721.9043   17.9427
   -7.5000  -22.5000   -7.500013638.8867   17.9190
    0.0000  -22.5000   -7.500014184.2637   17.9309
    7.5000  -22.5000   -7.500013412.9150   17.9273
   -7.5000  -15.0000   -7.500014398.0723   17.9177
    0.0000  -15.0000   -7.500014960.7363   17.9301
    7.5000  -15.0000   -7.500014145.3340   17.9376
   -7.5000   -7.5000   -7.500014955.4365   17.9310
    0.0000   -7.5000   -7.500015511.1582   17.9513
    7.5000   -7.5000   -7.500014698.3975   17.9633
   -7.5000    0.0000   -7.500015273.7412   17.9436
    0.0000    0.0000   -7.500015846.3730   17.9717
    7.5000    0.0000   -7.500015022.6621   17.9792
   -7.5000    7.5000   -7.500014380.9551   17.9446
    0.0000    7.5000   -7.500014942.5312   17.9720
    7.5000    7.5000   -7.500014170.4873   17.9689
   -7.5000   15.0000   -7.500013325.3955   17.9332
    0.0000   15.0000   -7.500013828.5176   17.9525
    7.5000   15.0000   -7.500013123.4941   17.9427
   -7.5000   22.5000   -7.500012159.5088   17.9107
    0.0000   22.5000   -7.500012604.9727   17.9226
    7.5000   22.5000   -7.500011981.4766   17.9190
   -7.5000   30.0000   -7.500010914.8154   17.6854
    0.0000   30.0000   -7.500011306.7812   17.6976
    7.5000   30.0000   -7.500010750.8516   17.7050
   -7.5000   37.5000   -7.500010136.0498   17.6999
    0.0000   37.5000   -7.500010527.3330   17.7199
    7.5000   37.5000   -7.5000 9980.3535   17.7318
   -7.5000   45.0000   -7.5000 8937.5020   17.4073
    0.0000   45.0000   -7.5000 9265.7666   17.4349
    7.5000   45.0000   -7.5000 8813.6250   17.4426
   -7.5000  -45.0000    0.000012511.0195   17.9771
    0.0000  -45.0000    0.000013008.1465   18.0077
    7.5000  -45.0000    0.000012388.2100   18.0217
   -7.5000  -37.5000    0.000012964.1768   17.9819
    0.0000  -37.5000    0.000013509.7510   18.0113
    7.5000  -37.5000    0.000012828.6572   18.0155
   -7.5000  -30.0000    0.000013828.7139   17.9773
    0.0000  -30.0000    0.000014367.2148   17.9991
    7.5000  -30.0000    0.000013614.2764   17.9959
   -7.5000  -22.5000    0.000014628.9102   17.9670
    0.0000  -22.5000    0.000015185.6914   17.9827
    7.5000  -22.5000    0.000014352.7598   17.9832
   -7.5000  -15.0000    0.000015485.1514   17.9631
    0.0000  -15.0000    0.000016072.8516   17.9802
    7.5000  -15.0000    0.000015164.1689   17.9896
   -7.5000   -7.5000    0.000016038.9053   17.9686
    0.0000   -7.5000    0.000016633.3965   17.9929
    7.5000   -7.5000    0.000015715.2031   18.0084
   -7.5000    0.0000    0.000016348.6406   17.9771
    0.0000    0.0000    0.000016929.9707   18.0077
    7.5000    0.0000    0.000016015.7656   18.0217
   -7.5000    7.5000    0.000015354.0156   17.9819
    0.0000    7.5000    0.000015917.5498   18.0113
    7.5000    7.5000    0.000015091.2012   18.0155
   -7.5000   15.0000    0.000014196.6299   17.9773
    0.0000   15.0000    0.000014733.2451   17.9991
    7.5000   15.0000    0.000013995.1338   17.9959
   -7.5000   22.5000    0.000012966.5771   17.9587
    0.0000   22.5000    0.000013457.1211   17.9745
    7.5000   22.5000    0.000012782.2197   17.9749
   -7.5000   30.0000    0.000011659.6924   17.7307
    0.0000   30.0000    0.000012083.8662   17.7475
    7.5000   30.0000    0.000011473.8301   17.7568
   -7.5000   37.5000    0.000010811.7051   17.7375
    0.0000   37.5000    0.000011211.3828   17.7615
    7.5000   37.5000    0.000010621.1250   17.7768
   -7.5000   45.0000    0.0000 9500.0781   17.4411
    0.0000   45.0000    0.0000 9847.1006   17.4706
    7.5000   45.0000    0.0000 9349.8994   17.4842
   -7.5000  -45.0000    7.500012407.1514   17.9987
    0.0000  -45.0000    7.500012903.2236   18.0200
    7.5000  -45.0000    7.500012294.0518   18.0317
   -7.5000  -37.5000    7.500012941.3721   18.0058
    0.0000  -37.5000    7.500013483.6523   18.0273
    7.5000  -37.5000    7.500012784.4092   18.0296
   -7.5000  -30.0000    7.500013799.4023   18.0068
    0.0000  -30.0000    7.500014311.4619   18.0217
    7.5000  -30.0000    7.500013540.8066   18.0147
   -7.5000  -22.5000    7.500014564.9541   17.9998
    0.0000  -22.5000    7.500015053.1025   18.0086
    7.5000  -22.5000    7.500014220.7021   18.0027
   -7.5000  -15.0000    7.500015395.8672   17.9945
    0.0000  -15.0000    7.500015873.2432   18.0033
    7.5000  -15.0000    7.500014989.3965   18.0046
   -7.5000   -7.5000    7.500015943.6396   17.9945
    0.0000   -7.5000    7.500016444.7070   18.0091
    7.5000   -7.5000    7.500015529.9707   18.0188
   -7.5000    0.0000    7.500016221.0039   17.9987
    0.0000    0.0000    7.500016737.1836   18.0200
    7.5000    0.0000    7.500015814.3301   18.0317
   -7.5000    7.5000    7.500015228.6318   18.0058
    0.0000    7.5000    7.500015746.7900   18.0273
    7.5000    7.5000    7.500014894.2842   18.0296
   -7.5000   15.0000    7.500014096.9756   18.0068
    0.0000   15.0000    7.500014596.1738   18.0217
    7.5000   15.0000    7.500013814.3291   18.0147
   -7.5000   22.5000    7.500012901.2998   17.9915
    0.0000   22.5000    7.500013374.4883   18.0003
    7.5000   22.5000    7.500012665.1631   17.9944
   -7.5000   30.0000    7.500011620.1055   17.7616
    0.0000   30.0000    7.500012031.3701   17.7703
    7.5000   30.0000    7.500011378.3770   17.7716
   -7.5000   37.5000    7.500010745.9932   17.7631
    0.0000   37.5000    7.500011137.6738   17.7775
    7.5000   37.5000    7.500010525.7832   17.7871
   -7.5000   45.0000    7.5000 9405.9209   17.4630
    0.0000   45.0000    7.5000 9728.4805   17.4832
    7.5000   45.0000    7.5000 9216.2695   17.4941
   -7.5000  -45.0000   15.000012177.0000   18.0203
    0.0000  -45.0000   15.000012636.3389   18.0298
    7.5000  -45.0000   15.000012018.4658   18.0342
   -7.5000  -37.5000   15.000012760.9092   18.0264
    0.0000  -37.5000   15.000013246.1211   18.0382
    7.5000  -37.5000   15.000012545.8135   18.0323
   -7.5000  -30.0000   15.000013730.6396   18.0288
    0.0000  -30.0000   15.000014206.7422   18.0346
    7.5000  -30.0000   15.000013399.5566   18.0179
   -7.5000  -22.5000   15.000014535.7197   18.0230
    0.0000  -22.5000   15.000014944.4189   18.0222
    7.5000  -22.5000   15.000014042.2520   18.0059
   -7.5000  -15.0000   15.000015298.0127   18.0182
    0.0000  -15.0000   15.000015652.5840   18.0157
    7.5000  -15.0000   15.000014726.5020   18.0071
   -7.5000   -7.5000   15.000015785.4668   18.0179
    0.0000   -7.5000   15.000016170.6143   18.0198
    7.5000   -7.5000   15.000015216.1865   18.0210
   -7.5000    0.0000   15.000016037.2881   18.0203
    0.0000    0.0000   15.000016481.8652   18.0298
    7.5000    0.0000   15.000015520.1475   18.0342
   -7.5000    7.5000   15.000015062.3955   18.0264
    0.0000    7.5000   15.000015535.3135   18.0382
    7.5000    7.5000   15.000014614.0820   18.0323
   -7.5000   15.0000   15.000013940.6748   18.0288
    0.0000   15.0000   15.000014388.3320   18.0346
    7.5000   15.0000   15.000013544.5488   18.0179
   -7.5000   22.5000   15.000012737.0947   18.0147
    0.0000   22.5000   15.000013169.1396   18.0139
    7.5000   22.5000   15.000012419.7764   17.9976
   -7.5000   30.0000   15.000011446.6045   17.7850
    0.0000   30.0000   15.000011844.9404   17.7825
    7.5000   30.0000   15.000011194.9316   17.7741
   -7.5000   37.5000   15.000010563.6104   17.7863
    0.0000   37.5000   15.000010927.5654   17.7881
    7.5000   37.5000   15.000010320.6484   17.7894
   -7.5000   45.0000   15.0000 9200.0654   17.4851
    0.0000   45.0000   15.0000 9514.1562   17.4942
    7.5000   45.0000   15.0000 9008.2080   17.4976
   -7.5000  -45.0000   22.500011837.3965   18.0213
    0.0000  -45.0000   22.500012226.5391   18.0291
    7.5000  -45.0000   22.500011613.2070   18.0276
   -7.5000  -37.5000   22.500012454.4443   18.0219
    0.0000  -37.5000   22.500012885.5312   18.0335
    7.5000  -37.5000   22.500012158.2520   18.0212
   -7.5000  -30.0000   22.500013550.2363   18.0159
    0.0000  -30.0000   22.500014010.3496   18.0214
    7.5000  -30.0000   22.500013080.9951   17.9996
   -7.5000  -22.5000   22.500014398.1484   18.0062
    0.0000  -22.5000   22.500014801.4062   18.0035
    7.5000  -22.5000   22.500013811.5781   17.9848
   -7.5000  -15.0000   22.500014998.6650   18.0052
    0.0000  -15.0000   22.500015349.2910   17.9997
    7.5000  -15.0000   22.500014377.5195   17.9906
   -7.5000   -7.5000   22.500015399.2207   18.0143
    0.0000   -7.5000   22.500015757.1221   18.0132
    7.5000   -7.5000   22.500014788.2637   18.0118
   -7.5000    0.0000   22.500015639.9697   18.0213
    0.0000    0.0000   22.500016050.2100   18.0291
    7.5000    0.0000   22.500015021.5664   18.0276
   -7.5000    7.5000   22.500014657.4932   18.0219
    0.0000    7.5000   22.500015068.2852   18.0335
    7.5000    7.5000   22.500014090.4082   18.0212
   -7.5000   15.0000   22.500013535.1426   18.0159
    0.0000   15.0000   22.500013929.1904   18.0214
    7.5000   15.0000   22.500013034.8594   17.9996
   -7.5000   22.5000   22.500012333.0869   17.9979
    0.0000   22.5000   22.500012725.5146   17.9953
    7.5000   22.5000   22.500011931.1455   17.9766
   -7.5000   30.0000   22.500011042.7061   17.7722
    0.0000   30.0000   22.500011447.2070   17.7667
    7.5000   30.0000   22.500010769.6094   17.7578
   -7.5000   37.5000   22.500010193.6553   17.7827
    0.0000   37.5000   22.500010576.1797   17.7816
    7.5000   37.5000   22.5000 9976.9863   17.7802
   -7.5000   45.0000   22.5000 8914.4160   17.4864
    0.0000   45.0000   22.5000 9225.6592   17.4943
    7.5000   45.0000   22.5000 8714.1846   17.4923
   -7.5000  -45.0000   30.000011333.6807   18.0026
    0.0000  -45.0000   30.000011728.6172   18.0195
    7.5000  -45.0000   30.000011112.1631   18.0189
   -7.5000  -37.5000   30.000011889.8721   18.0002
    0.0000  -37.5000   30.000012347.7393   18.0196
    7.5000  -37.5000   30.000011609.7822   18.0081
   -7.5000  -30.0000   30.000012924.0518   17.9860
    0.0000  -30.0000   30.000013521.2725   17.9980
    7.5000  -30.0000   30.000012498.6650   17.9795
   -7.5000  -22.5000   30.000013674.6865   17.9711
    0.0000  -22.5000   30.000014318.4287   17.9743
    7.5000  -22.5000   30.000013264.4619   17.9620
   -7.5000  -15.0000   30.000014302.6357   17.9722
    0.0000  -15.0000   30.000014916.0098   17.9735
    7.5000  -15.0000   30.000013887.8379   17.9723
   -7.5000   -7.5000   30.000014794.9365   17.9894
    0.0000   -7.5000   30.000015309.9375   17.9971
    7.5000   -7.5000   30.000014280.4766   18.0006
   -7.5000    0.0000   30.000015035.3066   18.0026
    0.0000    0.0000   30.000015453.4287   18.0195
    7.5000    0.0000   30.000014442.1709   18.0189
   -7.5000    7.5000   30.000014059.9014   18.0002
    0.0000    7.5000   30.000014414.1143   18.0196
    7.5000    7.5000   30.000013476.7090   18.0081
   -7.5000   15.0000   30.000012962.0459   17.9860
    0.0000   15.0000   30.000013280.2598   17.9980
    7.5000   15.0000   30.000012440.6387   17.9795
   -7.5000   22.5000   30.000011823.2598   17.9628
    0.0000   22.5000   30.000012143.5791   17.9660
    7.5000   22.5000   30.000011368.3086   17.9537
   -7.5000   30.0000   30.000010594.8574   17.7396
    0.0000   30.0000   30.000010928.9512   17.7409
    7.5000   30.0000   30.000010253.3232   17.7397
   -7.5000   37.5000   30.0000 9758.6016   17.7581
    0.0000   37.5000   30.000010098.5869   17.7657
    7.5000   37.5000   30.0000 9519.9521   17.7691
   -7.5000   45.0000   30.0000 8511.7949   17.4671
    0.0000   45.0000   30.0000 8819.0850   17.4842
    7.5000   45.0000   30.0000 8332.8418   17.4838
   -7.5000  -45.0000   37.500011156.8916   17.9801
    0.0000  -45.0000   37.500011573.0693   18.0082
    7.5000  -45.0000   37.500010978.7109   18.0157
   -7.5000  -37.5000   37.500011684.5225   17.9810
    0.0000  -37.5000   37.500012099.0713   18.0085
    7.5000  -37.5000   37.500011417.9941   18.0054
   -7.5000  -30.0000   37.500012608.0322   17.9697
    0.0000  -30.0000   37.500013097.7148   17.9890
    7.5000  -30.0000   37.500012229.2617   17.9792
   -7.5000  -22.5000   37.500013293.9707   17.9554
    0.0000  -22.5000   37.500013799.8281   17.9673
    7.5000  -22.5000   37.500012965.9902   17.9637
   -7.5000  -15.0000   37.500013957.4141   17.9542
    0.0000  -15.0000   37.500014439.2588   17.9666
    7.5000  -15.0000   37.500013626.2217   17.9740
   -7.5000   -7.5000   37.500014548.3994   17.9674
    0.0000   -7.5000   37.500015003.3398   17.9878
    7.5000   -7.5000   37.500014117.8770   17.9998
   -7.5000    0.0000   37.500014841.8652   17.9801
    0.0000    0.0000   37.500015255.3086   18.0082
    7.5000    0.0000   37.500014347.6406   18.0157
   -7.5000    7.5000   37.500013862.5781   17.9810
    0.0000    7.5000   37.500014228.2461   18.0085
    7.5000    7.5000   37.500013383.6406   18.0054
   -7.5000   15.0000   37.500012751.9131   17.9697
    0.0000   15.0000   37.500013096.5557   17.9890
    7.5000   15.0000   37.500012311.9551   17.9792
   -7.5000   22.5000   37.500011621.3232   17.9472
    0.0000   22.5000   37.500011955.6230   17.9590
    7.5000   22.5000   37.500011216.5430   17.9555
   -7.5000   30.0000   37.500010406.2119   17.7218
    0.0000   30.0000   37.500010736.0283   17.7341
    7.5000   30.0000   37.500010081.5195   17.7414
   -7.5000   37.5000   37.5000 9555.3193   17.7363
    0.0000   37.5000   37.5000 9876.4951   17.7564
    7.5000   37.5000   37.5000 9316.0596   17.7683
   -7.5000   45.0000   37.5000 8350.2119   17.4440
    0.0000   45.0000   37.5000 8630.3701   17.4716
    7.5000   45.0000   37.5000 8166.4038   17.4794
   -7.5000  -45.0000   45.000010360.2549   17.8634
    0.0000  -45.0000   45.000010746.8623   17.8939
    7.5000  -45.0000   45.000010227.6328   17.9078
   -7.5000  -37.5000   45.000010842.1777   17.8683
    0.0000  -37.5000   45.000011227.2217   17.8974
    7.5000  -37.5000   45.000010631.2412   17.9017
   -7.5000  -30.0000   45.000011631.2256   17.8636
    0.0000  -30.0000   45.000012081.5781   17.8853
    7.5000  -30.0000   45.000011388.7676   17.8822
   -7.5000  -22.5000   45.000012255.1650   17.8534
    0.0000  -22.5000   45.000012697.4961   17.8690
    7.5000  -22.5000   45.000012062.7617   17.8695
   -7.5000  -15.0000   45.000012878.1426   17.8496
    0.0000  -15.0000   45.000013314.8496   17.8665
    7.5000  -15.0000   45.000012648.6953   17.8758
   -7.5000   -7.5000   45.000013444.3145   17.8550
    0.0000   -7.5000   45.000013889.9561   17.8792
    7.5000   -7.5000   45.000013146.6250   17.8946
   -7.5000    0.0000   45.000013740.4834   17.8634
    0.0000    0.0000   45.000014169.1406   17.8939
    7.5000    0.0000   45.000013403.2539   17.9078
   -7.5000    7.5000   45.000012881.5039   17.8683
    0.0000    7.5000   45.000013245.0137   17.8974
    7.5000    7.5000   45.000012522.9111   17.9017
   -7.5000   15.0000   45.000011870.4395   17.8636
    0.0000   15.0000   45.000012215.9619   17.8853
    7.5000   15.0000   45.000011513.4746   17.8822
   -7.5000   22.5000   45.000010818.8652   17.8451
    0.0000   22.5000   45.000011153.3545   17.8607
    7.5000   22.5000   45.000010499.9072   17.8612
   -7.5000   30.0000   45.0000 9674.5947   17.6170
    0.0000   30.0000   45.0000 9988.9102   17.6337
    7.5000   30.0000   45.0000 9434.0850   17.6430
   -7.5000   37.5000   45.0000 8854.0537   17.6238
    0.0000   37.5000   45.0000 9150.0293   17.6477
    7.5000   37.5000   45.0000 8668.5225   17.6629
   -7.5000   45.0000   45.0000 7723.4072   17.3387
    0.0000   45.0000   45.0000 7984.3428   17.3681
    7.5000   45.0000   45.0000 7595.0171   17.3817

---------------------------------------------------------------------
imgreg_4dfp /opt/freesurfer/average/711-2C_as_mni_average_305 /opt/freesurfer/average/711-2B_as_mni_average_305_mask talsrcimg_g11 none talsrcimg_to_711-2C_as_mni_average_305_t4 4355
---------------------------------------------------------------------

freesurfer imgreg_4dfp.c
/opt/freesurfer/average/711-2C_as_mni_average_305.4dfp.img
       256       256       256         1
  1.000000  1.000000  1.000000
orientation T byte_order littleendian
Reading image: /opt/freesurfer/average/711-2C_as_mni_average_305.4dfp.img
dimensions:      256       256       256
mmppix:       1.0000   -1.0000   -1.0000
center:     128.0000 -129.0000 -129.0000
/opt/freesurfer/average/711-2B_as_mni_average_305_mask.4dfp.img
       256       256       256         1
  1.000000  1.000000  1.000000
orientation T byte_order littleendian
Reading mask: /opt/freesurfer/average/711-2B_as_mni_average_305_mask.4dfp.img (2306576 pixels)
talsrcimg_g11.4dfp.img
       256       256       256         1
  1.000000  1.000000  1.000000
orientation T byte_order littleendian
Reading image: talsrcimg_g11.4dfp.img
dimensions:      256       256       256
mmppix:       1.0000   -1.0000   -1.0000
center:     128.0000 -129.0000 -129.0000
rotation matrix determinant  1.000000
image alignment mode   4355 decimal     1103 hex
   -7.5000  -45.0000  -45.0000 2036.0865   19.0534
    0.0000  -45.0000  -45.0000 2050.6272   18.8765
    7.5000  -45.0000  -45.0000 2049.0884   19.0417
   -7.5000  -37.5000  -45.0000 2068.6013   18.3006
    0.0000  -37.5000  -45.0000 2084.1318   18.1170
    7.5000  -37.5000  -45.0000 2079.4592   18.2809
   -7.5000  -30.0000  -45.0000 2088.9324   17.9225
    0.0000  -30.0000  -45.0000 2103.4102   17.7082
    7.5000  -30.0000  -45.0000 2098.7258   17.8644
   -7.5000  -22.5000  -45.0000 2080.8535   17.9427
    0.0000  -22.5000  -45.0000 2095.7144   17.8007
    7.5000  -22.5000  -45.0000 2096.3086   17.9299
   -7.5000  -15.0000  -45.0000 2066.5293   18.2296
    0.0000  -15.0000  -45.0000 2085.1543   18.0571
    7.5000  -15.0000  -45.0000 2073.4438   18.2697
   -7.5000   -7.5000  -45.0000 2033.9825   18.9225
    0.0000   -7.5000  -45.0000 2054.3552   18.7557
    7.5000   -7.5000  -45.0000 2043.5137   18.9799
   -7.5000    0.0000  -45.0000 1986.6925   19.9151
    0.0000    0.0000  -45.0000 2001.2701   19.7682
    7.5000    0.0000  -45.0000 1986.5525   20.0245
   -7.5000    7.5000  -45.0000 1928.5104   21.1627
    0.0000    7.5000  -45.0000 1944.6255   20.9921
    7.5000    7.5000  -45.0000 1930.9999   21.2902
   -7.5000   15.0000  -45.0000 1851.4275   23.0509
    0.0000   15.0000  -45.0000 1866.6689   22.7806
    7.5000   15.0000  -45.0000 1856.3754   23.1057
   -7.5000   22.5000  -45.0000 1766.9818   25.5302
    0.0000   22.5000  -45.0000 1781.1116   25.2390
    7.5000   22.5000  -45.0000 1762.4771   25.6352
   -7.5000   30.0000  -45.0000 1677.0143   28.8612
    0.0000   30.0000  -45.0000 1693.9617   28.4220
    7.5000   30.0000  -45.0000 1672.9861   28.8848
   -7.5000   37.5000  -45.0000 1576.2081   33.0889
    0.0000   37.5000  -45.0000 1589.6332   32.5744
    7.5000   37.5000  -45.0000 1568.2500   33.1235
   -7.5000   45.0000  -45.0000 1457.9377   38.8201
    0.0000   45.0000  -45.0000 1476.9181   38.5139
    7.5000   45.0000  -45.0000 1454.0819   39.1596
   -7.5000  -45.0000  -37.5000 2136.3057   17.3727
    0.0000  -45.0000  -37.5000 2153.2351   17.2230
    7.5000  -45.0000  -37.5000 2147.9504   17.3408
   -7.5000  -37.5000  -37.5000 2172.1045   16.6868
    0.0000  -37.5000  -37.5000 2192.7402   16.5532
    7.5000  -37.5000  -37.5000 2185.8120   16.6495
   -7.5000  -30.0000  -37.5000 2189.2700   16.2546
    0.0000  -30.0000  -37.5000 2211.9922   16.0903
    7.5000  -30.0000  -37.5000 2204.0728   16.2123
   -7.5000  -22.5000  -37.5000 2189.6309   16.2088
    0.0000  -22.5000  -37.5000 2214.0012   16.0644
    7.5000  -22.5000  -37.5000 2201.1619   16.1913
   -7.5000  -15.0000  -37.5000 2178.9036   16.4312
    0.0000  -15.0000  -37.5000 2198.3086   16.2751
    7.5000  -15.0000  -37.5000 2183.1182   16.4783
   -7.5000   -7.5000  -37.5000 2146.8516   17.0978
    0.0000   -7.5000  -37.5000 2165.6182   16.9564
    7.5000   -7.5000  -37.5000 2148.6311   17.1087
   -7.5000    0.0000  -37.5000 2096.2263   17.9762
    0.0000    0.0000  -37.5000 2115.0068   17.8650
    7.5000    0.0000  -37.5000 2096.6506   18.0638
   -7.5000    7.5000  -37.5000 2038.2982   19.1105
    0.0000    7.5000  -37.5000 2055.2612   18.9604
    7.5000    7.5000  -37.5000 2033.3221   19.2123
   -7.5000   15.0000  -37.5000 1959.9161   20.7813
    0.0000   15.0000  -37.5000 1973.0353   20.5957
    7.5000   15.0000  -37.5000 1956.0999   20.8526
   -7.5000   22.5000  -37.5000 1863.8666   22.9701
    0.0000   22.5000  -37.5000 1874.5508   22.7108
    7.5000   22.5000  -37.5000 1859.4601   23.0361
   -7.5000   30.0000  -37.5000 1761.2498   25.9130
    0.0000   30.0000  -37.5000 1770.3383   25.5946
    7.5000   30.0000  -37.5000 1753.5829   25.9435
   -7.5000   37.5000  -37.5000 1642.4662   29.6758
    0.0000   37.5000  -37.5000 1650.9012   29.2089
    7.5000   37.5000  -37.5000 1641.3955   29.5536
   -7.5000   45.0000  -37.5000 1527.3451   34.4974
    0.0000   45.0000  -37.5000 1541.7357   33.9997
    7.5000   45.0000  -37.5000 1522.4698   34.6999
   -7.5000  -45.0000  -30.0000 2278.7268   16.5254
    0.0000  -45.0000  -30.0000 2300.2837   16.3756
    7.5000  -45.0000  -30.0000 2294.6208   16.4402
   -7.5000  -37.5000  -30.0000 2311.7446   15.8205
    0.0000  -37.5000  -30.0000 2338.6333   15.6830
    7.5000  -37.5000  -30.0000 2332.8333   15.7515
   -7.5000  -30.0000  -30.0000 2332.9827   15.3579
    0.0000  -30.0000  -30.0000 2362.2661   15.2336
    7.5000  -30.0000  -30.0000 2349.3413   15.3256
   -7.5000  -22.5000  -30.0000 2345.6904   15.2806
    0.0000  -22.5000  -30.0000 2366.2654   15.1021
    7.5000  -22.5000  -30.0000 2351.6384   15.2416
   -7.5000  -15.0000  -30.0000 2331.7036   15.4814
    0.0000  -15.0000  -30.0000 2349.7595   15.3424
    7.5000  -15.0000  -30.0000 2338.8350   15.4770
   -7.5000   -7.5000  -30.0000 2296.6926   16.0850
    0.0000   -7.5000  -30.0000 2315.8435   15.9508
    7.5000   -7.5000  -30.0000 2305.0798   16.1127
   -7.5000    0.0000  -30.0000 2242.2383   16.8927
    0.0000    0.0000  -30.0000 2263.4521   16.7693
    7.5000    0.0000  -30.0000 2248.5151   16.9304
   -7.5000    7.5000  -30.0000 2178.7329   17.9164
    0.0000    7.5000  -30.0000 2197.6069   17.8023
    7.5000    7.5000  -30.0000 2180.5249   17.9969
   -7.5000   15.0000  -30.0000 2099.6826   19.4361
    0.0000   15.0000  -30.0000 2113.4028   19.3016
    7.5000   15.0000  -30.0000 2094.9238   19.4996
   -7.5000   22.5000  -30.0000 1999.1388   21.4496
    0.0000   22.5000  -30.0000 2008.7216   21.2959
    7.5000   22.5000  -30.0000 1993.1792   21.5532
   -7.5000   30.0000  -30.0000 1889.2438   24.2173
    0.0000   30.0000  -30.0000 1898.8604   23.9811
    7.5000   30.0000  -30.0000 1879.5585   24.2270
   -7.5000   37.5000  -30.0000 1760.8112   27.6653
    0.0000   37.5000  -30.0000 1769.3184   27.3273
    7.5000   37.5000  -30.0000 1752.0957   27.5506
   -7.5000   45.0000  -30.0000 1634.0966   32.0070
    0.0000   45.0000  -30.0000 1639.8525   31.6255
    7.5000   45.0000  -30.0000 1621.4771   32.1819
   -7.5000  -45.0000  -22.5000 2407.7400   15.5599
    0.0000  -45.0000  -22.5000 2433.8494   15.4312
    7.5000  -45.0000  -22.5000 2424.4663   15.4824
   -7.5000  -37.5000  -22.5000 2447.2891   14.8768
    0.0000  -37.5000  -22.5000 2474.1755   14.7585
    7.5000  -37.5000  -22.5000 2462.4260   14.8279
   -7.5000  -30.0000  -22.5000 2465.5315   14.4192
    0.0000  -30.0000  -22.5000 2491.9727   14.2808
    7.5000  -30.0000  -22.5000 2475.9907   14.4014
   -7.5000  -22.5000  -22.5000 2474.0491   14.2991
    0.0000  -22.5000  -22.5000 2497.1772   14.1669
    7.5000  -22.5000  -22.5000 2483.0115   14.2691
   -7.5000  -15.0000  -22.5000 2459.6655   14.4697
    0.0000  -15.0000  -22.5000 2483.0957   14.3571
    7.5000  -15.0000  -22.5000 2470.6399   14.4883
   -7.5000   -7.5000  -22.5000 2425.1133   14.9787
    0.0000   -7.5000  -22.5000 2448.8442   14.8668
    7.5000   -7.5000  -22.5000 2438.1287   15.0206
   -7.5000    0.0000  -22.5000 2367.0676   15.6523
    0.0000    0.0000  -22.5000 2391.7583   15.5943
    7.5000    0.0000  -22.5000 2377.0325   15.7467
   -7.5000    7.5000  -22.5000 2298.5732   16.6011
    0.0000    7.5000  -22.5000 2320.0278   16.5432
    7.5000    7.5000  -22.5000 2302.0854   16.7509
   -7.5000   15.0000  -22.5000 2213.9875   17.9798
    0.0000   15.0000  -22.5000 2229.0410   17.9101
    7.5000   15.0000  -22.5000 2213.3074   18.1025
   -7.5000   22.5000  -22.5000 2112.5327   19.8548
    0.0000   22.5000  -22.5000 2124.6638   19.7746
    7.5000   22.5000  -22.5000 2103.3655   20.0031
   -7.5000   30.0000  -22.5000 1993.3293   22.3761
    0.0000   30.0000  -22.5000 2004.9451   22.2333
    7.5000   30.0000  -22.5000 1980.6406   22.4788
   -7.5000   37.5000  -22.5000 1862.0148   25.4544
    0.0000   37.5000  -22.5000 1875.1313   25.2765
    7.5000   37.5000  -22.5000 1851.3002   25.5489
   -7.5000   45.0000  -22.5000 1726.2583   29.4588
    0.0000   45.0000  -22.5000 1729.5276   29.2347
    7.5000   45.0000  -22.5000 1711.6338   29.7654
   -7.5000  -45.0000  -15.0000 2506.4387   14.6537
    0.0000  -45.0000  -15.0000 2529.7993   14.5783
    7.5000  -45.0000  -15.0000 2521.2805   14.6001
   -7.5000  -37.5000  -15.0000 2550.2297   13.9388
    0.0000  -37.5000  -15.0000 2571.5422   13.8410
    7.5000  -37.5000  -15.0000 2562.6152   13.8896
   -7.5000  -30.0000  -15.0000 2576.9705   13.4670
    0.0000  -30.0000  -15.0000 2597.7400   13.3539
    7.5000  -30.0000  -15.0000 2582.9097   13.4617
   -7.5000  -22.5000  -15.0000 2585.1965   13.3151
    0.0000  -22.5000  -15.0000 2599.9141   13.2372
    7.5000  -22.5000  -15.0000 2585.0261   13.3558
   -7.5000  -15.0000  -15.0000 2572.3442   13.4905
    0.0000  -15.0000  -15.0000 2590.9856   13.4166
    7.5000  -15.0000  -15.0000 2573.9380   13.5447
   -7.5000   -7.5000  -15.0000 2541.6990   13.9182
    0.0000   -7.5000  -15.0000 2560.1521   13.8513
    7.5000   -7.5000  -15.0000 2543.0825   13.9989
   -7.5000    0.0000  -15.0000 2482.9136   14.5282
    0.0000    0.0000  -15.0000 2500.6646   14.4685
    7.5000    0.0000  -15.0000 2482.3142   14.6476
   -7.5000    7.5000  -15.0000 2406.3787   15.3851
    0.0000    7.5000  -15.0000 2424.8894   15.3273
    7.5000    7.5000  -15.0000 2403.7817   15.5286
   -7.5000   15.0000  -15.0000 2315.2622   16.6526
    0.0000   15.0000  -15.0000 2330.4663   16.5857
    7.5000   15.0000  -15.0000 2306.7800   16.8045
   -7.5000   22.5000  -15.0000 2205.2798   18.3656
    0.0000   22.5000  -15.0000 2210.5979   18.3201
    7.5000   22.5000  -15.0000 2188.7324   18.5055
   -7.5000   30.0000  -15.0000 2078.3521   20.6395
    0.0000   30.0000  -15.0000 2082.4861   20.5167
    7.5000   30.0000  -15.0000 2058.5891   20.7385
   -7.5000   37.5000  -15.0000 1943.7633   23.5215
    0.0000   37.5000  -15.0000 1956.8185   23.3834
    7.5000   37.5000  -15.0000 1927.6088   23.6104
   -7.5000   45.0000  -15.0000 1796.1608   27.2459
    0.0000   45.0000  -15.0000 1801.0192   27.0762
    7.5000   45.0000  -15.0000 1783.7216   27.5327
   -7.5000  -45.0000   -7.5000 2583.6602   13.8224
    0.0000  -45.0000   -7.5000 2602.5032   13.7230
    7.5000  -45.0000   -7.5000 2594.2957   13.7704
   -7.5000  -37.5000   -7.5000 2632.2947   13.0911
    0.0000  -37.5000   -7.5000 2654.7441   12.9881
    7.5000  -37.5000   -7.5000 2644.0022   13.0444
   -7.5000  -30.0000   -7.5000 2669.7424   12.5900
    0.0000  -30.0000   -7.5000 2690.7717   12.4840
    7.5000  -30.0000   -7.5000 2672.8384   12.5704
   -7.5000  -22.5000   -7.5000 2687.7566   12.4011
    0.0000  -22.5000   -7.5000 2701.9197   12.3466
    7.5000  -22.5000   -7.5000 2677.1846   12.4232
   -7.5000  -15.0000   -7.5000 2677.8828   12.5747
    0.0000  -15.0000   -7.5000 2693.9658   12.5218
    7.5000  -15.0000   -7.5000 2669.1523   12.6495
   -7.5000   -7.5000   -7.5000 2648.1943   12.9550
    0.0000   -7.5000   -7.5000 2665.5698   12.9054
    7.5000   -7.5000   -7.5000 2641.1558   13.0630
   -7.5000    0.0000   -7.5000 2590.6509   13.4932
    0.0000    0.0000   -7.5000 2603.3721   13.4495
    7.5000    0.0000   -7.5000 2577.9602   13.6514
   -7.5000    7.5000   -7.5000 2509.7024   14.2986
    0.0000    7.5000   -7.5000 2521.4414   14.2423
    7.5000    7.5000   -7.5000 2497.3823   14.4551
   -7.5000   15.0000   -7.5000 2412.2803   15.4636
    0.0000   15.0000   -7.5000 2420.4961   15.4369
    7.5000   15.0000   -7.5000 2393.0757   15.6587
   -7.5000   22.5000   -7.5000 2293.1511   17.0873
    0.0000   22.5000   -7.5000 2297.4009   17.0425
    7.5000   22.5000   -7.5000 2272.8518   17.2443
   -7.5000   30.0000   -7.5000 2152.1528   19.1537
    0.0000   30.0000   -7.5000 2153.0244   19.0959
    7.5000   30.0000   -7.5000 2129.0667   19.3030
   -7.5000   37.5000   -7.5000 2015.4651   21.7539
    0.0000   37.5000   -7.5000 2019.9136   21.7132
    7.5000   37.5000   -7.5000 1991.0443   21.9526
   -7.5000   45.0000   -7.5000 1858.5625   25.2453
    0.0000   45.0000   -7.5000 1860.8890   25.1019
    7.5000   45.0000   -7.5000 1844.6206   25.4616
   -7.5000  -45.0000    0.0000 2635.5237   13.1367
    0.0000  -45.0000    0.0000 2657.3076   13.0119
    7.5000  -45.0000    0.0000 2649.1086   13.0720
   -7.5000  -37.5000    0.0000 2697.4270   12.3932
    0.0000  -37.5000    0.0000 2726.5481   12.2849
    7.5000  -37.5000    0.0000 2709.1050   12.3456
   -7.5000  -30.0000    0.0000 2746.6953   11.8815
    0.0000  -30.0000    0.0000 2771.7085   11.7753
    7.5000  -30.0000    0.0000 2747.5027   11.8551
   -7.5000  -22.5000    0.0000 2770.4893   11.6576
    0.0000  -22.5000    0.0000 2791.1694   11.5724
    7.5000  -22.5000    0.0000 2761.6655   11.6547
   -7.5000  -15.0000    0.0000 2773.9314   11.8196
    0.0000  -15.0000    0.0000 2791.7432   11.7584
    7.5000  -15.0000    0.0000 2763.4434   11.8649
   -7.5000   -7.5000    0.0000 2741.8274   12.1742
    0.0000   -7.5000    0.0000 2760.4382   12.1145
    7.5000   -7.5000    0.0000 2730.7490   12.2476
   -7.5000    0.0000    0.0000 2685.1204   12.6730
    0.0000    0.0000    0.0000 2695.1919   12.6391
    7.5000    0.0000    0.0000 2665.5134   12.8065
   -7.5000    7.5000    0.0000 2601.2815   13.4196
    0.0000    7.5000    0.0000 2610.4910   13.4075
    7.5000    7.5000    0.0000 2581.6157   13.6197
   -7.5000   15.0000    0.0000 2491.1763   14.5710
    0.0000   15.0000    0.0000 2503.1218   14.5537
    7.5000   15.0000    0.0000 2473.9578   14.7528
   -7.5000   22.5000    0.0000 2367.8303   16.1369
    0.0000   22.5000    0.0000 2378.4756   16.0520
    7.5000   22.5000    0.0000 2349.0706   16.2625
   -7.5000   30.0000    0.0000 2217.9177   18.1028
    0.0000   30.0000    0.0000 2221.9265   18.0128
    7.5000   30.0000    0.0000 2195.1797   18.2347
   -7.5000   37.5000    0.0000 2073.9343   20.5596
    0.0000   37.5000    0.0000 2074.8518   20.4347
    7.5000   37.5000    0.0000 2047.7028   20.7121
   -7.5000   45.0000    0.0000 1909.2239   23.7356
    0.0000   45.0000    0.0000 1910.3846   23.5360
    7.5000   45.0000    0.0000 1891.3474   23.9032
   -7.5000  -45.0000    7.5000 2671.7957   12.6359
    0.0000  -45.0000    7.5000 2700.6682   12.4948
    7.5000  -45.0000    7.5000 2693.0771   12.5714
   -7.5000  -37.5000    7.5000 2755.0581   11.9083
    0.0000  -37.5000    7.5000 2785.2368   11.7634
    7.5000  -37.5000    7.5000 2772.2524   11.8461
   -7.5000  -30.0000    7.5000 2809.4670   11.4018
    0.0000  -30.0000    7.5000 2845.3738   11.2761
    7.5000  -30.0000    7.5000 2821.7002   11.3496
   -7.5000  -22.5000    7.5000 2845.2576   11.0998
    0.0000  -22.5000    7.5000 2874.9695   10.9707
    7.5000  -22.5000    7.5000 2841.6431   11.0883
   -7.5000  -15.0000    7.5000 2855.4131   11.2333
    0.0000  -15.0000    7.5000 2870.9419   11.1217
    7.5000  -15.0000    7.5000 2841.5747   11.2459
   -7.5000   -7.5000    7.5000 2821.0576   11.5788
    0.0000   -7.5000    7.5000 2837.9717   11.4863
    7.5000   -7.5000    7.5000 2807.3259   11.6149
   -7.5000    0.0000    7.5000 2756.9402   12.0778
    0.0000    0.0000    7.5000 2773.1206   12.0214
    7.5000    0.0000    7.5000 2742.4243   12.1690
   -7.5000    7.5000    7.5000 2667.3611   12.8181
    0.0000    7.5000    7.5000 2683.8923   12.7843
    7.5000    7.5000    7.5000 2651.2678   12.9852
   -7.5000   15.0000    7.5000 2553.6948   13.9341
    0.0000   15.0000    7.5000 2566.9963   13.8905
    7.5000   15.0000    7.5000 2532.5117   14.1148
   -7.5000   22.5000    7.5000 2428.0806   15.4574
    0.0000   22.5000    7.5000 2440.5852   15.3865
    7.5000   22.5000    7.5000 2406.8894   15.6045
   -7.5000   30.0000    7.5000 2274.8269   17.3580
    0.0000   30.0000    7.5000 2279.9353   17.2768
    7.5000   30.0000    7.5000 2251.7356   17.5089
   -7.5000   37.5000    7.5000 2120.4338   19.7047
    0.0000   37.5000    7.5000 2123.0461   19.6144
    7.5000   37.5000    7.5000 2096.5796   19.9048
   -7.5000   45.0000    7.5000 1944.9640   22.6836
    0.0000   45.0000    7.5000 1946.3896   22.4872
    7.5000   45.0000    7.5000 1926.1708   22.8992
   -7.5000  -45.0000   15.0000 2688.9797   12.3561
    0.0000  -45.0000   15.0000 2718.6199   12.1499
    7.5000  -45.0000   15.0000 2712.2070   12.2430
   -7.5000  -37.5000   15.0000 2785.7729   11.6271
    0.0000  -37.5000   15.0000 2815.2571   11.4446
    7.5000  -37.5000   15.0000 2802.7024   11.5319
   -7.5000  -30.0000   15.0000 2861.6294   11.1335
    0.0000  -30.0000   15.0000 2897.2344   10.9635
    7.5000  -30.0000   15.0000 2870.1304   11.0577
   -7.5000  -22.5000   15.0000 2906.6140   10.8035
    0.0000  -22.5000   15.0000 2942.4348   10.6117
    7.5000  -22.5000   15.0000 2901.5420   10.7529
   -7.5000  -15.0000   15.0000 2920.2957   10.8482
    0.0000  -15.0000   15.0000 2938.0005   10.6687
    7.5000  -15.0000   15.0000 2898.4246   10.8370
   -7.5000   -7.5000   15.0000 2888.9949   11.1924
    0.0000   -7.5000   15.0000 2897.8167   11.0318
    7.5000   -7.5000   15.0000 2859.3877   11.1868
   -7.5000    0.0000   15.0000 2814.0190   11.6851
    0.0000    0.0000   15.0000 2827.1838   11.5684
    7.5000    0.0000   15.0000 2790.8960   11.7607
   -7.5000    7.5000   15.0000 2713.4709   12.4431
    0.0000    7.5000   15.0000 2731.0093   12.3530
    7.5000    7.5000   15.0000 2696.1589   12.5603
   -7.5000   15.0000   15.0000 2592.1499   13.5625
    0.0000   15.0000   15.0000 2602.9441   13.4824
    7.5000   15.0000   15.0000 2572.7756   13.6907
   -7.5000   22.5000   15.0000 2462.8962   15.0626
    0.0000   22.5000   15.0000 2472.6938   14.9551
    7.5000   22.5000   15.0000 2442.5806   15.1662
   -7.5000   30.0000   15.0000 2310.0010   16.9269
    0.0000   30.0000   15.0000 2316.7673   16.8276
    7.5000   30.0000   15.0000 2287.9514   17.0724
   -7.5000   37.5000   15.0000 2149.0479   19.2030
    0.0000   37.5000   15.0000 2149.4927   19.0998
    7.5000   37.5000   15.0000 2123.2305   19.3750
   -7.5000   45.0000   15.0000 1962.6248   21.9985
    0.0000   45.0000   15.0000 1966.6074   21.8498
    7.5000   45.0000   15.0000 1944.7002   22.2326
   -7.5000  -45.0000   22.5000 2689.0293   12.2231
    0.0000  -45.0000   22.5000 2714.3975   12.0171
    7.5000  -45.0000   22.5000 2703.8545   12.1552
   -7.5000  -37.5000   22.5000 2796.7417   11.5011
    0.0000  -37.5000   22.5000 2825.6799   11.3079
    7.5000  -37.5000   22.5000 2811.2595   11.4211
   -7.5000  -30.0000   22.5000 2890.0718   11.0385
    0.0000  -30.0000   22.5000 2917.8005   10.8845
    7.5000  -30.0000   22.5000 2888.4739   10.9444
   -7.5000  -22.5000   22.5000 2954.2800   10.7057
    0.0000  -22.5000   22.5000 2985.3376   10.5626
    7.5000  -22.5000   22.5000 2938.3892   10.6416
   -7.5000  -15.0000   22.5000 2972.4941   10.6288
    0.0000  -15.0000   22.5000 2986.1467   10.4875
    7.5000  -15.0000   22.5000 2930.6938   10.6432
   -7.5000   -7.5000   22.5000 2927.5752   10.8445
    0.0000   -7.5000   22.5000 2932.8315   10.7345
    7.5000   -7.5000   22.5000 2884.8486   10.9244
   -7.5000    0.0000   22.5000 2846.0024   11.4016
    0.0000    0.0000   22.5000 2850.6787   11.3226
    7.5000    0.0000   22.5000 2807.4004   11.5065
   -7.5000    7.5000   22.5000 2731.6833   12.2477
    0.0000    7.5000   22.5000 2741.4763   12.1674
    7.5000    7.5000   22.5000 2707.2236   12.3242
   -7.5000   15.0000   22.5000 2603.3838   13.3569
    0.0000   15.0000   22.5000 2612.1018   13.2958
    7.5000   15.0000   22.5000 2582.2656   13.4298
   -7.5000   22.5000   22.5000 2472.5789   14.8056
    0.0000   22.5000   22.5000 2479.8943   14.7486
    7.5000   22.5000   22.5000 2448.9377   14.8865
   -7.5000   30.0000   22.5000 2317.6052   16.6343
    0.0000   30.0000   22.5000 2328.2031   16.5828
    7.5000   30.0000   22.5000 2298.1484   16.7606
   -7.5000   37.5000   22.5000 2152.5232   18.9003
    0.0000   37.5000   22.5000 2161.7048   18.8659
    7.5000   37.5000   22.5000 2134.4043   19.0841
   -7.5000   45.0000   22.5000 1974.0885   21.6611
    0.0000   45.0000   22.5000 1978.7742   21.5806
    7.5000   45.0000   22.5000 1954.7330   21.9096
   -7.5000  -45.0000   30.0000 2667.8813   12.2698
    0.0000  -45.0000   30.0000 2687.2402   12.1152
    7.5000  -45.0000   30.0000 2674.5132   12.2758
   -7.5000  -37.5000   30.0000 2782.8337   11.4833
    0.0000  -37.5000   30.0000 2806.6021   11.3951
    7.5000  -37.5000   30.0000 2787.0972   11.5262
   -7.5000  -30.0000   30.0000 2879.0068   11.0285
    0.0000  -30.0000   30.0000 2909.1174   10.9581
    7.5000  -30.0000   30.0000 2871.2390   11.0208
   -7.5000  -22.5000   30.0000 2956.2307   10.6905
    0.0000  -22.5000   30.0000 2977.7390   10.6574
    7.5000  -22.5000   30.0000 2928.1821   10.7103
   -7.5000  -15.0000   30.0000 2973.2290   10.5892
    0.0000  -15.0000   30.0000 2981.6665   10.5785
    7.5000  -15.0000   30.0000 2926.2012   10.7157
   -7.5000   -7.5000   30.0000 2928.5920   10.8566
    0.0000   -7.5000   30.0000 2931.3730   10.8197
    7.5000   -7.5000   30.0000 2881.3708   10.9929
   -7.5000    0.0000   30.0000 2842.5811   11.4091
    0.0000    0.0000   30.0000 2845.2461   11.3358
    7.5000    0.0000   30.0000 2800.6270   11.5153
   -7.5000    7.5000   30.0000 2724.2859   12.2566
    0.0000    7.5000   30.0000 2729.6174   12.1463
    7.5000    7.5000   30.0000 2693.4460   12.3045
   -7.5000   15.0000   30.0000 2594.9927   13.3578
    0.0000   15.0000   30.0000 2600.2180   13.2595
    7.5000   15.0000   30.0000 2570.5933   13.3969
   -7.5000   22.5000   30.0000 2463.8823   14.7672
    0.0000   22.5000   30.0000 2466.6438   14.6612
    7.5000   22.5000   30.0000 2433.3508   14.8135
   -7.5000   30.0000   30.0000 2308.1257   16.5486
    0.0000   30.0000   30.0000 2314.6401   16.4503
    7.5000   30.0000   30.0000 2283.2705   16.6434
   -7.5000   37.5000   30.0000 2138.2993   18.7470
    0.0000   37.5000   30.0000 2149.6272   18.6821
    7.5000   37.5000   30.0000 2120.3533   18.9426
   -7.5000   45.0000   30.0000 1960.8750   21.4748
    0.0000   45.0000   30.0000 1966.2651   21.3920
    7.5000   45.0000   30.0000 1941.9839   21.7386
   -7.5000  -45.0000   37.5000 2636.8779   12.4994
    0.0000  -45.0000   37.5000 2649.6455   12.4183
    7.5000  -45.0000   37.5000 2636.4417   12.6373
   -7.5000  -37.5000   37.5000 2750.8306   11.7120
    0.0000  -37.5000   37.5000 2768.1348   11.6219
    7.5000  -37.5000   37.5000 2742.9260   11.8144
   -7.5000  -30.0000   37.5000 2850.0876   11.2180
    0.0000  -30.0000   37.5000 2871.2200   11.1272
    7.5000  -30.0000   37.5000 2834.0371   11.2464
   -7.5000  -22.5000   37.5000 2922.0410   10.8750
    0.0000  -22.5000   37.5000 2940.6140   10.8239
    7.5000  -22.5000   37.5000 2891.4019   10.9479
   -7.5000  -15.0000   37.5000 2929.6243   10.8284
    0.0000  -15.0000   37.5000 2940.4670   10.7701
    7.5000  -15.0000   37.5000 2893.4341   10.9788
   -7.5000   -7.5000   37.5000 2892.4062   11.1887
    0.0000   -7.5000   37.5000 2896.4578   11.1166
    7.5000   -7.5000   37.5000 2849.2480   11.2845
   -7.5000    0.0000   37.5000 2810.1130   11.7483
    0.0000    0.0000   37.5000 2809.0386   11.6673
    7.5000    0.0000   37.5000 2767.9922   11.8323
   -7.5000    7.5000   37.5000 2693.9658   12.5425
    0.0000    7.5000   37.5000 2693.4224   12.4665
    7.5000    7.5000   37.5000 2662.8843   12.6133
   -7.5000   15.0000   37.5000 2566.9277   13.6072
    0.0000   15.0000   37.5000 2567.3972   13.5401
    7.5000   15.0000   37.5000 2540.9832   13.6718
   -7.5000   22.5000   37.5000 2435.2734   14.9847
    0.0000   22.5000   37.5000 2436.8662   14.8870
    7.5000   22.5000   37.5000 2407.2434   15.0236
   -7.5000   30.0000   37.5000 2285.7886   16.7018
    0.0000   30.0000   37.5000 2286.0913   16.6027
    7.5000   30.0000   37.5000 2254.1045   16.7603
   -7.5000   37.5000   37.5000 2114.6187   18.8386
    0.0000   37.5000   37.5000 2119.1033   18.7099
    7.5000   37.5000   37.5000 2096.2009   18.9349
   -7.5000   45.0000   37.5000 1941.0786   21.5076
    0.0000   45.0000   37.5000 1943.1101   21.3857
    7.5000   45.0000   37.5000 1927.4056   21.6699
   -7.5000  -45.0000   45.0000 2592.8557   12.9265
    0.0000  -45.0000   45.0000 2602.1875   12.8639
    7.5000  -45.0000   45.0000 2584.5383   13.1520
   -7.5000  -37.5000   45.0000 2705.2976   12.1155
    0.0000  -37.5000   45.0000 2716.2671   12.0464
    7.5000  -37.5000   45.0000 2689.7046   12.3035
   -7.5000  -30.0000   45.0000 2797.6689   11.5782
    0.0000  -30.0000   45.0000 2809.5437   11.5252
    7.5000  -30.0000   45.0000 2772.5381   11.6981
   -7.5000  -22.5000   45.0000 2854.7952   11.2383
    0.0000  -22.5000   45.0000 2863.0205   11.1926
    7.5000  -22.5000   45.0000 2821.0579   11.3978
   -7.5000  -15.0000   45.0000 2857.6433   11.2744
    0.0000  -15.0000   45.0000 2866.3757   11.1927
    7.5000  -15.0000   45.0000 2823.4109   11.4002
   -7.5000   -7.5000   45.0000 2823.0054   11.6388
    0.0000   -7.5000   45.0000 2832.7722   11.5591
    7.5000   -7.5000   45.0000 2789.8259   11.7176
   -7.5000    0.0000   45.0000 2743.7219   12.2161
    0.0000    0.0000   45.0000 2749.0598   12.1130
    7.5000    0.0000   45.0000 2715.5669   12.2632
   -7.5000    7.5000   45.0000 2643.6497   13.0077
    0.0000    7.5000   45.0000 2641.6133   12.9125
    7.5000    7.5000   45.0000 2615.6907   13.0512
   -7.5000   15.0000   45.0000 2519.5198   14.0865
    0.0000   15.0000   45.0000 2519.1836   14.0096
    7.5000   15.0000   45.0000 2489.8196   14.1406
   -7.5000   22.5000   45.0000 2386.4573   15.4591
    0.0000   22.5000   45.0000 2389.6299   15.3431
    7.5000   22.5000   45.0000 2358.8215   15.4884
   -7.5000   30.0000   45.0000 2232.1938   17.1462
    0.0000   30.0000   45.0000 2234.4458   17.0436
    7.5000   30.0000   45.0000 2209.4146   17.1968
   -7.5000   37.5000   45.0000 2071.4421   19.2377
    0.0000   37.5000   45.0000 2075.7563   19.1207
    7.5000   37.5000   45.0000 2050.1753   19.3751
   -7.5000   45.0000   45.0000 1909.4147   21.8950
    0.0000   45.0000   45.0000 1909.0958   21.8200
    7.5000   45.0000   45.0000 1890.0276   22.1372

---------------------------------------------------------------------
imgreg_4dfp /opt/freesurfer/average/711-2C_as_mni_average_305 /opt/freesurfer/average/711-2B_as_mni_average_305_mask talsrcimg_g11 none talsrcimg_to_711-2C_as_mni_average_305_t4 1283
---------------------------------------------------------------------

freesurfer imgreg_4dfp.c
/opt/freesurfer/average/711-2C_as_mni_average_305.4dfp.img
       256       256       256         1
  1.000000  1.000000  1.000000
orientation T byte_order littleendian
Reading image: /opt/freesurfer/average/711-2C_as_mni_average_305.4dfp.img
dimensions:      256       256       256
mmppix:       1.0000   -1.0000   -1.0000
center:     128.0000 -129.0000 -129.0000
/opt/freesurfer/average/711-2B_as_mni_average_305_mask.4dfp.img
       256       256       256         1
  1.000000  1.000000  1.000000
orientation T byte_order littleendian
Reading mask: /opt/freesurfer/average/711-2B_as_mni_average_305_mask.4dfp.img (2306576 pixels)
talsrcimg_g11.4dfp.img
       256       256       256         1
  1.000000  1.000000  1.000000
orientation T byte_order littleendian
Reading image: talsrcimg_g11.4dfp.img
dimensions:      256       256       256
mmppix:       1.0000   -1.0000   -1.0000
center:     128.0000 -129.0000 -129.0000
rotation matrix determinant  1.000000
fimgreg.f
image alignment mode   1283 decimal      503 hex
parameters
    0.0000  -15.0000   22.5000    0.0000    0.0000    0.0000
eta,q 0.93807 10.47577
niter,ni,del,rscale     5    3   12.0000    1.2000
parameter  3 -0.575147 -> -0.500000 qaram    1.1500
parameter  4  2.006651 ->  0.500000 qaram    1.1500
parameter  5 -0.879749 -> -0.500000 qaram    1.1500
parameters
   -1.9844  -17.6847   25.9500   -3.4500    3.4500   -0.6272
eta,q 0.95201 10.50421
  0.0662  0.0612  0.0695  0.0510  0.0669  0.0515
  0.0623  0.0589  0.0653  0.0520  0.0620  0.0495
  0.0595  0.0582  0.0606  0.0541  0.0569  0.0482
  0.0605  0.0595  0.0580  0.0562  0.0525  0.0480
  0.0665  0.0640  0.0565  0.0583  0.0489  0.0489
  0.0752  0.0691  0.0560  0.0608  0.0480  0.0508
  0.0832  0.0743  0.0574  0.0644  0.0488  0.0533
niter,ni,del,rscale     7    3   12.0000    1.2000
parameter  4  0.770915 ->  0.500000 qaram    1.3225
parameters
   -2.5970  -17.2950   25.2323   -7.4175    5.1278   -0.4665
eta,q 0.95626 10.54930
  0.0619  0.0584  0.0582  0.0458  0.0591  0.0502
  0.0545  0.0529  0.0525  0.0453  0.0533  0.0467
  0.0488  0.0489  0.0478  0.0453  0.0484  0.0446
  0.0480  0.0477  0.0478  0.0471  0.0453  0.0438
  0.0518  0.0493  0.0520  0.0513  0.0435  0.0444
  0.0593  0.0516  0.0564  0.0555  0.0461  0.0465
  0.0685  0.0555  0.0617  0.0579  0.0506  0.0494
niter,ni,del,rscale     7    3   12.0000    1.2000
parameter  4  0.508710 ->  0.500000 qaram    1.5209
parameters
   -3.0440  -15.9014   24.3998  -11.9801    6.1594   -0.1032
eta,q 0.95932 10.54415
  0.0608  0.0596  0.0539  0.0428  0.0546  0.0476
  0.0524  0.0528  0.0466  0.0420  0.0493  0.0443
  0.0455  0.0470  0.0435  0.0416  0.0446  0.0417
  0.0437  0.0436  0.0431  0.0428  0.0417  0.0407
  0.0483  0.0434  0.0469  0.0456  0.0404  0.0412
  0.0567  0.0457  0.0526  0.0495  0.0438  0.0431
  0.0657  0.0498  0.0581  0.0543  0.0497  0.0462
niter,ni,del,rscale     7    3   12.0000    1.2000
parameters
   -3.3624  -14.2794   22.9719  -13.4775    6.5437   -0.2615
eta,q 0.96251 10.49734
  0.0597  0.0581  0.0482  0.0457  0.0502  0.0439
  0.0504  0.0514  0.0413  0.0408  0.0447  0.0404
  0.0429  0.0452  0.0386  0.0382  0.0401  0.0382
  0.0407  0.0406  0.0393  0.0384  0.0378  0.0375
  0.0451  0.0394  0.0438  0.0417  0.0383  0.0385
  0.0538  0.0416  0.0505  0.0461  0.0423  0.0411
  0.0633  0.0470  0.0574  0.0507  0.0484  0.0445
niter,ni,del,rscale     6    3   12.0000    1.2000
parameters
   -3.4290  -14.0900   22.5890  -13.8736    6.6275   -0.2887
eta,q 0.96268 10.49895
  0.0583  0.0527  0.0519  0.0476  0.0492  0.0441
  0.0488  0.0455  0.0434  0.0424  0.0436  0.0405
  0.0409  0.0400  0.0383  0.0387  0.0393  0.0382
  0.0375  0.0375  0.0375  0.0374  0.0373  0.0373
  0.0411  0.0389  0.0407  0.0396  0.0387  0.0382
  0.0493  0.0441  0.0466  0.0440  0.0428  0.0408
  0.0593  0.0512  0.0543  0.0490  0.0490  0.0441
niter,ni,del,rscale     5    3   12.0000    1.2000
parameters
   -3.4372  -13.9942   22.5040  -14.0336    6.6315   -0.2887
eta,q 0.96269 10.49837
  0.0586  0.0522  0.0532  0.0480  0.0489  0.0441
  0.0489  0.0450  0.0444  0.0429  0.0434  0.0406
  0.0409  0.0395  0.0387  0.0389  0.0391  0.0382
  0.0373  0.0373  0.0373  0.0373  0.0373  0.0373
  0.0408  0.0389  0.0401  0.0392  0.0388  0.0382
  0.0489  0.0442  0.0456  0.0435  0.0430  0.0407
  0.0588  0.0515  0.0531  0.0486  0.0493  0.0441
niter,ni,del,rscale     4    3   12.0000    1.2000
parameters
   -3.4335  -13.9560   22.4797  -14.0927    6.6258   -0.2848
eta,q 0.96267 10.49797
  0.0586  0.0519  0.0534  0.0481  0.0489  0.0441
  0.0489  0.0447  0.0446  0.0431  0.0434  0.0406
  0.0409  0.0393  0.0388  0.0390  0.0391  0.0382
  0.0373  0.0373  0.0373  0.0373  0.0373  0.0373
  0.0407  0.0389  0.0401  0.0390  0.0388  0.0382
  0.0488  0.0444  0.0454  0.0433  0.0430  0.0407
  0.0587  0.0517  0.0528  0.0484  0.0493  0.0441
registration optimization eta report
parameter search radius
    6.0000    6.0000    6.9000    9.1253    6.9000    6.0000
100000*second partial in parameter space
       57.       40.       33.       13.       24.       19.
  0.0586  0.0519  0.0534  0.0481  0.0489  0.0441
  0.0489  0.0447  0.0446  0.0431  0.0434  0.0406
  0.0409  0.0393  0.0388  0.0390  0.0391  0.0382
  0.0373  0.0373  0.0373  0.0373  0.0373  0.0373
  0.0407  0.0389  0.0401  0.0390  0.0388  0.0382
  0.0488  0.0444  0.0454  0.0433  0.0430  0.0407
  0.0587  0.0517  0.0528  0.0484  0.0493  0.0441
   -3.4335  -13.9560   22.4797  -14.0927    6.6258   -0.2848
eta,q 0.96267 10.49797

---------------------------------------------------------------------
imgreg_4dfp /opt/freesurfer/average/711-2C_as_mni_average_305 /opt/freesurfer/average/711-2B_as_mni_average_305_mask talsrcimg_g11 none talsrcimg_to_711-2C_as_mni_average_305_t4 3335
---------------------------------------------------------------------

freesurfer imgreg_4dfp.c
/opt/freesurfer/average/711-2C_as_mni_average_305.4dfp.img
       256       256       256         1
  1.000000  1.000000  1.000000
orientation T byte_order littleendian
Reading image: /opt/freesurfer/average/711-2C_as_mni_average_305.4dfp.img
dimensions:      256       256       256
mmppix:       1.0000   -1.0000   -1.0000
center:     128.0000 -129.0000 -129.0000
/opt/freesurfer/average/711-2B_as_mni_average_305_mask.4dfp.img
       256       256       256         1
  1.000000  1.000000  1.000000
orientation T byte_order littleendian
Reading mask: /opt/freesurfer/average/711-2B_as_mni_average_305_mask.4dfp.img (2306576 pixels)
talsrcimg_g11.4dfp.img
       256       256       256         1
  1.000000  1.000000  1.000000
orientation T byte_order littleendian
Reading image: talsrcimg_g11.4dfp.img
dimensions:      256       256       256
mmppix:       1.0000   -1.0000   -1.0000
center:     128.0000 -129.0000 -129.0000
fimgreg.f
image alignment mode   3335 decimal      D07 hex
parameters
   -3.4335  -13.9560   22.4797   -0.6691   -3.0248   -3.6575
    3.2916  -11.0700   -0.4937   24.4044   11.5385  -24.1865
eta,q 0.96168 10.58228
niter,ni,del,rscale     5    3    5.0000    1.2000
parameter  4  1.383506 ->  0.500000 qaram    1.1500
parameter  5  2.195740 ->  0.500000 qaram    1.1500
parameter 11  0.879068 ->  0.500000 qaram    1.1500
parameter 12 -0.646287 -> -0.500000 qaram    1.1500
parameters
   -3.8407  -13.8021   22.2743   -4.8091   -7.1648   -6.9667
    4.0425  -11.0226   -0.7432   25.2974    7.3985  -20.0465
eta,q 0.97200 10.20938
  0.0405  0.0408  0.0401  0.0329  0.0286  0.0308  0.0327  0.0339  0.0313  0.0333  0.0286  0.0322
  0.0390  0.0394  0.0389  0.0340  0.0298  0.0299  0.0311  0.0315  0.0303  0.0315  0.0285  0.0307
  0.0383  0.0386  0.0383  0.0356  0.0318  0.0295  0.0301  0.0299  0.0297  0.0302  0.0288  0.0294
  0.0383  0.0382  0.0382  0.0382  0.0344  0.0303  0.0295  0.0295  0.0295  0.0295  0.0294  0.0286
  0.0391  0.0384  0.0386  0.0414  0.0372  0.0327  0.0296  0.0300  0.0298  0.0295  0.0302  0.0281
  0.0405  0.0390  0.0395  0.0451  0.0403  0.0363  0.0303  0.0314  0.0305  0.0303  0.0312  0.0280
  0.0426  0.0402  0.0408  0.0495  0.0436  0.0405  0.0317  0.0337  0.0316  0.0319  0.0324  0.0281
niter,ni,del,rscale     7    3    5.0000    1.2000
parameter  4  0.720325 ->  0.500000 qaram    1.3225
parameter  5  0.568595 ->  0.500000 qaram    1.3225
parameters
   -3.8319  -13.3977   21.6793   -9.5701  -11.9258   -8.0941
    4.1902  -10.9625   -0.2879   26.3162    4.4595  -20.9783
eta,q 0.97511  9.70847
  0.0316  0.0319  0.0290  0.0261  0.0261  0.0273  0.0280  0.0294  0.0272  0.0289  0.0255  0.0265
  0.0296  0.0300  0.0281  0.0262  0.0251  0.0263  0.0265  0.0271  0.0261  0.0272  0.0251  0.0256
  0.0284  0.0287  0.0277  0.0267  0.0252  0.0255  0.0256  0.0257  0.0255  0.0259  0.0249  0.0250
  0.0280  0.0280  0.0279  0.0277  0.0263  0.0250  0.0252  0.0252  0.0252  0.0252  0.0251  0.0249
  0.0284  0.0280  0.0286  0.0295  0.0284  0.0255  0.0255  0.0257  0.0253  0.0252  0.0255  0.0254
  0.0296  0.0287  0.0296  0.0323  0.0312  0.0274  0.0264  0.0270  0.0258  0.0259  0.0261  0.0262
  0.0316  0.0300  0.0310  0.0360  0.0342  0.0303  0.0278  0.0292  0.0267  0.0274  0.0269  0.0274
niter,ni,del,rscale     7    3    5.0000    1.2000
parameters
   -3.7494  -13.0561   21.6108  -11.6141  -12.0859   -8.4006
    4.1187  -10.7222   -0.0361   26.7194    4.7384  -21.1124
eta,q 0.97537  9.57438
  0.0287  0.0285  0.0268  0.0268  0.0298  0.0275  0.0276  0.0294  0.0266  0.0279  0.0260  0.0267
  0.0267  0.0266  0.0257  0.0252  0.0272  0.0262  0.0260  0.0269  0.0256  0.0263  0.0252  0.0256
  0.0254  0.0254  0.0250  0.0246  0.0253  0.0253  0.0250  0.0253  0.0249  0.0252  0.0248  0.0249
  0.0249  0.0249  0.0248  0.0248  0.0246  0.0246  0.0247  0.0247  0.0247  0.0247  0.0246  0.0246
  0.0252  0.0250  0.0251  0.0257  0.0252  0.0247  0.0251  0.0251  0.0248  0.0248  0.0248  0.0250
  0.0263  0.0256  0.0259  0.0272  0.0273  0.0261  0.0261  0.0265  0.0254  0.0257  0.0252  0.0257
  0.0283  0.0268  0.0270  0.0297  0.0303  0.0287  0.0277  0.0288  0.0264  0.0274  0.0258  0.0268
niter,ni,del,rscale     6    3    5.0000    1.2000
parameters
   -3.8160  -12.9490   21.5300  -11.6405  -12.1931   -8.5072
    4.1763  -10.7921   -0.0454   26.9259    4.7692  -21.2580
eta,q 0.97537  9.56932
  0.0281  0.0276  0.0265  0.0281  0.0298  0.0276  0.0277  0.0290  0.0264  0.0277  0.0259  0.0267
  0.0261  0.0260  0.0255  0.0261  0.0272  0.0263  0.0261  0.0266  0.0255  0.0262  0.0252  0.0256
  0.0250  0.0250  0.0248  0.0249  0.0254  0.0254  0.0250  0.0252  0.0248  0.0251  0.0248  0.0249
  0.0246  0.0246  0.0246  0.0246  0.0246  0.0246  0.0246  0.0246  0.0246  0.0246  0.0246  0.0246
  0.0251  0.0249  0.0249  0.0251  0.0252  0.0246  0.0250  0.0252  0.0248  0.0249  0.0248  0.0250
  0.0264  0.0257  0.0256  0.0263  0.0272  0.0259  0.0260  0.0267  0.0254  0.0258  0.0252  0.0257
  0.0284  0.0270  0.0267  0.0280  0.0302  0.0284  0.0275  0.0291  0.0265  0.0275  0.0258  0.0268
niter,ni,del,rscale     5    3    5.0000    1.2000
parameters
   -3.8276  -12.9104   21.4908  -11.6568  -12.2519   -8.5294
    4.1991  -10.8120   -0.0404   27.0171    4.7806  -21.3442
eta,q 0.97537  9.56757
  0.0282  0.0274  0.0266  0.0281  0.0299  0.0277  0.0276  0.0290  0.0264  0.0276  0.0259  0.0267
  0.0262  0.0259  0.0255  0.0262  0.0272  0.0263  0.0260  0.0267  0.0255  0.0261  0.0252  0.0257
  0.0250  0.0249  0.0248  0.0249  0.0254  0.0254  0.0250  0.0252  0.0248  0.0251  0.0248  0.0249
  0.0246  0.0246  0.0246  0.0246  0.0246  0.0246  0.0246  0.0246  0.0246  0.0246  0.0246  0.0246
  0.0251  0.0249  0.0249  0.0252  0.0252  0.0246  0.0250  0.0252  0.0248  0.0249  0.0248  0.0250
  0.0263  0.0258  0.0256  0.0263  0.0272  0.0258  0.0260  0.0267  0.0254  0.0259  0.0252  0.0257
  0.0283  0.0272  0.0267  0.0280  0.0302  0.0284  0.0276  0.0291  0.0265  0.0276  0.0258  0.0268
niter,ni,del,rscale     4    3    5.0000    1.2000
parameters
   -3.8299  -12.8950   21.4739  -11.6634  -12.2836   -8.5361
    4.2132  -10.8216   -0.0368   27.0582    4.7871  -21.3859
eta,q 0.97536  9.56671
  0.0283  0.0274  0.0266  0.0281  0.0299  0.0277  0.0276  0.0290  0.0264  0.0276  0.0259  0.0267
  0.0263  0.0258  0.0255  0.0262  0.0273  0.0264  0.0260  0.0267  0.0255  0.0261  0.0252  0.0257
  0.0250  0.0249  0.0249  0.0249  0.0254  0.0254  0.0250  0.0252  0.0248  0.0251  0.0248  0.0249
  0.0246  0.0246  0.0246  0.0246  0.0246  0.0246  0.0246  0.0246  0.0246  0.0246  0.0246  0.0246
  0.0251  0.0250  0.0249  0.0252  0.0252  0.0246  0.0250  0.0252  0.0248  0.0249  0.0248  0.0250
  0.0263  0.0258  0.0256  0.0263  0.0271  0.0258  0.0260  0.0267  0.0254  0.0259  0.0252  0.0257
  0.0282  0.0272  0.0267  0.0280  0.0302  0.0283  0.0276  0.0291  0.0265  0.0277  0.0258  0.0267
registration optimization eta report
parameter search radius
    2.4000    2.4000    2.4000    9.5220    9.5220    7.2000
    7.2000    7.2000    7.2000    7.2000    8.2800    8.2800
100000*second partial in parameter space
       63.       46.       35.        4.        6.        7.
        6.        8.        3.        6.        2.        3.
  0.0283  0.0274  0.0266  0.0281  0.0299  0.0277  0.0276  0.0290  0.0264  0.0276  0.0259  0.0267
  0.0263  0.0258  0.0255  0.0262  0.0273  0.0264  0.0260  0.0267  0.0255  0.0261  0.0252  0.0257
  0.0250  0.0249  0.0249  0.0249  0.0254  0.0254  0.0250  0.0252  0.0248  0.0251  0.0248  0.0249
  0.0246  0.0246  0.0246  0.0246  0.0246  0.0246  0.0246  0.0246  0.0246  0.0246  0.0246  0.0246
  0.0251  0.0250  0.0249  0.0252  0.0252  0.0246  0.0250  0.0252  0.0248  0.0249  0.0248  0.0250
  0.0263  0.0258  0.0256  0.0263  0.0271  0.0258  0.0260  0.0267  0.0254  0.0259  0.0252  0.0257
  0.0282  0.0272  0.0267  0.0280  0.0302  0.0283  0.0276  0.0291  0.0265  0.0277  0.0258  0.0267
   -3.8299  -12.8950   21.4739  -11.6634  -12.2836   -8.5361
    4.2132  -10.8216   -0.0368   27.0582    4.7871  -21.3859
eta,q 0.97536  9.56671

---------------------------------------------------------------------
imgreg_4dfp /opt/freesurfer/average/711-2C_as_mni_average_305 /opt/freesurfer/average/711-2B_as_mni_average_305_mask talsrcimg_g11 none talsrcimg_to_711-2C_as_mni_average_305_t4 2311
---------------------------------------------------------------------

freesurfer imgreg_4dfp.c
/opt/freesurfer/average/711-2C_as_mni_average_305.4dfp.img
       256       256       256         1
  1.000000  1.000000  1.000000
orientation T byte_order littleendian
Reading image: /opt/freesurfer/average/711-2C_as_mni_average_305.4dfp.img
dimensions:      256       256       256
mmppix:       1.0000   -1.0000   -1.0000
center:     128.0000 -129.0000 -129.0000
/opt/freesurfer/average/711-2B_as_mni_average_305_mask.4dfp.img
       256       256       256         1
  1.000000  1.000000  1.000000
orientation T byte_order littleendian
Reading mask: /opt/freesurfer/average/711-2B_as_mni_average_305_mask.4dfp.img (2306576 pixels)
talsrcimg_g11.4dfp.img
       256       256       256         1
  1.000000  1.000000  1.000000
orientation T byte_order littleendian
Reading image: talsrcimg_g11.4dfp.img
dimensions:      256       256       256
mmppix:       1.0000   -1.0000   -1.0000
center:     128.0000 -129.0000 -129.0000
fimgreg.f
image alignment mode   2311 decimal      907 hex
parameters
   -3.8299  -12.8950   21.4739  -11.6634  -12.2836   -8.5361
    4.2132  -10.8216   -0.0368   27.0582    4.7871  -21.3859
eta,q 0.97536  9.56671
niter,ni,del,rscale     5    3    5.0000    0.8000
parameters
   -3.8437  -12.9143   21.4700  -12.0207  -12.0191   -7.8595
    4.1895  -10.8354    0.0382   27.1762    4.6509  -21.5476
eta,q 0.97551  9.58877
  0.0263  0.0258  0.0256  0.0255  0.0262  0.0263  0.0259  0.0266  0.0253  0.0259  0.0249  0.0253
  0.0253  0.0251  0.0251  0.0249  0.0254  0.0257  0.0251  0.0255  0.0249  0.0252  0.0247  0.0249
  0.0248  0.0248  0.0247  0.0246  0.0249  0.0251  0.0246  0.0247  0.0246  0.0247  0.0245  0.0246
  0.0246  0.0246  0.0246  0.0246  0.0246  0.0246  0.0245  0.0245  0.0245  0.0245  0.0245  0.0245
  0.0248  0.0248  0.0247  0.0248  0.0247  0.0245  0.0247  0.0247  0.0246  0.0246  0.0245  0.0246
  0.0254  0.0252  0.0251  0.0252  0.0252  0.0248  0.0251  0.0255  0.0248  0.0251  0.0247  0.0249
  0.0263  0.0258  0.0256  0.0257  0.0260  0.0258  0.0259  0.0266  0.0253  0.0258  0.0250  0.0254
niter,ni,del,rscale     4    3    5.0000    0.7000
parameters
   -3.8448  -12.9378   21.5366  -11.9750  -12.0599   -7.6649
    4.1875  -10.8368    0.0647   27.1509    4.6449  -21.5541
eta,q 0.97554  9.59631
  0.0258  0.0254  0.0253  0.0253  0.0256  0.0258  0.0256  0.0261  0.0251  0.0255  0.0248  0.0251
  0.0251  0.0249  0.0249  0.0248  0.0250  0.0253  0.0250  0.0252  0.0247  0.0250  0.0246  0.0248
  0.0246  0.0246  0.0246  0.0245  0.0246  0.0248  0.0246  0.0247  0.0245  0.0246  0.0245  0.0245
  0.0245  0.0245  0.0245  0.0245  0.0245  0.0245  0.0245  0.0245  0.0245  0.0245  0.0245  0.0245
  0.0246  0.0246  0.0245  0.0246  0.0246  0.0245  0.0246  0.0247  0.0245  0.0246  0.0245  0.0245
  0.0251  0.0249  0.0248  0.0248  0.0250  0.0249  0.0250  0.0252  0.0247  0.0250  0.0246  0.0248
  0.0258  0.0254  0.0252  0.0252  0.0257  0.0258  0.0256  0.0261  0.0251  0.0256  0.0248  0.0251
niter,ni,del,rscale     3    3    5.0000    0.6000
parameters
   -3.8455  -12.9488   21.5689  -12.0118  -12.0377   -7.4977
    4.1756  -10.8314    0.0688   27.1346    4.6487  -21.5682
eta,q 0.97555  9.60148
  0.0254  0.0251  0.0251  0.0250  0.0253  0.0255  0.0253  0.0257  0.0249  0.0253  0.0247  0.0249
  0.0249  0.0248  0.0247  0.0247  0.0249  0.0251  0.0248  0.0250  0.0246  0.0248  0.0246  0.0247
  0.0246  0.0245  0.0245  0.0245  0.0246  0.0247  0.0245  0.0246  0.0245  0.0245  0.0245  0.0245
  0.0245  0.0245  0.0245  0.0245  0.0245  0.0245  0.0244  0.0244  0.0244  0.0244  0.0244  0.0244
  0.0246  0.0246  0.0245  0.0245  0.0245  0.0245  0.0245  0.0246  0.0245  0.0245  0.0245  0.0245
  0.0249  0.0248  0.0247  0.0247  0.0248  0.0248  0.0248  0.0250  0.0246  0.0248  0.0246  0.0247
  0.0254  0.0252  0.0250  0.0250  0.0253  0.0255  0.0253  0.0257  0.0249  0.0253  0.0247  0.0250
niter,ni,del,rscale     2    3    5.0000    0.5000
parameters
   -3.8475  -12.9647   21.5932  -12.0762  -12.0257   -7.3475
    4.1789  -10.8237    0.0589   27.0962    4.6611  -21.5642
eta,q 0.97556  9.60338
  0.0251  0.0249  0.0249  0.0248  0.0250  0.0253  0.0250  0.0253  0.0248  0.0250  0.0246  0.0248
  0.0247  0.0247  0.0246  0.0246  0.0247  0.0249  0.0247  0.0248  0.0246  0.0247  0.0245  0.0246
  0.0245  0.0245  0.0245  0.0245  0.0245  0.0246  0.0245  0.0245  0.0245  0.0245  0.0245  0.0245
  0.0244  0.0244  0.0244  0.0244  0.0244  0.0244  0.0244  0.0244  0.0244  0.0244  0.0244  0.0244
  0.0245  0.0245  0.0245  0.0245  0.0245  0.0245  0.0245  0.0245  0.0245  0.0245  0.0244  0.0245
  0.0248  0.0247  0.0246  0.0246  0.0247  0.0247  0.0247  0.0248  0.0246  0.0247  0.0245  0.0246
  0.0251  0.0249  0.0248  0.0248  0.0250  0.0252  0.0250  0.0253  0.0248  0.0250  0.0246  0.0248
niter,ni,del,rscale     1    3    5.0000    0.4000
parameters
   -3.8508  -12.9731   21.6144  -12.1444  -12.0224   -7.2414
    4.1750  -10.8155    0.0731   27.0727    4.7157  -21.5741
eta,q 0.97557  9.60367
  0.0249  0.0247  0.0247  0.0247  0.0248  0.0250  0.0248  0.0250  0.0246  0.0248  0.0245  0.0247
  0.0246  0.0246  0.0246  0.0245  0.0246  0.0247  0.0246  0.0247  0.0245  0.0246  0.0245  0.0245
  0.0245  0.0245  0.0245  0.0244  0.0245  0.0245  0.0245  0.0245  0.0245  0.0245  0.0245  0.0245
  0.0244  0.0244  0.0244  0.0244  0.0244  0.0244  0.0244  0.0244  0.0244  0.0244  0.0244  0.0244
  0.0245  0.0245  0.0245  0.0245  0.0245  0.0245  0.0245  0.0245  0.0245  0.0245  0.0244  0.0245
  0.0246  0.0246  0.0245  0.0246  0.0246  0.0246  0.0246  0.0247  0.0245  0.0246  0.0245  0.0245
  0.0249  0.0248  0.0247  0.0247  0.0248  0.0249  0.0248  0.0250  0.0246  0.0248  0.0245  0.0247
registration optimization eta report
parameter search radius
    0.8000    0.8000    0.8000    2.4000    2.4000    2.4000
    2.4000    2.4000    2.4000    2.4000    2.4000    2.4000
100000*second partial in parameter space
       67.       49.       41.        4.        7.        9.
        6.       10.        4.        6.        2.        4.
  0.0249  0.0247  0.0247  0.0247  0.0248  0.0250  0.0248  0.0250  0.0246  0.0248  0.0245  0.0247
  0.0246  0.0246  0.0246  0.0245  0.0246  0.0247  0.0246  0.0247  0.0245  0.0246  0.0245  0.0245
  0.0245  0.0245  0.0245  0.0244  0.0245  0.0245  0.0245  0.0245  0.0245  0.0245  0.0245  0.0245
  0.0244  0.0244  0.0244  0.0244  0.0244  0.0244  0.0244  0.0244  0.0244  0.0244  0.0244  0.0244
  0.0245  0.0245  0.0245  0.0245  0.0245  0.0245  0.0245  0.0245  0.0245  0.0245  0.0244  0.0245
  0.0246  0.0246  0.0245  0.0246  0.0246  0.0246  0.0246  0.0247  0.0245  0.0246  0.0245  0.0245
  0.0249  0.0248  0.0247  0.0247  0.0248  0.0249  0.0248  0.0250  0.0246  0.0248  0.0245  0.0247
   -3.8508  -12.9731   21.6144  -12.1444  -12.0224   -7.2414
    4.1750  -10.8155    0.0731   27.0727    4.7157  -21.5741
eta,q 0.97557  9.60367

---------------------------------------------------------------------
imgreg_4dfp /opt/freesurfer/average/711-2C_as_mni_average_305 /opt/freesurfer/average/711-2B_as_mni_average_305_mask talsrcimg_g11 none talsrcimg_to_711-2C_as_mni_average_305_t4 2311
---------------------------------------------------------------------

freesurfer imgreg_4dfp.c
/opt/freesurfer/average/711-2C_as_mni_average_305.4dfp.img
       256       256       256         1
  1.000000  1.000000  1.000000
orientation T byte_order littleendian
Reading image: /opt/freesurfer/average/711-2C_as_mni_average_305.4dfp.img
dimensions:      256       256       256
mmppix:       1.0000   -1.0000   -1.0000
center:     128.0000 -129.0000 -129.0000
/opt/freesurfer/average/711-2B_as_mni_average_305_mask.4dfp.img
       256       256       256         1
  1.000000  1.000000  1.000000
orientation T byte_order littleendian
Reading mask: /opt/freesurfer/average/711-2B_as_mni_average_305_mask.4dfp.img (2306576 pixels)
talsrcimg_g11.4dfp.img
       256       256       256         1
  1.000000  1.000000  1.000000
orientation T byte_order littleendian
Reading image: talsrcimg_g11.4dfp.img
dimensions:      256       256       256
mmppix:       1.0000   -1.0000   -1.0000
center:     128.0000 -129.0000 -129.0000
fimgreg.f
image alignment mode   2311 decimal      907 hex
parameters
   -3.8508  -12.9731   21.6144  -12.1444  -12.0224   -7.2414
    4.1750  -10.8155    0.0731   27.0727    4.7157  -21.5741
eta,q 0.97557  9.60367
niter,ni,del,rscale     5    3    5.0000    0.8000
parameters
   -3.8392  -12.9626   21.6286  -11.8772  -12.1165   -7.6994
    4.1823  -10.8309    0.0355   27.0883    4.6242  -21.4782
eta,q 0.97553  9.59513
  0.0262  0.0257  0.0255  0.0255  0.0259  0.0259  0.0259  0.0266  0.0253  0.0259  0.0249  0.0253
  0.0252  0.0250  0.0249  0.0249  0.0251  0.0252  0.0251  0.0254  0.0248  0.0251  0.0247  0.0249
  0.0246  0.0246  0.0246  0.0245  0.0246  0.0247  0.0246  0.0247  0.0246  0.0247  0.0245  0.0246
  0.0244  0.0244  0.0244  0.0244  0.0244  0.0244  0.0245  0.0245  0.0245  0.0245  0.0245  0.0245
  0.0246  0.0246  0.0245  0.0245  0.0246  0.0247  0.0246  0.0247  0.0246  0.0246  0.0245  0.0246
  0.0252  0.0250  0.0249  0.0248  0.0251  0.0255  0.0251  0.0255  0.0248  0.0251  0.0247  0.0249
  0.0261  0.0256  0.0254  0.0252  0.0260  0.0269  0.0259  0.0266  0.0253  0.0259  0.0250  0.0253
niter,ni,del,rscale     4    3    5.0000    0.7000
parameters
   -3.8439  -12.9468   21.5745  -11.9604  -12.0489   -7.6401
    4.1759  -10.8311    0.0564   27.1118    4.6296  -21.5224
eta,q 0.97554  9.59718
  0.0258  0.0254  0.0252  0.0252  0.0256  0.0258  0.0256  0.0261  0.0251  0.0256  0.0248  0.0251
  0.0250  0.0249  0.0248  0.0247  0.0250  0.0253  0.0249  0.0252  0.0247  0.0250  0.0246  0.0248
  0.0246  0.0246  0.0245  0.0245  0.0246  0.0248  0.0246  0.0247  0.0245  0.0246  0.0245  0.0245
  0.0245  0.0245  0.0245  0.0245  0.0245  0.0245  0.0245  0.0245  0.0245  0.0245  0.0245  0.0245
  0.0246  0.0246  0.0246  0.0246  0.0246  0.0245  0.0246  0.0247  0.0245  0.0246  0.0245  0.0246
  0.0251  0.0249  0.0249  0.0248  0.0249  0.0250  0.0250  0.0252  0.0247  0.0249  0.0246  0.0248
  0.0258  0.0254  0.0253  0.0252  0.0256  0.0259  0.0256  0.0261  0.0251  0.0256  0.0248  0.0251
niter,ni,del,rscale     3    3    5.0000    0.6000
parameters
   -3.8478  -12.9546   21.5789  -12.0114  -12.0324   -7.4933
    4.1750  -10.8295    0.0651   27.1186    4.6516  -21.5596
eta,q 0.97555  9.60151
  0.0254  0.0251  0.0250  0.0250  0.0253  0.0255  0.0253  0.0257  0.0249  0.0253  0.0247  0.0249
  0.0249  0.0248  0.0247  0.0247  0.0249  0.0251  0.0248  0.0250  0.0247  0.0248  0.0246  0.0247
  0.0246  0.0245  0.0245  0.0245  0.0246  0.0247  0.0245  0.0246  0.0245  0.0245  0.0245  0.0245
  0.0245  0.0245  0.0245  0.0245  0.0245  0.0245  0.0244  0.0244  0.0244  0.0244  0.0244  0.0244
  0.0246  0.0245  0.0245  0.0245  0.0245  0.0245  0.0245  0.0246  0.0245  0.0245  0.0245  0.0245
  0.0249  0.0248  0.0247  0.0247  0.0248  0.0248  0.0248  0.0250  0.0246  0.0248  0.0246  0.0247
  0.0254  0.0252  0.0250  0.0250  0.0253  0.0255  0.0253  0.0257  0.0249  0.0253  0.0247  0.0250
niter,ni,del,rscale     2    3    5.0000    0.5000
parameters
   -3.8487  -12.9646   21.5972  -12.0864  -12.0171   -7.3461
    4.1793  -10.8256    0.0743   27.0945    4.6852  -21.5642
eta,q 0.97556  9.60336
  0.0251  0.0249  0.0249  0.0248  0.0250  0.0253  0.0250  0.0253  0.0248  0.0250  0.0246  0.0248
  0.0247  0.0247  0.0246  0.0246  0.0247  0.0249  0.0247  0.0248  0.0246  0.0247  0.0245  0.0246
  0.0245  0.0245  0.0245  0.0245  0.0245  0.0246  0.0245  0.0245  0.0245  0.0245  0.0245  0.0245
  0.0244  0.0244  0.0244  0.0244  0.0244  0.0244  0.0244  0.0244  0.0244  0.0244  0.0244  0.0244
  0.0245  0.0245  0.0245  0.0245  0.0245  0.0245  0.0245  0.0245  0.0245  0.0245  0.0245  0.0245
  0.0248  0.0247  0.0246  0.0246  0.0247  0.0247  0.0247  0.0248  0.0246  0.0247  0.0245  0.0246
  0.0251  0.0249  0.0248  0.0248  0.0250  0.0252  0.0250  0.0253  0.0248  0.0250  0.0246  0.0248
niter,ni,del,rscale     1    3    5.0000    0.4000
parameters
   -3.8513  -12.9738   21.6144  -12.1482  -12.0264   -7.2370
    4.1709  -10.8140    0.0570   27.0767    4.7118  -21.5733
eta,q 0.97557  9.60347
  0.0249  0.0247  0.0247  0.0247  0.0248  0.0250  0.0248  0.0250  0.0246  0.0248  0.0245  0.0247
  0.0246  0.0246  0.0246  0.0245  0.0246  0.0247  0.0246  0.0247  0.0245  0.0246  0.0245  0.0245
  0.0245  0.0245  0.0245  0.0244  0.0245  0.0245  0.0245  0.0245  0.0245  0.0245  0.0244  0.0245
  0.0244  0.0244  0.0244  0.0244  0.0244  0.0244  0.0244  0.0244  0.0244  0.0244  0.0244  0.0244
  0.0245  0.0245  0.0245  0.0245  0.0245  0.0245  0.0245  0.0245  0.0245  0.0245  0.0244  0.0245
  0.0246  0.0246  0.0245  0.0246  0.0246  0.0246  0.0246  0.0247  0.0245  0.0246  0.0245  0.0245
  0.0249  0.0248  0.0247  0.0247  0.0248  0.0249  0.0248  0.0250  0.0246  0.0248  0.0245  0.0247
registration optimization eta report
parameter search radius
    0.8000    0.8000    0.8000    2.4000    2.4000    2.4000
    2.4000    2.4000    2.4000    2.4000    2.4000    2.4000
100000*second partial in parameter space
       67.       49.       41.        4.        7.        9.
        6.       10.        4.        6.        2.        4.
  0.0249  0.0247  0.0247  0.0247  0.0248  0.0250  0.0248  0.0250  0.0246  0.0248  0.0245  0.0247
  0.0246  0.0246  0.0246  0.0245  0.0246  0.0247  0.0246  0.0247  0.0245  0.0246  0.0245  0.0245
  0.0245  0.0245  0.0245  0.0244  0.0245  0.0245  0.0245  0.0245  0.0245  0.0245  0.0244  0.0245
  0.0244  0.0244  0.0244  0.0244  0.0244  0.0244  0.0244  0.0244  0.0244  0.0244  0.0244  0.0244
  0.0245  0.0245  0.0245  0.0245  0.0245  0.0245  0.0245  0.0245  0.0245  0.0245  0.0244  0.0245
  0.0246  0.0246  0.0245  0.0246  0.0246  0.0246  0.0246  0.0247  0.0245  0.0246  0.0245  0.0245
  0.0249  0.0248  0.0247  0.0247  0.0248  0.0249  0.0248  0.0250  0.0246  0.0248  0.0245  0.0247
   -3.8513  -12.9738   21.6144  -12.1482  -12.0264   -7.2370
    4.1709  -10.8140    0.0570   27.0767    4.7118  -21.5733
eta,q 0.97557  9.60347

---------------------------------------------------------------------
compute_vox2vox talsrcimg talsrcimg_to_711-2C_as_mni_average_305_t4 /opt/freesurfer/average/711-2C_as_mni_average_305
---------------------------------------------------------------------

freesurfer compute_vox2vox.c
Reading: talsrcimg.4dfp.ifh
Reading: talsrcimg_to_711-2C_as_mni_average_305_t4
Reading: /opt/freesurfer/average/711-2C_as_mni_average_305.4dfp.ifh
Writing: talsrcimg_to_711-2C_as_mni_average_305_t4_vox2vox.txt

start time Sun Mar 8 19:33:53 CET 2026
end		time Sun Mar 8 19:34:07 CET 2026

mpr2mni305 success

avi2talxfm orig_nu.mgz /opt/freesurfer/average/mni305.cor.mgz talsrcimg_to_711-2C_as_mni_average_305_t4_vox2vox.txt transforms/talairach.auto.xfm
avi2talxfm done
mv -f /out/sourcedata/freesurfer/sub-v1s14x0051579_ses-1/mri/talsrcimg_to_711-2C_as_mni_average_305_t4_vox2vox.txt /out/sourcedata/freesurfer/sub-v1s14x0051579_ses-1/mri/transforms/talsrcimg_to_711-2C_as_mni_average_305_t4_vox2vox.txt
lta_convert --src orig_nu.mgz --trg /opt/freesurfer/average/mni305.cor.mgz --inxfm transforms/talairach.auto.xfm --outlta transforms/talairach.auto.xfm.lta --subject fsaverage
7.3.2

--src: orig_nu.mgz src image (geometry).
--trg: /opt/freesurfer/average/mni305.cor.mgz trg image (geometry).
--inmni: transforms/talairach.auto.xfm input MNI/XFM transform.
--outlta: transforms/talairach.auto.xfm.lta output LTA.
--s: fsaverage subject name
 LTA read, type : 1
 1.13091   0.13764  -0.01987   3.78420;
-0.05376   0.99946   0.24764  -18.54207;
 0.01581  -0.30771   1.06050   15.37398;
 0.00000   0.00000   0.00000   1.00000;
setting subject to fsaverage
Writing  LTA to file transforms/talairach.auto.xfm.lta...
lta_convert successful.
 
 
Started at Sun Mar 8 19:33:53 CET 2026
Ended   at Sun Mar  8 19:34:07 CET 2026
talairach_avi done
