/out/sourcedata/freesurfer/sub-v1s14x0051563_ses-1/mri
/opt/freesurfer/bin/talairach_avi
--i orig_nu.mgz --xfm transforms/talairach.auto.xfm
talairach_avi 7.3.2
Linux dna059 5.14.0-427.37.1.el9_4.x86_64 #1 SMP PREEMPT_DYNAMIC Fri Sep 13 12:41:50 EDT 2024 x86_64 x86_64 x86_64 GNU/Linux
Sun Mar  8 17:34:41 CET 2026
mri_convert orig_nu.mgz talsrcimg.img 
reading from orig_nu.mgz...
TR=0.00, TE=0.00, TI=0.00, flip angle=0.00
i_ras = (-1, -2.32831e-10, 0)
j_ras = (-3.72529e-09, 0, -1)
k_ras = (3.0268e-09, 1, 0)
writing to talsrcimg.img...
Analyze Output Matrix
-1.00000  -0.00000   0.00000   130.44429;
-0.00000   0.00000   1.00000  -106.70507;
 0.00000  -1.00000   0.00000   154.49066;
 0.00000   0.00000   0.00000   1.00000;
--------------------
INFO: set hdr.hist.orient to -1
mpr2mni305 talsrcimg
Sun Mar  8 17:34:41 CET 2026
/opt/freesurfer/bin/mpr2mni305 talsrcimg
mpr2mni305 7.3.2
target=711-2C_as_mni_average_305

---------------------------------------------------------------------
analyzeto4dfp talsrcimg -O0 -y
---------------------------------------------------------------------

freesurfer ifh2hdr.c
Sun Mar  8 17:34:41 2026
Writing: talsrcimg.4dfp.hdr
freesurfer analyzeto4dfp.c
Reading: talsrcimg.hdr
header size 348 bytes
hdr.dime.datatype	offset=70	value=2
hdr.dime.bitpix		offset=72	value=8
hdr.hist.orient		offset=252	value=-1
dimensionality     4
dimensions       256       256       256         1
Reading: talsrcimg.img
Writing: talsrcimg.4dfp.img
Writing: talsrcimg.4dfp.ifh
ifh2hdr talsrcimg -r0to255
ori=2

---------------------------------------------------------------------
gauss_4dfp talsrcimg 1.1
---------------------------------------------------------------------

freesurfer gauss_4dfp.c
Reading: talsrcimg.4dfp.img
Writing: talsrcimg_g11.4dfp.img
image dimensions 256 256 256 padded to 288 288 288
processing volume 1freesurfer ifh2hdr.c
Sun Mar  8 17:34:43 2026
Writing: talsrcimg_g11.4dfp.hdr

Writing: talsrcimg_g11.4dfp.ifh
including: talsrcimg.4dfp.img.rec in talsrcimg_g11.4dfp.img.rec

---------------------------------------------------------------------
imgreg_4dfp /opt/freesurfer/average/711-2C_as_mni_average_305 none talsrcimg_g11 none talsrcimg_to_711-2C_as_mni_average_305_t4 4355
---------------------------------------------------------------------

freesurfer imgreg_4dfp.c
/opt/freesurfer/average/711-2C_as_mni_average_305.4dfp.img
       256       256       256         1
  1.000000  1.000000  1.000000
orientation T byte_order littleendian
Reading image: /opt/freesurfer/average/711-2C_as_mni_average_305.4dfp.img
dimensions:      256       256       256
mmppix:       1.0000   -1.0000   -1.0000
center:     128.0000 -129.0000 -129.0000
talsrcimg_g11.4dfp.img
       256       256       256         1
  1.000000  1.000000  1.000000
orientation T byte_order littleendian
Reading image: talsrcimg_g11.4dfp.img
dimensions:      256       256       256
mmppix:       1.0000   -1.0000   -1.0000
center:     128.0000 -129.0000 -129.0000
t4_read: open error in t4_sub.f l:  41 t4_file(1:l)talsrcimg_to_711-2C_as_mni_average_305_t4 
t4_read: transform initialized to I4
rotation matrix determinant  1.000000
image alignment mode   4355 decimal     1103 hex
   -7.5000  -45.0000  -45.0000 9495.5225   13.3442
    0.0000  -45.0000  -45.0000 9881.3701   13.3236
    7.5000  -45.0000  -45.0000 9357.1621   13.3126
   -7.5000  -37.5000  -45.0000 9886.1768   13.3506
    0.0000  -37.5000  -45.000010277.6162   13.3225
    7.5000  -37.5000  -45.0000 9735.9980   13.3137
   -7.5000  -30.0000  -45.000010586.1875   13.3492
    0.0000  -30.0000  -45.000011007.2881   13.3167
    7.5000  -30.0000  -45.000010418.7041   13.3080
   -7.5000  -22.5000  -45.000011286.7295   13.3406
    0.0000  -22.5000  -45.000011712.2061   13.3112
    7.5000  -22.5000  -45.000011075.4883   13.2996
   -7.5000  -15.0000  -45.000011915.7627   13.3342
    0.0000  -15.0000  -45.000012368.3457   13.3117
    7.5000  -15.0000  -45.000011690.5420   13.2967
   -7.5000   -7.5000  -45.000012418.4189   13.3365
    0.0000   -7.5000  -45.000012914.8291   13.3183
    7.5000   -7.5000  -45.000012201.7793   13.3040
   -7.5000    0.0000  -45.000012802.0049   13.3442
    0.0000    0.0000  -45.000013295.1348   13.3236
    7.5000    0.0000  -45.000012572.5332   13.3126
   -7.5000    7.5000  -45.000012196.5342   13.3506
    0.0000    7.5000  -45.000012680.0566   13.3225
    7.5000    7.5000  -45.000012006.0967   13.3137
   -7.5000   15.0000  -45.000011401.5420   13.3492
    0.0000   15.0000  -45.000011842.6270   13.3167
    7.5000   15.0000  -45.000011236.2188   13.3080
   -7.5000   22.5000  -45.000010421.3291   13.3388
    0.0000   22.5000  -45.000010819.8906   13.3094
    7.5000   22.5000  -45.000010281.2158   13.2978
   -7.5000   30.0000  -45.0000 9431.4248   13.1565
    0.0000   30.0000  -45.0000 9796.7109   13.1343
    7.5000   30.0000  -45.0000 9314.6826   13.1195
   -7.5000   37.5000  -45.0000 8838.9434   13.1603
    0.0000   37.5000  -45.0000 9196.2871   13.1424
    7.5000   37.5000  -45.0000 8715.4307   13.1283
   -7.5000   45.0000  -45.0000 7911.7305   12.8845
    0.0000   45.0000  -45.0000 8212.0469   12.8647
    7.5000   45.0000  -45.0000 7777.9243   12.8536
   -7.5000  -45.0000  -37.500010018.2773   13.2976
    0.0000  -45.0000  -37.500010422.0391   13.2795
    7.5000  -45.0000  -37.5000 9867.5859   13.2704
   -7.5000  -37.5000  -37.500010432.4609   13.3053
    0.0000  -37.5000  -37.500010859.1025   13.2786
    7.5000  -37.5000  -37.500010274.8994   13.2698
   -7.5000  -30.0000  -37.500011169.7441   13.3101
    0.0000  -30.0000  -37.500011622.9287   13.2786
    7.5000  -30.0000  -37.500011008.6182   13.2676
   -7.5000  -22.5000  -37.500011901.1406   13.3062
    0.0000  -22.5000  -37.500012352.2900   13.2783
    7.5000  -22.5000  -37.500011692.5391   13.2640
   -7.5000  -15.0000  -37.500012551.3145   13.2993
    0.0000  -15.0000  -37.500013017.7656   13.2797
    7.5000  -15.0000  -37.500012313.2764   13.2635
   -7.5000   -7.5000  -37.500013063.8184   13.2956
    0.0000   -7.5000  -37.500013570.7627   13.2809
    7.5000   -7.5000  -37.500012834.2021   13.2676
   -7.5000    0.0000  -37.500013470.1963   13.2976
    0.0000    0.0000  -37.500013981.6631   13.2795
    7.5000    0.0000  -37.500013227.0732   13.2704
   -7.5000    7.5000  -37.500012818.0918   13.3053
    0.0000    7.5000  -37.500013314.6816   13.2786
    7.5000    7.5000  -37.500012606.9580   13.2698
   -7.5000   15.0000  -37.500011975.5576   13.3101
    0.0000   15.0000  -37.500012448.0986   13.2786
    7.5000   15.0000  -37.500011784.3652   13.2676
   -7.5000   22.5000  -37.500010941.4541   13.3043
    0.0000   22.5000  -37.500011360.0547   13.2765
    7.5000   22.5000  -37.500010771.2861   13.2622
   -7.5000   30.0000  -37.5000 9878.3584   13.1221
    0.0000   30.0000  -37.500010234.7783   13.1027
    7.5000   30.0000  -37.5000 9720.9248   13.0867
   -7.5000   37.5000  -37.5000 9245.3838   13.1199
    0.0000   37.5000  -37.5000 9607.9785   13.1054
    7.5000   37.5000  -37.5000 9119.7314   13.0924
   -7.5000   45.0000  -37.5000 8260.7158   12.8386
    0.0000   45.0000  -37.5000 8580.8154   12.8215
    7.5000   45.0000  -37.5000 8120.9619   12.8124
   -7.5000  -45.0000  -30.000010682.0957   13.8693
    0.0000  -45.0000  -30.000011106.7344   13.8509
    7.5000  -45.0000  -30.000010517.5889   13.8444
   -7.5000  -37.5000  -30.000011140.8721   13.8799
    0.0000  -37.5000  -30.000011583.4678   13.8524
    7.5000  -37.5000  -30.000010971.7285   13.8454
   -7.5000  -30.0000  -30.000011924.8643   13.8902
    0.0000  -30.0000  -30.000012406.3506   13.8554
    7.5000  -30.0000  -30.000011739.4395   13.8448
   -7.5000  -22.5000  -30.000012673.6875   13.8881
    0.0000  -22.5000  -30.000013168.6660   13.8551
    7.5000  -22.5000  -30.000012430.6602   13.8409
   -7.5000  -15.0000  -30.000013373.1270   13.8781
    0.0000  -15.0000  -30.000013871.4434   13.8540
    7.5000  -15.0000  -30.000013102.9307   13.8392
   -7.5000   -7.5000  -30.000013937.7549   13.8696
    0.0000   -7.5000  -30.000014457.0352   13.8528
    7.5000   -7.5000  -30.000013643.6533   13.8421
   -7.5000    0.0000  -30.000014376.5977   13.8693
    0.0000    0.0000  -30.000014874.4092   13.8509
    7.5000    0.0000  -30.000014057.9727   13.8444
   -7.5000    7.5000  -30.000013631.8486   13.8799
    0.0000    7.5000  -30.000014115.5049   13.8524
    7.5000    7.5000  -30.000013357.6514   13.8454
   -7.5000   15.0000  -30.000012693.5547   13.8902
    0.0000   15.0000  -30.000013169.6445   13.8554
    7.5000   15.0000  -30.000012471.2314   13.8448
   -7.5000   22.5000  -30.000011569.3174   13.8848
    0.0000   22.5000  -30.000011987.3662   13.8518
    7.5000   22.5000  -30.000011365.1318   13.8375
   -7.5000   30.0000  -30.000010463.7305   13.6944
    0.0000   30.0000  -30.000010818.6074   13.6706
    7.5000   30.0000  -30.000010274.2246   13.6560
   -7.5000   37.5000  -30.0000 9782.8369   13.6876
    0.0000   37.5000  -30.000010147.0518   13.6710
    7.5000   37.5000  -30.0000 9620.8184   13.6604
   -7.5000   45.0000  -30.0000 8714.7100   13.3994
    0.0000   45.0000  -30.0000 9056.8740   13.3819
    7.5000   45.0000  -30.0000 8571.7549   13.3757
   -7.5000  -45.0000  -22.500011344.1660   14.3868
    0.0000  -45.0000  -22.500011770.0361   14.3652
    7.5000  -45.0000  -22.500011154.7822   14.3601
   -7.5000  -37.5000  -22.500011859.1543   14.3986
    0.0000  -37.5000  -22.500012319.9971   14.3684
    7.5000  -37.5000  -22.500011644.3398   14.3640
   -7.5000  -30.0000  -22.500012684.9121   14.4082
    0.0000  -30.0000  -22.500013193.3369   14.3688
    7.5000  -30.0000  -22.500012444.2021   14.3615
   -7.5000  -22.5000  -22.500013423.0146   14.4034
    0.0000  -22.5000  -22.500013953.3945   14.3637
    7.5000  -22.5000  -22.500013158.4033   14.3530
   -7.5000  -15.0000  -22.500014149.7100   14.3912
    0.0000  -15.0000  -22.500014703.6582   14.3596
    7.5000  -15.0000  -22.500013867.3691   14.3481
   -7.5000   -7.5000  -22.500014780.2451   14.3843
    0.0000   -7.5000  -22.500015345.2080   14.3615
    7.5000   -7.5000  -22.500014441.4912   14.3528
   -7.5000    0.0000  -22.500015241.1250   14.3868
    0.0000    0.0000  -22.500015759.2910   14.3652
    7.5000    0.0000  -22.500014836.4658   14.3601
   -7.5000    7.5000  -22.500014401.6250   14.3986
    0.0000    7.5000  -22.500014925.6484   14.3684
    7.5000    7.5000  -22.500014085.9990   14.3640
   -7.5000   15.0000  -22.500013386.1084   14.4082
    0.0000   15.0000  -22.500013870.8252   14.3688
    7.5000   15.0000  -22.500013129.4814   14.3615
   -7.5000   22.5000  -22.500012203.2725   14.3990
    0.0000   22.5000  -22.500012648.7275   14.3593
    7.5000   22.5000  -22.500011979.2246   14.3486
   -7.5000   30.0000  -22.500011043.2354   14.2030
    0.0000   30.0000  -22.500011404.0107   14.1718
    7.5000   30.0000  -22.500010811.6152   14.1604
   -7.5000   37.5000  -22.500010338.2285   14.1977
    0.0000   37.5000  -22.500010690.7998   14.1751
    7.5000   37.5000  -22.500010125.4756   14.1665
   -7.5000   45.0000  -22.5000 9199.7812   13.9095
    0.0000   45.0000  -22.5000 9543.0752   13.8884
    7.5000   45.0000  -22.5000 9016.8818   13.8836
   -7.5000  -45.0000  -15.000011981.7227   14.7603
    0.0000  -45.0000  -15.000012423.7559   14.7338
    7.5000  -45.0000  -15.000011773.8867   14.7271
   -7.5000  -37.5000  -15.000012541.6035   14.7709
    0.0000  -37.5000  -15.000013012.3945   14.7373
    7.5000  -37.5000  -15.000012295.9365   14.7333
   -7.5000  -30.0000  -15.000013426.4287   14.7748
    0.0000  -30.0000  -15.000013944.2939   14.7325
    7.5000  -30.0000  -15.000013159.0264   14.7284
   -7.5000  -22.5000  -15.000014151.8438   14.7654
    0.0000  -22.5000  -15.000014732.4531   14.7223
    7.5000  -22.5000  -15.000013886.8486   14.7150
   -7.5000  -15.0000  -15.000014899.4609   14.7533
    0.0000  -15.0000  -15.000015461.9648   14.7168
    7.5000  -15.0000  -15.000014591.6689   14.7071
   -7.5000   -7.5000  -15.000015613.0605   14.7520
    0.0000   -7.5000  -15.000016162.9062   14.7235
    7.5000   -7.5000  -15.000015208.3779   14.7142
   -7.5000    0.0000  -15.000016089.2344   14.7603
    0.0000    0.0000  -15.000016627.7793   14.7338
    7.5000    0.0000  -15.000015627.6660   14.7271
   -7.5000    7.5000  -15.000015200.2676   14.7709
    0.0000    7.5000  -15.000015714.0840   14.7373
    7.5000    7.5000  -15.000014817.0244   14.7333
   -7.5000   15.0000  -15.000014088.0088   14.7748
    0.0000   15.0000  -15.000014578.9580   14.7325
    7.5000   15.0000  -15.000013781.8271   14.7284
   -7.5000   22.5000  -15.000012859.4609   14.7602
    0.0000   22.5000  -15.000013328.0156   14.7170
    7.5000   22.5000  -15.000012587.5889   14.7098
   -7.5000   30.0000  -15.000011635.1484   14.5624
    0.0000   30.0000  -15.000012059.4893   14.5263
    7.5000   30.0000  -15.000011381.3730   14.5168
   -7.5000   37.5000  -15.000010886.5166   14.5627
    0.0000   37.5000  -15.000011286.6982   14.5345
    7.5000   37.5000  -15.000010651.5732   14.5253
   -7.5000   45.0000  -15.0000 9680.5469   14.2799
    0.0000   45.0000  -15.000010046.8623   14.2539
    7.5000   45.0000  -15.0000 9461.5820   14.2473
   -7.5000  -45.0000   -7.500012581.4355   14.9146
    0.0000  -45.0000   -7.500013065.3604   14.8878
    7.5000  -45.0000   -7.500012375.0186   14.8775
   -7.5000  -37.5000   -7.500013196.4961   14.9234
    0.0000  -37.5000   -7.500013693.5352   14.8895
    7.5000  -37.5000   -7.500012920.6992   14.8826
   -7.5000  -30.0000   -7.500014232.0205   14.9220
    0.0000  -30.0000   -7.500014783.8535   14.8815
    7.5000  -30.0000   -7.500013896.1777   14.8758
   -7.5000  -22.5000   -7.500015107.0186   14.9102
    0.0000  -22.5000   -7.500015667.9736   14.8705
    7.5000  -22.5000   -7.500014749.5605   14.8619
   -7.5000  -15.0000   -7.500015845.3584   14.9002
    0.0000  -15.0000   -7.500016381.5557   14.8669
    7.5000  -15.0000   -7.500015453.0000   14.8545
   -7.5000   -7.5000   -7.500016568.5293   14.9033
    0.0000   -7.5000   -7.500017071.0508   14.8763
    7.5000   -7.5000   -7.500016050.0469   14.8632
   -7.5000    0.0000   -7.500017027.7207   14.9146
    0.0000    0.0000   -7.500017552.2383   14.8878
    7.5000    0.0000   -7.500016443.5195   14.8775
   -7.5000    7.5000   -7.500016059.8486   14.9234
    0.0000    7.5000   -7.500016585.5586   14.8895
    7.5000    7.5000   -7.500015530.2607   14.8826
   -7.5000   15.0000   -7.500014871.3535   14.9220
    0.0000   15.0000   -7.500015374.2539   14.8815
    7.5000   15.0000   -7.500014417.5400   14.8758
   -7.5000   22.5000   -7.500013578.9893   14.9033
    0.0000   22.5000   -7.500014064.9746   14.8636
    7.5000   22.5000   -7.500013208.0059   14.8550
   -7.5000   30.0000   -7.500012298.7842   14.7070
    0.0000   30.0000   -7.500012756.8203   14.6741
    7.5000   30.0000   -7.500011984.5371   14.6619
   -7.5000   37.5000   -7.500011503.4688   14.7117
    0.0000   37.5000   -7.500011935.6387   14.6850
    7.5000   37.5000   -7.500011225.6289   14.6721
   -7.5000   45.0000   -7.500010241.1074   14.4332
    0.0000   45.0000   -7.500010606.3906   14.4069
    7.5000   45.0000   -7.5000 9972.2676   14.3965
   -7.5000  -45.0000    0.000013133.5771   14.9038
    0.0000  -45.0000    0.000013603.8242   14.8806
    7.5000  -45.0000    0.000012913.5928   14.8685
   -7.5000  -37.5000    0.000013711.3408   14.9111
    0.0000  -37.5000    0.000014225.7373   14.8795
    7.5000  -37.5000    0.000013465.6982   14.8697
   -7.5000  -30.0000    0.000014937.0850   14.9100
    0.0000  -30.0000    0.000015546.8252   14.8735
    7.5000  -30.0000    0.000014514.5156   14.8636
   -7.5000  -22.5000    0.000016167.5254   14.9006
    0.0000  -22.5000    0.000016842.0645   14.8676
    7.5000  -22.5000    0.000015581.3652   14.8545
   -7.5000  -15.0000    0.000017057.7266   14.8933
    0.0000  -15.0000    0.000017690.8125   14.8681
    7.5000  -15.0000    0.000016398.4238   14.8513
   -7.5000   -7.5000    0.000017630.1309   14.8954
    0.0000   -7.5000    0.000018225.6055   14.8751
    7.5000   -7.5000    0.000016941.9980   14.8591
   -7.5000    0.0000    0.000017926.4316   14.9038
    0.0000    0.0000    0.000018489.0293   14.8806
    7.5000    0.0000    0.000017249.5234   14.8685
   -7.5000    7.5000    0.000016847.3027   14.9111
    0.0000    7.5000    0.000017359.2793   14.8795
    7.5000    7.5000    0.000016207.7139   14.8697
   -7.5000   15.0000    0.000015579.0273   14.9100
    0.0000   15.0000    0.000016064.7217   14.8735
    7.5000   15.0000    0.000015035.1904   14.8636
   -7.5000   22.5000    0.000014230.5557   14.8937
    0.0000   22.5000    0.000014707.1143   14.8607
    7.5000   22.5000    0.000013785.9004   14.8476
   -7.5000   30.0000    0.000012887.9395   14.7006
    0.0000   30.0000    0.000013335.8613   14.6757
    7.5000   30.0000    0.000012530.5967   14.6591
   -7.5000   37.5000    0.000012044.6963   14.7043
    0.0000   37.5000    0.000012447.2314   14.6843
    7.5000   37.5000    0.000011719.7383   14.6686
   -7.5000   45.0000    0.000010694.6699   14.4242
    0.0000   45.0000    0.000011071.9404   14.4018
    7.5000   45.0000    0.000010398.3135   14.3895
   -7.5000  -45.0000    7.500012740.3545   14.8803
    0.0000  -45.0000    7.500013200.5410   14.8601
    7.5000  -45.0000    7.500012444.9404   14.8499
   -7.5000  -37.5000    7.500013320.1738   14.8889
    0.0000  -37.5000    7.500013779.5693   14.8591
    7.5000  -37.5000    7.500012985.8037   14.8492
   -7.5000  -30.0000    7.500014501.9297   14.8944
    0.0000  -30.0000    7.500015022.4736   14.8591
    7.5000  -30.0000    7.500013984.8057   14.8468
   -7.5000  -22.5000    7.500015645.8086   14.8899
    0.0000  -22.5000    7.500016243.8877   14.8588
    7.5000  -22.5000    7.500014981.3203   14.8427
   -7.5000  -15.0000    7.500016422.3027   14.8823
    0.0000  -15.0000    7.500017043.4238   14.8603
    7.5000  -15.0000    7.500015812.5498   14.8422
   -7.5000   -7.5000    7.500016926.9102   14.8781
    0.0000   -7.5000    7.500017528.9492   14.8617
    7.5000   -7.5000    7.500016359.8857   14.8468
   -7.5000    0.0000    7.500017271.3594   14.8803
    0.0000    0.0000    7.500017805.7539   14.8601
    7.5000    0.0000    7.500016664.6387   14.8499
   -7.5000    7.5000    7.500016206.4180   14.8889
    0.0000    7.5000    7.500016694.9883   14.8591
    7.5000    7.5000    7.500015650.8076   14.8492
   -7.5000   15.0000    7.500014941.9053   14.8944
    0.0000   15.0000    7.500015405.3457   14.8591
    7.5000   15.0000    7.500014468.2207   14.8468
   -7.5000   22.5000    7.500013653.6826   14.8831
    0.0000   22.5000    7.500014075.9434   14.8519
    7.5000   22.5000    7.500013224.2197   14.8359
   -7.5000   30.0000    7.500012386.5000   14.6897
    0.0000   30.0000    7.500012779.7822   14.6680
    7.5000   30.0000    7.500012007.2168   14.6501
   -7.5000   37.5000    7.500011594.6309   14.6873
    0.0000   37.5000    7.500011950.1680   14.6710
    7.5000   37.5000    7.500011253.5889   14.6564
   -7.5000   45.0000    7.500010298.5547   14.4006
    0.0000   45.0000    7.500010645.9551   14.3814
    7.5000   45.0000    7.500010011.9209   14.3712
   -7.5000  -45.0000   15.000012141.0508   14.8933
    0.0000  -45.0000   15.000012549.0303   14.8736
    7.5000  -45.0000   15.000011838.6963   14.8667
   -7.5000  -37.5000   15.000012663.7139   14.9047
    0.0000  -37.5000   15.000013072.6943   14.8752
    7.5000  -37.5000   15.000012361.2539   14.8677
   -7.5000  -30.0000   15.000013720.0723   14.9158
    0.0000  -30.0000   15.000014172.6953   14.8785
    7.5000  -30.0000   15.000013279.1738   14.8670
   -7.5000  -22.5000   15.000014606.1777   14.9135
    0.0000  -22.5000   15.000015115.2959   14.8781
    7.5000  -22.5000   15.000014169.1484   14.8628
   -7.5000  -15.0000   15.000015264.6748   14.9028
    0.0000  -15.0000   15.000015787.6289   14.8769
    7.5000  -15.0000   15.000014926.2451   14.8610
   -7.5000   -7.5000   15.000015860.3359   14.8937
    0.0000   -7.5000   15.000016362.7520   14.8756
    7.5000   -7.5000   15.000015506.5127   14.8642
   -7.5000    0.0000   15.000016344.1650   14.8933
    0.0000    0.0000   15.000016791.5469   14.8736
    7.5000    0.0000   15.000015882.3281   14.8667
   -7.5000    7.5000   15.000015384.3809   14.9047
    0.0000    7.5000   15.000015807.6680   14.8752
    7.5000    7.5000   15.000014930.1611   14.8677
   -7.5000   15.0000   15.000014191.4287   14.9158
    0.0000   15.0000   15.000014593.6699   14.8785
    7.5000   15.0000   15.000013784.6992   14.8670
   -7.5000   22.5000   15.000012967.9629   14.9067
    0.0000   22.5000   15.000013339.7109   14.8713
    7.5000   22.5000   15.000012564.3867   14.8560
   -7.5000   30.0000   15.000011764.8945   14.7099
    0.0000   30.0000   15.000012117.2773   14.6843
    7.5000   30.0000   15.000011391.5225   14.6687
   -7.5000   37.5000   15.000011004.1602   14.7026
    0.0000   37.5000   15.000011364.2451   14.6847
    7.5000   37.5000   15.000010661.8213   14.6734
   -7.5000   45.0000   15.0000 9768.9844   14.4121
    0.0000   45.0000   15.000010110.2998   14.3932
    7.5000   45.0000   15.0000 9478.7695   14.3866
   -7.5000  -45.0000   22.500011313.1689   14.9945
    0.0000  -45.0000   22.500011725.7012   14.9716
    7.5000  -45.0000   22.500011088.2666   14.9663
   -7.5000  -37.5000   22.500011815.7393   15.0068
    0.0000  -37.5000   22.500012225.7314   14.9751
    7.5000  -37.5000   22.500011564.2314   14.9703
   -7.5000  -30.0000   22.500012768.2314   15.0170
    0.0000  -30.0000   22.500013253.4316   14.9757
    7.5000  -30.0000   22.500012474.3867   14.9678
   -7.5000  -22.5000   22.500013526.7539   15.0121
    0.0000  -22.5000   22.500014030.9336   14.9705
    7.5000  -22.5000   22.500013293.1895   14.9591
   -7.5000  -15.0000   22.500014157.8008   14.9993
    0.0000  -15.0000   22.500014676.6875   14.9663
    7.5000  -15.0000   22.500013980.4160   14.9540
   -7.5000   -7.5000   22.500014816.9346   14.9919
    0.0000   -7.5000   22.500015341.3389   14.9680
    7.5000   -7.5000   22.500014570.1270   14.9588
   -7.5000    0.0000   22.500015295.3340   14.9945
    0.0000    0.0000   22.500015786.0234   14.9716
    7.5000    0.0000   22.500014963.3857   14.9663
   -7.5000    7.5000   22.500014409.5879   15.0068
    0.0000    7.5000   22.500014852.3164   14.9751
    7.5000    7.5000   22.500014064.2217   14.9703
   -7.5000   15.0000   22.500013312.1445   15.0170
    0.0000   15.0000   22.500013700.4023   14.9757
    7.5000   15.0000   22.500012971.1836   14.9678
   -7.5000   22.5000   22.500012158.3438   15.0052
    0.0000   22.5000   22.500012508.4072   14.9636
    7.5000   22.5000   22.500011825.7637   14.9522
   -7.5000   30.0000   22.500011027.1904   14.8052
    0.0000   30.0000   22.500011366.3086   14.7726
    7.5000   30.0000   22.500010719.3672   14.7604
   -7.5000   37.5000   22.500010294.4209   14.7995
    0.0000   37.5000   22.500010627.5488   14.7759
    7.5000   37.5000   22.500010011.2002   14.7667
   -7.5000   45.0000   22.5000 9136.7900   14.5098
    0.0000   45.0000   22.5000 9451.1611   14.4876
    7.5000   45.0000   22.5000 8883.4707   14.4824
   -7.5000  -45.0000   30.000010464.7080   15.1969
    0.0000  -45.0000   30.000010866.7471   15.1697
    7.5000  -45.0000   30.000010270.3643   15.1624
   -7.5000  -37.5000   30.000010969.2578   15.2072
    0.0000  -37.5000   30.000011375.7725   15.1726
    7.5000  -37.5000   30.000010752.4141   15.1679
   -7.5000  -30.0000   30.000011803.3135   15.2109
    0.0000  -30.0000   30.000012269.3750   15.1670
    7.5000  -30.0000   30.000011606.0234   15.1616
   -7.5000  -22.5000   30.000012490.3848   15.2016
    0.0000  -22.5000   30.000012941.4443   15.1564
    7.5000  -22.5000   30.000012310.0029   15.1476
   -7.5000  -15.0000   30.000013094.8555   15.1898
    0.0000  -15.0000   30.000013565.3027   15.1513
    7.5000  -15.0000   30.000012927.0010   15.1400
   -7.5000   -7.5000   30.000013708.8105   15.1888
    0.0000   -7.5000   30.000014222.8789   15.1590
    7.5000   -7.5000   30.000013524.6504   15.1486
   -7.5000    0.0000   30.000014141.3145   15.1969
    0.0000    0.0000   30.000014634.4375   15.1697
    7.5000    0.0000   30.000013916.4854   15.1624
   -7.5000    7.5000   30.000013347.7744   15.2072
    0.0000    7.5000   30.000013798.2852   15.1726
    7.5000    7.5000   30.000013087.0654   15.1679
   -7.5000   15.0000   30.000012335.5176   15.2109
    0.0000   15.0000   30.000012735.3838   15.1670
    7.5000   15.0000   30.000012064.9248   15.1616
   -7.5000   22.5000   30.000011286.8984   15.1946
    0.0000   22.5000   30.000011649.4424   15.1494
    7.5000   22.5000   30.000011020.7529   15.1406
   -7.5000   30.0000   30.000010253.0322   14.9932
    0.0000   30.0000   30.000010592.5801   14.9552
    7.5000   30.0000   30.000010002.2334   14.9441
   -7.5000   37.5000   30.0000 9532.1426   14.9939
    0.0000   37.5000   30.0000 9849.7666   14.9645
    7.5000   37.5000   30.0000 9306.7930   14.9541
   -7.5000   45.0000   30.0000 8413.0215   14.7071
    0.0000   45.0000   30.0000 8686.4160   14.6804
    7.5000   45.0000   30.0000 8216.8428   14.6731
   -7.5000  -45.0000   37.500010060.7129   15.5394
    0.0000  -45.0000   37.500010448.5957   15.5109
    7.5000  -45.0000   37.5000 9863.6152   15.4983
   -7.5000  -37.5000   37.500010543.2100   15.5466
    0.0000  -37.5000   37.500010960.4385   15.5105
    7.5000  -37.5000   37.500010344.3203   15.5021
   -7.5000  -30.0000   37.500011319.8340   15.5431
    0.0000  -30.0000   37.500011785.6709   15.5007
    7.5000  -30.0000   37.500011156.3291   15.4941
   -7.5000  -22.5000   37.500011980.9131   15.5308
    0.0000  -22.5000   37.500012453.6826   15.4900
    7.5000  -22.5000   37.500011838.3955   15.4803
   -7.5000  -15.0000   37.500012568.3848   15.5223
    0.0000  -15.0000   37.500013039.4014   15.4884
    7.5000  -15.0000   37.500012422.1191   15.4742
   -7.5000   -7.5000   37.500013139.0527   15.5274
    0.0000   -7.5000   37.500013633.3232   15.4995
    7.5000   -7.5000   37.500012970.9443   15.4841
   -7.5000    0.0000   37.500013558.0508   15.5394
    0.0000    0.0000   37.500014054.0273   15.5109
    7.5000    0.0000   37.500013376.9531   15.4983
   -7.5000    7.5000   37.500012811.6943   15.5466
    0.0000    7.5000   37.500013279.9082   15.5105
    7.5000    7.5000   37.500012619.0205   15.5021
   -7.5000   15.0000   37.500011879.0996   15.5431
    0.0000   15.0000   37.500012301.8359   15.5007
    7.5000   15.0000   37.500011654.4824   15.4941
   -7.5000   22.5000   37.500010887.7598   15.5237
    0.0000   22.5000   37.500011257.4453   15.4829
    7.5000   22.5000   37.500010649.8770   15.4732
   -7.5000   30.0000   37.5000 9865.6396   15.3214
    0.0000   30.0000   37.500010219.3682   15.2880
    7.5000   30.0000   37.5000 9661.1553   15.2739
   -7.5000   37.5000   37.5000 9152.2529   15.3283
    0.0000   37.5000   37.5000 9490.3564   15.3007
    7.5000   37.5000   37.5000 8962.5508   15.2855
   -7.5000   45.0000   37.5000 8062.5459   15.0405
    0.0000   45.0000   37.5000 8356.7939   15.0126
    7.5000   45.0000   37.5000 7912.7798   14.9999
   -7.5000  -45.0000   45.0000 9246.6182   15.9129
    0.0000  -45.0000   45.0000 9601.5098   15.8853
    7.5000  -45.0000   45.0000 9057.1494   15.8691
   -7.5000  -37.5000   45.0000 9677.5693   15.9200
    0.0000  -37.5000   45.000010059.4648   15.8829
    7.5000  -37.5000   45.0000 9505.0283   15.8694
   -7.5000  -30.0000   45.000010380.5332   15.9134
    0.0000  -30.0000   45.000010806.3652   15.8723
    7.5000  -30.0000   45.000010242.7676   15.8603
   -7.5000  -22.5000   45.000010997.5566   15.8984
    0.0000  -22.5000   45.000011439.9863   15.8628
    7.5000  -22.5000   45.000010856.7646   15.8485
   -7.5000  -15.0000   45.000011555.5215   15.8909
    0.0000  -15.0000   45.000012006.1025   15.8642
    7.5000  -15.0000   45.000011400.7617   15.8457
   -7.5000   -7.5000   45.000012077.9062   15.8990
    0.0000   -7.5000   45.000012544.3145   15.8761
    7.5000   -7.5000   45.000011916.2754   15.8571
   -7.5000    0.0000   45.000012445.1426   15.9129
    0.0000    0.0000   45.000012919.1904   15.8853
    7.5000    0.0000   45.000012307.8359   15.8691
   -7.5000    7.5000   45.000011798.5957   15.9200
    0.0000    7.5000   45.000012235.2461   15.8829
    7.5000    7.5000   45.000011642.9072   15.8694
   -7.5000   15.0000   45.000010941.9854   15.9134
    0.0000   15.0000   45.000011348.2178   15.8723
    7.5000   15.0000   45.000010754.1436   15.8603
   -7.5000   22.5000   45.000010018.7041   15.8910
    0.0000   22.5000   45.000010384.8213   15.8554
    7.5000   22.5000   45.0000 9836.3516   15.8411
   -7.5000   30.0000   45.0000 9079.6738   15.6839
    0.0000   30.0000   45.0000 9401.0312   15.6575
    7.5000   30.0000   45.0000 8911.7920   15.6392
   -7.5000   37.5000   45.0000 8444.5156   15.6926
    0.0000   37.5000   45.0000 8740.7012   15.6701
    7.5000   37.5000   45.0000 8285.5918   15.6513
   -7.5000   45.0000   45.0000 7451.3047   15.3958
    0.0000   45.0000   45.0000 7715.6035   15.3691
    7.5000   45.0000   45.0000 7331.6426   15.3529

---------------------------------------------------------------------
imgreg_4dfp /opt/freesurfer/average/711-2C_as_mni_average_305 /opt/freesurfer/average/711-2B_as_mni_average_305_mask talsrcimg_g11 none talsrcimg_to_711-2C_as_mni_average_305_t4 4355
---------------------------------------------------------------------

freesurfer imgreg_4dfp.c
/opt/freesurfer/average/711-2C_as_mni_average_305.4dfp.img
       256       256       256         1
  1.000000  1.000000  1.000000
orientation T byte_order littleendian
Reading image: /opt/freesurfer/average/711-2C_as_mni_average_305.4dfp.img
dimensions:      256       256       256
mmppix:       1.0000   -1.0000   -1.0000
center:     128.0000 -129.0000 -129.0000
/opt/freesurfer/average/711-2B_as_mni_average_305_mask.4dfp.img
       256       256       256         1
  1.000000  1.000000  1.000000
orientation T byte_order littleendian
Reading mask: /opt/freesurfer/average/711-2B_as_mni_average_305_mask.4dfp.img (2306576 pixels)
talsrcimg_g11.4dfp.img
       256       256       256         1
  1.000000  1.000000  1.000000
orientation T byte_order littleendian
Reading image: talsrcimg_g11.4dfp.img
dimensions:      256       256       256
mmppix:       1.0000   -1.0000   -1.0000
center:     128.0000 -129.0000 -129.0000
rotation matrix determinant  1.000000
image alignment mode   4355 decimal     1103 hex
   -7.5000  -45.0000  -45.0000 2370.5505   12.6387
    0.0000  -45.0000  -45.0000 2380.5457   12.5950
    7.5000  -45.0000  -45.0000 2358.3911   12.7141
   -7.5000  -37.5000  -45.0000 2418.8772   11.9886
    0.0000  -37.5000  -45.0000 2424.4304   11.9549
    7.5000  -37.5000  -45.0000 2402.0610   12.0856
   -7.5000  -30.0000  -45.0000 2435.2839   11.5973
    0.0000  -30.0000  -45.0000 2447.5583   11.5578
    7.5000  -30.0000  -45.0000 2421.0471   11.7194
   -7.5000  -22.5000  -45.0000 2447.5417   11.4044
    0.0000  -22.5000  -45.0000 2456.3896   11.3687
    7.5000  -22.5000  -45.0000 2433.0452   11.5183
   -7.5000  -15.0000  -45.0000 2440.7949   11.4330
    0.0000  -15.0000  -45.0000 2452.5317   11.3705
    7.5000  -15.0000  -45.0000 2423.8269   11.5352
   -7.5000   -7.5000  -45.0000 2414.8564   11.7142
    0.0000   -7.5000  -45.0000 2432.5134   11.6734
    7.5000   -7.5000  -45.0000 2401.9675   11.8313
   -7.5000    0.0000  -45.0000 2373.1824   12.2193
    0.0000    0.0000  -45.0000 2387.3484   12.1647
    7.5000    0.0000  -45.0000 2356.9358   12.3294
   -7.5000    7.5000  -45.0000 2317.5586   12.8948
    0.0000    7.5000  -45.0000 2331.6021   12.8513
    7.5000    7.5000  -45.0000 2297.8281   13.0407
   -7.5000   15.0000  -45.0000 2235.7749   13.8095
    0.0000   15.0000  -45.0000 2251.0073   13.7633
    7.5000   15.0000  -45.0000 2219.7100   13.9662
   -7.5000   22.5000  -45.0000 2136.9990   15.0685
    0.0000   22.5000  -45.0000 2145.5042   15.0271
    7.5000   22.5000  -45.0000 2117.3867   15.2513
   -7.5000   30.0000  -45.0000 2014.6116   16.8453
    0.0000   30.0000  -45.0000 2025.5775   16.7897
    7.5000   30.0000  -45.0000 2000.7721   17.0037
   -7.5000   37.5000  -45.0000 1892.6494   19.2347
    0.0000   37.5000  -45.0000 1901.6036   19.1666
    7.5000   37.5000  -45.0000 1874.3883   19.4097
   -7.5000   45.0000  -45.0000 1758.7277   22.3009
    0.0000   45.0000  -45.0000 1763.5820   22.2792
    7.5000   45.0000  -45.0000 1739.9323   22.5886
   -7.5000  -45.0000  -37.5000 2452.4163   11.8332
    0.0000  -45.0000  -37.5000 2462.3691   11.8006
    7.5000  -45.0000  -37.5000 2443.1736   11.8998
   -7.5000  -37.5000  -37.5000 2508.2773   11.1664
    0.0000  -37.5000  -37.5000 2516.7627   11.1386
    7.5000  -37.5000  -37.5000 2493.3521   11.2448
   -7.5000  -30.0000  -37.5000 2536.8643   10.7545
    0.0000  -30.0000  -37.5000 2544.4961   10.7264
    7.5000  -30.0000  -37.5000 2520.5393   10.8794
   -7.5000  -22.5000  -37.5000 2550.2822   10.5888
    0.0000  -22.5000  -37.5000 2557.0234   10.5731
    7.5000  -22.5000  -37.5000 2534.4260   10.7087
   -7.5000  -15.0000  -37.5000 2545.6929   10.6234
    0.0000  -15.0000  -37.5000 2550.3301   10.5945
    7.5000  -15.0000  -37.5000 2524.4351   10.7436
   -7.5000   -7.5000  -37.5000 2519.6814   10.8750
    0.0000   -7.5000  -37.5000 2532.3113   10.8344
    7.5000   -7.5000  -37.5000 2500.9824   10.9896
   -7.5000    0.0000  -37.5000 2476.9988   11.2893
    0.0000    0.0000  -37.5000 2491.5881   11.2523
    7.5000    0.0000  -37.5000 2461.3025   11.4169
   -7.5000    7.5000  -37.5000 2416.8477   11.9095
    0.0000    7.5000  -37.5000 2430.5564   11.8725
    7.5000    7.5000  -37.5000 2399.1831   12.0701
   -7.5000   15.0000  -37.5000 2332.7097   12.7738
    0.0000   15.0000  -37.5000 2344.4146   12.7192
    7.5000   15.0000  -37.5000 2310.8523   12.9240
   -7.5000   22.5000  -37.5000 2223.9841   13.9254
    0.0000   22.5000  -37.5000 2233.7686   13.9000
    7.5000   22.5000  -37.5000 2203.2910   14.1040
   -7.5000   30.0000  -37.5000 2097.9956   15.5397
    0.0000   30.0000  -37.5000 2102.8389   15.4879
    7.5000   30.0000  -37.5000 2076.5710   15.6781
   -7.5000   37.5000  -37.5000 1966.4053   17.6756
    0.0000   37.5000  -37.5000 1976.2754   17.6618
    7.5000   37.5000  -37.5000 1949.4003   17.8454
   -7.5000   45.0000  -37.5000 1832.9015   20.4692
    0.0000   45.0000  -37.5000 1836.2172   20.4673
    7.5000   45.0000  -37.5000 1809.0126   20.7753
   -7.5000  -45.0000  -30.0000 2565.8840   11.5204
    0.0000  -45.0000  -30.0000 2574.5803   11.4639
    7.5000  -45.0000  -30.0000 2553.9707   11.5711
   -7.5000  -37.5000  -30.0000 2632.6646   10.8389
    0.0000  -37.5000  -30.0000 2644.4482   10.8093
    7.5000  -37.5000  -30.0000 2623.6987   10.9203
   -7.5000  -30.0000  -30.0000 2672.2800   10.4017
    0.0000  -30.0000  -30.0000 2684.4294   10.3852
    7.5000  -30.0000  -30.0000 2658.9277   10.5012
   -7.5000  -22.5000  -30.0000 2696.6648   10.2096
    0.0000  -22.5000  -30.0000 2703.3867   10.1816
    7.5000  -22.5000  -30.0000 2674.6545   10.3030
   -7.5000  -15.0000  -30.0000 2695.8472   10.2301
    0.0000  -15.0000  -30.0000 2697.8853   10.2119
    7.5000  -15.0000  -30.0000 2669.1616   10.3427
   -7.5000   -7.5000  -30.0000 2674.4080   10.4710
    0.0000   -7.5000  -30.0000 2683.0652   10.4490
    7.5000   -7.5000  -30.0000 2647.2974   10.5905
   -7.5000    0.0000  -30.0000 2630.7903   10.8922
    0.0000    0.0000  -30.0000 2642.0144   10.8512
    7.5000    0.0000  -30.0000 2606.4192   11.0126
   -7.5000    7.5000  -30.0000 2561.1638   11.4818
    0.0000    7.5000  -30.0000 2572.4641   11.4248
    7.5000    7.5000  -30.0000 2538.8162   11.6171
   -7.5000   15.0000  -30.0000 2464.5884   12.3250
    0.0000   15.0000  -30.0000 2476.9260   12.2522
    7.5000   15.0000  -30.0000 2441.1382   12.4668
   -7.5000   22.5000  -30.0000 2345.3027   13.4378
    0.0000   22.5000  -30.0000 2351.1931   13.4072
    7.5000   22.5000  -30.0000 2322.0281   13.6061
   -7.5000   30.0000  -30.0000 2213.9314   14.9930
    0.0000   30.0000  -30.0000 2218.3584   14.9200
    7.5000   30.0000  -30.0000 2188.5232   15.1110
   -7.5000   37.5000  -30.0000 2068.6824   16.9826
    0.0000   37.5000  -30.0000 2077.5415   16.9971
    7.5000   37.5000  -30.0000 2047.8425   17.1544
   -7.5000   45.0000  -30.0000 1922.3097   19.7210
    0.0000   45.0000  -30.0000 1926.9724   19.7117
    7.5000   45.0000  -30.0000 1895.8811   19.9375
   -7.5000  -45.0000  -22.5000 2641.6714   11.1990
    0.0000  -45.0000  -22.5000 2650.3196   11.1276
    7.5000  -45.0000  -22.5000 2631.9111   11.2723
   -7.5000  -37.5000  -22.5000 2721.7058   10.5033
    0.0000  -37.5000  -22.5000 2737.2239   10.4413
    7.5000  -37.5000  -22.5000 2710.9109   10.5733
   -7.5000  -30.0000  -22.5000 2774.3975   10.0321
    0.0000  -30.0000  -22.5000 2787.7354    9.9880
    7.5000  -30.0000  -22.5000 2756.3259   10.1239
   -7.5000  -22.5000  -22.5000 2805.0662    9.7721
    0.0000  -22.5000  -22.5000 2817.8994    9.7454
    7.5000  -22.5000  -22.5000 2781.3184    9.8833
   -7.5000  -15.0000  -22.5000 2815.4443    9.7809
    0.0000  -15.0000  -22.5000 2822.5046    9.7462
    7.5000  -15.0000  -22.5000 2786.2188    9.8853
   -7.5000   -7.5000  -22.5000 2796.8794   10.0145
    0.0000   -7.5000  -22.5000 2807.2930    9.9845
    7.5000   -7.5000  -22.5000 2768.3735   10.1238
   -7.5000    0.0000  -22.5000 2748.3079   10.4353
    0.0000    0.0000  -22.5000 2758.3503   10.3828
    7.5000    0.0000  -22.5000 2714.8005   10.5430
   -7.5000    7.5000  -22.5000 2670.6919   11.0329
    0.0000    7.5000  -22.5000 2682.4241   10.9662
    7.5000    7.5000  -22.5000 2644.7590   11.1417
   -7.5000   15.0000  -22.5000 2570.4128   11.8383
    0.0000   15.0000  -22.5000 2576.8086   11.7808
    7.5000   15.0000  -22.5000 2539.9600   11.9842
   -7.5000   22.5000  -22.5000 2441.4377   12.9350
    0.0000   22.5000  -22.5000 2448.5728   12.8725
    7.5000   22.5000  -22.5000 2413.9167   13.0816
   -7.5000   30.0000  -22.5000 2300.2471   14.3964
    0.0000   30.0000  -22.5000 2302.6865   14.3259
    7.5000   30.0000  -22.5000 2272.4443   14.5412
   -7.5000   37.5000  -22.5000 2153.0581   16.3012
    0.0000   37.5000  -22.5000 2151.3625   16.2819
    7.5000   37.5000  -22.5000 2121.9988   16.4967
   -7.5000   45.0000  -22.5000 1993.6503   18.8989
    0.0000   45.0000  -22.5000 1993.7448   18.8629
    7.5000   45.0000  -22.5000 1960.8645   19.1134
   -7.5000  -45.0000  -15.0000 2678.8977   10.9081
    0.0000  -45.0000  -15.0000 2694.5376   10.8143
    7.5000  -45.0000  -15.0000 2671.1562   10.9843
   -7.5000  -37.5000  -15.0000 2768.5137   10.2138
    0.0000  -37.5000  -15.0000 2789.3406   10.1206
    7.5000  -37.5000  -15.0000 2758.0073   10.2640
   -7.5000  -30.0000  -15.0000 2831.2800    9.6931
    0.0000  -30.0000  -15.0000 2853.5984    9.6299
    7.5000  -30.0000  -15.0000 2821.6240    9.7906
   -7.5000  -22.5000  -15.0000 2875.6643    9.3771
    0.0000  -22.5000  -15.0000 2898.8086    9.3273
    7.5000  -22.5000  -15.0000 2849.8721    9.5081
   -7.5000  -15.0000  -15.0000 2894.0457    9.3330
    0.0000  -15.0000  -15.0000 2906.1589    9.2972
    7.5000  -15.0000  -15.0000 2855.5950    9.4796
   -7.5000   -7.5000  -15.0000 2882.2336    9.5645
    0.0000   -7.5000  -15.0000 2892.2444    9.5313
    7.5000   -7.5000  -15.0000 2841.0745    9.6985
   -7.5000    0.0000  -15.0000 2829.1775   10.0023
    0.0000    0.0000  -15.0000 2841.8784    9.9305
    7.5000    0.0000  -15.0000 2790.2583   10.1002
   -7.5000    7.5000  -15.0000 2745.5366   10.5893
    0.0000    7.5000  -15.0000 2758.0396   10.5161
    7.5000    7.5000  -15.0000 2714.9707   10.7070
   -7.5000   15.0000  -15.0000 2638.2930   11.3591
    0.0000   15.0000  -15.0000 2643.7737   11.3057
    7.5000   15.0000  -15.0000 2602.1296   11.5373
   -7.5000   22.5000  -15.0000 2502.7441   12.4201
    0.0000   22.5000  -15.0000 2511.4031   12.3515
    7.5000   22.5000  -15.0000 2467.5398   12.5995
   -7.5000   30.0000  -15.0000 2356.8379   13.8546
    0.0000   30.0000  -15.0000 2364.5420   13.7691
    7.5000   30.0000  -15.0000 2321.8220   14.0153
   -7.5000   37.5000  -15.0000 2203.2756   15.6869
    0.0000   37.5000  -15.0000 2207.2678   15.6363
    7.5000   37.5000  -15.0000 2170.9761   15.8870
   -7.5000   45.0000  -15.0000 2037.0309   18.1374
    0.0000   45.0000  -15.0000 2040.7266   18.1029
    7.5000   45.0000  -15.0000 2007.3879   18.3436
   -7.5000  -45.0000   -7.5000 2685.0774   10.6418
    0.0000  -45.0000   -7.5000 2703.8975   10.5600
    7.5000  -45.0000   -7.5000 2683.8582   10.7173
   -7.5000  -37.5000   -7.5000 2785.9331    9.9355
    0.0000  -37.5000   -7.5000 2808.5330    9.8423
    7.5000  -37.5000   -7.5000 2783.0498    9.9888
   -7.5000  -30.0000   -7.5000 2863.1641    9.4332
    0.0000  -30.0000   -7.5000 2890.1965    9.3501
    7.5000  -30.0000   -7.5000 2860.5554    9.4988
   -7.5000  -22.5000   -7.5000 2927.2524    9.1201
    0.0000  -22.5000   -7.5000 2955.1641    9.0656
    7.5000  -22.5000   -7.5000 2904.7566    9.2183
   -7.5000  -15.0000   -7.5000 2955.7307    9.0177
    0.0000  -15.0000   -7.5000 2974.1431    8.9649
    7.5000  -15.0000   -7.5000 2911.1279    9.1777
   -7.5000   -7.5000   -7.5000 2944.4629    9.1919
    0.0000   -7.5000   -7.5000 2949.7366    9.1629
    7.5000   -7.5000   -7.5000 2888.5061    9.3505
   -7.5000    0.0000   -7.5000 2881.0933    9.6152
    0.0000    0.0000   -7.5000 2889.0901    9.5681
    7.5000    0.0000   -7.5000 2833.4338    9.7267
   -7.5000    7.5000   -7.5000 2794.9297   10.1521
    0.0000    7.5000   -7.5000 2808.0425   10.1202
    7.5000    7.5000   -7.5000 2753.8088   10.2947
   -7.5000   15.0000   -7.5000 2678.1648   10.9128
    0.0000   15.0000   -7.5000 2687.0361   10.8823
    7.5000   15.0000   -7.5000 2640.5005   11.0788
   -7.5000   22.5000   -7.5000 2546.1667   12.0064
    0.0000   22.5000   -7.5000 2548.5066   11.9609
    7.5000   22.5000   -7.5000 2503.5244   12.1615
   -7.5000   30.0000   -7.5000 2394.3540   13.4039
    0.0000   30.0000   -7.5000 2399.8696   13.3494
    7.5000   30.0000   -7.5000 2358.3984   13.5572
   -7.5000   37.5000   -7.5000 2235.0679   15.1883
    0.0000   37.5000   -7.5000 2239.0378   15.1607
    7.5000   37.5000   -7.5000 2205.1501   15.3870
   -7.5000   45.0000   -7.5000 2066.5940   17.5218
    0.0000   45.0000   -7.5000 2069.6855   17.5261
    7.5000   45.0000   -7.5000 2037.9825   17.7933
   -7.5000  -45.0000    0.0000 2673.6929   10.5335
    0.0000  -45.0000    0.0000 2687.7593   10.4512
    7.5000  -45.0000    0.0000 2672.7214   10.6351
   -7.5000  -37.5000    0.0000 2782.7578    9.7776
    0.0000  -37.5000    0.0000 2800.8472    9.7131
    7.5000  -37.5000    0.0000 2782.8359    9.8714
   -7.5000  -30.0000    0.0000 2877.4558    9.3204
    0.0000  -30.0000    0.0000 2902.5269    9.2576
    7.5000  -30.0000    0.0000 2870.2854    9.3644
   -7.5000  -22.5000    0.0000 2955.6311    9.0665
    0.0000  -22.5000    0.0000 2984.5093    9.0336
    7.5000  -22.5000    0.0000 2936.7451    9.1015
   -7.5000  -15.0000    0.0000 2999.0959    8.9612
    0.0000  -15.0000    0.0000 3020.1362    8.9413
    7.5000  -15.0000    0.0000 2950.8511    9.0573
   -7.5000   -7.5000    0.0000 2981.9983    9.0468
    0.0000   -7.5000    0.0000 2989.6057    9.0187
    7.5000   -7.5000    0.0000 2920.8599    9.1606
   -7.5000    0.0000    0.0000 2915.5991    9.3398
    0.0000    0.0000    0.0000 2916.4329    9.3278
    7.5000    0.0000    0.0000 2860.3254    9.4864
   -7.5000    7.5000    0.0000 2822.6272    9.8894
    0.0000    7.5000    0.0000 2823.7275    9.8577
    7.5000    7.5000    0.0000 2772.4109   10.0409
   -7.5000   15.0000    0.0000 2704.5859   10.6998
    0.0000   15.0000    0.0000 2708.4817   10.6438
    7.5000   15.0000    0.0000 2657.0903   10.8569
   -7.5000   22.5000    0.0000 2567.4319   11.7943
    0.0000   22.5000    0.0000 2569.9531   11.7500
    7.5000   22.5000    0.0000 2521.9397   11.9412
   -7.5000   30.0000    0.0000 2410.4812   13.1541
    0.0000   30.0000    0.0000 2414.2012   13.1349
    7.5000   30.0000    0.0000 2371.1819   13.3281
   -7.5000   37.5000    0.0000 2249.9829   14.9018
    0.0000   37.5000    0.0000 2248.1621   14.9258
    7.5000   37.5000    0.0000 2216.3811   15.1241
   -7.5000   45.0000    0.0000 2080.4209   17.1488
    0.0000   45.0000    0.0000 2078.9805   17.1842
    7.5000   45.0000    0.0000 2046.6324   17.4302
   -7.5000  -45.0000    7.5000 2650.2561   10.6755
    0.0000  -45.0000    7.5000 2661.4658   10.5968
    7.5000  -45.0000    7.5000 2644.6614   10.7823
   -7.5000  -37.5000    7.5000 2765.9143    9.8965
    0.0000  -37.5000    7.5000 2779.3525    9.8294
    7.5000  -37.5000    7.5000 2755.3691    9.9836
   -7.5000  -30.0000    7.5000 2872.8940    9.3709
    0.0000  -30.0000    7.5000 2888.2480    9.3092
    7.5000  -30.0000    7.5000 2856.2571    9.4366
   -7.5000  -22.5000    7.5000 2959.4878    9.1100
    0.0000  -22.5000    7.5000 2979.1387    9.0696
    7.5000  -22.5000    7.5000 2927.0208    9.1674
   -7.5000  -15.0000    7.5000 3009.5107    8.9769
    0.0000  -15.0000    7.5000 3022.0144    8.9679
    7.5000  -15.0000    7.5000 2950.2417    9.0779
   -7.5000   -7.5000    7.5000 2986.0320    9.0206
    0.0000   -7.5000    7.5000 2993.8198    9.0275
    7.5000   -7.5000    7.5000 2924.7395    9.2040
   -7.5000    0.0000    7.5000 2920.5151    9.3310
    0.0000    0.0000    7.5000 2916.8535    9.3231
    7.5000    0.0000    7.5000 2857.7761    9.5407
   -7.5000    7.5000    7.5000 2819.5723    9.8920
    0.0000    7.5000    7.5000 2819.8213    9.8642
    7.5000    7.5000    7.5000 2767.3523   10.0639
   -7.5000   15.0000    7.5000 2695.1589   10.6887
    0.0000   15.0000    7.5000 2698.8330   10.6274
    7.5000   15.0000    7.5000 2653.2146   10.8398
   -7.5000   22.5000    7.5000 2562.7571   11.7523
    0.0000   22.5000    7.5000 2564.1450   11.6976
    7.5000   22.5000    7.5000 2523.7041   11.8801
   -7.5000   30.0000    7.5000 2408.7363   13.0897
    0.0000   30.0000    7.5000 2409.1697   13.0428
    7.5000   30.0000    7.5000 2371.5720   13.2546
   -7.5000   37.5000    7.5000 2251.1655   14.8162
    0.0000   37.5000    7.5000 2245.0281   14.7944
    7.5000   37.5000    7.5000 2216.2517   15.0337
   -7.5000   45.0000    7.5000 2074.2610   17.0414
    0.0000   45.0000    7.5000 2079.3733   17.0267
    7.5000   45.0000    7.5000 2044.6376   17.3214
   -7.5000  -45.0000   15.0000 2619.9353   10.9481
    0.0000  -45.0000   15.0000 2628.6113   10.8648
    7.5000  -45.0000   15.0000 2606.9062   11.0684
   -7.5000  -37.5000   15.0000 2731.7974   10.1151
    0.0000  -37.5000   15.0000 2747.7466   10.0479
    7.5000  -37.5000   15.0000 2720.1206   10.2541
   -7.5000  -30.0000   15.0000 2842.5618    9.5617
    0.0000  -30.0000   15.0000 2855.5903    9.4857
    7.5000  -30.0000   15.0000 2822.2588    9.6805
   -7.5000  -22.5000   15.0000 2931.1956    9.2637
    0.0000  -22.5000   15.0000 2947.3140    9.1965
    7.5000  -22.5000   15.0000 2892.3000    9.3524
   -7.5000  -15.0000   15.0000 2977.9963    9.0650
    0.0000  -15.0000   15.0000 2987.2336    9.0439
    7.5000  -15.0000   15.0000 2922.4641    9.2704
   -7.5000   -7.5000   15.0000 2956.4321    9.1568
    0.0000   -7.5000   15.0000 2961.7988    9.1299
    7.5000   -7.5000   15.0000 2902.1416    9.3913
   -7.5000    0.0000   15.0000 2899.8477    9.5443
    0.0000    0.0000   15.0000 2895.3892    9.5055
    7.5000    0.0000   15.0000 2839.8853    9.7323
   -7.5000    7.5000   15.0000 2795.4419   10.1502
    0.0000    7.5000   15.0000 2792.7280   10.0961
    7.5000    7.5000   15.0000 2746.2117   10.3136
   -7.5000   15.0000   15.0000 2665.5320   10.9502
    0.0000   15.0000   15.0000 2667.3022   10.8833
    7.5000   15.0000   15.0000 2627.6257   11.0921
   -7.5000   22.5000   15.0000 2531.9932   11.9683
    0.0000   22.5000   15.0000 2532.5767   11.9169
    7.5000   22.5000   15.0000 2499.2656   12.1016
   -7.5000   30.0000   15.0000 2386.6926   13.2583
    0.0000   30.0000   15.0000 2382.6504   13.2441
    7.5000   30.0000   15.0000 2352.6038   13.4407
   -7.5000   37.5000   15.0000 2228.9939   14.9227
    0.0000   37.5000   15.0000 2228.8127   14.9185
    7.5000   37.5000   15.0000 2198.8884   15.1253
   -7.5000   45.0000   15.0000 2057.4402   17.0724
    0.0000   45.0000   15.0000 2061.2148   17.0674
    7.5000   45.0000   15.0000 2027.6958   17.3502
   -7.5000  -45.0000   22.5000 2585.7302   11.3240
    0.0000  -45.0000   22.5000 2594.0479   11.2653
    7.5000  -45.0000   22.5000 2566.8992   11.5083
   -7.5000  -37.5000   22.5000 2697.2314   10.4800
    0.0000  -37.5000   22.5000 2706.6636   10.4146
    7.5000  -37.5000   22.5000 2675.4873   10.6713
   -7.5000  -30.0000   22.5000 2802.8987    9.9442
    0.0000  -30.0000   22.5000 2809.2820    9.8693
    7.5000  -30.0000   22.5000 2774.1099   10.0821
   -7.5000  -22.5000   22.5000 2882.9170    9.5748
    0.0000  -22.5000   22.5000 2892.7026    9.5438
    7.5000  -22.5000   22.5000 2843.4453    9.7586
   -7.5000  -15.0000   22.5000 2917.2170    9.3865
    0.0000  -15.0000   22.5000 2921.0234    9.3614
    7.5000  -15.0000   22.5000 2870.0225    9.6365
   -7.5000   -7.5000   22.5000 2904.1287    9.5462
    0.0000   -7.5000   22.5000 2912.1213    9.5005
    7.5000   -7.5000   22.5000 2857.6399    9.7504
   -7.5000    0.0000   22.5000 2848.7568    9.9316
    0.0000    0.0000   22.5000 2849.8030    9.8909
    7.5000    0.0000   22.5000 2799.6282   10.1145
   -7.5000    7.5000   22.5000 2751.5745   10.5340
    0.0000    7.5000   22.5000 2748.1216   10.4771
    7.5000    7.5000   22.5000 2705.4377   10.6989
   -7.5000   15.0000   22.5000 2625.0386   11.3413
    0.0000   15.0000   22.5000 2623.6921   11.2659
    7.5000   15.0000   22.5000 2590.5774   11.4869
   -7.5000   22.5000   22.5000 2489.4409   12.3536
    0.0000   22.5000   22.5000 2490.1833   12.3094
    7.5000   22.5000   22.5000 2461.3887   12.4866
   -7.5000   30.0000   22.5000 2347.5396   13.5967
    0.0000   30.0000   22.5000 2349.2451   13.5686
    7.5000   30.0000   22.5000 2316.8687   13.8057
   -7.5000   37.5000   22.5000 2189.1106   15.2272
    0.0000   37.5000   22.5000 2192.8022   15.2395
    7.5000   37.5000   22.5000 2167.8677   15.4423
   -7.5000   45.0000   22.5000 2024.3203   17.4087
    0.0000   45.0000   22.5000 2028.0911   17.4256
    7.5000   45.0000   22.5000 1999.0682   17.6689
   -7.5000  -45.0000   30.0000 2541.8118   11.8693
    0.0000  -45.0000   30.0000 2546.6899   11.8384
    7.5000  -45.0000   30.0000 2515.1235   12.1296
   -7.5000  -37.5000   30.0000 2655.7917   11.0165
    0.0000  -37.5000   30.0000 2656.4612   10.9793
    7.5000  -37.5000   30.0000 2623.6526   11.2704
   -7.5000  -30.0000   30.0000 2747.7698   10.4425
    0.0000  -30.0000   30.0000 2751.9783   10.4003
    7.5000  -30.0000   30.0000 2714.7456   10.6483
   -7.5000  -22.5000   30.0000 2817.1963   10.0202
    0.0000  -22.5000   30.0000 2818.4956    9.9735
    7.5000  -22.5000   30.0000 2768.7849   10.2573
   -7.5000  -15.0000   30.0000 2842.4077    9.8662
    0.0000  -15.0000   30.0000 2846.1458    9.8178
    7.5000  -15.0000   30.0000 2794.5952   10.0931
   -7.5000   -7.5000   30.0000 2827.2368   10.0558
    0.0000   -7.5000   30.0000 2837.6201   10.0071
    7.5000   -7.5000   30.0000 2787.7876   10.2330
   -7.5000    0.0000   30.0000 2769.3301   10.4760
    0.0000    0.0000   30.0000 2774.5430   10.4245
    7.5000    0.0000   30.0000 2732.3699   10.6318
   -7.5000    7.5000   30.0000 2683.6841   11.0630
    0.0000    7.5000   30.0000 2683.3728   11.0077
    7.5000    7.5000   30.0000 2645.1096   11.2090
   -7.5000   15.0000   30.0000 2565.5122   11.8198
    0.0000   15.0000   30.0000 2565.9622   11.7720
    7.5000   15.0000   30.0000 2535.7356   11.9948
   -7.5000   22.5000   30.0000 2440.4675   12.8211
    0.0000   22.5000   30.0000 2443.0132   12.7820
    7.5000   22.5000   30.0000 2414.7190   12.9735
   -7.5000   30.0000   30.0000 2297.3601   14.0919
    0.0000   30.0000   30.0000 2305.2224   14.0708
    7.5000   30.0000   30.0000 2276.5474   14.2552
   -7.5000   37.5000   30.0000 2135.5413   15.7296
    0.0000   37.5000   30.0000 2143.0820   15.7324
    7.5000   37.5000   30.0000 2117.8359   15.9352
   -7.5000   45.0000   30.0000 1978.3776   17.8371
    0.0000   45.0000   30.0000 1978.5214   17.8703
    7.5000   45.0000   30.0000 1949.7571   18.1507
   -7.5000  -45.0000   37.5000 2490.3159   12.5863
    0.0000  -45.0000   37.5000 2490.2424   12.5749
    7.5000  -45.0000   37.5000 2454.8450   12.8840
   -7.5000  -37.5000   37.5000 2598.3789   11.7010
    0.0000  -37.5000   37.5000 2601.7759   11.6859
    7.5000  -37.5000   37.5000 2558.5022   11.9817
   -7.5000  -30.0000   37.5000 2680.5945   11.0614
    0.0000  -30.0000   37.5000 2686.7705   11.0669
    7.5000  -30.0000   37.5000 2640.2686   11.3367
   -7.5000  -22.5000   37.5000 2741.5974   10.6057
    0.0000  -22.5000   37.5000 2743.9585   10.5942
    7.5000  -22.5000   37.5000 2691.3882   10.8928
   -7.5000  -15.0000   37.5000 2758.3108   10.4592
    0.0000  -15.0000   37.5000 2759.9526   10.4414
    7.5000  -15.0000   37.5000 2714.5449   10.7043
   -7.5000   -7.5000   37.5000 2736.5291   10.6611
    0.0000   -7.5000   37.5000 2746.5095   10.6239
    7.5000   -7.5000   37.5000 2703.0586   10.8530
   -7.5000    0.0000   37.5000 2681.7559   11.0724
    0.0000    0.0000   37.5000 2688.8765   11.0245
    7.5000    0.0000   37.5000 2652.3848   11.2273
   -7.5000    7.5000   37.5000 2605.2107   11.6422
    0.0000    7.5000   37.5000 2605.8838   11.5951
    7.5000    7.5000   37.5000 2571.8062   11.8114
   -7.5000   15.0000   37.5000 2501.2510   12.3679
    0.0000   15.0000   37.5000 2501.1426   12.3333
    7.5000   15.0000   37.5000 2466.6958   12.5546
   -7.5000   22.5000   37.5000 2383.0376   13.3579
    0.0000   22.5000   37.5000 2388.4688   13.3431
    7.5000   22.5000   37.5000 2353.1956   13.5299
   -7.5000   30.0000   37.5000 2239.6404   14.6536
    0.0000   30.0000   37.5000 2248.1125   14.6624
    7.5000   30.0000   37.5000 2214.8271   14.8325
   -7.5000   37.5000   37.5000 2083.7688   16.3417
    0.0000   37.5000   37.5000 2090.5769   16.3514
    7.5000   37.5000   37.5000 2059.3364   16.5334
   -7.5000   45.0000   37.5000 1926.2708   18.4632
    0.0000   45.0000   37.5000 1927.8307   18.4938
    7.5000   45.0000   37.5000 1904.7159   18.7772
   -7.5000  -45.0000   45.0000 2426.5803   13.4477
    0.0000  -45.0000   45.0000 2425.4067   13.4497
    7.5000  -45.0000   45.0000 2389.0471   13.7575
   -7.5000  -37.5000   45.0000 2525.9912   12.5171
    0.0000  -37.5000   45.0000 2528.8088   12.5366
    7.5000  -37.5000   45.0000 2488.9297   12.8137
   -7.5000  -30.0000   45.0000 2601.0261   11.8221
    0.0000  -30.0000   45.0000 2606.1726   11.8347
    7.5000  -30.0000   45.0000 2558.8276   12.1417
   -7.5000  -22.5000   45.0000 2650.1123   11.3705
    0.0000  -22.5000   45.0000 2653.2788   11.3801
    7.5000  -22.5000   45.0000 2603.4954   11.6649
   -7.5000  -15.0000   45.0000 2663.4087   11.2491
    0.0000  -15.0000   45.0000 2670.0229   11.2315
    7.5000  -15.0000   45.0000 2623.9004   11.4868
   -7.5000   -7.5000   45.0000 2645.4814   11.3973
    0.0000   -7.5000   45.0000 2650.6047   11.3979
    7.5000   -7.5000   45.0000 2610.1489   11.6136
   -7.5000    0.0000   45.0000 2588.3176   11.7568
    0.0000    0.0000   45.0000 2595.4487   11.7555
    7.5000    0.0000   45.0000 2565.0352   11.9529
   -7.5000    7.5000   45.0000 2523.2166   12.2983
    0.0000    7.5000   45.0000 2524.7825   12.2869
    7.5000    7.5000   45.0000 2493.5068   12.5056
   -7.5000   15.0000   45.0000 2433.4338   13.0502
    0.0000   15.0000   45.0000 2433.3179   13.0174
    7.5000   15.0000   45.0000 2394.1841   13.2400
   -7.5000   22.5000   45.0000 2313.4648   14.0488
    0.0000   22.5000   45.0000 2317.5562   14.0337
    7.5000   22.5000   45.0000 2281.1794   14.2372
   -7.5000   30.0000   45.0000 2172.9470   15.3928
    0.0000   30.0000   45.0000 2174.4172   15.3697
    7.5000   30.0000   45.0000 2144.9031   15.5702
   -7.5000   37.5000   45.0000 2025.3275   17.0940
    0.0000   37.5000   45.0000 2025.8357   17.1052
    7.5000   37.5000   45.0000 1999.0940   17.3192
   -7.5000   45.0000   45.0000 1874.7949   19.3318
    0.0000   45.0000   45.0000 1875.4446   19.3730
    7.5000   45.0000   45.0000 1854.1522   19.6504

---------------------------------------------------------------------
imgreg_4dfp /opt/freesurfer/average/711-2C_as_mni_average_305 /opt/freesurfer/average/711-2B_as_mni_average_305_mask talsrcimg_g11 none talsrcimg_to_711-2C_as_mni_average_305_t4 1283
---------------------------------------------------------------------

freesurfer imgreg_4dfp.c
/opt/freesurfer/average/711-2C_as_mni_average_305.4dfp.img
       256       256       256         1
  1.000000  1.000000  1.000000
orientation T byte_order littleendian
Reading image: /opt/freesurfer/average/711-2C_as_mni_average_305.4dfp.img
dimensions:      256       256       256
mmppix:       1.0000   -1.0000   -1.0000
center:     128.0000 -129.0000 -129.0000
/opt/freesurfer/average/711-2B_as_mni_average_305_mask.4dfp.img
       256       256       256         1
  1.000000  1.000000  1.000000
orientation T byte_order littleendian
Reading mask: /opt/freesurfer/average/711-2B_as_mni_average_305_mask.4dfp.img (2306576 pixels)
talsrcimg_g11.4dfp.img
       256       256       256         1
  1.000000  1.000000  1.000000
orientation T byte_order littleendian
Reading image: talsrcimg_g11.4dfp.img
dimensions:      256       256       256
mmppix:       1.0000   -1.0000   -1.0000
center:     128.0000 -129.0000 -129.0000
rotation matrix determinant  1.000000
fimgreg.f
image alignment mode   1283 decimal      503 hex
parameters
    0.0000  -15.0000    7.5000    0.0000    0.0000    0.0000
eta,q 0.94999  9.01172
niter,ni,del,rscale     5    3   12.0000    1.2000
parameter  4  1.218850 ->  0.500000 qaram    1.1500
parameters
   -1.6499  -14.3281    4.7970   -3.4500    1.6395   -1.9050
eta,q 0.95947  8.98651
  0.0554  0.0592  0.0480  0.0426  0.0540  0.0437
  0.0508  0.0536  0.0469  0.0421  0.0494  0.0415
  0.0480  0.0493  0.0459  0.0439  0.0456  0.0405
  0.0485  0.0476  0.0472  0.0462  0.0423  0.0415
  0.0531  0.0477  0.0501  0.0495  0.0416  0.0437
  0.0618  0.0503  0.0530  0.0529  0.0431  0.0462
  0.0721  0.0552  0.0571  0.0558  0.0465  0.0489
niter,ni,del,rscale     5    3   12.0000    1.2000
parameters
   -2.8170  -13.7154    3.9393   -5.9428    3.0383   -2.8827
eta,q 0.96313  9.00421
  0.0515  0.0539  0.0447  0.0417  0.0515  0.0421
  0.0450  0.0477  0.0418  0.0393  0.0459  0.0390
  0.0400  0.0422  0.0399  0.0386  0.0419  0.0372
  0.0405  0.0395  0.0396  0.0395  0.0386  0.0372
  0.0459  0.0409  0.0413  0.0424  0.0371  0.0394
  0.0542  0.0446  0.0444  0.0457  0.0395  0.0426
  0.0636  0.0491  0.0487  0.0498  0.0440  0.0453
niter,ni,del,rscale     4    3   12.0000    1.2000
parameters
   -3.4306  -12.4092    3.3900   -7.5443    3.8522   -3.6302
eta,q 0.96484  8.99676
  0.0523  0.0528  0.0431  0.0401  0.0474  0.0408
  0.0454  0.0460  0.0398  0.0370  0.0431  0.0376
  0.0386  0.0401  0.0370  0.0360  0.0390  0.0355
  0.0369  0.0366  0.0363  0.0362  0.0359  0.0354
  0.0420  0.0367  0.0385  0.0385  0.0357  0.0373
  0.0505  0.0393  0.0416  0.0416  0.0391  0.0403
  0.0592  0.0434  0.0459  0.0453  0.0433  0.0435
niter,ni,del,rscale     3    3   12.0000    1.2000
parameters
   -3.7907  -11.3660    2.9306   -9.0930    4.4567   -4.1861
eta,q 0.96575  8.97114
  0.0523  0.0497  0.0421  0.0390  0.0450  0.0400
  0.0448  0.0432  0.0382  0.0359  0.0412  0.0369
  0.0376  0.0378  0.0362  0.0345  0.0375  0.0346
  0.0352  0.0351  0.0351  0.0352  0.0347  0.0343
  0.0395  0.0355  0.0364  0.0369  0.0350  0.0359
  0.0480  0.0379  0.0401  0.0406  0.0385  0.0389
  0.0565  0.0424  0.0446  0.0440  0.0423  0.0421
niter,ni,del,rscale     2    3   12.0000    1.2000
parameters
   -3.9600  -10.5417    2.8134   -9.9479    4.7200   -4.3145
eta,q 0.96600  8.94997
  0.0526  0.0487  0.0420  0.0405  0.0437  0.0403
  0.0446  0.0420  0.0374  0.0356  0.0405  0.0372
  0.0369  0.0362  0.0349  0.0340  0.0367  0.0349
  0.0343  0.0342  0.0345  0.0345  0.0341  0.0340
  0.0382  0.0355  0.0355  0.0359  0.0354  0.0348
  0.0461  0.0378  0.0380  0.0390  0.0390  0.0376
  0.0544  0.0423  0.0423  0.0436  0.0428  0.0409
niter,ni,del,rscale     1    3   12.0000    1.2000
parameters
   -4.0410  -10.1383    2.7538  -10.2885    4.8128   -4.3304
eta,q 0.96597  8.94158
  0.0532  0.0477  0.0419  0.0420  0.0435  0.0404
  0.0447  0.0407  0.0374  0.0362  0.0405  0.0373
  0.0368  0.0351  0.0344  0.0341  0.0365  0.0350
  0.0340  0.0340  0.0343  0.0342  0.0340  0.0340
  0.0378  0.0358  0.0357  0.0356  0.0358  0.0347
  0.0457  0.0387  0.0376  0.0382  0.0395  0.0372
  0.0537  0.0439  0.0418  0.0428  0.0436  0.0407
registration optimization eta report
parameter search radius
    6.0000    6.0000    6.0000    6.9000    6.0000    6.0000
100000*second partial in parameter space
       52.       32.       21.       18.       24.       18.
  0.0532  0.0477  0.0419  0.0420  0.0435  0.0404
  0.0447  0.0407  0.0374  0.0362  0.0405  0.0373
  0.0368  0.0351  0.0344  0.0341  0.0365  0.0350
  0.0340  0.0340  0.0343  0.0342  0.0340  0.0340
  0.0378  0.0358  0.0357  0.0356  0.0358  0.0347
  0.0457  0.0387  0.0376  0.0382  0.0395  0.0372
  0.0537  0.0439  0.0418  0.0428  0.0436  0.0407
   -4.0410  -10.1383    2.7538  -10.2885    4.8128   -4.3304
eta,q 0.96597  8.94158

---------------------------------------------------------------------
imgreg_4dfp /opt/freesurfer/average/711-2C_as_mni_average_305 /opt/freesurfer/average/711-2B_as_mni_average_305_mask talsrcimg_g11 none talsrcimg_to_711-2C_as_mni_average_305_t4 3335
---------------------------------------------------------------------

freesurfer imgreg_4dfp.c
/opt/freesurfer/average/711-2C_as_mni_average_305.4dfp.img
       256       256       256         1
  1.000000  1.000000  1.000000
orientation T byte_order littleendian
Reading image: /opt/freesurfer/average/711-2C_as_mni_average_305.4dfp.img
dimensions:      256       256       256
mmppix:       1.0000   -1.0000   -1.0000
center:     128.0000 -129.0000 -129.0000
/opt/freesurfer/average/711-2B_as_mni_average_305_mask.4dfp.img
       256       256       256         1
  1.000000  1.000000  1.000000
orientation T byte_order littleendian
Reading mask: /opt/freesurfer/average/711-2B_as_mni_average_305_mask.4dfp.img (2306576 pixels)
talsrcimg_g11.4dfp.img
       256       256       256         1
  1.000000  1.000000  1.000000
orientation T byte_order littleendian
Reading image: talsrcimg_g11.4dfp.img
dimensions:      256       256       256
mmppix:       1.0000   -1.0000   -1.0000
center:     128.0000 -129.0000 -129.0000
fimgreg.f
image alignment mode   3335 decimal      D07 hex
parameters
   -4.0410  -10.1383    2.7538   -0.6370   -2.0019   -1.9548
    8.9235   -6.8829   -7.5241   18.4328    8.3900  -17.7975
eta,q 0.96549  9.03928
niter,ni,del,rscale     5    3    5.0000    1.2000
parameter  4  0.807342 ->  0.500000 qaram    1.1500
parameter  5  1.698294 ->  0.500000 qaram    1.1500
parameters
   -4.2666   -9.8947    2.6413   -4.7770   -6.1419   -3.3758
    7.6530   -6.2273   -6.5155   18.2411    9.6497  -15.4448
eta,q 0.97128  8.66539
  0.0372  0.0371  0.0357  0.0328  0.0276  0.0298  0.0307  0.0329  0.0317  0.0317  0.0298  0.0309
  0.0356  0.0358  0.0350  0.0327  0.0286  0.0293  0.0296  0.0310  0.0303  0.0302  0.0293  0.0299
  0.0347  0.0349  0.0345  0.0332  0.0302  0.0291  0.0290  0.0296  0.0294  0.0293  0.0290  0.0292
  0.0345  0.0345  0.0345  0.0345  0.0327  0.0290  0.0290  0.0290  0.0289  0.0289  0.0289  0.0288
  0.0351  0.0346  0.0347  0.0365  0.0359  0.0288  0.0296  0.0291  0.0289  0.0292  0.0288  0.0287
  0.0364  0.0352  0.0352  0.0392  0.0392  0.0298  0.0308  0.0300  0.0295  0.0303  0.0290  0.0289
  0.0384  0.0363  0.0359  0.0422  0.0425  0.0324  0.0325  0.0318  0.0305  0.0321  0.0293  0.0292
niter,ni,del,rscale     6    3    5.0000    1.2000
parameter  5  0.859650 ->  0.500000 qaram    1.3225
parameters
   -4.2483   -9.5148    3.4876   -7.4327  -10.9029   -3.9715
    7.3879   -6.1478   -7.0252   19.0695    8.4873  -15.9730
eta,q 0.97373  8.33429
  0.0320  0.0321  0.0308  0.0294  0.0261  0.0277  0.0286  0.0299  0.0280  0.0298  0.0268  0.0274
  0.0302  0.0304  0.0299  0.0288  0.0263  0.0269  0.0274  0.0280  0.0271  0.0281  0.0264  0.0268
  0.0291  0.0293  0.0292  0.0285  0.0270  0.0265  0.0266  0.0268  0.0265  0.0269  0.0263  0.0264
  0.0287  0.0287  0.0287  0.0285  0.0285  0.0264  0.0264  0.0264  0.0264  0.0264  0.0263  0.0263
  0.0291  0.0288  0.0285  0.0292  0.0307  0.0266  0.0267  0.0267  0.0267  0.0264  0.0265  0.0265
  0.0302  0.0294  0.0286  0.0310  0.0337  0.0271  0.0276  0.0279  0.0274  0.0272  0.0268  0.0270
  0.0319  0.0305  0.0291  0.0337  0.0373  0.0285  0.0290  0.0298  0.0286  0.0286  0.0272  0.0278
niter,ni,del,rscale     6    3    5.0000    1.2000
parameters
   -4.2348   -9.1284    3.8166   -8.1540  -14.2343   -3.8884
    7.4384   -6.2500   -6.9860   20.0741    7.6965  -17.0030
eta,q 0.97432  8.17337
  0.0293  0.0296  0.0280  0.0277  0.0274  0.0275  0.0283  0.0293  0.0277  0.0292  0.0263  0.0266
  0.0277  0.0280  0.0271  0.0268  0.0262  0.0266  0.0270  0.0274  0.0267  0.0274  0.0259  0.0260
  0.0266  0.0268  0.0265  0.0263  0.0258  0.0260  0.0261  0.0261  0.0260  0.0263  0.0257  0.0257
  0.0263  0.0263  0.0262  0.0262  0.0262  0.0258  0.0258  0.0258  0.0258  0.0258  0.0257  0.0257
  0.0266  0.0263  0.0262  0.0263  0.0275  0.0260  0.0261  0.0263  0.0260  0.0258  0.0259  0.0260
  0.0276  0.0269  0.0266  0.0271  0.0298  0.0264  0.0270  0.0276  0.0267  0.0265  0.0262  0.0265
  0.0292  0.0280  0.0272  0.0288  0.0331  0.0275  0.0283  0.0295  0.0277  0.0277  0.0266  0.0273
niter,ni,del,rscale     5    3    5.0000    1.2000
parameters
   -4.2375   -8.8906    3.8379   -8.6275  -14.8597   -3.7982
    7.4634   -6.2581   -6.8374   20.5232    7.6298  -17.2833
eta,q 0.97435  8.13348
  0.0287  0.0289  0.0270  0.0274  0.0289  0.0275  0.0283  0.0293  0.0277  0.0286  0.0264  0.0269
  0.0271  0.0273  0.0263  0.0263  0.0272  0.0265  0.0269  0.0274  0.0267  0.0270  0.0260  0.0261
  0.0260  0.0262  0.0258  0.0258  0.0260  0.0259  0.0260  0.0261  0.0260  0.0260  0.0257  0.0257
  0.0257  0.0257  0.0257  0.0257  0.0257  0.0257  0.0257  0.0257  0.0257  0.0257  0.0257  0.0257
  0.0260  0.0258  0.0258  0.0258  0.0262  0.0258  0.0260  0.0261  0.0259  0.0259  0.0258  0.0258
  0.0271  0.0266  0.0262  0.0265  0.0276  0.0263  0.0269  0.0274  0.0265  0.0266  0.0260  0.0263
  0.0287  0.0278  0.0270  0.0279  0.0300  0.0274  0.0282  0.0293  0.0276  0.0279  0.0264  0.0270
niter,ni,del,rscale     4    3    5.0000    1.2000
parameters
   -4.2474   -8.7987    3.7701   -8.6843  -15.0249   -3.8341
    7.4774   -6.2689   -6.7863   20.7407    7.6312  -17.3822
eta,q 0.97435  8.12565
  0.0286  0.0285  0.0269  0.0275  0.0292  0.0274  0.0283  0.0293  0.0277  0.0284  0.0264  0.0269
  0.0270  0.0270  0.0262  0.0264  0.0274  0.0264  0.0269  0.0273  0.0266  0.0269  0.0260  0.0261
  0.0260  0.0260  0.0258  0.0258  0.0261  0.0258  0.0260  0.0261  0.0259  0.0260  0.0257  0.0257
  0.0256  0.0257  0.0256  0.0257  0.0257  0.0257  0.0257  0.0257  0.0256  0.0257  0.0257  0.0257
  0.0260  0.0259  0.0258  0.0258  0.0260  0.0258  0.0260  0.0261  0.0259  0.0259  0.0257  0.0258
  0.0270  0.0268  0.0263  0.0264  0.0273  0.0263  0.0269  0.0274  0.0266  0.0267  0.0260  0.0263
  0.0287  0.0281  0.0271  0.0277  0.0296  0.0275  0.0282  0.0293  0.0276  0.0281  0.0264  0.0269
niter,ni,del,rscale     3    3    5.0000    1.2000
parameters
   -4.2506   -8.7576    3.7259   -8.7213  -15.1012   -3.8617
    7.4886   -6.2698   -6.7638   20.8366    7.6240  -17.4391
eta,q 0.97434  8.12114
  0.0286  0.0284  0.0269  0.0276  0.0292  0.0273  0.0283  0.0293  0.0276  0.0283  0.0264  0.0270
  0.0270  0.0269  0.0262  0.0264  0.0274  0.0264  0.0269  0.0273  0.0266  0.0268  0.0260  0.0262
  0.0260  0.0260  0.0258  0.0258  0.0262  0.0258  0.0260  0.0261  0.0259  0.0259  0.0257  0.0257
  0.0257  0.0257  0.0257  0.0256  0.0257  0.0257  0.0257  0.0257  0.0257  0.0257  0.0257  0.0257
  0.0260  0.0260  0.0258  0.0258  0.0260  0.0258  0.0260  0.0261  0.0259  0.0260  0.0258  0.0258
  0.0270  0.0269  0.0263  0.0264  0.0273  0.0262  0.0269  0.0274  0.0266  0.0268  0.0260  0.0262
  0.0287  0.0282  0.0270  0.0276  0.0296  0.0275  0.0282  0.0292  0.0276  0.0281  0.0264  0.0269
niter,ni,del,rscale     2    3    5.0000    1.2000
parameters
   -4.2507   -8.7388    3.7079   -8.7419  -15.1311   -3.8742
    7.4925   -6.2683   -6.7520   20.8835    7.5983  -17.4594
eta,q 0.97434  8.11900
  0.0286  0.0284  0.0270  0.0276  0.0293  0.0273  0.0283  0.0293  0.0276  0.0283  0.0264  0.0270
  0.0270  0.0269  0.0262  0.0264  0.0275  0.0264  0.0269  0.0273  0.0266  0.0268  0.0260  0.0262
  0.0260  0.0260  0.0258  0.0258  0.0262  0.0258  0.0260  0.0261  0.0259  0.0259  0.0257  0.0257
  0.0257  0.0257  0.0257  0.0257  0.0257  0.0257  0.0257  0.0257  0.0257  0.0257  0.0257  0.0257
  0.0260  0.0260  0.0258  0.0258  0.0260  0.0258  0.0260  0.0261  0.0259  0.0260  0.0258  0.0258
  0.0270  0.0269  0.0262  0.0264  0.0273  0.0262  0.0269  0.0274  0.0266  0.0268  0.0260  0.0262
  0.0287  0.0282  0.0270  0.0276  0.0295  0.0275  0.0283  0.0292  0.0276  0.0282  0.0264  0.0269
registration optimization eta report
parameter search radius
    2.4000    2.4000    2.4000    8.2800    9.5220    7.2000
    7.2000    7.2000    7.2000    7.2000    7.2000    7.2000
100000*second partial in parameter space
       52.       45.       23.        3.        4.        3.
        5.        7.        4.        5.        1.        3.
  0.0286  0.0284  0.0270  0.0276  0.0293  0.0273  0.0283  0.0293  0.0276  0.0283  0.0264  0.0270
  0.0270  0.0269  0.0262  0.0264  0.0275  0.0264  0.0269  0.0273  0.0266  0.0268  0.0260  0.0262
  0.0260  0.0260  0.0258  0.0258  0.0262  0.0258  0.0260  0.0261  0.0259  0.0259  0.0257  0.0257
  0.0257  0.0257  0.0257  0.0257  0.0257  0.0257  0.0257  0.0257  0.0257  0.0257  0.0257  0.0257
  0.0260  0.0260  0.0258  0.0258  0.0260  0.0258  0.0260  0.0261  0.0259  0.0260  0.0258  0.0258
  0.0270  0.0269  0.0262  0.0264  0.0273  0.0262  0.0269  0.0274  0.0266  0.0268  0.0260  0.0262
  0.0287  0.0282  0.0270  0.0276  0.0295  0.0275  0.0283  0.0292  0.0276  0.0282  0.0264  0.0269
   -4.2507   -8.7388    3.7079   -8.7419  -15.1311   -3.8742
    7.4925   -6.2683   -6.7520   20.8835    7.5983  -17.4594
eta,q 0.97434  8.11900

---------------------------------------------------------------------
imgreg_4dfp /opt/freesurfer/average/711-2C_as_mni_average_305 /opt/freesurfer/average/711-2B_as_mni_average_305_mask talsrcimg_g11 none talsrcimg_to_711-2C_as_mni_average_305_t4 2311
---------------------------------------------------------------------

freesurfer imgreg_4dfp.c
/opt/freesurfer/average/711-2C_as_mni_average_305.4dfp.img
       256       256       256         1
  1.000000  1.000000  1.000000
orientation T byte_order littleendian
Reading image: /opt/freesurfer/average/711-2C_as_mni_average_305.4dfp.img
dimensions:      256       256       256
mmppix:       1.0000   -1.0000   -1.0000
center:     128.0000 -129.0000 -129.0000
/opt/freesurfer/average/711-2B_as_mni_average_305_mask.4dfp.img
       256       256       256         1
  1.000000  1.000000  1.000000
orientation T byte_order littleendian
Reading mask: /opt/freesurfer/average/711-2B_as_mni_average_305_mask.4dfp.img (2306576 pixels)
talsrcimg_g11.4dfp.img
       256       256       256         1
  1.000000  1.000000  1.000000
orientation T byte_order littleendian
Reading image: talsrcimg_g11.4dfp.img
dimensions:      256       256       256
mmppix:       1.0000   -1.0000   -1.0000
center:     128.0000 -129.0000 -129.0000
fimgreg.f
image alignment mode   2311 decimal      907 hex
parameters
   -4.2507   -8.7388    3.7079   -8.7419  -15.1311   -3.8742
    7.4925   -6.2683   -6.7520   20.8835    7.5983  -17.4594
eta,q 0.97434  8.11900
niter,ni,del,rscale     5    3    5.0000    0.8000
parameters
   -4.2495   -8.7631    3.6985   -8.6820  -14.7450   -3.5051
    7.4747   -6.2587   -6.7211   20.8868    7.8552  -17.6273
eta,q 0.97436  8.15380
  0.0270  0.0269  0.0262  0.0262  0.0268  0.0264  0.0269  0.0273  0.0266  0.0268  0.0260  0.0262
  0.0263  0.0262  0.0259  0.0259  0.0262  0.0260  0.0262  0.0264  0.0261  0.0261  0.0258  0.0258
  0.0258  0.0258  0.0257  0.0257  0.0258  0.0257  0.0258  0.0258  0.0258  0.0258  0.0257  0.0257
  0.0257  0.0257  0.0257  0.0257  0.0257  0.0257  0.0256  0.0256  0.0256  0.0256  0.0256  0.0256
  0.0258  0.0258  0.0257  0.0257  0.0257  0.0257  0.0258  0.0258  0.0258  0.0258  0.0257  0.0257
  0.0263  0.0263  0.0259  0.0259  0.0260  0.0258  0.0262  0.0264  0.0261  0.0262  0.0258  0.0259
  0.0270  0.0269  0.0262  0.0262  0.0265  0.0262  0.0269  0.0273  0.0266  0.0268  0.0259  0.0262
niter,ni,del,rscale     4    3    5.0000    0.7000
parameters
   -4.2498   -8.8146    3.7267   -8.4816  -14.7155   -3.2705
    7.4967   -6.2345   -6.7416   20.9314    8.1933  -17.6638
eta,q 0.97436  8.17583
  0.0267  0.0265  0.0261  0.0261  0.0264  0.0262  0.0266  0.0269  0.0264  0.0265  0.0259  0.0261
  0.0261  0.0260  0.0258  0.0258  0.0260  0.0259  0.0261  0.0262  0.0260  0.0260  0.0258  0.0258
  0.0258  0.0257  0.0257  0.0257  0.0257  0.0257  0.0258  0.0258  0.0257  0.0257  0.0257  0.0257
  0.0256  0.0256  0.0256  0.0256  0.0256  0.0256  0.0256  0.0256  0.0256  0.0256  0.0256  0.0256
  0.0258  0.0258  0.0257  0.0257  0.0257  0.0257  0.0257  0.0258  0.0257  0.0257  0.0257  0.0257
  0.0261  0.0261  0.0258  0.0258  0.0260  0.0258  0.0261  0.0262  0.0260  0.0260  0.0257  0.0258
  0.0267  0.0267  0.0261  0.0260  0.0264  0.0261  0.0266  0.0269  0.0264  0.0265  0.0259  0.0261
niter,ni,del,rscale     3    3    5.0000    0.6000
parameters
   -4.2428   -8.8467    3.7412   -8.3328  -14.6706   -2.9746
    7.5328   -6.1722   -6.7527   21.0553    8.5755  -17.7425
eta,q 0.97438  8.20006
  0.0264  0.0263  0.0260  0.0259  0.0262  0.0260  0.0263  0.0266  0.0262  0.0263  0.0259  0.0260
  0.0260  0.0259  0.0258  0.0258  0.0259  0.0258  0.0260  0.0261  0.0259  0.0259  0.0257  0.0257
  0.0257  0.0257  0.0257  0.0257  0.0257  0.0257  0.0257  0.0258  0.0257  0.0257  0.0257  0.0256
  0.0256  0.0256  0.0256  0.0256  0.0256  0.0256  0.0256  0.0256  0.0256  0.0256  0.0256  0.0256
  0.0257  0.0257  0.0257  0.0257  0.0257  0.0256  0.0257  0.0257  0.0257  0.0257  0.0256  0.0257
  0.0260  0.0260  0.0258  0.0257  0.0259  0.0257  0.0259  0.0260  0.0259  0.0259  0.0257  0.0258
  0.0264  0.0264  0.0260  0.0259  0.0262  0.0259  0.0263  0.0266  0.0262  0.0262  0.0258  0.0260
niter,ni,del,rscale     2    3    5.0000    0.5000
parameters
   -4.2326   -8.8731    3.7335   -8.1017  -14.6154   -2.5713
    7.5844   -6.0791   -6.7411   21.2784    9.0532  -17.7715
eta,q 0.97440  8.23433
  0.0262  0.0261  0.0259  0.0258  0.0260  0.0259  0.0261  0.0263  0.0260  0.0261  0.0258  0.0259
  0.0259  0.0258  0.0257  0.0257  0.0258  0.0258  0.0258  0.0259  0.0258  0.0259  0.0257  0.0257
  0.0257  0.0257  0.0256  0.0257  0.0257  0.0257  0.0257  0.0257  0.0257  0.0257  0.0256  0.0256
  0.0256  0.0256  0.0256  0.0256  0.0256  0.0256  0.0256  0.0256  0.0256  0.0256  0.0256  0.0256
  0.0257  0.0257  0.0257  0.0256  0.0257  0.0256  0.0257  0.0257  0.0257  0.0256  0.0256  0.0256
  0.0259  0.0259  0.0257  0.0257  0.0258  0.0257  0.0258  0.0259  0.0258  0.0258  0.0256  0.0257
  0.0262  0.0261  0.0259  0.0258  0.0260  0.0258  0.0261  0.0262  0.0260  0.0260  0.0257  0.0259
niter,ni,del,rscale     1    3    5.0000    0.4000
parameters
   -4.2258   -8.8981    3.7138   -7.6870  -14.5254   -2.0340
    7.6506   -5.9411   -6.7446   21.5921    9.4356  -17.7390
eta,q 0.97443  8.28458
  0.0260  0.0259  0.0258  0.0257  0.0259  0.0258  0.0259  0.0261  0.0258  0.0260  0.0257  0.0258
  0.0258  0.0257  0.0257  0.0257  0.0257  0.0257  0.0257  0.0258  0.0257  0.0258  0.0256  0.0257
  0.0256  0.0256  0.0256  0.0256  0.0256  0.0256  0.0256  0.0256  0.0256  0.0256  0.0256  0.0256
  0.0256  0.0256  0.0256  0.0256  0.0256  0.0256  0.0256  0.0256  0.0256  0.0256  0.0256  0.0256
  0.0256  0.0257  0.0256  0.0256  0.0256  0.0256  0.0256  0.0256  0.0256  0.0256  0.0256  0.0256
  0.0258  0.0258  0.0257  0.0256  0.0257  0.0256  0.0257  0.0257  0.0257  0.0257  0.0256  0.0257
  0.0259  0.0259  0.0258  0.0257  0.0258  0.0257  0.0259  0.0260  0.0258  0.0258  0.0257  0.0257
registration optimization eta report
parameter search radius
    0.8000    0.8000    0.8000    2.4000    2.4000    2.4000
    2.4000    2.4000    2.4000    2.4000    2.4000    2.4000
100000*second partial in parameter space
       55.       51.       27.        2.        4.        3.
        5.        8.        4.        5.        2.        3.
  0.0260  0.0259  0.0258  0.0257  0.0259  0.0258  0.0259  0.0261  0.0258  0.0260  0.0257  0.0258
  0.0258  0.0257  0.0257  0.0257  0.0257  0.0257  0.0257  0.0258  0.0257  0.0258  0.0256  0.0257
  0.0256  0.0256  0.0256  0.0256  0.0256  0.0256  0.0256  0.0256  0.0256  0.0256  0.0256  0.0256
  0.0256  0.0256  0.0256  0.0256  0.0256  0.0256  0.0256  0.0256  0.0256  0.0256  0.0256  0.0256
  0.0256  0.0257  0.0256  0.0256  0.0256  0.0256  0.0256  0.0256  0.0256  0.0256  0.0256  0.0256
  0.0258  0.0258  0.0257  0.0256  0.0257  0.0256  0.0257  0.0257  0.0257  0.0257  0.0256  0.0257
  0.0259  0.0259  0.0258  0.0257  0.0258  0.0257  0.0259  0.0260  0.0258  0.0258  0.0257  0.0257
   -4.2258   -8.8981    3.7138   -7.6870  -14.5254   -2.0340
    7.6506   -5.9411   -6.7446   21.5921    9.4356  -17.7390
eta,q 0.97443  8.28458

---------------------------------------------------------------------
imgreg_4dfp /opt/freesurfer/average/711-2C_as_mni_average_305 /opt/freesurfer/average/711-2B_as_mni_average_305_mask talsrcimg_g11 none talsrcimg_to_711-2C_as_mni_average_305_t4 2311
---------------------------------------------------------------------

freesurfer imgreg_4dfp.c
/opt/freesurfer/average/711-2C_as_mni_average_305.4dfp.img
       256       256       256         1
  1.000000  1.000000  1.000000
orientation T byte_order littleendian
Reading image: /opt/freesurfer/average/711-2C_as_mni_average_305.4dfp.img
dimensions:      256       256       256
mmppix:       1.0000   -1.0000   -1.0000
center:     128.0000 -129.0000 -129.0000
/opt/freesurfer/average/711-2B_as_mni_average_305_mask.4dfp.img
       256       256       256         1
  1.000000  1.000000  1.000000
orientation T byte_order littleendian
Reading mask: /opt/freesurfer/average/711-2B_as_mni_average_305_mask.4dfp.img (2306576 pixels)
talsrcimg_g11.4dfp.img
       256       256       256         1
  1.000000  1.000000  1.000000
orientation T byte_order littleendian
Reading image: talsrcimg_g11.4dfp.img
dimensions:      256       256       256
mmppix:       1.0000   -1.0000   -1.0000
center:     128.0000 -129.0000 -129.0000
fimgreg.f
image alignment mode   2311 decimal      907 hex
parameters
   -4.2258   -8.8981    3.7138   -7.6870  -14.5254   -2.0340
    7.6506   -5.9411   -6.7446   21.5921    9.4356  -17.7390
eta,q 0.97443  8.28457
niter,ni,del,rscale     5    3    5.0000    0.8000
parameters
   -4.2180   -8.9118    3.6858   -7.7893  -14.6249   -2.5728
    7.6711   -6.0856   -6.8066   21.3070    9.1442  -17.5129
eta,q 0.97440  8.24898
  0.0270  0.0268  0.0263  0.0261  0.0266  0.0262  0.0268  0.0272  0.0265  0.0266  0.0260  0.0264
  0.0262  0.0261  0.0259  0.0258  0.0260  0.0259  0.0262  0.0263  0.0260  0.0260  0.0258  0.0259
  0.0257  0.0257  0.0256  0.0256  0.0257  0.0257  0.0257  0.0258  0.0257  0.0257  0.0256  0.0257
  0.0256  0.0256  0.0256  0.0256  0.0256  0.0256  0.0256  0.0256  0.0256  0.0256  0.0256  0.0256
  0.0257  0.0257  0.0257  0.0256  0.0257  0.0256  0.0257  0.0258  0.0257  0.0258  0.0257  0.0257
  0.0262  0.0262  0.0259  0.0258  0.0260  0.0260  0.0261  0.0264  0.0261  0.0262  0.0258  0.0259
  0.0270  0.0268  0.0263  0.0262  0.0267  0.0269  0.0268  0.0274  0.0266  0.0269  0.0261  0.0262
niter,ni,del,rscale     4    3    5.0000    0.7000
parameters
   -4.2250   -8.8985    3.7164   -7.8994  -14.5794   -2.5720
    7.6409   -6.0884   -6.7902   21.2708    9.1168  -17.5736
eta,q 0.97440  8.24522
  0.0267  0.0266  0.0261  0.0259  0.0264  0.0261  0.0265  0.0269  0.0264  0.0265  0.0259  0.0261
  0.0261  0.0260  0.0258  0.0258  0.0260  0.0259  0.0260  0.0262  0.0260  0.0260  0.0257  0.0258
  0.0257  0.0257  0.0257  0.0256  0.0257  0.0257  0.0257  0.0258  0.0257  0.0257  0.0256  0.0256
  0.0256  0.0256  0.0256  0.0256  0.0256  0.0256  0.0256  0.0256  0.0256  0.0256  0.0256  0.0256
  0.0257  0.0257  0.0257  0.0256  0.0257  0.0256  0.0257  0.0257  0.0257  0.0257  0.0256  0.0257
  0.0261  0.0260  0.0258  0.0257  0.0259  0.0258  0.0260  0.0262  0.0259  0.0260  0.0257  0.0259
  0.0267  0.0265  0.0261  0.0260  0.0264  0.0263  0.0266  0.0269  0.0263  0.0265  0.0259  0.0261
niter,ni,del,rscale     3    3    5.0000    0.6000
parameters
   -4.2233   -8.9023    3.7216   -7.8080  -14.5429   -2.3703
    7.6350   -6.0404   -6.7798   21.3661    9.2645  -17.6303
eta,q 0.97441  8.26106
  0.0264  0.0263  0.0260  0.0259  0.0262  0.0260  0.0263  0.0266  0.0261  0.0263  0.0258  0.0260
  0.0260  0.0259  0.0258  0.0257  0.0259  0.0258  0.0259  0.0261  0.0258  0.0259  0.0257  0.0257
  0.0257  0.0257  0.0256  0.0256  0.0257  0.0257  0.0257  0.0257  0.0257  0.0257  0.0256  0.0256
  0.0256  0.0256  0.0256  0.0256  0.0256  0.0256  0.0256  0.0256  0.0256  0.0256  0.0256  0.0256
  0.0257  0.0257  0.0256  0.0256  0.0257  0.0256  0.0257  0.0257  0.0256  0.0256  0.0256  0.0256
  0.0260  0.0259  0.0258  0.0257  0.0258  0.0257  0.0259  0.0260  0.0258  0.0259  0.0257  0.0258
  0.0264  0.0263  0.0260  0.0259  0.0262  0.0260  0.0263  0.0265  0.0261  0.0262  0.0258  0.0260
niter,ni,del,rscale     2    3    5.0000    0.5000
parameters
   -4.2211   -8.9171    3.7111   -7.6199  -14.4961   -2.0687
    7.6681   -5.9673   -6.7725   21.5323    9.4976  -17.6410
eta,q 0.97443  8.28695
  0.0261  0.0261  0.0259  0.0258  0.0260  0.0259  0.0261  0.0263  0.0260  0.0261  0.0258  0.0259
  0.0258  0.0258  0.0257  0.0257  0.0258  0.0258  0.0258  0.0259  0.0258  0.0258  0.0257  0.0257
  0.0256  0.0256  0.0256  0.0256  0.0256  0.0257  0.0256  0.0257  0.0256  0.0257  0.0256  0.0256
  0.0256  0.0256  0.0256  0.0256  0.0256  0.0256  0.0256  0.0256  0.0256  0.0256  0.0256  0.0256
  0.0256  0.0257  0.0256  0.0256  0.0256  0.0256  0.0256  0.0256  0.0256  0.0256  0.0256  0.0256
  0.0258  0.0258  0.0257  0.0256  0.0257  0.0257  0.0258  0.0259  0.0258  0.0257  0.0256  0.0257
  0.0261  0.0261  0.0259  0.0257  0.0260  0.0259  0.0261  0.0262  0.0260  0.0260  0.0257  0.0258
niter,ni,del,rscale     1    3    5.0000    0.4000
parameters
   -4.2175   -8.9334    3.6905   -7.3328  -14.4120   -1.7718
    7.6858   -5.9035   -6.7874   21.6715    9.6215  -17.6220
eta,q 0.97445  8.31798
  0.0259  0.0259  0.0257  0.0257  0.0258  0.0258  0.0259  0.0260  0.0258  0.0259  0.0257  0.0258
  0.0257  0.0257  0.0256  0.0256  0.0257  0.0257  0.0257  0.0258  0.0257  0.0257  0.0256  0.0256
  0.0256  0.0256  0.0256  0.0256  0.0256  0.0256  0.0256  0.0256  0.0256  0.0256  0.0256  0.0256
  0.0256  0.0256  0.0256  0.0256  0.0256  0.0256  0.0256  0.0256  0.0256  0.0256  0.0256  0.0256
  0.0256  0.0256  0.0256  0.0256  0.0256  0.0256  0.0256  0.0256  0.0256  0.0256  0.0256  0.0256
  0.0257  0.0257  0.0257  0.0256  0.0257  0.0256  0.0257  0.0257  0.0257  0.0257  0.0256  0.0256
  0.0259  0.0259  0.0258  0.0257  0.0258  0.0257  0.0259  0.0260  0.0258  0.0258  0.0257  0.0257
registration optimization eta report
parameter search radius
    0.8000    0.8000    0.8000    2.4000    2.4000    2.4000
    2.4000    2.4000    2.4000    2.4000    2.4000    2.4000
100000*second partial in parameter space
       56.       51.       29.        2.        4.        4.
        5.        8.        4.        5.        2.        3.
  0.0259  0.0259  0.0257  0.0257  0.0258  0.0258  0.0259  0.0260  0.0258  0.0259  0.0257  0.0258
  0.0257  0.0257  0.0256  0.0256  0.0257  0.0257  0.0257  0.0258  0.0257  0.0257  0.0256  0.0256
  0.0256  0.0256  0.0256  0.0256  0.0256  0.0256  0.0256  0.0256  0.0256  0.0256  0.0256  0.0256
  0.0256  0.0256  0.0256  0.0256  0.0256  0.0256  0.0256  0.0256  0.0256  0.0256  0.0256  0.0256
  0.0256  0.0256  0.0256  0.0256  0.0256  0.0256  0.0256  0.0256  0.0256  0.0256  0.0256  0.0256
  0.0257  0.0257  0.0257  0.0256  0.0257  0.0256  0.0257  0.0257  0.0257  0.0257  0.0256  0.0256
  0.0259  0.0259  0.0258  0.0257  0.0258  0.0257  0.0259  0.0260  0.0258  0.0258  0.0257  0.0257
   -4.2175   -8.9334    3.6905   -7.3328  -14.4120   -1.7718
    7.6858   -5.9035   -6.7874   21.6715    9.6215  -17.6220
eta,q 0.97445  8.31798

---------------------------------------------------------------------
compute_vox2vox talsrcimg talsrcimg_to_711-2C_as_mni_average_305_t4 /opt/freesurfer/average/711-2C_as_mni_average_305
---------------------------------------------------------------------

freesurfer compute_vox2vox.c
Reading: talsrcimg.4dfp.ifh
Reading: talsrcimg_to_711-2C_as_mni_average_305_t4
Reading: /opt/freesurfer/average/711-2C_as_mni_average_305.4dfp.ifh
Writing: talsrcimg_to_711-2C_as_mni_average_305_t4_vox2vox.txt

start time Sun Mar 8 17:34:41 CET 2026
end		time Sun Mar 8 17:36:07 CET 2026

mpr2mni305 success

avi2talxfm orig_nu.mgz /opt/freesurfer/average/mni305.cor.mgz talsrcimg_to_711-2C_as_mni_average_305_t4_vox2vox.txt transforms/talairach.auto.xfm
avi2talxfm done
mv -f /out/sourcedata/freesurfer/sub-v1s14x0051563_ses-1/mri/talsrcimg_to_711-2C_as_mni_average_305_t4_vox2vox.txt /out/sourcedata/freesurfer/sub-v1s14x0051563_ses-1/mri/transforms/talsrcimg_to_711-2C_as_mni_average_305_t4_vox2vox.txt
lta_convert --src orig_nu.mgz --trg /opt/freesurfer/average/mni305.cor.mgz --inxfm transforms/talairach.auto.xfm --outlta transforms/talairach.auto.xfm.lta --subject fsaverage
7.3.2

--src: orig_nu.mgz src image (geometry).
--trg: /opt/freesurfer/average/mni305.cor.mgz trg image (geometry).
--inmni: transforms/talairach.auto.xfm input MNI/XFM transform.
--outlta: transforms/talairach.auto.xfm.lta output LTA.
--s: fsaverage subject name
 LTA read, type : 1
 1.06490   0.08140  -0.07887   2.22520;
-0.08528   0.96728   0.20682  -28.82888;
 0.10605  -0.23847   1.10977  -12.12241;
 0.00000   0.00000   0.00000   1.00000;
setting subject to fsaverage
Writing  LTA to file transforms/talairach.auto.xfm.lta...
lta_convert successful.
 
 
Started at Sun Mar 8 17:34:41 CET 2026
Ended   at Sun Mar  8 17:36:07 CET 2026
talairach_avi done
