/out/sourcedata/freesurfer/sub-v1s14x0051574_ses-1/mri
/opt/freesurfer/bin/talairach_avi
--i orig_nu.mgz --xfm transforms/talairach.auto.xfm
talairach_avi 7.3.2
Linux dna078 5.14.0-427.37.1.el9_4.x86_64 #1 SMP PREEMPT_DYNAMIC Fri Sep 13 12:41:50 EDT 2024 x86_64 x86_64 x86_64 GNU/Linux
Sun Mar  8 18:52:37 CET 2026
mri_convert orig_nu.mgz talsrcimg.img 
reading from orig_nu.mgz...
TR=0.00, TE=0.00, TI=0.00, flip angle=0.00
i_ras = (-1, -1.74623e-10, -9.31323e-10)
j_ras = (0, 0, -1)
k_ras = (-2.91038e-10, 1, 0)
writing to talsrcimg.img...
Analyze Output Matrix
-1.00000   0.00000  -0.00000   131.34692;
-0.00000   0.00000   1.00000  -99.59108;
-0.00000  -1.00000   0.00000   134.57916;
 0.00000   0.00000   0.00000   1.00000;
--------------------
INFO: set hdr.hist.orient to -1
mpr2mni305 talsrcimg
Sun Mar  8 18:52:38 CET 2026
/opt/freesurfer/bin/mpr2mni305 talsrcimg
mpr2mni305 7.3.2
target=711-2C_as_mni_average_305

---------------------------------------------------------------------
analyzeto4dfp talsrcimg -O0 -y
---------------------------------------------------------------------

freesurfer ifh2hdr.c
Sun Mar  8 18:52:38 2026
Writing: talsrcimg.4dfp.hdr
freesurfer analyzeto4dfp.c
Reading: talsrcimg.hdr
header size 348 bytes
hdr.dime.datatype	offset=70	value=2
hdr.dime.bitpix		offset=72	value=8
hdr.hist.orient		offset=252	value=-1
dimensionality     4
dimensions       256       256       256         1
Reading: talsrcimg.img
Writing: talsrcimg.4dfp.img
Writing: talsrcimg.4dfp.ifh
ifh2hdr talsrcimg -r0to251
ori=2

---------------------------------------------------------------------
gauss_4dfp talsrcimg 1.1
---------------------------------------------------------------------

freesurfer gauss_4dfp.c
Reading: talsrcimg.4dfp.img
Writing: talsrcimg_g11.4dfp.img
image dimensions 256 256 256 padded to 288 288 288
processing volume 1freesurfer ifh2hdr.c
Sun Mar  8 18:52:39 2026
Writing: talsrcimg_g11.4dfp.hdr

Writing: talsrcimg_g11.4dfp.ifh
including: talsrcimg.4dfp.img.rec in talsrcimg_g11.4dfp.img.rec

---------------------------------------------------------------------
imgreg_4dfp /opt/freesurfer/average/711-2C_as_mni_average_305 none talsrcimg_g11 none talsrcimg_to_711-2C_as_mni_average_305_t4 4355
---------------------------------------------------------------------

freesurfer imgreg_4dfp.c
/opt/freesurfer/average/711-2C_as_mni_average_305.4dfp.img
       256       256       256         1
  1.000000  1.000000  1.000000
orientation T byte_order littleendian
Reading image: /opt/freesurfer/average/711-2C_as_mni_average_305.4dfp.img
dimensions:      256       256       256
mmppix:       1.0000   -1.0000   -1.0000
center:     128.0000 -129.0000 -129.0000
talsrcimg_g11.4dfp.img
       256       256       256         1
  1.000000  1.000000  1.000000
orientation T byte_order littleendian
Reading image: talsrcimg_g11.4dfp.img
dimensions:      256       256       256
mmppix:       1.0000   -1.0000   -1.0000
center:     128.0000 -129.0000 -129.0000
t4_read: open error in t4_sub.f l:  41 t4_file(1:l)talsrcimg_to_711-2C_as_mni_average_305_t4 
t4_read: transform initialized to I4
rotation matrix determinant  1.000000
image alignment mode   4355 decimal     1103 hex
   -7.5000  -45.0000  -45.0000 9144.5732   15.7869
    0.0000  -45.0000  -45.0000 9521.8525   15.8278
    7.5000  -45.0000  -45.0000 9048.8789   15.8737
   -7.5000  -37.5000  -45.0000 9725.9619   15.7815
    0.0000  -37.5000  -45.000010118.3203   15.8198
    7.5000  -37.5000  -45.0000 9605.1289   15.8565
   -7.5000  -30.0000  -45.000010595.3291   15.7871
    0.0000  -30.0000  -45.000011052.2803   15.8274
    7.5000  -30.0000  -45.000010469.4072   15.8602
   -7.5000  -22.5000  -45.000011329.1377   15.8050
    0.0000  -22.5000  -45.000011785.9648   15.8508
    7.5000  -22.5000  -45.000011185.6680   15.8893
   -7.5000  -15.0000  -45.000012026.8008   15.8159
    0.0000  -15.0000  -45.000012499.4658   15.8644
    7.5000  -15.0000  -45.000011850.6914   15.9120
   -7.5000   -7.5000  -45.000012701.5400   15.8034
    0.0000   -7.5000  -45.000013175.2656   15.8491
    7.5000   -7.5000  -45.000012497.3350   15.9001
   -7.5000    0.0000  -45.000013225.2529   15.7869
    0.0000    0.0000  -45.000013699.8486   15.8278
    7.5000    0.0000  -45.000013031.0869   15.8737
   -7.5000    7.5000  -45.000012678.7178   15.7815
    0.0000    7.5000  -45.000013138.6201   15.8198
    7.5000    7.5000  -45.000012474.4395   15.8565
   -7.5000   15.0000  -45.000012069.9609   15.7871
    0.0000   15.0000  -45.000012505.6582   15.8274
    7.5000   15.0000  -45.000011890.0811   15.8602
   -7.5000   22.5000  -45.000011270.0264   15.8028
    0.0000   22.5000  -45.000011700.4561   15.8486
    7.5000   22.5000  -45.000011113.9932   15.8871
   -7.5000   30.0000  -45.000010256.7598   15.6052
    0.0000   30.0000  -45.000010646.2480   15.6530
    7.5000   30.0000  -45.000010134.7246   15.7000
   -7.5000   37.5000  -45.0000 9631.9092   15.5928
    0.0000   37.5000  -45.000010010.6221   15.6379
    7.5000   37.5000  -45.0000 9533.7988   15.6882
   -7.5000   45.0000  -45.0000 8729.7930   15.1810
    0.0000   45.0000  -45.0000 9071.5273   15.2203
    7.5000   45.0000  -45.0000 8629.2197   15.2645
   -7.5000  -45.0000  -37.5000 9600.5293   15.8120
    0.0000  -45.0000  -37.5000 9989.9473   15.8452
    7.5000  -45.0000  -37.5000 9490.0459   15.8918
   -7.5000  -37.5000  -37.500010187.0693   15.8034
    0.0000  -37.5000  -37.500010593.9902   15.8389
    7.5000  -37.5000  -37.500010068.5039   15.8763
   -7.5000  -30.0000  -37.500011109.1504   15.8059
    0.0000  -30.0000  -37.500011558.3896   15.8461
    7.5000  -30.0000  -37.500010989.9463   15.8795
   -7.5000  -22.5000  -37.500011855.5273   15.8237
    0.0000  -22.5000  -37.500012333.8877   15.8675
    7.5000  -22.5000  -37.500011738.6963   15.9067
   -7.5000  -15.0000  -37.500012578.5029   15.8379
    0.0000  -15.0000  -37.500013062.6611   15.8807
    7.5000  -15.0000  -37.500012427.2109   15.9286
   -7.5000   -7.5000  -37.500013268.2852   15.8288
    0.0000   -7.5000  -37.500013761.8564   15.8656
    7.5000   -7.5000  -37.500013085.9561   15.9169
   -7.5000    0.0000  -37.500013804.3955   15.8120
    0.0000    0.0000  -37.500014309.9678   15.8452
    7.5000    0.0000  -37.500013624.8848   15.8918
   -7.5000    7.5000  -37.500013224.5742   15.8034
    0.0000    7.5000  -37.500013691.1621   15.8389
    7.5000    7.5000  -37.500013018.0654   15.8763
   -7.5000   15.0000  -37.500012556.1426   15.8059
    0.0000   15.0000  -37.500012990.5830   15.8461
    7.5000   15.0000  -37.500012379.0225   15.8795
   -7.5000   22.5000  -37.500011723.6660   15.8215
    0.0000   22.5000  -37.500012146.5322   15.8653
    7.5000   22.5000  -37.500011588.4287   15.9045
   -7.5000   30.0000  -37.500010688.3018   15.6269
    0.0000   30.0000  -37.500011077.2861   15.6690
    7.5000   30.0000  -37.500010562.0830   15.7163
   -7.5000   37.5000  -37.500010013.1621   15.6178
    0.0000   37.5000  -37.500010382.8594   15.6542
    7.5000   37.5000  -37.5000 9915.3428   15.7048
   -7.5000   45.0000  -37.5000 9043.1826   15.2051
    0.0000   45.0000  -37.5000 9382.9229   15.2371
    7.5000   45.0000  -37.5000 8946.0869   15.2819
   -7.5000  -45.0000  -30.000010188.4688   16.4854
    0.0000  -45.0000  -30.000010585.2480   16.5159
    7.5000  -45.0000  -30.000010081.8477   16.5649
   -7.5000  -37.5000  -30.000010798.6289   16.4783
    0.0000  -37.5000  -30.000011212.5059   16.5124
    7.5000  -37.5000  -30.000010671.2783   16.5515
   -7.5000  -30.0000  -30.000011776.1855   16.4832
    0.0000  -30.0000  -30.000012248.1533   16.5249
    7.5000  -30.0000  -30.000011644.9092   16.5600
   -7.5000  -22.5000  -30.000012573.6484   16.5000
    0.0000  -22.5000  -30.000013069.0918   16.5472
    7.5000  -22.5000  -30.000012431.4053   16.5888
   -7.5000  -15.0000  -30.000013296.6279   16.5129
    0.0000  -15.0000  -30.000013804.2041   16.5583
    7.5000  -15.0000  -30.000013124.0723   16.6084
   -7.5000   -7.5000  -30.000014005.0566   16.5033
    0.0000   -7.5000  -30.000014539.9561   16.5394
    7.5000   -7.5000  -30.000013805.7100   16.5929
   -7.5000    0.0000  -30.000014581.6035   16.4854
    0.0000    0.0000  -30.000015145.9023   16.5159
    7.5000    0.0000  -30.000014389.0127   16.5649
   -7.5000    7.5000  -30.000013950.7725   16.4783
    0.0000    7.5000  -30.000014474.6523   16.5124
    7.5000    7.5000  -30.000013749.4121   16.5515
   -7.5000   15.0000  -30.000013179.2891   16.4832
    0.0000   15.0000  -30.000013642.2598   16.5249
    7.5000   15.0000  -30.000012983.0830   16.5600
   -7.5000   22.5000  -30.000012300.5264   16.4960
    0.0000   22.5000  -30.000012713.6934   16.5433
    7.5000   22.5000  -30.000012146.7061   16.5849
   -7.5000   30.0000  -30.000011190.1504   16.2944
    0.0000   30.0000  -30.000011581.1289   16.3392
    7.5000   30.0000  -30.000011087.8154   16.3887
   -7.5000   37.5000  -30.000010511.5039   16.2849
    0.0000   37.5000  -30.000010888.0596   16.3205
    7.5000   37.5000  -30.000010401.0605   16.3733
   -7.5000   45.0000  -30.0000 9482.7285   15.8643
    0.0000   45.0000  -30.0000 9826.8604   15.8937
    7.5000   45.0000  -30.0000 9369.8945   15.9408
   -7.5000  -45.0000  -22.500010738.2188   17.0337
    0.0000  -45.0000  -22.500011154.2178   17.0697
    7.5000  -45.0000  -22.500010635.3232   17.1180
   -7.5000  -37.5000  -22.500011369.1113   17.0335
    0.0000  -37.5000  -22.500011805.7246   17.0688
    7.5000  -37.5000  -22.500011227.8945   17.1058
   -7.5000  -30.0000  -22.500012411.3369   17.0454
    0.0000  -30.0000  -22.500012902.6260   17.0888
    7.5000  -30.0000  -22.500012238.4805   17.1217
   -7.5000  -22.5000  -22.500013281.6777   17.0599
    0.0000  -22.5000  -22.500013817.8428   17.1139
    7.5000  -22.5000  -22.500013090.4053   17.1552
   -7.5000  -15.0000  -22.500014008.6064   17.0655
    0.0000  -15.0000  -22.500014565.9766   17.1217
    7.5000  -15.0000  -22.500013805.2744   17.1728
   -7.5000   -7.5000  -22.500014685.0000   17.0511
    0.0000   -7.5000  -22.500015285.8604   17.0975
    7.5000   -7.5000  -22.500014472.5303   17.1515
   -7.5000    0.0000  -22.500015292.7188   17.0337
    0.0000    0.0000  -22.500015933.1543   17.0697
    7.5000    0.0000  -22.500015078.6680   17.1180
   -7.5000    7.5000  -22.500014609.0557   17.0335
    0.0000    7.5000  -22.500015212.6543   17.0688
    7.5000    7.5000  -22.500014405.8252   17.1058
   -7.5000   15.0000  -22.500013752.0586   17.0454
    0.0000   15.0000  -22.500014282.4834   17.0888
    7.5000   15.0000  -22.500013546.8164   17.1217
   -7.5000   22.5000  -22.500012840.6494   17.0546
    0.0000   22.5000  -22.500013292.4922   17.1086
    7.5000   22.5000  -22.500012660.6914   17.1500
   -7.5000   30.0000  -22.500011683.2891   16.8423
    0.0000   30.0000  -22.500012126.4053   16.8977
    7.5000   30.0000  -22.500011558.3301   16.9482
   -7.5000   37.5000  -22.500010978.4668   16.8280
    0.0000   37.5000  -22.500011383.8066   16.8739
    7.5000   37.5000  -22.500010858.6611   16.9271
   -7.5000   45.0000  -22.5000 9897.7725   16.4042
    0.0000   45.0000  -22.500010265.9678   16.4390
    7.5000   45.0000  -22.5000 9777.8896   16.4855
   -7.5000  -45.0000  -15.000011293.1670   17.4145
    0.0000  -45.0000  -15.000011705.6816   17.4603
    7.5000  -45.0000  -15.000011164.9053   17.5093
   -7.5000  -37.5000  -15.000011918.9961   17.4194
    0.0000  -37.5000  -15.000012378.5420   17.4588
    7.5000  -37.5000  -15.000011761.8789   17.4957
   -7.5000  -30.0000  -15.000012991.9736   17.4356
    0.0000  -30.0000  -15.000013519.2949   17.4811
    7.5000  -30.0000  -15.000012801.2988   17.5134
   -7.5000  -22.5000  -15.000014024.1250   17.4492
    0.0000  -22.5000  -15.000014593.8457   17.5090
    7.5000  -22.5000  -15.000013750.1143   17.5502
   -7.5000  -15.0000  -15.000014810.1240   17.4495
    0.0000  -15.0000  -15.000015433.1719   17.5165
    7.5000  -15.0000  -15.000014547.6738   17.5689
   -7.5000   -7.5000  -15.000015404.7461   17.4309
    0.0000   -7.5000  -15.000016082.7988   17.4902
    7.5000   -7.5000  -15.000015190.5361   17.5456
   -7.5000    0.0000  -15.000015953.8887   17.4145
    0.0000    0.0000  -15.000016673.8359   17.4603
    7.5000    0.0000  -15.000015739.5615   17.5093
   -7.5000    7.5000  -15.000015257.5195   17.4194
    0.0000    7.5000  -15.000015945.2031   17.4588
    7.5000    7.5000  -15.000015035.4775   17.4957
   -7.5000   15.0000  -15.000014356.8350   17.4356
    0.0000   15.0000  -15.000014960.6230   17.4811
    7.5000   15.0000  -15.000014097.8965   17.5134
   -7.5000   22.5000  -15.000013372.5410   17.4430
    0.0000   22.5000  -15.000013888.8926   17.5028
    7.5000   22.5000  -15.000013132.8359   17.5440
   -7.5000   30.0000  -15.000012206.9414   17.2237
    0.0000   30.0000  -15.000012672.4971   17.2898
    7.5000   30.0000  -15.000012018.7344   17.3415
   -7.5000   37.5000  -15.000011464.4844   17.2053
    0.0000   37.5000  -15.000011923.6260   17.2638
    7.5000   37.5000  -15.000011327.7090   17.3185
   -7.5000   45.0000  -15.000010347.8594   16.7811
    0.0000   45.0000  -15.000010749.3027   16.8253
    7.5000   45.0000  -15.000010204.0967   16.8725
   -7.5000  -45.0000   -7.500011795.8076   17.6102
    0.0000  -45.0000   -7.500012244.3594   17.6604
    7.5000  -45.0000   -7.500011645.7305   17.7117
   -7.5000  -37.5000   -7.500012429.3799   17.6113
    0.0000  -37.5000   -7.500012912.0273   17.6543
    7.5000  -37.5000   -7.500012252.6260   17.6945
   -7.5000  -30.0000   -7.500013566.0645   17.6239
    0.0000  -30.0000   -7.500014077.4951   17.6700
    7.5000  -30.0000   -7.500013344.3535   17.7054
   -7.5000  -22.5000   -7.500014777.5088   17.6410
    0.0000  -22.5000   -7.500015421.2451   17.6982
    7.5000  -22.5000   -7.500014439.2188   17.7409
   -7.5000  -15.0000   -7.500015657.2178   17.6456
    0.0000  -15.0000   -7.500016472.9102   17.7102
    7.5000  -15.0000   -7.500015389.6074   17.7637
   -7.5000   -7.5000   -7.500016196.5244   17.6275
    0.0000   -7.5000   -7.500017046.0137   17.6881
    7.5000   -7.5000   -7.500016033.2285   17.7453
   -7.5000    0.0000   -7.500016767.8926   17.6102
    0.0000    0.0000   -7.500017564.6758   17.6604
    7.5000    0.0000   -7.500016525.0781   17.7117
   -7.5000    7.5000   -7.500016064.0566   17.6113
    0.0000    7.5000   -7.500016774.3770   17.6543
    7.5000    7.5000   -7.500015740.3574   17.6945
   -7.5000   15.0000   -7.500015095.4248   17.6239
    0.0000   15.0000   -7.500015714.4219   17.6700
    7.5000   15.0000   -7.500014727.2920   17.7054
   -7.5000   22.5000   -7.500013984.5371   17.6328
    0.0000   22.5000   -7.500014518.0859   17.6900
    7.5000   22.5000   -7.500013642.8418   17.7327
   -7.5000   30.0000   -7.500012769.1113   17.4168
    0.0000   30.0000   -7.500013221.2148   17.4805
    7.5000   30.0000   -7.500012460.4053   17.5333
   -7.5000   37.5000   -7.500012001.9404   17.3989
    0.0000   37.5000   -7.500012460.2637   17.4587
    7.5000   37.5000   -7.500011774.9775   17.5152
   -7.5000   45.0000   -7.500010839.0791   16.9729
    0.0000   45.0000   -7.500011252.8271   17.0213
    7.5000   45.0000   -7.500010639.1729   17.0707
   -7.5000  -45.0000    0.000012201.5918   17.6660
    0.0000  -45.0000    0.000012709.4717   17.7117
    7.5000  -45.0000    0.000012064.2080   17.7631
   -7.5000  -37.5000    0.000012818.0293   17.6599
    0.0000  -37.5000    0.000013380.4844   17.7028
    7.5000  -37.5000    0.000012697.9834   17.7439
   -7.5000  -30.0000    0.000014027.8877   17.6661
    0.0000  -30.0000    0.000014598.3857   17.7113
    7.5000  -30.0000    0.000013826.5000   17.7480
   -7.5000  -22.5000    0.000015325.2021   17.6862
    0.0000  -22.5000    0.000016092.9502   17.7374
    7.5000  -22.5000    0.000014930.8867   17.7805
   -7.5000  -15.0000    0.000016343.9062   17.6985
    0.0000  -15.0000    0.000017178.0605   17.7527
    7.5000  -15.0000    0.000015880.7158   17.8060
   -7.5000   -7.5000    0.000017074.9141   17.6844
    0.0000   -7.5000    0.000017858.0605   17.7356
    7.5000   -7.5000    0.000016593.7090   17.7927
   -7.5000    0.0000    0.000017723.0449   17.6660
    0.0000    0.0000    0.000018422.2988   17.7117
    7.5000    0.0000    0.000017149.2422   17.7631
   -7.5000    7.5000    0.000016870.2656   17.6599
    0.0000    7.5000    0.000017465.9609   17.7028
    7.5000    7.5000    0.000016296.6924   17.7439
   -7.5000   15.0000    0.000015663.2451   17.6661
    0.0000   15.0000    0.000016228.9209   17.7113
    7.5000   15.0000    0.000015193.0205   17.7480
   -7.5000   22.5000    0.000014423.5283   17.6780
    0.0000   22.5000    0.000014925.5342   17.7292
    7.5000   22.5000    0.000014012.4189   17.7723
   -7.5000   30.0000    0.000013135.6768   17.4694
    0.0000   30.0000    0.000013580.3945   17.5230
    7.5000   30.0000    0.000012817.3232   17.5756
   -7.5000   37.5000    0.000012380.9502   17.4555
    0.0000   37.5000    0.000012831.3799   17.5061
    7.5000   37.5000    0.000012131.3223   17.5624
   -7.5000   45.0000    0.000011182.2920   17.0279
    0.0000   45.0000    0.000011602.1494   17.0721
    7.5000   45.0000    0.000010980.6338   17.1216
   -7.5000  -45.0000    7.500011695.7852   17.6940
    0.0000  -45.0000    7.500012186.4072   17.7312
    7.5000  -45.0000    7.500011532.8955   17.7834
   -7.5000  -37.5000    7.500012311.5850   17.6844
    0.0000  -37.5000    7.500012822.6055   17.7242
    7.5000  -37.5000    7.500012133.0762   17.7660
   -7.5000  -30.0000    7.500013441.4932   17.6872
    0.0000  -30.0000    7.500013979.4980   17.7322
    7.5000  -30.0000    7.500013212.8633   17.7696
   -7.5000  -22.5000    7.500014609.1523   17.7071
    0.0000  -22.5000    7.500015248.9658   17.7562
    7.5000  -22.5000    7.500014214.2637   17.8000
   -7.5000  -15.0000    7.500015550.2676   17.7231
    0.0000  -15.0000    7.500016169.4863   17.7709
    7.5000  -15.0000    7.500015060.0703   17.8245
   -7.5000   -7.5000    7.500016359.2266   17.7128
    0.0000   -7.5000    7.500016921.6836   17.7540
    7.5000   -7.5000    7.500015781.5459   17.8115
   -7.5000    0.0000    7.500017050.7285   17.6940
    0.0000    0.0000    7.500017611.1797   17.7312
    7.5000    0.0000    7.500016418.9883   17.7834
   -7.5000    7.5000    7.500016201.3135   17.6844
    0.0000    7.5000    7.500016734.1465   17.7242
    7.5000    7.5000    7.500015663.6582   17.7660
   -7.5000   15.0000    7.500014984.5850   17.6872
    0.0000   15.0000    7.500015494.1045   17.7322
    7.5000   15.0000    7.500014564.5840   17.7696
   -7.5000   22.5000    7.500013713.8604   17.6989
    0.0000   22.5000    7.500014201.4395   17.7480
    7.5000   22.5000    7.500013376.2988   17.7918
   -7.5000   30.0000    7.500012500.6738   17.4937
    0.0000   30.0000    7.500012948.3428   17.5409
    7.5000   30.0000    7.500012222.2246   17.5938
   -7.5000   37.5000    7.500011785.4434   17.4836
    0.0000   37.5000    7.500012252.5420   17.5243
    7.5000   37.5000    7.500011573.6924   17.5810
   -7.5000   45.0000    7.500010629.1133   17.0550
    0.0000   45.0000    7.500011055.5488   17.0908
    7.5000   45.0000    7.500010468.8555   17.1411
   -7.5000  -45.0000   15.000011096.1846   17.7026
    0.0000  -45.0000   15.000011511.6602   17.7353
    7.5000  -45.0000   15.000010907.2676   17.7880
   -7.5000  -37.5000   15.000011645.4746   17.6950
    0.0000  -37.5000   15.000012096.6465   17.7316
    7.5000  -37.5000   15.000011471.6562   17.7736
   -7.5000  -30.0000   15.000012647.3496   17.7003
    0.0000  -30.0000   15.000013162.8984   17.7451
    7.5000  -30.0000   15.000012483.8516   17.7827
   -7.5000  -22.5000   15.000013619.7725   17.7183
    0.0000  -22.5000   15.000014236.5547   17.7690
    7.5000  -22.5000   15.000013442.3398   17.8137
   -7.5000  -15.0000   15.000014373.4277   17.7322
    0.0000  -15.0000   15.000014985.7314   17.7809
    7.5000  -15.0000   15.000014196.1768   17.8347
   -7.5000   -7.5000   15.000015040.4775   17.7218
    0.0000   -7.5000   15.000015662.2012   17.7606
    7.5000   -7.5000   15.000014861.3877   17.8180
   -7.5000    0.0000   15.000015699.4805   17.7026
    0.0000    0.0000   15.000016344.1680   17.7353
    7.5000    0.0000   15.000015481.8848   17.7880
   -7.5000    7.5000   15.000015031.1748   17.6950
    0.0000    7.5000   15.000015641.0781   17.7316
    7.5000    7.5000   15.000014805.7578   17.7736
   -7.5000   15.0000   15.000014047.5010   17.7003
    0.0000   15.0000   15.000014565.0469   17.7451
    7.5000   15.0000   15.000013784.7832   17.7827
   -7.5000   22.5000   15.000012941.6553   17.7101
    0.0000   22.5000   15.000013381.9385   17.7608
    7.5000   22.5000   15.000012661.5947   17.8055
   -7.5000   30.0000   15.000011838.5527   17.5027
    0.0000   30.0000   15.000012233.9492   17.5508
    7.5000   30.0000   15.000011566.8643   17.6039
   -7.5000   37.5000   15.000011145.7139   17.4925
    0.0000   37.5000   15.000011540.8652   17.5307
    7.5000   37.5000   15.000010913.3115   17.5874
   -7.5000   45.0000   15.000010007.8350   17.0633
    0.0000   45.0000   15.000010383.6455   17.0948
    7.5000   45.0000   15.0000 9822.6748   17.1455
   -7.5000  -45.0000   22.500010290.2109   17.7274
    0.0000  -45.0000   22.500010680.2920   17.7646
    7.5000  -45.0000   22.500010155.4961   17.8150
   -7.5000  -37.5000   22.500010807.2627   17.7277
    0.0000  -37.5000   22.500011213.7998   17.7640
    7.5000  -37.5000   22.500010680.8672   17.8026
   -7.5000  -30.0000   22.500011742.8828   17.7405
    0.0000  -30.0000   22.500012218.6943   17.7854
    7.5000  -30.0000   22.500011631.7783   17.8195
   -7.5000  -22.5000   22.500012619.0996   17.7556
    0.0000  -22.5000   22.500013149.4326   17.8115
    7.5000  -22.5000   22.500012493.2275   17.8543
   -7.5000  -15.0000   22.500013321.0586   17.7610
    0.0000  -15.0000   22.500013839.7480   17.8192
    7.5000  -15.0000   22.500013182.8262   17.8723
   -7.5000   -7.5000   22.500013933.8174   17.7456
    0.0000   -7.5000   22.500014445.8691   17.7936
    7.5000   -7.5000   22.500013783.8359   17.8499
   -7.5000    0.0000   22.500014540.9023   17.7274
    0.0000    0.0000   22.500015061.7783   17.7646
    7.5000    0.0000   22.500014380.1367   17.8150
   -7.5000    7.5000   22.500013922.2012   17.7277
    0.0000    7.5000   22.500014442.1787   17.7640
    7.5000    7.5000   22.500013783.0322   17.8026
   -7.5000   15.0000   22.500013059.5010   17.7405
    0.0000   15.0000   22.500013515.7129   17.7854
    7.5000   15.0000   22.500012870.0469   17.8195
   -7.5000   22.5000   22.500012043.9092   17.7474
    0.0000   22.5000   22.500012450.4092   17.8033
    7.5000   22.5000   22.500011816.9062   17.8461
   -7.5000   30.0000   22.500011012.4355   17.5312
    0.0000   30.0000   22.500011382.4004   17.5886
    7.5000   30.0000   22.500010785.2393   17.6410
   -7.5000   37.5000   22.500010367.6084   17.5159
    0.0000   37.5000   22.500010734.0645   17.5634
    7.5000   37.5000   22.500010151.3447   17.6189
   -7.5000   45.0000   22.5000 9284.0303   17.0872
    0.0000   45.0000   22.5000 9605.7578   17.1231
    7.5000   45.0000   22.5000 9094.6738   17.1716
   -7.5000  -45.0000   30.0000 9472.7695   17.9843
    0.0000  -45.0000   30.0000 9831.7881   18.0315
    7.5000  -45.0000   30.0000 9358.0186   18.0833
   -7.5000  -37.5000   30.0000 9970.8613   17.9897
    0.0000  -37.5000   30.000010352.7539   18.0301
    7.5000  -37.5000   30.0000 9879.5869   18.0690
   -7.5000  -30.0000   30.000010851.7930   18.0073
    0.0000  -30.0000   30.000011300.1631   18.0541
    7.5000  -30.0000   30.000010770.2305   18.0879
   -7.5000  -22.5000   30.000011657.7803   18.0222
    0.0000  -22.5000   30.000012126.8994   18.0838
    7.5000  -22.5000   30.000011548.1904   18.1268
   -7.5000  -15.0000   30.000012309.2725   18.0225
    0.0000  -15.0000   30.000012769.3770   18.0915
    7.5000  -15.0000   30.000012185.7207   18.1465
   -7.5000   -7.5000   30.000012862.2363   18.0022
    0.0000   -7.5000   30.000013333.7559   18.0632
    7.5000   -7.5000   30.000012730.4482   18.1217
   -7.5000    0.0000   30.000013412.2139   17.9843
    0.0000    0.0000   30.000013888.2490   18.0315
    7.5000    0.0000   30.000013266.6602   18.0833
   -7.5000    7.5000   30.000012884.2061   17.9897
    0.0000    7.5000   30.000013328.8545   18.0301
    7.5000    7.5000   30.000012729.3203   18.0690
   -7.5000   15.0000   30.000012120.6797   18.0073
    0.0000   15.0000   30.000012521.0693   18.0541
    7.5000   15.0000   30.000011934.1445   18.0879
   -7.5000   22.5000   30.000011149.1533   18.0139
    0.0000   22.5000   30.000011518.2490   18.0754
    7.5000   22.5000   30.000010968.6904   18.1184
   -7.5000   30.0000   30.000010172.8486   17.7893
    0.0000   30.0000   30.000010516.4600   17.8573
    7.5000   30.0000   30.000010012.1982   17.9116
   -7.5000   37.5000   30.0000 9564.1084   17.7692
    0.0000   37.5000   30.0000 9905.8779   17.8295
    7.5000   37.5000   30.0000 9410.0518   17.8872
   -7.5000   45.0000   30.0000 8577.6025   17.3348
    0.0000   45.0000   30.0000 8895.3799   17.3803
    7.5000   45.0000   30.0000 8432.3096   17.4302
   -7.5000  -45.0000   37.5000 9018.5596   18.4333
    0.0000  -45.0000   37.5000 9376.8320   18.4860
    7.5000  -45.0000   37.5000 8920.8916   18.5409
   -7.5000  -37.5000   37.5000 9526.5010   18.4364
    0.0000  -37.5000   37.5000 9902.9004   18.4804
    7.5000  -37.5000   37.5000 9425.8018   18.5224
   -7.5000  -30.0000   37.500010373.9570   18.4498
    0.0000  -30.0000   37.500010796.2441   18.4969
    7.5000  -30.0000   37.500010284.9199   18.5333
   -7.5000  -22.5000   37.500011132.3564   18.4661
    0.0000  -22.5000   37.500011574.0029   18.5260
    7.5000  -22.5000   37.500011025.0254   18.5709
   -7.5000  -15.0000   37.500011742.8174   18.4695
    0.0000  -15.0000   37.500012200.0889   18.5381
    7.5000  -15.0000   37.500011621.1240   18.5957
   -7.5000   -7.5000   37.500012287.2871   18.4501
    0.0000   -7.5000   37.500012749.9805   18.5146
    7.5000   -7.5000   37.500012158.0039   18.5765
   -7.5000    0.0000   37.500012790.1592   18.4333
    0.0000    0.0000   37.500013251.2178   18.4860
    7.5000    0.0000   37.500012641.2158   18.5409
   -7.5000    7.5000   37.500012296.6123   18.4364
    0.0000    7.5000   37.500012731.2227   18.4804
    7.5000    7.5000   37.500012147.8691   18.5224
   -7.5000   15.0000   37.500011589.1387   18.4498
    0.0000   15.0000   37.500012006.9336   18.4969
    7.5000   15.0000   37.500011437.7705   18.5333
   -7.5000   22.5000   37.500010678.6289   18.4576
    0.0000   22.5000   37.500011066.9141   18.5175
    7.5000   22.5000   37.500010505.2949   18.5624
   -7.5000   30.0000   37.5000 9741.4600   18.2304
    0.0000   30.0000   37.500010095.2705   18.2982
    7.5000   30.0000   37.5000 9575.3525   18.3550
   -7.5000   37.5000   37.5000 9158.7588   18.2114
    0.0000   37.5000   37.5000 9508.0225   18.2750
    7.5000   37.5000   37.5000 9002.2705   18.3361
   -7.5000   45.0000   37.5000 8222.6084   17.7676
    0.0000   45.0000   37.5000 8538.2305   17.8184
    7.5000   45.0000   37.5000 8090.7109   17.8713
   -7.5000  -45.0000   45.0000 8223.7422   19.0101
    0.0000  -45.0000   45.0000 8558.7148   19.0599
    7.5000  -45.0000   45.0000 8130.8193   19.1198
   -7.5000  -37.5000   45.0000 8695.2441   19.0016
    0.0000  -37.5000   45.0000 9056.5205   19.0482
    7.5000  -37.5000   45.0000 8594.0430   19.0963
   -7.5000  -30.0000   45.0000 9457.5889   19.0036
    0.0000  -30.0000   45.0000 9850.6631   19.0523
    7.5000  -30.0000   45.0000 9371.1377   19.0953
   -7.5000  -22.5000   45.000010130.6465   19.0227
    0.0000  -22.5000   45.000010544.4736   19.0774
    7.5000  -22.5000   45.000010039.5459   19.1282
   -7.5000  -15.0000   45.000010705.5967   19.0373
    0.0000  -15.0000   45.000011134.4785   19.0953
    7.5000  -15.0000   45.000010583.7891   19.1581
   -7.5000   -7.5000   45.000011210.5840   19.0267
    0.0000   -7.5000   45.000011647.7734   19.0819
    7.5000   -7.5000   45.000011090.2109   19.1487
   -7.5000    0.0000   45.000011660.2393   19.0101
    0.0000    0.0000   45.000012106.9775   19.0599
    7.5000    0.0000   45.000011535.1143   19.1198
   -7.5000    7.5000   45.000011243.8516   19.0016
    0.0000    7.5000   45.000011660.1436   19.0482
    7.5000    7.5000   45.000011109.0654   19.0963
   -7.5000   15.0000   45.000010599.8906   19.0036
    0.0000   15.0000   45.000010985.2002   19.0523
    7.5000   15.0000   45.000010479.0820   19.0953
   -7.5000   22.5000   45.0000 9772.5322   19.0139
    0.0000   22.5000   45.000010136.0234   19.0686
    7.5000   22.5000   45.0000 9627.0947   19.1193
   -7.5000   30.0000   45.0000 8923.2910   18.7893
    0.0000   30.0000   45.0000 9270.3105   18.8465
    7.5000   30.0000   45.0000 8791.4873   18.9085
   -7.5000   37.5000   45.0000 8404.1514   18.7788
    0.0000   37.5000   45.0000 8714.1689   18.8333
    7.5000   37.5000   45.0000 8258.9346   18.8992
   -7.5000   45.0000   45.0000 7557.4946   18.3318
    0.0000   45.0000   45.0000 7829.1914   18.3799
    7.5000   45.0000   45.0000 7419.0684   18.4376

---------------------------------------------------------------------
imgreg_4dfp /opt/freesurfer/average/711-2C_as_mni_average_305 /opt/freesurfer/average/711-2B_as_mni_average_305_mask talsrcimg_g11 none talsrcimg_to_711-2C_as_mni_average_305_t4 4355
---------------------------------------------------------------------

freesurfer imgreg_4dfp.c
/opt/freesurfer/average/711-2C_as_mni_average_305.4dfp.img
       256       256       256         1
  1.000000  1.000000  1.000000
orientation T byte_order littleendian
Reading image: /opt/freesurfer/average/711-2C_as_mni_average_305.4dfp.img
dimensions:      256       256       256
mmppix:       1.0000   -1.0000   -1.0000
center:     128.0000 -129.0000 -129.0000
/opt/freesurfer/average/711-2B_as_mni_average_305_mask.4dfp.img
       256       256       256         1
  1.000000  1.000000  1.000000
orientation T byte_order littleendian
Reading mask: /opt/freesurfer/average/711-2B_as_mni_average_305_mask.4dfp.img (2306576 pixels)
talsrcimg_g11.4dfp.img
       256       256       256         1
  1.000000  1.000000  1.000000
orientation T byte_order littleendian
Reading image: talsrcimg_g11.4dfp.img
dimensions:      256       256       256
mmppix:       1.0000   -1.0000   -1.0000
center:     128.0000 -129.0000 -129.0000
rotation matrix determinant  1.000000
image alignment mode   4355 decimal     1103 hex
   -7.5000  -45.0000  -45.0000 2269.5557   15.0798
    0.0000  -45.0000  -45.0000 2272.2129   15.1302
    7.5000  -45.0000  -45.0000 2247.0498   15.3728
   -7.5000  -37.5000  -45.0000 2358.6980   13.8842
    0.0000  -37.5000  -45.0000 2360.9541   13.9277
    7.5000  -37.5000  -45.0000 2333.1748   14.1504
   -7.5000  -30.0000  -45.0000 2412.7668   13.0820
    0.0000  -30.0000  -45.0000 2418.5869   13.1203
    7.5000  -30.0000  -45.0000 2384.4304   13.3391
   -7.5000  -22.5000  -45.0000 2444.0295   12.6108
    0.0000  -22.5000  -45.0000 2448.6577   12.5987
    7.5000  -22.5000  -45.0000 2411.1221   12.8651
   -7.5000  -15.0000  -45.0000 2463.6096   12.4060
    0.0000  -15.0000  -45.0000 2469.3772   12.3865
    7.5000  -15.0000  -45.0000 2427.6494   12.6622
   -7.5000   -7.5000  -45.0000 2458.6125   12.4732
    0.0000   -7.5000  -45.0000 2462.2842   12.4744
    7.5000   -7.5000  -45.0000 2425.7871   12.7208
   -7.5000    0.0000  -45.0000 2439.6633   12.7285
    0.0000    0.0000  -45.0000 2443.9893   12.7121
    7.5000    0.0000  -45.0000 2405.9539   12.9565
   -7.5000    7.5000  -45.0000 2404.1255   13.2906
    0.0000    7.5000  -45.0000 2410.3447   13.2363
    7.5000    7.5000  -45.0000 2372.3564   13.4806
   -7.5000   15.0000  -45.0000 2343.3115   14.0614
    0.0000   15.0000  -45.0000 2346.5386   14.0252
    7.5000   15.0000  -45.0000 2314.2593   14.2890
   -7.5000   22.5000  -45.0000 2259.7224   15.1395
    0.0000   22.5000  -45.0000 2267.5081   15.1451
    7.5000   22.5000  -45.0000 2229.7400   15.4230
   -7.5000   30.0000  -45.0000 2157.2556   16.6052
    0.0000   30.0000  -45.0000 2162.1863   16.6145
    7.5000   30.0000  -45.0000 2125.5117   16.9434
   -7.5000   37.5000  -45.0000 2040.6189   18.5080
    0.0000   37.5000  -45.0000 2045.7561   18.5014
    7.5000   37.5000  -45.0000 2013.5787   18.8341
   -7.5000   45.0000  -45.0000 1908.0764   21.0168
    0.0000   45.0000  -45.0000 1912.7029   21.0049
    7.5000   45.0000  -45.0000 1887.4569   21.3879
   -7.5000  -45.0000  -37.5000 2338.1782   14.2401
    0.0000  -45.0000  -37.5000 2343.2021   14.2470
    7.5000  -45.0000  -37.5000 2315.8826   14.4764
   -7.5000  -37.5000  -37.5000 2428.0535   13.0968
    0.0000  -37.5000  -37.5000 2433.4333   13.0812
    7.5000  -37.5000  -37.5000 2405.4727   13.3023
   -7.5000  -30.0000  -37.5000 2494.9978   12.2810
    0.0000  -30.0000  -37.5000 2503.1309   12.2650
    7.5000  -30.0000  -37.5000 2474.4351   12.4831
   -7.5000  -22.5000  -37.5000 2534.3357   11.7995
    0.0000  -22.5000  -37.5000 2542.3120   11.7604
    7.5000  -22.5000  -37.5000 2510.2803   12.0040
   -7.5000  -15.0000  -37.5000 2566.0842   11.5715
    0.0000  -15.0000  -37.5000 2571.0901   11.5302
    7.5000  -15.0000  -37.5000 2535.3794   11.7840
   -7.5000   -7.5000  -37.5000 2565.8284   11.6512
    0.0000   -7.5000  -37.5000 2571.1458   11.6098
    7.5000   -7.5000  -37.5000 2531.9131   11.8356
   -7.5000    0.0000  -37.5000 2543.0698   11.8801
    0.0000    0.0000  -37.5000 2548.6367   11.8439
    7.5000    0.0000  -37.5000 2511.4368   12.0898
   -7.5000    7.5000  -37.5000 2504.3008   12.4006
    0.0000    7.5000  -37.5000 2515.8870   12.3330
    7.5000    7.5000  -37.5000 2471.2986   12.5576
   -7.5000   15.0000  -37.5000 2439.5000   13.0968
    0.0000   15.0000  -37.5000 2447.4270   13.0616
    7.5000   15.0000  -37.5000 2405.8596   13.3099
   -7.5000   22.5000  -37.5000 2350.2983   14.0907
    0.0000   22.5000  -37.5000 2357.0359   14.0869
    7.5000   22.5000  -37.5000 2318.1648   14.3714
   -7.5000   30.0000  -37.5000 2241.9263   15.4563
    0.0000   30.0000  -37.5000 2245.6018   15.4409
    7.5000   30.0000  -37.5000 2209.8879   15.7514
   -7.5000   37.5000  -37.5000 2116.7366   17.2571
    0.0000   37.5000  -37.5000 2122.9150   17.2206
    7.5000   37.5000  -37.5000 2088.6372   17.5430
   -7.5000   45.0000  -37.5000 1975.3105   19.5240
    0.0000   45.0000  -37.5000 1983.0204   19.5576
    7.5000   45.0000  -37.5000 1948.1813   19.8949
   -7.5000  -45.0000  -30.0000 2438.1816   13.9329
    0.0000  -45.0000  -30.0000 2441.9592   13.9288
    7.5000  -45.0000  -30.0000 2416.3579   14.1766
   -7.5000  -37.5000  -30.0000 2535.8840   12.8053
    0.0000  -37.5000  -30.0000 2540.2610   12.7639
    7.5000  -37.5000  -30.0000 2511.9719   12.9994
   -7.5000  -30.0000  -30.0000 2615.0823   11.9833
    0.0000  -30.0000  -30.0000 2625.1064   11.9462
    7.5000  -30.0000  -30.0000 2593.8838   12.1539
   -7.5000  -22.5000  -30.0000 2670.3867   11.4607
    0.0000  -22.5000  -30.0000 2676.7856   11.4177
    7.5000  -22.5000  -30.0000 2643.7268   11.6483
   -7.5000  -15.0000  -30.0000 2709.9197   11.1878
    0.0000  -15.0000  -30.0000 2712.4470   11.1589
    7.5000  -15.0000  -30.0000 2674.2114   11.3940
   -7.5000   -7.5000  -30.0000 2714.9636   11.2275
    0.0000   -7.5000  -30.0000 2718.2104   11.1858
    7.5000   -7.5000  -30.0000 2676.7263   11.4293
   -7.5000    0.0000  -30.0000 2692.8972   11.5035
    0.0000    0.0000  -30.0000 2704.2781   11.4543
    7.5000    0.0000  -30.0000 2657.1523   11.6770
   -7.5000    7.5000  -30.0000 2651.6453   12.0092
    0.0000    7.5000  -30.0000 2665.5625   11.9435
    7.5000    7.5000  -30.0000 2618.4661   12.1673
   -7.5000   15.0000  -30.0000 2578.2666   12.6984
    0.0000   15.0000  -30.0000 2587.6509   12.6490
    7.5000   15.0000  -30.0000 2545.2300   12.8896
   -7.5000   22.5000  -30.0000 2478.9358   13.6668
    0.0000   22.5000  -30.0000 2484.0437   13.6170
    7.5000   22.5000  -30.0000 2446.3770   13.9003
   -7.5000   30.0000  -30.0000 2358.2495   15.0262
    0.0000   30.0000  -30.0000 2361.0081   14.9711
    7.5000   30.0000  -30.0000 2328.1404   15.2626
   -7.5000   37.5000  -30.0000 2228.6013   16.7645
    0.0000   37.5000  -30.0000 2232.5081   16.7032
    7.5000   37.5000  -30.0000 2196.4519   17.0060
   -7.5000   45.0000  -30.0000 2072.0955   18.9841
    0.0000   45.0000  -30.0000 2075.0227   18.9606
    7.5000   45.0000  -30.0000 2042.9751   19.2646
   -7.5000  -45.0000  -22.5000 2501.6189   13.5601
    0.0000  -45.0000  -22.5000 2506.0813   13.5255
    7.5000  -45.0000  -22.5000 2483.2168   13.8055
   -7.5000  -37.5000  -22.5000 2611.3501   12.4292
    0.0000  -37.5000  -22.5000 2616.0930   12.4109
    7.5000  -37.5000  -22.5000 2585.1370   12.6501
   -7.5000  -30.0000  -22.5000 2704.4893   11.6303
    0.0000  -30.0000  -22.5000 2716.0583   11.5936
    7.5000  -30.0000  -22.5000 2679.5688   11.7975
   -7.5000  -22.5000  -22.5000 2774.4473   11.0932
    0.0000  -22.5000  -22.5000 2780.8079   11.0608
    7.5000  -22.5000  -22.5000 2745.3042   11.2703
   -7.5000  -15.0000  -22.5000 2820.3105   10.7791
    0.0000  -15.0000  -22.5000 2825.6138   10.7733
    7.5000  -15.0000  -22.5000 2781.1802   11.0023
   -7.5000   -7.5000  -22.5000 2832.3098   10.7379
    0.0000   -7.5000  -22.5000 2839.0374   10.7296
    7.5000   -7.5000  -22.5000 2787.6909   10.9726
   -7.5000    0.0000  -22.5000 2812.1299   11.0229
    0.0000    0.0000  -22.5000 2825.5957   10.9854
    7.5000    0.0000  -22.5000 2771.4368   11.2186
   -7.5000    7.5000  -22.5000 2763.5251   11.5164
    0.0000    7.5000  -22.5000 2778.0598   11.4911
    7.5000    7.5000  -22.5000 2727.8540   11.6951
   -7.5000   15.0000  -22.5000 2679.0320   12.2447
    0.0000   15.0000  -22.5000 2689.7239   12.2072
    7.5000   15.0000  -22.5000 2647.9199   12.4358
   -7.5000   22.5000  -22.5000 2577.4048   13.2059
    0.0000   22.5000  -22.5000 2580.2644   13.1796
    7.5000   22.5000  -22.5000 2541.3293   13.4364
   -7.5000   30.0000  -22.5000 2446.0920   14.5393
    0.0000   30.0000  -22.5000 2452.3198   14.5045
    7.5000   30.0000  -22.5000 2413.5852   14.7637
   -7.5000   37.5000  -22.5000 2307.2942   16.2258
    0.0000   37.5000  -22.5000 2309.4861   16.1889
    7.5000   37.5000  -22.5000 2273.1855   16.4603
   -7.5000   45.0000  -22.5000 2142.9119   18.3672
    0.0000   45.0000  -22.5000 2150.2261   18.3557
    7.5000   45.0000  -22.5000 2113.4998   18.6419
   -7.5000  -45.0000  -15.0000 2533.0676   13.2193
    0.0000  -45.0000  -15.0000 2532.5383   13.1955
    7.5000  -45.0000  -15.0000 2509.4526   13.4936
   -7.5000  -37.5000  -15.0000 2651.5332   12.1038
    0.0000  -37.5000  -15.0000 2655.8364   12.0883
    7.5000  -37.5000  -15.0000 2625.2031   12.3461
   -7.5000  -30.0000  -15.0000 2754.3416   11.3006
    0.0000  -30.0000  -15.0000 2766.3005   11.2783
    7.5000  -30.0000  -15.0000 2730.2051   11.5039
   -7.5000  -22.5000  -15.0000 2844.7039   10.7906
    0.0000  -22.5000  -15.0000 2853.3210   10.7925
    7.5000  -22.5000  -15.0000 2812.8000   10.9621
   -7.5000  -15.0000  -15.0000 2896.8848   10.4852
    0.0000  -15.0000  -15.0000 2909.5911   10.4955
    7.5000  -15.0000  -15.0000 2856.9109   10.7128
   -7.5000   -7.5000  -15.0000 2915.5837   10.3421
    0.0000   -7.5000  -15.0000 2923.8369   10.3598
    7.5000   -7.5000  -15.0000 2867.9868   10.6362
   -7.5000    0.0000  -15.0000 2887.8838   10.5791
    0.0000    0.0000  -15.0000 2900.7878   10.5780
    7.5000    0.0000  -15.0000 2841.8462   10.8396
   -7.5000    7.5000  -15.0000 2833.4111   11.0850
    0.0000    7.5000  -15.0000 2846.8728   11.0740
    7.5000    7.5000  -15.0000 2792.5781   11.3116
   -7.5000   15.0000  -15.0000 2744.4595   11.8145
    0.0000   15.0000  -15.0000 2751.6897   11.8084
    7.5000   15.0000  -15.0000 2704.7947   12.0178
   -7.5000   22.5000  -15.0000 2629.2224   12.7806
    0.0000   22.5000  -15.0000 2632.7988   12.7838
    7.5000   22.5000  -15.0000 2591.8738   13.0396
   -7.5000   30.0000  -15.0000 2495.4463   14.0996
    0.0000   30.0000  -15.0000 2500.2495   14.0806
    7.5000   30.0000  -15.0000 2458.1865   14.3692
   -7.5000   37.5000  -15.0000 2351.0735   15.7133
    0.0000   37.5000  -15.0000 2358.3870   15.7034
    7.5000   37.5000  -15.0000 2320.6440   16.0249
   -7.5000   45.0000  -15.0000 2185.2642   17.7868
    0.0000   45.0000  -15.0000 2191.2754   17.8163
    7.5000   45.0000  -15.0000 2157.8696   18.1298
   -7.5000  -45.0000   -7.5000 2530.9324   12.9957
    0.0000  -45.0000   -7.5000 2533.1833   12.9733
    7.5000  -45.0000   -7.5000 2506.9370   13.3009
   -7.5000  -37.5000   -7.5000 2659.7659   11.8781
    0.0000  -37.5000   -7.5000 2664.6978   11.8682
    7.5000  -37.5000   -7.5000 2632.1350   12.1208
   -7.5000  -30.0000   -7.5000 2772.3103   11.0555
    0.0000  -30.0000   -7.5000 2780.6189   11.0543
    7.5000  -30.0000   -7.5000 2748.1726   11.2838
   -7.5000  -22.5000   -7.5000 2877.1038   10.5963
    0.0000  -22.5000   -7.5000 2887.7729   10.5927
    7.5000  -22.5000   -7.5000 2846.4199   10.7732
   -7.5000  -15.0000   -7.5000 2941.1943   10.3265
    0.0000  -15.0000   -7.5000 2961.5920   10.3603
    7.5000  -15.0000   -7.5000 2904.7358   10.5406
   -7.5000   -7.5000   -7.5000 2966.2500   10.1127
    0.0000   -7.5000   -7.5000 2987.6335   10.1929
    7.5000   -7.5000   -7.5000 2920.2219   10.4443
   -7.5000    0.0000   -7.5000 2933.4644   10.2946
    0.0000    0.0000   -7.5000 2947.6863   10.3417
    7.5000    0.0000   -7.5000 2880.8594   10.6184
   -7.5000    7.5000   -7.5000 2870.4238   10.8068
    0.0000    7.5000   -7.5000 2881.6663   10.8001
    7.5000    7.5000   -7.5000 2820.3684   11.0432
   -7.5000   15.0000   -7.5000 2773.2961   11.5145
    0.0000   15.0000   -7.5000 2781.7302   11.4862
    7.5000   15.0000   -7.5000 2730.3674   11.7088
   -7.5000   22.5000   -7.5000 2649.0435   12.4912
    0.0000   22.5000   -7.5000 2657.1428   12.4448
    7.5000   22.5000   -7.5000 2611.8618   12.7050
   -7.5000   30.0000   -7.5000 2519.0916   13.7733
    0.0000   30.0000   -7.5000 2521.7783   13.7257
    7.5000   30.0000   -7.5000 2476.6707   14.0013
   -7.5000   37.5000   -7.5000 2372.8516   15.3506
    0.0000   37.5000   -7.5000 2375.3347   15.3558
    7.5000   37.5000   -7.5000 2337.1858   15.6412
   -7.5000   45.0000   -7.5000 2205.5901   17.3524
    0.0000   45.0000   -7.5000 2208.8416   17.3771
    7.5000   45.0000   -7.5000 2176.6653   17.7441
   -7.5000  -45.0000    0.0000 2512.7812   12.9927
    0.0000  -45.0000    0.0000 2515.2412   12.9865
    7.5000  -45.0000    0.0000 2487.9241   13.3407
   -7.5000  -37.5000    0.0000 2641.6978   11.8546
    0.0000  -37.5000    0.0000 2651.8193   11.8649
    7.5000  -37.5000    0.0000 2619.9609   12.1630
   -7.5000  -30.0000    0.0000 2761.7810   11.0531
    0.0000  -30.0000    0.0000 2771.1511   11.0599
    7.5000  -30.0000    0.0000 2743.8623   11.3100
   -7.5000  -22.5000    0.0000 2869.8877   10.6619
    0.0000  -22.5000    0.0000 2890.6877   10.6477
    7.5000  -22.5000    0.0000 2850.7466   10.8010
   -7.5000  -15.0000    0.0000 2948.2583   10.4107
    0.0000  -15.0000    0.0000 2976.8127   10.4357
    7.5000  -15.0000    0.0000 2922.2041   10.5233
   -7.5000   -7.5000    0.0000 2980.0791   10.2094
    0.0000   -7.5000    0.0000 3010.2883   10.2168
    7.5000   -7.5000    0.0000 2941.0232   10.4063
   -7.5000    0.0000    0.0000 2946.5969   10.3794
    0.0000    0.0000    0.0000 2969.0667   10.3505
    7.5000    0.0000    0.0000 2901.7041   10.5687
   -7.5000    7.5000    0.0000 2876.8628   10.7794
    0.0000    7.5000    0.0000 2886.6069   10.7406
    7.5000    7.5000    0.0000 2827.9375   10.9770
   -7.5000   15.0000    0.0000 2761.3115   11.4343
    0.0000   15.0000    0.0000 2772.5500   11.3969
    7.5000   15.0000    0.0000 2727.4575   11.6372
   -7.5000   22.5000    0.0000 2638.5593   12.3988
    0.0000   22.5000    0.0000 2642.8621   12.3442
    7.5000   22.5000    0.0000 2604.8589   12.6215
   -7.5000   30.0000    0.0000 2505.9846   13.6544
    0.0000   30.0000    0.0000 2508.3088   13.6041
    7.5000   30.0000    0.0000 2471.9612   13.8752
   -7.5000   37.5000    0.0000 2364.2224   15.2496
    0.0000   37.5000    0.0000 2365.6699   15.2001
    7.5000   37.5000    0.0000 2333.0222   15.4931
   -7.5000   45.0000    0.0000 2198.6064   17.2019
    0.0000   45.0000    0.0000 2201.3008   17.1796
    7.5000   45.0000    0.0000 2173.3350   17.4889
   -7.5000  -45.0000    7.5000 2482.0024   13.2698
    0.0000  -45.0000    7.5000 2491.3540   13.2281
    7.5000  -45.0000    7.5000 2464.7969   13.5636
   -7.5000  -37.5000    7.5000 2610.8794   12.1520
    0.0000  -37.5000    7.5000 2620.9438   12.1193
    7.5000  -37.5000    7.5000 2594.2297   12.3826
   -7.5000  -30.0000    7.5000 2728.0796   11.3484
    0.0000  -30.0000    7.5000 2738.2810   11.3278
    7.5000  -30.0000    7.5000 2714.7983   11.5581
   -7.5000  -22.5000    7.5000 2840.5669   10.9142
    0.0000  -22.5000    7.5000 2856.2725   10.9033
    7.5000  -22.5000    7.5000 2820.5212   11.0359
   -7.5000  -15.0000    7.5000 2914.6887   10.6251
    0.0000  -15.0000    7.5000 2940.8772   10.6290
    7.5000  -15.0000    7.5000 2890.0925   10.7375
   -7.5000   -7.5000    7.5000 2955.8591   10.4881
    0.0000   -7.5000    7.5000 2979.5110   10.4257
    7.5000   -7.5000    7.5000 2917.8733   10.6176
   -7.5000    0.0000    7.5000 2922.0847   10.6933
    0.0000    0.0000    7.5000 2941.2935   10.6130
    7.5000    0.0000    7.5000 2880.4189   10.7865
   -7.5000    7.5000    7.5000 2846.6589   11.0724
    0.0000    7.5000    7.5000 2856.9658   11.0105
    7.5000    7.5000    7.5000 2808.9475   11.2080
   -7.5000   15.0000    7.5000 2727.5896   11.6776
    0.0000   15.0000    7.5000 2735.5913   11.6460
    7.5000   15.0000    7.5000 2699.9004   11.8725
   -7.5000   22.5000    7.5000 2600.5771   12.5760
    0.0000   22.5000    7.5000 2604.2458   12.5333
    7.5000   22.5000    7.5000 2577.0498   12.8127
   -7.5000   30.0000    7.5000 2474.6084   13.7181
    0.0000   30.0000    7.5000 2477.9827   13.6956
    7.5000   30.0000    7.5000 2448.5908   13.9923
   -7.5000   37.5000    7.5000 2336.2390   15.2429
    0.0000   37.5000    7.5000 2342.2585   15.2263
    7.5000   37.5000    7.5000 2311.5586   15.5413
   -7.5000   45.0000    7.5000 2171.0220   17.1838
    0.0000   45.0000    7.5000 2173.9111   17.2158
    7.5000   45.0000    7.5000 2149.7793   17.5255
   -7.5000  -45.0000   15.0000 2451.0046   13.7969
    0.0000  -45.0000   15.0000 2459.0376   13.7106
    7.5000  -45.0000   15.0000 2434.6616   14.0354
   -7.5000  -37.5000   15.0000 2567.5112   12.6101
    0.0000  -37.5000   15.0000 2580.4065   12.5554
    7.5000  -37.5000   15.0000 2557.1658   12.8245
   -7.5000  -30.0000   15.0000 2684.9209   11.7795
    0.0000  -30.0000   15.0000 2698.4133   11.7311
    7.5000  -30.0000   15.0000 2671.5066   11.9891
   -7.5000  -22.5000   15.0000 2790.8616   11.2571
    0.0000  -22.5000   15.0000 2808.9827   11.2546
    7.5000  -22.5000   15.0000 2776.4700   11.4682
   -7.5000  -15.0000   15.0000 2858.0164   10.9103
    0.0000  -15.0000   15.0000 2881.4277   10.8948
    7.5000  -15.0000   15.0000 2836.9180   11.1119
   -7.5000   -7.5000   15.0000 2888.2600   10.8012
    0.0000   -7.5000   15.0000 2908.0732   10.7602
    7.5000   -7.5000   15.0000 2861.2883   11.0143
   -7.5000    0.0000   15.0000 2853.0234   11.0085
    0.0000    0.0000   15.0000 2869.6606   10.9858
    7.5000    0.0000   15.0000 2826.5320   11.1939
   -7.5000    7.5000   15.0000 2782.8391   11.4454
    0.0000    7.5000   15.0000 2798.8337   11.4186
    7.5000    7.5000   15.0000 2757.9172   11.6396
   -7.5000   15.0000   15.0000 2672.0381   12.1168
    0.0000   15.0000   15.0000 2683.0781   12.0817
    7.5000   15.0000   15.0000 2647.2935   12.3114
   -7.5000   22.5000   15.0000 2546.9434   13.0280
    0.0000   22.5000   15.0000 2552.2905   12.9950
    7.5000   22.5000   15.0000 2526.4067   13.2516
   -7.5000   30.0000   15.0000 2418.8137   14.1570
    0.0000   30.0000   15.0000 2426.2583   14.1352
    7.5000   30.0000   15.0000 2397.6880   14.4327
   -7.5000   37.5000   15.0000 2279.5444   15.6411
    0.0000   37.5000   15.0000 2289.3647   15.5909
    7.5000   37.5000   15.0000 2264.3364   15.9159
   -7.5000   45.0000   15.0000 2120.0603   17.5243
    0.0000   45.0000   15.0000 2128.5593   17.4816
    7.5000   45.0000   15.0000 2105.5813   17.8206
   -7.5000  -45.0000   22.5000 2411.9480   14.4024
    0.0000  -45.0000   22.5000 2422.1809   14.2903
    7.5000  -45.0000   22.5000 2396.4375   14.6690
   -7.5000  -37.5000   22.5000 2524.5891   13.1924
    0.0000  -37.5000   22.5000 2536.5212   13.1137
    7.5000  -37.5000   22.5000 2512.3892   13.4469
   -7.5000  -30.0000   22.5000 2636.0225   12.3280
    0.0000  -30.0000   22.5000 2652.8916   12.2594
    7.5000  -30.0000   22.5000 2627.5386   12.5588
   -7.5000  -22.5000   22.5000 2729.8447   11.7596
    0.0000  -22.5000   22.5000 2752.6143   11.7031
    7.5000  -22.5000   22.5000 2720.0723   11.9856
   -7.5000  -15.0000   22.5000 2785.0110   11.4244
    0.0000  -15.0000   22.5000 2809.1377   11.3603
    7.5000  -15.0000   22.5000 2768.6021   11.6368
   -7.5000   -7.5000   22.5000 2798.1836   11.3264
    0.0000   -7.5000   22.5000 2814.6311   11.2621
    7.5000   -7.5000   22.5000 2780.4309   11.5452
   -7.5000    0.0000   22.5000 2764.9556   11.5211
    0.0000    0.0000   22.5000 2779.0969   11.4595
    7.5000    0.0000   22.5000 2749.8865   11.7093
   -7.5000    7.5000   22.5000 2696.9766   11.9656
    0.0000    7.5000   22.5000 2713.2776   11.9153
    7.5000    7.5000   22.5000 2686.3215   12.1505
   -7.5000   15.0000   22.5000 2598.9473   12.6664
    0.0000   15.0000   22.5000 2610.7822   12.6016
    7.5000   15.0000   22.5000 2583.9861   12.8496
   -7.5000   22.5000   22.5000 2486.3977   13.5537
    0.0000   22.5000   22.5000 2493.8906   13.5272
    7.5000   22.5000   22.5000 2468.6709   13.8098
   -7.5000   30.0000   22.5000 2357.9971   14.7326
    0.0000   30.0000   22.5000 2365.8542   14.7153
    7.5000   30.0000   22.5000 2343.9402   14.9932
   -7.5000   37.5000   22.5000 2217.1980   16.2252
    0.0000   37.5000   22.5000 2228.5042   16.1867
    7.5000   37.5000   22.5000 2206.4988   16.4793
   -7.5000   45.0000   22.5000 2062.8997   18.1028
    0.0000   45.0000   22.5000 2072.3987   18.0507
    7.5000   45.0000   22.5000 2051.7739   18.3948
   -7.5000  -45.0000   30.0000 2356.8652   15.2041
    0.0000  -45.0000   30.0000 2372.1985   15.0677
    7.5000  -45.0000   30.0000 2341.8577   15.4972
   -7.5000  -37.5000   30.0000 2466.6497   13.9641
    0.0000  -37.5000   30.0000 2484.4526   13.8476
    7.5000  -37.5000   30.0000 2458.7961   14.2346
   -7.5000  -30.0000   30.0000 2571.3010   13.0559
    0.0000  -30.0000   30.0000 2592.0647   12.9727
    7.5000  -30.0000   30.0000 2565.7261   13.3122
   -7.5000  -22.5000   30.0000 2651.6235   12.4652
    0.0000  -22.5000   30.0000 2677.6318   12.3735
    7.5000  -22.5000   30.0000 2646.7231   12.6977
   -7.5000  -15.0000   30.0000 2696.8503   12.1153
    0.0000  -15.0000   30.0000 2717.0732   12.0387
    7.5000  -15.0000   30.0000 2686.1755   12.3529
   -7.5000   -7.5000   30.0000 2699.3359   12.0150
    0.0000   -7.5000   30.0000 2717.5405   11.9541
    7.5000   -7.5000   30.0000 2685.7568   12.2646
   -7.5000    0.0000   30.0000 2666.3506   12.1983
    0.0000    0.0000   30.0000 2683.8442   12.1148
    7.5000    0.0000   30.0000 2659.6726   12.3881
   -7.5000    7.5000   30.0000 2605.4915   12.6606
    0.0000    7.5000   30.0000 2621.1204   12.5691
    7.5000    7.5000   30.0000 2601.0291   12.8083
   -7.5000   15.0000   30.0000 2520.4075   13.3488
    0.0000   15.0000   30.0000 2533.2471   13.2516
    7.5000   15.0000   30.0000 2506.3198   13.5148
   -7.5000   22.5000   30.0000 2414.1621   14.2414
    0.0000   22.5000   30.0000 2420.4548   14.2011
    7.5000   22.5000   30.0000 2398.6277   14.4874
   -7.5000   30.0000   30.0000 2290.9995   15.4208
    0.0000   30.0000   30.0000 2300.9258   15.4158
    7.5000   30.0000   30.0000 2284.0615   15.7011
   -7.5000   37.5000   30.0000 2150.9343   16.9308
    0.0000   37.5000   30.0000 2163.0081   16.8784
    7.5000   37.5000   30.0000 2143.1602   17.2047
   -7.5000   45.0000   30.0000 2007.8561   18.8696
    0.0000   45.0000   30.0000 2019.1317   18.8701
    7.5000   45.0000   30.0000 1995.2201   19.1609
   -7.5000  -45.0000   37.5000 2291.8064   16.3001
    0.0000  -45.0000   37.5000 2306.1838   16.1491
    7.5000  -45.0000   37.5000 2278.6260   16.5758
   -7.5000  -37.5000   37.5000 2397.6711   14.9920
    0.0000  -37.5000   37.5000 2414.3499   14.8803
    7.5000  -37.5000   37.5000 2388.1382   15.2572
   -7.5000  -30.0000   37.5000 2490.3469   14.0512
    0.0000  -30.0000   37.5000 2511.8762   13.9476
    7.5000  -30.0000   37.5000 2486.4377   14.3176
   -7.5000  -22.5000   37.5000 2562.1396   13.4136
    0.0000  -22.5000   37.5000 2584.7136   13.3065
    7.5000  -22.5000   37.5000 2558.1667   13.6548
   -7.5000  -15.0000   37.5000 2597.9805   13.0448
    0.0000  -15.0000   37.5000 2617.3032   12.9622
    7.5000  -15.0000   37.5000 2587.7292   13.2690
   -7.5000   -7.5000   37.5000 2597.1162   12.9535
    0.0000   -7.5000   37.5000 2614.7859   12.9000
    7.5000   -7.5000   37.5000 2588.5825   13.1909
   -7.5000    0.0000   37.5000 2568.2234   13.0912
    0.0000    0.0000   37.5000 2582.1787   13.0181
    7.5000    0.0000   37.5000 2559.4358   13.2696
   -7.5000    7.5000   37.5000 2511.3108   13.5229
    0.0000    7.5000   37.5000 2524.7793   13.4353
    7.5000    7.5000   37.5000 2503.3494   13.7045
   -7.5000   15.0000   37.5000 2437.8110   14.1535
    0.0000   15.0000   37.5000 2451.3267   14.0792
    7.5000   15.0000   37.5000 2429.0967   14.3801
   -7.5000   22.5000   37.5000 2339.1865   15.0820
    0.0000   22.5000   37.5000 2350.4270   15.0339
    7.5000   22.5000   37.5000 2324.9705   15.3212
   -7.5000   30.0000   37.5000 2216.8542   16.3024
    0.0000   30.0000   37.5000 2226.2917   16.2890
    7.5000   30.0000   37.5000 2203.9106   16.5730
   -7.5000   37.5000   37.5000 2083.9937   17.8893
    0.0000   37.5000   37.5000 2095.6208   17.8569
    7.5000   37.5000   37.5000 2073.0042   18.1321
   -7.5000   45.0000   37.5000 1945.5297   19.9141
    0.0000   45.0000   37.5000 1958.4191   19.8897
    7.5000   45.0000   37.5000 1935.6960   20.1562
   -7.5000  -45.0000   45.0000 2210.1621   17.7357
    0.0000  -45.0000   45.0000 2223.8943   17.6177
    7.5000  -45.0000   45.0000 2196.1721   18.0092
   -7.5000  -37.5000   45.0000 2312.4885   16.3160
    0.0000  -37.5000   45.0000 2329.9763   16.2219
    7.5000  -37.5000   45.0000 2300.7844   16.5960
   -7.5000  -30.0000   45.0000 2401.5442   15.3038
    0.0000  -30.0000   45.0000 2420.3096   15.2049
    7.5000  -30.0000   45.0000 2392.0784   15.5541
   -7.5000  -22.5000   45.0000 2463.4614   14.5884
    0.0000  -22.5000   45.0000 2481.4194   14.5110
    7.5000  -22.5000   45.0000 2453.7515   14.8375
   -7.5000  -15.0000   45.0000 2489.7974   14.2193
    0.0000  -15.0000   45.0000 2505.8228   14.1619
    7.5000  -15.0000   45.0000 2479.7197   14.4539
   -7.5000   -7.5000   45.0000 2488.9045   14.1102
    0.0000   -7.5000   45.0000 2504.6489   14.0565
    7.5000   -7.5000   45.0000 2480.1370   14.3122
   -7.5000    0.0000   45.0000 2463.3733   14.1779
    0.0000    0.0000   45.0000 2477.4041   14.1285
    7.5000    0.0000   45.0000 2454.7742   14.3850
   -7.5000    7.5000   45.0000 2413.5571   14.6196
    0.0000    7.5000   45.0000 2426.8984   14.5758
    7.5000    7.5000   45.0000 2404.1038   14.8097
   -7.5000   15.0000   45.0000 2340.1536   15.2515
    0.0000   15.0000   45.0000 2354.1130   15.1934
    7.5000   15.0000   45.0000 2337.6377   15.4410
   -7.5000   22.5000   45.0000 2251.1826   16.1733
    0.0000   22.5000   45.0000 2264.6689   16.0881
    7.5000   22.5000   45.0000 2242.0969   16.3733
   -7.5000   30.0000   45.0000 2136.3154   17.3869
    0.0000   30.0000   45.0000 2147.1736   17.3538
    7.5000   30.0000   45.0000 2130.0715   17.6444
   -7.5000   37.5000   45.0000 2013.0529   19.0417
    0.0000   37.5000   45.0000 2020.1667   19.0199
    7.5000   37.5000   45.0000 2002.0042   19.2467
   -7.5000   45.0000   45.0000 1882.1437   21.1417
    0.0000   45.0000   45.0000 1888.1232   21.0782
    7.5000   45.0000   45.0000 1868.6855   21.3413

---------------------------------------------------------------------
imgreg_4dfp /opt/freesurfer/average/711-2C_as_mni_average_305 /opt/freesurfer/average/711-2B_as_mni_average_305_mask talsrcimg_g11 none talsrcimg_to_711-2C_as_mni_average_305_t4 1283
---------------------------------------------------------------------

freesurfer imgreg_4dfp.c
/opt/freesurfer/average/711-2C_as_mni_average_305.4dfp.img
       256       256       256         1
  1.000000  1.000000  1.000000
orientation T byte_order littleendian
Reading image: /opt/freesurfer/average/711-2C_as_mni_average_305.4dfp.img
dimensions:      256       256       256
mmppix:       1.0000   -1.0000   -1.0000
center:     128.0000 -129.0000 -129.0000
/opt/freesurfer/average/711-2B_as_mni_average_305_mask.4dfp.img
       256       256       256         1
  1.000000  1.000000  1.000000
orientation T byte_order littleendian
Reading mask: /opt/freesurfer/average/711-2B_as_mni_average_305_mask.4dfp.img (2306576 pixels)
talsrcimg_g11.4dfp.img
       256       256       256         1
  1.000000  1.000000  1.000000
orientation T byte_order littleendian
Reading image: talsrcimg_g11.4dfp.img
dimensions:      256       256       256
mmppix:       1.0000   -1.0000   -1.0000
center:     128.0000 -129.0000 -129.0000
rotation matrix determinant  1.000000
fimgreg.f
image alignment mode   1283 decimal      503 hex
parameters
    0.0000   -7.5000    0.0000    0.0000    0.0000    0.0000
eta,q 0.94413 10.23235
niter,ni,del,rscale     5    3   12.0000    1.2000
parameter  4  0.517839 ->  0.500000 qaram    1.1500
parameters
   -1.2600   -9.5593   -1.0548   -3.4500   -0.0440    0.4614
eta,q 0.94979 10.20887
  0.0624  0.0574  0.0562  0.0517  0.0554  0.0562
  0.0575  0.0531  0.0536  0.0501  0.0531  0.0527
  0.0544  0.0523  0.0517  0.0503  0.0507  0.0502
  0.0549  0.0540  0.0523  0.0517  0.0500  0.0500
  0.0589  0.0578  0.0539  0.0534  0.0513  0.0510
  0.0646  0.0618  0.0565  0.0556  0.0532  0.0523
  0.0715  0.0656  0.0600  0.0585  0.0554  0.0538
niter,ni,del,rscale     5    3   12.0000    1.2000
parameters
   -1.2294   -8.1034   -1.6601   -3.9670    0.2146    0.1458
eta,q 0.95019 10.14242
  0.0638  0.0675  0.0550  0.0555  0.0556  0.0533
  0.0577  0.0583  0.0525  0.0523  0.0531  0.0507
  0.0525  0.0520  0.0505  0.0499  0.0507  0.0496
  0.0502  0.0502  0.0501  0.0500  0.0499  0.0499
  0.0521  0.0502  0.0517  0.0514  0.0510  0.0506
  0.0575  0.0518  0.0540  0.0539  0.0526  0.0517
  0.0637  0.0553  0.0574  0.0568  0.0545  0.0534
niter,ni,del,rscale     4    3   12.0000    1.2000
parameters
   -1.4178   -7.6388   -1.6758   -4.6242    0.3941   -0.2342
eta,q 0.95043 10.13013
  0.0628  0.0610  0.0561  0.0550  0.0552  0.0532
  0.0567  0.0537  0.0534  0.0523  0.0527  0.0506
  0.0518  0.0503  0.0510  0.0496  0.0504  0.0493
  0.0498  0.0498  0.0498  0.0498  0.0496  0.0497
  0.0519  0.0506  0.0509  0.0513  0.0508  0.0506
  0.0580  0.0531  0.0532  0.0540  0.0523  0.0516
  0.0646  0.0568  0.0564  0.0569  0.0544  0.0535
niter,ni,del,rscale     3    3   12.0000    1.2000
parameters
   -1.6650   -7.1542   -1.6776   -5.4302    0.6488   -0.6587
eta,q 0.95070 10.12474
  0.0622  0.0604  0.0562  0.0544  0.0552  0.0531
  0.0559  0.0538  0.0535  0.0521  0.0526  0.0504
  0.0511  0.0503  0.0510  0.0494  0.0501  0.0490
  0.0496  0.0496  0.0497  0.0497  0.0495  0.0495
  0.0517  0.0504  0.0506  0.0512  0.0504  0.0505
  0.0578  0.0529  0.0529  0.0540  0.0519  0.0516
  0.0642  0.0564  0.0567  0.0571  0.0542  0.0536
niter,ni,del,rscale     2    3   12.0000    1.2000
parameters
   -1.9798   -6.5259   -1.6872   -6.5138    1.0134   -0.9895
eta,q 0.95125 10.13468
  0.0617  0.0607  0.0562  0.0535  0.0550  0.0533
  0.0551  0.0544  0.0535  0.0516  0.0521  0.0504
  0.0503  0.0504  0.0505  0.0488  0.0496  0.0486
  0.0493  0.0492  0.0493  0.0493  0.0489  0.0489
  0.0517  0.0499  0.0502  0.0509  0.0495  0.0501
  0.0576  0.0524  0.0526  0.0539  0.0510  0.0515
  0.0640  0.0561  0.0569  0.0574  0.0537  0.0537
niter,ni,del,rscale     1    3   12.0000    1.2000
parameters
   -2.2985   -5.7641   -1.8098   -7.7720    1.4136   -1.0772
eta,q 0.95221 10.15832
  0.0613  0.0610  0.0562  0.0525  0.0548  0.0534
  0.0543  0.0551  0.0529  0.0509  0.0517  0.0505
  0.0494  0.0506  0.0494  0.0480  0.0491  0.0483
  0.0488  0.0486  0.0485  0.0485  0.0478  0.0478
  0.0514  0.0490  0.0498  0.0503  0.0484  0.0489
  0.0569  0.0518  0.0524  0.0535  0.0504  0.0509
  0.0633  0.0560  0.0574  0.0575  0.0534  0.0535
registration optimization eta report
parameter search radius
    6.0000    6.0000    6.0000    6.9000    6.0000    6.0000
100000*second partial in parameter space
       37.       27.       23.       14.       17.       15.
  0.0613  0.0610  0.0562  0.0525  0.0548  0.0534
  0.0543  0.0551  0.0529  0.0509  0.0517  0.0505
  0.0494  0.0506  0.0494  0.0480  0.0491  0.0483
  0.0488  0.0486  0.0485  0.0485  0.0478  0.0478
  0.0514  0.0490  0.0498  0.0503  0.0484  0.0489
  0.0569  0.0518  0.0524  0.0535  0.0504  0.0509
  0.0633  0.0560  0.0574  0.0575  0.0534  0.0535
   -2.2985   -5.7641   -1.8098   -7.7720    1.4136   -1.0772
eta,q 0.95221 10.15832

---------------------------------------------------------------------
imgreg_4dfp /opt/freesurfer/average/711-2C_as_mni_average_305 /opt/freesurfer/average/711-2B_as_mni_average_305_mask talsrcimg_g11 none talsrcimg_to_711-2C_as_mni_average_305_t4 3335
---------------------------------------------------------------------

freesurfer imgreg_4dfp.c
/opt/freesurfer/average/711-2C_as_mni_average_305.4dfp.img
       256       256       256         1
  1.000000  1.000000  1.000000
orientation T byte_order littleendian
Reading image: /opt/freesurfer/average/711-2C_as_mni_average_305.4dfp.img
dimensions:      256       256       256
mmppix:       1.0000   -1.0000   -1.0000
center:     128.0000 -129.0000 -129.0000
/opt/freesurfer/average/711-2B_as_mni_average_305_mask.4dfp.img
       256       256       256         1
  1.000000  1.000000  1.000000
orientation T byte_order littleendian
Reading mask: /opt/freesurfer/average/711-2B_as_mni_average_305_mask.4dfp.img (2306576 pixels)
talsrcimg_g11.4dfp.img
       256       256       256         1
  1.000000  1.000000  1.000000
orientation T byte_order littleendian
Reading image: talsrcimg_g11.4dfp.img
dimensions:      256       256       256
mmppix:       1.0000   -1.0000   -1.0000
center:     128.0000 -129.0000 -129.0000
fimgreg.f
image alignment mode   3335 decimal      D07 hex
parameters
   -2.2985   -5.7641   -1.8098   -0.0481   -0.9424   -0.9487
    2.1962   -2.1896   -1.8793   13.5666    2.4669  -13.5190
eta,q 0.95050 10.23204
niter,ni,del,rscale     5    3    5.0000    1.2000
parameter  4  0.949707 ->  0.500000 qaram    1.1500
parameter  5  9.527268 ->  0.500000 qaram    1.1500
parameter  6  1.377670 ->  0.500000 qaram    1.1500
parameter 11 -0.733419 -> -0.500000 qaram    1.1500
parameters
   -2.2707   -5.4326   -2.2714   -4.1881   -5.0824   -5.0887
    1.6597   -0.4473    1.1125   11.8814    6.6069  -12.8402
eta,q 0.96318  9.84373
  0.0518  0.0509  0.0504  0.0472  0.0384  0.0366  0.0396  0.0425  0.0402  0.0389  0.0393  0.0383
  0.0506  0.0501  0.0498  0.0477  0.0411  0.0377  0.0387  0.0406  0.0391  0.0378  0.0385  0.0376
  0.0498  0.0496  0.0495  0.0484  0.0444  0.0394  0.0382  0.0391  0.0383  0.0373  0.0378  0.0371
  0.0495  0.0495  0.0495  0.0495  0.0479  0.0419  0.0381  0.0381  0.0378  0.0375  0.0373  0.0368
  0.0497  0.0496  0.0499  0.0511  0.0514  0.0453  0.0384  0.0378  0.0376  0.0384  0.0370  0.0369
  0.0505  0.0498  0.0505  0.0535  0.0547  0.0491  0.0391  0.0384  0.0376  0.0394  0.0368  0.0373
  0.0518  0.0502  0.0514  0.0565  0.0583  0.0534  0.0401  0.0398  0.0380  0.0409  0.0370  0.0378
niter,ni,del,rscale     7    3    5.0000    1.2000
parameter  4  0.536373 ->  0.500000 qaram    1.3225
parameter  5  2.263617 ->  0.500000 qaram    1.3225
parameter  6  0.735454 ->  0.500000 qaram    1.3225
parameters
   -2.2242   -4.8776   -2.7711   -8.9491   -9.8434   -9.8497
    0.2569   -1.2623    0.7828   13.9821    7.0533  -12.0406
eta,q 0.97060  9.22534
  0.0393  0.0395  0.0378  0.0363  0.0293  0.0293  0.0313  0.0325  0.0315  0.0344  0.0306  0.0311
  0.0380  0.0382  0.0370  0.0360  0.0308  0.0298  0.0303  0.0309  0.0306  0.0325  0.0300  0.0303
  0.0371  0.0373  0.0367  0.0362  0.0331  0.0303  0.0299  0.0300  0.0300  0.0309  0.0296  0.0297
  0.0368  0.0368  0.0367  0.0366  0.0360  0.0314  0.0300  0.0298  0.0298  0.0298  0.0294  0.0294
  0.0370  0.0367  0.0372  0.0373  0.0397  0.0338  0.0305  0.0305  0.0301  0.0294  0.0295  0.0295
  0.0378  0.0370  0.0381  0.0387  0.0437  0.0375  0.0315  0.0320  0.0308  0.0299  0.0299  0.0299
  0.0391  0.0378  0.0393  0.0410  0.0470  0.0419  0.0328  0.0340  0.0318  0.0312  0.0303  0.0305
niter,ni,del,rscale     7    3    5.0000    1.2000
parameter  5  0.796604 ->  0.500000 qaram    1.5209
parameters
   -2.4128   -4.3436   -3.1644   -9.1507  -15.3185  -12.9994
    0.8192   -1.6240    0.2600   14.9673    7.3237  -14.2298
eta,q 0.97401  8.84203
  0.0318  0.0330  0.0302  0.0317  0.0266  0.0275  0.0291  0.0297  0.0278  0.0296  0.0273  0.0266
  0.0304  0.0314  0.0296  0.0301  0.0265  0.0264  0.0277  0.0279  0.0269  0.0279  0.0268  0.0261
  0.0296  0.0301  0.0292  0.0292  0.0273  0.0263  0.0267  0.0267  0.0263  0.0268  0.0263  0.0260
  0.0294  0.0294  0.0292  0.0292  0.0292  0.0266  0.0262  0.0262  0.0262  0.0262  0.0261  0.0261
  0.0299  0.0292  0.0296  0.0298  0.0321  0.0273  0.0264  0.0269  0.0266  0.0262  0.0263  0.0265
  0.0310  0.0298  0.0303  0.0305  0.0362  0.0295  0.0272  0.0284  0.0273  0.0269  0.0267  0.0271
  0.0327  0.0309  0.0312  0.0315  0.0408  0.0335  0.0284  0.0305  0.0283  0.0282  0.0272  0.0279
niter,ni,del,rscale     7    3    5.0000    1.2000
parameters
   -2.4976   -4.2409   -3.6119   -9.2718  -18.6880  -12.8864
    1.1510   -1.8101    0.2538   16.2775    7.6912  -15.7237
eta,q 0.97448  8.71007
  0.0290  0.0290  0.0269  0.0290  0.0279  0.0289  0.0286  0.0292  0.0275  0.0289  0.0268  0.0263
  0.0273  0.0273  0.0263  0.0273  0.0264  0.0270  0.0272  0.0275  0.0265  0.0272  0.0262  0.0258
  0.0263  0.0263  0.0260  0.0262  0.0257  0.0258  0.0261  0.0262  0.0259  0.0262  0.0258  0.0255
  0.0260  0.0260  0.0260  0.0259  0.0259  0.0257  0.0257  0.0257  0.0257  0.0257  0.0256  0.0256
  0.0265  0.0263  0.0263  0.0267  0.0276  0.0261  0.0259  0.0262  0.0259  0.0256  0.0257  0.0259
  0.0276  0.0271  0.0270  0.0277  0.0304  0.0266  0.0268  0.0276  0.0265  0.0261  0.0260  0.0264
  0.0294  0.0284  0.0279  0.0288  0.0347  0.0288  0.0282  0.0297  0.0275  0.0272  0.0266  0.0271
niter,ni,del,rscale     6    3    5.0000    1.2000
parameters
   -2.5255   -3.9747   -3.7071   -9.2756  -19.3054  -12.5704
    1.2156   -1.8737    0.2348   16.9232    7.7717  -16.0346
eta,q 0.97444  8.70773
  0.0287  0.0287  0.0267  0.0288  0.0296  0.0288  0.0284  0.0292  0.0275  0.0283  0.0266  0.0267
  0.0270  0.0271  0.0261  0.0270  0.0276  0.0269  0.0270  0.0274  0.0264  0.0268  0.0260  0.0260
  0.0259  0.0260  0.0256  0.0258  0.0262  0.0256  0.0259  0.0261  0.0258  0.0260  0.0257  0.0257
  0.0255  0.0255  0.0255  0.0255  0.0255  0.0255  0.0256  0.0256  0.0256  0.0256  0.0256  0.0256
  0.0259  0.0256  0.0257  0.0263  0.0260  0.0258  0.0259  0.0260  0.0258  0.0257  0.0257  0.0257
  0.0271  0.0263  0.0262  0.0273  0.0279  0.0263  0.0269  0.0274  0.0265  0.0263  0.0260  0.0262
  0.0288  0.0275  0.0270  0.0284  0.0311  0.0285  0.0283  0.0295  0.0275  0.0275  0.0266  0.0268
niter,ni,del,rscale     5    3    5.0000    1.2000
parameters
   -2.5356   -3.8791   -3.7380   -9.2432  -19.4267  -12.5522
    1.2419   -1.8910    0.2155   17.1001    7.8119  -16.1169
eta,q 0.97442  8.70778
  0.0288  0.0283  0.0268  0.0289  0.0300  0.0285  0.0284  0.0292  0.0275  0.0280  0.0266  0.0268
  0.0270  0.0268  0.0261  0.0271  0.0279  0.0267  0.0269  0.0274  0.0264  0.0266  0.0261  0.0261
  0.0259  0.0259  0.0257  0.0259  0.0264  0.0256  0.0259  0.0262  0.0258  0.0259  0.0257  0.0257
  0.0256  0.0256  0.0256  0.0256  0.0256  0.0256  0.0256  0.0256  0.0256  0.0256  0.0256  0.0256
  0.0260  0.0258  0.0257  0.0263  0.0258  0.0258  0.0259  0.0260  0.0258  0.0258  0.0257  0.0257
  0.0271  0.0266  0.0261  0.0274  0.0277  0.0263  0.0269  0.0274  0.0265  0.0265  0.0260  0.0262
  0.0288  0.0279  0.0269  0.0285  0.0307  0.0287  0.0283  0.0294  0.0275  0.0277  0.0266  0.0268
niter,ni,del,rscale     4    3    5.0000    1.2000
parameters
   -2.5367   -3.8499   -3.7640   -9.2439  -19.4608  -12.5743
    1.2514   -1.8933    0.2005   17.1576    7.8405  -16.1520
eta,q 0.97442  8.70612
  0.0288  0.0282  0.0268  0.0289  0.0300  0.0285  0.0284  0.0292  0.0275  0.0279  0.0266  0.0268
  0.0271  0.0268  0.0261  0.0271  0.0280  0.0267  0.0269  0.0275  0.0265  0.0266  0.0261  0.0261
  0.0260  0.0259  0.0257  0.0259  0.0264  0.0256  0.0259  0.0262  0.0258  0.0258  0.0257  0.0257
  0.0256  0.0256  0.0256  0.0256  0.0256  0.0256  0.0256  0.0256  0.0256  0.0256  0.0256  0.0256
  0.0260  0.0259  0.0257  0.0263  0.0258  0.0257  0.0259  0.0260  0.0258  0.0258  0.0257  0.0257
  0.0271  0.0267  0.0261  0.0274  0.0276  0.0263  0.0269  0.0273  0.0265  0.0265  0.0260  0.0262
  0.0288  0.0280  0.0269  0.0285  0.0306  0.0287  0.0284  0.0294  0.0275  0.0278  0.0266  0.0267
niter,ni,del,rscale     3    3    5.0000    1.2000
parameters
   -2.5358   -3.8395   -3.7793   -9.2430  -19.4787  -12.5855
    1.2568   -1.8961    0.1962   17.1798    7.8440  -16.1731
eta,q 0.97442  8.70526
  0.0288  0.0282  0.0268  0.0289  0.0301  0.0285  0.0284  0.0292  0.0275  0.0279  0.0266  0.0268
  0.0271  0.0267  0.0261  0.0271  0.0280  0.0267  0.0269  0.0274  0.0265  0.0266  0.0261  0.0261
  0.0260  0.0259  0.0257  0.0259  0.0265  0.0256  0.0259  0.0262  0.0258  0.0258  0.0257  0.0257
  0.0256  0.0256  0.0256  0.0256  0.0256  0.0256  0.0256  0.0256  0.0256  0.0256  0.0256  0.0256
  0.0260  0.0259  0.0257  0.0263  0.0258  0.0257  0.0259  0.0260  0.0258  0.0258  0.0257  0.0257
  0.0271  0.0268  0.0261  0.0274  0.0276  0.0263  0.0269  0.0273  0.0265  0.0266  0.0260  0.0262
  0.0288  0.0281  0.0269  0.0285  0.0306  0.0287  0.0284  0.0294  0.0275  0.0278  0.0266  0.0267
registration optimization eta report
parameter search radius
    2.4000    2.4000    2.4000    9.5220   10.9503    9.5220
    7.2000    7.2000    7.2000    7.2000    8.2800    7.2000
100000*second partial in parameter space
       55.       44.       21.        3.        4.        4.
        5.        7.        4.        4.        1.        2.
  0.0288  0.0282  0.0268  0.0289  0.0301  0.0285  0.0284  0.0292  0.0275  0.0279  0.0266  0.0268
  0.0271  0.0267  0.0261  0.0271  0.0280  0.0267  0.0269  0.0274  0.0265  0.0266  0.0261  0.0261
  0.0260  0.0259  0.0257  0.0259  0.0265  0.0256  0.0259  0.0262  0.0258  0.0258  0.0257  0.0257
  0.0256  0.0256  0.0256  0.0256  0.0256  0.0256  0.0256  0.0256  0.0256  0.0256  0.0256  0.0256
  0.0260  0.0259  0.0257  0.0263  0.0258  0.0257  0.0259  0.0260  0.0258  0.0258  0.0257  0.0257
  0.0271  0.0268  0.0261  0.0274  0.0276  0.0263  0.0269  0.0273  0.0265  0.0266  0.0260  0.0262
  0.0288  0.0281  0.0269  0.0285  0.0306  0.0287  0.0284  0.0294  0.0275  0.0278  0.0266  0.0267
   -2.5358   -3.8395   -3.7793   -9.2430  -19.4787  -12.5855
    1.2568   -1.8961    0.1962   17.1798    7.8440  -16.1731
eta,q 0.97442  8.70526

---------------------------------------------------------------------
imgreg_4dfp /opt/freesurfer/average/711-2C_as_mni_average_305 /opt/freesurfer/average/711-2B_as_mni_average_305_mask talsrcimg_g11 none talsrcimg_to_711-2C_as_mni_average_305_t4 2311
---------------------------------------------------------------------

freesurfer imgreg_4dfp.c
/opt/freesurfer/average/711-2C_as_mni_average_305.4dfp.img
       256       256       256         1
  1.000000  1.000000  1.000000
orientation T byte_order littleendian
Reading image: /opt/freesurfer/average/711-2C_as_mni_average_305.4dfp.img
dimensions:      256       256       256
mmppix:       1.0000   -1.0000   -1.0000
center:     128.0000 -129.0000 -129.0000
/opt/freesurfer/average/711-2B_as_mni_average_305_mask.4dfp.img
       256       256       256         1
  1.000000  1.000000  1.000000
orientation T byte_order littleendian
Reading mask: /opt/freesurfer/average/711-2B_as_mni_average_305_mask.4dfp.img (2306576 pixels)
talsrcimg_g11.4dfp.img
       256       256       256         1
  1.000000  1.000000  1.000000
orientation T byte_order littleendian
Reading image: talsrcimg_g11.4dfp.img
dimensions:      256       256       256
mmppix:       1.0000   -1.0000   -1.0000
center:     128.0000 -129.0000 -129.0000
fimgreg.f
image alignment mode   2311 decimal      907 hex
parameters
   -2.5358   -3.8395   -3.7793   -9.2430  -19.4787  -12.5855
    1.2568   -1.8961    0.1962   17.1798    7.8440  -16.1731
eta,q 0.97442  8.70526
niter,ni,del,rscale     5    3    5.0000    0.8000
parameters
   -2.5398   -3.8597   -3.7579   -9.9116  -18.4671  -12.1652
    1.1742   -1.8130    0.2013   17.1587    7.9579  -16.2693
eta,q 0.97451  8.74111
  0.0271  0.0267  0.0262  0.0264  0.0268  0.0260  0.0268  0.0274  0.0264  0.0265  0.0259  0.0260
  0.0263  0.0261  0.0259  0.0259  0.0263  0.0255  0.0261  0.0264  0.0259  0.0260  0.0257  0.0257
  0.0258  0.0257  0.0257  0.0256  0.0258  0.0254  0.0256  0.0258  0.0256  0.0256  0.0256  0.0255
  0.0256  0.0256  0.0256  0.0256  0.0256  0.0255  0.0255  0.0255  0.0255  0.0255  0.0255  0.0255
  0.0258  0.0257  0.0256  0.0259  0.0254  0.0256  0.0257  0.0257  0.0256  0.0256  0.0255  0.0255
  0.0263  0.0261  0.0258  0.0264  0.0256  0.0256  0.0262  0.0263  0.0259  0.0259  0.0256  0.0257
  0.0271  0.0268  0.0261  0.0269  0.0261  0.0257  0.0269  0.0273  0.0264  0.0266  0.0259  0.0261
niter,ni,del,rscale     4    3    5.0000    0.7000
parameters
   -2.5383   -3.9380   -3.7492   -9.9702  -18.3635  -12.4585
    1.1759   -1.7809    0.1717   16.9789    7.9860  -16.2089
eta,q 0.97454  8.72509
  0.0266  0.0263  0.0259  0.0264  0.0263  0.0257  0.0265  0.0269  0.0262  0.0262  0.0257  0.0259
  0.0260  0.0258  0.0257  0.0259  0.0259  0.0254  0.0259  0.0262  0.0258  0.0258  0.0256  0.0257
  0.0256  0.0255  0.0255  0.0256  0.0256  0.0254  0.0256  0.0257  0.0255  0.0255  0.0255  0.0255
  0.0255  0.0255  0.0255  0.0255  0.0255  0.0255  0.0255  0.0255  0.0255  0.0255  0.0255  0.0255
  0.0256  0.0256  0.0255  0.0256  0.0255  0.0256  0.0256  0.0256  0.0255  0.0256  0.0255  0.0255
  0.0260  0.0260  0.0257  0.0259  0.0258  0.0256  0.0259  0.0261  0.0258  0.0258  0.0256  0.0256
  0.0266  0.0265  0.0259  0.0264  0.0263  0.0256  0.0265  0.0269  0.0262  0.0263  0.0258  0.0259
niter,ni,del,rscale     3    3    5.0000    0.6000
parameters
   -2.5337   -3.9470   -3.7646  -10.0130  -18.2883  -13.1061
    1.1759   -1.7575    0.1141   16.7202    7.9205  -16.1476
eta,q 0.97460  8.69075
  0.0263  0.0261  0.0258  0.0261  0.0261  0.0256  0.0262  0.0265  0.0259  0.0259  0.0256  0.0257
  0.0258  0.0258  0.0256  0.0258  0.0258  0.0254  0.0258  0.0259  0.0256  0.0256  0.0255  0.0256
  0.0256  0.0255  0.0255  0.0255  0.0256  0.0254  0.0255  0.0256  0.0255  0.0254  0.0254  0.0255
  0.0255  0.0255  0.0255  0.0255  0.0255  0.0255  0.0254  0.0254  0.0254  0.0254  0.0254  0.0254
  0.0256  0.0255  0.0255  0.0255  0.0255  0.0255  0.0255  0.0255  0.0255  0.0255  0.0254  0.0254
  0.0258  0.0258  0.0256  0.0258  0.0257  0.0256  0.0258  0.0259  0.0256  0.0257  0.0255  0.0255
  0.0263  0.0261  0.0258  0.0262  0.0261  0.0256  0.0262  0.0265  0.0259  0.0261  0.0257  0.0257
niter,ni,del,rscale     2    3    5.0000    0.5000
parameters
   -2.5272   -3.9370   -3.8162  -10.0309  -18.2660  -13.6181
    1.1664   -1.7596    0.0722   16.6164    7.9387  -16.0641
eta,q 0.97464  8.66486
  0.0260  0.0259  0.0256  0.0259  0.0258  0.0256  0.0259  0.0262  0.0257  0.0257  0.0255  0.0256
  0.0257  0.0256  0.0255  0.0256  0.0256  0.0254  0.0256  0.0257  0.0255  0.0255  0.0254  0.0255
  0.0255  0.0255  0.0254  0.0255  0.0255  0.0253  0.0254  0.0255  0.0254  0.0254  0.0254  0.0254
  0.0254  0.0254  0.0254  0.0254  0.0254  0.0254  0.0254  0.0254  0.0254  0.0254  0.0254  0.0254
  0.0255  0.0255  0.0254  0.0255  0.0254  0.0255  0.0254  0.0255  0.0254  0.0254  0.0254  0.0254
  0.0257  0.0256  0.0255  0.0256  0.0256  0.0256  0.0256  0.0257  0.0255  0.0256  0.0254  0.0255
  0.0260  0.0259  0.0257  0.0259  0.0258  0.0256  0.0259  0.0262  0.0257  0.0258  0.0255  0.0256
niter,ni,del,rscale     1    3    5.0000    0.4000
parameters
   -2.5248   -3.9209   -3.8825  -10.0110  -18.2610  -13.9540
    1.1767   -1.7794    0.0314   16.6281    7.9606  -15.9867
eta,q 0.97466  8.65035
  0.0258  0.0257  0.0255  0.0257  0.0256  0.0255  0.0257  0.0259  0.0256  0.0256  0.0255  0.0255
  0.0255  0.0255  0.0254  0.0255  0.0255  0.0254  0.0255  0.0256  0.0254  0.0255  0.0254  0.0254
  0.0254  0.0254  0.0254  0.0254  0.0254  0.0253  0.0254  0.0254  0.0254  0.0254  0.0254  0.0254
  0.0254  0.0254  0.0254  0.0254  0.0254  0.0254  0.0253  0.0253  0.0253  0.0253  0.0253  0.0253
  0.0254  0.0254  0.0254  0.0254  0.0254  0.0254  0.0254  0.0254  0.0254  0.0254  0.0254  0.0254
  0.0255  0.0255  0.0255  0.0255  0.0255  0.0255  0.0255  0.0256  0.0254  0.0255  0.0254  0.0254
  0.0257  0.0257  0.0256  0.0257  0.0256  0.0256  0.0257  0.0259  0.0256  0.0256  0.0255  0.0255
registration optimization eta report
parameter search radius
    0.8000    0.8000    0.8000    2.4000    2.4000    2.4000
    2.4000    2.4000    2.4000    2.4000    2.4000    2.4000
100000*second partial in parameter space
       61.       48.       26.        6.        5.        4.
        6.        9.        4.        4.        2.        3.
  0.0258  0.0257  0.0255  0.0257  0.0256  0.0255  0.0257  0.0259  0.0256  0.0256  0.0255  0.0255
  0.0255  0.0255  0.0254  0.0255  0.0255  0.0254  0.0255  0.0256  0.0254  0.0255  0.0254  0.0254
  0.0254  0.0254  0.0254  0.0254  0.0254  0.0253  0.0254  0.0254  0.0254  0.0254  0.0254  0.0254
  0.0254  0.0254  0.0254  0.0254  0.0254  0.0254  0.0253  0.0253  0.0253  0.0253  0.0253  0.0253
  0.0254  0.0254  0.0254  0.0254  0.0254  0.0254  0.0254  0.0254  0.0254  0.0254  0.0254  0.0254
  0.0255  0.0255  0.0255  0.0255  0.0255  0.0255  0.0255  0.0256  0.0254  0.0255  0.0254  0.0254
  0.0257  0.0257  0.0256  0.0257  0.0256  0.0256  0.0257  0.0259  0.0256  0.0256  0.0255  0.0255
   -2.5248   -3.9209   -3.8825  -10.0110  -18.2610  -13.9540
    1.1767   -1.7794    0.0314   16.6281    7.9606  -15.9867
eta,q 0.97466  8.65035

---------------------------------------------------------------------
imgreg_4dfp /opt/freesurfer/average/711-2C_as_mni_average_305 /opt/freesurfer/average/711-2B_as_mni_average_305_mask talsrcimg_g11 none talsrcimg_to_711-2C_as_mni_average_305_t4 2311
---------------------------------------------------------------------

freesurfer imgreg_4dfp.c
/opt/freesurfer/average/711-2C_as_mni_average_305.4dfp.img
       256       256       256         1
  1.000000  1.000000  1.000000
orientation T byte_order littleendian
Reading image: /opt/freesurfer/average/711-2C_as_mni_average_305.4dfp.img
dimensions:      256       256       256
mmppix:       1.0000   -1.0000   -1.0000
center:     128.0000 -129.0000 -129.0000
/opt/freesurfer/average/711-2B_as_mni_average_305_mask.4dfp.img
       256       256       256         1
  1.000000  1.000000  1.000000
orientation T byte_order littleendian
Reading mask: /opt/freesurfer/average/711-2B_as_mni_average_305_mask.4dfp.img (2306576 pixels)
talsrcimg_g11.4dfp.img
       256       256       256         1
  1.000000  1.000000  1.000000
orientation T byte_order littleendian
Reading image: talsrcimg_g11.4dfp.img
dimensions:      256       256       256
mmppix:       1.0000   -1.0000   -1.0000
center:     128.0000 -129.0000 -129.0000
fimgreg.f
image alignment mode   2311 decimal      907 hex
parameters
   -2.5248   -3.9209   -3.8825  -10.0110  -18.2610  -13.9540
    1.1767   -1.7794    0.0314   16.6281    7.9606  -15.9867
eta,q 0.97466  8.65035
niter,ni,del,rscale     5    3    5.0000    0.8000
parameters
   -2.5173   -3.8829   -3.9751   -9.9355  -18.6401  -13.1972
    1.1886   -1.7768    0.0913   16.9127    8.0262  -16.4309
eta,q 0.97459  8.67820
  0.0268  0.0266  0.0259  0.0265  0.0262  0.0265  0.0268  0.0273  0.0263  0.0265  0.0258  0.0259
  0.0260  0.0259  0.0256  0.0259  0.0257  0.0258  0.0260  0.0263  0.0258  0.0259  0.0256  0.0256
  0.0255  0.0255  0.0254  0.0255  0.0255  0.0254  0.0256  0.0257  0.0255  0.0256  0.0255  0.0255
  0.0253  0.0253  0.0253  0.0253  0.0253  0.0254  0.0254  0.0254  0.0254  0.0254  0.0254  0.0254
  0.0255  0.0255  0.0254  0.0255  0.0255  0.0255  0.0256  0.0256  0.0255  0.0255  0.0254  0.0255
  0.0260  0.0258  0.0257  0.0259  0.0259  0.0257  0.0260  0.0263  0.0258  0.0258  0.0256  0.0257
  0.0268  0.0264  0.0261  0.0265  0.0266  0.0258  0.0268  0.0273  0.0263  0.0263  0.0258  0.0261
niter,ni,del,rscale     4    3    5.0000    0.7000
parameters
   -2.5273   -3.8794   -3.9014   -9.9819  -18.4978  -12.9079
    1.1813   -1.7626    0.1086   16.9932    7.9918  -16.3873
eta,q 0.97457  8.69751
  0.0266  0.0263  0.0259  0.0263  0.0262  0.0260  0.0265  0.0269  0.0261  0.0262  0.0257  0.0259
  0.0259  0.0258  0.0257  0.0258  0.0258  0.0255  0.0259  0.0261  0.0257  0.0258  0.0256  0.0256
  0.0255  0.0255  0.0255  0.0255  0.0256  0.0254  0.0255  0.0256  0.0255  0.0255  0.0255  0.0255
  0.0254  0.0254  0.0254  0.0254  0.0254  0.0254  0.0254  0.0254  0.0254  0.0254  0.0254  0.0254
  0.0256  0.0255  0.0254  0.0255  0.0254  0.0255  0.0255  0.0256  0.0255  0.0255  0.0255  0.0255
  0.0259  0.0258  0.0256  0.0259  0.0257  0.0256  0.0259  0.0261  0.0257  0.0257  0.0256  0.0256
  0.0266  0.0263  0.0258  0.0263  0.0262  0.0257  0.0265  0.0269  0.0261  0.0262  0.0257  0.0258
niter,ni,del,rscale     3    3    5.0000    0.6000
parameters
   -2.5287   -3.9041   -3.8572  -10.0149  -18.3551  -13.1302
    1.1781   -1.7502    0.1017   16.8396    7.9617  -16.2727
eta,q 0.97460  8.68877
  0.0263  0.0261  0.0258  0.0261  0.0260  0.0257  0.0262  0.0265  0.0259  0.0259  0.0256  0.0257
  0.0258  0.0257  0.0256  0.0257  0.0258  0.0254  0.0258  0.0259  0.0256  0.0256  0.0255  0.0256
  0.0255  0.0255  0.0255  0.0255  0.0255  0.0254  0.0255  0.0255  0.0255  0.0255  0.0254  0.0255
  0.0254  0.0254  0.0254  0.0254  0.0254  0.0254  0.0254  0.0254  0.0254  0.0254  0.0254  0.0254
  0.0255  0.0255  0.0255  0.0255  0.0254  0.0255  0.0255  0.0255  0.0255  0.0255  0.0254  0.0254
  0.0258  0.0258  0.0256  0.0258  0.0256  0.0256  0.0258  0.0259  0.0256  0.0257  0.0255  0.0255
  0.0263  0.0261  0.0257  0.0261  0.0260  0.0256  0.0262  0.0265  0.0259  0.0260  0.0256  0.0257
niter,ni,del,rscale     2    3    5.0000    0.5000
parameters
   -2.5264   -3.9134   -3.8548  -10.0295  -18.2808  -13.6204
    1.1723   -1.7558    0.0800   16.6659    7.9295  -16.1189
eta,q 0.97464  8.66507
  0.0260  0.0259  0.0256  0.0259  0.0258  0.0256  0.0259  0.0262  0.0257  0.0257  0.0255  0.0256
  0.0257  0.0256  0.0255  0.0256  0.0256  0.0254  0.0256  0.0257  0.0255  0.0255  0.0254  0.0255
  0.0255  0.0255  0.0254  0.0255  0.0255  0.0253  0.0254  0.0255  0.0254  0.0254  0.0254  0.0254
  0.0254  0.0254  0.0254  0.0254  0.0254  0.0254  0.0254  0.0254  0.0254  0.0254  0.0254  0.0254
  0.0255  0.0255  0.0254  0.0255  0.0254  0.0255  0.0254  0.0255  0.0254  0.0254  0.0254  0.0254
  0.0257  0.0256  0.0255  0.0256  0.0256  0.0256  0.0256  0.0257  0.0255  0.0256  0.0254  0.0254
  0.0260  0.0259  0.0256  0.0259  0.0258  0.0256  0.0259  0.0262  0.0257  0.0258  0.0255  0.0256
niter,ni,del,rscale     1    3    5.0000    0.4000
parameters
   -2.5246   -3.9146   -3.8919  -10.0017  -18.2685  -13.9794
    1.1777   -1.7766    0.0315   16.6240    7.9656  -15.9939
eta,q 0.97466  8.64924
  0.0257  0.0257  0.0255  0.0257  0.0256  0.0255  0.0257  0.0259  0.0256  0.0256  0.0255  0.0255
  0.0255  0.0255  0.0254  0.0255  0.0255  0.0254  0.0255  0.0256  0.0254  0.0254  0.0254  0.0254
  0.0254  0.0254  0.0254  0.0254  0.0254  0.0253  0.0254  0.0254  0.0254  0.0254  0.0254  0.0254
  0.0254  0.0254  0.0254  0.0254  0.0254  0.0254  0.0253  0.0253  0.0253  0.0253  0.0253  0.0253
  0.0254  0.0254  0.0254  0.0254  0.0254  0.0254  0.0254  0.0254  0.0254  0.0254  0.0254  0.0253
  0.0255  0.0255  0.0254  0.0255  0.0255  0.0255  0.0255  0.0256  0.0254  0.0255  0.0254  0.0254
  0.0257  0.0257  0.0255  0.0257  0.0256  0.0256  0.0257  0.0259  0.0256  0.0256  0.0254  0.0255
registration optimization eta report
parameter search radius
    0.8000    0.8000    0.8000    2.4000    2.4000    2.4000
    2.4000    2.4000    2.4000    2.4000    2.4000    2.4000
100000*second partial in parameter space
       59.       46.       26.        6.        5.        3.
        6.        9.        4.        4.        2.        3.
  0.0257  0.0257  0.0255  0.0257  0.0256  0.0255  0.0257  0.0259  0.0256  0.0256  0.0255  0.0255
  0.0255  0.0255  0.0254  0.0255  0.0255  0.0254  0.0255  0.0256  0.0254  0.0254  0.0254  0.0254
  0.0254  0.0254  0.0254  0.0254  0.0254  0.0253  0.0254  0.0254  0.0254  0.0254  0.0254  0.0254
  0.0254  0.0254  0.0254  0.0254  0.0254  0.0254  0.0253  0.0253  0.0253  0.0253  0.0253  0.0253
  0.0254  0.0254  0.0254  0.0254  0.0254  0.0254  0.0254  0.0254  0.0254  0.0254  0.0254  0.0253
  0.0255  0.0255  0.0254  0.0255  0.0255  0.0255  0.0255  0.0256  0.0254  0.0255  0.0254  0.0254
  0.0257  0.0257  0.0255  0.0257  0.0256  0.0256  0.0257  0.0259  0.0256  0.0256  0.0254  0.0255
   -2.5246   -3.9146   -3.8919  -10.0017  -18.2685  -13.9794
    1.1777   -1.7766    0.0315   16.6240    7.9656  -15.9939
eta,q 0.97466  8.64924

---------------------------------------------------------------------
compute_vox2vox talsrcimg talsrcimg_to_711-2C_as_mni_average_305_t4 /opt/freesurfer/average/711-2C_as_mni_average_305
---------------------------------------------------------------------

freesurfer compute_vox2vox.c
Reading: talsrcimg.4dfp.ifh
Reading: talsrcimg_to_711-2C_as_mni_average_305_t4
Reading: /opt/freesurfer/average/711-2C_as_mni_average_305.4dfp.ifh
Writing: talsrcimg_to_711-2C_as_mni_average_305_t4_vox2vox.txt

start time Sun Mar 8 18:52:38 CET 2026
end		time Sun Mar 8 18:52:52 CET 2026

mpr2mni305 success

avi2talxfm orig_nu.mgz /opt/freesurfer/average/mni305.cor.mgz talsrcimg_to_711-2C_as_mni_average_305_t4_vox2vox.txt transforms/talairach.auto.xfm
avi2talxfm done
mv -f /out/sourcedata/freesurfer/sub-v1s14x0051574_ses-1/mri/talsrcimg_to_711-2C_as_mni_average_305_t4_vox2vox.txt /out/sourcedata/freesurfer/sub-v1s14x0051574_ses-1/mri/transforms/talsrcimg_to_711-2C_as_mni_average_305_t4_vox2vox.txt
lta_convert --src orig_nu.mgz --trg /opt/freesurfer/average/mni305.cor.mgz --inxfm transforms/talairach.auto.xfm --outlta transforms/talairach.auto.xfm.lta --subject fsaverage
7.3.2

--src: orig_nu.mgz src image (geometry).
--trg: /opt/freesurfer/average/mni305.cor.mgz trg image (geometry).
--inmni: transforms/talairach.auto.xfm input MNI/XFM transform.
--outlta: transforms/talairach.auto.xfm.lta output LTA.
--s: fsaverage subject name
 LTA read, type : 1
 1.10892   0.02504  -0.01108  -0.39859;
-0.09902   1.11791   0.22019  -28.79202;
 0.01971  -0.22739   1.17874   3.61629;
 0.00000   0.00000   0.00000   1.00000;
setting subject to fsaverage
Writing  LTA to file transforms/talairach.auto.xfm.lta...
lta_convert successful.
 
 
Started at Sun Mar 8 18:52:37 CET 2026
Ended   at Sun Mar  8 18:52:52 CET 2026
talairach_avi done
