status file for recon-all
Sun Mar  8 17:07:08 CET 2026
#@# MotionCor Sun Mar  8 17:07:10 CET 2026
#@# Talairach Sun Mar  8 17:07:20 CET 2026
#@# Talairach Failure Detection Sun Mar  8 17:11:44 CET 2026
#@# Nu Intensity Correction Sun Mar  8 17:11:44 CET 2026
#@# Intensity Normalization Sun Mar  8 17:15:01 CET 2026
recon-all -s sub-v1s14x0051556_ses-1 finished without error at Sun Mar  8 17:16:28 CET 2026



#New# invocation of recon-all 



status file for recon-all
Sun Mar  8 17:23:59 CET 2026
#@# EM Registration Sun Mar  8 17:23:59 CET 2026
recon-all -s sub-v1s14x0051556_ses-1 finished without error at Sun Mar  8 17:25:54 CET 2026



#New# invocation of recon-all 



status file for recon-all
Sun Mar  8 17:25:57 CET 2026
#@# CA Normalize Sun Mar  8 17:25:57 CET 2026
#@# CA Reg Sun Mar  8 17:27:15 CET 2026
#@# SubCort Seg Sun Mar  8 18:16:31 CET 2026
#@# CC Seg Sun Mar  8 18:49:39 CET 2026
#@# Merge ASeg Sun Mar  8 18:50:17 CET 2026
#@# Intensity Normalization2 Sun Mar  8 18:50:17 CET 2026
#@# Mask BFS Sun Mar  8 18:52:27 CET 2026
#@# WM Segmentation Sun Mar  8 18:52:28 CET 2026
#@# Fill Sun Mar  8 18:54:40 CET 2026
recon-all -s sub-v1s14x0051556_ses-1 finished without error at Sun Mar  8 18:55:41 CET 2026



#New# invocation of recon-all 



status file for recon-all
Sun Mar  8 20:10:43 CET 2026
#@# white curv lh Sun Mar  8 20:10:43 CET 2026
#@# white area lh Sun Mar  8 20:10:43 CET 2026
#@# pial curv lh Sun Mar  8 20:10:43 CET 2026
#@# pial area lh Sun Mar  8 20:10:43 CET 2026
#@# thickness lh Sun Mar  8 20:10:43 CET 2026
#@# area and vertex vol lh Sun Mar  8 20:10:44 CET 2026
#@# white curv rh Sun Mar  8 20:10:44 CET 2026
#@# white area rh Sun Mar  8 20:10:44 CET 2026
#@# pial curv rh Sun Mar  8 20:10:44 CET 2026
#@# pial area rh Sun Mar  8 20:10:44 CET 2026
#@# thickness rh Sun Mar  8 20:10:44 CET 2026
#@# area and vertex vol rh Sun Mar  8 20:10:44 CET 2026
#@# Cortical ribbon mask Sun Mar  8 20:10:44 CET 2026
recon-all -s sub-v1s14x0051556_ses-1 finished without error at Sun Mar  8 20:20:07 CET 2026



#New# invocation of recon-all 



status file for recon-all
Sun Mar  8 20:27:45 CET 2026
#@# white curv lh Sun Mar  8 20:27:45 CET 2026
#@# white area lh Sun Mar  8 20:27:45 CET 2026
#@# pial curv lh Sun Mar  8 20:27:46 CET 2026
#@# pial area lh Sun Mar  8 20:27:46 CET 2026
#@# thickness lh Sun Mar  8 20:27:46 CET 2026
#@# area and vertex vol lh Sun Mar  8 20:27:46 CET 2026
#@# white curv rh Sun Mar  8 20:27:46 CET 2026
#@# white area rh Sun Mar  8 20:27:46 CET 2026
#@# pial curv rh Sun Mar  8 20:27:46 CET 2026
#@# pial area rh Sun Mar  8 20:27:46 CET 2026
#@# thickness rh Sun Mar  8 20:27:46 CET 2026
#@# area and vertex vol rh Sun Mar  8 20:27:46 CET 2026
#@# Curvature Stats lh Sun Mar  8 20:27:46 CET 2026
#@# Curvature Stats rh Sun Mar  8 20:27:49 CET 2026
#@# Relabel Hypointensities Sun Mar  8 20:27:51 CET 2026
#@# APas-to-ASeg Sun Mar  8 20:28:08 CET 2026
#@# AParc-to-ASeg aparc Sun Mar  8 20:28:17 CET 2026
#@# AParc-to-ASeg aparc.a2009s Sun Mar  8 20:29:05 CET 2026
#@# AParc-to-ASeg aparc.DKTatlas Sun Mar  8 20:29:56 CET 2026
#@# WMParc Sun Mar  8 20:30:47 CET 2026
#@# ASeg Stats Sun Mar  8 20:35:08 CET 2026
recon-all -s sub-v1s14x0051556_ses-1 finished without error at Sun Mar  8 20:35:49 CET 2026
