status file for recon-all
Sun Mar  8 21:13:20 CET 2026
#@# Tessellate lh Sun Mar  8 21:13:20 CET 2026
#@# Smooth1 lh Sun Mar  8 21:13:22 CET 2026
#@# Inflation1 lh Sun Mar  8 21:13:25 CET 2026
#@# QSphere lh Sun Mar  8 21:13:38 CET 2026
#@# Fix Topology lh Sun Mar  8 21:15:33 CET 2026
#@# Smooth2 lh Sun Mar  8 21:48:09 CET 2026
#@# Inflation2 lh Sun Mar  8 21:48:11 CET 2026
#@# Curv .H and .K lh Sun Mar  8 21:48:25 CET 2026
#@# Sphere lh Sun Mar  8 21:49:08 CET 2026
#@# Surf Reg lh Sun Mar  8 21:58:42 CET 2026
#@# Jacobian white lh Sun Mar  8 22:14:39 CET 2026
#@# AvgCurv lh Sun Mar  8 22:14:41 CET 2026
#@# Cortical Parc lh Sun Mar  8 22:14:42 CET 2026
#@# white curv lh Sun Mar  8 22:20:10 CET 2026
#@# white area lh Sun Mar  8 22:20:11 CET 2026
#@# pial curv lh Sun Mar  8 22:20:12 CET 2026
#@# pial area lh Sun Mar  8 22:20:14 CET 2026
#@# thickness lh Sun Mar  8 22:20:15 CET 2026
#@# area and vertex vol lh Sun Mar  8 22:20:43 CET 2026
#@# Curvature Stats lh Sun Mar  8 22:20:44 CET 2026
#@# Cortical Parc 2 lh Sun Mar  8 22:20:46 CET 2026
#@# Cortical Parc 3 lh Sun Mar  8 22:20:57 CET 2026
#@# WM/GM Contrast lh Sun Mar  8 22:21:06 CET 2026
recon-all -s sub-v1s14x0051573_ses-1 finished without error at Sun Mar  8 22:21:09 CET 2026



#New# invocation of recon-all 



status file for recon-all
Sun Mar  8 23:30:24 CET 2026
#@# white curv lh Sun Mar  8 23:30:24 CET 2026
#@# white area lh Sun Mar  8 23:30:24 CET 2026
#@# pial curv lh Sun Mar  8 23:30:24 CET 2026
#@# pial area lh Sun Mar  8 23:30:24 CET 2026
#@# thickness lh Sun Mar  8 23:30:24 CET 2026
#@# area and vertex vol lh Sun Mar  8 23:30:24 CET 2026
#@# Parcellation Stats lh Sun Mar  8 23:30:24 CET 2026
#@# Parcellation Stats 2 lh Sun Mar  8 23:30:42 CET 2026
#@# Parcellation Stats 3 lh Sun Mar  8 23:30:52 CET 2026
#@# BA_exvivo Labels lh Sun Mar  8 23:31:02 CET 2026
recon-all -s sub-v1s14x0051573_ses-1 finished without error at Sun Mar  8 23:33:20 CET 2026
