status file for recon-all
Sun Mar  8 18:49:32 CET 2026
#@# MotionCor Sun Mar  8 18:49:34 CET 2026
#@# Talairach Sun Mar  8 18:49:40 CET 2026
#@# Talairach Failure Detection Sun Mar  8 18:52:30 CET 2026
#@# Nu Intensity Correction Sun Mar  8 18:52:30 CET 2026
#@# Intensity Normalization Sun Mar  8 18:55:15 CET 2026
recon-all -s sub-v1s14x0051573_ses-1 finished without error at Sun Mar  8 18:56:18 CET 2026



#New# invocation of recon-all 



status file for recon-all
Sun Mar  8 19:03:11 CET 2026
#@# EM Registration Sun Mar  8 19:03:11 CET 2026
recon-all -s sub-v1s14x0051573_ses-1 finished without error at Sun Mar  8 19:59:48 CET 2026



#New# invocation of recon-all 



status file for recon-all
Sun Mar  8 19:59:49 CET 2026
#@# CA Normalize Sun Mar  8 19:59:49 CET 2026
#@# CA Reg Sun Mar  8 20:00:45 CET 2026
#@# SubCort Seg Sun Mar  8 20:41:55 CET 2026
#@# CC Seg Sun Mar  8 21:08:15 CET 2026
#@# Merge ASeg Sun Mar  8 21:09:12 CET 2026
#@# Intensity Normalization2 Sun Mar  8 21:09:12 CET 2026
#@# Mask BFS Sun Mar  8 21:10:46 CET 2026
#@# WM Segmentation Sun Mar  8 21:10:47 CET 2026
#@# Fill Sun Mar  8 21:12:35 CET 2026
recon-all -s sub-v1s14x0051573_ses-1 finished without error at Sun Mar  8 21:13:15 CET 2026



#New# invocation of recon-all 



status file for recon-all
Sun Mar  8 23:26:22 CET 2026
#@# white curv lh Sun Mar  8 23:26:22 CET 2026
#@# white area lh Sun Mar  8 23:26:22 CET 2026
#@# pial curv lh Sun Mar  8 23:26:22 CET 2026
#@# pial area lh Sun Mar  8 23:26:22 CET 2026
#@# thickness lh Sun Mar  8 23:26:22 CET 2026
#@# area and vertex vol lh Sun Mar  8 23:26:22 CET 2026
#@# white curv rh Sun Mar  8 23:26:22 CET 2026
#@# white area rh Sun Mar  8 23:26:22 CET 2026
#@# pial curv rh Sun Mar  8 23:26:22 CET 2026
#@# pial area rh Sun Mar  8 23:26:22 CET 2026
#@# thickness rh Sun Mar  8 23:26:22 CET 2026
#@# area and vertex vol rh Sun Mar  8 23:26:22 CET 2026
#@# Cortical ribbon mask Sun Mar  8 23:26:22 CET 2026
recon-all -s sub-v1s14x0051573_ses-1 finished without error at Sun Mar  8 23:30:19 CET 2026



#New# invocation of recon-all 



status file for recon-all
Sun Mar  8 23:36:21 CET 2026
#@# white curv lh Sun Mar  8 23:36:22 CET 2026
#@# white area lh Sun Mar  8 23:36:22 CET 2026
#@# pial curv lh Sun Mar  8 23:36:22 CET 2026
#@# pial area lh Sun Mar  8 23:36:22 CET 2026
#@# thickness lh Sun Mar  8 23:36:22 CET 2026
#@# area and vertex vol lh Sun Mar  8 23:36:22 CET 2026
#@# white curv rh Sun Mar  8 23:36:22 CET 2026
#@# white area rh Sun Mar  8 23:36:22 CET 2026
#@# pial curv rh Sun Mar  8 23:36:22 CET 2026
#@# pial area rh Sun Mar  8 23:36:22 CET 2026
#@# thickness rh Sun Mar  8 23:36:22 CET 2026
#@# area and vertex vol rh Sun Mar  8 23:36:22 CET 2026
#@# Curvature Stats lh Sun Mar  8 23:36:22 CET 2026
#@# Curvature Stats rh Sun Mar  8 23:36:24 CET 2026
#@# Relabel Hypointensities Sun Mar  8 23:36:26 CET 2026
#@# APas-to-ASeg Sun Mar  8 23:36:37 CET 2026
#@# AParc-to-ASeg aparc Sun Mar  8 23:36:44 CET 2026
#@# AParc-to-ASeg aparc.a2009s Sun Mar  8 23:37:07 CET 2026
#@# AParc-to-ASeg aparc.DKTatlas Sun Mar  8 23:37:27 CET 2026
#@# WMParc Sun Mar  8 23:37:54 CET 2026
#@# ASeg Stats Sun Mar  8 23:39:41 CET 2026
recon-all -s sub-v1s14x0051573_ses-1 finished without error at Sun Mar  8 23:39:59 CET 2026
