status file for recon-all
Sun Mar  8 22:21:11 CET 2026
#@# Tessellate rh Sun Mar  8 22:21:11 CET 2026
#@# Smooth1 rh Sun Mar  8 22:21:14 CET 2026
#@# Inflation1 rh Sun Mar  8 22:21:16 CET 2026
#@# QSphere rh Sun Mar  8 22:21:32 CET 2026
#@# Fix Topology rh Sun Mar  8 22:23:45 CET 2026
#@# Smooth2 rh Sun Mar  8 22:48:47 CET 2026
#@# Inflation2 rh Sun Mar  8 22:48:50 CET 2026
#@# Curv .H and .K rh Sun Mar  8 22:49:04 CET 2026
#@# Sphere rh Sun Mar  8 22:49:48 CET 2026
#@# Surf Reg rh Sun Mar  8 23:00:11 CET 2026
#@# Jacobian white rh Sun Mar  8 23:19:33 CET 2026
#@# AvgCurv rh Sun Mar  8 23:19:34 CET 2026
#@# Cortical Parc rh Sun Mar  8 23:19:34 CET 2026
#@# white curv rh Sun Mar  8 23:25:24 CET 2026
#@# white area rh Sun Mar  8 23:25:26 CET 2026
#@# pial curv rh Sun Mar  8 23:25:27 CET 2026
#@# pial area rh Sun Mar  8 23:25:28 CET 2026
#@# thickness rh Sun Mar  8 23:25:29 CET 2026
#@# area and vertex vol rh Sun Mar  8 23:25:51 CET 2026
#@# Curvature Stats rh Sun Mar  8 23:25:52 CET 2026
#@# Cortical Parc 2 rh Sun Mar  8 23:25:55 CET 2026
#@# Cortical Parc 3 rh Sun Mar  8 23:26:06 CET 2026
#@# WM/GM Contrast rh Sun Mar  8 23:26:16 CET 2026
recon-all -s sub-v1s14x0051573_ses-1 finished without error at Sun Mar  8 23:26:18 CET 2026



#New# invocation of recon-all 



status file for recon-all
Sun Mar  8 23:33:22 CET 2026
#@# white curv rh Sun Mar  8 23:33:22 CET 2026
#@# white area rh Sun Mar  8 23:33:22 CET 2026
#@# pial curv rh Sun Mar  8 23:33:22 CET 2026
#@# pial area rh Sun Mar  8 23:33:22 CET 2026
#@# thickness rh Sun Mar  8 23:33:22 CET 2026
#@# area and vertex vol rh Sun Mar  8 23:33:22 CET 2026
#@# Parcellation Stats rh Sun Mar  8 23:33:22 CET 2026
#@# Parcellation Stats 2 rh Sun Mar  8 23:33:41 CET 2026
#@# Parcellation Stats 3 rh Sun Mar  8 23:33:50 CET 2026
#@# BA_exvivo Labels rh Sun Mar  8 23:33:59 CET 2026
recon-all -s sub-v1s14x0051573_ses-1 finished without error at Sun Mar  8 23:36:15 CET 2026
