status file for recon-all
Sun Mar  8 19:05:34 CET 2026
#@# MotionCor Sun Mar  8 19:05:36 CET 2026
#@# Talairach Sun Mar  8 19:05:41 CET 2026
#@# Talairach Failure Detection Sun Mar  8 19:08:31 CET 2026
#@# Nu Intensity Correction Sun Mar  8 19:08:31 CET 2026
#@# Intensity Normalization Sun Mar  8 19:11:15 CET 2026
recon-all -s sub-v1s14x0051577_ses-1 finished without error at Sun Mar  8 19:12:17 CET 2026



#New# invocation of recon-all 



status file for recon-all
Sun Mar  8 19:18:31 CET 2026
#@# EM Registration Sun Mar  8 19:18:31 CET 2026
recon-all -s sub-v1s14x0051577_ses-1 finished without error at Sun Mar  8 19:19:39 CET 2026



#New# invocation of recon-all 



status file for recon-all
Sun Mar  8 19:19:41 CET 2026
#@# CA Normalize Sun Mar  8 19:19:41 CET 2026
#@# CA Reg Sun Mar  8 19:20:32 CET 2026
#@# SubCort Seg Sun Mar  8 19:55:16 CET 2026
#@# CC Seg Sun Mar  8 20:19:15 CET 2026
#@# Merge ASeg Sun Mar  8 20:19:39 CET 2026
#@# Intensity Normalization2 Sun Mar  8 20:19:39 CET 2026
#@# Mask BFS Sun Mar  8 20:21:03 CET 2026
#@# WM Segmentation Sun Mar  8 20:21:04 CET 2026
#@# Fill Sun Mar  8 20:22:40 CET 2026
recon-all -s sub-v1s14x0051577_ses-1 finished without error at Sun Mar  8 20:23:19 CET 2026



#New# invocation of recon-all 



status file for recon-all
Sun Mar  8 21:13:11 CET 2026
#@# white curv lh Sun Mar  8 21:13:11 CET 2026
#@# white area lh Sun Mar  8 21:13:11 CET 2026
#@# pial curv lh Sun Mar  8 21:13:11 CET 2026
#@# pial area lh Sun Mar  8 21:13:12 CET 2026
#@# thickness lh Sun Mar  8 21:13:12 CET 2026
#@# area and vertex vol lh Sun Mar  8 21:13:12 CET 2026
#@# white curv rh Sun Mar  8 21:13:12 CET 2026
#@# white area rh Sun Mar  8 21:13:12 CET 2026
#@# pial curv rh Sun Mar  8 21:13:12 CET 2026
#@# pial area rh Sun Mar  8 21:13:12 CET 2026
#@# thickness rh Sun Mar  8 21:13:12 CET 2026
#@# area and vertex vol rh Sun Mar  8 21:13:12 CET 2026
#@# Cortical ribbon mask Sun Mar  8 21:13:12 CET 2026
recon-all -s sub-v1s14x0051577_ses-1 finished without error at Sun Mar  8 21:18:59 CET 2026



#New# invocation of recon-all 



status file for recon-all
Sun Mar  8 21:24:26 CET 2026
#@# white curv lh Sun Mar  8 21:24:26 CET 2026
#@# white area lh Sun Mar  8 21:24:26 CET 2026
#@# pial curv lh Sun Mar  8 21:24:26 CET 2026
#@# pial area lh Sun Mar  8 21:24:26 CET 2026
#@# thickness lh Sun Mar  8 21:24:26 CET 2026
#@# area and vertex vol lh Sun Mar  8 21:24:26 CET 2026
#@# white curv rh Sun Mar  8 21:24:26 CET 2026
#@# white area rh Sun Mar  8 21:24:26 CET 2026
#@# pial curv rh Sun Mar  8 21:24:26 CET 2026
#@# pial area rh Sun Mar  8 21:24:26 CET 2026
#@# thickness rh Sun Mar  8 21:24:26 CET 2026
#@# area and vertex vol rh Sun Mar  8 21:24:26 CET 2026
#@# Curvature Stats lh Sun Mar  8 21:24:26 CET 2026
#@# Curvature Stats rh Sun Mar  8 21:24:27 CET 2026
#@# Relabel Hypointensities Sun Mar  8 21:24:29 CET 2026
#@# APas-to-ASeg Sun Mar  8 21:24:40 CET 2026
#@# AParc-to-ASeg aparc Sun Mar  8 21:24:46 CET 2026
#@# AParc-to-ASeg aparc.a2009s Sun Mar  8 21:25:11 CET 2026
#@# AParc-to-ASeg aparc.DKTatlas Sun Mar  8 21:25:34 CET 2026
#@# WMParc Sun Mar  8 21:25:57 CET 2026
#@# ASeg Stats Sun Mar  8 21:27:42 CET 2026
recon-all -s sub-v1s14x0051577_ses-1 finished without error at Sun Mar  8 21:28:00 CET 2026
