/out/sourcedata/freesurfer/sub-v1s14x0051583_ses-1/mri
/opt/freesurfer/bin/talairach_avi
--i orig_nu.mgz --xfm transforms/talairach.auto.xfm
talairach_avi 7.3.2
Linux dna056 5.14.0-427.37.1.el9_4.x86_64 #1 SMP PREEMPT_DYNAMIC Fri Sep 13 12:41:50 EDT 2024 x86_64 x86_64 x86_64 GNU/Linux
Sun Mar  8 20:01:39 CET 2026
mri_convert orig_nu.mgz talsrcimg.img 
reading from orig_nu.mgz...
TR=0.00, TE=0.00, TI=0.00, flip angle=0.00
i_ras = (-1, 0, -3.72529e-09)
j_ras = (0, 0, -1)
k_ras = (2.32831e-10, 1, 0)
writing to talsrcimg.img...
Analyze Output Matrix
-1.00000   0.00000   0.00000   132.53430;
 0.00000   0.00000   1.00000  -115.45181;
-0.00000  -1.00000   0.00000   158.22351;
 0.00000   0.00000   0.00000   1.00000;
--------------------
INFO: set hdr.hist.orient to -1
mpr2mni305 talsrcimg
Sun Mar  8 20:01:39 CET 2026
/opt/freesurfer/bin/mpr2mni305 talsrcimg
mpr2mni305 7.3.2
target=711-2C_as_mni_average_305

---------------------------------------------------------------------
analyzeto4dfp talsrcimg -O0 -y
---------------------------------------------------------------------

freesurfer ifh2hdr.c
Sun Mar  8 20:01:40 2026
Writing: talsrcimg.4dfp.hdr
freesurfer analyzeto4dfp.c
Reading: talsrcimg.hdr
header size 348 bytes
hdr.dime.datatype	offset=70	value=2
hdr.dime.bitpix		offset=72	value=8
hdr.hist.orient		offset=252	value=-1
dimensionality     4
dimensions       256       256       256         1
Reading: talsrcimg.img
Writing: talsrcimg.4dfp.img
Writing: talsrcimg.4dfp.ifh
ifh2hdr talsrcimg -r0to245
ori=2

---------------------------------------------------------------------
gauss_4dfp talsrcimg 1.1
---------------------------------------------------------------------

freesurfer gauss_4dfp.c
Reading: talsrcimg.4dfp.img
Writing: talsrcimg_g11.4dfp.img
image dimensions 256 256 256 padded to 288 288 288
processing volume 1freesurfer ifh2hdr.c
Sun Mar  8 20:01:41 2026
Writing: talsrcimg_g11.4dfp.hdr

Writing: talsrcimg_g11.4dfp.ifh
including: talsrcimg.4dfp.img.rec in talsrcimg_g11.4dfp.img.rec

---------------------------------------------------------------------
imgreg_4dfp /opt/freesurfer/average/711-2C_as_mni_average_305 none talsrcimg_g11 none talsrcimg_to_711-2C_as_mni_average_305_t4 4355
---------------------------------------------------------------------

freesurfer imgreg_4dfp.c
/opt/freesurfer/average/711-2C_as_mni_average_305.4dfp.img
       256       256       256         1
  1.000000  1.000000  1.000000
orientation T byte_order littleendian
Reading image: /opt/freesurfer/average/711-2C_as_mni_average_305.4dfp.img
dimensions:      256       256       256
mmppix:       1.0000   -1.0000   -1.0000
center:     128.0000 -129.0000 -129.0000
talsrcimg_g11.4dfp.img
       256       256       256         1
  1.000000  1.000000  1.000000
orientation T byte_order littleendian
Reading image: talsrcimg_g11.4dfp.img
dimensions:      256       256       256
mmppix:       1.0000   -1.0000   -1.0000
center:     128.0000 -129.0000 -129.0000
t4_read: open error in t4_sub.f l:  41 t4_file(1:l)talsrcimg_to_711-2C_as_mni_average_305_t4 
t4_read: transform initialized to I4
rotation matrix determinant  1.000000
image alignment mode   4355 decimal     1103 hex
   -7.5000  -45.0000  -45.0000 8563.4453   20.7486
    0.0000  -45.0000  -45.0000 8852.7031   20.7602
    7.5000  -45.0000  -45.0000 8440.8730   20.7451
   -7.5000  -37.5000  -45.0000 8836.3340   20.7358
    0.0000  -37.5000  -45.0000 9127.9795   20.7581
    7.5000  -37.5000  -45.0000 8703.7559   20.7407
   -7.5000  -30.0000  -45.0000 9414.7412   20.7626
    0.0000  -30.0000  -45.0000 9738.1309   20.7883
    7.5000  -30.0000  -45.0000 9295.7041   20.7654
   -7.5000  -22.5000  -45.0000 9961.5811   20.8029
    0.0000  -22.5000  -45.000010331.0488   20.8209
    7.5000  -22.5000  -45.0000 9847.0342   20.7981
   -7.5000  -15.0000  -45.000010467.7930   20.8183
    0.0000  -15.0000  -45.000010850.5000   20.8250
    7.5000  -15.0000  -45.000010350.4141   20.8081
   -7.5000   -7.5000  -45.000010919.4023   20.7909
    0.0000   -7.5000  -45.000011306.2285   20.7944
    7.5000   -7.5000  -45.000010790.3740   20.7796
   -7.5000    0.0000  -45.000011268.9756   20.7486
    0.0000    0.0000  -45.000011652.6855   20.7602
    7.5000    0.0000  -45.000011116.7891   20.7451
   -7.5000    7.5000  -45.000010643.6855   20.7358
    0.0000    7.5000  -45.000011001.7969   20.7581
    7.5000    7.5000  -45.000010495.5596   20.7407
   -7.5000   15.0000  -45.0000 9808.8389   20.7626
    0.0000   15.0000  -45.000010156.5508   20.7883
    7.5000   15.0000  -45.0000 9671.6396   20.7654
   -7.5000   22.5000  -45.0000 8955.1475   20.8000
    0.0000   22.5000  -45.0000 9277.1787   20.8180
    7.5000   22.5000  -45.0000 8813.0322   20.7953
   -7.5000   30.0000  -45.0000 8125.2788   20.5409
    0.0000   30.0000  -45.0000 8414.9258   20.5475
    7.5000   30.0000  -45.0000 7993.1079   20.5308
   -7.5000   37.5000  -45.0000 7508.1499   20.5138
    0.0000   37.5000  -45.0000 7791.5034   20.5173
    7.5000   37.5000  -45.0000 7378.0073   20.5027
   -7.5000   45.0000  -45.0000 6584.1060   20.0108
    0.0000   45.0000  -45.0000 6824.4897   20.0230
    7.5000   45.0000  -45.0000 6460.8916   20.0089
   -7.5000  -45.0000  -37.5000 9152.2197   20.5029
    0.0000  -45.0000  -37.5000 9479.7930   20.5032
    7.5000  -45.0000  -37.5000 9008.6064   20.4805
   -7.5000  -37.5000  -37.5000 9454.4131   20.4857
    0.0000  -37.5000  -37.5000 9772.2051   20.4973
    7.5000  -37.5000  -37.5000 9281.2012   20.4712
   -7.5000  -30.0000  -37.500010060.1299   20.5075
    0.0000  -30.0000  -37.500010396.2734   20.5236
    7.5000  -30.0000  -37.5000 9893.2539   20.4915
   -7.5000  -22.5000  -37.500010640.2148   20.5490
    0.0000  -22.5000  -37.500011004.8643   20.5584
    7.5000  -22.5000  -37.500010454.0557   20.5267
   -7.5000  -15.0000  -37.500011184.2793   20.5686
    0.0000  -15.0000  -37.500011570.0527   20.5668
    7.5000  -15.0000  -37.500010984.9229   20.5422
   -7.5000   -7.5000  -37.500011652.5693   20.5441
    0.0000   -7.5000  -37.500012042.2705   20.5379
    7.5000   -7.5000  -37.500011468.4688   20.5163
   -7.5000    0.0000  -37.500012023.5068   20.5029
    0.0000    0.0000  -37.500012431.0459   20.5032
    7.5000    0.0000  -37.500011825.1592   20.4805
   -7.5000    7.5000  -37.500011296.3867   20.4857
    0.0000    7.5000  -37.500011694.7832   20.4973
    7.5000    7.5000  -37.500011143.7812   20.4712
   -7.5000   15.0000  -37.500010367.9238   20.5075
    0.0000   15.0000  -37.500010732.8809   20.5236
    7.5000   15.0000  -37.500010207.5625   20.4915
   -7.5000   22.5000  -37.5000 9422.3779   20.5462
    0.0000   22.5000  -37.5000 9777.9238   20.5556
    7.5000   22.5000  -37.5000 9301.2598   20.5239
   -7.5000   30.0000  -37.5000 8528.9707   20.2945
    0.0000   30.0000  -37.5000 8855.9707   20.2927
    7.5000   30.0000  -37.5000 8422.6484   20.2685
   -7.5000   37.5000  -37.5000 7899.2974   20.2704
    0.0000   37.5000  -37.5000 8199.1787   20.2642
    7.5000   37.5000  -37.5000 7770.6548   20.2429
   -7.5000   45.0000  -37.5000 6917.0352   19.7742
    0.0000   45.0000  -37.5000 7172.0034   19.7751
    7.5000   45.0000  -37.5000 6800.2329   19.7536
   -7.5000  -45.0000  -30.0000 9943.8076   21.1942
    0.0000  -45.0000  -30.000010285.5693   21.1754
    7.5000  -45.0000  -30.0000 9744.4834   21.1388
   -7.5000  -37.5000  -30.000010271.9502   21.1839
    0.0000  -37.5000  -30.000010616.3105   21.1741
    7.5000  -37.5000  -30.000010048.1816   21.1332
   -7.5000  -30.0000  -30.000010932.7344   21.2165
    0.0000  -30.0000  -30.000011270.2031   21.2113
    7.5000  -30.0000  -30.000010686.6074   21.1632
   -7.5000  -22.5000  -30.000011534.9434   21.2632
    0.0000  -22.5000  -30.000011910.9414   21.2536
    7.5000  -22.5000  -30.000011299.1953   21.2047
   -7.5000  -15.0000  -30.000012100.6045   21.2775
    0.0000  -15.0000  -30.000012526.0898   21.2594
    7.5000  -15.0000  -30.000011861.1436   21.2182
   -7.5000   -7.5000  -30.000012580.9746   21.2412
    0.0000   -7.5000  -30.000013013.1328   21.2184
    7.5000   -7.5000  -30.000012371.2637   21.1822
   -7.5000    0.0000  -30.000012967.8525   21.1942
    0.0000    0.0000  -30.000013415.2568   21.1754
    7.5000    0.0000  -30.000012782.4229   21.1388
   -7.5000    7.5000  -30.000012184.4385   21.1839
    0.0000    7.5000  -30.000012605.7803   21.1741
    7.5000    7.5000  -30.000012005.3877   21.1332
   -7.5000   15.0000  -30.000011120.9854   21.2165
    0.0000   15.0000  -30.000011504.5938   21.2113
    7.5000   15.0000  -30.000010957.1250   21.1632
   -7.5000   22.5000  -30.000010094.2686   21.2581
    0.0000   22.5000  -30.000010449.0859   21.2485
    7.5000   22.5000  -30.0000 9960.4844   21.1996
   -7.5000   30.0000  -30.0000 9124.4287   20.9959
    0.0000   30.0000  -30.0000 9469.5215   20.9781
    7.5000   30.0000  -30.0000 8999.8682   20.9374
   -7.5000   37.5000  -30.0000 8422.8291   20.9601
    0.0000   37.5000  -30.0000 8725.6328   20.9376
    7.5000   37.5000  -30.0000 8299.3535   20.9019
   -7.5000   45.0000  -30.0000 7353.5835   20.4545
    0.0000   45.0000  -30.0000 7617.7441   20.4365
    7.5000   45.0000  -30.0000 7247.6611   20.4011
   -7.5000  -45.0000  -22.500010734.1230   21.7755
    0.0000  -45.0000  -22.500011114.1475   21.7528
    7.5000  -45.0000  -22.500010528.6475   21.7120
   -7.5000  -37.5000  -22.500011094.9678   21.7732
    0.0000  -37.5000  -22.500011485.5381   21.7564
    7.5000  -37.5000  -22.500010874.4902   21.7132
   -7.5000  -30.0000  -22.500011792.3584   21.8216
    0.0000  -30.0000  -22.500012179.9756   21.8088
    7.5000  -30.0000  -22.500011531.3203   21.7590
   -7.5000  -22.5000  -22.500012432.1562   21.8751
    0.0000  -22.5000  -22.500012835.9277   21.8607
    7.5000  -22.5000  -22.500012160.0781   21.8077
   -7.5000  -15.0000  -22.500013001.1963   21.8833
    0.0000  -15.0000  -22.500013457.0293   21.8632
    7.5000  -15.0000  -22.500012738.9814   21.8150
   -7.5000   -7.5000  -22.500013512.0303   21.8322
    0.0000   -7.5000  -22.500013999.7256   21.8077
    7.5000   -7.5000  -22.500013266.0195   21.7652
   -7.5000    0.0000  -22.500013874.4775   21.7755
    0.0000    0.0000  -22.500014405.6914   21.7528
    7.5000    0.0000  -22.500013674.9775   21.7120
   -7.5000    7.5000  -22.500013047.6104   21.7732
    0.0000    7.5000  -22.500013507.4756   21.7564
    7.5000    7.5000  -22.500012833.9180   21.7132
   -7.5000   15.0000  -22.500011922.2549   21.8216
    0.0000   15.0000  -22.500012323.4980   21.8088
    7.5000   15.0000  -22.500011700.8740   21.7590
   -7.5000   22.5000  -22.500010798.1221   21.8684
    0.0000   22.5000  -22.500011170.0439   21.8540
    7.5000   22.5000  -22.500010636.6465   21.8010
   -7.5000   30.0000  -22.5000 9754.6455   21.5971
    0.0000   30.0000  -22.500010089.9121   21.5772
    7.5000   30.0000  -22.5000 9568.5566   21.5297
   -7.5000   37.5000  -22.5000 8968.8213   21.5466
    0.0000   37.5000  -22.5000 9276.5830   21.5225
    7.5000   37.5000  -22.5000 8816.6719   21.4805
   -7.5000   45.0000  -22.5000 7823.6440   21.0290
    0.0000   45.0000  -22.5000 8076.8955   21.0070
    7.5000   45.0000  -22.5000 7703.4907   20.9670
   -7.5000  -45.0000  -15.000011575.1338   22.2821
    0.0000  -45.0000  -15.000011968.1924   22.2743
    7.5000  -45.0000  -15.000011333.8477   22.2390
   -7.5000  -37.5000  -15.000011955.4385   22.2818
    0.0000  -37.5000  -15.000012365.6787   22.2777
    7.5000  -37.5000  -15.000011674.0420   22.2425
   -7.5000  -30.0000  -15.000012701.7383   22.3367
    0.0000  -30.0000  -15.000013118.4736   22.3355
    7.5000  -30.0000  -15.000012367.4824   22.2951
   -7.5000  -22.5000  -15.000013374.1182   22.3925
    0.0000  -22.5000  -15.000013811.2500   22.3909
    7.5000  -22.5000  -15.000013047.3389   22.3463
   -7.5000  -15.0000  -15.000013974.1719   22.3988
    0.0000  -15.0000  -15.000014439.1836   22.3930
    7.5000  -15.0000  -15.000013651.5029   22.3507
   -7.5000   -7.5000  -15.000014525.2891   22.3434
    0.0000   -7.5000  -15.000014998.3906   22.3342
    7.5000   -7.5000  -15.000014194.3135   22.2961
   -7.5000    0.0000  -15.000014859.4639   22.2821
    0.0000    0.0000  -15.000015394.3652   22.2743
    7.5000    0.0000  -15.000014580.0586   22.2390
   -7.5000    7.5000  -15.000013939.2080   22.2818
    0.0000    7.5000  -15.000014435.0127   22.2777
    7.5000    7.5000  -15.000013684.9922   22.2425
   -7.5000   15.0000  -15.000012743.2236   22.3367
    0.0000   15.0000  -15.000013153.1924   22.3355
    7.5000   15.0000  -15.000012477.7334   22.2951
   -7.5000   22.5000  -15.000011540.9238   22.3846
    0.0000   22.5000  -15.000011907.3643   22.3830
    7.5000   22.5000  -15.000011336.0547   22.3384
   -7.5000   30.0000  -15.000010389.1426   22.1090
    0.0000   30.0000  -15.000010741.0654   22.1032
    7.5000   30.0000  -15.000010209.4062   22.0615
   -7.5000   37.5000  -15.0000 9537.8447   22.0542
    0.0000   37.5000  -15.0000 9864.5176   22.0451
    7.5000   37.5000  -15.0000 9368.9824   22.0075
   -7.5000   45.0000  -15.0000 8333.4307   21.5300
    0.0000   45.0000  -15.0000 8615.4121   21.5227
    7.5000   45.0000  -15.0000 8213.2949   21.4880
   -7.5000  -45.0000   -7.500012427.8174   22.5264
    0.0000  -45.0000   -7.500012859.6787   22.5391
    7.5000  -45.0000   -7.500012151.5215   22.5149
   -7.5000  -37.5000   -7.500012850.6367   22.5178
    0.0000  -37.5000   -7.500013314.9648   22.5364
    7.5000  -37.5000   -7.500012549.3496   22.5124
   -7.5000  -30.0000   -7.500013632.2090   22.5594
    0.0000  -30.0000   -7.500014118.5762   22.5802
    7.5000  -30.0000   -7.500013280.0820   22.5520
   -7.5000  -22.5000   -7.500014350.0283   22.6091
    0.0000  -22.5000   -7.500014852.9619   22.6267
    7.5000  -22.5000   -7.500013978.7861   22.5963
   -7.5000  -15.0000   -7.500015019.6523   22.6216
    0.0000  -15.0000   -7.500015523.2559   22.6325
    7.5000  -15.0000   -7.500014628.4121   22.6050
   -7.5000   -7.5000   -7.500015587.9707   22.5805
    0.0000   -7.5000   -7.500016107.1504   22.5888
    7.5000   -7.5000   -7.500015201.1865   22.5632
   -7.5000    0.0000   -7.500015910.3037   22.5264
    0.0000    0.0000   -7.500016460.8633   22.5391
    7.5000    0.0000   -7.500015535.8525   22.5149
   -7.5000    7.5000   -7.500014932.6553   22.5178
    0.0000    7.5000   -7.500015457.3154   22.5364
    7.5000    7.5000   -7.500014604.3086   22.5124
   -7.5000   15.0000   -7.500013651.0605   22.5594
    0.0000   15.0000   -7.500014109.3203   22.5802
    7.5000   15.0000   -7.500013361.4980   22.5520
   -7.5000   22.5000   -7.500012385.1797   22.5987
    0.0000   22.5000   -7.500012781.5840   22.6163
    7.5000   22.5000   -7.500012099.2588   22.5859
   -7.5000   30.0000   -7.500011132.5010   22.3283
    0.0000   30.0000   -7.500011503.2070   22.3390
    7.5000   30.0000   -7.500010858.9775   22.3119
   -7.5000   37.5000   -7.500010193.0234   22.2876
    0.0000   37.5000   -7.500010530.3799   22.2958
    7.5000   37.5000   -7.5000 9950.3896   22.2706
   -7.5000   45.0000   -7.5000 8909.6240   21.7711
    0.0000   45.0000   -7.5000 9214.4873   21.7841
    7.5000   45.0000   -7.5000 8745.2061   21.7606
   -7.5000  -45.0000    0.000013171.8086   22.5629
    0.0000  -45.0000    0.000013660.3057   22.5825
    7.5000  -45.0000    0.000012888.9834   22.5634
   -7.5000  -37.5000    0.000013678.2627   22.5455
    0.0000  -37.5000    0.000014199.1113   22.5754
    7.5000  -37.5000    0.000013365.9941   22.5547
   -7.5000  -30.0000    0.000014550.9678   22.5711
    0.0000  -30.0000    0.000015116.3916   22.6037
    7.5000  -30.0000    0.000014181.3477   22.5779
   -7.5000  -22.5000    0.000015269.5596   22.6147
    0.0000  -22.5000    0.000015846.5986   22.6398
    7.5000  -22.5000    0.000014894.0225   22.6140
   -7.5000  -15.0000    0.000016023.7578   22.6343
    0.0000  -15.0000    0.000016581.8965   22.6485
    7.5000  -15.0000    0.000015542.0381   22.6280
   -7.5000   -7.5000    0.000016618.4824   22.6080
    0.0000   -7.5000    0.000017190.4375   22.6194
    7.5000   -7.5000    0.000016113.3633   22.6005
   -7.5000    0.0000    0.000016954.0000   22.5629
    0.0000    0.0000    0.000017511.3164   22.5825
    7.5000    0.0000    0.000016443.0918   22.5634
   -7.5000    7.5000    0.000015876.4707   22.5455
    0.0000    7.5000    0.000016401.7129   22.5754
    7.5000    7.5000    0.000015438.3018   22.5547
   -7.5000   15.0000    0.000014536.7852   22.5711
    0.0000   15.0000    0.000015040.1572   22.6037
    7.5000   15.0000    0.000014179.2900   22.5779
   -7.5000   22.5000    0.000013194.7773   22.6043
    0.0000   22.5000    0.000013660.6299   22.6294
    7.5000   22.5000    0.000012870.0342   22.6036
   -7.5000   30.0000    0.000011861.0859   22.3414
    0.0000   30.0000    0.000012293.2500   22.3554
    7.5000   30.0000    0.000011552.0713   22.3351
   -7.5000   37.5000    0.000010848.8076   22.3154
    0.0000   37.5000    0.000011216.1846   22.3267
    7.5000   37.5000    0.000010556.7051   22.3080
   -7.5000   45.0000    0.0000 9473.8535   21.8100
    0.0000   45.0000    0.0000 9810.2324   21.8301
    7.5000   45.0000    0.0000 9251.1738   21.8121
   -7.5000  -45.0000    7.500012871.2861   22.5758
    0.0000  -45.0000    7.500013381.9912   22.5770
    7.5000  -45.0000    7.500012658.2510   22.5496
   -7.5000  -37.5000    7.500013436.0557   22.5577
    0.0000  -37.5000    7.500013981.5635   22.5710
    7.5000  -37.5000    7.500013096.7500   22.5397
   -7.5000  -30.0000    7.500014499.8213   22.5805
    0.0000  -30.0000    7.500015102.2021   22.5984
    7.5000  -30.0000    7.500013983.5010   22.5604
   -7.5000  -22.5000    7.500015314.2256   22.6243
    0.0000  -22.5000    7.500015871.5020   22.6346
    7.5000  -22.5000    7.500014723.2188   22.5972
   -7.5000  -15.0000    7.500015957.8613   22.6448
    0.0000  -15.0000    7.500016437.8770   22.6432
    7.5000  -15.0000    7.500015318.7666   22.6137
   -7.5000   -7.5000    7.500016422.9746   22.6191
    0.0000   -7.5000    7.500016899.1094   22.6130
    7.5000   -7.5000    7.500015808.0977   22.5869
   -7.5000    0.0000    7.500016666.4277   22.5758
    0.0000    0.0000    7.500017138.4863   22.5770
    7.5000    0.0000    7.500016075.0508   22.5496
   -7.5000    7.5000    7.500015564.6689   22.5577
    0.0000    7.5000    7.500016059.5908   22.5710
    7.5000    7.5000    7.500015083.3154   22.5397
   -7.5000   15.0000    7.500014269.9971   22.5805
    0.0000   15.0000    7.500014770.3574   22.5984
    7.5000   15.0000    7.500013885.6367   22.5604
   -7.5000   22.5000    7.500012972.5391   22.6138
    0.0000   22.5000    7.500013438.5508   22.6242
    7.5000   22.5000    7.500012615.5371   22.5868
   -7.5000   30.0000    7.500011672.5898   22.3517
    0.0000   30.0000    7.500012091.4307   22.3501
    7.5000   30.0000    7.500011324.4414   22.3211
   -7.5000   37.5000    7.500010687.3311   22.3264
    0.0000   37.5000    7.500011074.5898   22.3204
    7.5000   37.5000    7.500010371.5430   22.2946
   -7.5000   45.0000    7.5000 9308.0381   21.8236
    0.0000   45.0000    7.5000 9670.2881   21.8256
    7.5000   45.0000    7.5000 9087.6465   21.7995
   -7.5000  -45.0000   15.000012523.3184   22.5909
    0.0000  -45.0000   15.000012960.7627   22.5696
    7.5000  -45.0000   15.000012272.5518   22.5306
   -7.5000  -37.5000   15.000013026.0430   22.5795
    0.0000  -37.5000   15.000013477.7070   22.5682
    7.5000  -37.5000   15.000012689.5176   22.5246
   -7.5000  -30.0000   15.000014131.6279   22.6134
    0.0000  -30.0000   15.000014621.7139   22.6075
    7.5000  -30.0000   15.000013549.7842   22.5565
   -7.5000  -22.5000   15.000015091.2764   22.6626
    0.0000  -22.5000   15.000015572.1270   22.6523
    7.5000  -22.5000   15.000014369.8320   22.6007
   -7.5000  -15.0000   15.000015696.1299   22.6780
    0.0000  -15.0000   15.000016133.1162   22.6584
    7.5000  -15.0000   15.000014997.2930   22.6149
   -7.5000   -7.5000   15.000016025.8223   22.6402
    0.0000   -7.5000   15.000016483.5547   22.6150
    7.5000   -7.5000   15.000015412.1885   22.5766
   -7.5000    0.0000   15.000016150.4385   22.5909
    0.0000    0.0000   15.000016625.5957   22.5696
    7.5000    0.0000   15.000015587.2080   22.5306
   -7.5000    7.5000   15.000015058.4629   22.5795
    0.0000    7.5000   15.000015532.1377   22.5682
    7.5000    7.5000   15.000014579.0869   22.5246
   -7.5000   15.0000   15.000013824.2637   22.6134
    0.0000   15.0000   15.000014289.6455   22.6075
    7.5000   15.0000   15.000013423.1338   22.5565
   -7.5000   22.5000   15.000012608.6553   22.6521
    0.0000   22.5000   15.000013058.9150   22.6418
    7.5000   22.5000   15.000012260.3350   22.5903
   -7.5000   30.0000   15.000011366.4658   22.3845
    0.0000   30.0000   15.000011764.9766   22.3652
    7.5000   30.0000   15.000011041.6338   22.3223
   -7.5000   37.5000   15.000010447.1758   22.3472
    0.0000   37.5000   15.000010810.8232   22.3223
    7.5000   37.5000   15.000010142.0977   22.2845
   -7.5000   45.0000   15.0000 9072.5234   21.8373
    0.0000   45.0000   15.0000 9419.4600   21.8169
    7.5000   45.0000   15.0000 8840.3076   21.7791
   -7.5000  -45.0000   22.500012079.8350   22.5941
    0.0000  -45.0000   22.500012470.3154   22.5704
    7.5000  -45.0000   22.500011800.7041   22.5281
   -7.5000  -37.5000   22.500012487.8438   22.5917
    0.0000  -37.5000   22.500012929.8320   22.5742
    7.5000  -37.5000   22.500012203.8447   22.5295
   -7.5000  -30.0000   22.500013465.5596   22.6423
    0.0000  -30.0000   22.500013927.6572   22.6290
    7.5000  -30.0000   22.500013007.5059   22.5775
   -7.5000  -22.5000   22.500014412.7061   22.6981
    0.0000  -22.5000   22.500014868.1318   22.6832
    7.5000  -22.5000   22.500013852.1816   22.6283
   -7.5000  -15.0000   22.500015036.2061   22.7066
    0.0000  -15.0000   22.500015487.1914   22.6858
    7.5000  -15.0000   22.500014528.4600   22.6358
   -7.5000   -7.5000   22.500015443.6553   22.6532
    0.0000   -7.5000   22.500015911.0361   22.6278
    7.5000   -7.5000   22.500014981.4453   22.5837
   -7.5000    0.0000   22.500015573.0596   22.5941
    0.0000    0.0000   22.500016062.9316   22.5704
    7.5000    0.0000   22.500015127.8125   22.5281
   -7.5000    7.5000   22.500014514.9766   22.5917
    0.0000    7.5000   22.500014960.2041   22.5742
    7.5000    7.5000   22.500014075.6895   22.5295
   -7.5000   15.0000   22.500013312.8389   22.6423
    0.0000   15.0000   22.500013727.5771   22.6290
    7.5000   15.0000   22.500012897.7285   22.5775
   -7.5000   22.5000   22.500012106.7959   22.6877
    0.0000   22.5000   22.500012508.6924   22.6727
    7.5000   22.5000   22.500011748.2949   22.6179
   -7.5000   30.0000   22.500010903.9268   22.4128
    0.0000   30.0000   22.500011272.9736   22.3922
    7.5000   30.0000   22.500010586.8965   22.3429
   -7.5000   37.5000   22.500010039.4551   22.3600
    0.0000   37.5000   22.500010362.2734   22.3349
    7.5000   37.5000   22.5000 9714.5898   22.2914
   -7.5000   45.0000   22.5000 8738.8379   21.8384
    0.0000   45.0000   22.5000 9042.4658   21.8154
    7.5000   45.0000   22.5000 8492.2285   21.7740
   -7.5000  -45.0000   30.000011368.0898   22.6248
    0.0000  -45.0000   30.000011761.9893   22.6168
    7.5000  -45.0000   30.000011149.5488   22.5808
   -7.5000  -37.5000   30.000011848.4814   22.6244
    0.0000  -37.5000   30.000012263.0586   22.6203
    7.5000  -37.5000   30.000011537.4160   22.5842
   -7.5000  -30.0000   30.000012795.6943   22.6800
    0.0000  -30.0000   30.000013214.2559   22.6790
    7.5000  -30.0000   30.000012336.4121   22.6377
   -7.5000  -22.5000   30.000013510.0312   22.7367
    0.0000  -22.5000   30.000013960.7617   22.7352
    7.5000  -22.5000   30.000013123.7324   22.6897
   -7.5000  -15.0000   30.000014003.3047   22.7432
    0.0000  -15.0000   30.000014448.1045   22.7373
    7.5000  -15.0000   30.000013710.8730   22.6941
   -7.5000   -7.5000   30.000014497.9219   22.6871
    0.0000   -7.5000   30.000014901.1201   22.6776
    7.5000   -7.5000   30.000014177.5000   22.6387
   -7.5000    0.0000   30.000014697.3252   22.6248
    0.0000    0.0000   30.000015138.4463   22.6168
    7.5000    0.0000   30.000014392.7412   22.5808
   -7.5000    7.5000   30.000013696.3428   22.6244
    0.0000    7.5000   30.000014089.9014   22.6203
    7.5000    7.5000   30.000013352.9424   22.5842
   -7.5000   15.0000   30.000012574.4404   22.6800
    0.0000   15.0000   30.000012934.8330   22.6790
    7.5000   15.0000   30.000012197.7383   22.6377
   -7.5000   22.5000   30.000011449.6523   22.7262
    0.0000   22.5000   30.000011798.1787   22.7247
    7.5000   22.5000   30.000011103.9512   22.6792
   -7.5000   30.0000   30.000010317.6240   22.4489
    0.0000   30.0000   30.000010643.5117   22.4430
    7.5000   30.0000   30.000010020.9521   22.4004
   -7.5000   37.5000   30.0000 9484.0156   22.3935
    0.0000   37.5000   30.0000 9782.2822   22.3841
    7.5000   37.5000   30.0000 9199.1191   22.3457
   -7.5000   45.0000   30.0000 8267.8564   21.8670
    0.0000   45.0000   30.0000 8540.7881   21.8595
    7.5000   45.0000   30.0000 8028.8125   21.8240
   -7.5000  -45.0000   37.500011099.7539   22.8207
    0.0000  -45.0000   37.500011483.3311   22.8349
    7.5000  -45.0000   37.500010884.3223   22.8104
   -7.5000  -37.5000   37.500011564.6191   22.8118
    0.0000  -37.5000   37.500011987.9658   22.8320
    7.5000  -37.5000   37.500011279.6230   22.8076
   -7.5000  -30.0000   37.500012393.7373   22.8533
    0.0000  -30.0000   37.500012824.1230   22.8758
    7.5000  -30.0000   37.500012085.1846   22.8468
   -7.5000  -22.5000   37.500012980.8604   22.9031
    0.0000  -22.5000   37.500013433.3809   22.9222
    7.5000  -22.5000   37.500012782.2324   22.8910
   -7.5000  -15.0000   37.500013522.6387   22.9158
    0.0000  -15.0000   37.500014001.3252   22.9281
    7.5000  -15.0000   37.500013366.9961   22.9002
   -7.5000   -7.5000   37.500014092.3545   22.8749
    0.0000   -7.5000   37.500014532.6963   22.8845
    7.5000   -7.5000   37.500013879.2246   22.8587
   -7.5000    0.0000   37.500014351.6562   22.8207
    0.0000    0.0000   37.500014790.7852   22.8349
    7.5000    0.0000   37.500014111.6221   22.8104
   -7.5000    7.5000   37.500013383.5996   22.8118
    0.0000    7.5000   37.500013771.6475   22.8320
    7.5000    7.5000   37.500013112.0566   22.8076
   -7.5000   15.0000   37.500012298.0303   22.8533
    0.0000   15.0000   37.500012659.0996   22.8758
    7.5000   15.0000   37.500012000.8330   22.8468
   -7.5000   22.5000   37.500011185.2334   22.8925
    0.0000   22.5000   37.500011533.4336   22.9117
    7.5000   22.5000   37.500010891.3037   22.8805
   -7.5000   30.0000   37.500010040.0078   22.6193
    0.0000   30.0000   37.500010365.0439   22.6313
    7.5000   30.0000   37.5000 9786.0664   22.6038
   -7.5000   37.5000   37.5000 9212.4102   22.5788
    0.0000   37.5000   37.5000 9516.8330   22.5883
    7.5000   37.5000   37.5000 8988.0508   22.5628
   -7.5000   45.0000   37.5000 8065.9717   22.0578
    0.0000   45.0000   37.5000 8311.7334   22.0723
    7.5000   45.0000   37.5000 7838.6904   22.0486
   -7.5000  -45.0000   45.000010319.8291   23.0069
    0.0000  -45.0000   45.000010680.6328   23.0263
    7.5000  -45.0000   45.000010116.7705   23.0041
   -7.5000  -37.5000   45.000010738.9746   22.9893
    0.0000  -37.5000   45.000011146.4375   23.0198
    7.5000  -37.5000   45.000010520.2422   22.9960
   -7.5000  -30.0000   45.000011425.5342   23.0179
    0.0000  -30.0000   45.000011836.3623   23.0519
    7.5000  -30.0000   45.000011248.2305   23.0228
   -7.5000  -22.5000   45.000011975.5596   23.0653
    0.0000  -22.5000   45.000012390.8730   23.0913
    7.5000  -22.5000   45.000011862.6270   23.0624
   -7.5000  -15.0000   45.000012552.2676   23.0856
    0.0000  -15.0000   45.000012978.5361   23.0998
    7.5000  -15.0000   45.000012419.7637   23.0765
   -7.5000   -7.5000   45.000013082.5684   23.0559
    0.0000   -7.5000   45.000013515.7031   23.0668
    7.5000   -7.5000   45.000012929.8477   23.0451
   -7.5000    0.0000   45.000013314.4092   23.0069
    0.0000    0.0000   45.000013748.8164   23.0263
    7.5000    0.0000   45.000013149.7979   23.0041
   -7.5000    7.5000   45.000012419.6641   22.9893
    0.0000    7.5000   45.000012810.3848   23.0198
    7.5000    7.5000   45.000012207.7637   22.9960
   -7.5000   15.0000   45.000011414.7227   23.0179
    0.0000   15.0000   45.000011771.1309   23.0519
    7.5000   15.0000   45.000011175.1797   23.0228
   -7.5000   22.5000   45.000010397.4756   23.0546
    0.0000   22.5000   45.000010726.9004   23.0805
    7.5000   22.5000   45.000010167.6006   23.0517
   -7.5000   30.0000   45.0000 9277.6426   22.7848
    0.0000   30.0000   45.0000 9581.3086   22.7989
    7.5000   30.0000   45.0000 9086.2803   22.7759
   -7.5000   37.5000   45.0000 8492.2998   22.7556
    0.0000   37.5000   45.0000 8783.9746   22.7663
    7.5000   37.5000   45.0000 8325.9541   22.7448
   -7.5000   45.0000   45.0000 7460.6929   22.2509
    0.0000   45.0000   45.0000 7705.4238   22.2708
    7.5000   45.0000   45.0000 7303.1445   22.2498

---------------------------------------------------------------------
imgreg_4dfp /opt/freesurfer/average/711-2C_as_mni_average_305 /opt/freesurfer/average/711-2B_as_mni_average_305_mask talsrcimg_g11 none talsrcimg_to_711-2C_as_mni_average_305_t4 4355
---------------------------------------------------------------------

freesurfer imgreg_4dfp.c
/opt/freesurfer/average/711-2C_as_mni_average_305.4dfp.img
       256       256       256         1
  1.000000  1.000000  1.000000
orientation T byte_order littleendian
Reading image: /opt/freesurfer/average/711-2C_as_mni_average_305.4dfp.img
dimensions:      256       256       256
mmppix:       1.0000   -1.0000   -1.0000
center:     128.0000 -129.0000 -129.0000
/opt/freesurfer/average/711-2B_as_mni_average_305_mask.4dfp.img
       256       256       256         1
  1.000000  1.000000  1.000000
orientation T byte_order littleendian
Reading mask: /opt/freesurfer/average/711-2B_as_mni_average_305_mask.4dfp.img (2306576 pixels)
talsrcimg_g11.4dfp.img
       256       256       256         1
  1.000000  1.000000  1.000000
orientation T byte_order littleendian
Reading image: talsrcimg_g11.4dfp.img
dimensions:      256       256       256
mmppix:       1.0000   -1.0000   -1.0000
center:     128.0000 -129.0000 -129.0000
rotation matrix determinant  1.000000
image alignment mode   4355 decimal     1103 hex
   -7.5000  -45.0000  -45.0000 2204.9863   21.3865
    0.0000  -45.0000  -45.0000 2201.2109   21.4928
    7.5000  -45.0000  -45.0000 2177.4192   21.9323
   -7.5000  -37.5000  -45.0000 2242.9219   20.5115
    0.0000  -37.5000  -45.0000 2239.5149   20.5819
    7.5000  -37.5000  -45.0000 2216.0664   21.0327
   -7.5000  -30.0000  -45.0000 2262.0398   20.0582
    0.0000  -30.0000  -45.0000 2270.3372   20.1165
    7.5000  -30.0000  -45.0000 2246.7563   20.5706
   -7.5000  -22.5000  -45.0000 2270.2073   20.0566
    0.0000  -22.5000  -45.0000 2281.0957   20.0882
    7.5000  -22.5000  -45.0000 2247.1941   20.5454
   -7.5000  -15.0000  -45.0000 2256.0811   20.5272
    0.0000  -15.0000  -45.0000 2259.3679   20.6088
    7.5000  -15.0000  -45.0000 2225.6265   21.0176
   -7.5000   -7.5000  -45.0000 2213.5044   21.4227
    0.0000   -7.5000  -45.0000 2217.6353   21.4764
    7.5000   -7.5000  -45.0000 2185.3196   21.9365
   -7.5000    0.0000  -45.0000 2151.6895   22.6214
    0.0000    0.0000  -45.0000 2155.2710   22.7035
    7.5000    0.0000  -45.0000 2122.3733   23.2055
   -7.5000    7.5000  -45.0000 2086.4487   24.2101
    0.0000    7.5000  -45.0000 2088.5376   24.3276
    7.5000    7.5000  -45.0000 2056.0415   24.8880
   -7.5000   15.0000  -45.0000 1994.4236   26.5780
    0.0000   15.0000  -45.0000 1994.2028   26.7202
    7.5000   15.0000  -45.0000 1967.0515   27.2820
   -7.5000   22.5000  -45.0000 1886.9899   29.8218
    0.0000   22.5000  -45.0000 1888.4808   29.9857
    7.5000   22.5000  -45.0000 1858.8634   30.6490
   -7.5000   30.0000  -45.0000 1768.5883   34.2627
    0.0000   30.0000  -45.0000 1768.0775   34.3635
    7.5000   30.0000  -45.0000 1751.3402   35.0644
   -7.5000   37.5000  -45.0000 1645.8636   39.8208
    0.0000   37.5000  -45.0000 1649.8190   39.7913
    7.5000   37.5000  -45.0000 1628.1785   40.7587
   -7.5000   45.0000  -45.0000 1520.4690   47.4384
    0.0000   45.0000  -45.0000 1523.3286   47.4671
    7.5000   45.0000  -45.0000 1498.1158   48.8890
   -7.5000  -45.0000  -37.5000 2304.1809   19.7541
    0.0000  -45.0000  -37.5000 2303.4604   19.8162
    7.5000  -45.0000  -37.5000 2280.1528   20.2392
   -7.5000  -37.5000  -37.5000 2349.2075   19.0037
    0.0000  -37.5000  -37.5000 2348.7781   19.0438
    7.5000  -37.5000  -37.5000 2318.3110   19.3936
   -7.5000  -30.0000  -37.5000 2370.0933   18.5324
    0.0000  -30.0000  -37.5000 2375.3818   18.5504
    7.5000  -30.0000  -37.5000 2343.0247   18.9053
   -7.5000  -22.5000  -37.5000 2379.1680   18.4153
    0.0000  -22.5000  -37.5000 2387.5962   18.4317
    7.5000  -22.5000  -37.5000 2351.4314   18.8590
   -7.5000  -15.0000  -37.5000 2358.3794   18.8720
    0.0000  -15.0000  -37.5000 2366.6904   18.8901
    7.5000  -15.0000  -37.5000 2328.4185   19.2611
   -7.5000   -7.5000  -37.5000 2318.6013   19.6702
    0.0000   -7.5000  -37.5000 2324.6182   19.6818
    7.5000   -7.5000  -37.5000 2288.5537   20.0742
   -7.5000    0.0000  -37.5000 2263.0525   20.7437
    0.0000    0.0000  -37.5000 2265.4697   20.7569
    7.5000    0.0000  -37.5000 2223.7446   21.2207
   -7.5000    7.5000  -37.5000 2184.6526   22.1906
    0.0000    7.5000  -37.5000 2189.5063   22.2673
    7.5000    7.5000  -37.5000 2155.2483   22.7032
   -7.5000   15.0000  -37.5000 2088.7781   24.2617
    0.0000   15.0000  -37.5000 2093.7793   24.3469
    7.5000   15.0000  -37.5000 2056.6619   24.8256
   -7.5000   22.5000  -37.5000 1975.3694   27.1178
    0.0000   22.5000  -37.5000 1978.5585   27.2596
    7.5000   22.5000  -37.5000 1949.1299   27.7622
   -7.5000   30.0000  -37.5000 1844.8795   31.0598
    0.0000   30.0000  -37.5000 1851.9158   31.2045
    7.5000   30.0000  -37.5000 1823.6737   31.7305
   -7.5000   37.5000  -37.5000 1723.1063   35.9106
    0.0000   37.5000  -37.5000 1725.4130   36.0705
    7.5000   37.5000  -37.5000 1700.9290   36.7194
   -7.5000   45.0000  -37.5000 1583.6376   42.5735
    0.0000   45.0000  -37.5000 1589.5260   42.7552
    7.5000   45.0000  -37.5000 1567.7358   43.7644
   -7.5000  -45.0000  -30.0000 2445.8159   18.9099
    0.0000  -45.0000  -30.0000 2451.4365   18.9341
    7.5000  -45.0000  -30.0000 2419.4478   19.2557
   -7.5000  -37.5000  -30.0000 2493.6606   18.1671
    0.0000  -37.5000  -30.0000 2501.1631   18.1814
    7.5000  -37.5000  -30.0000 2468.0964   18.5038
   -7.5000  -30.0000  -30.0000 2524.0215   17.8027
    0.0000  -30.0000  -30.0000 2529.6106   17.7672
    7.5000  -30.0000  -30.0000 2495.0847   18.0833
   -7.5000  -22.5000  -30.0000 2524.0728   17.6763
    0.0000  -22.5000  -30.0000 2533.4585   17.6910
    7.5000  -22.5000  -30.0000 2498.1213   18.0263
   -7.5000  -15.0000  -30.0000 2503.6470   18.0243
    0.0000  -15.0000  -30.0000 2519.1902   18.0305
    7.5000  -15.0000  -30.0000 2477.1709   18.3840
   -7.5000   -7.5000  -30.0000 2467.6899   18.6802
    0.0000   -7.5000  -30.0000 2473.6809   18.6774
    7.5000   -7.5000  -30.0000 2438.5056   19.0390
   -7.5000    0.0000  -30.0000 2409.5149   19.6996
    0.0000    0.0000  -30.0000 2415.0669   19.6843
    7.5000    0.0000  -30.0000 2376.9053   20.1224
   -7.5000    7.5000  -30.0000 2327.8145   21.1217
    0.0000    7.5000  -30.0000 2332.7227   21.1344
    7.5000    7.5000  -30.0000 2293.6089   21.5753
   -7.5000   15.0000  -30.0000 2217.7681   23.0534
    0.0000   15.0000  -30.0000 2223.4021   23.1392
    7.5000   15.0000  -30.0000 2184.8867   23.5988
   -7.5000   22.5000  -30.0000 2098.5623   25.7744
    0.0000   22.5000  -30.0000 2103.5991   25.8547
    7.5000   22.5000  -30.0000 2067.3789   26.3103
   -7.5000   30.0000  -30.0000 1964.7170   29.3596
    0.0000   30.0000  -30.0000 1972.4623   29.4165
    7.5000   30.0000  -30.0000 1935.4906   29.9370
   -7.5000   37.5000  -30.0000 1828.8619   33.7772
    0.0000   37.5000  -30.0000 1837.0251   33.8941
    7.5000   37.5000  -30.0000 1807.5093   34.4673
   -7.5000   45.0000  -30.0000 1677.2635   39.8863
    0.0000   45.0000  -30.0000 1681.7605   40.1482
    7.5000   45.0000  -30.0000 1661.6141   41.0269
   -7.5000  -45.0000  -22.5000 2555.8726   17.9593
    0.0000  -45.0000  -22.5000 2567.9983   17.9681
    7.5000  -45.0000  -22.5000 2535.3435   18.2761
   -7.5000  -37.5000  -22.5000 2617.5500   17.2227
    0.0000  -37.5000  -22.5000 2624.8801   17.2061
    7.5000  -37.5000  -22.5000 2592.4639   17.5205
   -7.5000  -30.0000  -22.5000 2644.1599   16.8745
    0.0000  -30.0000  -22.5000 2652.5481   16.8864
    7.5000  -30.0000  -22.5000 2615.4849   17.1893
   -7.5000  -22.5000  -22.5000 2651.8838   16.7797
    0.0000  -22.5000  -22.5000 2655.2610   16.7996
    7.5000  -22.5000  -22.5000 2618.6255   17.1055
   -7.5000  -15.0000  -22.5000 2632.3044   17.0572
    0.0000  -15.0000  -22.5000 2640.3257   17.0571
    7.5000  -15.0000  -22.5000 2596.8855   17.3975
   -7.5000   -7.5000  -22.5000 2597.8784   17.6062
    0.0000   -7.5000  -22.5000 2602.4277   17.5956
    7.5000   -7.5000  -22.5000 2558.8435   17.9579
   -7.5000    0.0000  -22.5000 2528.3950   18.5419
    0.0000    0.0000  -22.5000 2539.8015   18.5561
    7.5000    0.0000  -22.5000 2499.6592   18.9319
   -7.5000    7.5000  -22.5000 2443.2668   19.8779
    0.0000    7.5000  -22.5000 2445.4270   19.9010
    7.5000    7.5000  -22.5000 2405.8699   20.3078
   -7.5000   15.0000  -22.5000 2328.2114   21.7623
    0.0000   15.0000  -22.5000 2327.3669   21.8046
    7.5000   15.0000  -22.5000 2288.3518   22.2256
   -7.5000   22.5000  -22.5000 2200.4563   24.3751
    0.0000   22.5000  -22.5000 2202.6519   24.3690
    7.5000   22.5000  -22.5000 2167.2061   24.7945
   -7.5000   30.0000  -22.5000 2061.4822   27.6202
    0.0000   30.0000  -22.5000 2065.7383   27.6418
    7.5000   30.0000  -22.5000 2020.8809   28.0140
   -7.5000   37.5000  -22.5000 1920.3198   31.6622
    0.0000   37.5000  -22.5000 1923.6707   31.7520
    7.5000   37.5000  -22.5000 1891.4905   32.2696
   -7.5000   45.0000  -22.5000 1760.5275   37.2385
    0.0000   45.0000  -22.5000 1758.9899   37.3990
    7.5000   45.0000  -22.5000 1739.0752   38.0872
   -7.5000  -45.0000  -15.0000 2638.4453   17.0683
    0.0000  -45.0000  -15.0000 2644.8623   17.0773
    7.5000  -45.0000  -15.0000 2615.7412   17.3454
   -7.5000  -37.5000  -15.0000 2700.3616   16.3131
    0.0000  -37.5000  -15.0000 2709.0166   16.3097
    7.5000  -37.5000  -15.0000 2668.8699   16.5688
   -7.5000  -30.0000  -15.0000 2739.6030   15.9224
    0.0000  -30.0000  -15.0000 2742.3291   15.9242
    7.5000  -30.0000  -15.0000 2696.3591   16.2001
   -7.5000  -22.5000  -15.0000 2757.0232   15.8264
    0.0000  -22.5000  -15.0000 2752.9885   15.8670
    7.5000  -22.5000  -15.0000 2708.4304   16.1525
   -7.5000  -15.0000  -15.0000 2737.5586   16.0828
    0.0000  -15.0000  -15.0000 2737.6931   16.1084
    7.5000  -15.0000  -15.0000 2691.0710   16.3969
   -7.5000   -7.5000  -15.0000 2699.0002   16.5894
    0.0000   -7.5000  -15.0000 2698.8689   16.5971
    7.5000   -7.5000  -15.0000 2652.7449   16.9134
   -7.5000    0.0000  -15.0000 2630.0513   17.4426
    0.0000    0.0000  -15.0000 2634.6951   17.4420
    7.5000    0.0000  -15.0000 2588.7524   17.7920
   -7.5000    7.5000  -15.0000 2532.9905   18.7034
    0.0000    7.5000  -15.0000 2535.3306   18.7245
    7.5000    7.5000  -15.0000 2490.5837   19.1050
   -7.5000   15.0000  -15.0000 2410.2600   20.5122
    0.0000   15.0000  -15.0000 2408.1682   20.5454
    7.5000   15.0000  -15.0000 2369.0090   20.9655
   -7.5000   22.5000  -15.0000 2276.1123   22.9635
    0.0000   22.5000  -15.0000 2274.3774   22.9657
    7.5000   22.5000  -15.0000 2239.1177   23.3785
   -7.5000   30.0000  -15.0000 2131.7317   25.9336
    0.0000   30.0000  -15.0000 2132.9551   25.9414
    7.5000   30.0000  -15.0000 2095.1431   26.3651
   -7.5000   37.5000  -15.0000 1981.6747   29.6527
    0.0000   37.5000  -15.0000 1982.7980   29.7482
    7.5000   37.5000  -15.0000 1949.3230   30.2777
   -7.5000   45.0000  -15.0000 1819.6748   34.7226
    0.0000   45.0000  -15.0000 1819.9487   34.9130
    7.5000   45.0000  -15.0000 1793.8549   35.5792
   -7.5000  -45.0000   -7.5000 2691.8936   16.2173
    0.0000  -45.0000   -7.5000 2697.5027   16.2735
    7.5000  -45.0000   -7.5000 2663.0310   16.5491
   -7.5000  -37.5000   -7.5000 2757.2063   15.4562
    0.0000  -37.5000   -7.5000 2763.7793   15.5239
    7.5000  -37.5000   -7.5000 2726.2000   15.7774
   -7.5000  -30.0000   -7.5000 2808.9727   15.0149
    0.0000  -30.0000   -7.5000 2812.4126   15.0656
    7.5000  -30.0000   -7.5000 2766.4358   15.3333
   -7.5000  -22.5000   -7.5000 2837.8989   14.8634
    0.0000  -22.5000   -7.5000 2836.4426   14.9248
    7.5000  -22.5000   -7.5000 2782.7590   15.2267
   -7.5000  -15.0000   -7.5000 2819.1663   15.1251
    0.0000  -15.0000   -7.5000 2820.0942   15.1899
    7.5000  -15.0000   -7.5000 2761.4993   15.4812
   -7.5000   -7.5000   -7.5000 2776.4197   15.6459
    0.0000   -7.5000   -7.5000 2779.5120   15.6572
    7.5000   -7.5000   -7.5000 2729.7800   15.9776
   -7.5000    0.0000   -7.5000 2708.3665   16.4014
    0.0000    0.0000   -7.5000 2709.0000   16.4491
    7.5000    0.0000   -7.5000 2660.5977   16.7629
   -7.5000    7.5000   -7.5000 2608.1445   17.5665
    0.0000    7.5000   -7.5000 2608.0510   17.6434
    7.5000    7.5000   -7.5000 2560.0701   17.9963
   -7.5000   15.0000   -7.5000 2478.4912   19.2959
    0.0000   15.0000   -7.5000 2476.7568   19.3725
    7.5000   15.0000   -7.5000 2434.8203   19.7782
   -7.5000   22.5000   -7.5000 2337.6982   21.6213
    0.0000   22.5000   -7.5000 2335.4011   21.6580
    7.5000   22.5000   -7.5000 2297.4583   22.1167
   -7.5000   30.0000   -7.5000 2188.2979   24.3765
    0.0000   30.0000   -7.5000 2189.0312   24.4566
    7.5000   30.0000   -7.5000 2148.3418   24.9531
   -7.5000   37.5000   -7.5000 2029.1755   28.0041
    0.0000   37.5000   -7.5000 2025.4298   28.0343
    7.5000   37.5000   -7.5000 1990.0500   28.6422
   -7.5000   45.0000   -7.5000 1857.9694   32.6067
    0.0000   45.0000   -7.5000 1856.9612   32.7252
    7.5000   45.0000   -7.5000 1832.2850   33.4041
   -7.5000  -45.0000    0.0000 2721.0740   15.6245
    0.0000  -45.0000    0.0000 2735.2100   15.6464
    7.5000  -45.0000    0.0000 2696.5452   15.9472
   -7.5000  -37.5000    0.0000 2798.9607   14.8248
    0.0000  -37.5000    0.0000 2809.9875   14.8870
    7.5000  -37.5000    0.0000 2776.6033   15.1530
   -7.5000  -30.0000    0.0000 2860.9746   14.3835
    0.0000  -30.0000    0.0000 2868.5125   14.4806
    7.5000  -30.0000    0.0000 2822.3120   14.7201
   -7.5000  -22.5000    0.0000 2896.5503   14.1812
    0.0000  -22.5000    0.0000 2900.7642   14.2909
    7.5000  -22.5000    0.0000 2839.4070   14.5794
   -7.5000  -15.0000    0.0000 2882.6970   14.3968
    0.0000  -15.0000    0.0000 2883.4868   14.4788
    7.5000  -15.0000    0.0000 2820.6086   14.7668
   -7.5000   -7.5000    0.0000 2835.9536   14.8579
    0.0000   -7.5000    0.0000 2843.1946   14.8954
    7.5000   -7.5000    0.0000 2787.8140   15.1650
   -7.5000    0.0000    0.0000 2763.7979   15.6169
    0.0000    0.0000    0.0000 2767.0693   15.6642
    7.5000    0.0000    0.0000 2715.0500   15.9463
   -7.5000    7.5000    0.0000 2657.0388   16.7840
    0.0000    7.5000    0.0000 2658.6204   16.8658
    7.5000    7.5000    0.0000 2610.1907   17.1938
   -7.5000   15.0000    0.0000 2522.8250   18.4928
    0.0000   15.0000    0.0000 2526.9795   18.5464
    7.5000   15.0000    0.0000 2484.9312   18.9335
   -7.5000   22.5000    0.0000 2383.1519   20.6744
    0.0000   22.5000    0.0000 2388.7964   20.7041
    7.5000   22.5000    0.0000 2345.4924   21.1433
   -7.5000   30.0000    0.0000 2227.9385   23.3808
    0.0000   30.0000    0.0000 2235.9265   23.4322
    7.5000   30.0000    0.0000 2196.2236   23.9160
   -7.5000   37.5000    0.0000 2063.6985   26.8341
    0.0000   37.5000    0.0000 2064.4617   26.8421
    7.5000   37.5000    0.0000 2030.3888   27.4726
   -7.5000   45.0000    0.0000 1889.4135   31.0810
    0.0000   45.0000    0.0000 1885.9941   31.1667
    7.5000   45.0000    0.0000 1860.7146   31.9266
   -7.5000  -45.0000    7.5000 2730.5840   15.2466
    0.0000  -45.0000    7.5000 2749.3230   15.2907
    7.5000  -45.0000    7.5000 2713.9275   15.5912
   -7.5000  -37.5000    7.5000 2825.8125   14.4398
    0.0000  -37.5000    7.5000 2842.6555   14.4844
    7.5000  -37.5000    7.5000 2802.5823   14.7471
   -7.5000  -30.0000    7.5000 2900.8113   14.1060
    0.0000  -30.0000    7.5000 2919.2166   14.1501
    7.5000  -30.0000    7.5000 2865.3137   14.3030
   -7.5000  -22.5000    7.5000 2948.5417   13.9471
    0.0000  -22.5000    7.5000 2953.9363   14.0113
    7.5000  -22.5000    7.5000 2890.4951   14.1615
   -7.5000  -15.0000    7.5000 2939.2642   13.9483
    0.0000  -15.0000    7.5000 2936.8259   14.0083
    7.5000  -15.0000    7.5000 2872.6050   14.2597
   -7.5000   -7.5000    7.5000 2880.9961   14.3150
    0.0000   -7.5000    7.5000 2886.9065   14.3242
    7.5000   -7.5000    7.5000 2829.5090   14.6374
   -7.5000    0.0000    7.5000 2796.7012   15.0873
    0.0000    0.0000    7.5000 2802.6760   15.0917
    7.5000    0.0000    7.5000 2751.7163   15.4195
   -7.5000    7.5000    7.5000 2684.5168   16.2821
    0.0000    7.5000    7.5000 2689.3169   16.3367
    7.5000    7.5000    7.5000 2640.8135   16.6796
   -7.5000   15.0000    7.5000 2552.7563   17.9491
    0.0000   15.0000    7.5000 2555.8208   18.0060
    7.5000   15.0000    7.5000 2515.5693   18.3658
   -7.5000   22.5000    7.5000 2410.3433   20.0797
    0.0000   22.5000    7.5000 2414.3147   20.1429
    7.5000   22.5000    7.5000 2374.4219   20.5095
   -7.5000   30.0000    7.5000 2258.5657   22.7511
    0.0000   30.0000    7.5000 2260.7871   22.8098
    7.5000   30.0000    7.5000 2223.7520   23.2239
   -7.5000   37.5000    7.5000 2089.0325   26.0485
    0.0000   37.5000    7.5000 2091.1614   26.1719
    7.5000   37.5000    7.5000 2059.7256   26.6562
   -7.5000   45.0000    7.5000 1908.0220   30.2666
    0.0000   45.0000    7.5000 1907.5106   30.3359
    7.5000   45.0000    7.5000 1883.9036   31.0185
   -7.5000  -45.0000   15.0000 2731.8772   15.1352
    0.0000  -45.0000   15.0000 2739.1401   15.1741
    7.5000  -45.0000   15.0000 2705.8296   15.4729
   -7.5000  -37.5000   15.0000 2839.7771   14.2809
    0.0000  -37.5000   15.0000 2848.2388   14.3093
    7.5000  -37.5000   15.0000 2805.2642   14.5890
   -7.5000  -30.0000   15.0000 2932.9636   13.9134
    0.0000  -30.0000   15.0000 2941.3533   13.9369
    7.5000  -30.0000   15.0000 2880.9023   14.1303
   -7.5000  -22.5000   15.0000 2990.0005   13.8402
    0.0000  -22.5000   15.0000 2988.7717   13.8619
    7.5000  -22.5000   15.0000 2914.6528   13.9951
   -7.5000  -15.0000   15.0000 2974.5698   13.8756
    0.0000  -15.0000   15.0000 2965.8352   13.8956
    7.5000  -15.0000   15.0000 2897.2393   14.1049
   -7.5000   -7.5000   15.0000 2909.6809   14.1534
    0.0000   -7.5000   15.0000 2907.7056   14.1579
    7.5000   -7.5000   15.0000 2847.2368   14.4357
   -7.5000    0.0000   15.0000 2815.8784   14.8437
    0.0000    0.0000   15.0000 2818.0566   14.8501
    7.5000    0.0000   15.0000 2765.0120   15.1786
   -7.5000    7.5000   15.0000 2702.6165   15.9889
    0.0000    7.5000   15.0000 2702.8867   16.0322
    7.5000    7.5000   15.0000 2661.3911   16.3711
   -7.5000   15.0000   15.0000 2569.3096   17.6539
    0.0000   15.0000   15.0000 2568.2551   17.7321
    7.5000   15.0000   15.0000 2530.6965   18.0793
   -7.5000   22.5000   15.0000 2425.4775   19.7873
    0.0000   22.5000   15.0000 2424.7725   19.8935
    7.5000   22.5000   15.0000 2387.9927   20.2740
   -7.5000   30.0000   15.0000 2269.6226   22.4532
    0.0000   30.0000   15.0000 2267.7385   22.5225
    7.5000   30.0000   15.0000 2234.6997   22.9593
   -7.5000   37.5000   15.0000 2102.0435   25.6750
    0.0000   37.5000   15.0000 2102.3511   25.7757
    7.5000   37.5000   15.0000 2072.6438   26.2687
   -7.5000   45.0000   15.0000 1916.1188   29.7403
    0.0000   45.0000   15.0000 1919.3275   29.8158
    7.5000   45.0000   15.0000 1892.3563   30.4563
   -7.5000  -45.0000   22.5000 2724.9656   15.2265
    0.0000  -45.0000   22.5000 2721.5706   15.2689
    7.5000  -45.0000   22.5000 2689.3057   15.6053
   -7.5000  -37.5000   22.5000 2839.7473   14.2819
    0.0000  -37.5000   22.5000 2844.1797   14.3343
    7.5000  -37.5000   22.5000 2792.5979   14.6667
   -7.5000  -30.0000   22.5000 2942.1260   13.8369
    0.0000  -30.0000   22.5000 2940.0261   13.8483
    7.5000  -30.0000   22.5000 2876.1287   14.1318
   -7.5000  -22.5000   22.5000 3013.9934   13.7060
    0.0000  -22.5000   22.5000 3005.1516   13.7480
    7.5000  -22.5000   22.5000 2923.1101   13.9955
   -7.5000  -15.0000   22.5000 2993.6289   13.8557
    0.0000  -15.0000   22.5000 2980.0278   13.8757
    7.5000  -15.0000   22.5000 2906.5916   14.1940
   -7.5000   -7.5000   22.5000 2922.6282   14.2128
    0.0000   -7.5000   22.5000 2912.5740   14.2265
    7.5000   -7.5000   22.5000 2850.0859   14.5819
   -7.5000    0.0000   22.5000 2815.0376   14.9466
    0.0000    0.0000   22.5000 2813.2732   14.9450
    7.5000    0.0000   22.5000 2761.6616   15.2833
   -7.5000    7.5000   22.5000 2701.0969   16.1049
    0.0000    7.5000   22.5000 2696.8684   16.1082
    7.5000    7.5000   22.5000 2656.1204   16.4473
   -7.5000   15.0000   22.5000 2566.6470   17.6828
    0.0000   15.0000   22.5000 2563.2849   17.7501
    7.5000   15.0000   22.5000 2527.1140   18.0649
   -7.5000   22.5000   22.5000 2420.9802   19.7546
    0.0000   22.5000   22.5000 2417.6731   19.8297
    7.5000   22.5000   22.5000 2386.2681   20.1775
   -7.5000   30.0000   22.5000 2263.4604   22.3477
    0.0000   30.0000   22.5000 2261.9170   22.4133
    7.5000   30.0000   22.5000 2234.5051   22.7810
   -7.5000   37.5000   22.5000 2102.5479   25.5444
    0.0000   37.5000   22.5000 2103.0010   25.5716
    7.5000   37.5000   22.5000 2071.4014   26.0455
   -7.5000   45.0000   22.5000 1918.9834   29.6178
    0.0000   45.0000   22.5000 1923.8973   29.6230
    7.5000   45.0000   22.5000 1895.4141   30.2571
   -7.5000  -45.0000   30.0000 2697.1821   15.4808
    0.0000  -45.0000   30.0000 2696.5085   15.5586
    7.5000  -45.0000   30.0000 2660.8630   15.9613
   -7.5000  -37.5000   30.0000 2817.6826   14.5532
    0.0000  -37.5000   30.0000 2811.1184   14.5969
    7.5000  -37.5000   30.0000 2767.6702   14.9516
   -7.5000  -30.0000   30.0000 2914.7061   14.0978
    0.0000  -30.0000   30.0000 2908.3020   14.1223
    7.5000  -30.0000   30.0000 2851.3486   14.4091
   -7.5000  -22.5000   30.0000 2985.5820   13.8466
    0.0000  -22.5000   30.0000 2978.8789   13.9025
    7.5000  -22.5000   30.0000 2901.9446   14.2261
   -7.5000  -15.0000   30.0000 2962.3752   13.8981
    0.0000  -15.0000   30.0000 2951.9167   13.9362
    7.5000  -15.0000   30.0000 2885.8557   14.3799
   -7.5000   -7.5000   30.0000 2901.6641   14.3499
    0.0000   -7.5000   30.0000 2888.2710   14.3506
    7.5000   -7.5000   30.0000 2833.1445   14.8094
   -7.5000    0.0000   30.0000 2798.8879   15.1560
    0.0000    0.0000   30.0000 2795.5913   15.1307
    7.5000    0.0000   30.0000 2749.6074   15.5483
   -7.5000    7.5000   30.0000 2682.3005   16.3457
    0.0000    7.5000   30.0000 2679.2888   16.3260
    7.5000    7.5000   30.0000 2641.1074   16.7035
   -7.5000   15.0000   30.0000 2548.7046   17.9155
    0.0000   15.0000   30.0000 2546.3010   17.9455
    7.5000   15.0000   30.0000 2509.3328   18.2707
   -7.5000   22.5000   30.0000 2398.3970   19.9322
    0.0000   22.5000   30.0000 2396.8809   19.9889
    7.5000   22.5000   30.0000 2365.6082   20.3261
   -7.5000   30.0000   30.0000 2239.5764   22.4578
    0.0000   30.0000   30.0000 2236.7505   22.5477
    7.5000   30.0000   30.0000 2210.3433   22.8952
   -7.5000   37.5000   30.0000 2078.9131   25.6567
    0.0000   37.5000   30.0000 2080.2209   25.6558
    7.5000   37.5000   30.0000 2051.7561   26.1045
   -7.5000   45.0000   30.0000 1901.7493   29.5974
    0.0000   45.0000   30.0000 1907.2992   29.7082
    7.5000   45.0000   30.0000 1883.3876   30.2700
   -7.5000  -45.0000   37.5000 2668.0422   15.9990
    0.0000  -45.0000   37.5000 2666.1091   16.0740
    7.5000  -45.0000   37.5000 2629.5945   16.5203
   -7.5000  -37.5000   37.5000 2783.8962   15.0323
    0.0000  -37.5000   37.5000 2778.2913   15.1084
    7.5000  -37.5000   37.5000 2737.5042   15.4997
   -7.5000  -30.0000   37.5000 2876.3967   14.5136
    0.0000  -30.0000   37.5000 2866.3999   14.5753
    7.5000  -30.0000   37.5000 2812.7212   14.9012
   -7.5000  -22.5000   37.5000 2928.3298   14.2049
    0.0000  -22.5000   37.5000 2916.0415   14.2745
    7.5000  -22.5000   37.5000 2854.7012   14.7066
   -7.5000  -15.0000   37.5000 2903.1628   14.2919
    0.0000  -15.0000   37.5000 2897.1208   14.3322
    7.5000  -15.0000   37.5000 2841.5469   14.8091
   -7.5000   -7.5000   37.5000 2852.3640   14.8118
    0.0000   -7.5000   37.5000 2844.7332   14.8305
    7.5000   -7.5000   37.5000 2796.4590   15.2739
   -7.5000    0.0000   37.5000 2761.2026   15.6715
    0.0000    0.0000   37.5000 2756.9929   15.6306
    7.5000    0.0000   37.5000 2717.2861   16.0740
   -7.5000    7.5000   37.5000 2649.2839   16.8396
    0.0000    7.5000   37.5000 2647.8320   16.8267
    7.5000    7.5000   37.5000 2612.6128   17.2399
   -7.5000   15.0000   37.5000 2519.2449   18.3768
    0.0000   15.0000   37.5000 2518.9070   18.3914
    7.5000   15.0000   37.5000 2487.9937   18.7419
   -7.5000   22.5000   37.5000 2371.6328   20.3160
    0.0000   22.5000   37.5000 2370.8809   20.3733
    7.5000   22.5000   37.5000 2339.0737   20.6966
   -7.5000   30.0000   37.5000 2212.1040   22.7987
    0.0000   30.0000   37.5000 2211.2273   22.8451
    7.5000   30.0000   37.5000 2184.8005   23.2246
   -7.5000   37.5000   37.5000 2046.1461   25.9109
    0.0000   37.5000   37.5000 2047.5468   25.9753
    7.5000   37.5000   37.5000 2022.2351   26.4301
   -7.5000   45.0000   37.5000 1872.0925   29.9422
    0.0000   45.0000   37.5000 1873.7625   30.0903
    7.5000   45.0000   37.5000 1857.1377   30.6046
   -7.5000  -45.0000   45.0000 2631.5647   16.7147
    0.0000  -45.0000   45.0000 2626.8313   16.8040
    7.5000  -45.0000   45.0000 2588.2075   17.2553
   -7.5000  -37.5000   45.0000 2741.4329   15.7503
    0.0000  -37.5000   45.0000 2735.3584   15.8390
    7.5000  -37.5000   45.0000 2687.9871   16.2193
   -7.5000  -30.0000   45.0000 2814.5422   15.1688
    0.0000  -30.0000   45.0000 2809.5408   15.2414
    7.5000  -30.0000   45.0000 2757.0427   15.6489
   -7.5000  -22.5000   45.0000 2851.8376   14.8435
    0.0000  -22.5000   45.0000 2845.0813   14.8931
    7.5000  -22.5000   45.0000 2790.9871   15.3737
   -7.5000  -15.0000   45.0000 2839.0342   15.0085
    0.0000  -15.0000   45.0000 2833.1238   15.0122
    7.5000  -15.0000   45.0000 2781.6550   15.4680
   -7.5000   -7.5000   45.0000 2788.8416   15.5065
    0.0000   -7.5000   45.0000 2780.6245   15.5091
    7.5000   -7.5000   45.0000 2738.4868   15.9309
   -7.5000    0.0000   45.0000 2699.8125   16.3361
    0.0000    0.0000   45.0000 2696.8511   16.3212
    7.5000    0.0000   45.0000 2664.1201   16.7688
   -7.5000    7.5000   45.0000 2596.2175   17.5021
    0.0000    7.5000   45.0000 2597.0396   17.4981
    7.5000    7.5000   45.0000 2564.9805   17.8932
   -7.5000   15.0000   45.0000 2471.8196   19.0257
    0.0000   15.0000   45.0000 2473.6047   19.0509
    7.5000   15.0000   45.0000 2440.4326   19.4009
   -7.5000   22.5000   45.0000 2329.1143   21.0331
    0.0000   22.5000   45.0000 2333.4495   21.0397
    7.5000   22.5000   45.0000 2300.0977   21.3553
   -7.5000   30.0000   45.0000 2163.9941   23.5204
    0.0000   30.0000   45.0000 2169.2356   23.5148
    7.5000   30.0000   45.0000 2145.3616   23.8580
   -7.5000   37.5000   45.0000 2002.1703   26.5930
    0.0000   37.5000   45.0000 2004.5958   26.6301
    7.5000   37.5000   45.0000 1983.2833   27.0111
   -7.5000   45.0000   45.0000 1841.0881   30.7157
    0.0000   45.0000   45.0000 1837.9813   30.8410
    7.5000   45.0000   45.0000 1819.6041   31.3012

---------------------------------------------------------------------
imgreg_4dfp /opt/freesurfer/average/711-2C_as_mni_average_305 /opt/freesurfer/average/711-2B_as_mni_average_305_mask talsrcimg_g11 none talsrcimg_to_711-2C_as_mni_average_305_t4 1283
---------------------------------------------------------------------

freesurfer imgreg_4dfp.c
/opt/freesurfer/average/711-2C_as_mni_average_305.4dfp.img
       256       256       256         1
  1.000000  1.000000  1.000000
orientation T byte_order littleendian
Reading image: /opt/freesurfer/average/711-2C_as_mni_average_305.4dfp.img
dimensions:      256       256       256
mmppix:       1.0000   -1.0000   -1.0000
center:     128.0000 -129.0000 -129.0000
/opt/freesurfer/average/711-2B_as_mni_average_305_mask.4dfp.img
       256       256       256         1
  1.000000  1.000000  1.000000
orientation T byte_order littleendian
Reading mask: /opt/freesurfer/average/711-2B_as_mni_average_305_mask.4dfp.img (2306576 pixels)
talsrcimg_g11.4dfp.img
       256       256       256         1
  1.000000  1.000000  1.000000
orientation T byte_order littleendian
Reading image: talsrcimg_g11.4dfp.img
dimensions:      256       256       256
mmppix:       1.0000   -1.0000   -1.0000
center:     128.0000 -129.0000 -129.0000
rotation matrix determinant  1.000000
fimgreg.f
image alignment mode   1283 decimal      503 hex
parameters
   -7.5000  -22.5000   22.5000    0.0000    0.0000    0.0000
eta,q 0.94531 13.65807
niter,ni,del,rscale     5    3   12.0000    1.2000
parameter  1 -0.928114 -> -0.500000 qaram    1.1500
parameter  6  0.508348 ->  0.500000 qaram    1.1500
parameters
   -4.0500  -20.7783   20.5940   -2.0041    0.8155   -3.4500
eta,q 0.95304 13.59701
  0.0779  0.0658  0.0532  0.0507  0.0584  0.0486
  0.0704  0.0597  0.0503  0.0493  0.0538  0.0472
  0.0637  0.0544  0.0496  0.0490  0.0506  0.0471
  0.0579  0.0512  0.0506  0.0496  0.0490  0.0484
  0.0529  0.0505  0.0531  0.0506  0.0484  0.0506
  0.0508  0.0518  0.0561  0.0529  0.0506  0.0536
  0.0522  0.0556  0.0598  0.0562  0.0547  0.0568
niter,ni,del,rscale     6    3   12.0000    1.2000
parameters
   -4.2386  -19.7481   20.1459   -4.9414    2.4053   -4.6450
eta,q 0.95538 13.70437
  0.0653  0.0594  0.0521  0.0462  0.0576  0.0498
  0.0574  0.0526  0.0484  0.0457  0.0528  0.0462
  0.0509  0.0490  0.0466  0.0458  0.0484  0.0447
  0.0470  0.0470  0.0462  0.0462  0.0458  0.0449
  0.0502  0.0458  0.0474  0.0475  0.0449  0.0467
  0.0576  0.0478  0.0501  0.0497  0.0465  0.0503
  0.0686  0.0533  0.0538  0.0527  0.0499  0.0539
niter,ni,del,rscale     5    3   12.0000    1.2000
parameters
   -4.8036  -18.1454   19.5424   -6.9842    3.3337   -4.7491
eta,q 0.95853 13.69230
  0.0628  0.0604  0.0490  0.0439  0.0528  0.0495
  0.0534  0.0527  0.0453  0.0423  0.0479  0.0454
  0.0466  0.0476  0.0428  0.0419  0.0443  0.0424
  0.0446  0.0444  0.0427  0.0425  0.0419  0.0415
  0.0497  0.0426  0.0443  0.0438  0.0417  0.0425
  0.0584  0.0443  0.0474  0.0467  0.0443  0.0457
  0.0687  0.0495  0.0520  0.0500  0.0479  0.0500
niter,ni,del,rscale     4    3   12.0000    1.2000
parameters
   -5.1128  -17.5961   18.9795   -7.8635    3.7355   -4.8310
eta,q 0.95945 13.68711
  0.0620  0.0571  0.0476  0.0447  0.0506  0.0487
  0.0512  0.0503  0.0435  0.0426  0.0461  0.0446
  0.0436  0.0448  0.0411  0.0410  0.0427  0.0417
  0.0415  0.0413  0.0410  0.0409  0.0407  0.0405
  0.0459  0.0418  0.0426  0.0421  0.0414  0.0415
  0.0546  0.0462  0.0455  0.0445  0.0447  0.0448
  0.0650  0.0532  0.0506  0.0481  0.0484  0.0493
niter,ni,del,rscale     3    3   12.0000    1.2000
parameters
   -5.1869  -17.3939   18.6832   -8.2157    3.8692   -4.8615
eta,q 0.95962 13.68833
  0.0629  0.0561  0.0481  0.0456  0.0497  0.0486
  0.0516  0.0493  0.0437  0.0431  0.0454  0.0447
  0.0435  0.0435  0.0409  0.0414  0.0421  0.0418
  0.0406  0.0405  0.0405  0.0404  0.0404  0.0404
  0.0443  0.0422  0.0420  0.0414  0.0416  0.0413
  0.0528  0.0475  0.0448  0.0438  0.0452  0.0446
  0.0633  0.0547  0.0496  0.0472  0.0488  0.0491
niter,ni,del,rscale     2    3   12.0000    1.2000
parameters
   -5.1892  -17.3157   18.5435   -8.3482    3.9018   -4.8689
eta,q 0.95965 13.69017
  0.0632  0.0557  0.0485  0.0460  0.0494  0.0486
  0.0518  0.0489  0.0441  0.0434  0.0451  0.0447
  0.0435  0.0432  0.0410  0.0416  0.0419  0.0418
  0.0404  0.0404  0.0404  0.0403  0.0403  0.0403
  0.0439  0.0425  0.0418  0.0412  0.0417  0.0412
  0.0522  0.0481  0.0446  0.0435  0.0454  0.0445
  0.0628  0.0553  0.0492  0.0468  0.0490  0.0490
niter,ni,del,rscale     1    3   12.0000    1.2000
parameters
   -5.1810  -17.2927   18.4877   -8.3955    3.9050   -4.8682
eta,q 0.95965 13.69120
  0.0632  0.0555  0.0488  0.0462  0.0494  0.0486
  0.0518  0.0487  0.0443  0.0435  0.0450  0.0447
  0.0435  0.0430  0.0411  0.0417  0.0418  0.0419
  0.0403  0.0403  0.0403  0.0403  0.0403  0.0403
  0.0439  0.0426  0.0417  0.0411  0.0418  0.0412
  0.0522  0.0484  0.0445  0.0434  0.0455  0.0445
  0.0627  0.0555  0.0490  0.0467  0.0491  0.0490
registration optimization eta report
parameter search radius
    6.9000    6.0000    6.0000    6.0000    6.0000    6.9000
100000*second partial in parameter space
       46.       41.       23.       16.       24.       18.
  0.0632  0.0555  0.0488  0.0462  0.0494  0.0486
  0.0518  0.0487  0.0443  0.0435  0.0450  0.0447
  0.0435  0.0430  0.0411  0.0417  0.0418  0.0419
  0.0403  0.0403  0.0403  0.0403  0.0403  0.0403
  0.0439  0.0426  0.0417  0.0411  0.0418  0.0412
  0.0522  0.0484  0.0445  0.0434  0.0455  0.0445
  0.0627  0.0555  0.0490  0.0467  0.0491  0.0490
   -5.1810  -17.2927   18.4877   -8.3955    3.9050   -4.8682
eta,q 0.95965 13.69120

---------------------------------------------------------------------
imgreg_4dfp /opt/freesurfer/average/711-2C_as_mni_average_305 /opt/freesurfer/average/711-2B_as_mni_average_305_mask talsrcimg_g11 none talsrcimg_to_711-2C_as_mni_average_305_t4 3335
---------------------------------------------------------------------

freesurfer imgreg_4dfp.c
/opt/freesurfer/average/711-2C_as_mni_average_305.4dfp.img
       256       256       256         1
  1.000000  1.000000  1.000000
orientation T byte_order littleendian
Reading image: /opt/freesurfer/average/711-2C_as_mni_average_305.4dfp.img
dimensions:      256       256       256
mmppix:       1.0000   -1.0000   -1.0000
center:     128.0000 -129.0000 -129.0000
/opt/freesurfer/average/711-2B_as_mni_average_305_mask.4dfp.img
       256       256       256         1
  1.000000  1.000000  1.000000
orientation T byte_order littleendian
Reading mask: /opt/freesurfer/average/711-2B_as_mni_average_305_mask.4dfp.img (2306576 pixels)
talsrcimg_g11.4dfp.img
       256       256       256         1
  1.000000  1.000000  1.000000
orientation T byte_order littleendian
Reading image: talsrcimg_g11.4dfp.img
dimensions:      256       256       256
mmppix:       1.0000   -1.0000   -1.0000
center:     128.0000 -129.0000 -129.0000
fimgreg.f
image alignment mode   3335 decimal      D07 hex
parameters
   -5.1810  -17.2927   18.4877   -0.5921   -1.5129   -1.3013
    9.3862   -5.4738   -8.4667   15.1196    6.8102  -14.5666
eta,q 0.95745 13.82240
niter,ni,del,rscale     5    3    5.0000    1.2000
parameter  4  1.661492 ->  0.500000 qaram    1.1500
parameter  5  1.829578 ->  0.500000 qaram    1.1500
parameters
   -5.0827  -17.3617   18.4206   -4.7321   -5.6529   -1.9834
    6.8140   -4.1096   -6.4348   14.9112    7.2064  -12.7459
eta,q 0.96543 13.12793
  0.0457  0.0448  0.0438  0.0378  0.0335  0.0377  0.0360  0.0406  0.0380  0.0375  0.0359  0.0365
  0.0440  0.0436  0.0431  0.0389  0.0349  0.0363  0.0352  0.0381  0.0365  0.0360  0.0353  0.0357
  0.0430  0.0428  0.0426  0.0404  0.0368  0.0354  0.0350  0.0361  0.0354  0.0351  0.0348  0.0350
  0.0426  0.0426  0.0425  0.0425  0.0392  0.0354  0.0353  0.0350  0.0348  0.0347  0.0347  0.0347
  0.0428  0.0429  0.0427  0.0451  0.0420  0.0362  0.0362  0.0349  0.0347  0.0350  0.0348  0.0346
  0.0437  0.0437  0.0432  0.0481  0.0453  0.0374  0.0375  0.0359  0.0350  0.0362  0.0351  0.0348
  0.0452  0.0451  0.0439  0.0514  0.0491  0.0382  0.0392  0.0376  0.0357  0.0379  0.0357  0.0353
niter,ni,del,rscale     6    3    5.0000    1.2000
parameter  4  0.852477 ->  0.500000 qaram    1.3225
parameter  5  1.083403 ->  0.500000 qaram    1.3225
parameters
   -4.7808  -17.4442   18.5350   -9.4931  -10.4139   -1.5079
    6.7709   -4.1038   -6.3017   15.4764    5.8346  -14.8407
eta,q 0.96992 12.43794
  0.0389  0.0371  0.0363  0.0326  0.0297  0.0335  0.0330  0.0349  0.0322  0.0341  0.0308  0.0307
  0.0367  0.0356  0.0353  0.0327  0.0300  0.0320  0.0315  0.0323  0.0312  0.0321  0.0304  0.0303
  0.0353  0.0347  0.0347  0.0333  0.0311  0.0308  0.0305  0.0307  0.0305  0.0309  0.0302  0.0301
  0.0346  0.0345  0.0345  0.0345  0.0328  0.0303  0.0303  0.0303  0.0303  0.0303  0.0302  0.0302
  0.0347  0.0350  0.0347  0.0364  0.0351  0.0306  0.0306  0.0309  0.0305  0.0305  0.0305  0.0306
  0.0355  0.0360  0.0352  0.0389  0.0380  0.0316  0.0316  0.0324  0.0311  0.0314  0.0309  0.0313
  0.0372  0.0374  0.0359  0.0420  0.0414  0.0328  0.0330  0.0347  0.0320  0.0331  0.0315  0.0321
niter,ni,del,rscale     7    3    5.0000    1.2000
parameters
   -4.9055  -17.4251   18.4437  -11.7420  -13.9106   -0.9526
    6.7886   -4.1701   -5.9454   16.5051    5.7431  -15.5041
eta,q 0.97101 12.07168
  0.0333  0.0329  0.0315  0.0322  0.0310  0.0324  0.0322  0.0335  0.0312  0.0332  0.0298  0.0300
  0.0314  0.0313  0.0307  0.0305  0.0295  0.0309  0.0305  0.0310  0.0300  0.0311  0.0293  0.0294
  0.0303  0.0304  0.0302  0.0298  0.0291  0.0297  0.0294  0.0295  0.0293  0.0298  0.0291  0.0290
  0.0301  0.0301  0.0301  0.0301  0.0298  0.0291  0.0291  0.0291  0.0291  0.0291  0.0290  0.0290
  0.0306  0.0304  0.0303  0.0312  0.0314  0.0294  0.0295  0.0297  0.0293  0.0291  0.0291  0.0293
  0.0319  0.0313  0.0309  0.0331  0.0339  0.0304  0.0305  0.0313  0.0298  0.0299  0.0294  0.0298
  0.0340  0.0327  0.0317  0.0358  0.0372  0.0315  0.0321  0.0335  0.0308  0.0314  0.0299  0.0304
niter,ni,del,rscale     6    3    5.0000    1.2000
parameters
   -4.9598  -17.0444   18.4210  -11.8044  -14.3593   -0.7878
    6.7764   -4.2035   -5.7949   17.1639    5.7250  -15.7640
eta,q 0.97111 12.05840
  0.0325  0.0325  0.0304  0.0329  0.0329  0.0319  0.0320  0.0334  0.0309  0.0327  0.0297  0.0301
  0.0305  0.0307  0.0295  0.0308  0.0308  0.0304  0.0303  0.0309  0.0298  0.0308  0.0292  0.0293
  0.0293  0.0296  0.0291  0.0294  0.0293  0.0293  0.0293  0.0294  0.0291  0.0295  0.0290  0.0290
  0.0290  0.0290  0.0289  0.0289  0.0289  0.0289  0.0289  0.0289  0.0289  0.0289  0.0289  0.0289
  0.0295  0.0290  0.0291  0.0295  0.0296  0.0294  0.0293  0.0295  0.0291  0.0291  0.0290  0.0291
  0.0308  0.0296  0.0296  0.0309  0.0313  0.0304  0.0304  0.0311  0.0297  0.0300  0.0293  0.0295
  0.0327  0.0308  0.0304  0.0330  0.0338  0.0315  0.0320  0.0333  0.0307  0.0316  0.0297  0.0302
niter,ni,del,rscale     5    3    5.0000    1.2000
parameters
   -4.9671  -16.9076   18.4051  -11.8484  -14.5899   -0.6972
    6.7650   -4.1959   -5.7457   17.4256    5.7353  -15.8799
eta,q 0.97111 12.04982
  0.0325  0.0318  0.0303  0.0329  0.0331  0.0318  0.0320  0.0334  0.0308  0.0323  0.0297  0.0301
  0.0305  0.0303  0.0295  0.0308  0.0309  0.0303  0.0303  0.0309  0.0297  0.0305  0.0292  0.0294
  0.0293  0.0293  0.0290  0.0294  0.0294  0.0292  0.0292  0.0294  0.0291  0.0293  0.0290  0.0290
  0.0289  0.0289  0.0289  0.0289  0.0289  0.0289  0.0289  0.0289  0.0289  0.0289  0.0289  0.0289
  0.0293  0.0291  0.0291  0.0294  0.0295  0.0294  0.0293  0.0295  0.0291  0.0292  0.0290  0.0291
  0.0306  0.0299  0.0295  0.0308  0.0311  0.0304  0.0304  0.0310  0.0297  0.0301  0.0292  0.0295
  0.0325  0.0312  0.0304  0.0330  0.0336  0.0315  0.0320  0.0332  0.0307  0.0319  0.0297  0.0302
niter,ni,del,rscale     4    3    5.0000    1.2000
parameters
   -4.9667  -16.8474   18.4071  -11.8626  -14.6976   -0.6562
    6.7567   -4.1875   -5.7310   17.5345    5.7231  -15.9317
eta,q 0.97111 12.04606
  0.0325  0.0317  0.0304  0.0329  0.0332  0.0318  0.0320  0.0334  0.0308  0.0322  0.0297  0.0302
  0.0305  0.0302  0.0295  0.0308  0.0310  0.0303  0.0303  0.0309  0.0297  0.0304  0.0292  0.0294
  0.0293  0.0292  0.0290  0.0294  0.0295  0.0292  0.0292  0.0294  0.0291  0.0293  0.0290  0.0290
  0.0289  0.0289  0.0289  0.0289  0.0289  0.0289  0.0289  0.0289  0.0289  0.0289  0.0289  0.0289
  0.0293  0.0291  0.0291  0.0294  0.0295  0.0294  0.0293  0.0295  0.0291  0.0293  0.0290  0.0291
  0.0305  0.0300  0.0295  0.0308  0.0311  0.0304  0.0304  0.0310  0.0298  0.0302  0.0293  0.0295
  0.0325  0.0314  0.0303  0.0330  0.0335  0.0315  0.0319  0.0332  0.0307  0.0320  0.0297  0.0301
niter,ni,del,rscale     3    3    5.0000    1.2000
parameters
   -4.9658  -16.8211   18.4105  -11.8710  -14.7443   -0.6419
    6.7611   -4.1839   -5.7232   17.5819    5.7231  -15.9469
eta,q 0.97110 12.04418
  0.0325  0.0316  0.0304  0.0329  0.0332  0.0317  0.0320  0.0334  0.0308  0.0321  0.0297  0.0302
  0.0305  0.0301  0.0295  0.0308  0.0311  0.0303  0.0303  0.0309  0.0297  0.0304  0.0292  0.0294
  0.0293  0.0292  0.0290  0.0294  0.0295  0.0292  0.0293  0.0294  0.0291  0.0293  0.0290  0.0290
  0.0289  0.0289  0.0289  0.0289  0.0289  0.0289  0.0289  0.0289  0.0289  0.0289  0.0289  0.0289
  0.0293  0.0292  0.0291  0.0294  0.0295  0.0294  0.0293  0.0295  0.0291  0.0293  0.0290  0.0290
  0.0305  0.0301  0.0295  0.0308  0.0310  0.0304  0.0304  0.0310  0.0297  0.0303  0.0293  0.0295
  0.0325  0.0314  0.0303  0.0330  0.0334  0.0315  0.0319  0.0332  0.0307  0.0321  0.0297  0.0301
niter,ni,del,rscale     2    3    5.0000    1.2000
parameters
   -4.9651  -16.8095   18.4102  -11.8733  -14.7663   -0.6360
    6.7602   -4.1828   -5.7217   17.6022    5.7194  -15.9547
eta,q 0.97110 12.04327
  0.0325  0.0315  0.0304  0.0329  0.0332  0.0317  0.0320  0.0334  0.0308  0.0321  0.0297  0.0302
  0.0305  0.0301  0.0295  0.0309  0.0311  0.0302  0.0303  0.0309  0.0297  0.0304  0.0292  0.0294
  0.0293  0.0292  0.0290  0.0294  0.0295  0.0292  0.0293  0.0294  0.0291  0.0293  0.0290  0.0290
  0.0289  0.0289  0.0289  0.0289  0.0289  0.0289  0.0289  0.0289  0.0289  0.0289  0.0289  0.0289
  0.0293  0.0292  0.0291  0.0294  0.0294  0.0294  0.0293  0.0295  0.0291  0.0293  0.0290  0.0290
  0.0305  0.0301  0.0295  0.0308  0.0310  0.0304  0.0304  0.0310  0.0298  0.0303  0.0293  0.0295
  0.0325  0.0315  0.0303  0.0330  0.0334  0.0315  0.0319  0.0332  0.0307  0.0321  0.0297  0.0301
registration optimization eta report
parameter search radius
    2.4000    2.4000    2.4000    9.5220    9.5220    7.2000
    7.2000    7.2000    7.2000    7.2000    7.2000    7.2000
100000*second partial in parameter space
       62.       45.       25.        4.        5.        5.
        6.        8.        4.        6.        2.        2.
  0.0325  0.0315  0.0304  0.0329  0.0332  0.0317  0.0320  0.0334  0.0308  0.0321  0.0297  0.0302
  0.0305  0.0301  0.0295  0.0309  0.0311  0.0302  0.0303  0.0309  0.0297  0.0304  0.0292  0.0294
  0.0293  0.0292  0.0290  0.0294  0.0295  0.0292  0.0293  0.0294  0.0291  0.0293  0.0290  0.0290
  0.0289  0.0289  0.0289  0.0289  0.0289  0.0289  0.0289  0.0289  0.0289  0.0289  0.0289  0.0289
  0.0293  0.0292  0.0291  0.0294  0.0294  0.0294  0.0293  0.0295  0.0291  0.0293  0.0290  0.0290
  0.0305  0.0301  0.0295  0.0308  0.0310  0.0304  0.0304  0.0310  0.0298  0.0303  0.0293  0.0295
  0.0325  0.0315  0.0303  0.0330  0.0334  0.0315  0.0319  0.0332  0.0307  0.0321  0.0297  0.0301
   -4.9651  -16.8095   18.4102  -11.8733  -14.7663   -0.6360
    6.7602   -4.1828   -5.7217   17.6022    5.7194  -15.9547
eta,q 0.97110 12.04327

---------------------------------------------------------------------
imgreg_4dfp /opt/freesurfer/average/711-2C_as_mni_average_305 /opt/freesurfer/average/711-2B_as_mni_average_305_mask talsrcimg_g11 none talsrcimg_to_711-2C_as_mni_average_305_t4 2311
---------------------------------------------------------------------

freesurfer imgreg_4dfp.c
/opt/freesurfer/average/711-2C_as_mni_average_305.4dfp.img
       256       256       256         1
  1.000000  1.000000  1.000000
orientation T byte_order littleendian
Reading image: /opt/freesurfer/average/711-2C_as_mni_average_305.4dfp.img
dimensions:      256       256       256
mmppix:       1.0000   -1.0000   -1.0000
center:     128.0000 -129.0000 -129.0000
/opt/freesurfer/average/711-2B_as_mni_average_305_mask.4dfp.img
       256       256       256         1
  1.000000  1.000000  1.000000
orientation T byte_order littleendian
Reading mask: /opt/freesurfer/average/711-2B_as_mni_average_305_mask.4dfp.img (2306576 pixels)
talsrcimg_g11.4dfp.img
       256       256       256         1
  1.000000  1.000000  1.000000
orientation T byte_order littleendian
Reading image: talsrcimg_g11.4dfp.img
dimensions:      256       256       256
mmppix:       1.0000   -1.0000   -1.0000
center:     128.0000 -129.0000 -129.0000
fimgreg.f
image alignment mode   2311 decimal      907 hex
parameters
   -4.9651  -16.8095   18.4102  -11.8733  -14.7663   -0.6360
    6.7602   -4.1828   -5.7217   17.6022    5.7194  -15.9547
eta,q 0.97111 12.04327
niter,ni,del,rscale     5    3    5.0000    0.8000
parameters
   -4.9722  -16.8177   18.3973  -11.8818  -14.6525   -0.8894
    6.7250   -4.2687   -5.8033   17.5648    5.7098  -16.1057
eta,q 0.97112 12.03850
  0.0305  0.0301  0.0295  0.0301  0.0302  0.0302  0.0303  0.0309  0.0297  0.0303  0.0292  0.0294
  0.0296  0.0294  0.0292  0.0294  0.0295  0.0295  0.0295  0.0298  0.0292  0.0295  0.0290  0.0291
  0.0291  0.0290  0.0290  0.0290  0.0291  0.0290  0.0290  0.0291  0.0290  0.0290  0.0289  0.0289
  0.0289  0.0289  0.0289  0.0289  0.0289  0.0289  0.0289  0.0289  0.0289  0.0289  0.0289  0.0289
  0.0291  0.0290  0.0290  0.0290  0.0290  0.0292  0.0291  0.0292  0.0290  0.0291  0.0289  0.0289
  0.0296  0.0294  0.0292  0.0294  0.0294  0.0297  0.0296  0.0299  0.0293  0.0296  0.0290  0.0291
  0.0305  0.0301  0.0295  0.0301  0.0301  0.0304  0.0304  0.0310  0.0297  0.0303  0.0292  0.0295
niter,ni,del,rscale     4    3    5.0000    0.7000
parameters
   -4.9779  -16.8180   18.3006  -11.8813  -14.6381   -1.0549
    6.7427   -4.2807   -5.8145   17.5871    5.6830  -16.1620
eta,q 0.97113 12.03072
  0.0301  0.0298  0.0293  0.0298  0.0299  0.0300  0.0300  0.0305  0.0295  0.0300  0.0291  0.0293
  0.0294  0.0293  0.0290  0.0293  0.0293  0.0294  0.0294  0.0296  0.0291  0.0294  0.0290  0.0290
  0.0290  0.0290  0.0289  0.0290  0.0290  0.0290  0.0290  0.0290  0.0289  0.0290  0.0289  0.0289
  0.0289  0.0289  0.0289  0.0289  0.0289  0.0289  0.0289  0.0289  0.0289  0.0289  0.0289  0.0289
  0.0290  0.0290  0.0290  0.0290  0.0290  0.0291  0.0290  0.0291  0.0289  0.0290  0.0289  0.0289
  0.0295  0.0293  0.0291  0.0293  0.0293  0.0295  0.0294  0.0296  0.0292  0.0294  0.0290  0.0291
  0.0301  0.0298  0.0294  0.0298  0.0299  0.0301  0.0300  0.0305  0.0295  0.0299  0.0291  0.0293
niter,ni,del,rscale     3    3    5.0000    0.6000
parameters
   -4.9799  -16.8106   18.2337  -11.8821  -14.6449   -1.1680
    6.7508   -4.2846   -5.8093   17.5903    5.6776  -16.2104
eta,q 0.97113 12.02406
  0.0298  0.0295  0.0292  0.0296  0.0296  0.0297  0.0297  0.0301  0.0293  0.0297  0.0291  0.0292
  0.0293  0.0292  0.0290  0.0292  0.0292  0.0293  0.0292  0.0294  0.0291  0.0292  0.0289  0.0290
  0.0290  0.0289  0.0289  0.0289  0.0290  0.0289  0.0290  0.0290  0.0289  0.0289  0.0289  0.0289
  0.0289  0.0289  0.0289  0.0289  0.0289  0.0289  0.0289  0.0289  0.0289  0.0289  0.0289  0.0289
  0.0290  0.0289  0.0289  0.0289  0.0290  0.0290  0.0290  0.0290  0.0289  0.0290  0.0289  0.0289
  0.0293  0.0292  0.0291  0.0292  0.0292  0.0294  0.0292  0.0294  0.0291  0.0293  0.0290  0.0290
  0.0298  0.0295  0.0293  0.0296  0.0296  0.0298  0.0297  0.0301  0.0293  0.0297  0.0291  0.0292
niter,ni,del,rscale     2    3    5.0000    0.5000
parameters
   -4.9795  -16.8007   18.1928  -11.8820  -14.6458   -1.2499
    6.7599   -4.2873   -5.8203   17.5714    5.6581  -16.2180
eta,q 0.97114 12.01913
  0.0295  0.0293  0.0291  0.0293  0.0294  0.0295  0.0294  0.0297  0.0292  0.0294  0.0290  0.0291
  0.0292  0.0291  0.0290  0.0291  0.0291  0.0291  0.0291  0.0292  0.0290  0.0291  0.0289  0.0290
  0.0289  0.0289  0.0289  0.0289  0.0289  0.0289  0.0289  0.0290  0.0289  0.0289  0.0289  0.0289
  0.0289  0.0289  0.0289  0.0289  0.0289  0.0289  0.0289  0.0289  0.0289  0.0289  0.0289  0.0289
  0.0289  0.0289  0.0289  0.0289  0.0289  0.0290  0.0289  0.0290  0.0289  0.0290  0.0289  0.0289
  0.0292  0.0291  0.0290  0.0291  0.0291  0.0292  0.0291  0.0292  0.0290  0.0291  0.0289  0.0290
  0.0295  0.0293  0.0291  0.0293  0.0294  0.0296  0.0294  0.0297  0.0292  0.0294  0.0290  0.0291
niter,ni,del,rscale     1    3    5.0000    0.4000
parameters
   -4.9788  -16.7994   18.1566  -11.8655  -14.6341   -1.3102
    6.7631   -4.2883   -5.8176   17.5372    5.6212  -16.2451
eta,q 0.97113 12.01703
  0.0293  0.0292  0.0290  0.0292  0.0292  0.0293  0.0292  0.0294  0.0291  0.0292  0.0289  0.0290
  0.0290  0.0290  0.0289  0.0290  0.0290  0.0291  0.0290  0.0291  0.0290  0.0290  0.0289  0.0289
  0.0289  0.0289  0.0289  0.0289  0.0289  0.0289  0.0289  0.0289  0.0289  0.0289  0.0289  0.0289
  0.0289  0.0289  0.0289  0.0289  0.0289  0.0289  0.0289  0.0289  0.0289  0.0289  0.0289  0.0289
  0.0289  0.0289  0.0289  0.0289  0.0289  0.0289  0.0289  0.0289  0.0289  0.0289  0.0289  0.0289
  0.0290  0.0290  0.0289  0.0290  0.0290  0.0291  0.0290  0.0291  0.0290  0.0290  0.0289  0.0289
  0.0293  0.0292  0.0290  0.0292  0.0292  0.0293  0.0292  0.0294  0.0291  0.0292  0.0290  0.0290
registration optimization eta report
parameter search radius
    0.8000    0.8000    0.8000    2.4000    2.4000    2.4000
    2.4000    2.4000    2.4000    2.4000    2.4000    2.4000
100000*second partial in parameter space
       64.       46.       24.        5.        6.        8.
        6.        9.        4.        6.        2.        2.
  0.0293  0.0292  0.0290  0.0292  0.0292  0.0293  0.0292  0.0294  0.0291  0.0292  0.0289  0.0290
  0.0290  0.0290  0.0289  0.0290  0.0290  0.0291  0.0290  0.0291  0.0290  0.0290  0.0289  0.0289
  0.0289  0.0289  0.0289  0.0289  0.0289  0.0289  0.0289  0.0289  0.0289  0.0289  0.0289  0.0289
  0.0289  0.0289  0.0289  0.0289  0.0289  0.0289  0.0289  0.0289  0.0289  0.0289  0.0289  0.0289
  0.0289  0.0289  0.0289  0.0289  0.0289  0.0289  0.0289  0.0289  0.0289  0.0289  0.0289  0.0289
  0.0290  0.0290  0.0289  0.0290  0.0290  0.0291  0.0290  0.0291  0.0290  0.0290  0.0289  0.0289
  0.0293  0.0292  0.0290  0.0292  0.0292  0.0293  0.0292  0.0294  0.0291  0.0292  0.0290  0.0290
   -4.9788  -16.7994   18.1566  -11.8655  -14.6341   -1.3102
    6.7631   -4.2883   -5.8176   17.5372    5.6212  -16.2451
eta,q 0.97113 12.01703

---------------------------------------------------------------------
imgreg_4dfp /opt/freesurfer/average/711-2C_as_mni_average_305 /opt/freesurfer/average/711-2B_as_mni_average_305_mask talsrcimg_g11 none talsrcimg_to_711-2C_as_mni_average_305_t4 2311
---------------------------------------------------------------------

freesurfer imgreg_4dfp.c
/opt/freesurfer/average/711-2C_as_mni_average_305.4dfp.img
       256       256       256         1
  1.000000  1.000000  1.000000
orientation T byte_order littleendian
Reading image: /opt/freesurfer/average/711-2C_as_mni_average_305.4dfp.img
dimensions:      256       256       256
mmppix:       1.0000   -1.0000   -1.0000
center:     128.0000 -129.0000 -129.0000
/opt/freesurfer/average/711-2B_as_mni_average_305_mask.4dfp.img
       256       256       256         1
  1.000000  1.000000  1.000000
orientation T byte_order littleendian
Reading mask: /opt/freesurfer/average/711-2B_as_mni_average_305_mask.4dfp.img (2306576 pixels)
talsrcimg_g11.4dfp.img
       256       256       256         1
  1.000000  1.000000  1.000000
orientation T byte_order littleendian
Reading image: talsrcimg_g11.4dfp.img
dimensions:      256       256       256
mmppix:       1.0000   -1.0000   -1.0000
center:     128.0000 -129.0000 -129.0000
fimgreg.f
image alignment mode   2311 decimal      907 hex
parameters
   -4.9788  -16.7994   18.1566  -11.8655  -14.6341   -1.3102
    6.7630   -4.2883   -5.8176   17.5372    5.6212  -16.2451
eta,q 0.97113 12.01704
niter,ni,del,rscale     5    3    5.0000    0.8000
parameters
   -4.9719  -16.8059   18.1517  -11.8618  -14.6370   -1.2194
    6.7479   -4.2554   -5.7708   17.6773    5.7185  -16.2126
eta,q 0.97113 12.02348
  0.0305  0.0300  0.0295  0.0300  0.0302  0.0305  0.0303  0.0310  0.0297  0.0304  0.0293  0.0294
  0.0296  0.0294  0.0291  0.0294  0.0295  0.0296  0.0295  0.0298  0.0292  0.0296  0.0290  0.0291
  0.0290  0.0290  0.0289  0.0290  0.0290  0.0291  0.0290  0.0291  0.0290  0.0290  0.0289  0.0289
  0.0289  0.0289  0.0289  0.0289  0.0289  0.0289  0.0289  0.0289  0.0289  0.0289  0.0289  0.0289
  0.0290  0.0290  0.0289  0.0290  0.0290  0.0291  0.0290  0.0291  0.0290  0.0290  0.0289  0.0289
  0.0296  0.0294  0.0292  0.0294  0.0295  0.0296  0.0295  0.0298  0.0292  0.0295  0.0290  0.0291
  0.0305  0.0300  0.0295  0.0300  0.0302  0.0303  0.0303  0.0309  0.0297  0.0302  0.0292  0.0294
niter,ni,del,rscale     4    3    5.0000    0.7000
parameters
   -4.9718  -16.7875   18.1625  -11.8737  -14.6749   -1.2224
    6.7401   -4.2679   -5.8074   17.6854    5.7138  -16.2476
eta,q 0.97113 12.02078
  0.0301  0.0298  0.0294  0.0298  0.0298  0.0301  0.0300  0.0305  0.0295  0.0300  0.0291  0.0293
  0.0294  0.0293  0.0291  0.0293  0.0293  0.0294  0.0294  0.0296  0.0291  0.0293  0.0290  0.0290
  0.0290  0.0290  0.0289  0.0290  0.0290  0.0290  0.0290  0.0290  0.0289  0.0290  0.0289  0.0289
  0.0289  0.0289  0.0289  0.0289  0.0289  0.0289  0.0289  0.0289  0.0289  0.0289  0.0289  0.0289
  0.0290  0.0290  0.0289  0.0290  0.0290  0.0290  0.0290  0.0291  0.0289  0.0290  0.0289  0.0289
  0.0294  0.0293  0.0291  0.0293  0.0293  0.0295  0.0294  0.0296  0.0292  0.0294  0.0290  0.0290
  0.0301  0.0297  0.0294  0.0298  0.0299  0.0301  0.0300  0.0305  0.0295  0.0299  0.0291  0.0293
niter,ni,del,rscale     3    3    5.0000    0.6000
parameters
   -4.9719  -16.7833   18.1610  -11.8798  -14.6718   -1.2589
    6.7422   -4.2729   -5.8098   17.6565    5.6633  -16.2545
eta,q 0.97113 12.01826
  0.0298  0.0295  0.0292  0.0295  0.0296  0.0298  0.0297  0.0301  0.0293  0.0297  0.0291  0.0292
  0.0293  0.0292  0.0290  0.0292  0.0292  0.0293  0.0292  0.0294  0.0291  0.0292  0.0289  0.0290
  0.0290  0.0289  0.0289  0.0289  0.0290  0.0290  0.0290  0.0290  0.0289  0.0289  0.0289  0.0289
  0.0289  0.0289  0.0289  0.0289  0.0289  0.0289  0.0289  0.0289  0.0289  0.0289  0.0289  0.0289
  0.0290  0.0289  0.0289  0.0289  0.0290  0.0290  0.0290  0.0290  0.0289  0.0290  0.0289  0.0289
  0.0293  0.0292  0.0290  0.0292  0.0292  0.0293  0.0292  0.0294  0.0291  0.0293  0.0290  0.0290
  0.0298  0.0295  0.0292  0.0295  0.0296  0.0298  0.0297  0.0301  0.0293  0.0297  0.0291  0.0292
niter,ni,del,rscale     2    3    5.0000    0.5000
parameters
   -4.9752  -16.7852   18.1504  -11.8739  -14.6598   -1.2971
    6.7589   -4.2724   -5.8114   17.6055    5.6620  -16.2404
eta,q 0.97113 12.01651
  0.0295  0.0293  0.0291  0.0294  0.0294  0.0295  0.0294  0.0297  0.0292  0.0294  0.0290  0.0291
  0.0291  0.0291  0.0290  0.0291  0.0291  0.0292  0.0291  0.0292  0.0290  0.0291  0.0289  0.0290
  0.0289  0.0289  0.0289  0.0289  0.0289  0.0289  0.0289  0.0290  0.0289  0.0289  0.0289  0.0289
  0.0289  0.0289  0.0289  0.0289  0.0289  0.0289  0.0289  0.0289  0.0289  0.0289  0.0289  0.0289
  0.0289  0.0289  0.0289  0.0289  0.0289  0.0290  0.0289  0.0290  0.0289  0.0290  0.0289  0.0289
  0.0292  0.0291  0.0290  0.0291  0.0291  0.0292  0.0291  0.0292  0.0290  0.0292  0.0289  0.0289
  0.0295  0.0293  0.0291  0.0293  0.0294  0.0295  0.0294  0.0297  0.0292  0.0294  0.0290  0.0291
niter,ni,del,rscale     1    3    5.0000    0.4000
parameters
   -4.9774  -16.7926   18.1324  -11.8619  -14.6421   -1.3346
    6.7607   -4.2836   -5.7992   17.5595    5.6060  -16.2481
eta,q 0.97113 12.01549
  0.0293  0.0292  0.0290  0.0292  0.0292  0.0293  0.0292  0.0294  0.0291  0.0292  0.0289  0.0290
  0.0290  0.0290  0.0289  0.0290  0.0290  0.0291  0.0290  0.0291  0.0290  0.0290  0.0289  0.0289
  0.0289  0.0289  0.0289  0.0289  0.0289  0.0289  0.0289  0.0289  0.0289  0.0289  0.0289  0.0289
  0.0289  0.0289  0.0289  0.0289  0.0289  0.0289  0.0289  0.0289  0.0289  0.0289  0.0289  0.0289
  0.0289  0.0289  0.0289  0.0289  0.0289  0.0289  0.0289  0.0289  0.0289  0.0289  0.0289  0.0289
  0.0290  0.0290  0.0289  0.0290  0.0290  0.0291  0.0290  0.0291  0.0290  0.0290  0.0289  0.0289
  0.0293  0.0292  0.0290  0.0292  0.0292  0.0293  0.0292  0.0294  0.0291  0.0292  0.0290  0.0290
registration optimization eta report
parameter search radius
    0.8000    0.8000    0.8000    2.4000    2.4000    2.4000
    2.4000    2.4000    2.4000    2.4000    2.4000    2.4000
100000*second partial in parameter space
       64.       46.       25.        5.        6.        8.
        6.        9.        4.        6.        1.        2.
  0.0293  0.0292  0.0290  0.0292  0.0292  0.0293  0.0292  0.0294  0.0291  0.0292  0.0289  0.0290
  0.0290  0.0290  0.0289  0.0290  0.0290  0.0291  0.0290  0.0291  0.0290  0.0290  0.0289  0.0289
  0.0289  0.0289  0.0289  0.0289  0.0289  0.0289  0.0289  0.0289  0.0289  0.0289  0.0289  0.0289
  0.0289  0.0289  0.0289  0.0289  0.0289  0.0289  0.0289  0.0289  0.0289  0.0289  0.0289  0.0289
  0.0289  0.0289  0.0289  0.0289  0.0289  0.0289  0.0289  0.0289  0.0289  0.0289  0.0289  0.0289
  0.0290  0.0290  0.0289  0.0290  0.0290  0.0291  0.0290  0.0291  0.0290  0.0290  0.0289  0.0289
  0.0293  0.0292  0.0290  0.0292  0.0292  0.0293  0.0292  0.0294  0.0291  0.0292  0.0290  0.0290
   -4.9774  -16.7926   18.1324  -11.8619  -14.6421   -1.3346
    6.7607   -4.2836   -5.7992   17.5595    5.6060  -16.2481
eta,q 0.97113 12.01549

---------------------------------------------------------------------
compute_vox2vox talsrcimg talsrcimg_to_711-2C_as_mni_average_305_t4 /opt/freesurfer/average/711-2C_as_mni_average_305
---------------------------------------------------------------------

freesurfer compute_vox2vox.c
Reading: talsrcimg.4dfp.ifh
Reading: talsrcimg_to_711-2C_as_mni_average_305_t4
Reading: /opt/freesurfer/average/711-2C_as_mni_average_305.4dfp.ifh
Writing: talsrcimg_to_711-2C_as_mni_average_305_t4_vox2vox.txt

start time Sun Mar 8 20:01:39 CET 2026
end		time Sun Mar 8 20:03:09 CET 2026

mpr2mni305 success

avi2talxfm orig_nu.mgz /opt/freesurfer/average/mni305.cor.mgz talsrcimg_to_711-2C_as_mni_average_305_t4_vox2vox.txt transforms/talairach.auto.xfm
avi2talxfm done
mv -f /out/sourcedata/freesurfer/sub-v1s14x0051583_ses-1/mri/talsrcimg_to_711-2C_as_mni_average_305_t4_vox2vox.txt /out/sourcedata/freesurfer/sub-v1s14x0051583_ses-1/mri/transforms/talsrcimg_to_711-2C_as_mni_average_305_t4_vox2vox.txt
lta_convert --src orig_nu.mgz --trg /opt/freesurfer/average/mni305.cor.mgz --inxfm transforms/talairach.auto.xfm --outlta transforms/talairach.auto.xfm.lta --subject fsaverage
7.3.2

--src: orig_nu.mgz src image (geometry).
--trg: /opt/freesurfer/average/mni305.cor.mgz trg image (geometry).
--inmni: transforms/talairach.auto.xfm input MNI/XFM transform.
--outlta: transforms/talairach.auto.xfm.lta output LTA.
--s: fsaverage subject name
 LTA read, type : 1
 1.12552   0.06261  -0.07723   0.66341;
-0.04967   0.97755   0.19001  -33.42567;
 0.08669  -0.19684   1.12720  -7.84778;
 0.00000   0.00000   0.00000   1.00000;
setting subject to fsaverage
Writing  LTA to file transforms/talairach.auto.xfm.lta...
lta_convert successful.
 
 
Started at Sun Mar 8 20:01:39 CET 2026
Ended   at Sun Mar  8 20:03:09 CET 2026
talairach_avi done
