/out/sourcedata/freesurfer/sub-v1s14x0051556_ses-1/mri
/opt/freesurfer/bin/talairach_avi
--i orig_nu.mgz --xfm transforms/talairach.auto.xfm
talairach_avi 7.3.2
Linux dna018 5.14.0-427.37.1.el9_4.x86_64 #1 SMP PREEMPT_DYNAMIC Fri Sep 13 12:41:50 EDT 2024 x86_64 x86_64 x86_64 GNU/Linux
Sun Mar  8 17:10:14 CET 2026
mri_convert orig_nu.mgz talsrcimg.img 
reading from orig_nu.mgz...
TR=0.00, TE=0.00, TI=0.00, flip angle=0.00
i_ras = (-1, 5.82077e-11, -4.65661e-10)
j_ras = (0, 0, -1)
k_ras = (-1.97906e-09, 1, -1.49012e-08)
writing to talsrcimg.img...
Analyze Output Matrix
-1.00000   0.00000  -0.00000   127.07600;
 0.00000   0.00000   1.00000  -115.54034;
-0.00000  -1.00000  -0.00000   148.77931;
 0.00000   0.00000   0.00000   1.00000;
--------------------
INFO: set hdr.hist.orient to -1
mpr2mni305 talsrcimg
Sun Mar  8 17:10:14 CET 2026
/opt/freesurfer/bin/mpr2mni305 talsrcimg
mpr2mni305 7.3.2
target=711-2C_as_mni_average_305

---------------------------------------------------------------------
analyzeto4dfp talsrcimg -O0 -y
---------------------------------------------------------------------

freesurfer ifh2hdr.c
Sun Mar  8 17:10:14 2026
Writing: talsrcimg.4dfp.hdr
freesurfer analyzeto4dfp.c
Reading: talsrcimg.hdr
header size 348 bytes
hdr.dime.datatype	offset=70	value=2
hdr.dime.bitpix		offset=72	value=8
hdr.hist.orient		offset=252	value=-1
dimensionality     4
dimensions       256       256       256         1
Reading: talsrcimg.img
Writing: talsrcimg.4dfp.img
Writing: talsrcimg.4dfp.ifh
ifh2hdr talsrcimg -r0to238
ori=2

---------------------------------------------------------------------
gauss_4dfp talsrcimg 1.1
---------------------------------------------------------------------

freesurfer gauss_4dfp.c
Reading: talsrcimg.4dfp.img
Writing: talsrcimg_g11.4dfp.img
image dimensions 256 256 256 padded to 288 288 288
processing volume 1freesurfer ifh2hdr.c
Sun Mar  8 17:10:16 2026
Writing: talsrcimg_g11.4dfp.hdr

Writing: talsrcimg_g11.4dfp.ifh
including: talsrcimg.4dfp.img.rec in talsrcimg_g11.4dfp.img.rec

---------------------------------------------------------------------
imgreg_4dfp /opt/freesurfer/average/711-2C_as_mni_average_305 none talsrcimg_g11 none talsrcimg_to_711-2C_as_mni_average_305_t4 4355
---------------------------------------------------------------------

freesurfer imgreg_4dfp.c
/opt/freesurfer/average/711-2C_as_mni_average_305.4dfp.img
       256       256       256         1
  1.000000  1.000000  1.000000
orientation T byte_order littleendian
Reading image: /opt/freesurfer/average/711-2C_as_mni_average_305.4dfp.img
dimensions:      256       256       256
mmppix:       1.0000   -1.0000   -1.0000
center:     128.0000 -129.0000 -129.0000
talsrcimg_g11.4dfp.img
       256       256       256         1
  1.000000  1.000000  1.000000
orientation T byte_order littleendian
Reading image: talsrcimg_g11.4dfp.img
dimensions:      256       256       256
mmppix:       1.0000   -1.0000   -1.0000
center:     128.0000 -129.0000 -129.0000
t4_read: open error in t4_sub.f l:  41 t4_file(1:l)talsrcimg_to_711-2C_as_mni_average_305_t4 
t4_read: transform initialized to I4
rotation matrix determinant  1.000000
image alignment mode   4355 decimal     1103 hex
   -7.5000  -45.0000  -45.0000 8777.7461   21.0129
    0.0000  -45.0000  -45.0000 9147.4941   21.0257
    7.5000  -45.0000  -45.0000 8734.9932   21.0563
   -7.5000  -37.5000  -45.0000 9100.7256   21.0255
    0.0000  -37.5000  -45.0000 9467.0244   21.0414
    7.5000  -37.5000  -45.0000 9040.0098   21.0789
   -7.5000  -30.0000  -45.0000 9698.3467   21.0193
    0.0000  -30.0000  -45.000010085.5488   21.0398
    7.5000  -30.0000  -45.0000 9631.9521   21.0792
   -7.5000  -22.5000  -45.000010292.6660   21.0001
    0.0000  -22.5000  -45.000010711.0303   21.0215
    7.5000  -22.5000  -45.000010215.6924   21.0553
   -7.5000  -15.0000  -45.000010817.4668   20.9832
    0.0000  -15.0000  -45.000011253.1797   21.0013
    7.5000  -15.0000  -45.000010722.4551   21.0289
   -7.5000   -7.5000  -45.000011235.0918   20.9898
    0.0000   -7.5000  -45.000011656.2490   21.0040
    7.5000   -7.5000  -45.000011132.0713   21.0303
   -7.5000    0.0000  -45.000011545.1006   21.0129
    0.0000    0.0000  -45.000011986.5654   21.0257
    7.5000    0.0000  -45.000011418.3271   21.0563
   -7.5000    7.5000  -45.000010968.1240   21.0255
    0.0000    7.5000  -45.000011384.8896   21.0414
    7.5000    7.5000  -45.000010828.8818   21.0789
   -7.5000   15.0000  -45.000010178.4727   21.0193
    0.0000   15.0000  -45.000010585.0684   21.0398
    7.5000   15.0000  -45.000010035.9189   21.0792
   -7.5000   22.5000  -45.0000 9275.0439   20.9972
    0.0000   22.5000  -45.0000 9656.4277   21.0186
    7.5000   22.5000  -45.0000 9147.1191   21.0524
   -7.5000   30.0000  -45.0000 8390.0146   20.7053
    0.0000   30.0000  -45.0000 8736.0840   20.7231
    7.5000   30.0000  -45.0000 8281.1621   20.7504
   -7.5000   37.5000  -45.0000 7880.9297   20.7823
    0.0000   37.5000  -45.0000 8200.8535   20.7964
    7.5000   37.5000  -45.0000 7741.4365   20.8220
   -7.5000   45.0000  -45.0000 7006.0854   20.5024
    0.0000   45.0000  -45.0000 7292.0420   20.5149
    7.5000   45.0000  -45.0000 6884.2090   20.5444
   -7.5000  -45.0000  -37.5000 9367.8428   20.9341
    0.0000  -45.0000  -37.5000 9750.9512   20.9394
    7.5000  -45.0000  -37.5000 9252.6035   20.9593
   -7.5000  -37.5000  -37.5000 9713.9727   20.9363
    0.0000  -37.5000  -37.500010103.9785   20.9438
    7.5000  -37.5000  -37.5000 9597.5166   20.9707
   -7.5000  -30.0000  -37.500010356.1230   20.9275
    0.0000  -30.0000  -37.500010765.3350   20.9367
    7.5000  -30.0000  -37.500010241.7051   20.9677
   -7.5000  -22.5000  -37.500010984.0381   20.9178
    0.0000  -22.5000  -37.500011413.1279   20.9253
    7.5000  -22.5000  -37.500010836.7393   20.9528
   -7.5000  -15.0000  -37.500011513.2178   20.9111
    0.0000  -15.0000  -37.500011956.4404   20.9159
    7.5000  -15.0000  -37.500011357.4248   20.9381
   -7.5000   -7.5000  -37.500011929.9209   20.9185
    0.0000   -7.5000  -37.500012379.4482   20.9228
    7.5000   -7.5000  -37.500011764.2285   20.9416
   -7.5000    0.0000  -37.500012259.6826   20.9341
    0.0000    0.0000  -37.500012742.9980   20.9394
    7.5000    0.0000  -37.500012106.8105   20.9593
   -7.5000    7.5000  -37.500011614.8730   20.9363
    0.0000    7.5000  -37.500012100.0508   20.9438
    7.5000    7.5000  -37.500011507.5234   20.9707
   -7.5000   15.0000  -37.500010795.2432   20.9275
    0.0000   15.0000  -37.500011236.5498   20.9367
    7.5000   15.0000  -37.500010677.7139   20.9677
   -7.5000   22.5000  -37.5000 9851.2227   20.9150
    0.0000   22.5000  -37.500010235.1348   20.9224
    7.5000   22.5000  -37.5000 9729.6865   20.9500
   -7.5000   30.0000  -37.5000 8889.7441   20.6341
    0.0000   30.0000  -37.5000 9239.5283   20.6388
    7.5000   30.0000  -37.5000 8767.3213   20.6607
   -7.5000   37.5000  -37.5000 8337.8955   20.7112
    0.0000   37.5000  -37.5000 8672.2217   20.7157
    7.5000   37.5000  -37.5000 8194.6855   20.7340
   -7.5000   45.0000  -37.5000 7398.4858   20.4239
    0.0000   45.0000  -37.5000 7690.9805   20.4295
    7.5000   45.0000  -37.5000 7269.9448   20.4492
   -7.5000  -45.0000  -30.000010117.4219   21.7669
    0.0000  -45.0000  -30.000010543.2559   21.7675
    7.5000  -45.0000  -30.000010008.8721   21.7757
   -7.5000  -37.5000  -30.000010495.5645   21.7649
    0.0000  -37.5000  -30.000010933.9092   21.7678
    7.5000  -37.5000  -30.000010359.7168   21.7818
   -7.5000  -30.0000  -30.000011232.2637   21.7496
    0.0000  -30.0000  -30.000011662.8906   21.7527
    7.5000  -30.0000  -30.000011076.8477   21.7709
   -7.5000  -22.5000  -30.000011932.1299   21.7388
    0.0000  -22.5000  -30.000012359.4414   21.7381
    7.5000  -22.5000  -30.000011705.3760   21.7536
   -7.5000  -15.0000  -30.000012490.4658   21.7355
    0.0000  -15.0000  -30.000012942.1475   21.7322
    7.5000  -15.0000  -30.000012270.0186   21.7444
   -7.5000   -7.5000  -30.000012909.4834   21.7484
    0.0000   -7.5000  -30.000013373.8232   21.7466
    7.5000   -7.5000  -30.000012714.4395   21.7555
   -7.5000    0.0000  -30.000013228.3594   21.7669
    0.0000    0.0000  -30.000013706.9014   21.7675
    7.5000    0.0000  -30.000013034.6973   21.7757
   -7.5000    7.5000  -30.000012507.5635   21.7649
    0.0000    7.5000  -30.000012995.9746   21.7678
    7.5000    7.5000  -30.000012375.8184   21.7818
   -7.5000   15.0000  -30.000011619.7822   21.7496
    0.0000   15.0000  -30.000012073.0459   21.7527
    7.5000   15.0000  -30.000011504.9727   21.7709
   -7.5000   22.5000  -30.000010610.5029   21.7336
    0.0000   22.5000  -30.000011013.4131   21.7329
    7.5000   22.5000  -30.000010465.6416   21.7484
   -7.5000   30.0000  -30.0000 9554.8770   21.4495
    0.0000   30.0000  -30.0000 9913.9658   21.4463
    7.5000   30.0000  -30.0000 9408.0049   21.4583
   -7.5000   37.5000  -30.0000 8918.3037   21.5339
    0.0000   37.5000  -30.0000 9280.5840   21.5324
    7.5000   37.5000  -30.0000 8768.8682   21.5415
   -7.5000   45.0000  -30.0000 7877.8677   21.2510
    0.0000   45.0000  -30.0000 8201.1777   21.2516
    7.5000   45.0000  -30.0000 7754.5884   21.2601
   -7.5000  -45.0000  -22.500010893.8623   22.4800
    0.0000  -45.0000  -22.500011335.3438   22.4833
    7.5000  -45.0000  -22.500010763.3203   22.4910
   -7.5000  -37.5000  -22.500011312.4443   22.4837
    0.0000  -37.5000  -22.500011765.0166   22.4905
    7.5000  -37.5000  -22.500011168.0996   22.5027
   -7.5000  -30.0000  -22.500012101.4102   22.4680
    0.0000  -30.0000  -22.500012561.8203   22.4760
    7.5000  -30.0000  -22.500011924.3809   22.4885
   -7.5000  -22.5000  -22.500012845.2793   22.4496
    0.0000  -22.5000  -22.500013316.9189   22.4538
    7.5000  -22.5000  -22.500012615.1934   22.4615
   -7.5000  -15.0000  -22.500013453.0957   22.4399
    0.0000  -15.0000  -22.500013932.8760   22.4411
    7.5000  -15.0000  -22.500013221.9170   22.4464
   -7.5000   -7.5000  -22.500013880.4902   22.4546
    0.0000   -7.5000  -22.500014387.9014   22.4561
    7.5000   -7.5000  -22.500013679.9219   22.4618
   -7.5000    0.0000  -22.500014165.3994   22.4800
    0.0000    0.0000  -22.500014684.8320   22.4833
    7.5000    0.0000  -22.500013977.8965   22.4910
   -7.5000    7.5000  -22.500013399.0723   22.4837
    0.0000    7.5000  -22.500013884.8906   22.4905
    7.5000    7.5000  -22.500013219.0703   22.5027
   -7.5000   15.0000  -22.500012462.4795   22.4680
    0.0000   15.0000  -22.500012908.4473   22.4760
    7.5000   15.0000  -22.500012307.4238   22.4885
   -7.5000   22.5000  -22.500011373.8418   22.4427
    0.0000   22.5000  -22.500011802.9365   22.4469
    7.5000   22.5000  -22.500011242.7920   22.4546
   -7.5000   30.0000  -22.500010214.2197   22.1479
    0.0000   30.0000  -22.500010604.3838   22.1491
    7.5000   30.0000  -22.500010098.6602   22.1543
   -7.5000   37.5000  -22.5000 9508.8369   22.2357
    0.0000   37.5000  -22.5000 9874.3408   22.2372
    7.5000   37.5000  -22.5000 9350.3906   22.2434
   -7.5000   45.0000  -22.5000 8413.9902   21.9637
    0.0000   45.0000  -22.5000 8742.8027   21.9659
    7.5000   45.0000  -22.5000 8277.6562   21.9729
   -7.5000  -45.0000  -15.000011683.3506   22.9776
    0.0000  -45.0000  -15.000012133.6475   22.9912
    7.5000  -45.0000  -15.000011508.6709   23.0105
   -7.5000  -37.5000  -15.000012130.5156   22.9960
    0.0000  -37.5000  -15.000012591.9092   23.0134
    7.5000  -37.5000  -15.000011943.3857   23.0363
   -7.5000  -30.0000  -15.000012930.0557   22.9860
    0.0000  -30.0000  -15.000013414.7236   23.0059
    7.5000  -30.0000  -15.000012703.3213   23.0248
   -7.5000  -22.5000  -15.000013702.8906   22.9558
    0.0000  -22.5000  -15.000014212.7227   22.9732
    7.5000  -22.5000  -15.000013458.2920   22.9844
   -7.5000  -15.0000  -15.000014371.3535   22.9312
    0.0000  -15.0000  -15.000014889.5645   22.9454
    7.5000  -15.0000  -15.000014127.8193   22.9543
   -7.5000   -7.5000  -15.000014840.7070   22.9430
    0.0000   -7.5000  -15.000015384.5957   22.9558
    7.5000   -7.5000  -15.000014610.1602   22.9687
   -7.5000    0.0000  -15.000015128.7920   22.9776
    0.0000    0.0000  -15.000015650.3379   22.9912
    7.5000    0.0000  -15.000014894.6934   23.0105
   -7.5000    7.5000  -15.000014274.8457   22.9960
    0.0000    7.5000  -15.000014748.6689   23.0134
    7.5000    7.5000  -15.000014052.1855   23.0363
   -7.5000   15.0000  -15.000013252.8545   22.9860
    0.0000   15.0000  -15.000013684.7021   23.0059
    7.5000   15.0000  -15.000013082.6680   23.0248
   -7.5000   22.5000  -15.000012130.2549   22.9477
    0.0000   22.5000  -15.000012536.6592   22.9651
    7.5000   22.5000  -15.000011968.5547   22.9762
   -7.5000   30.0000  -15.000010888.4922   22.6360
    0.0000   30.0000  -15.000011285.6621   22.6500
    7.5000   30.0000  -15.000010789.4248   22.6588
   -7.5000   37.5000  -15.000010090.1279   22.7226
    0.0000   37.5000  -15.000010453.2412   22.7350
    7.5000   37.5000  -15.0000 9940.7061   22.7482
   -7.5000   45.0000  -15.0000 8935.0039   22.4634
    0.0000   45.0000  -15.0000 9281.3721   22.4749
    7.5000   45.0000  -15.0000 8805.1992   22.4925
   -7.5000  -45.0000   -7.500012467.6162   23.2427
    0.0000  -45.0000   -7.500012973.5186   23.2612
    7.5000  -45.0000   -7.500012281.1953   23.2929
   -7.5000  -37.5000   -7.500012976.9453   23.2657
    0.0000  -37.5000   -7.500013486.0127   23.2880
    7.5000  -37.5000   -7.500012753.9668   23.3250
   -7.5000  -30.0000   -7.500013811.3467   23.2597
    0.0000  -30.0000   -7.500014335.9775   23.2865
    7.5000  -30.0000   -7.500013541.8633   23.3208
   -7.5000  -22.5000   -7.500014598.6553   23.2283
    0.0000  -22.5000   -7.500015130.8838   23.2551
    7.5000  -22.5000   -7.500014314.9590   23.2814
   -7.5000  -15.0000   -7.500015283.1777   23.2000
    0.0000  -15.0000   -7.500015852.8643   23.2234
    7.5000  -15.0000   -7.500015001.7324   23.2451
   -7.5000   -7.5000   -7.500015813.8652   23.2083
    0.0000   -7.5000   -7.500016413.5879   23.2280
    7.5000   -7.5000   -7.500015538.5996   23.2522
   -7.5000    0.0000   -7.500016112.8857   23.2427
    0.0000    0.0000   -7.500016675.7168   23.2612
    7.5000    0.0000   -7.500015833.5449   23.2929
   -7.5000    7.5000   -7.500015160.4023   23.2657
    0.0000    7.5000   -7.500015652.3984   23.2880
    7.5000    7.5000   -7.500014875.8428   23.3250
   -7.5000   15.0000   -7.500014077.1631   23.2597
    0.0000   15.0000   -7.500014527.0430   23.2865
    7.5000   15.0000   -7.500013882.3477   23.3208
   -7.5000   22.5000   -7.500012855.9707   23.2176
    0.0000   22.5000   -7.500013282.6045   23.2444
    7.5000   22.5000   -7.500012700.1611   23.2707
   -7.5000   30.0000   -7.500011549.8799   22.9009
    0.0000   30.0000   -7.500011971.7207   22.9240
    7.5000   30.0000   -7.500011425.7383   22.9453
   -7.5000   37.5000   -7.500010702.0371   22.9858
    0.0000   37.5000   -7.500011095.4385   23.0051
    7.5000   37.5000   -7.500010542.0342   23.0291
   -7.5000   45.0000   -7.5000 9499.3203   22.7268
    0.0000   45.0000   -7.5000 9864.0664   22.7438
    7.5000   45.0000   -7.5000 9340.6406   22.7736
   -7.5000  -45.0000    0.000013184.6543   23.3241
    0.0000  -45.0000    0.000013722.4834   23.3378
    7.5000  -45.0000    0.000012983.1055   23.3713
   -7.5000  -37.5000    0.000013728.6377   23.3376
    0.0000  -37.5000    0.000014267.3594   23.3547
    7.5000  -37.5000    0.000013470.7588   23.3958
   -7.5000  -30.0000    0.000014616.8135   23.3313
    0.0000  -30.0000    0.000015204.1084   23.3533
    7.5000  -30.0000    0.000014338.2393   23.3962
   -7.5000  -22.5000    0.000015377.3477   23.3112
    0.0000  -22.5000    0.000015945.0508   23.3337
    7.5000  -22.5000    0.000015085.6475   23.3704
   -7.5000  -15.0000    0.000016115.1787   23.2931
    0.0000  -15.0000    0.000016698.9961   23.3120
    7.5000  -15.0000    0.000015805.1240   23.3419
   -7.5000   -7.5000    0.000016732.1777   23.2998
    0.0000   -7.5000    0.000017358.5918   23.3148
    7.5000   -7.5000    0.000016386.5781   23.3433
   -7.5000    0.0000    0.000017069.8086   23.3241
    0.0000    0.0000    0.000017679.9609   23.3378
    7.5000    0.0000    0.000016714.6152   23.3713
   -7.5000    7.5000    0.000016014.4209   23.3376
    0.0000    7.5000    0.000016567.9512   23.3547
    7.5000    7.5000    0.000015678.2666   23.3958
   -7.5000   15.0000    0.000014852.5938   23.3313
    0.0000   15.0000    0.000015341.7412   23.3533
    7.5000   15.0000    0.000014584.3525   23.3962
   -7.5000   22.5000    0.000013552.0684   23.3004
    0.0000   22.5000    0.000014028.1387   23.3229
    7.5000   22.5000    0.000013345.6006   23.3596
   -7.5000   30.0000    0.000012189.5244   22.9935
    0.0000   30.0000    0.000012649.4316   23.0121
    7.5000   30.0000    0.000012020.1699   23.0416
   -7.5000   37.5000    0.000011276.2178   23.0779
    0.0000   37.5000    0.000011705.4932   23.0927
    7.5000   37.5000    0.000011066.5547   23.1205
   -7.5000   45.0000    0.0000 9993.9375   22.8083
    0.0000   45.0000    0.000010393.7275   22.8218
    7.5000   45.0000    0.0000 9797.6914   22.8541
   -7.5000  -45.0000    7.500012889.3965   23.3653
    0.0000  -45.0000    7.500013398.9248   23.3712
    7.5000  -45.0000    7.500012699.5303   23.3935
   -7.5000  -37.5000    7.500013399.9912   23.3681
    0.0000  -37.5000    7.500013918.4756   23.3766
    7.5000  -37.5000    7.500013164.9072   23.4065
   -7.5000  -30.0000    7.500014345.6650   23.3578
    0.0000  -30.0000    7.500014953.8105   23.3680
    7.5000  -30.0000    7.500014090.3486   23.4023
   -7.5000  -22.5000    7.500015256.7275   23.3458
    0.0000  -22.5000    7.500015801.7520   23.3539
    7.5000  -22.5000    7.500014915.4082   23.3845
   -7.5000  -15.0000    7.500015999.2100   23.3378
    0.0000  -15.0000    7.500016558.9570   23.3429
    7.5000  -15.0000    7.500015572.2168   23.3676
   -7.5000   -7.5000    7.500016559.9668   23.3468
    0.0000   -7.5000    7.500017134.1660   23.3514
    7.5000   -7.5000    7.500016045.1250   23.3724
   -7.5000    0.0000    7.500016827.9844   23.3653
    0.0000    0.0000    7.500017407.4824   23.3712
    7.5000    0.0000    7.500016317.6025   23.3935
   -7.5000    7.5000    7.500015755.4033   23.3681
    0.0000    7.5000    7.500016285.2607   23.3766
    7.5000    7.5000    7.500015299.8750   23.4065
   -7.5000   15.0000    7.500014555.8604   23.3578
    0.0000   15.0000    7.500015037.7812   23.3680
    7.5000   15.0000    7.500014169.1416   23.4023
   -7.5000   22.5000    7.500013267.3418   23.3351
    0.0000   22.5000    7.500013738.0430   23.3432
    7.5000   22.5000    7.500012978.2432   23.3737
   -7.5000   30.0000    7.500011917.1416   23.0376
    0.0000   30.0000    7.500012379.1445   23.0426
    7.5000   30.0000    7.500011688.3926   23.0670
   -7.5000   37.5000    7.500011014.0771   23.1242
    0.0000   37.5000    7.500011446.7666   23.1290
    7.5000   37.5000    7.500010780.7266   23.1496
   -7.5000   45.0000    7.5000 9764.1367   22.8487
    0.0000   45.0000    7.500010149.1963   22.8550
    7.5000   45.0000    7.5000 9547.2227   22.8771
   -7.5000  -45.0000   15.000012466.4756   23.3738
    0.0000  -45.0000   15.000012936.6484   23.3744
    7.5000  -45.0000   15.000012251.5225   23.3833
   -7.5000  -37.5000   15.000012937.1943   23.3716
    0.0000  -37.5000   15.000013438.2998   23.3747
    7.5000  -37.5000   15.000012678.6895   23.3898
   -7.5000  -30.0000   15.000014009.0215   23.3552
    0.0000  -30.0000   15.000014635.4453   23.3585
    7.5000  -30.0000   15.000013617.5615   23.3780
   -7.5000  -22.5000   15.000015105.6680   23.3436
    0.0000  -22.5000   15.000015789.4199   23.3428
    7.5000  -22.5000   15.000014534.5430   23.3595
   -7.5000  -15.0000   15.000015784.8594   23.3400
    0.0000  -15.0000   15.000016430.8984   23.3365
    7.5000  -15.0000   15.000015161.8672   23.3496
   -7.5000   -7.5000   15.000016134.8291   23.3539
    0.0000   -7.5000   15.000016706.2422   23.3520
    7.5000   -7.5000   15.000015524.8359   23.3616
   -7.5000    0.0000   15.000016307.1143   23.3738
    0.0000    0.0000   15.000016831.7949   23.3744
    7.5000    0.0000   15.000015726.4053   23.3833
   -7.5000    7.5000   15.000015308.8760   23.3716
    0.0000    7.5000   15.000015774.1230   23.3747
    7.5000    7.5000   15.000014773.3418   23.3898
   -7.5000   15.0000   15.000014147.7432   23.3552
    0.0000   15.0000   15.000014563.4219   23.3585
    7.5000   15.0000   15.000013694.8545   23.3780
   -7.5000   22.5000   15.000012880.7822   23.3328
    0.0000   22.5000   15.000013290.3203   23.3321
    7.5000   22.5000   15.000012537.4375   23.3487
   -7.5000   30.0000   15.000011561.1719   23.0397
    0.0000   30.0000   15.000011972.6328   23.0362
    7.5000   30.0000   15.000011294.5752   23.0491
   -7.5000   37.5000   15.000010644.3496   23.1304
    0.0000   37.5000   15.000011066.6943   23.1288
    7.5000   37.5000   15.000010410.5068   23.1386
   -7.5000   45.0000   15.0000 9409.6494   22.8568
    0.0000   45.0000   15.0000 9790.5205   22.8575
    7.5000   45.0000   15.0000 9195.9648   22.8666
   -7.5000  -45.0000   22.500012054.6250   23.3361
    0.0000  -45.0000   22.500012492.2090   23.3395
    7.5000  -45.0000   22.500011780.1016   23.3475
   -7.5000  -37.5000   22.500012508.2168   23.3399
    0.0000  -37.5000   22.500012949.5547   23.3470
    7.5000  -37.5000   22.500012198.4473   23.3596
   -7.5000  -30.0000   22.500013470.0801   23.3236
    0.0000  -30.0000   22.500014015.9502   23.3320
    7.5000  -30.0000   22.500013041.3467   23.3449
   -7.5000  -22.5000   22.500014405.3154   23.3046
    0.0000  -22.5000   22.500015025.8955   23.3089
    7.5000  -22.5000   22.500013885.5195   23.3169
   -7.5000  -15.0000   22.500014964.9014   23.2944
    0.0000  -15.0000   22.500015608.1475   23.2957
    7.5000  -15.0000   22.500014510.1016   23.3012
   -7.5000   -7.5000   22.500015389.7295   23.3097
    0.0000   -7.5000   22.500015994.4365   23.3113
    7.5000   -7.5000   22.500014951.4121   23.3172
   -7.5000    0.0000   22.500015614.7764   23.3361
    0.0000    0.0000   22.500016160.9414   23.3395
    7.5000    0.0000   22.500015145.5615   23.3475
   -7.5000    7.5000   22.500014643.2354   23.3399
    0.0000    7.5000   22.500015108.6006   23.3470
    7.5000    7.5000   22.500014177.2197   23.3596
   -7.5000   15.0000   22.500013521.2930   23.3236
    0.0000   15.0000   22.500013923.6465   23.3320
    7.5000   15.0000   22.500013076.1152   23.3449
   -7.5000   22.5000   22.500012306.3340   23.2939
    0.0000   22.5000   22.500012678.4189   23.2982
    7.5000   22.5000   22.500011943.1094   23.3062
   -7.5000   30.0000   22.500011060.3457   22.9946
    0.0000   30.0000   22.500011435.1826   22.9958
    7.5000   30.0000   22.500010768.8701   23.0012
   -7.5000   37.5000   22.500010160.5244   23.0857
    0.0000   37.5000   22.500010549.7324   23.0873
    7.5000   37.5000   22.5000 9934.6621   23.0938
   -7.5000   45.0000   22.5000 8974.6455   22.8199
    0.0000   45.0000   22.5000 9335.0889   22.8222
    7.5000   45.0000   22.5000 8783.1309   22.8295
   -7.5000  -45.0000   30.000011417.5215   23.2952
    0.0000  -45.0000   30.000011796.9961   23.3090
    7.5000  -45.0000   30.000011115.2686   23.3285
   -7.5000  -37.5000   30.000011830.8906   23.3138
    0.0000  -37.5000   30.000012206.2959   23.3314
    7.5000  -37.5000   30.000011503.7480   23.3547
   -7.5000  -30.0000   30.000012727.5205   23.3036
    0.0000  -30.0000   30.000013197.3809   23.3237
    7.5000  -30.0000   30.000012318.8369   23.3429
   -7.5000  -22.5000   30.000013510.8008   23.2729
    0.0000  -22.5000   30.000014038.8682   23.2906
    7.5000  -22.5000   30.000013103.3555   23.3019
   -7.5000  -15.0000   30.000014000.3252   23.2481
    0.0000  -15.0000   30.000014536.6875   23.2625
    7.5000  -15.0000   30.000013697.9316   23.2715
   -7.5000   -7.5000   30.000014473.4082   23.2601
    0.0000   -7.5000   30.000014961.0176   23.2731
    7.5000   -7.5000   30.000014139.3877   23.2862
   -7.5000    0.0000   30.000014763.6270   23.2952
    0.0000    0.0000   30.000015237.3545   23.3090
    7.5000    0.0000   30.000014391.6396   23.3285
   -7.5000    7.5000   30.000013807.8164   23.3138
    0.0000    7.5000   30.000014223.9980   23.3314
    7.5000    7.5000   30.000013452.1016   23.3547
   -7.5000   15.0000   30.000012723.6240   23.3036
    0.0000   15.0000   30.000013114.7744   23.3237
    7.5000   15.0000   30.000012367.3086   23.3429
   -7.5000   22.5000   30.000011568.5811   23.2622
    0.0000   22.5000   30.000011919.6104   23.2798
    7.5000   22.5000   30.000011234.7715   23.2912
   -7.5000   30.0000   30.000010415.2480   22.9488
    0.0000   30.0000   30.000010762.5723   22.9630
    7.5000   30.0000   30.000010133.9854   22.9719
   -7.5000   37.5000   30.0000 9566.9082   23.0366
    0.0000   37.5000   30.0000 9920.3477   23.0493
    7.5000   37.5000   30.0000 9348.7627   23.0627
   -7.5000   45.0000   30.0000 8425.7139   22.7799
    0.0000   45.0000   30.0000 8750.1953   22.7916
    7.5000   45.0000   30.0000 8225.9082   22.8094
   -7.5000  -45.0000   37.500011037.5322   23.4502
    0.0000  -45.0000   37.500011400.0400   23.4697
    7.5000  -45.0000   37.500010788.3457   23.5018
   -7.5000  -37.5000   37.500011464.2627   23.4733
    0.0000  -37.5000   37.500011840.1396   23.4965
    7.5000  -37.5000   37.500011188.5088   23.5341
   -7.5000  -30.0000   37.500012326.5576   23.4677
    0.0000  -30.0000   37.500012779.8887   23.4954
    7.5000  -30.0000   37.500011991.4590   23.5303
   -7.5000  -22.5000   37.500013054.9170   23.4366
    0.0000  -22.5000   37.500013540.1523   23.4644
    7.5000  -22.5000   37.500012750.7471   23.4912
   -7.5000  -15.0000   37.500013571.7568   23.4082
    0.0000  -15.0000   37.500014074.9990   23.4326
    7.5000  -15.0000   37.500013336.0986   23.4546
   -7.5000   -7.5000   37.500014024.9619   23.4162
    0.0000   -7.5000   37.500014523.6387   23.4368
    7.5000   -7.5000   37.500013757.6719   23.4613
   -7.5000    0.0000   37.500014330.8809   23.4502
    0.0000    0.0000   37.500014816.5957   23.4697
    7.5000    0.0000   37.500014033.7490   23.5018
   -7.5000    7.5000   37.500013395.0791   23.4733
    0.0000    7.5000   37.500013838.0420   23.4965
    7.5000    7.5000   37.500013115.4092   23.5341
   -7.5000   15.0000   37.500012339.6260   23.4677
    0.0000   15.0000   37.500012723.2686   23.4954
    7.5000   15.0000   37.500012052.7246   23.5303
   -7.5000   22.5000   37.500011214.4385   23.4258
    0.0000   22.5000   37.500011557.8057   23.4536
    7.5000   22.5000   37.500010940.1201   23.4804
   -7.5000   30.0000   37.500010111.9746   23.1070
    0.0000   30.0000   37.500010446.3086   23.1311
    7.5000   30.0000   37.5000 9854.4736   23.1528
   -7.5000   37.5000   37.5000 9279.7490   23.1928
    0.0000   37.5000   37.5000 9624.9131   23.2130
    7.5000   37.5000   37.5000 9100.2646   23.2373
   -7.5000   45.0000   37.5000 8164.8633   22.9336
    0.0000   45.0000   37.5000 8466.3301   22.9517
    7.5000   45.0000   37.5000 7996.4634   22.9819
   -7.5000  -45.0000   45.000010147.8076   23.6110
    0.0000  -45.0000   45.000010492.8477   23.6264
    7.5000  -45.0000   45.0000 9934.3047   23.6628
   -7.5000  -37.5000   45.000010569.0117   23.6252
    0.0000  -37.5000   45.000010934.3096   23.6441
    7.5000  -37.5000   45.000010346.3779   23.6883
   -7.5000  -30.0000   45.000011370.4883   23.6196
    0.0000  -30.0000   45.000011801.6572   23.6438
    7.5000  -30.0000   45.000011119.4170   23.6896
   -7.5000  -22.5000   45.000012023.6055   23.5994
    0.0000  -22.5000   45.000012455.6973   23.6245
    7.5000  -22.5000   45.000011803.9219   23.6637
   -7.5000  -15.0000   45.000012520.0566   23.5807
    0.0000  -15.0000   45.000012949.3086   23.6021
    7.5000  -15.0000   45.000012326.4141   23.6342
   -7.5000   -7.5000   45.000012941.6836   23.5867
    0.0000   -7.5000   45.000013388.4961   23.6037
    7.5000   -7.5000   45.000012732.8623   23.6347
   -7.5000    0.0000   45.000013238.4971   23.6110
    0.0000    0.0000   45.000013687.5830   23.6264
    7.5000    0.0000   45.000013009.5459   23.6628
   -7.5000    7.5000   45.000012368.2441   23.6252
    0.0000    7.5000   45.000012788.8916   23.6441
    7.5000    7.5000   45.000012158.4873   23.6883
   -7.5000   15.0000   45.000011400.5098   23.6196
    0.0000   15.0000   45.000011757.5068   23.6438
    7.5000   15.0000   45.000011157.0732   23.6896
   -7.5000   22.5000   45.000010388.2168   23.5885
    0.0000   22.5000   45.000010715.0801   23.6135
    7.5000   22.5000   45.000010156.9395   23.6527
   -7.5000   30.0000   45.0000 9358.1152   23.2754
    0.0000   30.0000   45.0000 9677.5283   23.2965
    7.5000   30.0000   45.0000 9163.5205   23.3282
   -7.5000   37.5000   45.0000 8582.1270   23.3615
    0.0000   37.5000   45.0000 8904.9629   23.3784
    7.5000   37.5000   45.0000 8444.2637   23.4086
   -7.5000   45.0000   45.0000 7534.3467   23.1057
    0.0000   45.0000   45.0000 7822.6572   23.1209
    7.5000   45.0000   45.0000 7428.2241   23.1560

---------------------------------------------------------------------
imgreg_4dfp /opt/freesurfer/average/711-2C_as_mni_average_305 /opt/freesurfer/average/711-2B_as_mni_average_305_mask talsrcimg_g11 none talsrcimg_to_711-2C_as_mni_average_305_t4 4355
---------------------------------------------------------------------

freesurfer imgreg_4dfp.c
/opt/freesurfer/average/711-2C_as_mni_average_305.4dfp.img
       256       256       256         1
  1.000000  1.000000  1.000000
orientation T byte_order littleendian
Reading image: /opt/freesurfer/average/711-2C_as_mni_average_305.4dfp.img
dimensions:      256       256       256
mmppix:       1.0000   -1.0000   -1.0000
center:     128.0000 -129.0000 -129.0000
/opt/freesurfer/average/711-2B_as_mni_average_305_mask.4dfp.img
       256       256       256         1
  1.000000  1.000000  1.000000
orientation T byte_order littleendian
Reading mask: /opt/freesurfer/average/711-2B_as_mni_average_305_mask.4dfp.img (2306576 pixels)
talsrcimg_g11.4dfp.img
       256       256       256         1
  1.000000  1.000000  1.000000
orientation T byte_order littleendian
Reading image: talsrcimg_g11.4dfp.img
dimensions:      256       256       256
mmppix:       1.0000   -1.0000   -1.0000
center:     128.0000 -129.0000 -129.0000
rotation matrix determinant  1.000000
image alignment mode   4355 decimal     1103 hex
   -7.5000  -45.0000  -45.0000 2223.2068   21.6401
    0.0000  -45.0000  -45.0000 2237.7798   21.6084
    7.5000  -45.0000  -45.0000 2220.2100   21.8372
   -7.5000  -37.5000  -45.0000 2252.9663   20.9548
    0.0000  -37.5000  -45.0000 2263.9717   20.9391
    7.5000  -37.5000  -45.0000 2241.5823   21.1915
   -7.5000  -30.0000  -45.0000 2261.6982   20.6651
    0.0000  -30.0000  -45.0000 2269.1143   20.6447
    7.5000  -30.0000  -45.0000 2249.8911   20.8941
   -7.5000  -22.5000  -45.0000 2260.3433   20.6204
    0.0000  -22.5000  -45.0000 2274.2725   20.5533
    7.5000  -22.5000  -45.0000 2251.2542   20.8106
   -7.5000  -15.0000  -45.0000 2243.1602   20.9719
    0.0000  -15.0000  -45.0000 2257.5278   20.9063
    7.5000  -15.0000  -45.0000 2237.7896   21.1396
   -7.5000   -7.5000  -45.0000 2215.7444   21.6408
    0.0000   -7.5000  -45.0000 2227.7842   21.6310
    7.5000   -7.5000  -45.0000 2206.0203   21.8904
   -7.5000    0.0000  -45.0000 2164.0210   22.8110
    0.0000    0.0000  -45.0000 2175.9045   22.7822
    7.5000    0.0000  -45.0000 2153.9216   23.0012
   -7.5000    7.5000  -45.0000 2097.8196   24.2788
    0.0000    7.5000  -45.0000 2108.2080   24.2674
    7.5000    7.5000  -45.0000 2085.8420   24.5727
   -7.5000   15.0000  -45.0000 2014.2051   26.2608
    0.0000   15.0000  -45.0000 2025.1926   26.2609
    7.5000   15.0000  -45.0000 1997.2605   26.6419
   -7.5000   22.5000  -45.0000 1915.7462   28.9840
    0.0000   22.5000  -45.0000 1926.1687   28.9592
    7.5000   22.5000  -45.0000 1899.0397   29.4144
   -7.5000   30.0000  -45.0000 1811.3098   32.8448
    0.0000   30.0000  -45.0000 1815.7100   32.8012
    7.5000   30.0000  -45.0000 1794.6421   33.2937
   -7.5000   37.5000  -45.0000 1700.6501   38.3136
    0.0000   37.5000  -45.0000 1703.0620   38.1051
    7.5000   37.5000  -45.0000 1684.0197   38.6923
   -7.5000   45.0000  -45.0000 1571.1764   45.5638
    0.0000   45.0000  -45.0000 1572.1332   45.2895
    7.5000   45.0000  -45.0000 1554.7899   46.2142
   -7.5000  -45.0000  -37.5000 2324.8464   19.9588
    0.0000  -45.0000  -37.5000 2336.4062   19.9300
    7.5000  -45.0000  -37.5000 2312.8179   20.1253
   -7.5000  -37.5000  -37.5000 2359.4893   19.2703
    0.0000  -37.5000  -37.5000 2370.9436   19.2349
    7.5000  -37.5000  -37.5000 2344.6248   19.4833
   -7.5000  -30.0000  -37.5000 2368.3623   18.9801
    0.0000  -30.0000  -37.5000 2381.5159   18.9129
    7.5000  -30.0000  -37.5000 2354.0583   19.1677
   -7.5000  -22.5000  -37.5000 2366.6372   18.8904
    0.0000  -22.5000  -37.5000 2379.1882   18.8137
    7.5000  -22.5000  -37.5000 2352.6287   19.0702
   -7.5000  -15.0000  -37.5000 2349.2300   19.1791
    0.0000  -15.0000  -37.5000 2365.1169   19.0941
    7.5000  -15.0000  -37.5000 2339.6858   19.3393
   -7.5000   -7.5000  -37.5000 2319.9482   19.8039
    0.0000   -7.5000  -37.5000 2333.8313   19.7357
    7.5000   -7.5000  -37.5000 2307.6709   20.0164
   -7.5000    0.0000  -37.5000 2268.7046   20.8794
    0.0000    0.0000  -37.5000 2283.8789   20.8210
    7.5000    0.0000  -37.5000 2255.8005   21.0462
   -7.5000    7.5000  -37.5000 2197.8435   22.1621
    0.0000    7.5000  -37.5000 2210.2585   22.1674
    7.5000    7.5000  -37.5000 2186.4746   22.4481
   -7.5000   15.0000  -37.5000 2112.3252   23.8841
    0.0000   15.0000  -37.5000 2125.2151   23.9100
    7.5000   15.0000  -37.5000 2097.3792   24.2501
   -7.5000   22.5000  -37.5000 2009.9951   26.3414
    0.0000   22.5000  -37.5000 2016.6794   26.3177
    7.5000   22.5000  -37.5000 1995.4352   26.7083
   -7.5000   30.0000  -37.5000 1895.7550   29.8120
    0.0000   30.0000  -37.5000 1900.7777   29.7882
    7.5000   30.0000  -37.5000 1877.8492   30.1592
   -7.5000   37.5000  -37.5000 1779.8318   34.5692
    0.0000   37.5000  -37.5000 1783.8092   34.5096
    7.5000   37.5000  -37.5000 1762.5049   34.9410
   -7.5000   45.0000  -37.5000 1645.8104   40.8674
    0.0000   45.0000  -37.5000 1642.4872   40.7410
    7.5000   45.0000  -37.5000 1628.8354   41.4081
   -7.5000  -45.0000  -30.0000 2469.0063   19.1117
    0.0000  -45.0000  -30.0000 2483.2239   19.0770
    7.5000  -45.0000  -30.0000 2455.8584   19.3019
   -7.5000  -37.5000  -30.0000 2506.4802   18.3908
    0.0000  -37.5000  -30.0000 2521.6689   18.3503
    7.5000  -37.5000  -30.0000 2491.5774   18.5887
   -7.5000  -30.0000  -30.0000 2520.5283   18.0434
    0.0000  -30.0000  -30.0000 2536.2395   17.9810
    7.5000  -30.0000  -30.0000 2507.4734   18.2361
   -7.5000  -22.5000  -30.0000 2524.6750   17.9949
    0.0000  -22.5000  -30.0000 2533.2883   17.9077
    7.5000  -22.5000  -30.0000 2505.5322   18.1664
   -7.5000  -15.0000  -30.0000 2504.4321   18.2608
    0.0000  -15.0000  -30.0000 2521.5354   18.1134
    7.5000  -15.0000  -30.0000 2493.0447   18.3940
   -7.5000   -7.5000  -30.0000 2473.6755   18.8085
    0.0000   -7.5000  -30.0000 2486.7026   18.7312
    7.5000   -7.5000  -30.0000 2460.5916   19.0117
   -7.5000    0.0000  -30.0000 2419.7651   19.7408
    0.0000    0.0000  -30.0000 2430.9749   19.6722
    7.5000    0.0000  -30.0000 2403.2520   19.9678
   -7.5000    7.5000  -30.0000 2343.1267   20.9532
    0.0000    7.5000  -30.0000 2354.5710   20.9008
    7.5000    7.5000  -30.0000 2328.7358   21.1989
   -7.5000   15.0000  -30.0000 2250.7734   22.5606
    0.0000   15.0000  -30.0000 2262.7712   22.5434
    7.5000   15.0000  -30.0000 2235.0081   22.8326
   -7.5000   22.5000  -30.0000 2146.0896   24.8462
    0.0000   22.5000  -30.0000 2155.7007   24.8311
    7.5000   22.5000  -30.0000 2124.4170   25.1867
   -7.5000   30.0000  -30.0000 2022.4342   28.0223
    0.0000   30.0000  -30.0000 2027.3770   28.0423
    7.5000   30.0000  -30.0000 1997.5392   28.3463
   -7.5000   37.5000  -30.0000 1891.0864   32.3642
    0.0000   37.5000  -30.0000 1901.1823   32.3547
    7.5000   37.5000  -30.0000 1874.3892   32.7535
   -7.5000   45.0000  -30.0000 1744.0790   38.1668
    0.0000   45.0000  -30.0000 1745.9570   38.1272
    7.5000   45.0000  -30.0000 1727.4714   38.7504
   -7.5000  -45.0000  -22.5000 2584.1548   18.1719
    0.0000  -45.0000  -22.5000 2594.7378   18.1472
    7.5000  -45.0000  -22.5000 2568.6780   18.3461
   -7.5000  -37.5000  -22.5000 2627.2769   17.4446
    0.0000  -37.5000  -22.5000 2640.1550   17.3875
    7.5000  -37.5000  -22.5000 2616.3376   17.5920
   -7.5000  -30.0000  -22.5000 2651.5359   17.0377
    0.0000  -30.0000  -22.5000 2667.6301   16.9430
    7.5000  -30.0000  -22.5000 2637.5864   17.2015
   -7.5000  -22.5000  -22.5000 2656.1926   16.9839
    0.0000  -22.5000  -22.5000 2668.2607   16.8847
    7.5000  -22.5000  -22.5000 2636.5723   17.1421
   -7.5000  -15.0000  -22.5000 2640.2488   17.1902
    0.0000  -15.0000  -22.5000 2653.2053   17.0804
    7.5000  -15.0000  -22.5000 2620.4978   17.3759
   -7.5000   -7.5000  -22.5000 2607.9919   17.6983
    0.0000   -7.5000  -22.5000 2623.4736   17.6126
    7.5000   -7.5000  -22.5000 2592.0435   17.9017
   -7.5000    0.0000  -22.5000 2550.2539   18.5252
    0.0000    0.0000  -22.5000 2563.4587   18.4278
    7.5000    0.0000  -22.5000 2532.8438   18.7561
   -7.5000    7.5000  -22.5000 2465.3953   19.6294
    0.0000    7.5000  -22.5000 2477.2542   19.5680
    7.5000    7.5000  -22.5000 2448.7151   19.8843
   -7.5000   15.0000  -22.5000 2368.7004   21.1069
    0.0000   15.0000  -22.5000 2380.2148   21.0484
    7.5000   15.0000  -22.5000 2352.9053   21.3779
   -7.5000   22.5000  -22.5000 2254.1335   23.2478
    0.0000   22.5000  -22.5000 2265.5381   23.1829
    7.5000   22.5000  -22.5000 2235.9385   23.5203
   -7.5000   30.0000  -22.5000 2123.3743   26.1365
    0.0000   30.0000  -22.5000 2130.6399   26.1199
    7.5000   30.0000  -22.5000 2102.6221   26.4218
   -7.5000   37.5000  -22.5000 1986.3573   30.1370
    0.0000   37.5000  -22.5000 1995.4203   30.1357
    7.5000   37.5000  -22.5000 1964.2083   30.4460
   -7.5000   45.0000  -22.5000 1834.4742   35.5585
    0.0000   45.0000  -22.5000 1835.5872   35.5313
    7.5000   45.0000  -22.5000 1814.6188   35.9863
   -7.5000  -45.0000  -15.0000 2669.1003   17.2995
    0.0000  -45.0000  -15.0000 2676.9409   17.2132
    7.5000  -45.0000  -15.0000 2653.0657   17.4172
   -7.5000  -37.5000  -15.0000 2721.6387   16.5195
    0.0000  -37.5000  -15.0000 2735.8323   16.4542
    7.5000  -37.5000  -15.0000 2709.4287   16.6447
   -7.5000  -30.0000  -15.0000 2751.9194   16.0561
    0.0000  -30.0000  -15.0000 2768.3552   15.9602
    7.5000  -30.0000  -15.0000 2732.7495   16.1845
   -7.5000  -22.5000  -15.0000 2759.2871   15.9182
    0.0000  -22.5000  -15.0000 2772.2947   15.8527
    7.5000  -22.5000  -15.0000 2739.1553   16.1090
   -7.5000  -15.0000  -15.0000 2751.8113   16.1287
    0.0000  -15.0000  -15.0000 2765.8906   16.0372
    7.5000  -15.0000  -15.0000 2727.2637   16.2965
   -7.5000   -7.5000  -15.0000 2721.2246   16.6175
    0.0000   -7.5000  -15.0000 2736.5117   16.5349
    7.5000   -7.5000  -15.0000 2699.4409   16.8435
   -7.5000    0.0000  -15.0000 2659.2703   17.4349
    0.0000    0.0000  -15.0000 2674.2700   17.3069
    7.5000    0.0000  -15.0000 2638.2617   17.6313
   -7.5000    7.5000  -15.0000 2571.7505   18.4863
    0.0000    7.5000  -15.0000 2578.2996   18.3606
    7.5000    7.5000  -15.0000 2550.0420   18.6695
   -7.5000   15.0000  -15.0000 2462.6067   19.8590
    0.0000   15.0000  -15.0000 2468.5337   19.7802
    7.5000   15.0000  -15.0000 2439.8992   20.0915
   -7.5000   22.5000  -15.0000 2342.1199   21.8573
    0.0000   22.5000  -15.0000 2349.4529   21.7738
    7.5000   22.5000  -15.0000 2320.0491   22.1040
   -7.5000   30.0000  -15.0000 2207.3596   24.5261
    0.0000   30.0000  -15.0000 2214.9409   24.4613
    7.5000   30.0000  -15.0000 2185.9851   24.7973
   -7.5000   37.5000  -15.0000 2058.2886   28.2306
    0.0000   37.5000  -15.0000 2063.7329   28.1252
    7.5000   37.5000  -15.0000 2034.0303   28.4589
   -7.5000   45.0000  -15.0000 1900.6969   33.2300
    0.0000   45.0000  -15.0000 1901.2570   33.1732
    7.5000   45.0000  -15.0000 1875.6287   33.5555
   -7.5000  -45.0000   -7.5000 2719.3853   16.5633
    0.0000  -45.0000   -7.5000 2732.0352   16.5098
    7.5000  -45.0000   -7.5000 2706.7910   16.6965
   -7.5000  -37.5000   -7.5000 2790.8513   15.7094
    0.0000  -37.5000   -7.5000 2804.3928   15.6660
    7.5000  -37.5000   -7.5000 2774.5386   15.8601
   -7.5000  -30.0000   -7.5000 2829.0393   15.1722
    0.0000  -30.0000   -7.5000 2842.6836   15.1261
    7.5000  -30.0000   -7.5000 2808.4443   15.3498
   -7.5000  -22.5000   -7.5000 2846.5686   14.9979
    0.0000  -22.5000   -7.5000 2862.0645   14.9280
    7.5000  -22.5000   -7.5000 2820.9990   15.1660
   -7.5000  -15.0000   -7.5000 2841.2290   15.1679
    0.0000  -15.0000   -7.5000 2855.9661   15.0711
    7.5000  -15.0000   -7.5000 2816.1855   15.3658
   -7.5000   -7.5000   -7.5000 2813.2832   15.6830
    0.0000   -7.5000   -7.5000 2831.5593   15.6026
    7.5000   -7.5000   -7.5000 2790.3179   15.8662
   -7.5000    0.0000   -7.5000 2747.0188   16.4633
    0.0000    0.0000   -7.5000 2762.1912   16.3517
    7.5000    0.0000   -7.5000 2720.8682   16.6664
   -7.5000    7.5000   -7.5000 2655.4158   17.4545
    0.0000    7.5000   -7.5000 2665.3401   17.3439
    7.5000    7.5000   -7.5000 2628.6240   17.6513
   -7.5000   15.0000   -7.5000 2540.6997   18.8002
    0.0000   15.0000   -7.5000 2547.5596   18.7163
    7.5000   15.0000   -7.5000 2515.6919   19.0522
   -7.5000   22.5000   -7.5000 2412.8667   20.7114
    0.0000   22.5000   -7.5000 2417.1138   20.6313
    7.5000   22.5000   -7.5000 2387.4600   20.9766
   -7.5000   30.0000   -7.5000 2270.1960   23.2547
    0.0000   30.0000   -7.5000 2277.0234   23.1503
    7.5000   30.0000   -7.5000 2246.1167   23.5203
   -7.5000   37.5000   -7.5000 2114.8594   26.6406
    0.0000   37.5000   -7.5000 2119.3818   26.5865
    7.5000   37.5000   -7.5000 2089.6592   26.9666
   -7.5000   45.0000   -7.5000 1953.3403   31.1866
    0.0000   45.0000   -7.5000 1956.6240   31.1007
    7.5000   45.0000   -7.5000 1926.3402   31.5755
   -7.5000  -45.0000    0.0000 2744.6882   16.0779
    0.0000  -45.0000    0.0000 2761.2656   16.0221
    7.5000  -45.0000    0.0000 2730.6980   16.2231
   -7.5000  -37.5000    0.0000 2828.5496   15.1490
    0.0000  -37.5000    0.0000 2844.7581   15.0994
    7.5000  -37.5000    0.0000 2812.2151   15.3090
   -7.5000  -30.0000    0.0000 2879.9941   14.5876
    0.0000  -30.0000    0.0000 2898.2693   14.5361
    7.5000  -30.0000    0.0000 2862.8699   14.7551
   -7.5000  -22.5000    0.0000 2904.3562   14.3366
    0.0000  -22.5000    0.0000 2926.3159   14.2578
    7.5000  -22.5000    0.0000 2878.6699   14.5392
   -7.5000  -15.0000    0.0000 2906.6125   14.4957
    0.0000  -15.0000    0.0000 2924.7117   14.4057
    7.5000  -15.0000    0.0000 2878.1138   14.6969
   -7.5000   -7.5000    0.0000 2882.5637   15.0231
    0.0000   -7.5000    0.0000 2903.7493   14.9454
    7.5000   -7.5000    0.0000 2852.2168   15.2334
   -7.5000    0.0000    0.0000 2817.1201   15.7745
    0.0000    0.0000    0.0000 2833.3801   15.6516
    7.5000    0.0000    0.0000 2786.8320   15.9530
   -7.5000    7.5000    0.0000 2720.6497   16.7619
    0.0000    7.5000    0.0000 2733.2354   16.6685
    7.5000    7.5000    0.0000 2689.9890   16.9733
   -7.5000   15.0000    0.0000 2600.5527   18.0699
    0.0000   15.0000    0.0000 2608.9438   17.9714
    7.5000   15.0000    0.0000 2573.0835   18.3452
   -7.5000   22.5000    0.0000 2466.9539   19.9284
    0.0000   22.5000    0.0000 2478.2524   19.8289
    7.5000   22.5000    0.0000 2441.7349   20.2298
   -7.5000   30.0000    0.0000 2320.3740   22.3516
    0.0000   30.0000    0.0000 2328.8442   22.2590
    7.5000   30.0000    0.0000 2294.9617   22.6337
   -7.5000   37.5000    0.0000 2157.2390   25.4947
    0.0000   37.5000    0.0000 2163.3044   25.4743
    7.5000   37.5000    0.0000 2131.8577   25.8477
   -7.5000   45.0000    0.0000 1987.1315   29.6673
    0.0000   45.0000    0.0000 1993.6903   29.6161
    7.5000   45.0000    0.0000 1963.2709   30.0658
   -7.5000  -45.0000    7.5000 2748.0754   15.8098
    0.0000  -45.0000    7.5000 2767.5771   15.7433
    7.5000  -45.0000    7.5000 2739.8972   15.9682
   -7.5000  -37.5000    7.5000 2840.3833   14.8487
    0.0000  -37.5000    7.5000 2858.5889   14.7684
    7.5000  -37.5000    7.5000 2831.2644   15.0079
   -7.5000  -30.0000    7.5000 2904.4255   14.2913
    0.0000  -30.0000    7.5000 2924.4565   14.2344
    7.5000  -30.0000    7.5000 2893.9365   14.4401
   -7.5000  -22.5000    7.5000 2948.7368   14.0845
    0.0000  -22.5000    7.5000 2971.2783   14.0281
    7.5000  -22.5000    7.5000 2927.7195   14.2442
   -7.5000  -15.0000    7.5000 2958.4736   14.1561
    0.0000  -15.0000    7.5000 2978.2063   14.0927
    7.5000  -15.0000    7.5000 2924.9470   14.3536
   -7.5000   -7.5000    7.5000 2929.9971   14.6301
    0.0000   -7.5000    7.5000 2941.8840   14.5659
    7.5000   -7.5000    7.5000 2887.7080   14.7977
   -7.5000    0.0000    7.5000 2860.5828   15.3582
    0.0000    0.0000    7.5000 2871.1262   15.2670
    7.5000    0.0000    7.5000 2822.8892   15.5163
   -7.5000    7.5000    7.5000 2762.5259   16.3299
    0.0000    7.5000    7.5000 2771.8574   16.2498
    7.5000    7.5000    7.5000 2731.3464   16.5202
   -7.5000   15.0000    7.5000 2641.1399   17.6193
    0.0000   15.0000    7.5000 2647.2166   17.5254
    7.5000   15.0000    7.5000 2611.8350   17.8455
   -7.5000   22.5000    7.5000 2503.4316   19.4099
    0.0000   22.5000    7.5000 2510.8984   19.3274
    7.5000   22.5000    7.5000 2477.1162   19.6565
   -7.5000   30.0000    7.5000 2353.3982   21.7679
    0.0000   30.0000    7.5000 2361.1145   21.7157
    7.5000   30.0000    7.5000 2329.6177   22.0236
   -7.5000   37.5000    7.5000 2187.4714   24.8453
    0.0000   37.5000    7.5000 2190.8066   24.8131
    7.5000   37.5000    7.5000 2163.7583   25.1494
   -7.5000   45.0000    7.5000 2012.9651   28.8782
    0.0000   45.0000    7.5000 2012.5284   28.7730
    7.5000   45.0000    7.5000 1985.6633   29.2065
   -7.5000  -45.0000   15.0000 2732.7634   15.7575
    0.0000  -45.0000   15.0000 2746.5330   15.6733
    7.5000  -45.0000   15.0000 2723.2568   15.9139
   -7.5000  -37.5000   15.0000 2825.4084   14.7920
    0.0000  -37.5000   15.0000 2842.2529   14.7351
    7.5000  -37.5000   15.0000 2812.0312   14.9413
   -7.5000  -30.0000   15.0000 2907.3574   14.2522
    0.0000  -30.0000   15.0000 2926.5923   14.2102
    7.5000  -30.0000   15.0000 2890.1653   14.3468
   -7.5000  -22.5000   15.0000 2964.9404   14.0844
    0.0000  -22.5000   15.0000 2985.5381   14.0719
    7.5000  -22.5000   15.0000 2935.9534   14.1366
   -7.5000  -15.0000   15.0000 2981.3677   14.1027
    0.0000  -15.0000   15.0000 3002.2180   14.0852
    7.5000  -15.0000   15.0000 2941.9116   14.1978
   -7.5000   -7.5000   15.0000 2947.3540   14.3913
    0.0000   -7.5000   15.0000 2958.1060   14.3536
    7.5000   -7.5000   15.0000 2904.6609   14.5349
   -7.5000    0.0000   15.0000 2876.1248   15.0310
    0.0000    0.0000   15.0000 2878.3530   14.9748
    7.5000    0.0000   15.0000 2832.9714   15.2416
   -7.5000    7.5000   15.0000 2784.7776   16.0473
    0.0000    7.5000   15.0000 2786.2073   15.9636
    7.5000    7.5000   15.0000 2743.6172   16.2809
   -7.5000   15.0000   15.0000 2657.7708   17.4172
    0.0000   15.0000   15.0000 2659.6760   17.3167
    7.5000   15.0000   15.0000 2627.1533   17.6393
   -7.5000   22.5000   15.0000 2515.5872   19.1879
    0.0000   22.5000   15.0000 2517.9539   19.1004
    7.5000   22.5000   15.0000 2487.1238   19.4155
   -7.5000   30.0000   15.0000 2363.4392   21.4813
    0.0000   30.0000   15.0000 2365.9138   21.4455
    7.5000   30.0000   15.0000 2335.2463   21.7816
   -7.5000   37.5000   15.0000 2194.1284   24.4474
    0.0000   37.5000   15.0000 2199.7976   24.4584
    7.5000   37.5000   15.0000 2169.4578   24.7816
   -7.5000   45.0000   15.0000 2017.1228   28.2811
    0.0000   45.0000   15.0000 2020.7518   28.2773
    7.5000   45.0000   15.0000 1991.4390   28.6385
   -7.5000  -45.0000   22.5000 2700.2786   16.0516
    0.0000  -45.0000   22.5000 2706.0554   15.9796
    7.5000  -45.0000   22.5000 2683.8384   16.2131
   -7.5000  -37.5000   22.5000 2800.7993   15.0040
    0.0000  -37.5000   22.5000 2806.2874   14.9609
    7.5000  -37.5000   22.5000 2782.0298   15.1727
   -7.5000  -30.0000   22.5000 2892.2822   14.3794
    0.0000  -30.0000   22.5000 2904.3296   14.3376
    7.5000  -30.0000   22.5000 2867.4919   14.5061
   -7.5000  -22.5000   22.5000 2956.8577   14.1422
    0.0000  -22.5000   22.5000 2972.7285   14.1272
    7.5000  -22.5000   22.5000 2922.7002   14.2143
   -7.5000  -15.0000   22.5000 2974.8799   14.0566
    0.0000  -15.0000   22.5000 2993.1177   14.0464
    7.5000  -15.0000   22.5000 2931.7178   14.2126
   -7.5000   -7.5000   22.5000 2941.6602   14.3666
    0.0000   -7.5000   22.5000 2951.8767   14.3242
    7.5000   -7.5000   22.5000 2897.1292   14.5918
   -7.5000    0.0000   22.5000 2871.9805   15.0802
    0.0000    0.0000   22.5000 2869.8115   15.0279
    7.5000    0.0000   22.5000 2825.0239   15.3534
   -7.5000    7.5000   22.5000 2782.0815   16.1395
    0.0000    7.5000   22.5000 2775.2998   16.0550
    7.5000    7.5000   22.5000 2733.8333   16.3720
   -7.5000   15.0000   22.5000 2648.3098   17.4883
    0.0000   15.0000   22.5000 2649.5100   17.3799
    7.5000   15.0000   22.5000 2613.5754   17.6927
   -7.5000   22.5000   22.5000 2504.5740   19.1927
    0.0000   22.5000   22.5000 2507.5090   19.0837
    7.5000   22.5000   22.5000 2479.0410   19.3929
   -7.5000   30.0000   22.5000 2357.0505   21.4048
    0.0000   30.0000   22.5000 2359.0903   21.3275
    7.5000   30.0000   22.5000 2329.6191   21.6338
   -7.5000   37.5000   22.5000 2189.9475   24.2983
    0.0000   37.5000   22.5000 2192.4055   24.2351
    7.5000   37.5000   22.5000 2165.9089   24.5787
   -7.5000   45.0000   22.5000 2009.0482   27.9331
    0.0000   45.0000   22.5000 2014.3236   27.9231
    7.5000   45.0000   22.5000 1984.5758   28.3212
   -7.5000  -45.0000   30.0000 2653.1257   16.5754
    0.0000  -45.0000   30.0000 2656.8550   16.4953
    7.5000  -45.0000   30.0000 2632.8274   16.8020
   -7.5000  -37.5000   30.0000 2759.5798   15.4659
    0.0000  -37.5000   30.0000 2761.1150   15.4123
    7.5000  -37.5000   30.0000 2731.6724   15.6992
   -7.5000  -30.0000   30.0000 2852.8867   14.7988
    0.0000  -30.0000   30.0000 2859.9424   14.7322
    7.5000  -30.0000   30.0000 2819.4836   14.9831
   -7.5000  -22.5000   30.0000 2915.1792   14.4863
    0.0000  -22.5000   30.0000 2927.1592   14.4481
    7.5000  -22.5000   30.0000 2877.3291   14.6312
   -7.5000  -15.0000   30.0000 2936.2708   14.3337
    0.0000  -15.0000   30.0000 2950.9619   14.2815
    7.5000  -15.0000   30.0000 2893.7656   14.5823
   -7.5000   -7.5000   30.0000 2915.9233   14.6553
    0.0000   -7.5000   30.0000 2921.4719   14.5492
    7.5000   -7.5000   30.0000 2866.3789   14.9267
   -7.5000    0.0000   30.0000 2841.6462   15.4520
    0.0000    0.0000   30.0000 2844.6567   15.3437
    7.5000    0.0000   30.0000 2797.7468   15.6966
   -7.5000    7.5000   30.0000 2741.6794   16.4898
    0.0000    7.5000   30.0000 2739.6211   16.3901
    7.5000    7.5000   30.0000 2703.9070   16.7609
   -7.5000   15.0000   30.0000 2615.2346   17.8320
    0.0000   15.0000   30.0000 2614.8242   17.7277
    7.5000   15.0000   30.0000 2579.6982   18.0752
   -7.5000   22.5000   30.0000 2476.5557   19.4821
    0.0000   22.5000   30.0000 2476.4990   19.4073
    7.5000   22.5000   30.0000 2447.0325   19.7351
   -7.5000   30.0000   30.0000 2331.3567   21.5961
    0.0000   30.0000   30.0000 2335.5662   21.5246
    7.5000   30.0000   30.0000 2306.5347   21.8285
   -7.5000   37.5000   30.0000 2164.8567   24.4040
    0.0000   37.5000   30.0000 2170.0164   24.3453
    7.5000   37.5000   30.0000 2143.3499   24.6357
   -7.5000   45.0000   30.0000 1983.3402   27.9915
    0.0000   45.0000   30.0000 1990.7032   27.9326
    7.5000   45.0000   30.0000 1964.5615   28.2829
   -7.5000  -45.0000   37.5000 2597.0977   17.2846
    0.0000  -45.0000   37.5000 2601.3115   17.2061
    7.5000  -45.0000   37.5000 2575.7896   17.5886
   -7.5000  -37.5000   37.5000 2702.0244   16.1518
    0.0000  -37.5000   37.5000 2703.6294   16.1017
    7.5000  -37.5000   37.5000 2675.5842   16.4530
   -7.5000  -30.0000   37.5000 2791.7197   15.4713
    0.0000  -30.0000   37.5000 2795.6611   15.4294
    7.5000  -30.0000   37.5000 2762.1257   15.7091
   -7.5000  -22.5000   37.5000 2854.3806   15.0791
    0.0000  -22.5000   37.5000 2860.6345   15.0559
    7.5000  -22.5000   37.5000 2815.7402   15.3018
   -7.5000  -15.0000   37.5000 2873.4153   14.9599
    0.0000  -15.0000   37.5000 2880.7759   14.9067
    7.5000  -15.0000   37.5000 2830.8608   15.2748
   -7.5000   -7.5000   37.5000 2845.7744   15.3240
    0.0000   -7.5000   37.5000 2856.3984   15.2260
    7.5000   -7.5000   37.5000 2807.1216   15.5951
   -7.5000    0.0000   37.5000 2780.5708   16.0829
    0.0000    0.0000   37.5000 2787.3367   15.9675
    7.5000    0.0000   37.5000 2745.2434   16.3248
   -7.5000    7.5000   37.5000 2685.8420   17.0913
    0.0000    7.5000   37.5000 2690.1282   16.9800
    7.5000    7.5000   37.5000 2656.5989   17.3531
   -7.5000   15.0000   37.5000 2569.2620   18.3904
    0.0000   15.0000   37.5000 2568.5405   18.3072
    7.5000   15.0000   37.5000 2541.1604   18.6594
   -7.5000   22.5000   37.5000 2432.4578   20.0471
    0.0000   22.5000   37.5000 2431.2773   19.9683
    7.5000   22.5000   37.5000 2408.5930   20.3320
   -7.5000   30.0000   37.5000 2290.1428   22.1921
    0.0000   30.0000   37.5000 2293.2729   22.1030
    7.5000   30.0000   37.5000 2267.0947   22.4351
   -7.5000   37.5000   37.5000 2124.9624   24.9129
    0.0000   37.5000   37.5000 2131.7461   24.8692
    7.5000   37.5000   37.5000 2110.4985   25.1640
   -7.5000   45.0000   37.5000 1950.5092   28.4177
    0.0000   45.0000   37.5000 1956.1564   28.4045
    7.5000   45.0000   37.5000 1933.4720   28.8068
   -7.5000  -45.0000   45.0000 2534.6938   18.2608
    0.0000  -45.0000   45.0000 2535.5771   18.1998
    7.5000  -45.0000   45.0000 2508.1748   18.6444
   -7.5000  -37.5000   45.0000 2635.1160   17.0713
    0.0000  -37.5000   45.0000 2638.7815   17.0363
    7.5000  -37.5000   45.0000 2609.4023   17.4535
   -7.5000  -30.0000   45.0000 2719.3701   16.3514
    0.0000  -30.0000   45.0000 2725.6416   16.3210
    7.5000  -30.0000   45.0000 2691.3735   16.6642
   -7.5000  -22.5000   45.0000 2773.2302   15.8787
    0.0000  -22.5000   45.0000 2779.6621   15.8441
    7.5000  -22.5000   45.0000 2737.7839   16.2254
   -7.5000  -15.0000   45.0000 2783.4646   15.7960
    0.0000  -15.0000   45.0000 2785.0168   15.7446
    7.5000  -15.0000   45.0000 2743.3965   16.1635
   -7.5000   -7.5000   45.0000 2755.2432   16.2226
    0.0000   -7.5000   45.0000 2763.0225   16.1233
    7.5000   -7.5000   45.0000 2722.1826   16.4848
   -7.5000    0.0000   45.0000 2697.5308   16.9510
    0.0000    0.0000   45.0000 2705.1831   16.8472
    7.5000    0.0000   45.0000 2668.8259   17.2061
   -7.5000    7.5000   45.0000 2609.1360   17.9265
    0.0000    7.5000   45.0000 2617.7598   17.8334
    7.5000    7.5000   45.0000 2588.6038   18.2132
   -7.5000   15.0000   45.0000 2508.0430   19.1875
    0.0000   15.0000   45.0000 2506.9480   19.1311
    7.5000   15.0000   45.0000 2481.5940   19.5164
   -7.5000   22.5000   45.0000 2384.2463   20.8914
    0.0000   22.5000   45.0000 2382.7583   20.8239
    7.5000   22.5000   45.0000 2361.6838   21.2091
   -7.5000   30.0000   45.0000 2236.3945   23.1086
    0.0000   30.0000   45.0000 2242.9426   23.0383
    7.5000   30.0000   45.0000 2220.7649   23.3910
   -7.5000   37.5000   45.0000 2071.6409   25.8034
    0.0000   37.5000   45.0000 2080.4041   25.7592
    7.5000   37.5000   45.0000 2057.0046   26.1354
   -7.5000   45.0000   45.0000 1908.7216   29.3180
    0.0000   45.0000   45.0000 1916.3301   29.2915
    7.5000   45.0000   45.0000 1896.3450   29.7525

---------------------------------------------------------------------
imgreg_4dfp /opt/freesurfer/average/711-2C_as_mni_average_305 /opt/freesurfer/average/711-2B_as_mni_average_305_mask talsrcimg_g11 none talsrcimg_to_711-2C_as_mni_average_305_t4 1283
---------------------------------------------------------------------

freesurfer imgreg_4dfp.c
/opt/freesurfer/average/711-2C_as_mni_average_305.4dfp.img
       256       256       256         1
  1.000000  1.000000  1.000000
orientation T byte_order littleendian
Reading image: /opt/freesurfer/average/711-2C_as_mni_average_305.4dfp.img
dimensions:      256       256       256
mmppix:       1.0000   -1.0000   -1.0000
center:     128.0000 -129.0000 -129.0000
/opt/freesurfer/average/711-2B_as_mni_average_305_mask.4dfp.img
       256       256       256         1
  1.000000  1.000000  1.000000
orientation T byte_order littleendian
Reading mask: /opt/freesurfer/average/711-2B_as_mni_average_305_mask.4dfp.img (2306576 pixels)
talsrcimg_g11.4dfp.img
       256       256       256         1
  1.000000  1.000000  1.000000
orientation T byte_order littleendian
Reading image: talsrcimg_g11.4dfp.img
dimensions:      256       256       256
mmppix:       1.0000   -1.0000   -1.0000
center:     128.0000 -129.0000 -129.0000
rotation matrix determinant  1.000000
fimgreg.f
image alignment mode   1283 decimal      503 hex
parameters
    0.0000  -15.0000   15.0000    0.0000    0.0000    0.0000
eta,q 0.94031 14.10944
niter,ni,del,rscale     5    3   12.0000    1.2000
parameter  3 -0.560677 -> -0.500000 qaram    1.1500
parameter  4 -5.918419 ->  0.500000 qaram    1.1500
parameters
   -1.5753  -17.0686   18.4500   -3.4500    0.5779    0.0676
eta,q 0.94982 13.94645
  0.0653  0.0613  0.0635  0.0475  0.0563  0.0554
  0.0613  0.0586  0.0599  0.0494  0.0540  0.0524
  0.0595  0.0580  0.0582  0.0529  0.0517  0.0507
  0.0597  0.0592  0.0580  0.0573  0.0502  0.0502
  0.0630  0.0619  0.0578  0.0614  0.0507  0.0509
  0.0696  0.0637  0.0574  0.0636  0.0523  0.0526
  0.0774  0.0667  0.0569  0.0654  0.0547  0.0549
niter,ni,del,rscale     6    3   12.0000    1.2000
parameter  4  1.007873 ->  0.500000 qaram    1.3225
parameters
   -1.5683  -15.8951   17.6057   -7.4175    0.9539    0.0753
eta,q 0.95396 13.86256
  0.0630  0.0644  0.0543  0.0464  0.0536  0.0503
  0.0577  0.0595  0.0521  0.0460  0.0505  0.0482
  0.0525  0.0534  0.0510  0.0470  0.0477  0.0468
  0.0502  0.0502  0.0496  0.0500  0.0461  0.0460
  0.0521  0.0497  0.0508  0.0551  0.0466  0.0461
  0.0569  0.0522  0.0538  0.0607  0.0492  0.0479
  0.0635  0.0575  0.0578  0.0637  0.0522  0.0507
niter,ni,del,rscale     6    3   12.0000    1.2000
parameters
   -2.0397  -15.0357   16.5476  -11.3380    1.7435   -0.9634
eta,q 0.95618 13.89970
  0.0572  0.0583  0.0508  0.0459  0.0513  0.0463
  0.0517  0.0519  0.0488  0.0445  0.0482  0.0445
  0.0472  0.0470  0.0467  0.0444  0.0458  0.0438
  0.0460  0.0459  0.0460  0.0460  0.0442  0.0440
  0.0490  0.0465  0.0483  0.0488  0.0442  0.0447
  0.0545  0.0483  0.0511  0.0535  0.0459  0.0463
  0.0609  0.0524  0.0547  0.0598  0.0487  0.0483
niter,ni,del,rscale     5    3   12.0000    1.2000
parameters
   -2.6966  -13.4714   15.7158  -15.1692    2.4987   -0.9532
eta,q 0.95857 13.97343
  0.0533  0.0536  0.0483  0.0446  0.0489  0.0450
  0.0485  0.0480  0.0476  0.0420  0.0460  0.0434
  0.0446  0.0450  0.0449  0.0418  0.0436  0.0420
  0.0438  0.0436  0.0431  0.0434  0.0416  0.0414
  0.0467  0.0431  0.0447  0.0471  0.0417  0.0423
  0.0518  0.0439  0.0481  0.0504  0.0436  0.0433
  0.0583  0.0464  0.0533  0.0538  0.0465  0.0450
niter,ni,del,rscale     4    3   12.0000    1.2000
parameter  4  0.508577 ->  0.500000 qaram    1.5209
parameters
   -3.1430  -10.8744   14.2713  -19.7319    4.0483   -1.4840
eta,q 0.96372 14.15031
  0.0523  0.0534  0.0439  0.0398  0.0460  0.0418
  0.0473  0.0490  0.0410  0.0371  0.0422  0.0389
  0.0426  0.0451  0.0393  0.0366  0.0390  0.0369
  0.0414  0.0413  0.0389  0.0391  0.0368  0.0363
  0.0445  0.0390  0.0406  0.0433  0.0363  0.0378
  0.0494  0.0399  0.0455  0.0493  0.0374  0.0405
  0.0559  0.0430  0.0526  0.0540  0.0402  0.0439
niter,ni,del,rscale     4    3   12.0000    1.2000
parameters
   -3.6925   -9.6683   12.6574  -19.9992    4.4462   -1.5115
eta,q 0.96525 14.14645
  0.0490  0.0526  0.0412  0.0488  0.0429  0.0413
  0.0422  0.0474  0.0366  0.0411  0.0393  0.0382
  0.0374  0.0407  0.0348  0.0362  0.0362  0.0360
  0.0363  0.0362  0.0356  0.0348  0.0348  0.0347
  0.0395  0.0361  0.0383  0.0374  0.0351  0.0356
  0.0461  0.0395  0.0434  0.0431  0.0373  0.0386
  0.0542  0.0446  0.0507  0.0497  0.0415  0.0413
niter,ni,del,rscale     3    3   12.0000    1.2000
parameters
   -3.7847   -9.6678   12.6161  -20.0583    4.5332   -1.5113
eta,q 0.96525 14.14611
  0.0505  0.0481  0.0458  0.0494  0.0422  0.0413
  0.0432  0.0419  0.0393  0.0415  0.0388  0.0382
  0.0372  0.0364  0.0357  0.0365  0.0358  0.0360
  0.0347  0.0348  0.0348  0.0348  0.0348  0.0347
  0.0370  0.0370  0.0361  0.0370  0.0354  0.0356
  0.0434  0.0418  0.0396  0.0425  0.0379  0.0385
  0.0519  0.0479  0.0458  0.0491  0.0423  0.0413
niter,ni,del,rscale     2    3   12.0000    1.2000
parameters
   -3.8149   -9.6610   12.5960  -20.0802    4.5595   -1.5093
eta,q 0.96525 14.14580
  0.0507  0.0481  0.0459  0.0495  0.0421  0.0413
  0.0434  0.0419  0.0394  0.0416  0.0387  0.0382
  0.0374  0.0364  0.0357  0.0365  0.0357  0.0360
  0.0347  0.0348  0.0348  0.0348  0.0348  0.0347
  0.0369  0.0370  0.0361  0.0370  0.0354  0.0355
  0.0431  0.0418  0.0396  0.0424  0.0380  0.0385
  0.0516  0.0479  0.0458  0.0490  0.0424  0.0413
registration optimization eta report
parameter search radius
    6.0000    6.0000    6.9000    9.1253    6.0000    6.0000
100000*second partial in parameter space
       45.       36.       23.       17.       21.       18.
  0.0507  0.0481  0.0459  0.0495  0.0421  0.0413
  0.0434  0.0419  0.0394  0.0416  0.0387  0.0382
  0.0374  0.0364  0.0357  0.0365  0.0357  0.0360
  0.0347  0.0348  0.0348  0.0348  0.0348  0.0347
  0.0369  0.0370  0.0361  0.0370  0.0354  0.0355
  0.0431  0.0418  0.0396  0.0424  0.0380  0.0385
  0.0516  0.0479  0.0458  0.0490  0.0424  0.0413
   -3.8149   -9.6610   12.5960  -20.0802    4.5595   -1.5093
eta,q 0.96525 14.14580

---------------------------------------------------------------------
imgreg_4dfp /opt/freesurfer/average/711-2C_as_mni_average_305 /opt/freesurfer/average/711-2B_as_mni_average_305_mask talsrcimg_g11 none talsrcimg_to_711-2C_as_mni_average_305_t4 3335
---------------------------------------------------------------------

freesurfer imgreg_4dfp.c
/opt/freesurfer/average/711-2C_as_mni_average_305.4dfp.img
       256       256       256         1
  1.000000  1.000000  1.000000
orientation T byte_order littleendian
Reading image: /opt/freesurfer/average/711-2C_as_mni_average_305.4dfp.img
dimensions:      256       256       256
mmppix:       1.0000   -1.0000   -1.0000
center:     128.0000 -129.0000 -129.0000
/opt/freesurfer/average/711-2B_as_mni_average_305_mask.4dfp.img
       256       256       256         1
  1.000000  1.000000  1.000000
orientation T byte_order littleendian
Reading mask: /opt/freesurfer/average/711-2B_as_mni_average_305_mask.4dfp.img (2306576 pixels)
talsrcimg_g11.4dfp.img
       256       256       256         1
  1.000000  1.000000  1.000000
orientation T byte_order littleendian
Reading image: talsrcimg_g11.4dfp.img
dimensions:      256       256       256
mmppix:       1.0000   -1.0000   -1.0000
center:     128.0000 -129.0000 -129.0000
fimgreg.f
image alignment mode   3335 decimal      D07 hex
parameters
   -3.8149   -9.6610   12.5960   -0.3511   -6.1832   -6.3759
    5.2022   -6.5593   -2.6256   34.5182    7.9495  -34.2248
eta,q 0.96430 14.15995
niter,ni,del,rscale     5    3    5.0000    1.2000
parameter  4  0.653985 ->  0.500000 qaram    1.1500
parameter  5  1.846145 ->  0.500000 qaram    1.1500
parameter  6  0.781446 ->  0.500000 qaram    1.1500
parameter 12 -0.723007 -> -0.500000 qaram    1.1500
parameters
   -3.8725   -9.7119   12.3225   -4.4911  -10.3232  -10.5159
    5.1703   -4.6321   -0.6888   31.9531    4.6013  -30.0848
eta,q 0.97075 13.19381
  0.0384  0.0376  0.0367  0.0347  0.0301  0.0305  0.0323  0.0345  0.0329  0.0310  0.0299  0.0320
  0.0370  0.0366  0.0361  0.0349  0.0314  0.0305  0.0313  0.0328  0.0318  0.0301  0.0298  0.0311
  0.0360  0.0360  0.0358  0.0351  0.0330  0.0310  0.0307  0.0314  0.0309  0.0298  0.0298  0.0303
  0.0357  0.0357  0.0357  0.0357  0.0350  0.0318  0.0306  0.0306  0.0303  0.0301  0.0298  0.0298
  0.0361  0.0359  0.0359  0.0370  0.0376  0.0324  0.0308  0.0303  0.0301  0.0312  0.0300  0.0294
  0.0371  0.0367  0.0364  0.0392  0.0406  0.0338  0.0314  0.0307  0.0304  0.0327  0.0303  0.0292
  0.0387  0.0378  0.0373  0.0421  0.0438  0.0363  0.0323  0.0319  0.0312  0.0347  0.0307  0.0294
niter,ni,del,rscale     7    3    5.0000    1.2000
parameter  4  0.750354 ->  0.500000 qaram    1.3225
parameter  5  0.973058 ->  0.500000 qaram    1.3225
parameters
   -3.9578  -10.0398   12.7270   -9.2521  -15.0842  -14.0875
    4.6910   -4.9396   -1.0803   31.7889    4.6893  -29.1301
eta,q 0.97453 12.29037
  0.0313  0.0307  0.0309  0.0284  0.0257  0.0266  0.0277  0.0288  0.0274  0.0279  0.0263  0.0278
  0.0301  0.0298  0.0301  0.0281  0.0258  0.0258  0.0264  0.0271  0.0263  0.0266  0.0259  0.0266
  0.0294  0.0293  0.0295  0.0285  0.0266  0.0255  0.0257  0.0258  0.0257  0.0258  0.0256  0.0259
  0.0292  0.0292  0.0292  0.0292  0.0281  0.0260  0.0255  0.0255  0.0255  0.0255  0.0255  0.0255
  0.0296  0.0296  0.0292  0.0298  0.0300  0.0273  0.0260  0.0261  0.0258  0.0258  0.0256  0.0256
  0.0303  0.0305  0.0295  0.0307  0.0324  0.0293  0.0269  0.0275  0.0266  0.0268  0.0259  0.0261
  0.0316  0.0318  0.0301  0.0325  0.0354  0.0309  0.0283  0.0294  0.0278  0.0282  0.0263  0.0269
niter,ni,del,rscale     7    3    5.0000    1.2000
parameters
   -3.8459  -10.1713   12.2858   -9.2442  -17.6406  -14.9045
    4.6329   -4.9313   -1.0037   32.4166    4.4973  -30.3541
eta,q 0.97493 12.12770
  0.0286  0.0275  0.0263  0.0285  0.0271  0.0274  0.0277  0.0287  0.0273  0.0277  0.0259  0.0264
  0.0270  0.0263  0.0257  0.0269  0.0259  0.0262  0.0263  0.0270  0.0262  0.0265  0.0255  0.0256
  0.0259  0.0256  0.0254  0.0257  0.0252  0.0254  0.0254  0.0256  0.0254  0.0256  0.0252  0.0252
  0.0255  0.0255  0.0254  0.0254  0.0254  0.0252  0.0252  0.0251  0.0252  0.0251  0.0251  0.0251
  0.0257  0.0259  0.0258  0.0262  0.0266  0.0255  0.0255  0.0256  0.0254  0.0252  0.0252  0.0256
  0.0266  0.0267  0.0264  0.0271  0.0285  0.0267  0.0264  0.0269  0.0261  0.0259  0.0255  0.0264
  0.0281  0.0279  0.0273  0.0282  0.0309  0.0288  0.0277  0.0288  0.0272  0.0271  0.0260  0.0273
niter,ni,del,rscale     6    3    5.0000    1.2000
parameters
   -3.8371  -10.1987   11.8238   -9.1999  -18.3356  -15.1619
    4.5618   -4.8760   -0.8596   32.8983    4.6347  -31.2529
eta,q 0.97500 12.09785
  0.0279  0.0273  0.0259  0.0283  0.0279  0.0277  0.0276  0.0287  0.0272  0.0275  0.0259  0.0264
  0.0265  0.0260  0.0253  0.0266  0.0265  0.0263  0.0262  0.0269  0.0261  0.0263  0.0254  0.0256
  0.0255  0.0253  0.0250  0.0254  0.0254  0.0254  0.0253  0.0256  0.0253  0.0254  0.0251  0.0251
  0.0251  0.0251  0.0251  0.0250  0.0250  0.0250  0.0250  0.0250  0.0250  0.0250  0.0250  0.0250
  0.0254  0.0254  0.0254  0.0258  0.0256  0.0253  0.0254  0.0255  0.0253  0.0252  0.0251  0.0254
  0.0264  0.0262  0.0260  0.0268  0.0270  0.0263  0.0263  0.0268  0.0260  0.0258  0.0254  0.0262
  0.0280  0.0273  0.0269  0.0279  0.0291  0.0283  0.0276  0.0286  0.0270  0.0270  0.0258  0.0271
niter,ni,del,rscale     5    3    5.0000    1.2000
parameters
   -3.8327  -10.1665   11.5253   -9.2269  -18.7643  -15.3394
    4.5212   -4.8619   -0.7802   33.3113    4.8560  -31.7986
eta,q 0.97503 12.07932
  0.0278  0.0273  0.0260  0.0282  0.0280  0.0277  0.0275  0.0286  0.0271  0.0274  0.0259  0.0266
  0.0264  0.0260  0.0254  0.0265  0.0266  0.0263  0.0262  0.0268  0.0260  0.0262  0.0254  0.0256
  0.0254  0.0252  0.0250  0.0253  0.0255  0.0254  0.0253  0.0255  0.0252  0.0254  0.0251  0.0251
  0.0250  0.0250  0.0250  0.0250  0.0250  0.0250  0.0250  0.0250  0.0250  0.0250  0.0250  0.0250
  0.0253  0.0253  0.0253  0.0258  0.0254  0.0252  0.0254  0.0254  0.0253  0.0251  0.0251  0.0253
  0.0263  0.0260  0.0258  0.0268  0.0268  0.0262  0.0263  0.0267  0.0259  0.0257  0.0253  0.0260
  0.0279  0.0271  0.0266  0.0280  0.0288  0.0282  0.0275  0.0286  0.0270  0.0270  0.0258  0.0270
niter,ni,del,rscale     4    3    5.0000    1.2000
parameters
   -3.8283  -10.1157   11.3197   -9.2463  -19.0777  -15.5056
    4.5063   -4.8587   -0.7518   33.6226    5.0003  -32.1293
eta,q 0.97504 12.06398
  0.0278  0.0273  0.0261  0.0282  0.0280  0.0277  0.0275  0.0285  0.0270  0.0273  0.0259  0.0267
  0.0263  0.0260  0.0254  0.0265  0.0266  0.0263  0.0262  0.0268  0.0259  0.0261  0.0254  0.0257
  0.0254  0.0252  0.0250  0.0253  0.0255  0.0254  0.0253  0.0255  0.0252  0.0253  0.0251  0.0251
  0.0250  0.0250  0.0250  0.0250  0.0250  0.0250  0.0250  0.0250  0.0250  0.0250  0.0250  0.0250
  0.0253  0.0252  0.0252  0.0257  0.0253  0.0252  0.0253  0.0254  0.0252  0.0251  0.0250  0.0253
  0.0263  0.0259  0.0257  0.0268  0.0267  0.0262  0.0262  0.0267  0.0259  0.0257  0.0253  0.0260
  0.0278  0.0270  0.0265  0.0279  0.0287  0.0282  0.0275  0.0286  0.0270  0.0270  0.0258  0.0269
niter,ni,del,rscale     3    3    5.0000    1.2000
parameters
   -3.8243  -10.0613   11.1748   -9.2709  -19.3069  -15.6538
    4.4984   -4.8547   -0.7466   33.8733    5.0732  -32.3369
eta,q 0.97504 12.05128
  0.0278  0.0272  0.0262  0.0282  0.0280  0.0277  0.0275  0.0285  0.0270  0.0273  0.0259  0.0267
  0.0263  0.0259  0.0254  0.0265  0.0266  0.0263  0.0261  0.0268  0.0259  0.0261  0.0254  0.0257
  0.0253  0.0252  0.0250  0.0253  0.0255  0.0254  0.0252  0.0254  0.0252  0.0253  0.0251  0.0251
  0.0250  0.0250  0.0250  0.0250  0.0250  0.0250  0.0250  0.0250  0.0250  0.0250  0.0250  0.0250
  0.0252  0.0252  0.0252  0.0257  0.0253  0.0252  0.0253  0.0254  0.0252  0.0251  0.0251  0.0252
  0.0262  0.0259  0.0257  0.0268  0.0266  0.0262  0.0262  0.0267  0.0259  0.0258  0.0254  0.0259
  0.0278  0.0269  0.0264  0.0279  0.0286  0.0282  0.0275  0.0285  0.0270  0.0271  0.0258  0.0268
niter,ni,del,rscale     2    3    5.0000    1.2000
parameters
   -3.8201  -10.0109   11.0653   -9.2868  -19.4797  -15.7908
    4.4922   -4.8470   -0.7477   34.0655    5.1127  -32.4652
eta,q 0.97503 12.04059
  0.0278  0.0272  0.0262  0.0282  0.0281  0.0277  0.0275  0.0285  0.0270  0.0272  0.0259  0.0268
  0.0263  0.0259  0.0255  0.0266  0.0266  0.0264  0.0261  0.0267  0.0259  0.0261  0.0254  0.0258
  0.0253  0.0252  0.0251  0.0253  0.0255  0.0254  0.0252  0.0254  0.0252  0.0253  0.0251  0.0252
  0.0250  0.0250  0.0250  0.0250  0.0250  0.0250  0.0250  0.0250  0.0250  0.0250  0.0250  0.0250
  0.0252  0.0252  0.0252  0.0257  0.0253  0.0252  0.0253  0.0254  0.0252  0.0251  0.0251  0.0252
  0.0262  0.0259  0.0257  0.0268  0.0265  0.0262  0.0262  0.0267  0.0259  0.0258  0.0254  0.0259
  0.0278  0.0269  0.0264  0.0280  0.0286  0.0282  0.0275  0.0285  0.0270  0.0271  0.0258  0.0268
niter,ni,del,rscale     1    3    5.0000    1.2000
parameters
   -3.8159   -9.9656   10.9805   -9.3008  -19.6158  -15.9106
    4.4858   -4.8374   -0.7514   34.2309    5.1406  -32.5572
eta,q 0.97503 12.03184
  0.0278  0.0271  0.0262  0.0282  0.0281  0.0277  0.0275  0.0285  0.0270  0.0272  0.0259  0.0268
  0.0263  0.0259  0.0255  0.0266  0.0266  0.0264  0.0261  0.0267  0.0259  0.0261  0.0254  0.0258
  0.0253  0.0252  0.0251  0.0253  0.0255  0.0254  0.0252  0.0254  0.0252  0.0253  0.0251  0.0252
  0.0250  0.0250  0.0250  0.0250  0.0250  0.0250  0.0250  0.0250  0.0250  0.0250  0.0250  0.0250
  0.0253  0.0252  0.0252  0.0257  0.0253  0.0252  0.0253  0.0254  0.0253  0.0251  0.0251  0.0252
  0.0262  0.0259  0.0257  0.0268  0.0265  0.0262  0.0262  0.0267  0.0259  0.0258  0.0254  0.0259
  0.0278  0.0269  0.0264  0.0280  0.0285  0.0281  0.0275  0.0285  0.0270  0.0271  0.0259  0.0268
registration optimization eta report
parameter search radius
    2.4000    2.4000    2.4000    9.5220    9.5220    8.2800
    7.2000    7.2000    7.2000    7.2000    7.2000    8.2800
100000*second partial in parameter space
       49.       36.       23.        3.        4.        4.
        5.        7.        4.        4.        2.        3.
  0.0278  0.0271  0.0262  0.0282  0.0281  0.0277  0.0275  0.0285  0.0270  0.0272  0.0259  0.0268
  0.0263  0.0259  0.0255  0.0266  0.0266  0.0264  0.0261  0.0267  0.0259  0.0261  0.0254  0.0258
  0.0253  0.0252  0.0251  0.0253  0.0255  0.0254  0.0252  0.0254  0.0252  0.0253  0.0251  0.0252
  0.0250  0.0250  0.0250  0.0250  0.0250  0.0250  0.0250  0.0250  0.0250  0.0250  0.0250  0.0250
  0.0253  0.0252  0.0252  0.0257  0.0253  0.0252  0.0253  0.0254  0.0253  0.0251  0.0251  0.0252
  0.0262  0.0259  0.0257  0.0268  0.0265  0.0262  0.0262  0.0267  0.0259  0.0258  0.0254  0.0259
  0.0278  0.0269  0.0264  0.0280  0.0285  0.0281  0.0275  0.0285  0.0270  0.0271  0.0259  0.0268
   -3.8159   -9.9656   10.9805   -9.3008  -19.6158  -15.9106
    4.4858   -4.8374   -0.7514   34.2309    5.1406  -32.5572
eta,q 0.97503 12.03184

---------------------------------------------------------------------
imgreg_4dfp /opt/freesurfer/average/711-2C_as_mni_average_305 /opt/freesurfer/average/711-2B_as_mni_average_305_mask talsrcimg_g11 none talsrcimg_to_711-2C_as_mni_average_305_t4 2311
---------------------------------------------------------------------

freesurfer imgreg_4dfp.c
/opt/freesurfer/average/711-2C_as_mni_average_305.4dfp.img
       256       256       256         1
  1.000000  1.000000  1.000000
orientation T byte_order littleendian
Reading image: /opt/freesurfer/average/711-2C_as_mni_average_305.4dfp.img
dimensions:      256       256       256
mmppix:       1.0000   -1.0000   -1.0000
center:     128.0000 -129.0000 -129.0000
/opt/freesurfer/average/711-2B_as_mni_average_305_mask.4dfp.img
       256       256       256         1
  1.000000  1.000000  1.000000
orientation T byte_order littleendian
Reading mask: /opt/freesurfer/average/711-2B_as_mni_average_305_mask.4dfp.img (2306576 pixels)
talsrcimg_g11.4dfp.img
       256       256       256         1
  1.000000  1.000000  1.000000
orientation T byte_order littleendian
Reading image: talsrcimg_g11.4dfp.img
dimensions:      256       256       256
mmppix:       1.0000   -1.0000   -1.0000
center:     128.0000 -129.0000 -129.0000
fimgreg.f
image alignment mode   2311 decimal      907 hex
parameters
   -3.8159   -9.9656   10.9805   -9.3008  -19.6158  -15.9106
    4.4858   -4.8374   -0.7514   34.2309    5.1406  -32.5572
eta,q 0.97503 12.03184
niter,ni,del,rscale     5    3    5.0000    0.8000
parameters
   -3.7810   -9.9724   10.8772   -9.8162  -19.1903  -15.4356
    4.3889   -4.7786   -0.8249   34.4399    5.2041  -32.9143
eta,q 0.97510 12.05172
  0.0263  0.0259  0.0255  0.0259  0.0260  0.0261  0.0261  0.0267  0.0258  0.0259  0.0253  0.0255
  0.0256  0.0254  0.0252  0.0253  0.0255  0.0255  0.0254  0.0257  0.0253  0.0254  0.0251  0.0252
  0.0252  0.0251  0.0250  0.0250  0.0251  0.0251  0.0250  0.0251  0.0250  0.0251  0.0250  0.0250
  0.0250  0.0250  0.0250  0.0250  0.0249  0.0249  0.0249  0.0249  0.0249  0.0249  0.0249  0.0249
  0.0251  0.0251  0.0251  0.0252  0.0250  0.0249  0.0251  0.0251  0.0250  0.0250  0.0249  0.0250
  0.0255  0.0254  0.0253  0.0257  0.0252  0.0252  0.0255  0.0257  0.0254  0.0253  0.0251  0.0253
  0.0262  0.0259  0.0256  0.0263  0.0258  0.0258  0.0262  0.0266  0.0259  0.0258  0.0253  0.0257
niter,ni,del,rscale     4    3    5.0000    0.7000
parameters
   -3.7516   -9.9648   10.9306   -9.9705  -19.2327  -15.1995
    4.3896   -4.7398   -0.8628   34.5173    5.1943  -32.9557
eta,q 0.97512 12.05233
  0.0259  0.0256  0.0254  0.0258  0.0256  0.0258  0.0258  0.0263  0.0256  0.0256  0.0252  0.0254
  0.0254  0.0252  0.0251  0.0253  0.0253  0.0253  0.0253  0.0255  0.0252  0.0252  0.0250  0.0252
  0.0250  0.0250  0.0250  0.0250  0.0250  0.0250  0.0250  0.0250  0.0250  0.0250  0.0249  0.0250
  0.0249  0.0249  0.0249  0.0249  0.0249  0.0249  0.0249  0.0249  0.0249  0.0249  0.0249  0.0249
  0.0250  0.0250  0.0249  0.0250  0.0250  0.0249  0.0250  0.0250  0.0250  0.0250  0.0249  0.0250
  0.0253  0.0252  0.0251  0.0254  0.0252  0.0252  0.0253  0.0255  0.0252  0.0252  0.0250  0.0252
  0.0259  0.0256  0.0253  0.0259  0.0257  0.0256  0.0258  0.0262  0.0256  0.0256  0.0252  0.0255
niter,ni,del,rscale     3    3    5.0000    0.6000
parameters
   -3.7394   -9.9639   10.9694  -10.0110  -19.2023  -15.0554
    4.3800   -4.7273   -0.8810   34.5257    5.1859  -32.9392
eta,q 0.97512 12.05779
  0.0256  0.0254  0.0253  0.0256  0.0255  0.0255  0.0256  0.0259  0.0254  0.0254  0.0251  0.0253
  0.0252  0.0251  0.0251  0.0252  0.0252  0.0252  0.0252  0.0253  0.0251  0.0251  0.0250  0.0251
  0.0250  0.0249  0.0249  0.0250  0.0250  0.0250  0.0250  0.0250  0.0249  0.0249  0.0249  0.0249
  0.0249  0.0249  0.0249  0.0249  0.0249  0.0249  0.0249  0.0249  0.0249  0.0249  0.0249  0.0249
  0.0250  0.0250  0.0249  0.0250  0.0249  0.0249  0.0250  0.0250  0.0249  0.0249  0.0249  0.0249
  0.0252  0.0251  0.0250  0.0252  0.0251  0.0251  0.0252  0.0253  0.0251  0.0251  0.0250  0.0251
  0.0256  0.0254  0.0252  0.0256  0.0255  0.0255  0.0256  0.0259  0.0254  0.0254  0.0251  0.0253
niter,ni,del,rscale     2    3    5.0000    0.5000
parameters
   -3.7314   -9.9741   11.0013  -10.0330  -19.1471  -14.9370
    4.3658   -4.7286   -0.8919   34.5121    5.1856  -32.9242
eta,q 0.97512 12.06429
  0.0254  0.0253  0.0252  0.0254  0.0253  0.0253  0.0254  0.0256  0.0253  0.0253  0.0251  0.0252
  0.0251  0.0250  0.0250  0.0251  0.0251  0.0251  0.0251  0.0252  0.0250  0.0250  0.0250  0.0250
  0.0249  0.0249  0.0249  0.0249  0.0249  0.0249  0.0249  0.0249  0.0249  0.0249  0.0249  0.0249
  0.0249  0.0249  0.0249  0.0249  0.0249  0.0249  0.0249  0.0249  0.0249  0.0249  0.0249  0.0249
  0.0249  0.0249  0.0249  0.0249  0.0249  0.0249  0.0249  0.0250  0.0249  0.0249  0.0249  0.0249
  0.0251  0.0251  0.0250  0.0251  0.0250  0.0250  0.0251  0.0252  0.0251  0.0250  0.0250  0.0250
  0.0254  0.0253  0.0251  0.0254  0.0253  0.0253  0.0254  0.0256  0.0253  0.0253  0.0251  0.0252
niter,ni,del,rscale     1    3    5.0000    0.4000
parameters
   -3.7268   -9.9850   11.0371  -10.0404  -19.0919  -14.8409
    4.3658   -4.7299   -0.9074   34.4729    5.1778  -32.8737
eta,q 0.97512 12.06945
  0.0252  0.0251  0.0251  0.0252  0.0252  0.0252  0.0252  0.0253  0.0251  0.0251  0.0250  0.0251
  0.0250  0.0250  0.0250  0.0250  0.0250  0.0250  0.0250  0.0251  0.0250  0.0250  0.0249  0.0250
  0.0249  0.0249  0.0249  0.0249  0.0249  0.0249  0.0249  0.0249  0.0249  0.0249  0.0249  0.0249
  0.0249  0.0249  0.0249  0.0249  0.0249  0.0249  0.0249  0.0249  0.0249  0.0249  0.0249  0.0249
  0.0249  0.0249  0.0249  0.0249  0.0249  0.0249  0.0249  0.0249  0.0249  0.0249  0.0249  0.0249
  0.0250  0.0250  0.0249  0.0250  0.0250  0.0250  0.0250  0.0251  0.0250  0.0250  0.0249  0.0250
  0.0252  0.0251  0.0250  0.0252  0.0251  0.0251  0.0252  0.0253  0.0251  0.0251  0.0250  0.0251
registration optimization eta report
parameter search radius
    0.8000    0.8000    0.8000    2.4000    2.4000    2.4000
    2.4000    2.4000    2.4000    2.4000    2.4000    2.4000
100000*second partial in parameter space
       53.       39.       26.        6.        5.        5.
        5.        8.        4.        4.        2.        4.
  0.0252  0.0251  0.0251  0.0252  0.0252  0.0252  0.0252  0.0253  0.0251  0.0251  0.0250  0.0251
  0.0250  0.0250  0.0250  0.0250  0.0250  0.0250  0.0250  0.0251  0.0250  0.0250  0.0249  0.0250
  0.0249  0.0249  0.0249  0.0249  0.0249  0.0249  0.0249  0.0249  0.0249  0.0249  0.0249  0.0249
  0.0249  0.0249  0.0249  0.0249  0.0249  0.0249  0.0249  0.0249  0.0249  0.0249  0.0249  0.0249
  0.0249  0.0249  0.0249  0.0249  0.0249  0.0249  0.0249  0.0249  0.0249  0.0249  0.0249  0.0249
  0.0250  0.0250  0.0249  0.0250  0.0250  0.0250  0.0250  0.0251  0.0250  0.0250  0.0249  0.0250
  0.0252  0.0251  0.0250  0.0252  0.0251  0.0251  0.0252  0.0253  0.0251  0.0251  0.0250  0.0251
   -3.7268   -9.9850   11.0371  -10.0404  -19.0919  -14.8409
    4.3658   -4.7299   -0.9074   34.4729    5.1778  -32.8737
eta,q 0.97512 12.06945

---------------------------------------------------------------------
imgreg_4dfp /opt/freesurfer/average/711-2C_as_mni_average_305 /opt/freesurfer/average/711-2B_as_mni_average_305_mask talsrcimg_g11 none talsrcimg_to_711-2C_as_mni_average_305_t4 2311
---------------------------------------------------------------------

freesurfer imgreg_4dfp.c
/opt/freesurfer/average/711-2C_as_mni_average_305.4dfp.img
       256       256       256         1
  1.000000  1.000000  1.000000
orientation T byte_order littleendian
Reading image: /opt/freesurfer/average/711-2C_as_mni_average_305.4dfp.img
dimensions:      256       256       256
mmppix:       1.0000   -1.0000   -1.0000
center:     128.0000 -129.0000 -129.0000
/opt/freesurfer/average/711-2B_as_mni_average_305_mask.4dfp.img
       256       256       256         1
  1.000000  1.000000  1.000000
orientation T byte_order littleendian
Reading mask: /opt/freesurfer/average/711-2B_as_mni_average_305_mask.4dfp.img (2306576 pixels)
talsrcimg_g11.4dfp.img
       256       256       256         1
  1.000000  1.000000  1.000000
orientation T byte_order littleendian
Reading image: talsrcimg_g11.4dfp.img
dimensions:      256       256       256
mmppix:       1.0000   -1.0000   -1.0000
center:     128.0000 -129.0000 -129.0000
fimgreg.f
image alignment mode   2311 decimal      907 hex
parameters
   -3.7268   -9.9850   11.0371  -10.0404  -19.0919  -14.8409
    4.3658   -4.7299   -0.9074   34.4729    5.1778  -32.8737
eta,q 0.97512 12.06946
niter,ni,del,rscale     5    3    5.0000    0.8000
parameters
   -3.7506   -9.9741   11.0987  -10.0082  -19.2111  -15.0326
    4.4406   -4.7396   -0.8693   34.3772    5.1985  -32.8056
eta,q 0.97512 12.05410
  0.0261  0.0259  0.0256  0.0261  0.0258  0.0258  0.0262  0.0266  0.0259  0.0258  0.0253  0.0256
  0.0255  0.0253  0.0252  0.0255  0.0253  0.0253  0.0254  0.0257  0.0253  0.0253  0.0251  0.0252
  0.0250  0.0250  0.0250  0.0250  0.0250  0.0250  0.0250  0.0251  0.0250  0.0250  0.0249  0.0250
  0.0249  0.0249  0.0249  0.0249  0.0249  0.0249  0.0249  0.0249  0.0249  0.0249  0.0249  0.0249
  0.0250  0.0250  0.0249  0.0250  0.0250  0.0250  0.0250  0.0251  0.0250  0.0250  0.0249  0.0250
  0.0255  0.0253  0.0252  0.0255  0.0254  0.0254  0.0254  0.0257  0.0253  0.0253  0.0251  0.0252
  0.0262  0.0258  0.0255  0.0260  0.0260  0.0261  0.0261  0.0267  0.0258  0.0259  0.0253  0.0256
niter,ni,del,rscale     4    3    5.0000    0.7000
parameters
   -3.7508   -9.9889   11.0597  -10.0047  -19.1327  -15.0114
    4.4212   -4.7427   -0.8765   34.3737    5.2173  -32.8316
eta,q 0.97512 12.05952
  0.0259  0.0256  0.0254  0.0258  0.0257  0.0257  0.0258  0.0263  0.0256  0.0256  0.0252  0.0254
  0.0253  0.0252  0.0251  0.0253  0.0253  0.0253  0.0253  0.0255  0.0252  0.0252  0.0250  0.0251
  0.0250  0.0249  0.0249  0.0250  0.0250  0.0250  0.0250  0.0250  0.0250  0.0250  0.0249  0.0249
  0.0249  0.0249  0.0249  0.0249  0.0249  0.0249  0.0249  0.0249  0.0249  0.0249  0.0249  0.0249
  0.0250  0.0250  0.0250  0.0250  0.0249  0.0249  0.0250  0.0250  0.0250  0.0250  0.0249  0.0250
  0.0253  0.0252  0.0251  0.0253  0.0252  0.0252  0.0253  0.0255  0.0252  0.0252  0.0250  0.0252
  0.0259  0.0256  0.0254  0.0258  0.0257  0.0257  0.0258  0.0263  0.0256  0.0256  0.0252  0.0255
niter,ni,del,rscale     3    3    5.0000    0.6000
parameters
   -3.7434   -9.9999   11.0544  -10.0225  -19.1006  -14.9396
    4.3978   -4.7404   -0.8899   34.3873    5.1897  -32.8444
eta,q 0.97512 12.06359
  0.0256  0.0254  0.0252  0.0256  0.0255  0.0255  0.0256  0.0259  0.0254  0.0254  0.0251  0.0253
  0.0252  0.0251  0.0250  0.0252  0.0252  0.0252  0.0252  0.0253  0.0251  0.0251  0.0250  0.0251
  0.0250  0.0249  0.0249  0.0250  0.0250  0.0250  0.0249  0.0250  0.0249  0.0249  0.0249  0.0249
  0.0249  0.0249  0.0249  0.0249  0.0249  0.0249  0.0249  0.0249  0.0249  0.0249  0.0249  0.0249
  0.0250  0.0249  0.0249  0.0250  0.0249  0.0249  0.0250  0.0250  0.0249  0.0249  0.0249  0.0249
  0.0252  0.0251  0.0251  0.0252  0.0251  0.0251  0.0252  0.0253  0.0251  0.0251  0.0250  0.0251
  0.0256  0.0254  0.0252  0.0256  0.0255  0.0255  0.0256  0.0259  0.0254  0.0254  0.0251  0.0253
niter,ni,del,rscale     2    3    5.0000    0.5000
parameters
   -3.7368  -10.0082   11.0632  -10.0322  -19.0718  -14.8547
    4.3812   -4.7384   -0.9105   34.3843    5.2095  -32.8385
eta,q 0.97512 12.06814
  0.0254  0.0253  0.0251  0.0254  0.0253  0.0253  0.0254  0.0256  0.0253  0.0253  0.0251  0.0252
  0.0251  0.0250  0.0250  0.0251  0.0251  0.0251  0.0251  0.0252  0.0250  0.0251  0.0250  0.0250
  0.0249  0.0249  0.0249  0.0249  0.0249  0.0249  0.0249  0.0250  0.0249  0.0249  0.0249  0.0249
  0.0249  0.0249  0.0249  0.0249  0.0249  0.0249  0.0249  0.0249  0.0249  0.0249  0.0249  0.0249
  0.0249  0.0249  0.0249  0.0249  0.0249  0.0249  0.0249  0.0250  0.0249  0.0249  0.0249  0.0249
  0.0251  0.0251  0.0250  0.0251  0.0251  0.0250  0.0251  0.0252  0.0251  0.0250  0.0250  0.0250
  0.0254  0.0253  0.0251  0.0254  0.0253  0.0253  0.0254  0.0256  0.0253  0.0253  0.0251  0.0252
niter,ni,del,rscale     1    3    5.0000    0.4000
parameters
   -3.7341  -10.0153   11.0770  -10.0426  -19.0291  -14.7883
    4.3793   -4.7443   -0.9207   34.3611    5.2201  -32.8317
eta,q 0.97513 12.07215
  0.0252  0.0251  0.0251  0.0252  0.0252  0.0251  0.0252  0.0253  0.0251  0.0251  0.0250  0.0251
  0.0250  0.0250  0.0250  0.0250  0.0250  0.0250  0.0250  0.0251  0.0250  0.0250  0.0249  0.0250
  0.0249  0.0249  0.0249  0.0249  0.0249  0.0249  0.0249  0.0249  0.0249  0.0249  0.0249  0.0249
  0.0249  0.0249  0.0249  0.0249  0.0249  0.0249  0.0249  0.0249  0.0249  0.0249  0.0249  0.0249
  0.0249  0.0249  0.0249  0.0249  0.0249  0.0249  0.0249  0.0249  0.0249  0.0249  0.0249  0.0249
  0.0250  0.0250  0.0250  0.0250  0.0250  0.0250  0.0250  0.0251  0.0250  0.0250  0.0249  0.0250
  0.0252  0.0251  0.0250  0.0252  0.0251  0.0251  0.0252  0.0253  0.0251  0.0251  0.0250  0.0251
registration optimization eta report
parameter search radius
    0.8000    0.8000    0.8000    2.4000    2.4000    2.4000
    2.4000    2.4000    2.4000    2.4000    2.4000    2.4000
100000*second partial in parameter space
       53.       38.       26.        6.        5.        5.
        6.        8.        4.        4.        2.        4.
  0.0252  0.0251  0.0251  0.0252  0.0252  0.0251  0.0252  0.0253  0.0251  0.0251  0.0250  0.0251
  0.0250  0.0250  0.0250  0.0250  0.0250  0.0250  0.0250  0.0251  0.0250  0.0250  0.0249  0.0250
  0.0249  0.0249  0.0249  0.0249  0.0249  0.0249  0.0249  0.0249  0.0249  0.0249  0.0249  0.0249
  0.0249  0.0249  0.0249  0.0249  0.0249  0.0249  0.0249  0.0249  0.0249  0.0249  0.0249  0.0249
  0.0249  0.0249  0.0249  0.0249  0.0249  0.0249  0.0249  0.0249  0.0249  0.0249  0.0249  0.0249
  0.0250  0.0250  0.0250  0.0250  0.0250  0.0250  0.0250  0.0251  0.0250  0.0250  0.0249  0.0250
  0.0252  0.0251  0.0250  0.0252  0.0251  0.0251  0.0252  0.0253  0.0251  0.0251  0.0250  0.0251
   -3.7341  -10.0153   11.0770  -10.0426  -19.0291  -14.7883
    4.3793   -4.7443   -0.9207   34.3611    5.2201  -32.8317
eta,q 0.97513 12.07215

---------------------------------------------------------------------
compute_vox2vox talsrcimg talsrcimg_to_711-2C_as_mni_average_305_t4 /opt/freesurfer/average/711-2C_as_mni_average_305
---------------------------------------------------------------------

freesurfer compute_vox2vox.c
Reading: talsrcimg.4dfp.ifh
Reading: talsrcimg_to_711-2C_as_mni_average_305_t4
Reading: /opt/freesurfer/average/711-2C_as_mni_average_305.4dfp.ifh
Writing: talsrcimg_to_711-2C_as_mni_average_305_t4_vox2vox.txt

start time Sun Mar 8 17:10:14 CET 2026
end		time Sun Mar 8 17:11:42 CET 2026

mpr2mni305 success

avi2talxfm orig_nu.mgz /opt/freesurfer/average/mni305.cor.mgz talsrcimg_to_711-2C_as_mni_average_305_t4_vox2vox.txt transforms/talairach.auto.xfm
avi2talxfm done
mv -f /out/sourcedata/freesurfer/sub-v1s14x0051556_ses-1/mri/talsrcimg_to_711-2C_as_mni_average_305_t4_vox2vox.txt /out/sourcedata/freesurfer/sub-v1s14x0051556_ses-1/mri/transforms/talsrcimg_to_711-2C_as_mni_average_305_t4_vox2vox.txt
lta_convert --src orig_nu.mgz --trg /opt/freesurfer/average/mni305.cor.mgz --inxfm transforms/talairach.auto.xfm --outlta transforms/talairach.auto.xfm.lta --subject fsaverage
7.3.2

--src: orig_nu.mgz src image (geometry).
--trg: /opt/freesurfer/average/mni305.cor.mgz trg image (geometry).
--inmni: transforms/talairach.auto.xfm input MNI/XFM transform.
--outlta: transforms/talairach.auto.xfm.lta output LTA.
--s: fsaverage subject name
 LTA read, type : 1
 1.10705   0.07373  -0.02998   4.82130;
-0.05412   1.00503   0.41044  -28.96871;
 0.03555  -0.42566   1.06050  -0.13489;
 0.00000   0.00000   0.00000   1.00000;
setting subject to fsaverage
Writing  LTA to file transforms/talairach.auto.xfm.lta...
lta_convert successful.
 
 
Started at Sun Mar 8 17:10:14 CET 2026
Ended   at Sun Mar  8 17:11:42 CET 2026
talairach_avi done
