/out/sourcedata/freesurfer/sub-v1s14x0051567_ses-1/mri
/opt/freesurfer/bin/talairach_avi
--i orig_nu.mgz --xfm transforms/talairach.auto.xfm
talairach_avi 7.3.2
Linux dna080 5.14.0-427.37.1.el9_4.x86_64 #1 SMP PREEMPT_DYNAMIC Fri Sep 13 12:41:50 EDT 2024 x86_64 x86_64 x86_64 GNU/Linux
Sun Mar  8 17:52:35 CET 2026
mri_convert orig_nu.mgz talsrcimg.img 
reading from orig_nu.mgz...
TR=0.00, TE=0.00, TI=0.00, flip angle=0.00
i_ras = (-1, -5.82077e-11, -9.31323e-10)
j_ras = (0, 7.45058e-09, -1)
k_ras = (1.74623e-09, 1, 0)
writing to talsrcimg.img...
Analyze Output Matrix
-1.00000   0.00000   0.00000   128.72398;
-0.00000   0.00000   1.00000  -108.31258;
-0.00000  -1.00000   0.00000   178.30116;
 0.00000   0.00000   0.00000   1.00000;
--------------------
INFO: set hdr.hist.orient to -1
mpr2mni305 talsrcimg
Sun Mar  8 17:52:35 CET 2026
/opt/freesurfer/bin/mpr2mni305 talsrcimg
mpr2mni305 7.3.2
target=711-2C_as_mni_average_305

---------------------------------------------------------------------
analyzeto4dfp talsrcimg -O0 -y
---------------------------------------------------------------------

freesurfer ifh2hdr.c
Sun Mar  8 17:52:35 2026
Writing: talsrcimg.4dfp.hdr
freesurfer analyzeto4dfp.c
Reading: talsrcimg.hdr
header size 348 bytes
hdr.dime.datatype	offset=70	value=2
hdr.dime.bitpix		offset=72	value=8
hdr.hist.orient		offset=252	value=-1
dimensionality     4
dimensions       256       256       256         1
Reading: talsrcimg.img
Writing: talsrcimg.4dfp.img
Writing: talsrcimg.4dfp.ifh
ifh2hdr talsrcimg -r0to244
ori=2

---------------------------------------------------------------------
gauss_4dfp talsrcimg 1.1
---------------------------------------------------------------------

freesurfer gauss_4dfp.c
Reading: talsrcimg.4dfp.img
Writing: talsrcimg_g11.4dfp.img
image dimensions 256 256 256 padded to 288 288 288
processing volume 1freesurfer ifh2hdr.c
Sun Mar  8 17:52:37 2026
Writing: talsrcimg_g11.4dfp.hdr

Writing: talsrcimg_g11.4dfp.ifh
including: talsrcimg.4dfp.img.rec in talsrcimg_g11.4dfp.img.rec

---------------------------------------------------------------------
imgreg_4dfp /opt/freesurfer/average/711-2C_as_mni_average_305 none talsrcimg_g11 none talsrcimg_to_711-2C_as_mni_average_305_t4 4355
---------------------------------------------------------------------

freesurfer imgreg_4dfp.c
/opt/freesurfer/average/711-2C_as_mni_average_305.4dfp.img
       256       256       256         1
  1.000000  1.000000  1.000000
orientation T byte_order littleendian
Reading image: /opt/freesurfer/average/711-2C_as_mni_average_305.4dfp.img
dimensions:      256       256       256
mmppix:       1.0000   -1.0000   -1.0000
center:     128.0000 -129.0000 -129.0000
talsrcimg_g11.4dfp.img
       256       256       256         1
  1.000000  1.000000  1.000000
orientation T byte_order littleendian
Reading image: talsrcimg_g11.4dfp.img
dimensions:      256       256       256
mmppix:       1.0000   -1.0000   -1.0000
center:     128.0000 -129.0000 -129.0000
t4_read: open error in t4_sub.f l:  41 t4_file(1:l)talsrcimg_to_711-2C_as_mni_average_305_t4 
t4_read: transform initialized to I4
rotation matrix determinant  1.000000
image alignment mode   4355 decimal     1103 hex
   -7.5000  -45.0000  -45.0000 9646.2236   15.6589
    0.0000  -45.0000  -45.0000 9987.4756   15.7030
    7.5000  -45.0000  -45.0000 9474.6465   15.7394
   -7.5000  -37.5000  -45.0000 9863.3672   15.6291
    0.0000  -37.5000  -45.000010204.6738   15.6813
    7.5000  -37.5000  -45.0000 9683.8154   15.7231
   -7.5000  -30.0000  -45.000010448.5273   15.5809
    0.0000  -30.0000  -45.000010820.4756   15.6364
    7.5000  -30.0000  -45.000010241.9424   15.6795
   -7.5000  -22.5000  -45.000011018.7344   15.5615
    0.0000  -22.5000  -45.000011415.8965   15.6119
    7.5000  -22.5000  -45.000010818.0225   15.6499
   -7.5000  -15.0000  -45.000011503.7695   15.5883
    0.0000  -15.0000  -45.000011928.4424   15.6306
    7.5000  -15.0000  -45.000011327.2725   15.6621
   -7.5000   -7.5000  -45.000011888.1543   15.6376
    0.0000   -7.5000  -45.000012332.2393   15.6769
    7.5000   -7.5000  -45.000011723.4590   15.7081
   -7.5000    0.0000  -45.000012175.2900   15.6589
    0.0000    0.0000  -45.000012618.6719   15.7030
    7.5000    0.0000  -45.000011981.8037   15.7394
   -7.5000    7.5000  -45.000011294.8877   15.6291
    0.0000    7.5000  -45.000011720.6484   15.6813
    7.5000    7.5000  -45.000011121.5684   15.7231
   -7.5000   15.0000  -45.000010286.1504   15.5809
    0.0000   15.0000  -45.000010676.8496   15.6364
    7.5000   15.0000  -45.000010129.5088   15.6795
   -7.5000   22.5000  -45.0000 9296.7480   15.5594
    0.0000   22.5000  -45.0000 9625.6035   15.6098
    7.5000   22.5000  -45.0000 9136.6455   15.6477
   -7.5000   30.0000  -45.0000 8339.3184   15.3806
    0.0000   30.0000  -45.0000 8621.4521   15.4223
    7.5000   30.0000  -45.0000 8197.1748   15.4534
   -7.5000   37.5000  -45.0000 7589.0601   15.4292
    0.0000   37.5000  -45.0000 7824.5024   15.4680
    7.5000   37.5000  -45.0000 7427.7393   15.4988
   -7.5000   45.0000  -45.0000 6607.7261   15.1390
    0.0000   45.0000  -45.0000 6824.7505   15.1817
    7.5000   45.0000  -45.0000 6483.3604   15.2167
   -7.5000  -45.0000  -37.500010238.1514   15.5827
    0.0000  -45.0000  -37.500010611.6855   15.6175
    7.5000  -45.0000  -37.500010047.6025   15.6513
   -7.5000  -37.5000  -37.500010475.7217   15.5548
    0.0000  -37.5000  -37.500010833.9092   15.5976
    7.5000  -37.5000  -37.500010265.0000   15.6383
   -7.5000  -30.0000  -37.500011087.7246   15.4994
    0.0000  -30.0000  -37.500011470.4697   15.5486
    7.5000  -30.0000  -37.500010835.7236   15.5932
   -7.5000  -22.5000  -37.500011637.8916   15.4716
    0.0000  -22.5000  -37.500012069.5586   15.5190
    7.5000  -22.5000  -37.500011411.9219   15.5598
   -7.5000  -15.0000  -37.500012120.3906   15.4960
    0.0000  -15.0000  -37.500012597.0645   15.5356
    7.5000  -15.0000  -37.500011929.9033   15.5688
   -7.5000   -7.5000  -37.500012546.8145   15.5517
    0.0000   -7.5000  -37.500013022.4297   15.5850
    7.5000   -7.5000  -37.500012341.1729   15.6154
   -7.5000    0.0000  -37.500012846.1660   15.5827
    0.0000    0.0000  -37.500013310.3711   15.6175
    7.5000    0.0000  -37.500012617.0068   15.6513
   -7.5000    7.5000  -37.500011898.3174   15.5548
    0.0000    7.5000  -37.500012338.2510   15.5976
    7.5000    7.5000  -37.500011695.9336   15.6383
   -7.5000   15.0000  -37.500010774.9922   15.4994
    0.0000   15.0000  -37.500011162.9219   15.5486
    7.5000   15.0000  -37.500010593.2783   15.5932
   -7.5000   22.5000  -37.5000 9723.1309   15.4695
    0.0000   22.5000  -37.500010070.2910   15.5169
    7.5000   22.5000  -37.5000 9567.3271   15.5576
   -7.5000   30.0000  -37.5000 8703.4639   15.2895
    0.0000   30.0000  -37.5000 9025.6260   15.3286
    7.5000   30.0000  -37.5000 8570.7363   15.3614
   -7.5000   37.5000  -37.5000 7924.9248   15.3444
    0.0000   37.5000  -37.5000 8172.8174   15.3773
    7.5000   37.5000  -37.5000 7761.2617   15.4073
   -7.5000   45.0000  -37.5000 6895.7363   15.0643
    0.0000   45.0000  -37.5000 7104.3301   15.0984
    7.5000   45.0000  -37.5000 6754.4844   15.1311
   -7.5000  -45.0000  -30.000010983.2119   16.2587
    0.0000  -45.0000  -30.000011382.0205   16.2933
    7.5000  -45.0000  -30.000010795.5283   16.3263
   -7.5000  -37.5000  -30.000011247.4033   16.2291
    0.0000  -37.5000  -30.000011650.2344   16.2711
    7.5000  -37.5000  -30.000011038.1562   16.3104
   -7.5000  -30.0000  -30.000011862.1592   16.1681
    0.0000  -30.0000  -30.000012305.2275   16.2174
    7.5000  -30.0000  -30.000011633.7705   16.2599
   -7.5000  -22.5000  -30.000012476.3154   16.1369
    0.0000  -22.5000  -30.000012936.5146   16.1855
    7.5000  -22.5000  -30.000012221.1377   16.2247
   -7.5000  -15.0000  -30.000013007.0234   16.1620
    0.0000  -15.0000  -30.000013512.8076   16.2037
    7.5000  -15.0000  -30.000012773.3672   16.2364
   -7.5000   -7.5000  -30.000013462.5146   16.2228
    0.0000   -7.5000  -30.000013977.9482   16.2578
    7.5000   -7.5000  -30.000013200.6670   16.2876
   -7.5000    0.0000  -30.000013735.0352   16.2587
    0.0000    0.0000  -30.000014261.7090   16.2933
    7.5000    0.0000  -30.000013494.8154   16.3263
   -7.5000    7.5000  -30.000012691.0078   16.2291
    0.0000    7.5000  -30.000013195.2510   16.2711
    7.5000    7.5000  -30.000012484.1475   16.3104
   -7.5000   15.0000  -30.000011481.4375   16.1681
    0.0000   15.0000  -30.000011908.6211   16.2174
    7.5000   15.0000  -30.000011306.5039   16.2599
   -7.5000   22.5000  -30.000010344.3555   16.1330
    0.0000   22.5000  -30.000010716.3838   16.1816
    7.5000   22.5000  -30.000010185.3545   16.2208
   -7.5000   30.0000  -30.0000 9224.0332   15.9481
    0.0000   30.0000  -30.0000 9568.6016   15.9893
    7.5000   30.0000  -30.0000 9088.3301   16.0216
   -7.5000   37.5000  -30.0000 8391.5615   16.0082
    0.0000   37.5000  -30.0000 8690.8555   16.0427
    7.5000   37.5000  -30.0000 8254.6191   16.0721
   -7.5000   45.0000  -30.0000 7302.1104   15.7288
    0.0000   45.0000  -30.0000 7550.4092   15.7629
    7.5000   45.0000  -30.0000 7173.9106   15.7953
   -7.5000  -45.0000  -22.500011719.7236   16.8210
    0.0000  -45.0000  -22.500012171.8682   16.8667
    7.5000  -45.0000  -22.500011553.9121   16.9015
   -7.5000  -37.5000  -22.500011962.3691   16.7899
    0.0000  -37.5000  -22.500012413.5674   16.8419
    7.5000  -37.5000  -22.500011763.9346   16.8796
   -7.5000  -30.0000  -22.500012657.4355   16.7336
    0.0000  -30.0000  -22.500013107.8301   16.7896
    7.5000  -30.0000  -22.500012387.0742   16.8265
   -7.5000  -22.5000  -22.500013320.7881   16.7076
    0.0000  -22.5000  -22.500013810.0674   16.7605
    7.5000  -22.5000  -22.500013030.7344   16.7935
   -7.5000  -15.0000  -22.500013938.8965   16.7336
    0.0000  -15.0000  -22.500014447.7012   16.7808
    7.5000  -15.0000  -22.500013650.6436   16.8105
   -7.5000   -7.5000  -22.500014374.5176   16.7906
    0.0000   -7.5000  -22.500014906.5615   16.8346
    7.5000   -7.5000  -22.500014087.8311   16.8653
   -7.5000    0.0000  -22.500014577.4619   16.8210
    0.0000    0.0000  -22.500015148.0830   16.8667
    7.5000    0.0000  -22.500014348.8604   16.9015
   -7.5000    7.5000  -22.500013454.1650   16.7899
    0.0000    7.5000  -22.500013997.6318   16.8419
    7.5000    7.5000  -22.500013284.9697   16.8796
   -7.5000   15.0000  -22.500012185.7168   16.7336
    0.0000   15.0000  -22.500012662.2598   16.7896
    7.5000   15.0000  -22.500012026.0752   16.8265
   -7.5000   22.5000  -22.500010984.4775   16.7025
    0.0000   22.5000  -22.500011408.3252   16.7553
    7.5000   22.5000  -22.500010842.9336   16.7884
   -7.5000   30.0000  -22.5000 9767.0068   16.5147
    0.0000   30.0000  -22.500010140.9092   16.5613
    7.5000   30.0000  -22.5000 9640.5166   16.5906
   -7.5000   37.5000  -22.5000 8888.9268   16.5710
    0.0000   37.5000  -22.5000 9219.6934   16.6145
    7.5000   37.5000  -22.5000 8748.0566   16.6448
   -7.5000   45.0000  -22.5000 7738.3086   16.2847
    0.0000   45.0000  -22.5000 8000.5752   16.3294
    7.5000   45.0000  -22.5000 7619.4258   16.3638
   -7.5000  -45.0000  -15.000012449.2275   17.2068
    0.0000  -45.0000  -15.000012949.7383   17.2639
    7.5000  -45.0000  -15.000012297.1631   17.3026
   -7.5000  -37.5000  -15.000012698.0225   17.1736
    0.0000  -37.5000  -15.000013207.9053   17.2365
    7.5000  -37.5000  -15.000012501.2598   17.2762
   -7.5000  -30.0000  -15.000013395.8779   17.1249
    0.0000  -30.0000  -15.000013888.9258   17.1884
    7.5000  -30.0000  -15.000013135.0908   17.2240
   -7.5000  -22.5000  -15.000014099.0391   17.1079
    0.0000  -22.5000  -15.000014619.6016   17.1649
    7.5000  -22.5000  -15.000013824.1191   17.1951
   -7.5000  -15.0000  -15.000014785.6191   17.1368
    0.0000  -15.0000  -15.000015350.7373   17.1881
    7.5000  -15.0000  -15.000014496.5791   17.2164
   -7.5000   -7.5000  -15.000015226.9111   17.1870
    0.0000   -7.5000  -15.000015819.8838   17.2390
    7.5000   -7.5000  -15.000014959.5361   17.2716
   -7.5000    0.0000  -15.000015409.5605   17.2068
    0.0000    0.0000  -15.000016026.0020   17.2639
    7.5000    0.0000  -15.000015169.4941   17.3026
   -7.5000    7.5000  -15.000014255.4053   17.1736
    0.0000    7.5000  -15.000014825.6836   17.2365
    7.5000    7.5000  -15.000014051.6973   17.2762
   -7.5000   15.0000  -15.000012926.5186   17.1249
    0.0000   15.0000  -15.000013443.5625   17.1884
    7.5000   15.0000  -15.000012731.9600   17.2240
   -7.5000   22.5000  -15.000011650.6113   17.1019
    0.0000   22.5000  -15.000012107.2373   17.1588
    7.5000   22.5000  -15.000011472.3857   17.1890
   -7.5000   30.0000  -15.000010346.4307   16.9150
    0.0000   30.0000  -15.000010753.3623   16.9656
    7.5000   30.0000  -15.000010189.6816   16.9936
   -7.5000   37.5000  -15.0000 9392.9102   16.9646
    0.0000   37.5000  -15.0000 9750.8770   17.0159
    7.5000   37.5000  -15.0000 9212.8857   17.0481
   -7.5000   45.0000  -15.0000 8174.4858   16.6685
    0.0000   45.0000  -15.0000 8466.7656   16.7238
    7.5000   45.0000  -15.0000 8021.5649   16.7619
   -7.5000  -45.0000   -7.500013185.0430   17.3847
    0.0000  -45.0000   -7.500013731.8301   17.4419
    7.5000  -45.0000   -7.500012999.9502   17.4830
   -7.5000  -37.5000   -7.500013534.2744   17.3502
    0.0000  -37.5000   -7.500014092.2012   17.4146
    7.5000  -37.5000   -7.500013349.7305   17.4585
   -7.5000  -30.0000   -7.500014296.1973   17.3030
    0.0000  -30.0000   -7.500014808.7363   17.3675
    7.5000  -30.0000   -7.500014035.0752   17.4086
   -7.5000  -22.5000   -7.500015000.9316   17.2886
    0.0000  -22.5000   -7.500015536.2158   17.3453
    7.5000  -22.5000   -7.500014712.7441   17.3799
   -7.5000  -15.0000   -7.500015713.1143   17.3198
    0.0000  -15.0000   -7.500016289.3096   17.3692
    7.5000  -15.0000   -7.500015385.7441   17.3996
   -7.5000   -7.5000   -7.500016169.8145   17.3686
    0.0000   -7.5000   -7.500016782.3965   17.4187
    7.5000   -7.5000   -7.500015827.5000   17.4528
   -7.5000    0.0000   -7.500016359.4111   17.3847
    0.0000    0.0000   -7.500016978.0391   17.4419
    7.5000    0.0000   -7.500015990.1572   17.4830
   -7.5000    7.5000   -7.500015128.6455   17.3502
    0.0000    7.5000   -7.500015693.6133   17.4146
    7.5000    7.5000   -7.500014797.6045   17.4585
   -7.5000   15.0000   -7.500013749.8311   17.3030
    0.0000   15.0000   -7.500014262.0225   17.3675
    7.5000   15.0000   -7.500013432.6943   17.4086
   -7.5000   22.5000   -7.500012424.6543   17.2806
    0.0000   22.5000   -7.500012908.3184   17.3373
    7.5000   22.5000   -7.500012156.9619   17.3719
   -7.5000   30.0000   -7.500011046.4092   17.0952
    0.0000   30.0000   -7.500011459.2578   17.1439
    7.5000   30.0000   -7.500010786.6553   17.1740
   -7.5000   37.5000   -7.5000 9972.2363   17.1434
    0.0000   37.5000   -7.500010343.7920   17.1929
    7.5000   37.5000   -7.5000 9731.7998   17.2265
   -7.5000   45.0000   -7.5000 8621.1699   16.8448
    0.0000   45.0000   -7.5000 8938.4189   16.9001
    7.5000   45.0000   -7.5000 8455.2910   16.9400
   -7.5000  -45.0000    0.000013783.8867   17.4141
    0.0000  -45.0000    0.000014360.6064   17.4627
    7.5000  -45.0000    0.000013549.0312   17.5032
   -7.5000  -37.5000    0.000014366.2100   17.3816
    0.0000  -37.5000    0.000014985.8252   17.4387
    7.5000  -37.5000    0.000014034.1719   17.4850
   -7.5000  -30.0000    0.000015425.1953   17.3283
    0.0000  -30.0000    0.000016027.8350   17.3888
    7.5000  -30.0000    0.000014953.3018   17.4363
   -7.5000  -22.5000    0.000016137.3633   17.3066
    0.0000  -22.5000    0.000016692.3047   17.3613
    7.5000  -22.5000    0.000015627.9121   17.4030
   -7.5000  -15.0000    0.000016701.6348   17.3358
    0.0000  -15.0000    0.000017250.5371   17.3817
    7.5000  -15.0000    0.000016171.4004   17.4165
   -7.5000   -7.5000    0.000017098.7930   17.3903
    0.0000   -7.5000    0.000017640.1699   17.4332
    7.5000   -7.5000    0.000016549.4883   17.4680
   -7.5000    0.0000    0.000017229.2910   17.4141
    0.0000    0.0000    0.000017787.3438   17.4627
    7.5000    0.0000    0.000016682.2910   17.5032
   -7.5000    7.5000    0.000015897.7939   17.3816
    0.0000    7.5000    0.000016424.4941   17.4387
    7.5000    7.5000    0.000015427.4902   17.4850
   -7.5000   15.0000    0.000014501.9688   17.3283
    0.0000   15.0000    0.000015002.0840   17.3888
    7.5000   15.0000    0.000014073.5830   17.4363
   -7.5000   22.5000    0.000013100.2373   17.2986
    0.0000   22.5000    0.000013588.9111   17.3533
    7.5000   22.5000    0.000012759.4951   17.3950
   -7.5000   30.0000    0.000011617.2764   17.1115
    0.0000   30.0000    0.000012036.2256   17.1568
    7.5000   30.0000    0.000011289.7646   17.1911
   -7.5000   37.5000    0.000010441.9062   17.1652
    0.0000   37.5000    0.000010836.2100   17.2076
    7.5000   37.5000    0.000010181.2920   17.2419
   -7.5000   45.0000    0.0000 8964.7871   16.8750
    0.0000   45.0000    0.0000 9295.9404   16.9221
    7.5000   45.0000    0.0000 8792.6553   16.9612
   -7.5000  -45.0000    7.500013390.0742   17.4349
    0.0000  -45.0000    7.500013908.8877   17.4737
    7.5000  -45.0000    7.500013047.3223   17.5116
   -7.5000  -37.5000    7.500014083.1982   17.4035
    0.0000  -37.5000    7.500014664.7012   17.4513
    7.5000  -37.5000    7.500013556.4600   17.4969
   -7.5000  -30.0000    7.500015164.2695   17.3412
    0.0000  -30.0000    7.500015791.6562   17.3962
    7.5000  -30.0000    7.500014534.1104   17.4461
   -7.5000  -22.5000    7.500015813.0957   17.3101
    0.0000  -22.5000    7.500016382.9678   17.3631
    7.5000  -22.5000    7.500015193.7256   17.4087
   -7.5000  -15.0000    7.500016323.4346   17.3375
    0.0000  -15.0000    7.500016883.1035   17.3818
    7.5000  -15.0000    7.500015708.6689   17.4190
   -7.5000   -7.5000    7.500016655.2031   17.4001
    0.0000   -7.5000    7.500017214.6406   17.4373
    7.5000   -7.5000    7.500016073.8213   17.4713
   -7.5000    0.0000    7.500016668.2031   17.4349
    0.0000    0.0000    7.500017224.7383   17.4737
    7.5000    0.0000    7.500016144.5703   17.5116
   -7.5000    7.5000    7.500015369.3906   17.4035
    0.0000    7.5000    7.500015870.7070   17.4513
    7.5000    7.5000    7.500014920.8340   17.4969
   -7.5000   15.0000    7.500013990.0244   17.3412
    0.0000   15.0000    7.500014464.5771   17.3962
    7.5000   15.0000    7.500013583.1631   17.4461
   -7.5000   22.5000    7.500012645.3262   17.3021
    0.0000   22.5000    7.500013111.0820   17.3551
    7.5000   22.5000    7.500012305.6289   17.4006
   -7.5000   30.0000    7.500011190.0420   17.1131
    0.0000   30.0000    7.500011611.0068   17.1569
    7.5000   30.0000    7.500010905.6670   17.1935
   -7.5000   37.5000    7.500010084.0693   17.1749
    0.0000   37.5000    7.500010466.4131   17.2117
    7.5000   37.5000    7.5000 9849.8740   17.2452
   -7.5000   45.0000    7.5000 8659.6201   16.8946
    0.0000   45.0000    7.5000 8967.5332   16.9327
    7.5000   45.0000    7.5000 8484.0879   16.9694
   -7.5000  -45.0000   15.000012770.9893   17.4591
    0.0000  -45.0000   15.000013278.1201   17.4963
    7.5000  -45.0000   15.000012428.2695   17.5318
   -7.5000  -37.5000   15.000013337.0127   17.4273
    0.0000  -37.5000   15.000013909.9990   17.4725
    7.5000  -37.5000   15.000012917.6377   17.5147
   -7.5000  -30.0000   15.000014227.4668   17.3618
    0.0000  -30.0000   15.000014745.3154   17.4148
    7.5000  -30.0000   15.000013771.5254   17.4605
   -7.5000  -22.5000   15.000014843.4082   17.3284
    0.0000  -22.5000   15.000015319.1270   17.3806
    7.5000  -22.5000   15.000014358.8057   17.4227
   -7.5000  -15.0000   15.000015456.0137   17.3553
    0.0000  -15.0000   15.000015935.6816   17.4001
    7.5000  -15.0000   15.000014918.5293   17.4352
   -7.5000   -7.5000   15.000015868.3633   17.4206
    0.0000   -7.5000   15.000016376.0127   17.4582
    7.5000   -7.5000   15.000015361.3047   17.4902
   -7.5000    0.0000   15.000015861.6572   17.4591
    0.0000    0.0000   15.000016410.6152   17.4963
    7.5000    0.0000   15.000015428.3604   17.5318
   -7.5000    7.5000   15.000014598.1729   17.4273
    0.0000    7.5000   15.000015090.7441   17.4725
    7.5000    7.5000   15.000014190.9053   17.5147
   -7.5000   15.0000   15.000013266.4170   17.3618
    0.0000   15.0000   15.000013734.2178   17.4148
    7.5000   15.0000   15.000012918.5176   17.4605
   -7.5000   22.5000   15.000012012.7070   17.3204
    0.0000   22.5000   15.000012463.4111   17.3725
    7.5000   22.5000   15.000011734.6826   17.4147
   -7.5000   30.0000   15.000010617.9443   17.1307
    0.0000   30.0000   15.000011023.6641   17.1749
    7.5000   30.0000   15.000010383.4619   17.2096
   -7.5000   37.5000   15.0000 9588.7344   17.1952
    0.0000   37.5000   15.0000 9933.4219   17.2322
    7.5000   37.5000   15.0000 9381.6162   17.2638
   -7.5000   45.0000   15.0000 8245.8477   16.9176
    0.0000   45.0000   15.0000 8530.7744   16.9542
    7.5000   45.0000   15.0000 8062.2329   16.9890
   -7.5000  -45.0000   22.500011986.4629   17.5264
    0.0000  -45.0000   22.500012489.9492   17.5743
    7.5000  -45.0000   22.500011751.9053   17.6109
   -7.5000  -37.5000   22.500012408.2705   17.4934
    0.0000  -37.5000   22.500012919.6846   17.5481
    7.5000  -37.5000   22.500012155.2500   17.5879
   -7.5000  -30.0000   22.500013179.5615   17.4340
    0.0000  -30.0000   22.500013624.2607   17.4928
    7.5000  -30.0000   22.500012875.9570   17.5318
   -7.5000  -22.5000   22.500013819.4521   17.4066
    0.0000  -22.5000   22.500014255.2334   17.4621
    7.5000  -22.5000   22.500013472.4922   17.4969
   -7.5000  -15.0000   22.500014481.6924   17.4343
    0.0000  -15.0000   22.500014954.3838   17.4836
    7.5000  -15.0000   22.500014086.7969   17.5147
   -7.5000   -7.5000   22.500014963.3623   17.4945
    0.0000   -7.5000   22.500015448.3867   17.5406
    7.5000   -7.5000   22.500014560.1338   17.5726
   -7.5000    0.0000   22.500014975.2529   17.5264
    0.0000    0.0000   22.500015493.0420   17.5743
    7.5000    0.0000   22.500014620.7783   17.6109
   -7.5000    7.5000   22.500013766.9268   17.4934
    0.0000    7.5000   22.500014250.1357   17.5481
    7.5000    7.5000   22.500013442.7520   17.5879
   -7.5000   15.0000   22.500012502.8076   17.4340
    0.0000   15.0000   22.500012915.8047   17.4928
    7.5000   15.0000   22.500012182.8975   17.5318
   -7.5000   22.5000   22.500011294.5518   17.3986
    0.0000   22.5000   22.500011707.8779   17.4540
    7.5000   22.5000   22.500011033.3037   17.4888
   -7.5000   30.0000   22.5000 9955.6641   17.2086
    0.0000   30.0000   22.500010323.7783   17.2574
    7.5000   30.0000   22.5000 9755.0625   17.2880
   -7.5000   37.5000   22.5000 9006.2598   17.2681
    0.0000   37.5000   22.5000 9349.5215   17.3136
    7.5000   37.5000   22.5000 8833.5078   17.3452
   -7.5000   45.0000   22.5000 7763.6909   16.9827
    0.0000   45.0000   22.5000 8041.3828   17.0296
    7.5000   45.0000   22.5000 7634.6914   17.0657
   -7.5000  -45.0000   30.000011135.0371   17.7315
    0.0000  -45.0000   30.000011642.3584   17.7909
    7.5000  -45.0000   30.000011007.9473   17.8321
   -7.5000  -37.5000   30.000011483.1562   17.6955
    0.0000  -37.5000   30.000011965.7783   17.7612
    7.5000  -37.5000   30.000011340.5840   17.8037
   -7.5000  -30.0000   30.000012149.1777   17.6435
    0.0000  -30.0000   30.000012587.2344   17.7097
    7.5000  -30.0000   30.000011947.6367   17.7480
   -7.5000  -22.5000   30.000012792.9209   17.6260
    0.0000  -22.5000   30.000013242.3555   17.6851
    7.5000  -22.5000   30.000012552.4277   17.7176
   -7.5000  -15.0000   30.000013424.1182   17.6574
    0.0000  -15.0000   30.000013897.0381   17.7104
    7.5000  -15.0000   30.000013158.0127   17.7408
   -7.5000   -7.5000   30.000013905.0547   17.7109
    0.0000   -7.5000   30.000014377.8584   17.7648
    7.5000   -7.5000   30.000013612.5811   17.7995
   -7.5000    0.0000   30.000013956.4365   17.7315
    0.0000    0.0000   30.000014444.0137   17.7909
    7.5000    0.0000   30.000013694.5117   17.8321
   -7.5000    7.5000   30.000012830.0889   17.6955
    0.0000    7.5000   30.000013281.1934   17.7612
    7.5000    7.5000   30.000012584.7510   17.8037
   -7.5000   15.0000   30.000011663.2148   17.6435
    0.0000   15.0000   30.000012048.4189   17.7097
    7.5000   15.0000   30.000011420.8867   17.7480
   -7.5000   22.5000   30.000010487.7002   17.6178
    0.0000   22.5000   30.000010874.3896   17.6769
    7.5000   22.5000   30.000010293.2490   17.7095
   -7.5000   30.0000   30.0000 9232.6133   17.4289
    0.0000   30.0000   30.0000 9585.0459   17.4812
    7.5000   30.0000   30.0000 9092.8945   17.5112
   -7.5000   37.5000   30.0000 8376.9531   17.4817
    0.0000   37.5000   30.0000 8673.5938   17.5349
    7.5000   37.5000   30.0000 8233.9922   17.5692
   -7.5000   45.0000   30.0000 7253.1953   17.1826
    0.0000   45.0000   30.0000 7501.4014   17.2403
    7.5000   45.0000   30.0000 7141.1641   17.2808
   -7.5000  -45.0000   37.500010752.4873   18.1195
    0.0000  -45.0000   37.500011244.2070   18.1782
    7.5000  -45.0000   37.500010664.5078   18.2193
   -7.5000  -37.5000   37.500011072.5264   18.0805
    0.0000  -37.5000   37.500011537.7451   18.1472
    7.5000  -37.5000   37.500010946.2314   18.1921
   -7.5000  -30.0000   37.500011698.8115   18.0256
    0.0000  -30.0000   37.500012153.6367   18.0934
    7.5000  -30.0000   37.500011534.1094   18.1360
   -7.5000  -22.5000   37.500012287.1475   18.0082
    0.0000  -22.5000   37.500012754.4590   18.0681
    7.5000  -22.5000   37.500012107.6494   18.1038
   -7.5000  -15.0000   37.500012890.1094   18.0433
    0.0000  -15.0000   37.500013361.0566   18.0949
    7.5000  -15.0000   37.500012685.4854   18.1256
   -7.5000   -7.5000   37.500013386.3193   18.0997
    0.0000   -7.5000   37.500013860.0186   18.1511
    7.5000   -7.5000   37.500013161.1621   18.1850
   -7.5000    0.0000   37.500013451.4551   18.1195
    0.0000    0.0000   37.500013939.3896   18.1782
    7.5000    0.0000   37.500013236.0029   18.2193
   -7.5000    7.5000   37.500012395.0547   18.0805
    0.0000    7.5000   37.500012825.0938   18.1472
    7.5000    7.5000   37.500012158.7988   18.1921
   -7.5000   15.0000   37.500011267.2637   18.0256
    0.0000   15.0000   37.500011665.9287   18.0934
    7.5000   15.0000   37.500011051.3008   18.1360
   -7.5000   22.5000   37.500010106.4893   17.9999
    0.0000   22.5000   37.500010479.5381   18.0598
    7.5000   22.5000   37.5000 9924.3682   18.0955
   -7.5000   30.0000   37.5000 8867.9395   17.8098
    0.0000   30.0000   37.5000 9212.6592   17.8607
    7.5000   30.0000   37.5000 8723.7764   17.8910
   -7.5000   37.5000   37.5000 8042.9854   17.8654
    0.0000   37.5000   37.5000 8329.7051   17.9163
    7.5000   37.5000   37.5000 7920.8066   17.9497
   -7.5000   45.0000   37.5000 6970.6060   17.5485
    0.0000   45.0000   37.5000 7218.8838   17.6052
    7.5000   45.0000   37.5000 6890.3926   17.6451
   -7.5000  -45.0000   45.0000 9916.8555   18.5468
    0.0000  -45.0000   45.000010345.8174   18.5929
    7.5000  -45.0000   45.0000 9816.8799   18.6297
   -7.5000  -37.5000   45.000010194.9434   18.5020
    0.0000  -37.5000   45.000010621.7900   18.5587
    7.5000  -37.5000   45.000010079.3057   18.6035
   -7.5000  -30.0000   45.000010798.8447   18.4371
    0.0000  -30.0000   45.000011216.9736   18.4994
    7.5000  -30.0000   45.000010643.7617   18.5489
   -7.5000  -22.5000   45.000011333.3281   18.4168
    0.0000  -22.5000   45.000011771.3262   18.4734
    7.5000  -22.5000   45.000011176.2002   18.5183
   -7.5000  -15.0000   45.000011863.2861   18.4573
    0.0000  -15.0000   45.000012312.4951   18.5033
    7.5000  -15.0000   45.000011699.9619   18.5393
   -7.5000   -7.5000   45.000012310.6230   18.5225
    0.0000   -7.5000   45.000012774.1201   18.5635
    7.5000   -7.5000   45.000012145.3389   18.5962
   -7.5000    0.0000   45.000012384.7930   18.5468
    0.0000    0.0000   45.000012847.1943   18.5929
    7.5000    0.0000   45.000012190.6025   18.6297
   -7.5000    7.5000   45.000011406.4102   18.5020
    0.0000    7.5000   45.000011818.8516   18.5587
    7.5000    7.5000   45.000011216.7881   18.6035
   -7.5000   15.0000   45.000010345.5547   18.4371
    0.0000   15.0000   45.000010741.6689   18.4994
    7.5000   15.0000   45.000010188.9990   18.5489
   -7.5000   22.5000   45.0000 9292.0498   18.4083
    0.0000   22.5000   45.0000 9652.9209   18.4648
    7.5000   22.5000   45.0000 9138.1992   18.5097
   -7.5000   30.0000   45.0000 8188.8003   18.2168
    0.0000   30.0000   45.0000 8501.5996   18.2622
    7.5000   30.0000   45.0000 8055.6924   18.2978
   -7.5000   37.5000   45.0000 7426.3496   18.2812
    0.0000   37.5000   45.0000 7686.0825   18.3217
    7.5000   37.5000   45.0000 7322.0332   18.3540
   -7.5000   45.0000   45.0000 6433.2441   17.9559
    0.0000   45.0000   45.0000 6636.9819   18.0009
    7.5000   45.0000   45.0000 6349.7676   18.0362

---------------------------------------------------------------------
imgreg_4dfp /opt/freesurfer/average/711-2C_as_mni_average_305 /opt/freesurfer/average/711-2B_as_mni_average_305_mask talsrcimg_g11 none talsrcimg_to_711-2C_as_mni_average_305_t4 4355
---------------------------------------------------------------------

freesurfer imgreg_4dfp.c
/opt/freesurfer/average/711-2C_as_mni_average_305.4dfp.img
       256       256       256         1
  1.000000  1.000000  1.000000
orientation T byte_order littleendian
Reading image: /opt/freesurfer/average/711-2C_as_mni_average_305.4dfp.img
dimensions:      256       256       256
mmppix:       1.0000   -1.0000   -1.0000
center:     128.0000 -129.0000 -129.0000
/opt/freesurfer/average/711-2B_as_mni_average_305_mask.4dfp.img
       256       256       256         1
  1.000000  1.000000  1.000000
orientation T byte_order littleendian
Reading mask: /opt/freesurfer/average/711-2B_as_mni_average_305_mask.4dfp.img (2306576 pixels)
talsrcimg_g11.4dfp.img
       256       256       256         1
  1.000000  1.000000  1.000000
orientation T byte_order littleendian
Reading image: talsrcimg_g11.4dfp.img
dimensions:      256       256       256
mmppix:       1.0000   -1.0000   -1.0000
center:     128.0000 -129.0000 -129.0000
rotation matrix determinant  1.000000
image alignment mode   4355 decimal     1103 hex
   -7.5000  -45.0000  -45.0000 2396.9438   14.1351
    0.0000  -45.0000  -45.0000 2399.6162   14.1171
    7.5000  -45.0000  -45.0000 2373.0652   14.3457
   -7.5000  -37.5000  -45.0000 2417.7944   13.6755
    0.0000  -37.5000  -45.0000 2423.0273   13.7050
    7.5000  -37.5000  -45.0000 2394.9094   13.9124
   -7.5000  -30.0000  -45.0000 2427.1785   13.4935
    0.0000  -30.0000  -45.0000 2433.7671   13.4965
    7.5000  -30.0000  -45.0000 2398.8904   13.7270
   -7.5000  -22.5000  -45.0000 2419.2527   13.6370
    0.0000  -22.5000  -45.0000 2427.5603   13.6082
    7.5000  -22.5000  -45.0000 2391.5115   13.8701
   -7.5000  -15.0000  -45.0000 2383.8572   14.1016
    0.0000  -15.0000  -45.0000 2391.9399   14.1122
    7.5000  -15.0000  -45.0000 2356.7104   14.3610
   -7.5000   -7.5000  -45.0000 2331.2073   14.8991
    0.0000   -7.5000  -45.0000 2341.7981   14.9105
    7.5000   -7.5000  -45.0000 2306.5232   15.1845
   -7.5000    0.0000  -45.0000 2256.2275   15.9545
    0.0000    0.0000  -45.0000 2267.7195   15.9471
    7.5000    0.0000  -45.0000 2231.3066   16.2524
   -7.5000    7.5000  -45.0000 2168.6555   17.2456
    0.0000    7.5000  -45.0000 2180.6367   17.2497
    7.5000    7.5000  -45.0000 2145.9673   17.5476
   -7.5000   15.0000  -45.0000 2061.8853   18.8760
    0.0000   15.0000  -45.0000 2075.7720   18.8907
    7.5000   15.0000  -45.0000 2044.8346   19.2654
   -7.5000   22.5000  -45.0000 1952.9122   21.2607
    0.0000   22.5000  -45.0000 1961.7341   21.2431
    7.5000   22.5000  -45.0000 1931.1400   21.5921
   -7.5000   30.0000  -45.0000 1827.8855   24.4624
    0.0000   30.0000  -45.0000 1838.0428   24.4303
    7.5000   30.0000  -45.0000 1812.1777   24.8134
   -7.5000   37.5000  -45.0000 1691.5879   28.7823
    0.0000   37.5000  -45.0000 1696.0035   28.7161
    7.5000   37.5000  -45.0000 1673.0155   29.2263
   -7.5000   45.0000  -45.0000 1553.2526   34.8271
    0.0000   45.0000  -45.0000 1564.8137   34.7786
    7.5000   45.0000  -45.0000 1540.9146   35.6302
   -7.5000  -45.0000  -37.5000 2492.7717   13.1788
    0.0000  -45.0000  -37.5000 2501.8848   13.1600
    7.5000  -45.0000  -37.5000 2468.8225   13.3510
   -7.5000  -37.5000  -37.5000 2516.3442   12.7574
    0.0000  -37.5000  -37.5000 2525.0542   12.7516
    7.5000  -37.5000  -37.5000 2493.9021   12.9528
   -7.5000  -30.0000  -37.5000 2529.1655   12.6002
    0.0000  -30.0000  -37.5000 2536.4851   12.5948
    7.5000  -30.0000  -37.5000 2502.7993   12.7761
   -7.5000  -22.5000  -37.5000 2515.0974   12.6830
    0.0000  -22.5000  -37.5000 2526.6069   12.6909
    7.5000  -22.5000  -37.5000 2488.6306   12.8791
   -7.5000  -15.0000  -37.5000 2476.5779   13.0711
    0.0000  -15.0000  -37.5000 2489.7314   13.0970
    7.5000  -15.0000  -37.5000 2453.2632   13.3045
   -7.5000   -7.5000  -37.5000 2426.0315   13.7837
    0.0000   -7.5000  -37.5000 2441.0996   13.8060
    7.5000   -7.5000  -37.5000 2399.7158   14.0509
   -7.5000    0.0000  -37.5000 2349.4424   14.7522
    0.0000    0.0000  -37.5000 2363.8809   14.7761
    7.5000    0.0000  -37.5000 2328.5330   15.0320
   -7.5000    7.5000  -37.5000 2258.5771   15.9174
    0.0000    7.5000  -37.5000 2272.8364   15.9304
    7.5000    7.5000  -37.5000 2239.9375   16.2085
   -7.5000   15.0000  -37.5000 2143.1289   17.4462
    0.0000   15.0000  -37.5000 2155.5276   17.4524
    7.5000   15.0000  -37.5000 2120.9543   17.7988
   -7.5000   22.5000  -37.5000 2030.3416   19.6062
    0.0000   22.5000  -37.5000 2038.1178   19.5979
    7.5000   22.5000  -37.5000 2005.5486   19.9135
   -7.5000   30.0000  -37.5000 1898.2343   22.4721
    0.0000   30.0000  -37.5000 1909.2230   22.4775
    7.5000   30.0000  -37.5000 1881.4415   22.7742
   -7.5000   37.5000  -37.5000 1754.1200   26.4066
    0.0000   37.5000  -37.5000 1762.5923   26.3580
    7.5000   37.5000  -37.5000 1739.2416   26.8047
   -7.5000   45.0000  -37.5000 1607.5095   31.9358
    0.0000   45.0000  -37.5000 1618.3563   31.8004
    7.5000   45.0000  -37.5000 1598.4713   32.4614
   -7.5000  -45.0000  -30.0000 2623.3271   12.7795
    0.0000  -45.0000  -30.0000 2631.1968   12.7608
    7.5000  -45.0000  -30.0000 2598.7278   12.9237
   -7.5000  -37.5000  -30.0000 2662.7085   12.3271
    0.0000  -37.5000  -30.0000 2670.9583   12.3171
    7.5000  -37.5000  -30.0000 2635.9954   12.4628
   -7.5000  -30.0000  -30.0000 2667.6580   12.1582
    0.0000  -30.0000  -30.0000 2678.9556   12.1641
    7.5000  -30.0000  -30.0000 2641.1040   12.2973
   -7.5000  -22.5000  -30.0000 2660.9756   12.2140
    0.0000  -22.5000  -30.0000 2674.3940   12.2232
    7.5000  -22.5000  -30.0000 2633.6260   12.3808
   -7.5000  -15.0000  -30.0000 2621.6609   12.6023
    0.0000  -15.0000  -30.0000 2640.5190   12.6230
    7.5000  -15.0000  -30.0000 2596.0859   12.7884
   -7.5000   -7.5000  -30.0000 2569.8552   13.2812
    0.0000   -7.5000  -30.0000 2588.0420   13.2688
    7.5000   -7.5000  -30.0000 2541.4739   13.4707
   -7.5000    0.0000  -30.0000 2485.1570   14.1838
    0.0000    0.0000  -30.0000 2504.7000   14.1681
    7.5000    0.0000  -30.0000 2468.0627   14.4000
   -7.5000    7.5000  -30.0000 2383.6489   15.3039
    0.0000    7.5000  -30.0000 2401.5947   15.3098
    7.5000    7.5000  -30.0000 2366.7266   15.5630
   -7.5000   15.0000  -30.0000 2261.2175   16.8127
    0.0000   15.0000  -30.0000 2273.7517   16.8028
    7.5000   15.0000  -30.0000 2240.9451   17.0711
   -7.5000   22.5000  -30.0000 2134.6206   18.8426
    0.0000   22.5000  -30.0000 2142.1897   18.8239
    7.5000   22.5000  -30.0000 2114.2332   19.0706
   -7.5000   30.0000  -30.0000 1991.9282   21.5459
    0.0000   30.0000  -30.0000 2001.4813   21.5463
    7.5000   30.0000  -30.0000 1972.3794   21.8404
   -7.5000   37.5000  -30.0000 1837.3113   25.2999
    0.0000   37.5000  -30.0000 1851.4221   25.2223
    7.5000   37.5000  -30.0000 1825.0992   25.5858
   -7.5000   45.0000  -30.0000 1686.3030   30.4878
    0.0000   45.0000  -30.0000 1704.8599   30.4387
    7.5000   45.0000  -30.0000 1678.4257   30.9349
   -7.5000  -45.0000  -22.5000 2714.6633   12.2587
    0.0000  -45.0000  -22.5000 2725.6401   12.2734
    7.5000  -45.0000  -22.5000 2693.2910   12.4246
   -7.5000  -37.5000  -22.5000 2760.6025   11.7759
    0.0000  -37.5000  -22.5000 2771.0439   11.7758
    7.5000  -37.5000  -22.5000 2731.1670   11.9326
   -7.5000  -30.0000  -22.5000 2781.9277   11.5744
    0.0000  -30.0000  -22.5000 2790.7795   11.5738
    7.5000  -30.0000  -22.5000 2747.9675   11.7020
   -7.5000  -22.5000  -22.5000 2782.4192   11.6482
    0.0000  -22.5000  -22.5000 2797.2441   11.6508
    7.5000  -22.5000  -22.5000 2748.6575   11.7655
   -7.5000  -15.0000  -22.5000 2744.4231   12.0184
    0.0000  -15.0000  -22.5000 2762.2363   12.0214
    7.5000  -15.0000  -22.5000 2717.3174   12.1840
   -7.5000   -7.5000  -22.5000 2680.0718   12.6783
    0.0000   -7.5000  -22.5000 2699.4780   12.6525
    7.5000   -7.5000  -22.5000 2655.9910   12.8499
   -7.5000    0.0000  -22.5000 2587.1167   13.5089
    0.0000    0.0000  -22.5000 2609.8306   13.5002
    7.5000    0.0000  -22.5000 2574.8340   13.7100
   -7.5000    7.5000  -22.5000 2479.7444   14.6258
    0.0000    7.5000  -22.5000 2501.9561   14.6020
    7.5000    7.5000  -22.5000 2470.0686   14.8589
   -7.5000   15.0000  -22.5000 2354.5059   16.0725
    0.0000   15.0000  -22.5000 2370.3376   16.0432
    7.5000   15.0000  -22.5000 2340.1628   16.3010
   -7.5000   22.5000  -22.5000 2223.9417   17.9934
    0.0000   22.5000  -22.5000 2236.2805   18.0006
    7.5000   22.5000  -22.5000 2208.2083   18.2579
   -7.5000   30.0000  -22.5000 2061.0139   20.5228
    0.0000   30.0000  -22.5000 2073.2175   20.5527
    7.5000   30.0000  -22.5000 2049.3408   20.9118
   -7.5000   37.5000  -22.5000 1905.3014   24.0611
    0.0000   37.5000  -22.5000 1918.3309   24.0136
    7.5000   37.5000  -22.5000 1888.9504   24.4292
   -7.5000   45.0000  -22.5000 1747.7289   28.8756
    0.0000   45.0000  -22.5000 1760.1650   28.7690
    7.5000   45.0000  -22.5000 1741.8489   29.3005
   -7.5000  -45.0000  -15.0000 2773.3621   11.7602
    0.0000  -45.0000  -15.0000 2787.3420   11.7846
    7.5000  -45.0000  -15.0000 2751.6174   11.9786
   -7.5000  -37.5000  -15.0000 2827.5256   11.2594
    0.0000  -37.5000  -15.0000 2844.3289   11.2678
    7.5000  -37.5000  -15.0000 2798.1663   11.4494
   -7.5000  -30.0000  -15.0000 2856.8276   11.0093
    0.0000  -30.0000  -15.0000 2873.7317   11.0057
    7.5000  -30.0000  -15.0000 2822.9646   11.1770
   -7.5000  -22.5000  -15.0000 2863.0342   11.0533
    0.0000  -22.5000  -15.0000 2878.3721   11.0583
    7.5000  -22.5000  -15.0000 2827.8171   11.2310
   -7.5000  -15.0000  -15.0000 2824.9177   11.4594
    0.0000  -15.0000  -15.0000 2845.7607   11.4573
    7.5000  -15.0000  -15.0000 2796.7615   11.6224
   -7.5000   -7.5000  -15.0000 2756.0947   12.0733
    0.0000   -7.5000  -15.0000 2781.8059   12.0582
    7.5000   -7.5000  -15.0000 2734.4963   12.2573
   -7.5000    0.0000  -15.0000 2660.9358   12.8429
    0.0000    0.0000  -15.0000 2685.0696   12.8540
    7.5000    0.0000  -15.0000 2642.2734   13.1096
   -7.5000    7.5000  -15.0000 2551.4089   13.9083
    0.0000    7.5000  -15.0000 2570.7700   13.9252
    7.5000    7.5000  -15.0000 2534.3352   14.1917
   -7.5000   15.0000  -15.0000 2423.4585   15.3484
    0.0000   15.0000  -15.0000 2439.5303   15.3578
    7.5000   15.0000  -15.0000 2403.6306   15.6341
   -7.5000   22.5000  -15.0000 2279.7288   17.2198
    0.0000   22.5000  -15.0000 2291.1443   17.2299
    7.5000   22.5000  -15.0000 2260.4465   17.4998
   -7.5000   30.0000  -15.0000 2115.4336   19.6682
    0.0000   30.0000  -15.0000 2127.6604   19.6828
    7.5000   30.0000  -15.0000 2100.7859   20.0024
   -7.5000   37.5000  -15.0000 1949.1575   22.9521
    0.0000   37.5000  -15.0000 1959.8840   22.9434
    7.5000   37.5000  -15.0000 1931.4141   23.3517
   -7.5000   45.0000  -15.0000 1787.6849   27.3560
    0.0000   45.0000  -15.0000 1802.8781   27.2503
    7.5000   45.0000  -15.0000 1776.4897   27.7701
   -7.5000  -45.0000   -7.5000 2809.5994   11.3764
    0.0000  -45.0000   -7.5000 2824.7429   11.3779
    7.5000  -45.0000   -7.5000 2782.7825   11.5905
   -7.5000  -37.5000   -7.5000 2872.1633   10.8934
    0.0000  -37.5000   -7.5000 2894.0564   10.9065
    7.5000  -37.5000   -7.5000 2846.2141   11.1167
   -7.5000  -30.0000   -7.5000 2915.7043   10.6116
    0.0000  -30.0000   -7.5000 2937.4436   10.6008
    7.5000  -30.0000   -7.5000 2879.7837   10.8355
   -7.5000  -22.5000   -7.5000 2922.9648   10.5953
    0.0000  -22.5000   -7.5000 2946.0261   10.5759
    7.5000  -22.5000   -7.5000 2885.2764   10.8245
   -7.5000  -15.0000   -7.5000 2882.6631   10.9674
    0.0000  -15.0000   -7.5000 2905.2556   10.9654
    7.5000  -15.0000   -7.5000 2850.4958   11.1595
   -7.5000   -7.5000   -7.5000 2808.6038   11.5355
    0.0000   -7.5000   -7.5000 2835.0474   11.5332
    7.5000   -7.5000   -7.5000 2783.7048   11.7503
   -7.5000    0.0000   -7.5000 2709.8259   12.3014
    0.0000    0.0000   -7.5000 2733.1067   12.3094
    7.5000    0.0000   -7.5000 2688.1655   12.5650
   -7.5000    7.5000   -7.5000 2594.8486   13.3804
    0.0000    7.5000   -7.5000 2611.8975   13.3890
    7.5000    7.5000   -7.5000 2571.0205   13.6564
   -7.5000   15.0000   -7.5000 2464.1367   14.8187
    0.0000   15.0000   -7.5000 2477.3337   14.8208
    7.5000   15.0000   -7.5000 2437.0730   15.0913
   -7.5000   22.5000   -7.5000 2321.8420   16.6723
    0.0000   22.5000   -7.5000 2333.5334   16.6640
    7.5000   22.5000   -7.5000 2295.5063   16.9497
   -7.5000   30.0000   -7.5000 2159.5691   19.1026
    0.0000   30.0000   -7.5000 2170.5190   19.0405
    7.5000   30.0000   -7.5000 2134.7759   19.3547
   -7.5000   37.5000   -7.5000 1980.3220   22.2566
    0.0000   37.5000   -7.5000 1995.4709   22.1137
    7.5000   37.5000   -7.5000 1957.2332   22.5479
   -7.5000   45.0000   -7.5000 1807.0508   26.3957
    0.0000   45.0000   -7.5000 1827.1812   26.1913
    7.5000   45.0000   -7.5000 1801.5773   26.7780
   -7.5000  -45.0000    0.0000 2815.2683   11.2049
    0.0000  -45.0000    0.0000 2838.6938   11.1882
    7.5000  -45.0000    0.0000 2791.8413   11.4168
   -7.5000  -37.5000    0.0000 2898.2009   10.7786
    0.0000  -37.5000    0.0000 2924.9128   10.7566
    7.5000  -37.5000    0.0000 2869.1221   10.9488
   -7.5000  -30.0000    0.0000 2961.9558   10.5413
    0.0000  -30.0000    0.0000 2989.1394   10.5454
    7.5000  -30.0000    0.0000 2914.4651   10.7294
   -7.5000  -22.5000    0.0000 2969.5234   10.4764
    0.0000  -22.5000    0.0000 2997.6191   10.4544
    7.5000  -22.5000    0.0000 2921.3079   10.6667
   -7.5000  -15.0000    0.0000 2918.9932   10.7085
    0.0000  -15.0000    0.0000 2943.6104   10.6634
    7.5000  -15.0000    0.0000 2878.3743   10.8787
   -7.5000   -7.5000    0.0000 2841.7561   11.1991
    0.0000   -7.5000    0.0000 2862.0098   11.1524
    7.5000   -7.5000    0.0000 2814.5627   11.3882
   -7.5000    0.0000    0.0000 2738.9172   12.0019
    0.0000    0.0000    0.0000 2759.9429   11.9638
    7.5000    0.0000    0.0000 2717.7056   12.2019
   -7.5000    7.5000    0.0000 2617.8706   13.1322
    0.0000    7.5000    0.0000 2632.9634   13.1251
    7.5000    7.5000    0.0000 2590.1699   13.3702
   -7.5000   15.0000    0.0000 2486.9705   14.5719
    0.0000   15.0000    0.0000 2497.1238   14.5935
    7.5000   15.0000    0.0000 2456.1416   14.8277
   -7.5000   22.5000    0.0000 2339.2026   16.3799
    0.0000   22.5000    0.0000 2347.9978   16.3991
    7.5000   22.5000    0.0000 2314.6040   16.6482
   -7.5000   30.0000    0.0000 2179.8567   18.7669
    0.0000   30.0000    0.0000 2185.9924   18.7430
    7.5000   30.0000    0.0000 2149.7271   19.0270
   -7.5000   37.5000    0.0000 1993.5770   21.8101
    0.0000   37.5000    0.0000 2007.7743   21.7384
    7.5000   37.5000    0.0000 1975.1057   22.0957
   -7.5000   45.0000    0.0000 1816.4834   25.8214
    0.0000   45.0000    0.0000 1831.4161   25.5997
    7.5000   45.0000    0.0000 1807.9296   26.1228
   -7.5000  -45.0000    7.5000 2808.8628   11.2611
    0.0000  -45.0000    7.5000 2826.2234   11.2430
    7.5000  -45.0000    7.5000 2781.1809   11.4804
   -7.5000  -37.5000    7.5000 2909.4297   10.8467
    0.0000  -37.5000    7.5000 2927.3052   10.8215
    7.5000  -37.5000    7.5000 2870.6472   10.9796
   -7.5000  -30.0000    7.5000 2985.2505   10.5981
    0.0000  -30.0000    7.5000 3007.0420   10.5936
    7.5000  -30.0000    7.5000 2925.5078   10.7294
   -7.5000  -22.5000    7.5000 2995.4746   10.4905
    0.0000  -22.5000    7.5000 3020.6772   10.4863
    7.5000  -22.5000    7.5000 2933.5894   10.6882
   -7.5000  -15.0000    7.5000 2935.5215   10.6605
    0.0000  -15.0000    7.5000 2960.3359   10.6367
    7.5000  -15.0000    7.5000 2888.1868   10.8644
   -7.5000   -7.5000    7.5000 2850.1667   11.1625
    0.0000   -7.5000    7.5000 2868.4788   11.1259
    7.5000   -7.5000    7.5000 2814.2854   11.3635
   -7.5000    0.0000    7.5000 2741.5710   11.9553
    0.0000    0.0000    7.5000 2755.3770   11.9331
    7.5000    0.0000    7.5000 2715.8984   12.1626
   -7.5000    7.5000    7.5000 2621.1992   13.0728
    0.0000    7.5000    7.5000 2631.5413   13.0408
    7.5000    7.5000    7.5000 2599.0593   13.2711
   -7.5000   15.0000    7.5000 2484.0996   14.4841
    0.0000   15.0000    7.5000 2496.1353   14.4836
    7.5000   15.0000    7.5000 2462.8992   14.7304
   -7.5000   22.5000    7.5000 2339.1978   16.2803
    0.0000   22.5000    7.5000 2351.8408   16.3039
    7.5000   22.5000    7.5000 2317.7532   16.5695
   -7.5000   30.0000    7.5000 2176.1206   18.5715
    0.0000   30.0000    7.5000 2187.3740   18.5860
    7.5000   30.0000    7.5000 2152.4922   18.8964
   -7.5000   37.5000    7.5000 1993.7357   21.6374
    0.0000   37.5000    7.5000 2009.2952   21.5823
    7.5000   37.5000    7.5000 1979.6907   21.9390
   -7.5000   45.0000    7.5000 1817.6023   25.5276
    0.0000   45.0000    7.5000 1825.7693   25.4641
    7.5000   45.0000    7.5000 1804.9595   25.9145
   -7.5000  -45.0000   15.0000 2788.1772   11.4266
    0.0000  -45.0000   15.0000 2802.8667   11.3928
    7.5000  -45.0000   15.0000 2760.0977   11.6370
   -7.5000  -37.5000   15.0000 2888.5125   10.9588
    0.0000  -37.5000   15.0000 2908.5476   10.9233
    7.5000  -37.5000   15.0000 2851.3030   11.1182
   -7.5000  -30.0000   15.0000 2967.2607   10.6346
    0.0000  -30.0000   15.0000 2988.7891   10.6211
    7.5000  -30.0000   15.0000 2914.2810   10.8278
   -7.5000  -22.5000   15.0000 2978.0378   10.4962
    0.0000  -22.5000   15.0000 2998.5513   10.4366
    7.5000  -22.5000   15.0000 2921.3982   10.7246
   -7.5000  -15.0000   15.0000 2925.3601   10.7366
    0.0000  -15.0000   15.0000 2942.1428   10.6809
    7.5000  -15.0000   15.0000 2870.9695   10.9611
   -7.5000   -7.5000   15.0000 2838.0808   11.3012
    0.0000   -7.5000   15.0000 2850.2991   11.2879
    7.5000   -7.5000   15.0000 2798.7158   11.5366
   -7.5000    0.0000   15.0000 2721.9575   12.1286
    0.0000    0.0000   15.0000 2733.3994   12.1240
    7.5000    0.0000   15.0000 2697.7915   12.3768
   -7.5000    7.5000   15.0000 2602.7795   13.1941
    0.0000    7.5000   15.0000 2610.1758   13.1948
    7.5000    7.5000   15.0000 2578.8784   13.4303
   -7.5000   15.0000   15.0000 2465.6196   14.5706
    0.0000   15.0000   15.0000 2476.4297   14.5780
    7.5000   15.0000   15.0000 2445.1077   14.8356
   -7.5000   22.5000   15.0000 2319.4504   16.3376
    0.0000   22.5000   15.0000 2330.2126   16.3398
    7.5000   22.5000   15.0000 2304.3372   16.6384
   -7.5000   30.0000   15.0000 2152.9707   18.5803
    0.0000   30.0000   15.0000 2165.3638   18.5956
    7.5000   30.0000   15.0000 2139.0266   18.8889
   -7.5000   37.5000   15.0000 1975.4928   21.5598
    0.0000   37.5000   15.0000 1989.2145   21.4998
    7.5000   37.5000   15.0000 1966.1899   21.8674
   -7.5000   45.0000   15.0000 1809.5406   25.4307
    0.0000   45.0000   15.0000 1819.8844   25.3202
    7.5000   45.0000   15.0000 1792.9563   25.8106
   -7.5000  -45.0000   22.5000 2755.2693   11.7095
    0.0000  -45.0000   22.5000 2774.0981   11.6774
    7.5000  -45.0000   22.5000 2732.8398   11.9598
   -7.5000  -37.5000   22.5000 2851.2803   11.1960
    0.0000  -37.5000   22.5000 2872.2500   11.1718
    7.5000  -37.5000   22.5000 2820.5068   11.4318
   -7.5000  -30.0000   22.5000 2920.3938   10.8266
    0.0000  -30.0000   22.5000 2941.0376   10.8010
    7.5000  -30.0000   22.5000 2880.5396   11.0842
   -7.5000  -22.5000   22.5000 2931.6003   10.7269
    0.0000  -22.5000   22.5000 2947.0320   10.6565
    7.5000  -22.5000   22.5000 2886.3596   10.9605
   -7.5000  -15.0000   22.5000 2889.0659   11.0253
    0.0000  -15.0000   22.5000 2902.6316   10.9930
    7.5000  -15.0000   22.5000 2845.7332   11.2444
   -7.5000   -7.5000   22.5000 2808.9915   11.6453
    0.0000   -7.5000   22.5000 2821.3093   11.6351
    7.5000   -7.5000   22.5000 2772.4001   11.8880
   -7.5000    0.0000   22.5000 2690.3728   12.4819
    0.0000    0.0000   22.5000 2704.9727   12.4715
    7.5000    0.0000   22.5000 2668.8738   12.7463
   -7.5000    7.5000   22.5000 2568.6758   13.4998
    0.0000    7.5000   22.5000 2578.9470   13.5122
    7.5000    7.5000   22.5000 2548.4512   13.7909
   -7.5000   15.0000   22.5000 2437.8079   14.8239
    0.0000   15.0000   22.5000 2443.6685   14.8479
    7.5000   15.0000   22.5000 2412.9338   15.1083
   -7.5000   22.5000   22.5000 2291.0271   16.4950
    0.0000   22.5000   22.5000 2299.9639   16.5340
    7.5000   22.5000   22.5000 2271.6375   16.8029
   -7.5000   30.0000   22.5000 2120.4563   18.7198
    0.0000   30.0000   22.5000 2128.2969   18.7381
    7.5000   30.0000   22.5000 2106.2471   19.0692
   -7.5000   37.5000   22.5000 1953.2241   21.7203
    0.0000   37.5000   22.5000 1962.4120   21.6211
    7.5000   37.5000   22.5000 1943.0953   22.0352
   -7.5000   45.0000   22.5000 1792.5660   25.5747
    0.0000   45.0000   22.5000 1803.1843   25.4211
    7.5000   45.0000   22.5000 1784.9241   25.9283
   -7.5000  -45.0000   30.0000 2715.6311   12.1557
    0.0000  -45.0000   30.0000 2736.3308   12.1545
    7.5000  -45.0000   30.0000 2692.9395   12.4735
   -7.5000  -37.5000   30.0000 2801.2053   11.5892
    0.0000  -37.5000   30.0000 2822.6748   11.5857
    7.5000  -37.5000   30.0000 2775.1143   11.8967
   -7.5000  -30.0000   30.0000 2849.4788   11.2245
    0.0000  -30.0000   30.0000 2868.6919   11.1648
    7.5000  -30.0000   30.0000 2816.7639   11.4807
   -7.5000  -22.5000   30.0000 2864.4185   11.1662
    0.0000  -22.5000   30.0000 2878.4231   11.1205
    7.5000  -22.5000   30.0000 2829.4741   11.3805
   -7.5000  -15.0000   30.0000 2825.1499   11.5041
    0.0000  -15.0000   30.0000 2837.7808   11.4693
    7.5000  -15.0000   30.0000 2796.0217   11.6939
   -7.5000   -7.5000   30.0000 2750.5764   12.1241
    0.0000   -7.5000   30.0000 2761.7488   12.1117
    7.5000   -7.5000   30.0000 2720.8606   12.3544
   -7.5000    0.0000   30.0000 2641.4609   12.9517
    0.0000    0.0000   30.0000 2653.3054   12.9581
    7.5000    0.0000   30.0000 2621.2563   13.2355
   -7.5000    7.5000   30.0000 2521.3545   13.9774
    0.0000    7.5000   30.0000 2533.8174   13.9962
    7.5000    7.5000   30.0000 2503.8442   14.2850
   -7.5000   15.0000   30.0000 2388.4678   15.2722
    0.0000   15.0000   30.0000 2398.3376   15.2971
    7.5000   15.0000   30.0000 2373.7690   15.5747
   -7.5000   22.5000   30.0000 2238.6951   16.9621
    0.0000   22.5000   30.0000 2253.4167   16.9704
    7.5000   22.5000   30.0000 2230.7998   17.2462
   -7.5000   30.0000   30.0000 2074.1533   19.1887
    0.0000   30.0000   30.0000 2089.0586   19.1700
    7.5000   30.0000   30.0000 2066.3340   19.4624
   -7.5000   37.5000   30.0000 1917.5101   22.1209
    0.0000   37.5000   30.0000 1926.1453   22.0503
    7.5000   37.5000   30.0000 1905.2983   22.4302
   -7.5000   45.0000   30.0000 1771.3601   25.9786
    0.0000   45.0000   30.0000 1780.7659   25.8613
    7.5000   45.0000   30.0000 1758.5464   26.3534
   -7.5000  -45.0000   37.5000 2665.7942   12.7733
    0.0000  -45.0000   37.5000 2685.0374   12.7909
    7.5000  -45.0000   37.5000 2640.7522   13.1282
   -7.5000  -37.5000   37.5000 2742.1875   12.1596
    0.0000  -37.5000   37.5000 2760.4443   12.1590
    7.5000  -37.5000   37.5000 2713.5471   12.4916
   -7.5000  -30.0000   37.5000 2777.3440   11.8108
    0.0000  -30.0000   37.5000 2797.0288   11.7852
    7.5000  -30.0000   37.5000 2749.3164   12.0813
   -7.5000  -22.5000   37.5000 2779.5964   11.7685
    0.0000  -22.5000   37.5000 2795.7822   11.7319
    7.5000  -22.5000   37.5000 2755.2959   11.9956
   -7.5000  -15.0000   37.5000 2740.3506   12.1158
    0.0000  -15.0000   37.5000 2754.9448   12.0903
    7.5000  -15.0000   37.5000 2720.5210   12.3114
   -7.5000   -7.5000   37.5000 2673.4712   12.7435
    0.0000   -7.5000   37.5000 2688.2100   12.7242
    7.5000   -7.5000   37.5000 2652.3887   12.9673
   -7.5000    0.0000   37.5000 2573.3762   13.5680
    0.0000    0.0000   37.5000 2586.3801   13.5609
    7.5000    0.0000   37.5000 2558.2031   13.8346
   -7.5000    7.5000   37.5000 2462.7185   14.5892
    0.0000    7.5000   37.5000 2472.1289   14.5926
    7.5000    7.5000   37.5000 2443.9634   14.8500
   -7.5000   15.0000   37.5000 2333.0986   15.8951
    0.0000   15.0000   37.5000 2346.2649   15.9291
    7.5000   15.0000   37.5000 2321.1365   16.1702
   -7.5000   22.5000   37.5000 2180.1897   17.6355
    0.0000   22.5000   37.5000 2193.3940   17.6618
    7.5000   22.5000   37.5000 2170.8098   17.9112
   -7.5000   30.0000   37.5000 2019.9879   19.8453
    0.0000   30.0000   37.5000 2039.4779   19.8593
    7.5000   30.0000   37.5000 2009.8491   20.1694
   -7.5000   37.5000   37.5000 1876.9393   22.8008
    0.0000   37.5000   37.5000 1888.6444   22.7508
    7.5000   37.5000   37.5000 1867.3973   23.1458
   -7.5000   45.0000   37.5000 1730.3979   26.7145
    0.0000   45.0000   37.5000 1737.0269   26.6718
    7.5000   45.0000   37.5000 1727.5449   27.0850
   -7.5000  -45.0000   45.0000 2596.4668   13.5426
    0.0000  -45.0000   45.0000 2612.3350   13.5272
    7.5000  -45.0000   45.0000 2568.6431   13.9069
   -7.5000  -37.5000   45.0000 2661.4744   12.9202
    0.0000  -37.5000   45.0000 2679.5173   12.8994
    7.5000  -37.5000   45.0000 2635.4883   13.2482
   -7.5000  -30.0000   45.0000 2696.8469   12.5821
    0.0000  -30.0000   45.0000 2710.0295   12.5702
    7.5000  -30.0000   45.0000 2667.7529   12.8455
   -7.5000  -22.5000   45.0000 2688.8491   12.5702
    0.0000  -22.5000   45.0000 2705.8606   12.5288
    7.5000  -22.5000   45.0000 2667.2517   12.8079
   -7.5000  -15.0000   45.0000 2653.5095   12.8865
    0.0000  -15.0000   45.0000 2669.6074   12.8589
    7.5000  -15.0000   45.0000 2636.3054   13.0888
   -7.5000   -7.5000   45.0000 2588.9348   13.5069
    0.0000   -7.5000   45.0000 2605.0603   13.4714
    7.5000   -7.5000   45.0000 2575.7551   13.7024
   -7.5000    0.0000   45.0000 2498.8496   14.3052
    0.0000    0.0000   45.0000 2512.6394   14.2872
    7.5000    0.0000   45.0000 2482.2971   14.5387
   -7.5000    7.5000   45.0000 2393.1606   15.3110
    0.0000    7.5000   45.0000 2401.6909   15.3416
    7.5000    7.5000   45.0000 2376.3616   15.5659
   -7.5000   15.0000   45.0000 2260.6199   16.6627
    0.0000   15.0000   45.0000 2274.5767   16.6928
    7.5000   15.0000   45.0000 2252.4641   16.9265
   -7.5000   22.5000   45.0000 2106.8037   18.5190
    0.0000   22.5000   45.0000 2124.3386   18.5459
    7.5000   22.5000   45.0000 2099.4497   18.7608
   -7.5000   30.0000   45.0000 1965.8163   20.8392
    0.0000   30.0000   45.0000 1980.3116   20.7976
    7.5000   30.0000   45.0000 1957.0304   21.1214
   -7.5000   37.5000   45.0000 1826.3436   23.8388
    0.0000   37.5000   45.0000 1833.8530   23.7556
    7.5000   37.5000   45.0000 1819.3158   24.1985
   -7.5000   45.0000   45.0000 1685.9871   28.0117
    0.0000   45.0000   45.0000 1689.8973   27.8451
    7.5000   45.0000   45.0000 1676.6945   28.2560

---------------------------------------------------------------------
imgreg_4dfp /opt/freesurfer/average/711-2C_as_mni_average_305 /opt/freesurfer/average/711-2B_as_mni_average_305_mask talsrcimg_g11 none talsrcimg_to_711-2C_as_mni_average_305_t4 1283
---------------------------------------------------------------------

freesurfer imgreg_4dfp.c
/opt/freesurfer/average/711-2C_as_mni_average_305.4dfp.img
       256       256       256         1
  1.000000  1.000000  1.000000
orientation T byte_order littleendian
Reading image: /opt/freesurfer/average/711-2C_as_mni_average_305.4dfp.img
dimensions:      256       256       256
mmppix:       1.0000   -1.0000   -1.0000
center:     128.0000 -129.0000 -129.0000
/opt/freesurfer/average/711-2B_as_mni_average_305_mask.4dfp.img
       256       256       256         1
  1.000000  1.000000  1.000000
orientation T byte_order littleendian
Reading mask: /opt/freesurfer/average/711-2B_as_mni_average_305_mask.4dfp.img (2306576 pixels)
talsrcimg_g11.4dfp.img
       256       256       256         1
  1.000000  1.000000  1.000000
orientation T byte_order littleendian
Reading image: talsrcimg_g11.4dfp.img
dimensions:      256       256       256
mmppix:       1.0000   -1.0000   -1.0000
center:     128.0000 -129.0000 -129.0000
rotation matrix determinant  1.000000
fimgreg.f
image alignment mode   1283 decimal      503 hex
parameters
    0.0000  -22.5000    7.5000    0.0000    0.0000    0.0000
eta,q 0.94799 10.50072
niter,ni,del,rscale     5    3   12.0000    1.2000
parameter  3 -0.557931 -> -0.500000 qaram    1.1500
parameters
   -1.7425  -24.9354   10.9500   -1.9376   -1.1373   -1.7877
eta,q 0.95239 10.55912
  0.0584  0.0530  0.0531  0.0493  0.0524  0.0498
  0.0533  0.0504  0.0523  0.0488  0.0495  0.0484
  0.0510  0.0494  0.0513  0.0477  0.0481  0.0477
  0.0529  0.0508  0.0497  0.0477  0.0477  0.0477
  0.0571  0.0550  0.0481  0.0493  0.0495  0.0494
  0.0636  0.0601  0.0477  0.0525  0.0535  0.0521
  0.0720  0.0663  0.0501  0.0563  0.0579  0.0557
niter,ni,del,rscale     5    3   12.0000    1.2000
parameter  4  0.674457 ->  0.500000 qaram    1.1500
parameters
   -1.7231  -23.9158    8.2849   -5.3876   -0.2082   -1.8275
eta,q 0.95492 10.61268
  0.0619  0.0607  0.0491  0.0453  0.0532  0.0489
  0.0556  0.0552  0.0472  0.0456  0.0500  0.0469
  0.0500  0.0501  0.0468  0.0456  0.0480  0.0457
  0.0476  0.0476  0.0474  0.0468  0.0456  0.0451
  0.0493  0.0478  0.0502  0.0487  0.0452  0.0449
  0.0550  0.0499  0.0554  0.0523  0.0469  0.0462
  0.0623  0.0546  0.0631  0.0559  0.0504  0.0498
niter,ni,del,rscale     5    3   12.0000    1.2000
parameters
   -1.8761  -22.3689    6.6363   -8.1361    0.0781   -2.4150
eta,q 0.95741 10.65010
  0.0594  0.0575  0.0485  0.0440  0.0511  0.0461
  0.0529  0.0526  0.0442  0.0430  0.0472  0.0439
  0.0473  0.0479  0.0429  0.0426  0.0446  0.0429
  0.0451  0.0451  0.0439  0.0431  0.0427  0.0426
  0.0481  0.0438  0.0462  0.0450  0.0432  0.0432
  0.0538  0.0450  0.0502  0.0488  0.0459  0.0449
  0.0608  0.0499  0.0561  0.0547  0.0501  0.0482
niter,ni,del,rscale     4    3   12.0000    1.2000
parameters
   -2.0475  -22.0719    6.3898   -8.2719    0.2502   -2.3840
eta,q 0.95760 10.64278
  0.0582  0.0537  0.0530  0.0481  0.0507  0.0472
  0.0504  0.0487  0.0465  0.0440  0.0468  0.0443
  0.0445  0.0444  0.0428  0.0428  0.0443  0.0429
  0.0426  0.0426  0.0425  0.0424  0.0424  0.0424
  0.0453  0.0430  0.0444  0.0428  0.0430  0.0428
  0.0514  0.0464  0.0484  0.0446  0.0459  0.0443
  0.0601  0.0525  0.0535  0.0483  0.0503  0.0471
niter,ni,del,rscale     3    3   12.0000    1.2000
parameters
   -2.1067  -22.0455    6.3911   -8.2875    0.2918   -2.3895
eta,q 0.95763 10.64130
  0.0588  0.0530  0.0539  0.0482  0.0504  0.0472
  0.0508  0.0480  0.0471  0.0440  0.0466  0.0443
  0.0446  0.0440  0.0431  0.0428  0.0442  0.0428
  0.0424  0.0424  0.0424  0.0424  0.0424  0.0424
  0.0449  0.0433  0.0441  0.0426  0.0431  0.0428
  0.0510  0.0470  0.0481  0.0444  0.0461  0.0443
  0.0596  0.0536  0.0529  0.0481  0.0507  0.0472
registration optimization eta report
parameter search radius
    6.0000    6.0000    6.9000    6.9000    6.0000    6.0000
100000*second partial in parameter space
       46.       30.       23.       12.       22.       14.
  0.0588  0.0530  0.0539  0.0482  0.0504  0.0472
  0.0508  0.0480  0.0471  0.0440  0.0466  0.0443
  0.0446  0.0440  0.0431  0.0428  0.0442  0.0428
  0.0424  0.0424  0.0424  0.0424  0.0424  0.0424
  0.0449  0.0433  0.0441  0.0426  0.0431  0.0428
  0.0510  0.0470  0.0481  0.0444  0.0461  0.0443
  0.0596  0.0536  0.0529  0.0481  0.0507  0.0472
   -2.1067  -22.0455    6.3911   -8.2875    0.2918   -2.3895
eta,q 0.95763 10.64130

---------------------------------------------------------------------
imgreg_4dfp /opt/freesurfer/average/711-2C_as_mni_average_305 /opt/freesurfer/average/711-2B_as_mni_average_305_mask talsrcimg_g11 none talsrcimg_to_711-2C_as_mni_average_305_t4 3335
---------------------------------------------------------------------

freesurfer imgreg_4dfp.c
/opt/freesurfer/average/711-2C_as_mni_average_305.4dfp.img
       256       256       256         1
  1.000000  1.000000  1.000000
orientation T byte_order littleendian
Reading image: /opt/freesurfer/average/711-2C_as_mni_average_305.4dfp.img
dimensions:      256       256       256
mmppix:       1.0000   -1.0000   -1.0000
center:     128.0000 -129.0000 -129.0000
/opt/freesurfer/average/711-2B_as_mni_average_305_mask.4dfp.img
       256       256       256         1
  1.000000  1.000000  1.000000
orientation T byte_order littleendian
Reading mask: /opt/freesurfer/average/711-2B_as_mni_average_305_mask.4dfp.img (2306576 pixels)
talsrcimg_g11.4dfp.img
       256       256       256         1
  1.000000  1.000000  1.000000
orientation T byte_order littleendian
Reading image: talsrcimg_g11.4dfp.img
dimensions:      256       256       256
mmppix:       1.0000   -1.0000   -1.0000
center:     128.0000 -129.0000 -129.0000
fimgreg.f
image alignment mode   3335 decimal      D07 hex
parameters
   -2.1067  -22.0455    6.3911   -0.0883   -1.1334   -1.0455
    4.1990    0.0975   -4.1692   14.4224    0.5092  -14.4138
eta,q 0.95877 10.60240
niter,ni,del,rscale     5    3    5.0000    1.2000
parameter  4  1.677941 ->  0.500000 qaram    1.1500
parameter  5  2.515364 ->  0.500000 qaram    1.1500
parameters
   -2.4359  -21.5867    6.6009   -4.2283   -5.2734   -1.9453
    5.0367    1.2084   -1.3103   13.2440    0.1070  -15.9258
eta,q 0.96830 10.20891
  0.0433  0.0443  0.0431  0.0355  0.0298  0.0340  0.0360  0.0381  0.0356  0.0339  0.0327  0.0326
  0.0420  0.0428  0.0421  0.0366  0.0317  0.0331  0.0341  0.0355  0.0341  0.0326  0.0322  0.0320
  0.0413  0.0418  0.0414  0.0386  0.0341  0.0324  0.0328  0.0334  0.0329  0.0319  0.0318  0.0317
  0.0412  0.0412  0.0411  0.0411  0.0371  0.0323  0.0323  0.0323  0.0321  0.0318  0.0317  0.0317
  0.0418  0.0411  0.0411  0.0438  0.0406  0.0327  0.0324  0.0322  0.0318  0.0324  0.0319  0.0321
  0.0431  0.0416  0.0417  0.0472  0.0444  0.0336  0.0332  0.0334  0.0319  0.0339  0.0323  0.0329
  0.0450  0.0426  0.0426  0.0511  0.0481  0.0356  0.0346  0.0355  0.0325  0.0362  0.0329  0.0337
niter,ni,del,rscale     6    3    5.0000    1.2000
parameter  4  0.822599 ->  0.500000 qaram    1.3225
parameter  5  1.174925 ->  0.500000 qaram    1.3225
parameters
   -2.6538  -21.1748    6.9784   -8.9893  -10.0344   -1.3217
    5.0289    1.0443   -1.3604   14.6801   -0.4883  -16.7813
eta,q 0.97381  9.81021
  0.0349  0.0352  0.0338  0.0294  0.0255  0.0285  0.0293  0.0303  0.0287  0.0309  0.0269  0.0274
  0.0330  0.0335  0.0328  0.0296  0.0260  0.0274  0.0276  0.0281  0.0274  0.0288  0.0265  0.0266
  0.0319  0.0323  0.0320  0.0301  0.0275  0.0267  0.0266  0.0268  0.0266  0.0272  0.0263  0.0263
  0.0317  0.0317  0.0316  0.0315  0.0297  0.0263  0.0263  0.0263  0.0263  0.0263  0.0262  0.0262
  0.0324  0.0316  0.0316  0.0340  0.0325  0.0265  0.0267  0.0268  0.0267  0.0263  0.0263  0.0265
  0.0340  0.0322  0.0320  0.0371  0.0362  0.0271  0.0278  0.0283  0.0275  0.0269  0.0267  0.0272
  0.0362  0.0335  0.0328  0.0406  0.0402  0.0278  0.0292  0.0307  0.0287  0.0283  0.0273  0.0281
niter,ni,del,rscale     7    3    5.0000    1.2000
parameters
   -2.6704  -20.9814    7.3537  -12.2180  -14.3775   -1.2508
    5.6784    0.6068   -0.7189   15.5142   -2.5073  -17.0582
eta,q 0.97530  9.41726
  0.0298  0.0299  0.0284  0.0271  0.0264  0.0267  0.0283  0.0284  0.0276  0.0288  0.0251  0.0260
  0.0278  0.0279  0.0273  0.0261  0.0252  0.0257  0.0266  0.0264  0.0262  0.0268  0.0248  0.0252
  0.0266  0.0267  0.0265  0.0259  0.0249  0.0251  0.0254  0.0251  0.0252  0.0255  0.0247  0.0247
  0.0262  0.0262  0.0262  0.0262  0.0259  0.0249  0.0249  0.0249  0.0248  0.0248  0.0248  0.0247
  0.0266  0.0264  0.0262  0.0271  0.0281  0.0252  0.0250  0.0255  0.0250  0.0249  0.0250  0.0249
  0.0279  0.0273  0.0266  0.0293  0.0311  0.0257  0.0259  0.0270  0.0257  0.0258  0.0253  0.0253
  0.0299  0.0288  0.0274  0.0326  0.0351  0.0266  0.0273  0.0293  0.0268  0.0273  0.0259  0.0262
niter,ni,del,rscale     6    3    5.0000    1.2000
parameters
   -2.6404  -20.6824    7.5306  -12.4296  -15.0158   -1.1157
    5.6138    0.6492   -0.3408   16.0013   -2.7495  -17.2385
eta,q 0.97538  9.38561
  0.0283  0.0284  0.0265  0.0278  0.0287  0.0266  0.0275  0.0288  0.0272  0.0284  0.0254  0.0259
  0.0264  0.0266  0.0254  0.0260  0.0267  0.0256  0.0260  0.0266  0.0259  0.0265  0.0249  0.0251
  0.0251  0.0253  0.0248  0.0249  0.0252  0.0249  0.0250  0.0251  0.0250  0.0252  0.0247  0.0247
  0.0247  0.0247  0.0246  0.0246  0.0246  0.0247  0.0247  0.0247  0.0247  0.0247  0.0246  0.0246
  0.0251  0.0248  0.0248  0.0250  0.0254  0.0249  0.0250  0.0252  0.0249  0.0249  0.0248  0.0248
  0.0262  0.0255  0.0252  0.0260  0.0274  0.0255  0.0261  0.0265  0.0256  0.0259  0.0250  0.0252
  0.0281  0.0270  0.0259  0.0282  0.0301  0.0265  0.0276  0.0286  0.0267  0.0275  0.0254  0.0260
niter,ni,del,rscale     5    3    5.0000    1.2000
parameters
   -2.6313  -20.5751    7.5187  -12.4327  -15.2279   -1.0669
    5.5638    0.6596   -0.2614   16.2173   -2.7964  -17.3666
eta,q 0.97539  9.38056
  0.0281  0.0278  0.0262  0.0279  0.0290  0.0265  0.0275  0.0287  0.0270  0.0281  0.0254  0.0259
  0.0262  0.0262  0.0252  0.0260  0.0269  0.0256  0.0260  0.0265  0.0257  0.0263  0.0249  0.0251
  0.0250  0.0251  0.0247  0.0249  0.0254  0.0249  0.0250  0.0251  0.0249  0.0251  0.0247  0.0247
  0.0246  0.0246  0.0246  0.0246  0.0246  0.0246  0.0246  0.0246  0.0246  0.0246  0.0246  0.0246
  0.0250  0.0249  0.0248  0.0249  0.0252  0.0249  0.0250  0.0251  0.0249  0.0250  0.0247  0.0248
  0.0262  0.0258  0.0253  0.0259  0.0270  0.0255  0.0260  0.0265  0.0257  0.0260  0.0250  0.0252
  0.0281  0.0273  0.0262  0.0280  0.0296  0.0265  0.0276  0.0286  0.0269  0.0277  0.0254  0.0260
niter,ni,del,rscale     4    3    5.0000    1.2000
parameters
   -2.6274  -20.5313    7.5077  -12.4385  -15.3134   -1.0376
    5.5508    0.6631   -0.2385   16.3179   -2.8328  -17.4194
eta,q 0.97539  9.37876
  0.0281  0.0276  0.0262  0.0279  0.0291  0.0265  0.0276  0.0287  0.0269  0.0280  0.0254  0.0260
  0.0262  0.0261  0.0253  0.0260  0.0270  0.0256  0.0260  0.0265  0.0257  0.0262  0.0249  0.0252
  0.0250  0.0250  0.0247  0.0249  0.0254  0.0249  0.0250  0.0251  0.0249  0.0251  0.0246  0.0247
  0.0246  0.0246  0.0246  0.0246  0.0246  0.0246  0.0246  0.0246  0.0246  0.0246  0.0246  0.0246
  0.0250  0.0249  0.0248  0.0249  0.0251  0.0249  0.0250  0.0251  0.0249  0.0250  0.0247  0.0248
  0.0262  0.0259  0.0253  0.0259  0.0269  0.0255  0.0260  0.0265  0.0257  0.0261  0.0250  0.0252
  0.0281  0.0275  0.0262  0.0280  0.0295  0.0265  0.0276  0.0286  0.0269  0.0278  0.0254  0.0259
niter,ni,del,rscale     3    3    5.0000    1.2000
parameters
   -2.6261  -20.5112    7.5031  -12.4418  -15.3516   -1.0264
    5.5520    0.6669   -0.2315   16.3604   -2.8178  -17.4528
eta,q 0.97538  9.37790
  0.0281  0.0276  0.0262  0.0279  0.0291  0.0265  0.0276  0.0287  0.0269  0.0279  0.0254  0.0260
  0.0262  0.0260  0.0253  0.0260  0.0270  0.0256  0.0260  0.0265  0.0257  0.0262  0.0249  0.0252
  0.0250  0.0250  0.0247  0.0249  0.0254  0.0249  0.0250  0.0251  0.0249  0.0250  0.0246  0.0247
  0.0246  0.0246  0.0246  0.0246  0.0246  0.0246  0.0246  0.0246  0.0246  0.0246  0.0246  0.0246
  0.0250  0.0249  0.0248  0.0249  0.0251  0.0249  0.0250  0.0251  0.0249  0.0250  0.0247  0.0248
  0.0262  0.0259  0.0253  0.0259  0.0269  0.0255  0.0260  0.0265  0.0257  0.0261  0.0250  0.0252
  0.0281  0.0275  0.0262  0.0280  0.0295  0.0266  0.0275  0.0286  0.0269  0.0279  0.0254  0.0259
registration optimization eta report
parameter search radius
    2.4000    2.4000    2.4000    9.5220    9.5220    7.2000
    7.2000    7.2000    7.2000    7.2000    7.2000    7.2000
100000*second partial in parameter space
       60.       51.       28.        4.        5.        4.
        6.        8.        4.        6.        2.        3.
  0.0281  0.0276  0.0262  0.0279  0.0291  0.0265  0.0276  0.0287  0.0269  0.0279  0.0254  0.0260
  0.0262  0.0260  0.0253  0.0260  0.0270  0.0256  0.0260  0.0265  0.0257  0.0262  0.0249  0.0252
  0.0250  0.0250  0.0247  0.0249  0.0254  0.0249  0.0250  0.0251  0.0249  0.0250  0.0246  0.0247
  0.0246  0.0246  0.0246  0.0246  0.0246  0.0246  0.0246  0.0246  0.0246  0.0246  0.0246  0.0246
  0.0250  0.0249  0.0248  0.0249  0.0251  0.0249  0.0250  0.0251  0.0249  0.0250  0.0247  0.0248
  0.0262  0.0259  0.0253  0.0259  0.0269  0.0255  0.0260  0.0265  0.0257  0.0261  0.0250  0.0252
  0.0281  0.0275  0.0262  0.0280  0.0295  0.0266  0.0275  0.0286  0.0269  0.0279  0.0254  0.0259
   -2.6261  -20.5112    7.5031  -12.4418  -15.3516   -1.0264
    5.5520    0.6669   -0.2315   16.3604   -2.8178  -17.4528
eta,q 0.97538  9.37790

---------------------------------------------------------------------
imgreg_4dfp /opt/freesurfer/average/711-2C_as_mni_average_305 /opt/freesurfer/average/711-2B_as_mni_average_305_mask talsrcimg_g11 none talsrcimg_to_711-2C_as_mni_average_305_t4 2311
---------------------------------------------------------------------

freesurfer imgreg_4dfp.c
/opt/freesurfer/average/711-2C_as_mni_average_305.4dfp.img
       256       256       256         1
  1.000000  1.000000  1.000000
orientation T byte_order littleendian
Reading image: /opt/freesurfer/average/711-2C_as_mni_average_305.4dfp.img
dimensions:      256       256       256
mmppix:       1.0000   -1.0000   -1.0000
center:     128.0000 -129.0000 -129.0000
/opt/freesurfer/average/711-2B_as_mni_average_305_mask.4dfp.img
       256       256       256         1
  1.000000  1.000000  1.000000
orientation T byte_order littleendian
Reading mask: /opt/freesurfer/average/711-2B_as_mni_average_305_mask.4dfp.img (2306576 pixels)
talsrcimg_g11.4dfp.img
       256       256       256         1
  1.000000  1.000000  1.000000
orientation T byte_order littleendian
Reading image: talsrcimg_g11.4dfp.img
dimensions:      256       256       256
mmppix:       1.0000   -1.0000   -1.0000
center:     128.0000 -129.0000 -129.0000
fimgreg.f
image alignment mode   2311 decimal      907 hex
parameters
   -2.6261  -20.5112    7.5031  -12.4418  -15.3516   -1.0264
    5.5520    0.6669   -0.2315   16.3604   -2.8178  -17.4528
eta,q 0.97538  9.37791
niter,ni,del,rscale     5    3    5.0000    0.8000
parameters
   -2.6179  -20.4922    7.4623  -12.3618  -14.9538   -0.9910
    5.4790    0.6525   -0.3106   16.3229   -3.1215  -17.6447
eta,q 0.97543  9.40403
  0.0262  0.0260  0.0253  0.0254  0.0262  0.0255  0.0259  0.0265  0.0256  0.0261  0.0249  0.0252
  0.0253  0.0253  0.0249  0.0249  0.0255  0.0250  0.0252  0.0254  0.0251  0.0253  0.0247  0.0248
  0.0248  0.0248  0.0247  0.0247  0.0249  0.0247  0.0247  0.0248  0.0247  0.0248  0.0246  0.0246
  0.0246  0.0246  0.0246  0.0246  0.0246  0.0246  0.0246  0.0246  0.0246  0.0246  0.0246  0.0246
  0.0248  0.0248  0.0247  0.0247  0.0247  0.0247  0.0248  0.0248  0.0247  0.0248  0.0247  0.0247
  0.0253  0.0252  0.0249  0.0249  0.0251  0.0251  0.0253  0.0255  0.0251  0.0253  0.0248  0.0249
  0.0262  0.0259  0.0253  0.0253  0.0258  0.0255  0.0260  0.0265  0.0257  0.0262  0.0250  0.0252
niter,ni,del,rscale     4    3    5.0000    0.7000
parameters
   -2.6153  -20.4979    7.4350  -12.4056  -14.8899   -1.0046
    5.4598    0.6477   -0.2803   16.3193   -3.2644  -17.7663
eta,q 0.97544  9.40431
  0.0258  0.0256  0.0251  0.0251  0.0257  0.0253  0.0257  0.0260  0.0254  0.0258  0.0248  0.0251
  0.0251  0.0251  0.0248  0.0248  0.0251  0.0249  0.0250  0.0252  0.0250  0.0251  0.0247  0.0247
  0.0247  0.0247  0.0246  0.0246  0.0247  0.0247  0.0247  0.0247  0.0247  0.0247  0.0246  0.0246
  0.0246  0.0246  0.0246  0.0246  0.0246  0.0246  0.0246  0.0246  0.0246  0.0246  0.0246  0.0246
  0.0247  0.0247  0.0246  0.0246  0.0247  0.0247  0.0247  0.0248  0.0247  0.0247  0.0246  0.0247
  0.0251  0.0251  0.0248  0.0248  0.0250  0.0250  0.0251  0.0252  0.0250  0.0251  0.0247  0.0248
  0.0258  0.0257  0.0251  0.0251  0.0257  0.0253  0.0257  0.0260  0.0254  0.0258  0.0248  0.0250
niter,ni,del,rscale     3    3    5.0000    0.6000
parameters
   -2.6164  -20.4932    7.4215  -12.4036  -14.8512   -1.0202
    5.4303    0.6256   -0.2635   16.3240   -3.4188  -17.9022
eta,q 0.97545  9.40629
  0.0255  0.0254  0.0250  0.0249  0.0254  0.0252  0.0254  0.0256  0.0252  0.0255  0.0248  0.0249
  0.0250  0.0249  0.0247  0.0247  0.0250  0.0248  0.0249  0.0250  0.0249  0.0250  0.0246  0.0247
  0.0247  0.0247  0.0246  0.0246  0.0247  0.0246  0.0246  0.0247  0.0246  0.0247  0.0246  0.0246
  0.0246  0.0246  0.0246  0.0246  0.0246  0.0246  0.0246  0.0246  0.0246  0.0246  0.0246  0.0246
  0.0247  0.0246  0.0246  0.0246  0.0246  0.0246  0.0247  0.0247  0.0246  0.0247  0.0246  0.0246
  0.0250  0.0249  0.0248  0.0247  0.0249  0.0249  0.0249  0.0251  0.0248  0.0250  0.0247  0.0248
  0.0255  0.0253  0.0250  0.0250  0.0254  0.0252  0.0254  0.0256  0.0252  0.0255  0.0248  0.0249
niter,ni,del,rscale     2    3    5.0000    0.5000
parameters
   -2.6174  -20.4861    7.4057  -12.3954  -14.8149   -1.0439
    5.3986    0.6065   -0.2420   16.3346   -3.5343  -18.0422
eta,q 0.97546  9.40834
  0.0252  0.0251  0.0248  0.0248  0.0252  0.0250  0.0251  0.0253  0.0250  0.0252  0.0247  0.0248
  0.0248  0.0248  0.0247  0.0247  0.0248  0.0247  0.0248  0.0249  0.0248  0.0248  0.0246  0.0246
  0.0246  0.0246  0.0246  0.0246  0.0246  0.0246  0.0246  0.0246  0.0246  0.0246  0.0246  0.0246
  0.0245  0.0246  0.0245  0.0246  0.0246  0.0246  0.0245  0.0245  0.0245  0.0245  0.0245  0.0245
  0.0246  0.0246  0.0246  0.0246  0.0246  0.0246  0.0246  0.0246  0.0246  0.0246  0.0246  0.0246
  0.0248  0.0248  0.0247  0.0247  0.0248  0.0248  0.0248  0.0249  0.0248  0.0248  0.0246  0.0247
  0.0252  0.0251  0.0249  0.0248  0.0252  0.0250  0.0251  0.0253  0.0250  0.0252  0.0247  0.0249
niter,ni,del,rscale     1    3    5.0000    0.4000
parameters
   -2.6169  -20.4779    7.3906  -12.3581  -14.7902   -1.0658
    5.3750    0.5832   -0.2370   16.3577   -3.6217  -18.1438
eta,q 0.97546  9.41171
  0.0249  0.0249  0.0247  0.0247  0.0249  0.0248  0.0249  0.0250  0.0248  0.0250  0.0246  0.0247
  0.0247  0.0247  0.0246  0.0246  0.0247  0.0247  0.0247  0.0247  0.0247  0.0247  0.0246  0.0246
  0.0246  0.0246  0.0246  0.0246  0.0246  0.0246  0.0246  0.0246  0.0246  0.0246  0.0245  0.0246
  0.0245  0.0245  0.0245  0.0245  0.0245  0.0245  0.0245  0.0245  0.0245  0.0245  0.0245  0.0245
  0.0246  0.0246  0.0246  0.0246  0.0246  0.0246  0.0246  0.0246  0.0246  0.0246  0.0246  0.0246
  0.0247  0.0247  0.0246  0.0246  0.0247  0.0247  0.0247  0.0248  0.0247  0.0247  0.0246  0.0247
  0.0249  0.0249  0.0247  0.0247  0.0249  0.0248  0.0249  0.0250  0.0248  0.0250  0.0246  0.0248
registration optimization eta report
parameter search radius
    0.8000    0.8000    0.8000    2.4000    2.4000    2.4000
    2.4000    2.4000    2.4000    2.4000    2.4000    2.4000
100000*second partial in parameter space
       63.       56.       31.        3.        7.        5.
        6.        8.        5.        7.        2.        4.
  0.0249  0.0249  0.0247  0.0247  0.0249  0.0248  0.0249  0.0250  0.0248  0.0250  0.0246  0.0247
  0.0247  0.0247  0.0246  0.0246  0.0247  0.0247  0.0247  0.0247  0.0247  0.0247  0.0246  0.0246
  0.0246  0.0246  0.0246  0.0246  0.0246  0.0246  0.0246  0.0246  0.0246  0.0246  0.0245  0.0246
  0.0245  0.0245  0.0245  0.0245  0.0245  0.0245  0.0245  0.0245  0.0245  0.0245  0.0245  0.0245
  0.0246  0.0246  0.0246  0.0246  0.0246  0.0246  0.0246  0.0246  0.0246  0.0246  0.0246  0.0246
  0.0247  0.0247  0.0246  0.0246  0.0247  0.0247  0.0247  0.0248  0.0247  0.0247  0.0246  0.0247
  0.0249  0.0249  0.0247  0.0247  0.0249  0.0248  0.0249  0.0250  0.0248  0.0250  0.0246  0.0248
   -2.6169  -20.4779    7.3906  -12.3581  -14.7902   -1.0658
    5.3750    0.5832   -0.2370   16.3577   -3.6217  -18.1438
eta,q 0.97546  9.41171

---------------------------------------------------------------------
imgreg_4dfp /opt/freesurfer/average/711-2C_as_mni_average_305 /opt/freesurfer/average/711-2B_as_mni_average_305_mask talsrcimg_g11 none talsrcimg_to_711-2C_as_mni_average_305_t4 2311
---------------------------------------------------------------------

freesurfer imgreg_4dfp.c
/opt/freesurfer/average/711-2C_as_mni_average_305.4dfp.img
       256       256       256         1
  1.000000  1.000000  1.000000
orientation T byte_order littleendian
Reading image: /opt/freesurfer/average/711-2C_as_mni_average_305.4dfp.img
dimensions:      256       256       256
mmppix:       1.0000   -1.0000   -1.0000
center:     128.0000 -129.0000 -129.0000
/opt/freesurfer/average/711-2B_as_mni_average_305_mask.4dfp.img
       256       256       256         1
  1.000000  1.000000  1.000000
orientation T byte_order littleendian
Reading mask: /opt/freesurfer/average/711-2B_as_mni_average_305_mask.4dfp.img (2306576 pixels)
talsrcimg_g11.4dfp.img
       256       256       256         1
  1.000000  1.000000  1.000000
orientation T byte_order littleendian
Reading image: talsrcimg_g11.4dfp.img
dimensions:      256       256       256
mmppix:       1.0000   -1.0000   -1.0000
center:     128.0000 -129.0000 -129.0000
fimgreg.f
image alignment mode   2311 decimal      907 hex
parameters
   -2.6169  -20.4779    7.3906  -12.3581  -14.7902   -1.0658
    5.3750    0.5832   -0.2370   16.3577   -3.6217  -18.1438
eta,q 0.97546  9.41171
niter,ni,del,rscale     5    3    5.0000    0.8000
parameters
   -2.6247  -20.4791    7.4190  -12.4721  -14.9652   -0.9640
    5.4199    0.6635   -0.2034   16.4237   -3.2090  -17.7419
eta,q 0.97544  9.39945
  0.0261  0.0259  0.0254  0.0253  0.0259  0.0256  0.0260  0.0265  0.0257  0.0262  0.0251  0.0254
  0.0252  0.0252  0.0249  0.0248  0.0252  0.0251  0.0252  0.0254  0.0251  0.0253  0.0248  0.0249
  0.0247  0.0247  0.0246  0.0246  0.0247  0.0247  0.0247  0.0248  0.0247  0.0247  0.0246  0.0246
  0.0245  0.0245  0.0245  0.0245  0.0245  0.0245  0.0245  0.0245  0.0245  0.0245  0.0245  0.0246
  0.0247  0.0247  0.0246  0.0246  0.0247  0.0247  0.0247  0.0248  0.0247  0.0247  0.0246  0.0247
  0.0253  0.0252  0.0249  0.0249  0.0253  0.0251  0.0252  0.0254  0.0251  0.0253  0.0247  0.0248
  0.0262  0.0260  0.0253  0.0253  0.0262  0.0255  0.0259  0.0264  0.0256  0.0261  0.0249  0.0251
niter,ni,del,rscale     4    3    5.0000    0.7000
parameters
   -2.6171  -20.4760    7.4268  -12.3955  -14.9228   -0.9821
    5.4398    0.6465   -0.2632   16.3733   -3.2577  -17.7987
eta,q 0.97544  9.40505
  0.0258  0.0256  0.0251  0.0251  0.0257  0.0253  0.0257  0.0260  0.0254  0.0258  0.0249  0.0251
  0.0251  0.0251  0.0248  0.0248  0.0251  0.0249  0.0250  0.0252  0.0249  0.0251  0.0247  0.0248
  0.0247  0.0247  0.0246  0.0246  0.0247  0.0246  0.0247  0.0247  0.0247  0.0247  0.0246  0.0246
  0.0246  0.0246  0.0246  0.0246  0.0246  0.0246  0.0246  0.0246  0.0246  0.0246  0.0246  0.0246
  0.0247  0.0247  0.0246  0.0246  0.0247  0.0247  0.0247  0.0247  0.0247  0.0247  0.0246  0.0247
  0.0251  0.0250  0.0248  0.0248  0.0250  0.0250  0.0250  0.0252  0.0250  0.0252  0.0247  0.0248
  0.0258  0.0256  0.0251  0.0251  0.0257  0.0253  0.0256  0.0260  0.0254  0.0258  0.0248  0.0250
niter,ni,del,rscale     3    3    5.0000    0.6000
parameters
   -2.6155  -20.4855    7.4187  -12.3956  -14.8635   -1.0117
    5.4303    0.6285   -0.2679   16.3343   -3.3988  -17.9063
eta,q 0.97545  9.40664
  0.0255  0.0253  0.0250  0.0249  0.0254  0.0252  0.0254  0.0256  0.0252  0.0255  0.0248  0.0250
  0.0250  0.0249  0.0247  0.0247  0.0250  0.0248  0.0249  0.0250  0.0249  0.0250  0.0246  0.0247
  0.0247  0.0246  0.0246  0.0246  0.0247  0.0246  0.0246  0.0247  0.0246  0.0247  0.0246  0.0246
  0.0246  0.0246  0.0246  0.0246  0.0246  0.0246  0.0246  0.0246  0.0246  0.0246  0.0246  0.0246
  0.0247  0.0247  0.0246  0.0246  0.0246  0.0246  0.0247  0.0247  0.0246  0.0247  0.0246  0.0246
  0.0250  0.0249  0.0248  0.0247  0.0249  0.0249  0.0249  0.0251  0.0249  0.0250  0.0247  0.0248
  0.0255  0.0254  0.0250  0.0250  0.0254  0.0252  0.0254  0.0256  0.0252  0.0255  0.0248  0.0249
niter,ni,del,rscale     2    3    5.0000    0.5000
parameters
   -2.6158  -20.4846    7.4082  -12.3800  -14.8180   -1.0440
    5.3994    0.6015   -0.2459   16.3389   -3.5218  -18.0374
eta,q 0.97546  9.40916
  0.0252  0.0251  0.0248  0.0248  0.0252  0.0250  0.0251  0.0253  0.0250  0.0252  0.0247  0.0248
  0.0248  0.0248  0.0247  0.0247  0.0248  0.0247  0.0248  0.0249  0.0248  0.0248  0.0246  0.0246
  0.0246  0.0246  0.0246  0.0246  0.0246  0.0246  0.0246  0.0246  0.0246  0.0246  0.0245  0.0246
  0.0245  0.0245  0.0245  0.0245  0.0245  0.0245  0.0246  0.0246  0.0245  0.0245  0.0245  0.0245
  0.0246  0.0246  0.0246  0.0246  0.0246  0.0246  0.0246  0.0247  0.0246  0.0246  0.0246  0.0246
  0.0248  0.0248  0.0247  0.0246  0.0248  0.0248  0.0248  0.0249  0.0248  0.0248  0.0246  0.0247
  0.0252  0.0251  0.0249  0.0248  0.0252  0.0250  0.0251  0.0253  0.0250  0.0252  0.0247  0.0249
niter,ni,del,rscale     1    3    5.0000    0.4000
parameters
   -2.6175  -20.4803    7.3907  -12.3712  -14.7917   -1.0748
    5.3825    0.5838   -0.2392   16.3510   -3.6183  -18.1429
eta,q 0.97546  9.41042
  0.0249  0.0249  0.0247  0.0247  0.0249  0.0248  0.0249  0.0250  0.0248  0.0250  0.0246  0.0247
  0.0247  0.0247  0.0246  0.0246  0.0247  0.0247  0.0247  0.0247  0.0247  0.0247  0.0246  0.0246
  0.0246  0.0246  0.0246  0.0246  0.0246  0.0246  0.0246  0.0246  0.0246  0.0246  0.0245  0.0246
  0.0245  0.0245  0.0245  0.0245  0.0245  0.0245  0.0245  0.0245  0.0245  0.0245  0.0245  0.0245
  0.0246  0.0246  0.0246  0.0246  0.0246  0.0246  0.0246  0.0246  0.0246  0.0246  0.0246  0.0246
  0.0247  0.0247  0.0246  0.0246  0.0247  0.0247  0.0247  0.0248  0.0247  0.0247  0.0246  0.0247
  0.0249  0.0249  0.0247  0.0247  0.0249  0.0249  0.0249  0.0250  0.0248  0.0250  0.0246  0.0248
registration optimization eta report
parameter search radius
    0.8000    0.8000    0.8000    2.4000    2.4000    2.4000
    2.4000    2.4000    2.4000    2.4000    2.4000    2.4000
100000*second partial in parameter space
       63.       57.       31.        3.        7.        5.
        6.        8.        5.        7.        2.        4.
  0.0249  0.0249  0.0247  0.0247  0.0249  0.0248  0.0249  0.0250  0.0248  0.0250  0.0246  0.0247
  0.0247  0.0247  0.0246  0.0246  0.0247  0.0247  0.0247  0.0247  0.0247  0.0247  0.0246  0.0246
  0.0246  0.0246  0.0246  0.0246  0.0246  0.0246  0.0246  0.0246  0.0246  0.0246  0.0245  0.0246
  0.0245  0.0245  0.0245  0.0245  0.0245  0.0245  0.0245  0.0245  0.0245  0.0245  0.0245  0.0245
  0.0246  0.0246  0.0246  0.0246  0.0246  0.0246  0.0246  0.0246  0.0246  0.0246  0.0246  0.0246
  0.0247  0.0247  0.0246  0.0246  0.0247  0.0247  0.0247  0.0248  0.0247  0.0247  0.0246  0.0247
  0.0249  0.0249  0.0247  0.0247  0.0249  0.0249  0.0249  0.0250  0.0248  0.0250  0.0246  0.0248
   -2.6175  -20.4803    7.3907  -12.3712  -14.7917   -1.0748
    5.3825    0.5838   -0.2392   16.3510   -3.6183  -18.1429
eta,q 0.97546  9.41042

---------------------------------------------------------------------
compute_vox2vox talsrcimg talsrcimg_to_711-2C_as_mni_average_305_t4 /opt/freesurfer/average/711-2C_as_mni_average_305
---------------------------------------------------------------------

freesurfer compute_vox2vox.c
Reading: talsrcimg.4dfp.ifh
Reading: talsrcimg_to_711-2C_as_mni_average_305_t4
Reading: /opt/freesurfer/average/711-2C_as_mni_average_305.4dfp.ifh
Writing: talsrcimg_to_711-2C_as_mni_average_305_t4_vox2vox.txt

start time Sun Mar 8 17:52:35 CET 2026
end		time Sun Mar 8 17:52:49 CET 2026

mpr2mni305 success

avi2talxfm orig_nu.mgz /opt/freesurfer/average/mni305.cor.mgz talsrcimg_to_711-2C_as_mni_average_305_t4_vox2vox.txt transforms/talairach.auto.xfm
avi2talxfm done
mv -f /out/sourcedata/freesurfer/sub-v1s14x0051567_ses-1/mri/talsrcimg_to_711-2C_as_mni_average_305_t4_vox2vox.txt /out/sourcedata/freesurfer/sub-v1s14x0051567_ses-1/mri/transforms/talsrcimg_to_711-2C_as_mni_average_305_t4_vox2vox.txt
lta_convert --src orig_nu.mgz --trg /opt/freesurfer/average/mni305.cor.mgz --inxfm transforms/talairach.auto.xfm --outlta transforms/talairach.auto.xfm.lta --subject fsaverage
7.3.2

--src: orig_nu.mgz src image (geometry).
--trg: /opt/freesurfer/average/mni305.cor.mgz trg image (geometry).
--inmni: transforms/talairach.auto.xfm input MNI/XFM transform.
--outlta: transforms/talairach.auto.xfm.lta output LTA.
--s: fsaverage subject name
 LTA read, type : 1
 1.14119   0.00500  -0.07102   5.21352;
 0.04089   0.97668   0.20538  -33.24743;
-0.00464  -0.18741   1.13399  -27.62129;
 0.00000   0.00000   0.00000   1.00000;
setting subject to fsaverage
Writing  LTA to file transforms/talairach.auto.xfm.lta...
lta_convert successful.
 
 
Started at Sun Mar 8 17:52:35 CET 2026
Ended   at Sun Mar  8 17:52:49 CET 2026
talairach_avi done
