status file for recon-all
Sun Mar  8 21:23:16 CET 2026
#@# Tessellate lh Sun Mar  8 21:23:16 CET 2026
#@# Smooth1 lh Sun Mar  8 21:23:19 CET 2026
#@# Inflation1 lh Sun Mar  8 21:23:21 CET 2026
#@# QSphere lh Sun Mar  8 21:23:35 CET 2026
#@# Fix Topology lh Sun Mar  8 21:24:35 CET 2026
#@# Smooth2 lh Sun Mar  8 21:32:57 CET 2026
#@# Inflation2 lh Sun Mar  8 21:33:00 CET 2026
#@# Curv .H and .K lh Sun Mar  8 21:33:14 CET 2026
#@# Sphere lh Sun Mar  8 21:33:57 CET 2026
#@# Surf Reg lh Sun Mar  8 21:36:49 CET 2026
#@# Jacobian white lh Sun Mar  8 21:40:30 CET 2026
#@# AvgCurv lh Sun Mar  8 21:40:30 CET 2026
#@# Cortical Parc lh Sun Mar  8 21:40:31 CET 2026
#@# white curv lh Sun Mar  8 21:47:41 CET 2026
#@# white area lh Sun Mar  8 21:47:43 CET 2026
#@# pial curv lh Sun Mar  8 21:47:43 CET 2026
#@# pial area lh Sun Mar  8 21:47:45 CET 2026
#@# thickness lh Sun Mar  8 21:47:46 CET 2026
#@# area and vertex vol lh Sun Mar  8 21:48:07 CET 2026
#@# Curvature Stats lh Sun Mar  8 21:48:09 CET 2026
#@# Cortical Parc 2 lh Sun Mar  8 21:48:11 CET 2026
#@# Cortical Parc 3 lh Sun Mar  8 21:48:23 CET 2026
#@# WM/GM Contrast lh Sun Mar  8 21:48:32 CET 2026
recon-all -s sub-v1s14x0051584_ses-1 finished without error at Sun Mar  8 21:48:35 CET 2026



#New# invocation of recon-all 



status file for recon-all
Sun Mar  8 22:22:02 CET 2026
#@# white curv lh Sun Mar  8 22:22:02 CET 2026
#@# white area lh Sun Mar  8 22:22:02 CET 2026
#@# pial curv lh Sun Mar  8 22:22:02 CET 2026
#@# pial area lh Sun Mar  8 22:22:02 CET 2026
#@# thickness lh Sun Mar  8 22:22:02 CET 2026
#@# area and vertex vol lh Sun Mar  8 22:22:02 CET 2026
#@# Parcellation Stats lh Sun Mar  8 22:22:02 CET 2026
#@# Parcellation Stats 2 lh Sun Mar  8 22:22:21 CET 2026
#@# Parcellation Stats 3 lh Sun Mar  8 22:22:30 CET 2026
#@# BA_exvivo Labels lh Sun Mar  8 22:22:40 CET 2026
recon-all -s sub-v1s14x0051584_ses-1 finished without error at Sun Mar  8 22:24:53 CET 2026
