status file for recon-all
Sun Mar  8 21:21:51 CET 2026
#@# Tessellate lh Sun Mar  8 21:21:51 CET 2026
#@# Smooth1 lh Sun Mar  8 21:21:53 CET 2026
#@# Inflation1 lh Sun Mar  8 21:21:56 CET 2026
#@# QSphere lh Sun Mar  8 21:22:09 CET 2026
#@# Fix Topology lh Sun Mar  8 21:23:22 CET 2026
#@# Smooth2 lh Sun Mar  8 21:33:23 CET 2026
#@# Inflation2 lh Sun Mar  8 21:33:26 CET 2026
#@# Curv .H and .K lh Sun Mar  8 21:33:38 CET 2026
#@# Sphere lh Sun Mar  8 21:34:19 CET 2026
#@# Surf Reg lh Sun Mar  8 21:40:51 CET 2026
#@# Jacobian white lh Sun Mar  8 21:44:46 CET 2026
#@# AvgCurv lh Sun Mar  8 21:44:46 CET 2026
#@# Cortical Parc lh Sun Mar  8 21:44:47 CET 2026
#@# white curv lh Sun Mar  8 21:50:32 CET 2026
#@# white area lh Sun Mar  8 21:50:33 CET 2026
#@# pial curv lh Sun Mar  8 21:50:34 CET 2026
#@# pial area lh Sun Mar  8 21:50:35 CET 2026
#@# thickness lh Sun Mar  8 21:50:36 CET 2026
#@# area and vertex vol lh Sun Mar  8 21:50:59 CET 2026
#@# Curvature Stats lh Sun Mar  8 21:51:00 CET 2026
#@# Cortical Parc 2 lh Sun Mar  8 21:51:02 CET 2026
#@# Cortical Parc 3 lh Sun Mar  8 21:51:14 CET 2026
#@# WM/GM Contrast lh Sun Mar  8 21:51:22 CET 2026
recon-all -s sub-v1s14x0051585_ses-1 finished without error at Sun Mar  8 21:51:25 CET 2026



#New# invocation of recon-all 



status file for recon-all
Sun Mar  8 22:26:09 CET 2026
#@# white curv lh Sun Mar  8 22:26:09 CET 2026
#@# white area lh Sun Mar  8 22:26:09 CET 2026
#@# pial curv lh Sun Mar  8 22:26:09 CET 2026
#@# pial area lh Sun Mar  8 22:26:09 CET 2026
#@# thickness lh Sun Mar  8 22:26:09 CET 2026
#@# area and vertex vol lh Sun Mar  8 22:26:09 CET 2026
#@# Parcellation Stats lh Sun Mar  8 22:26:09 CET 2026
#@# Parcellation Stats 2 lh Sun Mar  8 22:26:26 CET 2026
#@# Parcellation Stats 3 lh Sun Mar  8 22:26:35 CET 2026
#@# BA_exvivo Labels lh Sun Mar  8 22:26:43 CET 2026
recon-all -s sub-v1s14x0051585_ses-1 finished without error at Sun Mar  8 22:28:51 CET 2026
