status file for recon-all
Sun Mar  8 21:51:28 CET 2026
#@# Tessellate rh Sun Mar  8 21:51:28 CET 2026
#@# Smooth1 rh Sun Mar  8 21:51:31 CET 2026
#@# Inflation1 rh Sun Mar  8 21:51:33 CET 2026
#@# QSphere rh Sun Mar  8 21:51:47 CET 2026
#@# Fix Topology rh Sun Mar  8 21:52:44 CET 2026
#@# Smooth2 rh Sun Mar  8 22:03:12 CET 2026
#@# Inflation2 rh Sun Mar  8 22:03:14 CET 2026
#@# Curv .H and .K rh Sun Mar  8 22:03:26 CET 2026
#@# Sphere rh Sun Mar  8 22:04:07 CET 2026
#@# Surf Reg rh Sun Mar  8 22:10:54 CET 2026
#@# Jacobian white rh Sun Mar  8 22:14:39 CET 2026
#@# AvgCurv rh Sun Mar  8 22:14:40 CET 2026
#@# Cortical Parc rh Sun Mar  8 22:14:41 CET 2026
#@# white curv rh Sun Mar  8 22:20:58 CET 2026
#@# white area rh Sun Mar  8 22:20:59 CET 2026
#@# pial curv rh Sun Mar  8 22:21:00 CET 2026
#@# pial area rh Sun Mar  8 22:21:01 CET 2026
#@# thickness rh Sun Mar  8 22:21:02 CET 2026
#@# area and vertex vol rh Sun Mar  8 22:21:25 CET 2026
#@# Curvature Stats rh Sun Mar  8 22:21:26 CET 2026
#@# Cortical Parc 2 rh Sun Mar  8 22:21:28 CET 2026
#@# Cortical Parc 3 rh Sun Mar  8 22:21:39 CET 2026
#@# WM/GM Contrast rh Sun Mar  8 22:21:48 CET 2026
recon-all -s sub-v1s14x0051585_ses-1 finished without error at Sun Mar  8 22:21:50 CET 2026



#New# invocation of recon-all 



status file for recon-all
Sun Mar  8 22:28:53 CET 2026
#@# white curv rh Sun Mar  8 22:28:53 CET 2026
#@# white area rh Sun Mar  8 22:28:53 CET 2026
#@# pial curv rh Sun Mar  8 22:28:53 CET 2026
#@# pial area rh Sun Mar  8 22:28:53 CET 2026
#@# thickness rh Sun Mar  8 22:28:53 CET 2026
#@# area and vertex vol rh Sun Mar  8 22:28:53 CET 2026
#@# Parcellation Stats rh Sun Mar  8 22:28:53 CET 2026
#@# Parcellation Stats 2 rh Sun Mar  8 22:29:10 CET 2026
#@# Parcellation Stats 3 rh Sun Mar  8 22:29:18 CET 2026
#@# BA_exvivo Labels rh Sun Mar  8 22:29:26 CET 2026
recon-all -s sub-v1s14x0051585_ses-1 finished without error at Sun Mar  8 22:31:33 CET 2026
