/out/sourcedata/freesurfer/sub-v1s14x0051559_ses-1/mri
/opt/freesurfer/bin/talairach_avi
--i orig_nu.mgz --xfm transforms/talairach.auto.xfm
talairach_avi 7.3.2
Linux dna020 5.14.0-427.37.1.el9_4.x86_64 #1 SMP PREEMPT_DYNAMIC Fri Sep 13 12:41:50 EDT 2024 x86_64 x86_64 x86_64 GNU/Linux
Sun Mar  8 17:19:22 CET 2026
mri_convert orig_nu.mgz talsrcimg.img 
reading from orig_nu.mgz...
TR=0.00, TE=0.00, TI=0.00, flip angle=0.00
i_ras = (-1, -1.16415e-09, -1.86265e-09)
j_ras = (0, 0, -1)
k_ras = (5.00586e-09, 1, 0)
writing to talsrcimg.img...
Analyze Output Matrix
-1.00000   0.00000   0.00000   125.56696;
-0.00000   0.00000   1.00000  -106.66335;
-0.00000  -1.00000   0.00000   132.06866;
 0.00000   0.00000   0.00000   1.00000;
--------------------
INFO: set hdr.hist.orient to -1
mpr2mni305 talsrcimg
Sun Mar  8 17:19:23 CET 2026
/opt/freesurfer/bin/mpr2mni305 talsrcimg
mpr2mni305 7.3.2
target=711-2C_as_mni_average_305

---------------------------------------------------------------------
analyzeto4dfp talsrcimg -O0 -y
---------------------------------------------------------------------

freesurfer ifh2hdr.c
Sun Mar  8 17:19:23 2026
Writing: talsrcimg.4dfp.hdr
freesurfer analyzeto4dfp.c
Reading: talsrcimg.hdr
header size 348 bytes
hdr.dime.datatype	offset=70	value=2
hdr.dime.bitpix		offset=72	value=8
hdr.hist.orient		offset=252	value=-1
dimensionality     4
dimensions       256       256       256         1
Reading: talsrcimg.img
Writing: talsrcimg.4dfp.img
Writing: talsrcimg.4dfp.ifh
ifh2hdr talsrcimg -r0to255
ori=2

---------------------------------------------------------------------
gauss_4dfp talsrcimg 1.1
---------------------------------------------------------------------

freesurfer gauss_4dfp.c
Reading: talsrcimg.4dfp.img
Writing: talsrcimg_g11.4dfp.img
image dimensions 256 256 256 padded to 288 288 288
processing volume 1freesurfer ifh2hdr.c
Sun Mar  8 17:19:25 2026
Writing: talsrcimg_g11.4dfp.hdr

Writing: talsrcimg_g11.4dfp.ifh
including: talsrcimg.4dfp.img.rec in talsrcimg_g11.4dfp.img.rec

---------------------------------------------------------------------
imgreg_4dfp /opt/freesurfer/average/711-2C_as_mni_average_305 none talsrcimg_g11 none talsrcimg_to_711-2C_as_mni_average_305_t4 4355
---------------------------------------------------------------------

freesurfer imgreg_4dfp.c
/opt/freesurfer/average/711-2C_as_mni_average_305.4dfp.img
       256       256       256         1
  1.000000  1.000000  1.000000
orientation T byte_order littleendian
Reading image: /opt/freesurfer/average/711-2C_as_mni_average_305.4dfp.img
dimensions:      256       256       256
mmppix:       1.0000   -1.0000   -1.0000
center:     128.0000 -129.0000 -129.0000
talsrcimg_g11.4dfp.img
       256       256       256         1
  1.000000  1.000000  1.000000
orientation T byte_order littleendian
Reading image: talsrcimg_g11.4dfp.img
dimensions:      256       256       256
mmppix:       1.0000   -1.0000   -1.0000
center:     128.0000 -129.0000 -129.0000
t4_read: open error in t4_sub.f l:  41 t4_file(1:l)talsrcimg_to_711-2C_as_mni_average_305_t4 
t4_read: transform initialized to I4
rotation matrix determinant  1.000000
image alignment mode   4355 decimal     1103 hex
   -7.5000  -45.0000  -45.0000 9448.7061   15.9705
    0.0000  -45.0000  -45.0000 9880.0723   15.9634
    7.5000  -45.0000  -45.0000 9437.1270   15.9482
   -7.5000  -37.5000  -45.0000 9878.9219   15.9543
    0.0000  -37.5000  -45.000010350.6045   15.9513
    7.5000  -37.5000  -45.0000 9867.1367   15.9406
   -7.5000  -30.0000  -45.000010636.1963   15.9726
    0.0000  -30.0000  -45.000011149.2861   15.9733
    7.5000  -30.0000  -45.000010630.1230   15.9663
   -7.5000  -22.5000  -45.000011333.5977   16.0080
    0.0000  -22.5000  -45.000011859.3252   16.0081
    7.5000  -22.5000  -45.000011299.0000   16.0003
   -7.5000  -15.0000  -45.000011970.8301   16.0259
    0.0000  -15.0000  -45.000012535.0195   16.0215
    7.5000  -15.0000  -45.000011961.5840   16.0086
   -7.5000   -7.5000  -45.000012518.6875   16.0067
    0.0000   -7.5000  -45.000013081.4473   15.9987
    7.5000   -7.5000  -45.000012490.8096   15.9822
   -7.5000    0.0000  -45.000012947.7246   15.9705
    0.0000    0.0000  -45.000013532.5254   15.9634
    7.5000    0.0000  -45.000012897.4043   15.9482
   -7.5000    7.5000  -45.000012417.0420   15.9543
    0.0000    7.5000  -45.000012987.0430   15.9513
    7.5000    7.5000  -45.000012330.2354   15.9406
   -7.5000   15.0000  -45.000011601.8828   15.9726
    0.0000   15.0000  -45.000012128.0996   15.9733
    7.5000   15.0000  -45.000011521.1719   15.9663
   -7.5000   22.5000  -45.000010640.0088   16.0058
    0.0000   22.5000  -45.000011095.9209   16.0059
    7.5000   22.5000  -45.000010562.2803   15.9981
   -7.5000   30.0000  -45.0000 9692.4551   15.8124
    0.0000   30.0000  -45.000010088.3408   15.8080
    7.5000   30.0000  -45.0000 9619.0576   15.7953
   -7.5000   37.5000  -45.0000 9106.3604   15.7934
    0.0000   37.5000  -45.0000 9472.4150   15.7855
    7.5000   37.5000  -45.0000 9003.3760   15.7692
   -7.5000   45.0000  -45.0000 8187.0278   15.3896
    0.0000   45.0000  -45.0000 8508.0977   15.3826
    7.5000   45.0000  -45.0000 8080.2295   15.3681
   -7.5000  -45.0000  -37.5000 9970.2422   15.9474
    0.0000  -45.0000  -37.500010412.4941   15.9334
    7.5000  -45.0000  -37.5000 9948.8594   15.9162
   -7.5000  -37.5000  -37.500010424.3936   15.9250
    0.0000  -37.5000  -37.500010911.8115   15.9157
    7.5000  -37.5000  -37.500010415.1602   15.9030
   -7.5000  -30.0000  -37.500011228.7783   15.9413
    0.0000  -30.0000  -37.500011747.6992   15.9352
    7.5000  -30.0000  -37.500011216.8770   15.9283
   -7.5000  -22.5000  -37.500011959.6582   15.9818
    0.0000  -22.5000  -37.500012503.0283   15.9746
    7.5000  -22.5000  -37.500011932.3506   15.9687
   -7.5000  -15.0000  -37.500012590.8633   16.0060
    0.0000  -15.0000  -37.500013207.7568   15.9937
    7.5000  -15.0000  -37.500012590.1650   15.9828
   -7.5000   -7.5000  -37.500013151.3330   15.9879
    0.0000   -7.5000  -37.500013735.7480   15.9720
    7.5000   -7.5000  -37.500013113.8516   15.9555
   -7.5000    0.0000  -37.500013584.2520   15.9474
    0.0000    0.0000  -37.500014183.0020   15.9334
    7.5000    0.0000  -37.500013521.6797   15.9162
   -7.5000    7.5000  -37.500013006.5703   15.9250
    0.0000    7.5000  -37.500013592.5430   15.9157
    7.5000    7.5000  -37.500012932.3125   15.9030
   -7.5000   15.0000  -37.500012171.5342   15.9413
    0.0000   15.0000  -37.500012705.2539   15.9352
    7.5000   15.0000  -37.500012087.6387   15.9283
   -7.5000   22.5000  -37.500011117.6992   15.9796
    0.0000   22.5000  -37.500011586.6875   15.9724
    7.5000   22.5000  -37.500011042.4023   15.9665
   -7.5000   30.0000  -37.500010095.7451   15.7927
    0.0000   30.0000  -37.500010496.6846   15.7805
    7.5000   30.0000  -37.500010007.8730   15.7698
   -7.5000   37.5000  -37.5000 9450.8896   15.7749
    0.0000   37.5000  -37.5000 9825.4531   15.7592
    7.5000   37.5000  -37.5000 9347.6338   15.7428
   -7.5000   45.0000  -37.5000 8486.9590   15.3674
    0.0000   45.0000  -37.5000 8813.8447   15.3539
    7.5000   45.0000  -37.5000 8372.3184   15.3370
   -7.5000  -45.0000  -30.000010623.3232   16.6453
    0.0000  -45.0000  -30.000011090.3428   16.6267
    7.5000  -45.0000  -30.000010600.9199   16.6103
   -7.5000  -37.5000  -30.000011110.1309   16.6148
    0.0000  -37.5000  -30.000011627.5879   16.6022
    7.5000  -37.5000  -30.000011117.4336   16.5932
   -7.5000  -30.0000  -30.000011976.9141   16.6199
    0.0000  -30.0000  -30.000012520.7412   16.6090
    7.5000  -30.0000  -30.000011980.4697   16.6086
   -7.5000  -22.5000  -30.000012731.8086   16.6588
    0.0000  -22.5000  -30.000013330.4346   16.6443
    7.5000  -22.5000  -30.000012737.2686   16.6446
   -7.5000  -15.0000  -30.000013428.5762   16.6916
    0.0000  -15.0000  -30.000014065.6475   16.6709
    7.5000  -15.0000  -30.000013404.4023   16.6633
   -7.5000   -7.5000  -30.000013982.5840   16.6830
    0.0000   -7.5000  -30.000014628.5234   16.6600
    7.5000   -7.5000  -30.000013926.8594   16.6444
   -7.5000    0.0000  -30.000014426.8184   16.6453
    0.0000    0.0000  -30.000015071.1416   16.6267
    7.5000    0.0000  -30.000014344.5732   16.6103
   -7.5000    7.5000  -30.000013771.7949   16.6148
    0.0000    7.5000  -30.000014384.7891   16.6022
    7.5000    7.5000  -30.000013691.5996   16.5932
   -7.5000   15.0000  -30.000012885.9961   16.6199
    0.0000   15.0000  -30.000013431.0303   16.6090
    7.5000   15.0000  -30.000012788.7666   16.6086
   -7.5000   22.5000  -30.000011766.8516   16.6548
    0.0000   22.5000  -30.000012234.6260   16.6403
    7.5000   22.5000  -30.000011653.0146   16.6406
   -7.5000   30.0000  -30.000010681.8564   16.4707
    0.0000   30.0000  -30.000011101.2734   16.4504
    7.5000   30.0000  -30.000010564.6641   16.4428
   -7.5000   37.5000  -30.0000 9977.2422   16.4623
    0.0000   37.5000  -30.000010373.9570   16.4395
    7.5000   37.5000  -30.0000 9859.8359   16.4242
   -7.5000   45.0000  -30.0000 8929.4160   16.0519
    0.0000   45.0000  -30.0000 9278.9668   16.0339
    7.5000   45.0000  -30.0000 8823.2549   16.0177
   -7.5000  -45.0000  -22.500011265.5713   17.2445
    0.0000  -45.0000  -22.500011783.8867   17.2296
    7.5000  -45.0000  -22.500011244.9824   17.2173
   -7.5000  -37.5000  -22.500011816.9385   17.2127
    0.0000  -37.5000  -22.500012362.4795   17.2043
    7.5000  -37.5000  -22.500011789.9414   17.2020
   -7.5000  -30.0000  -22.500012736.1631   17.2072
    0.0000  -30.0000  -22.500013325.5000   17.1993
    7.5000  -30.0000  -22.500012719.3438   17.2060
   -7.5000  -22.5000  -22.500013528.4551   17.2382
    0.0000  -22.5000  -22.500014178.2871   17.2243
    7.5000  -22.5000  -22.500013492.1680   17.2285
   -7.5000  -15.0000  -22.500014261.8867   17.2727
    0.0000  -15.0000  -22.500014933.9004   17.2523
    7.5000  -15.0000  -22.500014191.5010   17.2456
   -7.5000   -7.5000  -22.500014845.8975   17.2735
    0.0000   -7.5000  -22.500015517.5176   17.2525
    7.5000   -7.5000  -22.500014755.1797   17.2382
   -7.5000    0.0000  -22.500015289.2744   17.2445
    0.0000    0.0000  -22.500015974.7891   17.2296
    7.5000    0.0000  -22.500015166.0420   17.2173
   -7.5000    7.5000  -22.500014522.7158   17.2127
    0.0000    7.5000  -22.500015142.0459   17.2043
    7.5000    7.5000  -22.500014398.6924   17.2020
   -7.5000   15.0000  -22.500013557.1484   17.2072
    0.0000   15.0000  -22.500014096.5518   17.1993
    7.5000   15.0000  -22.500013419.2529   17.2060
   -7.5000   22.5000  -22.500012367.8799   17.2329
    0.0000   22.5000  -22.500012871.2773   17.2190
    7.5000   22.5000  -22.500012280.0254   17.2232
   -7.5000   30.0000  -22.500011247.1631   17.0468
    0.0000   30.0000  -22.500011694.3887   17.0266
    7.5000   30.0000  -22.500011119.9111   17.0200
   -7.5000   37.5000  -22.500010510.7666   17.0476
    0.0000   37.5000  -22.500010922.1504   17.0268
    7.5000   37.5000  -22.500010387.8340   17.0127
   -7.5000   45.0000  -22.5000 9378.1709   16.6423
    0.0000   45.0000  -22.5000 9742.1475   16.6280
    7.5000   45.0000  -22.5000 9269.8271   16.6159
   -7.5000  -45.0000  -15.000011906.1543   17.6623
    0.0000  -45.0000  -15.000012434.1738   17.6541
    7.5000  -45.0000  -15.000011836.7051   17.6436
   -7.5000  -37.5000  -15.000012481.0986   17.6340
    0.0000  -37.5000  -15.000013038.1133   17.6324
    7.5000  -37.5000  -15.000012396.7402   17.6329
   -7.5000  -30.0000  -15.000013449.1104   17.6273
    0.0000  -30.0000  -15.000014071.2383   17.6266
    7.5000  -30.0000  -15.000013374.8320   17.6345
   -7.5000  -22.5000  -15.000014290.8916   17.6531
    0.0000  -22.5000  -15.000014979.7031   17.6461
    7.5000  -22.5000  -15.000014212.5498   17.6489
   -7.5000  -15.0000  -15.000015044.6084   17.6838
    0.0000  -15.0000  -15.000015725.6748   17.6703
    7.5000  -15.0000  -15.000014915.5225   17.6610
   -7.5000   -7.5000  -15.000015708.1191   17.6862
    0.0000   -7.5000  -15.000016365.6455   17.6725
    7.5000   -7.5000  -15.000015553.8027   17.6574
   -7.5000    0.0000  -15.000016151.6836   17.6623
    0.0000    0.0000  -15.000016814.0078   17.6541
    7.5000    0.0000  -15.000015960.8643   17.6436
   -7.5000    7.5000  -15.000015311.5898   17.6340
    0.0000    7.5000  -15.000015911.8818   17.6324
    7.5000    7.5000  -15.000015099.8975   17.6329
   -7.5000   15.0000  -15.000014256.6113   17.6273
    0.0000   15.0000  -15.000014817.1904   17.6266
    7.5000   15.0000  -15.000014068.7109   17.6345
   -7.5000   22.5000  -15.000013029.8408   17.6469
    0.0000   22.5000  -15.000013567.4004   17.6398
    7.5000   22.5000  -15.000012893.4014   17.6426
   -7.5000   30.0000  -15.000011841.7539   17.4550
    0.0000   30.0000  -15.000012317.6670   17.4416
    7.5000   30.0000  -15.000011694.7803   17.4324
   -7.5000   37.5000  -15.000011073.8105   17.4573
    0.0000   37.5000  -15.000011517.6475   17.4437
    7.5000   37.5000  -15.000010915.8594   17.4288
   -7.5000   45.0000  -15.0000 9863.1445   17.0555
    0.0000   45.0000  -15.000010257.9854   17.0477
    7.5000   45.0000  -15.0000 9732.6543   17.0377
   -7.5000  -45.0000   -7.500012455.0840   17.8402
    0.0000  -45.0000   -7.500013042.2754   17.8353
    7.5000  -45.0000   -7.500012421.5625   17.8221
   -7.5000  -37.5000   -7.500013094.7090   17.8188
    0.0000  -37.5000   -7.500013693.9268   17.8193
    7.5000  -37.5000   -7.500013010.1406   17.8146
   -7.5000  -30.0000   -7.500014167.4287   17.8247
    0.0000  -30.0000   -7.500014821.1768   17.8279
    7.5000  -30.0000   -7.500014031.9072   17.8286
   -7.5000  -22.5000   -7.500015144.0479   17.8547
    0.0000  -22.5000   -7.500015852.7393   17.8542
    7.5000  -22.5000   -7.500014970.2021   17.8508
   -7.5000  -15.0000   -7.500015976.9053   17.8783
    0.0000  -15.0000   -7.500016597.7793   17.8721
    7.5000  -15.0000   -7.500015733.8594   17.8594
   -7.5000   -7.5000   -7.500016639.3008   17.8698
    0.0000   -7.5000   -7.500017251.6348   17.8619
    7.5000   -7.5000   -7.500016368.0771   17.8446
   -7.5000    0.0000   -7.500017085.1875   17.8402
    0.0000    0.0000   -7.500017756.2695   17.8353
    7.5000    0.0000   -7.500016806.7676   17.8221
   -7.5000    7.5000   -7.500016139.7354   17.8188
    0.0000    7.5000   -7.500016817.2324   17.8193
    7.5000    7.5000   -7.500015862.9678   17.8146
   -7.5000   15.0000   -7.500015010.9658   17.8247
    0.0000   15.0000   -7.500015658.6006   17.8279
    7.5000   15.0000   -7.500014747.1396   17.8286
   -7.5000   22.5000   -7.500013729.6084   17.8464
    0.0000   22.5000   -7.500014331.6191   17.8460
    7.5000   22.5000   -7.500013526.3818   17.8426
   -7.5000   30.0000   -7.500012497.3408   17.6465
    0.0000   30.0000   -7.500013038.2344   17.6403
    7.5000   30.0000   -7.500012297.5186   17.6278
   -7.5000   37.5000   -7.500011708.1416   17.6381
    0.0000   37.5000   -7.500012201.1182   17.6303
    7.5000   37.5000   -7.500011512.7920   17.6132
   -7.5000   45.0000   -7.500010419.3203   17.2303
    0.0000   45.0000   -7.500010859.1055   17.2256
    7.5000   45.0000   -7.500010265.3809   17.2131
   -7.5000  -45.0000    0.000012943.9551   17.8441
    0.0000  -45.0000    0.000013524.5576   17.8363
    7.5000  -45.0000    0.000012916.4883   17.8192
   -7.5000  -37.5000    0.000013569.0488   17.8257
    0.0000  -37.5000    0.000014172.3916   17.8224
    7.5000  -37.5000    0.000013525.9688   17.8104
   -7.5000  -30.0000    0.000014769.0439   17.8457
    0.0000  -30.0000    0.000015478.9883   17.8463
    7.5000  -30.0000    0.000014645.4600   17.8386
   -7.5000  -22.5000    0.000015954.8125   17.8852
    0.0000  -22.5000    0.000016829.5430   17.8849
    7.5000  -22.5000    0.000015759.0781   17.8763
   -7.5000  -15.0000    0.000016997.5898   17.9056
    0.0000  -15.0000    0.000017841.7559   17.9002
    7.5000  -15.0000    0.000016695.7969   17.8858
   -7.5000   -7.5000    0.000017622.7051   17.8844
    0.0000   -7.5000    0.000018408.0039   17.8754
    7.5000   -7.5000    0.000017287.2871   17.8568
   -7.5000    0.0000    0.000017929.9961   17.8441
    0.0000    0.0000    0.000018699.0918   17.8363
    7.5000    0.0000    0.000017574.9590   17.8192
   -7.5000    7.5000    0.000016852.4922   17.8257
    0.0000    7.5000    0.000017573.5332   17.8224
    7.5000    7.5000    0.000016533.8047   17.8104
   -7.5000   15.0000    0.000015675.3828   17.8457
    0.0000   15.0000    0.000016328.6846   17.8463
    7.5000   15.0000    0.000015385.2930   17.8386
   -7.5000   22.5000    0.000014316.5469   17.8769
    0.0000   22.5000    0.000014918.9766   17.8767
    7.5000   22.5000    0.000014107.4268   17.8681
   -7.5000   30.0000    0.000013023.4385   17.6738
    0.0000   30.0000    0.000013566.8467   17.6685
    7.5000   30.0000    0.000012811.5020   17.6543
   -7.5000   37.5000    0.000012202.9629   17.6530
    0.0000   37.5000    0.000012703.7334   17.6440
    7.5000   37.5000    0.000012006.2051   17.6257
   -7.5000   45.0000    0.000010819.9453   17.2354
    0.0000   45.0000    0.000011282.0938   17.2278
    7.5000   45.0000    0.000010664.4551   17.2113
   -7.5000  -45.0000    7.500012443.0283   17.8456
    0.0000  -45.0000    7.500013003.2041   17.8299
    7.5000  -45.0000    7.500012400.0498   17.8106
   -7.5000  -37.5000    7.500013076.8096   17.8204
    0.0000  -37.5000    7.500013653.2422   17.8100
    7.5000  -37.5000    7.500012999.9844   17.7958
   -7.5000  -30.0000    7.500014273.5254   17.8387
    0.0000  -30.0000    7.500014971.7051   17.8319
    7.5000  -30.0000    7.500014095.8799   17.8242
   -7.5000  -22.5000    7.500015378.8652   17.8840
    0.0000  -22.5000    7.500016252.8184   17.8760
    7.5000  -22.5000    7.500015186.2002   17.8693
   -7.5000  -15.0000    7.500016340.4131   17.9111
    0.0000  -15.0000    7.500017246.5957   17.8973
    7.5000  -15.0000    7.500016149.5449   17.8851
   -7.5000   -7.5000    7.500016930.4219   17.8909
    0.0000   -7.5000    7.500017782.5977   17.8731
    7.5000   -7.5000    7.500016733.4883   17.8546
   -7.5000    0.0000    7.500017282.2109   17.8456
    0.0000    0.0000    7.500018091.2363   17.8299
    7.5000    0.0000    7.500017012.1660   17.8106
   -7.5000    7.5000    7.500016223.6084   17.8204
    0.0000    7.5000    7.500016906.1113   17.8100
    7.5000    7.5000    7.500015938.7842   17.7958
   -7.5000   15.0000    7.500015050.5674   17.8387
    0.0000   15.0000    7.500015655.3838   17.8319
    7.5000   15.0000    7.500014793.5020   17.8242
   -7.5000   22.5000    7.500013741.3125   17.8758
    0.0000   22.5000    7.500014303.6846   17.8678
    7.5000   22.5000    7.500013547.5068   17.8611
   -7.5000   30.0000    7.500012459.8613   17.6793
    0.0000   30.0000    7.500012975.0391   17.6657
    7.5000   30.0000    7.500012303.8193   17.6537
   -7.5000   37.5000    7.500011706.1982   17.6594
    0.0000   37.5000    7.500012175.2510   17.6418
    7.5000   37.5000    7.500011536.0234   17.6235
   -7.5000   45.0000    7.500010398.3311   17.2370
    0.0000   45.0000    7.500010830.0703   17.2218
    7.5000   45.0000    7.500010271.0420   17.2029
   -7.5000  -45.0000   15.000011872.9502   17.8743
    0.0000  -45.0000   15.000012390.3438   17.8543
    7.5000  -45.0000   15.000011796.4072   17.8367
   -7.5000  -37.5000   15.000012455.6133   17.8416
    0.0000  -37.5000   15.000012997.1045   17.8281
    7.5000  -37.5000   15.000012337.6973   17.8184
   -7.5000  -30.0000   15.000013510.9893   17.8470
    0.0000  -30.0000   15.000014136.9912   17.8354
    7.5000  -30.0000   15.000013359.8369   17.8350
   -7.5000  -22.5000   15.000014452.5488   17.8888
    0.0000  -22.5000   15.000015154.7930   17.8733
    7.5000  -22.5000   15.000014364.8037   17.8736
   -7.5000  -15.0000   15.000015229.2295   17.9240
    0.0000  -15.0000   15.000015930.5469   17.9019
    7.5000  -15.0000   15.000015204.1240   17.8937
   -7.5000   -7.5000   15.000015889.9648   17.9148
    0.0000   -7.5000   15.000016575.3867   17.8901
    7.5000   -7.5000   15.000015792.6416   17.8734
   -7.5000    0.0000   15.000016400.5488   17.8743
    0.0000    0.0000   15.000017044.6602   17.8543
    7.5000    0.0000   15.000016180.2197   17.8367
   -7.5000    7.5000   15.000015476.8105   17.8416
    0.0000    7.5000   15.000016010.0332   17.8281
    7.5000    7.5000   15.000015181.2373   17.8184
   -7.5000   15.0000   15.000014308.8867   17.8470
    0.0000   15.0000   15.000014819.3389   17.8354
    7.5000   15.0000   15.000014068.9307   17.8350
   -7.5000   22.5000   15.000013060.3564   17.8805
    0.0000   22.5000   15.000013564.0459   17.8651
    7.5000   22.5000   15.000012868.8916   17.8653
   -7.5000   30.0000   15.000011806.3818   17.6920
    0.0000   30.0000   15.000012301.0791   17.6702
    7.5000   30.0000   15.000011681.2607   17.6621
   -7.5000   37.5000   15.000011049.8213   17.6830
    0.0000   37.5000   15.000011516.6699   17.6586
    7.5000   37.5000   15.000010934.8066   17.6421
   -7.5000   45.0000   15.0000 9811.1660   17.2650
    0.0000   45.0000   15.000010236.7051   17.2457
    7.5000   45.0000   15.0000 9722.8174   17.2283
   -7.5000  -45.0000   22.500011131.3457   17.9707
    0.0000  -45.0000   22.500011603.1113   17.9554
    7.5000  -45.0000   22.500011067.0283   17.9425
   -7.5000  -37.5000   22.500011657.2930   17.9367
    0.0000  -37.5000   22.500012136.0996   17.9284
    7.5000  -37.5000   22.500011556.3838   17.9261
   -7.5000  -30.0000   22.500012610.7080   17.9302
    0.0000  -30.0000   22.500013153.2715   17.9228
    7.5000  -30.0000   22.500012535.5068   17.9300
   -7.5000  -22.5000   22.500013436.2031   17.9627
    0.0000  -22.5000   22.500014037.2178   17.9490
    7.5000  -22.5000   22.500013430.2734   17.9537
   -7.5000  -15.0000   22.500014148.4434   17.9997
    0.0000  -15.0000   22.500014755.8115   17.9788
    7.5000  -15.0000   22.500014174.3770   17.9720
   -7.5000   -7.5000   22.500014827.9678   18.0011
    0.0000   -7.5000   22.500015442.6543   17.9794
    7.5000   -7.5000   22.500014769.6221   17.9647
   -7.5000    0.0000   22.500015340.1553   17.9707
    0.0000    0.0000   22.500015938.4121   17.9554
    7.5000    0.0000   22.500015169.5371   17.9425
   -7.5000    7.5000   22.500014481.9443   17.9367
    0.0000    7.5000   22.500014993.9268   17.9284
    7.5000    7.5000   22.500014270.0898   17.9261
   -7.5000   15.0000   22.500013387.7441   17.9302
    0.0000   15.0000   22.500013864.1992   17.9228
    7.5000   15.0000   22.500013194.8643   17.9300
   -7.5000   22.5000   22.500012260.6699   17.9545
    0.0000   22.5000   22.500012726.4180   17.9407
    7.5000   22.5000   22.500012080.0195   17.9454
   -7.5000   30.0000   22.500011099.5957   17.7667
    0.0000   30.0000   22.500011547.8389   17.7461
    7.5000   30.0000   22.500010981.8926   17.7395
   -7.5000   37.5000   22.500010358.7744   17.7682
    0.0000   37.5000   22.500010792.6367   17.7468
    7.5000   37.5000   22.500010260.7344   17.7322
   -7.5000   45.0000   22.5000 9178.7461   17.3583
    0.0000   45.0000   22.5000 9562.5986   17.3436
    7.5000   45.0000   22.5000 9121.6016   17.3310
   -7.5000  -45.0000   30.000010271.1299   18.1864
    0.0000  -45.0000   30.000010736.6152   18.1777
    7.5000  -45.0000   30.000010243.7920   18.1663
   -7.5000  -37.5000   30.000010779.6172   18.1562
    0.0000  -37.5000   30.000011263.2285   18.1548
    7.5000  -37.5000   30.000010732.1230   18.1551
   -7.5000  -30.0000   30.000011678.7930   18.1484
    0.0000  -30.0000   30.000012193.0771   18.1484
    7.5000  -30.0000   30.000011625.7207   18.1569
   -7.5000  -22.5000   30.000012428.3184   18.1753
    0.0000  -22.5000   30.000012948.1807   18.1686
    7.5000  -22.5000   30.000012409.6182   18.1719
   -7.5000  -15.0000   30.000013066.2568   18.2080
    0.0000  -15.0000   30.000013605.0400   18.1941
    7.5000  -15.0000   30.000013053.0908   18.1846
   -7.5000   -7.5000   30.000013690.0293   18.2112
    0.0000   -7.5000   30.000014243.9346   18.1968
    7.5000   -7.5000   30.000013642.1553   18.1808
   -7.5000    0.0000   30.000014170.2900   18.1864
    0.0000    0.0000   30.000014738.2979   18.1777
    7.5000    0.0000   30.000014079.6572   18.1663
   -7.5000    7.5000   30.000013407.8213   18.1562
    0.0000    7.5000   30.000013919.7051   18.1548
    7.5000    7.5000   30.000013256.5713   18.1551
   -7.5000   15.0000   30.000012406.1504   18.1484
    0.0000   15.0000   30.000012876.7725   18.1484
    7.5000   15.0000   30.000012250.0537   18.1569
   -7.5000   22.5000   30.000011367.7842   18.1669
    0.0000   22.5000   30.000011794.2939   18.1602
    7.5000   22.5000   30.000011202.2451   18.1635
   -7.5000   30.0000   30.000010326.3408   17.9723
    0.0000   30.0000   30.000010725.6895   17.9586
    7.5000   30.0000   30.000010198.3809   17.9493
   -7.5000   37.5000   30.0000 9598.2305   17.9756
    0.0000   37.5000   30.0000 9962.1719   17.9613
    7.5000   37.5000   30.0000 9501.5967   17.9455
   -7.5000   45.0000   30.0000 8507.3232   17.5668
    0.0000   45.0000   30.0000 8830.8672   17.5585
    7.5000   45.0000   30.0000 8432.4766   17.5476
   -7.5000  -45.0000   37.5000 9828.8350   18.5303
    0.0000  -45.0000   37.500010285.5703   18.5248
    7.5000  -45.0000   37.5000 9816.0518   18.5092
   -7.5000  -37.5000   37.500010328.3027   18.5061
    0.0000  -37.5000   37.500010806.1445   18.5058
    7.5000  -37.5000   37.500010302.1934   18.4995
   -7.5000  -30.0000   37.500011192.4541   18.5112
    0.0000  -30.0000   37.500011685.5840   18.5145
    7.5000  -30.0000   37.500011153.1797   18.5149
   -7.5000  -22.5000   37.500011891.0732   18.5434
    0.0000  -22.5000   37.500012405.8350   18.5442
    7.5000  -22.5000   37.500011862.4766   18.5413
   -7.5000  -15.0000   37.500012483.2910   18.5697
    0.0000  -15.0000   37.500013007.3750   18.5651
    7.5000  -15.0000   37.500012454.3691   18.5523
   -7.5000   -7.5000   37.500013085.3369   18.5618
    0.0000   -7.5000   37.500013618.0879   18.5545
    7.5000   -7.5000   37.500013037.1338   18.5357
   -7.5000    0.0000   37.500013561.7510   18.5303
    0.0000    0.0000   37.500014093.1455   18.5248
    7.5000    0.0000   37.500013490.8271   18.5092
   -7.5000    7.5000   37.500012852.0957   18.5061
    0.0000    7.5000   37.500013351.1924   18.5058
    7.5000    7.5000   37.500012732.4805   18.4995
   -7.5000   15.0000   37.500011907.3086   18.5112
    0.0000   15.0000   37.500012374.1064   18.5145
    7.5000   15.0000   37.500011791.1465   18.5149
   -7.5000   22.5000   37.500010893.5840   18.5348
    0.0000   22.5000   37.500011344.3867   18.5356
    7.5000   22.5000   37.500010790.3555   18.5327
   -7.5000   30.0000   37.5000 9905.1279   18.3294
    0.0000   30.0000   37.500010296.7432   18.3248
    7.5000   30.0000   37.5000 9801.6133   18.3122
   -7.5000   37.5000   37.5000 9203.1816   18.3216
    0.0000   37.5000   37.5000 9551.8604   18.3144
    7.5000   37.5000   37.5000 9114.1826   18.2958
   -7.5000   45.0000   37.5000 8172.6157   17.8996
    0.0000   45.0000   37.5000 8477.7578   17.8942
    7.5000   45.0000   37.5000 8082.1479   17.8794
   -7.5000  -45.0000   45.0000 9014.2041   18.9675
    0.0000  -45.0000   45.0000 9432.1045   18.9555
    7.5000  -45.0000   45.0000 9005.9141   18.9322
   -7.5000  -37.5000   45.0000 9478.5244   18.9432
    0.0000  -37.5000   45.0000 9913.1719   18.9366
    7.5000  -37.5000   45.0000 9454.3125   18.9202
   -7.5000  -30.0000   45.000010259.7334   18.9642
    0.0000  -30.0000   45.000010711.4961   18.9635
    7.5000  -30.0000   45.000010224.3564   18.9535
   -7.5000  -22.5000   45.000010886.6523   19.0108
    0.0000  -22.5000   45.000011357.9912   19.0104
    7.5000  -22.5000   45.000010865.5518   18.9994
   -7.5000  -15.0000   45.000011430.6465   19.0371
    0.0000  -15.0000   45.000011927.5449   19.0308
    7.5000  -15.0000   45.000011408.0801   19.0122
   -7.5000   -7.5000   45.000011993.9043   19.0147
    0.0000   -7.5000   45.000012517.1094   19.0028
    7.5000   -7.5000   45.000011960.4355   18.9782
   -7.5000    0.0000   45.000012413.3242   18.9675
    0.0000    0.0000   45.000012940.1641   18.9555
    7.5000    0.0000   45.000012381.3594   18.9322
   -7.5000    7.5000   45.000011773.9277   18.9432
    0.0000    7.5000   45.000012253.9990   18.9366
    7.5000    7.5000   45.000011693.0840   18.9202
   -7.5000   15.0000   45.000010901.1582   18.9642
    0.0000   15.0000   45.000011358.4463   18.9635
    7.5000   15.0000   45.000010808.2998   18.9535
   -7.5000   22.5000   45.0000 9973.2949   19.0020
    0.0000   22.5000   45.000010408.5518   19.0015
    7.5000   22.5000   45.0000 9914.4268   18.9906
   -7.5000   30.0000   45.0000 9086.1318   18.7891
    0.0000   30.0000   45.0000 9462.6104   18.7829
    7.5000   30.0000   45.0000 9010.2705   18.7645
   -7.5000   37.5000   45.0000 8457.0234   18.7669
    0.0000   37.5000   45.0000 8785.9678   18.7552
    7.5000   37.5000   45.0000 8378.7861   18.7309
   -7.5000   45.0000   45.0000 7528.7681   18.3272
    0.0000   45.0000   45.0000 7805.1865   18.3156
    7.5000   45.0000   45.0000 7453.3433   18.2932

---------------------------------------------------------------------
imgreg_4dfp /opt/freesurfer/average/711-2C_as_mni_average_305 /opt/freesurfer/average/711-2B_as_mni_average_305_mask talsrcimg_g11 none talsrcimg_to_711-2C_as_mni_average_305_t4 4355
---------------------------------------------------------------------

freesurfer imgreg_4dfp.c
/opt/freesurfer/average/711-2C_as_mni_average_305.4dfp.img
       256       256       256         1
  1.000000  1.000000  1.000000
orientation T byte_order littleendian
Reading image: /opt/freesurfer/average/711-2C_as_mni_average_305.4dfp.img
dimensions:      256       256       256
mmppix:       1.0000   -1.0000   -1.0000
center:     128.0000 -129.0000 -129.0000
/opt/freesurfer/average/711-2B_as_mni_average_305_mask.4dfp.img
       256       256       256         1
  1.000000  1.000000  1.000000
orientation T byte_order littleendian
Reading mask: /opt/freesurfer/average/711-2B_as_mni_average_305_mask.4dfp.img (2306576 pixels)
talsrcimg_g11.4dfp.img
       256       256       256         1
  1.000000  1.000000  1.000000
orientation T byte_order littleendian
Reading image: talsrcimg_g11.4dfp.img
dimensions:      256       256       256
mmppix:       1.0000   -1.0000   -1.0000
center:     128.0000 -129.0000 -129.0000
rotation matrix determinant  1.000000
image alignment mode   4355 decimal     1103 hex
   -7.5000  -45.0000  -45.0000 2360.7434   15.2186
    0.0000  -45.0000  -45.0000 2373.7222   15.1484
    7.5000  -45.0000  -45.0000 2359.8577   15.2183
   -7.5000  -37.5000  -45.0000 2412.4226   14.3821
    0.0000  -37.5000  -45.0000 2428.6936   14.3173
    7.5000  -37.5000  -45.0000 2406.2888   14.4166
   -7.5000  -30.0000  -45.0000 2436.4956   13.8276
    0.0000  -30.0000  -45.0000 2456.1372   13.7580
    7.5000  -30.0000  -45.0000 2432.2747   13.8929
   -7.5000  -22.5000  -45.0000 2447.0527   13.5646
    0.0000  -22.5000  -45.0000 2464.4487   13.4618
    7.5000  -22.5000  -45.0000 2443.9597   13.6067
   -7.5000  -15.0000  -45.0000 2452.7896   13.5302
    0.0000  -15.0000  -45.0000 2472.4365   13.4074
    7.5000  -15.0000  -45.0000 2454.1487   13.5636
   -7.5000   -7.5000  -45.0000 2439.6672   13.7937
    0.0000   -7.5000  -45.0000 2463.8027   13.6607
    7.5000   -7.5000  -45.0000 2441.6487   13.8225
   -7.5000    0.0000  -45.0000 2407.1956   14.2542
    0.0000    0.0000  -45.0000 2427.6719   14.1602
    7.5000    0.0000  -45.0000 2405.0510   14.2783
   -7.5000    7.5000  -45.0000 2360.1743   14.9560
    0.0000    7.5000  -45.0000 2382.9714   14.8660
    7.5000    7.5000  -45.0000 2353.4202   14.9921
   -7.5000   15.0000  -45.0000 2286.3318   15.9694
    0.0000   15.0000  -45.0000 2305.0002   15.8587
    7.5000   15.0000  -45.0000 2280.7861   16.0125
   -7.5000   22.5000  -45.0000 2196.9116   17.4028
    0.0000   22.5000  -45.0000 2212.1870   17.2322
    7.5000   22.5000  -45.0000 2189.0752   17.4084
   -7.5000   30.0000  -45.0000 2089.9011   19.2848
    0.0000   30.0000  -45.0000 2099.9822   19.1294
    7.5000   30.0000  -45.0000 2079.9705   19.2969
   -7.5000   37.5000  -45.0000 1970.3900   21.7313
    0.0000   37.5000  -45.0000 1984.3468   21.5677
    7.5000   37.5000  -45.0000 1962.8406   21.7409
   -7.5000   45.0000  -45.0000 1841.3171   24.9114
    0.0000   45.0000  -45.0000 1852.9191   24.7224
    7.5000   45.0000  -45.0000 1834.6940   24.9425
   -7.5000  -45.0000  -37.5000 2444.2444   14.2713
    0.0000  -45.0000  -37.5000 2460.2871   14.2174
    7.5000  -45.0000  -37.5000 2447.3354   14.3074
   -7.5000  -37.5000  -37.5000 2497.3640   13.4309
    0.0000  -37.5000  -37.5000 2518.2424   13.3718
    7.5000  -37.5000  -37.5000 2502.0706   13.4555
   -7.5000  -30.0000  -37.5000 2536.0703   12.8898
    0.0000  -30.0000  -37.5000 2553.7317   12.7972
    7.5000  -30.0000  -37.5000 2536.1628   12.9387
   -7.5000  -22.5000  -37.5000 2558.5408   12.6330
    0.0000  -22.5000  -37.5000 2574.7734   12.5477
    7.5000  -22.5000  -37.5000 2554.9314   12.6907
   -7.5000  -15.0000  -37.5000 2553.5476   12.6227
    0.0000  -15.0000  -37.5000 2574.8477   12.5191
    7.5000  -15.0000  -37.5000 2558.3601   12.6620
   -7.5000   -7.5000  -37.5000 2541.8291   12.8371
    0.0000   -7.5000  -37.5000 2559.4285   12.7082
    7.5000   -7.5000  -37.5000 2541.5405   12.8715
   -7.5000    0.0000  -37.5000 2509.8159   13.2232
    0.0000    0.0000  -37.5000 2531.5066   13.1405
    7.5000    0.0000  -37.5000 2509.4390   13.2606
   -7.5000    7.5000  -37.5000 2456.7285   13.8603
    0.0000    7.5000  -37.5000 2480.9500   13.7575
    7.5000    7.5000  -37.5000 2455.9128   13.9056
   -7.5000   15.0000  -37.5000 2381.5991   14.8044
    0.0000   15.0000  -37.5000 2400.2327   14.6910
    7.5000   15.0000  -37.5000 2377.9363   14.8509
   -7.5000   22.5000  -37.5000 2281.4846   16.1459
    0.0000   22.5000  -37.5000 2297.7041   16.0130
    7.5000   22.5000  -37.5000 2275.0979   16.1543
   -7.5000   30.0000  -37.5000 2165.6265   17.8990
    0.0000   30.0000  -37.5000 2178.5652   17.7612
    7.5000   30.0000  -37.5000 2157.1816   17.8796
   -7.5000   37.5000  -37.5000 2043.7905   20.1336
    0.0000   37.5000  -37.5000 2053.5554   19.9972
    7.5000   37.5000  -37.5000 2030.7325   20.0936
   -7.5000   45.0000  -37.5000 1904.0125   23.0257
    0.0000   45.0000  -37.5000 1915.9553   22.8891
    7.5000   45.0000  -37.5000 1896.2430   23.0707
   -7.5000  -45.0000  -30.0000 2553.9695   13.9574
    0.0000  -45.0000  -30.0000 2574.7595   13.8375
    7.5000  -45.0000  -30.0000 2560.8406   13.9610
   -7.5000  -37.5000  -30.0000 2619.9976   13.0699
    0.0000  -37.5000  -30.0000 2644.0405   12.9821
    7.5000  -37.5000  -30.0000 2630.7402   13.0875
   -7.5000  -30.0000  -30.0000 2668.7080   12.5104
    0.0000  -30.0000  -30.0000 2693.4915   12.4119
    7.5000  -30.0000  -30.0000 2677.1804   12.5338
   -7.5000  -22.5000  -30.0000 2701.9087   12.1895
    0.0000  -22.5000  -30.0000 2724.9839   12.1001
    7.5000  -22.5000  -30.0000 2705.9333   12.2405
   -7.5000  -15.0000  -30.0000 2707.2651   12.1799
    0.0000  -15.0000  -30.0000 2727.6995   12.0927
    7.5000  -15.0000  -30.0000 2706.6277   12.2302
   -7.5000   -7.5000  -30.0000 2692.9636   12.3872
    0.0000   -7.5000  -30.0000 2714.7793   12.2796
    7.5000   -7.5000  -30.0000 2691.0681   12.4223
   -7.5000    0.0000  -30.0000 2659.9805   12.7803
    0.0000    0.0000  -30.0000 2682.0706   12.6674
    7.5000    0.0000  -30.0000 2656.7129   12.8050
   -7.5000    7.5000  -30.0000 2601.3623   13.3979
    0.0000    7.5000  -30.0000 2625.1414   13.2775
    7.5000    7.5000  -30.0000 2600.3838   13.4278
   -7.5000   15.0000  -30.0000 2517.0361   14.2903
    0.0000   15.0000  -30.0000 2535.8311   14.1797
    7.5000   15.0000  -30.0000 2511.5894   14.3178
   -7.5000   22.5000  -30.0000 2409.5774   15.5820
    0.0000   22.5000  -30.0000 2423.1892   15.4534
    7.5000   22.5000  -30.0000 2398.0579   15.5824
   -7.5000   30.0000  -30.0000 2281.0046   17.2939
    0.0000   30.0000  -30.0000 2298.8315   17.1548
    7.5000   30.0000  -30.0000 2271.9084   17.2603
   -7.5000   37.5000  -30.0000 2150.2234   19.4283
    0.0000   37.5000  -30.0000 2161.3281   19.3216
    7.5000   37.5000  -30.0000 2135.6621   19.4042
   -7.5000   45.0000  -30.0000 1999.6008   22.2913
    0.0000   45.0000  -30.0000 2008.6956   22.1204
    7.5000   45.0000  -30.0000 1985.7002   22.2375
   -7.5000  -45.0000  -22.5000 2628.3835   13.5802
    0.0000  -45.0000  -22.5000 2652.5747   13.4454
    7.5000  -45.0000  -22.5000 2636.7483   13.5612
   -7.5000  -37.5000  -22.5000 2707.0581   12.6619
    0.0000  -37.5000  -22.5000 2734.4707   12.5504
    7.5000  -37.5000  -22.5000 2715.7473   12.6610
   -7.5000  -30.0000  -22.5000 2770.1855   12.0705
    0.0000  -30.0000  -22.5000 2792.7534   11.9755
    7.5000  -30.0000  -22.5000 2773.3630   12.1002
   -7.5000  -22.5000  -22.5000 2811.6206   11.7104
    0.0000  -22.5000  -22.5000 2839.8826   11.6377
    7.5000  -22.5000  -22.5000 2811.0542   11.7612
   -7.5000  -15.0000  -22.5000 2828.9492   11.6588
    0.0000  -15.0000  -22.5000 2852.2454   11.5709
    7.5000  -15.0000  -22.5000 2821.7200   11.6883
   -7.5000   -7.5000  -22.5000 2815.7493   11.8704
    0.0000   -7.5000  -22.5000 2840.0027   11.7524
    7.5000   -7.5000  -22.5000 2812.3704   11.8836
   -7.5000    0.0000  -22.5000 2777.1470   12.2639
    0.0000    0.0000  -22.5000 2806.3809   12.1392
    7.5000    0.0000  -22.5000 2776.0969   12.2771
   -7.5000    7.5000  -22.5000 2713.7297   12.8766
    0.0000    7.5000  -22.5000 2735.3804   12.7584
    7.5000    7.5000  -22.5000 2709.5488   12.9129
   -7.5000   15.0000  -22.5000 2623.0867   13.7398
    0.0000   15.0000  -22.5000 2636.8079   13.6274
    7.5000   15.0000  -22.5000 2611.4631   13.7827
   -7.5000   22.5000  -22.5000 2507.8323   14.9861
    0.0000   22.5000  -22.5000 2521.0693   14.8540
    7.5000   22.5000  -22.5000 2494.0610   15.0003
   -7.5000   30.0000  -22.5000 2375.5039   16.6133
    0.0000   30.0000  -22.5000 2387.4697   16.4752
    7.5000   30.0000  -22.5000 2358.4258   16.5942
   -7.5000   37.5000  -22.5000 2230.9363   18.7108
    0.0000   37.5000  -22.5000 2238.3591   18.5460
    7.5000   37.5000  -22.5000 2215.0227   18.6754
   -7.5000   45.0000  -22.5000 2070.6023   21.4024
    0.0000   45.0000  -22.5000 2074.2566   21.2290
    7.5000   45.0000  -22.5000 2053.6724   21.3712
   -7.5000  -45.0000  -15.0000 2663.2471   13.2072
    0.0000  -45.0000  -15.0000 2690.7122   13.0577
    7.5000  -45.0000  -15.0000 2671.9771   13.1886
   -7.5000  -37.5000  -15.0000 2757.7043   12.2724
    0.0000  -37.5000  -15.0000 2782.9814   12.1461
    7.5000  -37.5000  -15.0000 2761.5095   12.2562
   -7.5000  -30.0000  -15.0000 2826.6697   11.6540
    0.0000  -30.0000  -15.0000 2853.5427   11.5312
    7.5000  -30.0000  -15.0000 2828.0637   11.6626
   -7.5000  -22.5000  -15.0000 2883.6980   11.2725
    0.0000  -22.5000  -15.0000 2913.4595   11.1674
    7.5000  -22.5000  -15.0000 2880.7625   11.3016
   -7.5000  -15.0000  -15.0000 2904.6575   11.1763
    0.0000  -15.0000  -15.0000 2935.4553   11.0585
    7.5000  -15.0000  -15.0000 2897.7737   11.2099
   -7.5000   -7.5000  -15.0000 2901.2810   11.3722
    0.0000   -7.5000  -15.0000 2925.4321   11.2379
    7.5000   -7.5000  -15.0000 2892.1123   11.3869
   -7.5000    0.0000  -15.0000 2862.3369   11.7947
    0.0000    0.0000  -15.0000 2885.5283   11.6542
    7.5000    0.0000  -15.0000 2851.8755   11.8003
   -7.5000    7.5000  -15.0000 2791.2156   12.3963
    0.0000    7.5000  -15.0000 2810.2251   12.2637
    7.5000    7.5000  -15.0000 2778.9041   12.4401
   -7.5000   15.0000  -15.0000 2690.3806   13.2418
    0.0000   15.0000  -15.0000 2707.0339   13.1041
    7.5000   15.0000  -15.0000 2672.0947   13.3108
   -7.5000   22.5000  -15.0000 2567.5464   14.4608
    0.0000   22.5000  -15.0000 2585.7717   14.2923
    7.5000   22.5000  -15.0000 2552.2307   14.4735
   -7.5000   30.0000  -15.0000 2430.8652   16.0452
    0.0000   30.0000  -15.0000 2443.7432   15.8561
    7.5000   30.0000  -15.0000 2414.5710   16.0100
   -7.5000   37.5000  -15.0000 2282.2986   18.0370
    0.0000   37.5000  -15.0000 2291.9500   17.8789
    7.5000   37.5000  -15.0000 2266.2502   18.0171
   -7.5000   45.0000  -15.0000 2114.1543   20.6594
    0.0000   45.0000  -15.0000 2121.4338   20.4615
    7.5000   45.0000  -15.0000 2102.7234   20.6058
   -7.5000  -45.0000   -7.5000 2674.0505   12.8725
    0.0000  -45.0000   -7.5000 2696.7988   12.7326
    7.5000  -45.0000   -7.5000 2683.5903   12.8610
   -7.5000  -37.5000   -7.5000 2779.9106   11.9503
    0.0000  -37.5000   -7.5000 2803.5735   11.8376
    7.5000  -37.5000   -7.5000 2784.7649   11.9413
   -7.5000  -30.0000   -7.5000 2864.9756   11.3146
    0.0000  -30.0000   -7.5000 2889.2869   11.2001
    7.5000  -30.0000   -7.5000 2865.1428   11.2994
   -7.5000  -22.5000   -7.5000 2930.8433   10.9537
    0.0000  -22.5000   -7.5000 2963.2913   10.8317
    7.5000  -22.5000   -7.5000 2929.1963   10.9423
   -7.5000  -15.0000   -7.5000 2959.2769   10.8557
    0.0000  -15.0000   -7.5000 2989.6597   10.7180
    7.5000  -15.0000   -7.5000 2946.3008   10.8730
   -7.5000   -7.5000   -7.5000 2957.9932   10.9856
    0.0000   -7.5000   -7.5000 2982.2998   10.8295
    7.5000   -7.5000   -7.5000 2937.1741   11.0041
   -7.5000    0.0000   -7.5000 2912.9717   11.3820
    0.0000    0.0000   -7.5000 2931.3540   11.2616
    7.5000    0.0000   -7.5000 2894.6296   11.4029
   -7.5000    7.5000   -7.5000 2836.2849   11.9529
    0.0000    7.5000   -7.5000 2858.1951   11.8465
    7.5000    7.5000   -7.5000 2820.4172   12.0005
   -7.5000   15.0000   -7.5000 2728.5688   12.8044
    0.0000   15.0000   -7.5000 2750.2754   12.6976
    7.5000   15.0000   -7.5000 2710.9353   12.8647
   -7.5000   22.5000   -7.5000 2606.8301   14.0305
    0.0000   22.5000   -7.5000 2624.3879   13.8979
    7.5000   22.5000   -7.5000 2586.0342   14.0407
   -7.5000   30.0000   -7.5000 2465.8596   15.5923
    0.0000   30.0000   -7.5000 2477.0635   15.4693
    7.5000   30.0000   -7.5000 2446.1970   15.5734
   -7.5000   37.5000   -7.5000 2312.5806   17.5673
    0.0000   37.5000   -7.5000 2321.7732   17.4320
    7.5000   37.5000   -7.5000 2298.0581   17.5433
   -7.5000   45.0000   -7.5000 2143.2039   20.0489
    0.0000   45.0000   -7.5000 2152.3967   19.8902
    7.5000   45.0000   -7.5000 2131.6404   20.0181
   -7.5000  -45.0000    0.0000 2669.4534   12.7694
    0.0000  -45.0000    0.0000 2690.4817   12.5931
    7.5000  -45.0000    0.0000 2677.7791   12.7529
   -7.5000  -37.5000    0.0000 2782.3884   11.8207
    0.0000  -37.5000    0.0000 2803.9038   11.6830
    7.5000  -37.5000    0.0000 2788.5205   11.8273
   -7.5000  -30.0000    0.0000 2880.6199   11.1897
    0.0000  -30.0000    0.0000 2902.1021   11.0896
    7.5000  -30.0000    0.0000 2877.0771   11.2045
   -7.5000  -22.5000    0.0000 2953.1724   10.8938
    0.0000  -22.5000    0.0000 2982.2839   10.8179
    7.5000  -22.5000    0.0000 2948.2500   10.8693
   -7.5000  -15.0000    0.0000 2990.0076   10.8339
    0.0000  -15.0000    0.0000 3027.4927   10.7666
    7.5000  -15.0000    0.0000 2979.4299   10.8264
   -7.5000   -7.5000    0.0000 2987.5608   10.8522
    0.0000   -7.5000    0.0000 3013.1443   10.7518
    7.5000   -7.5000    0.0000 2961.0642   10.8827
   -7.5000    0.0000    0.0000 2940.4697   11.1073
    0.0000    0.0000    0.0000 2955.3831   11.0093
    7.5000    0.0000    0.0000 2909.3157   11.1474
   -7.5000    7.5000    0.0000 2856.8232   11.6781
    0.0000    7.5000    0.0000 2871.2698   11.5770
    7.5000    7.5000    0.0000 2836.7522   11.7403
   -7.5000   15.0000    0.0000 2748.7402   12.5799
    0.0000   15.0000    0.0000 2764.1511   12.4731
    7.5000   15.0000    0.0000 2729.6011   12.6375
   -7.5000   22.5000    0.0000 2621.3613   13.8215
    0.0000   22.5000    0.0000 2634.4739   13.7050
    7.5000   22.5000    0.0000 2602.4849   13.8370
   -7.5000   30.0000    0.0000 2473.5513   15.3736
    0.0000   30.0000    0.0000 2484.4072   15.2543
    7.5000   30.0000    0.0000 2455.6440   15.3540
   -7.5000   37.5000    0.0000 2325.8955   17.2771
    0.0000   37.5000    0.0000 2335.3943   17.1863
    7.5000   37.5000    0.0000 2310.6165   17.2893
   -7.5000   45.0000    0.0000 2154.5435   19.6776
    0.0000   45.0000    0.0000 2167.2610   19.5386
    7.5000   45.0000    0.0000 2141.5024   19.6639
   -7.5000  -45.0000    7.5000 2651.2092   12.8923
    0.0000  -45.0000    7.5000 2673.9849   12.7032
    7.5000  -45.0000    7.5000 2654.1064   12.9040
   -7.5000  -37.5000    7.5000 2770.7449   11.9471
    0.0000  -37.5000    7.5000 2787.7651   11.8051
    7.5000  -37.5000    7.5000 2768.5088   11.9679
   -7.5000  -30.0000    7.5000 2871.3711   11.3270
    0.0000  -30.0000    7.5000 2892.4160   11.2337
    7.5000  -30.0000    7.5000 2863.2004   11.3475
   -7.5000  -22.5000    7.5000 2947.9907   11.0083
    0.0000  -22.5000    7.5000 2976.6836   10.9562
    7.5000  -22.5000    7.5000 2937.7456   11.0339
   -7.5000  -15.0000    7.5000 2992.1528   10.8771
    0.0000  -15.0000    7.5000 3027.3264   10.8403
    7.5000  -15.0000    7.5000 2970.9832   10.9485
   -7.5000   -7.5000    7.5000 2984.2480   10.9249
    0.0000   -7.5000    7.5000 3008.0312   10.8478
    7.5000   -7.5000    7.5000 2952.9639   11.0001
   -7.5000    0.0000    7.5000 2932.6470   11.1697
    0.0000    0.0000    7.5000 2944.6858   11.0734
    7.5000    0.0000    7.5000 2894.8870   11.2718
   -7.5000    7.5000    7.5000 2846.9697   11.7412
    0.0000    7.5000    7.5000 2858.4570   11.6353
    7.5000    7.5000    7.5000 2821.2964   11.8048
   -7.5000   15.0000    7.5000 2738.9634   12.6408
    0.0000   15.0000    7.5000 2751.2817   12.4972
    7.5000   15.0000    7.5000 2720.8250   12.6561
   -7.5000   22.5000    7.5000 2613.8438   13.8309
    0.0000   22.5000    7.5000 2625.3396   13.6937
    7.5000   22.5000    7.5000 2596.6250   13.8342
   -7.5000   30.0000    7.5000 2468.0164   15.3634
    0.0000   30.0000    7.5000 2479.7942   15.2240
    7.5000   30.0000    7.5000 2453.3860   15.3483
   -7.5000   37.5000    7.5000 2321.2690   17.2452
    0.0000   37.5000    7.5000 2330.3127   17.1131
    7.5000   37.5000    7.5000 2303.7134   17.2612
   -7.5000   45.0000    7.5000 2149.5518   19.6092
    0.0000   45.0000    7.5000 2163.7969   19.4449
    7.5000   45.0000    7.5000 2140.4978   19.6326
   -7.5000  -45.0000   15.0000 2625.7227   13.2392
    0.0000  -45.0000   15.0000 2640.5591   13.0523
    7.5000  -45.0000   15.0000 2618.8972   13.2761
   -7.5000  -37.5000   15.0000 2738.0417   12.2453
    0.0000  -37.5000   15.0000 2756.1760   12.0912
    7.5000  -37.5000   15.0000 2732.2439   12.2994
   -7.5000  -30.0000   15.0000 2836.5420   11.5814
    0.0000  -30.0000   15.0000 2862.0693   11.4588
    7.5000  -30.0000   15.0000 2832.7695   11.6386
   -7.5000  -22.5000   15.0000 2909.6235   11.2091
    0.0000  -22.5000   15.0000 2939.4824   11.1246
    7.5000  -22.5000   15.0000 2903.4175   11.2886
   -7.5000  -15.0000   15.0000 2956.9299   11.0363
    0.0000  -15.0000   15.0000 2988.1946   10.9399
    7.5000  -15.0000   15.0000 2940.0593   11.1733
   -7.5000   -7.5000   15.0000 2949.8123   11.0955
    0.0000   -7.5000   15.0000 2974.7605   10.9619
    7.5000   -7.5000   15.0000 2920.5776   11.2289
   -7.5000    0.0000   15.0000 2899.6472   11.4615
    0.0000    0.0000   15.0000 2915.7776   11.3436
    7.5000    0.0000   15.0000 2864.6741   11.5613
   -7.5000    7.5000   15.0000 2811.5342   12.1154
    0.0000    7.5000   15.0000 2817.4937   11.9847
    7.5000    7.5000   15.0000 2782.7009   12.1571
   -7.5000   15.0000   15.0000 2696.8564   13.0017
    0.0000   15.0000   15.0000 2706.8542   12.8453
    7.5000   15.0000   15.0000 2682.8813   13.0176
   -7.5000   22.5000   15.0000 2579.8035   14.1369
    0.0000   22.5000   15.0000 2590.5408   13.9981
    7.5000   22.5000   15.0000 2564.3535   14.1311
   -7.5000   30.0000   15.0000 2443.0554   15.5884
    0.0000   30.0000   15.0000 2452.8193   15.4507
    7.5000   30.0000   15.0000 2428.0083   15.5718
   -7.5000   37.5000   15.0000 2293.3271   17.4203
    0.0000   37.5000   15.0000 2304.4270   17.2757
    7.5000   37.5000   15.0000 2280.2773   17.3931
   -7.5000   45.0000   15.0000 2124.6807   19.7436
    0.0000   45.0000   15.0000 2139.9253   19.6016
    7.5000   45.0000   15.0000 2118.1899   19.7503
   -7.5000  -45.0000   22.5000 2585.8420   13.7546
    0.0000  -45.0000   22.5000 2602.5159   13.5339
    7.5000  -45.0000   22.5000 2579.2920   13.8237
   -7.5000  -37.5000   22.5000 2697.7842   12.7024
    0.0000  -37.5000   22.5000 2711.5544   12.5277
    7.5000  -37.5000   22.5000 2683.7424   12.7876
   -7.5000  -30.0000   22.5000 2794.4556   12.0077
    0.0000  -30.0000   22.5000 2808.8677   11.8829
    7.5000  -30.0000   22.5000 2779.8110   12.1308
   -7.5000  -22.5000   22.5000 2861.6904   11.6022
    0.0000  -22.5000   22.5000 2881.7256   11.5085
    7.5000  -22.5000   22.5000 2846.5916   11.7677
   -7.5000  -15.0000   22.5000 2901.2935   11.4212
    0.0000  -15.0000   22.5000 2925.0632   11.3137
    7.5000  -15.0000   22.5000 2881.1975   11.6013
   -7.5000   -7.5000   22.5000 2892.6809   11.5329
    0.0000   -7.5000   22.5000 2913.6943   11.3900
    7.5000   -7.5000   22.5000 2868.7095   11.6601
   -7.5000    0.0000   22.5000 2845.4028   11.9308
    0.0000    0.0000   22.5000 2861.0259   11.8044
    7.5000    0.0000   22.5000 2815.7666   12.0005
   -7.5000    7.5000   22.5000 2762.2959   12.5805
    0.0000    7.5000   22.5000 2769.1687   12.4396
    7.5000    7.5000   22.5000 2736.3005   12.6193
   -7.5000   15.0000   22.5000 2644.9612   13.4619
    0.0000   15.0000   22.5000 2654.4678   13.3192
    7.5000   15.0000   22.5000 2630.9441   13.5053
   -7.5000   22.5000   22.5000 2530.7097   14.5929
    0.0000   22.5000   22.5000 2543.6633   14.4664
    7.5000   22.5000   22.5000 2513.6489   14.6363
   -7.5000   30.0000   22.5000 2397.6736   16.0394
    0.0000   30.0000   22.5000 2406.7683   15.8867
    7.5000   30.0000   22.5000 2381.1560   16.0336
   -7.5000   37.5000   22.5000 2250.9590   17.8372
    0.0000   37.5000   22.5000 2260.6577   17.7178
    7.5000   37.5000   22.5000 2237.2803   17.8435
   -7.5000   45.0000   22.5000 2085.1128   20.1843
    0.0000   45.0000   22.5000 2091.3948   20.0078
    7.5000   45.0000   22.5000 2076.7881   20.1577
   -7.5000  -45.0000   30.0000 2538.5518   14.3969
    0.0000  -45.0000   30.0000 2553.7437   14.2121
    7.5000  -45.0000   30.0000 2523.7712   14.5497
   -7.5000  -37.5000   30.0000 2645.6824   13.3464
    0.0000  -37.5000   30.0000 2660.8101   13.2034
    7.5000  -37.5000   30.0000 2626.7766   13.4898
   -7.5000  -30.0000   30.0000 2738.1807   12.6537
    0.0000  -30.0000   30.0000 2754.9382   12.5053
    7.5000  -30.0000   30.0000 2713.6321   12.7897
   -7.5000  -22.5000   30.0000 2797.1660   12.2138
    0.0000  -22.5000   30.0000 2814.4700   12.0771
    7.5000  -22.5000   30.0000 2773.7656   12.3609
   -7.5000  -15.0000   30.0000 2824.1379   12.0131
    0.0000  -15.0000   30.0000 2841.3826   11.8900
    7.5000  -15.0000   30.0000 2799.9141   12.1636
   -7.5000   -7.5000   30.0000 2809.4055   12.1738
    0.0000   -7.5000   30.0000 2825.9224   12.0465
    7.5000   -7.5000   30.0000 2788.5652   12.2550
   -7.5000    0.0000   30.0000 2764.1797   12.5524
    0.0000    0.0000   30.0000 2781.8005   12.4393
    7.5000    0.0000   30.0000 2744.5435   12.5988
   -7.5000    7.5000   30.0000 2697.3584   13.1956
    0.0000    7.5000   30.0000 2707.5786   13.0697
    7.5000    7.5000   30.0000 2670.7036   13.2322
   -7.5000   15.0000   30.0000 2588.1450   14.0723
    0.0000   15.0000   30.0000 2595.6472   13.9405
    7.5000   15.0000   30.0000 2566.5715   14.1195
   -7.5000   22.5000   30.0000 2472.3091   15.1897
    0.0000   22.5000   30.0000 2481.8672   15.0817
    7.5000   22.5000   30.0000 2452.6465   15.2449
   -7.5000   30.0000   30.0000 2337.9631   16.6629
    0.0000   30.0000   30.0000 2350.0312   16.5197
    7.5000   30.0000   30.0000 2326.1758   16.6552
   -7.5000   37.5000   30.0000 2190.5918   18.4719
    0.0000   37.5000   30.0000 2199.7563   18.3337
    7.5000   37.5000   30.0000 2182.4631   18.4603
   -7.5000   45.0000   30.0000 2036.6593   20.7732
    0.0000   45.0000   30.0000 2039.5388   20.5894
    7.5000   45.0000   30.0000 2019.5771   20.7655
   -7.5000  -45.0000   37.5000 2482.0107   15.2547
    0.0000  -45.0000   37.5000 2497.7656   15.0855
    7.5000  -45.0000   37.5000 2464.7390   15.4333
   -7.5000  -37.5000   37.5000 2583.8850   14.1917
    0.0000  -37.5000   37.5000 2600.0632   14.0362
    7.5000  -37.5000   37.5000 2559.6641   14.3475
   -7.5000  -30.0000   37.5000 2668.6750   13.4423
    0.0000  -30.0000   37.5000 2682.9592   13.2979
    7.5000  -30.0000   37.5000 2639.5999   13.6109
   -7.5000  -22.5000   37.5000 2719.8728   12.9807
    0.0000  -22.5000   37.5000 2734.9739   12.8548
    7.5000  -22.5000   37.5000 2689.5520   13.1379
   -7.5000  -15.0000   37.5000 2737.0007   12.8092
    0.0000  -15.0000   37.5000 2748.3845   12.6878
    7.5000  -15.0000   37.5000 2709.6492   12.9183
   -7.5000   -7.5000   37.5000 2716.7803   12.9765
    0.0000   -7.5000   37.5000 2732.0320   12.8228
    7.5000   -7.5000   37.5000 2697.7732   13.0162
   -7.5000    0.0000   37.5000 2676.1331   13.3495
    0.0000    0.0000   37.5000 2687.3633   13.1966
    7.5000    0.0000   37.5000 2657.8123   13.3543
   -7.5000    7.5000   37.5000 2614.3838   13.9466
    0.0000    7.5000   37.5000 2623.4397   13.8046
    7.5000    7.5000   37.5000 2587.6611   13.9738
   -7.5000   15.0000   37.5000 2517.2544   14.8183
    0.0000   15.0000   37.5000 2522.8240   14.6960
    7.5000   15.0000   37.5000 2493.2954   14.8475
   -7.5000   22.5000   37.5000 2400.7339   15.9447
    0.0000   22.5000   37.5000 2413.3076   15.8442
    7.5000   22.5000   37.5000 2386.2148   16.0062
   -7.5000   30.0000   37.5000 2275.3704   17.4109
    0.0000   30.0000   37.5000 2282.9038   17.3066
    7.5000   30.0000   37.5000 2258.6804   17.4713
   -7.5000   37.5000   37.5000 2129.6174   19.2712
    0.0000   37.5000   37.5000 2135.4680   19.1708
    7.5000   37.5000   37.5000 2118.0847   19.3036
   -7.5000   45.0000   37.5000 1983.6611   21.6420
    0.0000   45.0000   37.5000 1988.0499   21.4684
    7.5000   45.0000   37.5000 1968.8905   21.6582
   -7.5000  -45.0000   45.0000 2414.6777   16.3405
    0.0000  -45.0000   45.0000 2424.3894   16.1601
    7.5000  -45.0000   45.0000 2393.9402   16.5223
   -7.5000  -37.5000   45.0000 2511.7908   15.2159
    0.0000  -37.5000   45.0000 2526.5059   15.0824
    7.5000  -37.5000   45.0000 2488.1621   15.3789
   -7.5000  -30.0000   45.0000 2584.7114   14.4451
    0.0000  -30.0000   45.0000 2598.8906   14.3304
    7.5000  -30.0000   45.0000 2557.2986   14.6297
   -7.5000  -22.5000   45.0000 2628.9324   13.9630
    0.0000  -22.5000   45.0000 2641.2927   13.8587
    7.5000  -22.5000   45.0000 2602.8767   14.1259
   -7.5000  -15.0000   45.0000 2640.6980   13.7861
    0.0000  -15.0000   45.0000 2649.9404   13.6807
    7.5000  -15.0000   45.0000 2614.6682   13.8892
   -7.5000   -7.5000   45.0000 2623.9282   13.9211
    0.0000   -7.5000   45.0000 2636.6296   13.7916
    7.5000   -7.5000   45.0000 2602.1995   13.9650
   -7.5000    0.0000   45.0000 2583.6970   14.2532
    0.0000    0.0000   45.0000 2596.2263   14.1474
    7.5000    0.0000   45.0000 2567.8459   14.3040
   -7.5000    7.5000   45.0000 2526.4126   14.8041
    0.0000    7.5000   45.0000 2535.2754   14.7164
    7.5000    7.5000   45.0000 2503.9607   14.8951
   -7.5000   15.0000   45.0000 2435.2510   15.6695
    0.0000   15.0000   45.0000 2443.8147   15.5577
    7.5000   15.0000   45.0000 2409.6611   15.7305
   -7.5000   22.5000   45.0000 2320.5474   16.8961
    0.0000   22.5000   45.0000 2333.5723   16.7813
    7.5000   22.5000   45.0000 2306.4089   16.9493
   -7.5000   30.0000   45.0000 2203.4231   18.4250
    0.0000   30.0000   45.0000 2208.7734   18.3221
    7.5000   30.0000   45.0000 2182.5972   18.4982
   -7.5000   37.5000   45.0000 2060.6941   20.3992
    0.0000   37.5000   45.0000 2064.2847   20.2564
    7.5000   37.5000   45.0000 2047.9587   20.3817
   -7.5000   45.0000   45.0000 1923.7178   22.8071
    0.0000   45.0000   45.0000 1925.9019   22.6348
    7.5000   45.0000   45.0000 1911.3867   22.8120

---------------------------------------------------------------------
imgreg_4dfp /opt/freesurfer/average/711-2C_as_mni_average_305 /opt/freesurfer/average/711-2B_as_mni_average_305_mask talsrcimg_g11 none talsrcimg_to_711-2C_as_mni_average_305_t4 1283
---------------------------------------------------------------------

freesurfer imgreg_4dfp.c
/opt/freesurfer/average/711-2C_as_mni_average_305.4dfp.img
       256       256       256         1
  1.000000  1.000000  1.000000
orientation T byte_order littleendian
Reading image: /opt/freesurfer/average/711-2C_as_mni_average_305.4dfp.img
dimensions:      256       256       256
mmppix:       1.0000   -1.0000   -1.0000
center:     128.0000 -129.0000 -129.0000
/opt/freesurfer/average/711-2B_as_mni_average_305_mask.4dfp.img
       256       256       256         1
  1.000000  1.000000  1.000000
orientation T byte_order littleendian
Reading mask: /opt/freesurfer/average/711-2B_as_mni_average_305_mask.4dfp.img (2306576 pixels)
talsrcimg_g11.4dfp.img
       256       256       256         1
  1.000000  1.000000  1.000000
orientation T byte_order littleendian
Reading image: talsrcimg_g11.4dfp.img
dimensions:      256       256       256
mmppix:       1.0000   -1.0000   -1.0000
center:     128.0000 -129.0000 -129.0000
rotation matrix determinant  1.000000
fimgreg.f
image alignment mode   1283 decimal      503 hex
parameters
    0.0000  -15.0000    0.0000    0.0000    0.0000    0.0000
eta,q 0.94943 10.77257
niter,ni,del,rscale     5    3   12.0000    1.2000
parameter  3 -0.693410 -> -0.500000 qaram    1.1500
parameter  4  0.763464 ->  0.500000 qaram    1.1500
parameter  5 -0.562659 -> -0.500000 qaram    1.1500
parameters
   -0.5567  -13.2638    3.4500   -3.4500    3.4500    1.6681
eta,q 0.95905 10.80751
  0.0594  0.0594  0.0582  0.0435  0.0555  0.0471
  0.0542  0.0551  0.0543  0.0438  0.0509  0.0444
  0.0502  0.0506  0.0515  0.0446  0.0469  0.0427
  0.0486  0.0486  0.0482  0.0453  0.0440  0.0418
  0.0507  0.0484  0.0459  0.0470  0.0421  0.0409
  0.0570  0.0492  0.0456  0.0499  0.0419  0.0413
  0.0651  0.0517  0.0470  0.0535  0.0435  0.0434
niter,ni,del,rscale     7    3   12.0000    1.2000
parameter  4  1.876495 ->  0.500000 qaram    1.3225
parameters
   -1.5522  -12.5650    3.2034   -7.4175    4.6560    1.4323
eta,q 0.96262 10.83252
  0.0509  0.0495  0.0480  0.0359  0.0499  0.0419
  0.0451  0.0455  0.0441  0.0372  0.0452  0.0393
  0.0413  0.0420  0.0415  0.0388  0.0409  0.0380
  0.0409  0.0406  0.0406  0.0406  0.0378  0.0373
  0.0454  0.0410  0.0415  0.0428  0.0378  0.0374
  0.0519  0.0427  0.0447  0.0456  0.0405  0.0397
  0.0589  0.0464  0.0494  0.0487  0.0443  0.0432
niter,ni,del,rscale     7    3   12.0000    1.2000
parameter  4  0.522571 ->  0.500000 qaram    1.5209
parameters
   -2.1565  -11.4956    2.2179  -11.9801    5.0223    1.2443
eta,q 0.96636 10.80742
  0.0506  0.0494  0.0431  0.0367  0.0440  0.0390
  0.0438  0.0447  0.0382  0.0339  0.0388  0.0358
  0.0388  0.0404  0.0364  0.0339  0.0351  0.0339
  0.0374  0.0373  0.0363  0.0361  0.0336  0.0337
  0.0412  0.0362  0.0387  0.0395  0.0346  0.0346
  0.0485  0.0390  0.0424  0.0420  0.0373  0.0366
  0.0564  0.0441  0.0474  0.0455  0.0421  0.0393
niter,ni,del,rscale     7    3   12.0000    1.2000
parameters
   -2.2382  -10.1513    1.8807  -11.2293    5.2100    1.3356
eta,q 0.96616 10.79357
  0.0498  0.0527  0.0447  0.0468  0.0442  0.0395
  0.0428  0.0443  0.0385  0.0401  0.0394  0.0364
  0.0364  0.0374  0.0341  0.0346  0.0352  0.0345
  0.0336  0.0337  0.0337  0.0336  0.0338  0.0338
  0.0360  0.0344  0.0364  0.0350  0.0355  0.0345
  0.0428  0.0380  0.0407  0.0384  0.0384  0.0364
  0.0514  0.0406  0.0460  0.0422  0.0431  0.0389
niter,ni,del,rscale     6    3   12.0000    1.2000
parameters
   -2.2182  -10.1273    1.8495  -11.1134    5.2041    1.3552
eta,q 0.96610 10.79231
  0.0506  0.0460  0.0452  0.0454  0.0437  0.0394
  0.0435  0.0389  0.0393  0.0383  0.0390  0.0363
  0.0368  0.0340  0.0347  0.0341  0.0350  0.0346
  0.0338  0.0338  0.0339  0.0339  0.0339  0.0339
  0.0363  0.0373  0.0360  0.0355  0.0357  0.0346
  0.0426  0.0406  0.0398  0.0397  0.0389  0.0366
  0.0510  0.0435  0.0447  0.0432  0.0436  0.0391
niter,ni,del,rscale     5    3   12.0000    1.2000
parameters
   -2.2076  -10.1684    1.8448  -11.0781    5.1966    1.3568
eta,q 0.96613 10.79255
  0.0506  0.0458  0.0452  0.0452  0.0437  0.0393
  0.0435  0.0388  0.0394  0.0381  0.0390  0.0363
  0.0368  0.0340  0.0348  0.0340  0.0350  0.0345
  0.0339  0.0339  0.0339  0.0339  0.0339  0.0339
  0.0364  0.0374  0.0360  0.0356  0.0357  0.0346
  0.0427  0.0408  0.0397  0.0398  0.0389  0.0366
  0.0511  0.0438  0.0446  0.0433  0.0436  0.0391
registration optimization eta report
parameter search radius
    6.0000    6.0000    6.9000    9.1253    6.9000    6.0000
100000*second partial in parameter space
       46.       29.       23.       13.       20.       15.
  0.0506  0.0458  0.0452  0.0452  0.0437  0.0393
  0.0435  0.0388  0.0394  0.0381  0.0390  0.0363
  0.0368  0.0340  0.0348  0.0340  0.0350  0.0345
  0.0339  0.0339  0.0339  0.0339  0.0339  0.0339
  0.0364  0.0374  0.0360  0.0356  0.0357  0.0346
  0.0427  0.0408  0.0397  0.0398  0.0389  0.0366
  0.0511  0.0438  0.0446  0.0433  0.0436  0.0391
   -2.2076  -10.1684    1.8448  -11.0781    5.1966    1.3568
eta,q 0.96613 10.79255

---------------------------------------------------------------------
imgreg_4dfp /opt/freesurfer/average/711-2C_as_mni_average_305 /opt/freesurfer/average/711-2B_as_mni_average_305_mask talsrcimg_g11 none talsrcimg_to_711-2C_as_mni_average_305_t4 3335
---------------------------------------------------------------------

freesurfer imgreg_4dfp.c
/opt/freesurfer/average/711-2C_as_mni_average_305.4dfp.img
       256       256       256         1
  1.000000  1.000000  1.000000
orientation T byte_order littleendian
Reading image: /opt/freesurfer/average/711-2C_as_mni_average_305.4dfp.img
dimensions:      256       256       256
mmppix:       1.0000   -1.0000   -1.0000
center:     128.0000 -129.0000 -129.0000
/opt/freesurfer/average/711-2B_as_mni_average_305_mask.4dfp.img
       256       256       256         1
  1.000000  1.000000  1.000000
orientation T byte_order littleendian
Reading mask: /opt/freesurfer/average/711-2B_as_mni_average_305_mask.4dfp.img (2306576 pixels)
talsrcimg_g11.4dfp.img
       256       256       256         1
  1.000000  1.000000  1.000000
orientation T byte_order littleendian
Reading image: talsrcimg_g11.4dfp.img
dimensions:      256       256       256
mmppix:       1.0000   -1.0000   -1.0000
center:     128.0000 -129.0000 -129.0000
fimgreg.f
image alignment mode   3335 decimal      D07 hex
parameters
   -2.2076  -10.1684    1.8448   -0.4389   -1.8497   -2.2667
   -0.5839   -9.3411    2.3581   18.9988    9.0574  -19.1356
eta,q 0.96587 10.84534
niter,ni,del,rscale     5    3    5.0000    1.2000
parameter  4  1.289883 ->  0.500000 qaram    1.1500
parameter  5  1.437580 ->  0.500000 qaram    1.1500
parameter  6  0.752959 ->  0.500000 qaram    1.1500
parameters
   -2.4027   -9.6505    1.8775   -4.5789   -5.9897   -6.4067
    0.4755   -7.4626    2.9082   16.5500    9.6457  -22.6382
eta,q 0.97257 10.28145
  0.0364  0.0367  0.0356  0.0305  0.0283  0.0279  0.0314  0.0330  0.0295  0.0288  0.0286  0.0278
  0.0350  0.0355  0.0347  0.0311  0.0290  0.0282  0.0299  0.0309  0.0287  0.0280  0.0282  0.0275
  0.0343  0.0346  0.0342  0.0323  0.0301  0.0289  0.0289  0.0293  0.0282  0.0278  0.0279  0.0275
  0.0341  0.0341  0.0340  0.0340  0.0313  0.0293  0.0284  0.0283  0.0280  0.0280  0.0278  0.0278
  0.0346  0.0341  0.0342  0.0363  0.0331  0.0300  0.0284  0.0280  0.0281  0.0288  0.0278  0.0283
  0.0356  0.0344  0.0347  0.0390  0.0352  0.0316  0.0290  0.0286  0.0285  0.0302  0.0280  0.0290
  0.0373  0.0351  0.0354  0.0421  0.0377  0.0347  0.0301  0.0299  0.0291  0.0320  0.0284  0.0300
niter,ni,del,rscale     7    3    5.0000    1.2000
parameter  4  0.944569 ->  0.500000 qaram    1.3225
parameter  5  0.552450 ->  0.500000 qaram    1.3225
parameters
   -2.5559   -9.4024    1.9041   -9.3399  -10.7507   -9.1837
   -0.0259   -7.7015    2.0379   18.0071    8.5318  -23.1998
eta,q 0.97579  9.71339
  0.0301  0.0298  0.0289  0.0252  0.0257  0.0260  0.0267  0.0280  0.0257  0.0279  0.0250  0.0257
  0.0285  0.0286  0.0281  0.0258  0.0251  0.0249  0.0254  0.0261  0.0249  0.0263  0.0245  0.0249
  0.0276  0.0278  0.0276  0.0264  0.0252  0.0245  0.0246  0.0248  0.0245  0.0251  0.0242  0.0243
  0.0274  0.0274  0.0274  0.0274  0.0260  0.0250  0.0245  0.0245  0.0245  0.0244  0.0243  0.0242
  0.0279  0.0275  0.0275  0.0291  0.0273  0.0263  0.0249  0.0251  0.0248  0.0243  0.0245  0.0246
  0.0291  0.0280  0.0281  0.0315  0.0290  0.0272  0.0259  0.0265  0.0255  0.0248  0.0250  0.0253
  0.0308  0.0291  0.0289  0.0344  0.0313  0.0285  0.0273  0.0284  0.0264  0.0260  0.0256  0.0262
niter,ni,del,rscale     7    3    5.0000    1.2000
parameters
   -2.6809   -9.4635    1.8517  -13.5151  -10.5541   -8.8386
    0.3750   -7.8179    2.6878   18.2109    8.3478  -23.5227
eta,q 0.97675  9.50413
  0.0267  0.0264  0.0259  0.0245  0.0276  0.0267  0.0265  0.0274  0.0254  0.0261  0.0244  0.0249
  0.0252  0.0251  0.0250  0.0235  0.0256  0.0251  0.0250  0.0252  0.0244  0.0246  0.0238  0.0240
  0.0244  0.0244  0.0244  0.0234  0.0241  0.0239  0.0238  0.0238  0.0236  0.0237  0.0234  0.0234
  0.0242  0.0242  0.0242  0.0242  0.0233  0.0233  0.0233  0.0233  0.0233  0.0233  0.0233  0.0233
  0.0246  0.0245  0.0244  0.0252  0.0238  0.0238  0.0235  0.0239  0.0234  0.0235  0.0234  0.0236
  0.0257  0.0254  0.0251  0.0269  0.0254  0.0250  0.0245  0.0254  0.0239  0.0244  0.0238  0.0243
  0.0273  0.0265  0.0260  0.0294  0.0274  0.0261  0.0260  0.0276  0.0248  0.0259  0.0245  0.0251
niter,ni,del,rscale     6    3    5.0000    1.2000
parameters
   -2.6508   -9.4638    1.7787  -13.4371  -10.6376   -8.8344
    0.2708   -7.8032    2.7746   18.3106    8.2727  -23.6433
eta,q 0.97675  9.50562
  0.0266  0.0257  0.0249  0.0266  0.0273  0.0264  0.0261  0.0275  0.0251  0.0261  0.0245  0.0250
  0.0248  0.0243  0.0240  0.0248  0.0254  0.0249  0.0247  0.0253  0.0242  0.0246  0.0238  0.0241
  0.0237  0.0235  0.0234  0.0236  0.0239  0.0238  0.0236  0.0238  0.0235  0.0237  0.0234  0.0235
  0.0233  0.0232  0.0232  0.0233  0.0233  0.0233  0.0233  0.0233  0.0233  0.0233  0.0233  0.0233
  0.0236  0.0236  0.0235  0.0239  0.0239  0.0239  0.0237  0.0238  0.0235  0.0235  0.0234  0.0235
  0.0247  0.0244  0.0241  0.0249  0.0255  0.0251  0.0248  0.0253  0.0241  0.0245  0.0238  0.0242
  0.0264  0.0256  0.0252  0.0263  0.0275  0.0262  0.0263  0.0275  0.0251  0.0259  0.0245  0.0251
niter,ni,del,rscale     5    3    5.0000    1.2000
parameters
   -2.6398   -9.4495    1.7665  -13.4284  -10.6685   -8.8176
    0.2443   -7.7927    2.7922   18.3574    8.2434  -23.6804
eta,q 0.97674  9.50596
  0.0265  0.0257  0.0250  0.0266  0.0274  0.0264  0.0262  0.0275  0.0251  0.0260  0.0245  0.0250
  0.0248  0.0243  0.0241  0.0248  0.0254  0.0249  0.0247  0.0253  0.0241  0.0246  0.0238  0.0241
  0.0237  0.0235  0.0235  0.0236  0.0240  0.0238  0.0236  0.0238  0.0235  0.0236  0.0234  0.0235
  0.0233  0.0233  0.0233  0.0233  0.0233  0.0233  0.0233  0.0233  0.0233  0.0233  0.0233  0.0233
  0.0236  0.0236  0.0235  0.0239  0.0239  0.0239  0.0236  0.0238  0.0235  0.0236  0.0234  0.0235
  0.0247  0.0244  0.0241  0.0249  0.0254  0.0251  0.0247  0.0253  0.0241  0.0245  0.0238  0.0242
  0.0265  0.0255  0.0251  0.0264  0.0275  0.0262  0.0262  0.0275  0.0251  0.0260  0.0245  0.0250
registration optimization eta report
parameter search radius
    2.4000    2.4000    2.4000    9.5220    9.5220    8.2800
    7.2000    7.2000    7.2000    7.2000    7.2000    7.2000
100000*second partial in parameter space
       56.       41.       31.        3.        4.        4.
        6.        8.        4.        5.        2.        3.
  0.0265  0.0257  0.0250  0.0266  0.0274  0.0264  0.0262  0.0275  0.0251  0.0260  0.0245  0.0250
  0.0248  0.0243  0.0241  0.0248  0.0254  0.0249  0.0247  0.0253  0.0241  0.0246  0.0238  0.0241
  0.0237  0.0235  0.0235  0.0236  0.0240  0.0238  0.0236  0.0238  0.0235  0.0236  0.0234  0.0235
  0.0233  0.0233  0.0233  0.0233  0.0233  0.0233  0.0233  0.0233  0.0233  0.0233  0.0233  0.0233
  0.0236  0.0236  0.0235  0.0239  0.0239  0.0239  0.0236  0.0238  0.0235  0.0236  0.0234  0.0235
  0.0247  0.0244  0.0241  0.0249  0.0254  0.0251  0.0247  0.0253  0.0241  0.0245  0.0238  0.0242
  0.0265  0.0255  0.0251  0.0264  0.0275  0.0262  0.0262  0.0275  0.0251  0.0260  0.0245  0.0250
   -2.6398   -9.4495    1.7665  -13.4284  -10.6685   -8.8176
    0.2443   -7.7927    2.7922   18.3574    8.2434  -23.6804
eta,q 0.97674  9.50596

---------------------------------------------------------------------
imgreg_4dfp /opt/freesurfer/average/711-2C_as_mni_average_305 /opt/freesurfer/average/711-2B_as_mni_average_305_mask talsrcimg_g11 none talsrcimg_to_711-2C_as_mni_average_305_t4 2311
---------------------------------------------------------------------

freesurfer imgreg_4dfp.c
/opt/freesurfer/average/711-2C_as_mni_average_305.4dfp.img
       256       256       256         1
  1.000000  1.000000  1.000000
orientation T byte_order littleendian
Reading image: /opt/freesurfer/average/711-2C_as_mni_average_305.4dfp.img
dimensions:      256       256       256
mmppix:       1.0000   -1.0000   -1.0000
center:     128.0000 -129.0000 -129.0000
/opt/freesurfer/average/711-2B_as_mni_average_305_mask.4dfp.img
       256       256       256         1
  1.000000  1.000000  1.000000
orientation T byte_order littleendian
Reading mask: /opt/freesurfer/average/711-2B_as_mni_average_305_mask.4dfp.img (2306576 pixels)
talsrcimg_g11.4dfp.img
       256       256       256         1
  1.000000  1.000000  1.000000
orientation T byte_order littleendian
Reading image: talsrcimg_g11.4dfp.img
dimensions:      256       256       256
mmppix:       1.0000   -1.0000   -1.0000
center:     128.0000 -129.0000 -129.0000
fimgreg.f
image alignment mode   2311 decimal      907 hex
parameters
   -2.6398   -9.4495    1.7665  -13.4284  -10.6685   -8.8176
    0.2443   -7.7927    2.7922   18.3574    8.2434  -23.6804
eta,q 0.97674  9.50595
niter,ni,del,rscale     5    3    5.0000    0.8000
parameters
   -2.6349   -9.4926    1.7836  -13.8983  -10.5437   -8.9788
    0.2802   -7.8031    2.8388   18.3154    8.2946  -23.6766
eta,q 0.97677  9.48110
  0.0248  0.0243  0.0241  0.0241  0.0246  0.0246  0.0247  0.0253  0.0241  0.0245  0.0238  0.0241
  0.0239  0.0237  0.0237  0.0236  0.0240  0.0239  0.0239  0.0242  0.0236  0.0238  0.0235  0.0236
  0.0234  0.0233  0.0234  0.0233  0.0235  0.0234  0.0234  0.0235  0.0233  0.0234  0.0233  0.0233
  0.0233  0.0233  0.0233  0.0233  0.0232  0.0232  0.0232  0.0232  0.0232  0.0232  0.0232  0.0232
  0.0234  0.0234  0.0233  0.0235  0.0233  0.0234  0.0234  0.0235  0.0233  0.0234  0.0233  0.0233
  0.0239  0.0238  0.0236  0.0239  0.0238  0.0240  0.0239  0.0242  0.0236  0.0238  0.0235  0.0236
  0.0247  0.0244  0.0241  0.0244  0.0246  0.0248  0.0247  0.0253  0.0241  0.0246  0.0238  0.0241
niter,ni,del,rscale     4    3    5.0000    0.7000
parameters
   -2.6444   -9.4908    1.7393  -13.9847  -10.4855   -9.0364
    0.2793   -7.8052    2.8124   18.3326    8.2967  -23.6930
eta,q 0.97677  9.47703
  0.0244  0.0241  0.0238  0.0241  0.0243  0.0243  0.0244  0.0248  0.0239  0.0242  0.0237  0.0239
  0.0237  0.0236  0.0235  0.0236  0.0238  0.0238  0.0237  0.0240  0.0235  0.0237  0.0234  0.0235
  0.0234  0.0233  0.0233  0.0233  0.0234  0.0234  0.0234  0.0234  0.0233  0.0234  0.0233  0.0233
  0.0232  0.0232  0.0232  0.0232  0.0232  0.0232  0.0232  0.0232  0.0232  0.0232  0.0232  0.0232
  0.0234  0.0233  0.0233  0.0234  0.0233  0.0234  0.0234  0.0234  0.0233  0.0233  0.0233  0.0233
  0.0238  0.0236  0.0235  0.0237  0.0237  0.0238  0.0237  0.0240  0.0235  0.0237  0.0234  0.0235
  0.0244  0.0241  0.0239  0.0241  0.0243  0.0244  0.0244  0.0248  0.0239  0.0242  0.0236  0.0239
niter,ni,del,rscale     3    3    5.0000    0.6000
parameters
   -2.6456   -9.4936    1.7234  -14.0389  -10.4381   -9.0241
    0.2889   -7.8080    2.8043   18.3523    8.3111  -23.6941
eta,q 0.97678  9.47677
  0.0241  0.0238  0.0237  0.0239  0.0241  0.0241  0.0241  0.0244  0.0237  0.0240  0.0235  0.0237
  0.0236  0.0235  0.0234  0.0235  0.0237  0.0237  0.0236  0.0238  0.0234  0.0236  0.0234  0.0235
  0.0233  0.0233  0.0233  0.0233  0.0234  0.0234  0.0233  0.0234  0.0233  0.0233  0.0233  0.0233
  0.0232  0.0232  0.0232  0.0232  0.0232  0.0232  0.0232  0.0232  0.0232  0.0232  0.0232  0.0232
  0.0233  0.0233  0.0233  0.0233  0.0233  0.0233  0.0233  0.0234  0.0233  0.0233  0.0233  0.0233
  0.0236  0.0235  0.0234  0.0236  0.0236  0.0236  0.0236  0.0238  0.0234  0.0235  0.0234  0.0235
  0.0241  0.0238  0.0237  0.0239  0.0241  0.0241  0.0241  0.0244  0.0237  0.0240  0.0235  0.0237
niter,ni,del,rscale     2    3    5.0000    0.5000
parameters
   -2.6473   -9.4958    1.7247  -14.0798  -10.3994   -8.9856
    0.2904   -7.8051    2.7963   18.3749    8.2742  -23.6834
eta,q 0.97678  9.47767
  0.0238  0.0237  0.0235  0.0237  0.0238  0.0239  0.0238  0.0241  0.0236  0.0238  0.0234  0.0236
  0.0235  0.0234  0.0234  0.0234  0.0235  0.0235  0.0235  0.0236  0.0234  0.0235  0.0233  0.0234
  0.0233  0.0233  0.0233  0.0233  0.0233  0.0233  0.0233  0.0233  0.0233  0.0233  0.0232  0.0233
  0.0232  0.0232  0.0232  0.0232  0.0232  0.0232  0.0232  0.0232  0.0232  0.0232  0.0232  0.0232
  0.0233  0.0233  0.0233  0.0233  0.0233  0.0233  0.0233  0.0233  0.0233  0.0233  0.0233  0.0233
  0.0235  0.0234  0.0234  0.0235  0.0235  0.0235  0.0235  0.0236  0.0234  0.0235  0.0233  0.0234
  0.0238  0.0237  0.0235  0.0237  0.0238  0.0239  0.0238  0.0241  0.0236  0.0238  0.0234  0.0236
niter,ni,del,rscale     1    3    5.0000    0.4000
parameters
   -2.6504   -9.5017    1.7386  -14.0986  -10.3654   -8.9395
    0.2936   -7.8041    2.7741   18.3769    8.2775  -23.6603
eta,q 0.97678  9.47984
  0.0236  0.0235  0.0234  0.0235  0.0236  0.0237  0.0236  0.0238  0.0234  0.0236  0.0234  0.0235
  0.0234  0.0233  0.0233  0.0233  0.0234  0.0234  0.0234  0.0235  0.0233  0.0234  0.0233  0.0233
  0.0233  0.0232  0.0233  0.0232  0.0233  0.0233  0.0233  0.0233  0.0232  0.0233  0.0232  0.0233
  0.0232  0.0232  0.0232  0.0232  0.0232  0.0232  0.0232  0.0232  0.0232  0.0232  0.0232  0.0232
  0.0233  0.0233  0.0232  0.0233  0.0233  0.0233  0.0233  0.0233  0.0232  0.0233  0.0232  0.0232
  0.0234  0.0234  0.0233  0.0234  0.0234  0.0234  0.0234  0.0235  0.0233  0.0234  0.0233  0.0233
  0.0236  0.0235  0.0234  0.0235  0.0236  0.0236  0.0236  0.0238  0.0234  0.0236  0.0234  0.0235
registration optimization eta report
parameter search radius
    0.8000    0.8000    0.8000    2.4000    2.4000    2.4000
    2.4000    2.4000    2.4000    2.4000    2.4000    2.4000
100000*second partial in parameter space
       60.       44.       33.        5.        7.        7.
        7.        9.        4.        6.        2.        4.
  0.0236  0.0235  0.0234  0.0235  0.0236  0.0237  0.0236  0.0238  0.0234  0.0236  0.0234  0.0235
  0.0234  0.0233  0.0233  0.0233  0.0234  0.0234  0.0234  0.0235  0.0233  0.0234  0.0233  0.0233
  0.0233  0.0232  0.0233  0.0232  0.0233  0.0233  0.0233  0.0233  0.0232  0.0233  0.0232  0.0233
  0.0232  0.0232  0.0232  0.0232  0.0232  0.0232  0.0232  0.0232  0.0232  0.0232  0.0232  0.0232
  0.0233  0.0233  0.0232  0.0233  0.0233  0.0233  0.0233  0.0233  0.0232  0.0233  0.0232  0.0232
  0.0234  0.0234  0.0233  0.0234  0.0234  0.0234  0.0234  0.0235  0.0233  0.0234  0.0233  0.0233
  0.0236  0.0235  0.0234  0.0235  0.0236  0.0236  0.0236  0.0238  0.0234  0.0236  0.0234  0.0235
   -2.6504   -9.5017    1.7386  -14.0986  -10.3654   -8.9395
    0.2936   -7.8041    2.7741   18.3769    8.2775  -23.6603
eta,q 0.97678  9.47984

---------------------------------------------------------------------
imgreg_4dfp /opt/freesurfer/average/711-2C_as_mni_average_305 /opt/freesurfer/average/711-2B_as_mni_average_305_mask talsrcimg_g11 none talsrcimg_to_711-2C_as_mni_average_305_t4 2311
---------------------------------------------------------------------

freesurfer imgreg_4dfp.c
/opt/freesurfer/average/711-2C_as_mni_average_305.4dfp.img
       256       256       256         1
  1.000000  1.000000  1.000000
orientation T byte_order littleendian
Reading image: /opt/freesurfer/average/711-2C_as_mni_average_305.4dfp.img
dimensions:      256       256       256
mmppix:       1.0000   -1.0000   -1.0000
center:     128.0000 -129.0000 -129.0000
/opt/freesurfer/average/711-2B_as_mni_average_305_mask.4dfp.img
       256       256       256         1
  1.000000  1.000000  1.000000
orientation T byte_order littleendian
Reading mask: /opt/freesurfer/average/711-2B_as_mni_average_305_mask.4dfp.img (2306576 pixels)
talsrcimg_g11.4dfp.img
       256       256       256         1
  1.000000  1.000000  1.000000
orientation T byte_order littleendian
Reading image: talsrcimg_g11.4dfp.img
dimensions:      256       256       256
mmppix:       1.0000   -1.0000   -1.0000
center:     128.0000 -129.0000 -129.0000
fimgreg.f
image alignment mode   2311 decimal      907 hex
parameters
   -2.6504   -9.5017    1.7386  -14.0986  -10.3654   -8.9395
    0.2936   -7.8041    2.7741   18.3769    8.2775  -23.6603
eta,q 0.97678  9.47984
niter,ni,del,rscale     5    3    5.0000    0.8000
parameters
   -2.6454   -9.4678    1.7358  -13.9834  -10.5052   -9.0386
    0.2950   -7.8078    2.8228   18.3478    8.3371  -23.7105
eta,q 0.97677  9.47665
  0.0247  0.0244  0.0240  0.0244  0.0245  0.0246  0.0247  0.0253  0.0241  0.0245  0.0238  0.0241
  0.0239  0.0237  0.0236  0.0238  0.0239  0.0239  0.0239  0.0242  0.0236  0.0238  0.0235  0.0236
  0.0234  0.0233  0.0233  0.0234  0.0234  0.0234  0.0234  0.0235  0.0233  0.0234  0.0233  0.0233
  0.0232  0.0232  0.0232  0.0232  0.0232  0.0232  0.0232  0.0232  0.0232  0.0232  0.0232  0.0232
  0.0234  0.0234  0.0233  0.0234  0.0234  0.0234  0.0234  0.0235  0.0233  0.0234  0.0233  0.0233
  0.0239  0.0237  0.0236  0.0237  0.0239  0.0240  0.0239  0.0242  0.0236  0.0238  0.0235  0.0236
  0.0247  0.0243  0.0240  0.0242  0.0247  0.0247  0.0247  0.0253  0.0241  0.0245  0.0238  0.0241
niter,ni,del,rscale     4    3    5.0000    0.7000
parameters
   -2.6459   -9.4822    1.7172  -13.9941  -10.4813   -9.0547
    0.2919   -7.8103    2.7964   18.3535    8.3155  -23.7148
eta,q 0.97677  9.47631
  0.0244  0.0241  0.0238  0.0241  0.0243  0.0243  0.0244  0.0248  0.0239  0.0242  0.0236  0.0239
  0.0237  0.0236  0.0235  0.0236  0.0238  0.0238  0.0237  0.0240  0.0235  0.0237  0.0234  0.0235
  0.0234  0.0233  0.0233  0.0233  0.0234  0.0234  0.0234  0.0234  0.0233  0.0234  0.0233  0.0233
  0.0232  0.0232  0.0232  0.0232  0.0232  0.0232  0.0232  0.0232  0.0232  0.0232  0.0232  0.0232
  0.0234  0.0233  0.0233  0.0234  0.0233  0.0234  0.0234  0.0234  0.0233  0.0233  0.0233  0.0233
  0.0238  0.0236  0.0235  0.0237  0.0237  0.0238  0.0237  0.0240  0.0235  0.0237  0.0234  0.0235
  0.0244  0.0241  0.0239  0.0241  0.0243  0.0244  0.0244  0.0248  0.0239  0.0242  0.0237  0.0239
niter,ni,del,rscale     3    3    5.0000    0.6000
parameters
   -2.6443   -9.4885    1.7159  -14.0446  -10.4397   -9.0298
    0.2942   -7.8062    2.7922   18.3617    8.3216  -23.7051
eta,q 0.97678  9.47633
  0.0241  0.0238  0.0237  0.0239  0.0241  0.0241  0.0241  0.0244  0.0237  0.0240  0.0235  0.0237
  0.0236  0.0235  0.0234  0.0235  0.0237  0.0237  0.0236  0.0238  0.0234  0.0236  0.0234  0.0235
  0.0233  0.0233  0.0233  0.0233  0.0234  0.0234  0.0233  0.0234  0.0233  0.0233  0.0233  0.0233
  0.0232  0.0232  0.0232  0.0232  0.0232  0.0232  0.0232  0.0232  0.0232  0.0232  0.0232  0.0232
  0.0233  0.0233  0.0233  0.0233  0.0233  0.0233  0.0233  0.0234  0.0233  0.0233  0.0233  0.0233
  0.0236  0.0235  0.0234  0.0236  0.0236  0.0236  0.0236  0.0238  0.0234  0.0236  0.0234  0.0234
  0.0241  0.0238  0.0237  0.0239  0.0241  0.0241  0.0241  0.0244  0.0237  0.0240  0.0235  0.0237
niter,ni,del,rscale     2    3    5.0000    0.5000
parameters
   -2.6469   -9.4953    1.7230  -14.0870  -10.4046   -8.9827
    0.2970   -7.8073    2.7906   18.3735    8.2968  -23.6789
eta,q 0.97678  9.47725
  0.0238  0.0237  0.0235  0.0237  0.0238  0.0239  0.0238  0.0241  0.0236  0.0238  0.0234  0.0236
  0.0235  0.0234  0.0234  0.0234  0.0235  0.0235  0.0235  0.0236  0.0234  0.0235  0.0233  0.0234
  0.0233  0.0233  0.0233  0.0233  0.0233  0.0233  0.0233  0.0233  0.0233  0.0233  0.0232  0.0233
  0.0232  0.0232  0.0232  0.0232  0.0232  0.0232  0.0232  0.0232  0.0232  0.0232  0.0232  0.0232
  0.0233  0.0233  0.0233  0.0233  0.0233  0.0233  0.0233  0.0233  0.0233  0.0233  0.0233  0.0233
  0.0235  0.0234  0.0234  0.0235  0.0235  0.0235  0.0235  0.0236  0.0234  0.0235  0.0233  0.0234
  0.0238  0.0237  0.0235  0.0237  0.0238  0.0239  0.0238  0.0241  0.0236  0.0238  0.0234  0.0236
niter,ni,del,rscale     1    3    5.0000    0.4000
parameters
   -2.6514   -9.5007    1.7425  -14.1075  -10.3678   -8.9383
    0.2949   -7.8033    2.7728   18.3814    8.2795  -23.6583
eta,q 0.97678  9.47951
  0.0236  0.0235  0.0234  0.0235  0.0236  0.0237  0.0236  0.0238  0.0234  0.0236  0.0234  0.0235
  0.0234  0.0233  0.0233  0.0234  0.0234  0.0234  0.0234  0.0235  0.0233  0.0234  0.0233  0.0233
  0.0233  0.0232  0.0233  0.0233  0.0233  0.0233  0.0233  0.0233  0.0232  0.0233  0.0232  0.0233
  0.0232  0.0232  0.0232  0.0232  0.0232  0.0232  0.0232  0.0232  0.0232  0.0232  0.0232  0.0232
  0.0233  0.0233  0.0232  0.0233  0.0233  0.0233  0.0233  0.0233  0.0232  0.0233  0.0232  0.0232
  0.0234  0.0234  0.0233  0.0234  0.0234  0.0234  0.0234  0.0235  0.0233  0.0234  0.0233  0.0233
  0.0236  0.0235  0.0234  0.0235  0.0236  0.0236  0.0236  0.0238  0.0234  0.0236  0.0234  0.0235
registration optimization eta report
parameter search radius
    0.8000    0.8000    0.8000    2.4000    2.4000    2.4000
    2.4000    2.4000    2.4000    2.4000    2.4000    2.4000
100000*second partial in parameter space
       60.       44.       33.        5.        7.        7.
        7.        9.        4.        6.        2.        4.
  0.0236  0.0235  0.0234  0.0235  0.0236  0.0237  0.0236  0.0238  0.0234  0.0236  0.0234  0.0235
  0.0234  0.0233  0.0233  0.0234  0.0234  0.0234  0.0234  0.0235  0.0233  0.0234  0.0233  0.0233
  0.0233  0.0232  0.0233  0.0233  0.0233  0.0233  0.0233  0.0233  0.0232  0.0233  0.0232  0.0233
  0.0232  0.0232  0.0232  0.0232  0.0232  0.0232  0.0232  0.0232  0.0232  0.0232  0.0232  0.0232
  0.0233  0.0233  0.0232  0.0233  0.0233  0.0233  0.0233  0.0233  0.0232  0.0233  0.0232  0.0232
  0.0234  0.0234  0.0233  0.0234  0.0234  0.0234  0.0234  0.0235  0.0233  0.0234  0.0233  0.0233
  0.0236  0.0235  0.0234  0.0235  0.0236  0.0236  0.0236  0.0238  0.0234  0.0236  0.0234  0.0235
   -2.6514   -9.5007    1.7425  -14.1075  -10.3678   -8.9383
    0.2949   -7.8033    2.7728   18.3814    8.2795  -23.6583
eta,q 0.97678  9.47951

---------------------------------------------------------------------
compute_vox2vox talsrcimg talsrcimg_to_711-2C_as_mni_average_305_t4 /opt/freesurfer/average/711-2C_as_mni_average_305
---------------------------------------------------------------------

freesurfer compute_vox2vox.c
Reading: talsrcimg.4dfp.ifh
Reading: talsrcimg_to_711-2C_as_mni_average_305_t4
Reading: /opt/freesurfer/average/711-2C_as_mni_average_305.4dfp.ifh
Writing: talsrcimg_to_711-2C_as_mni_average_305_t4_vox2vox.txt

start time Sun Mar 8 17:19:23 CET 2026
end		time Sun Mar 8 17:20:48 CET 2026

mpr2mni305 success

avi2talxfm orig_nu.mgz /opt/freesurfer/average/mni305.cor.mgz talsrcimg_to_711-2C_as_mni_average_305_t4_vox2vox.txt transforms/talairach.auto.xfm
avi2talxfm done
mv -f /out/sourcedata/freesurfer/sub-v1s14x0051559_ses-1/mri/talsrcimg_to_711-2C_as_mni_average_305_t4_vox2vox.txt /out/sourcedata/freesurfer/sub-v1s14x0051559_ses-1/mri/transforms/talsrcimg_to_711-2C_as_mni_average_305_t4_vox2vox.txt
lta_convert --src orig_nu.mgz --trg /opt/freesurfer/average/mni305.cor.mgz --inxfm transforms/talairach.auto.xfm --outlta transforms/talairach.auto.xfm.lta --subject fsaverage
7.3.2

--src: orig_nu.mgz src image (geometry).
--trg: /opt/freesurfer/average/mni305.cor.mgz trg image (geometry).
--inmni: transforms/talairach.auto.xfm input MNI/XFM transform.
--outlta: transforms/talairach.auto.xfm.lta output LTA.
--s: fsaverage subject name
 LTA read, type : 1
 1.15444   0.09465   0.02118   4.97588;
-0.10846   1.03371   0.27320  -23.75993;
-0.01347  -0.21492   1.05899   11.68965;
 0.00000   0.00000   0.00000   1.00000;
setting subject to fsaverage
Writing  LTA to file transforms/talairach.auto.xfm.lta...
lta_convert successful.
 
 
Started at Sun Mar 8 17:19:22 CET 2026
Ended   at Sun Mar  8 17:20:48 CET 2026
talairach_avi done
