status file for recon-all
Sun Mar  8 19:00:40 CET 2026
#@# Tessellate lh Sun Mar  8 19:00:40 CET 2026
#@# Smooth1 lh Sun Mar  8 19:00:44 CET 2026
#@# Inflation1 lh Sun Mar  8 19:00:47 CET 2026
#@# QSphere lh Sun Mar  8 19:01:02 CET 2026
#@# Fix Topology lh Sun Mar  8 19:02:18 CET 2026
#@# Smooth2 lh Sun Mar  8 19:11:17 CET 2026
#@# Inflation2 lh Sun Mar  8 19:11:20 CET 2026
#@# Curv .H and .K lh Sun Mar  8 19:11:36 CET 2026
#@# Sphere lh Sun Mar  8 19:12:27 CET 2026
#@# Surf Reg lh Sun Mar  8 19:16:29 CET 2026
#@# Jacobian white lh Sun Mar  8 19:21:50 CET 2026
#@# AvgCurv lh Sun Mar  8 19:21:51 CET 2026
#@# Cortical Parc lh Sun Mar  8 19:21:51 CET 2026
#@# white curv lh Sun Mar  8 19:29:16 CET 2026
#@# white area lh Sun Mar  8 19:29:18 CET 2026
#@# pial curv lh Sun Mar  8 19:29:19 CET 2026
#@# pial area lh Sun Mar  8 19:29:21 CET 2026
#@# thickness lh Sun Mar  8 19:29:21 CET 2026
#@# area and vertex vol lh Sun Mar  8 19:29:55 CET 2026
#@# Curvature Stats lh Sun Mar  8 19:29:56 CET 2026
#@# Cortical Parc 2 lh Sun Mar  8 19:29:59 CET 2026
#@# Cortical Parc 3 lh Sun Mar  8 19:30:14 CET 2026
#@# WM/GM Contrast lh Sun Mar  8 19:30:25 CET 2026
recon-all -s sub-v1s14x0051557_ses-1 finished without error at Sun Mar  8 19:30:30 CET 2026



#New# invocation of recon-all 



status file for recon-all
Sun Mar  8 20:11:49 CET 2026
#@# white curv lh Sun Mar  8 20:11:49 CET 2026
#@# white area lh Sun Mar  8 20:11:49 CET 2026
#@# pial curv lh Sun Mar  8 20:11:49 CET 2026
#@# pial area lh Sun Mar  8 20:11:49 CET 2026
#@# thickness lh Sun Mar  8 20:11:49 CET 2026
#@# area and vertex vol lh Sun Mar  8 20:11:49 CET 2026
#@# Parcellation Stats lh Sun Mar  8 20:11:49 CET 2026
#@# Parcellation Stats 2 lh Sun Mar  8 20:12:11 CET 2026
#@# Parcellation Stats 3 lh Sun Mar  8 20:12:22 CET 2026
#@# BA_exvivo Labels lh Sun Mar  8 20:12:33 CET 2026
recon-all -s sub-v1s14x0051557_ses-1 finished without error at Sun Mar  8 20:15:22 CET 2026
