status file for recon-all
Sun Mar  8 17:09:36 CET 2026
#@# MotionCor Sun Mar  8 17:09:37 CET 2026
#@# Talairach Sun Mar  8 17:09:47 CET 2026
#@# Talairach Failure Detection Sun Mar  8 17:14:15 CET 2026
#@# Nu Intensity Correction Sun Mar  8 17:14:15 CET 2026
#@# Intensity Normalization Sun Mar  8 17:17:33 CET 2026
recon-all -s sub-v1s14x0051557_ses-1 finished without error at Sun Mar  8 17:19:05 CET 2026



#New# invocation of recon-all 



status file for recon-all
Sun Mar  8 17:26:48 CET 2026
#@# EM Registration Sun Mar  8 17:26:48 CET 2026
recon-all -s sub-v1s14x0051557_ses-1 finished without error at Sun Mar  8 17:29:46 CET 2026



#New# invocation of recon-all 



status file for recon-all
Sun Mar  8 17:29:49 CET 2026
#@# CA Normalize Sun Mar  8 17:29:49 CET 2026
#@# CA Reg Sun Mar  8 17:31:10 CET 2026
#@# SubCort Seg Sun Mar  8 18:22:37 CET 2026
#@# CC Seg Sun Mar  8 18:54:32 CET 2026
#@# Merge ASeg Sun Mar  8 18:55:09 CET 2026
#@# Intensity Normalization2 Sun Mar  8 18:55:09 CET 2026
#@# Mask BFS Sun Mar  8 18:57:26 CET 2026
#@# WM Segmentation Sun Mar  8 18:57:27 CET 2026
#@# Fill Sun Mar  8 18:59:33 CET 2026
recon-all -s sub-v1s14x0051557_ses-1 finished without error at Sun Mar  8 19:00:34 CET 2026



#New# invocation of recon-all 



status file for recon-all
Sun Mar  8 20:05:00 CET 2026
#@# white curv lh Sun Mar  8 20:05:00 CET 2026
#@# white area lh Sun Mar  8 20:05:00 CET 2026
#@# pial curv lh Sun Mar  8 20:05:00 CET 2026
#@# pial area lh Sun Mar  8 20:05:01 CET 2026
#@# thickness lh Sun Mar  8 20:05:01 CET 2026
#@# area and vertex vol lh Sun Mar  8 20:05:01 CET 2026
#@# white curv rh Sun Mar  8 20:05:01 CET 2026
#@# white area rh Sun Mar  8 20:05:01 CET 2026
#@# pial curv rh Sun Mar  8 20:05:01 CET 2026
#@# pial area rh Sun Mar  8 20:05:01 CET 2026
#@# thickness rh Sun Mar  8 20:05:01 CET 2026
#@# area and vertex vol rh Sun Mar  8 20:05:01 CET 2026
#@# Cortical ribbon mask Sun Mar  8 20:05:01 CET 2026
recon-all -s sub-v1s14x0051557_ses-1 finished without error at Sun Mar  8 20:11:45 CET 2026



#New# invocation of recon-all 



status file for recon-all
Sun Mar  8 20:18:59 CET 2026
#@# white curv lh Sun Mar  8 20:18:59 CET 2026
#@# white area lh Sun Mar  8 20:18:59 CET 2026
#@# pial curv lh Sun Mar  8 20:18:59 CET 2026
#@# pial area lh Sun Mar  8 20:18:59 CET 2026
#@# thickness lh Sun Mar  8 20:18:59 CET 2026
#@# area and vertex vol lh Sun Mar  8 20:18:59 CET 2026
#@# white curv rh Sun Mar  8 20:18:59 CET 2026
#@# white area rh Sun Mar  8 20:18:59 CET 2026
#@# pial curv rh Sun Mar  8 20:18:59 CET 2026
#@# pial area rh Sun Mar  8 20:18:59 CET 2026
#@# thickness rh Sun Mar  8 20:18:59 CET 2026
#@# area and vertex vol rh Sun Mar  8 20:18:59 CET 2026
#@# Curvature Stats lh Sun Mar  8 20:18:59 CET 2026
#@# Curvature Stats rh Sun Mar  8 20:19:01 CET 2026
#@# Relabel Hypointensities Sun Mar  8 20:19:04 CET 2026
#@# APas-to-ASeg Sun Mar  8 20:19:20 CET 2026
#@# AParc-to-ASeg aparc Sun Mar  8 20:19:29 CET 2026
#@# AParc-to-ASeg aparc.a2009s Sun Mar  8 20:20:13 CET 2026
#@# AParc-to-ASeg aparc.DKTatlas Sun Mar  8 20:20:57 CET 2026
#@# WMParc Sun Mar  8 20:21:40 CET 2026
#@# ASeg Stats Sun Mar  8 20:25:44 CET 2026
recon-all -s sub-v1s14x0051557_ses-1 finished without error at Sun Mar  8 20:26:23 CET 2026
