status file for recon-all
Sun Mar  8 18:56:22 CET 2026
#@# MotionCor Sun Mar  8 18:56:24 CET 2026
#@# Talairach Sun Mar  8 18:56:34 CET 2026
#@# Talairach Failure Detection Sun Mar  8 19:01:10 CET 2026
#@# Nu Intensity Correction Sun Mar  8 19:01:10 CET 2026
#@# Intensity Normalization Sun Mar  8 19:04:27 CET 2026
recon-all -s sub-v1s14x0051576_ses-1 finished without error at Sun Mar  8 19:05:55 CET 2026



#New# invocation of recon-all 



status file for recon-all
Sun Mar  8 19:13:58 CET 2026
#@# EM Registration Sun Mar  8 19:13:58 CET 2026
recon-all -s sub-v1s14x0051576_ses-1 finished without error at Sun Mar  8 19:15:50 CET 2026



#New# invocation of recon-all 



status file for recon-all
Sun Mar  8 19:15:54 CET 2026
#@# CA Normalize Sun Mar  8 19:15:54 CET 2026
#@# CA Reg Sun Mar  8 19:17:15 CET 2026
#@# SubCort Seg Sun Mar  8 20:08:51 CET 2026
#@# CC Seg Sun Mar  8 20:42:50 CET 2026
#@# Merge ASeg Sun Mar  8 20:43:25 CET 2026
#@# Intensity Normalization2 Sun Mar  8 20:43:25 CET 2026
#@# Mask BFS Sun Mar  8 20:45:40 CET 2026
#@# WM Segmentation Sun Mar  8 20:45:40 CET 2026
#@# Fill Sun Mar  8 20:47:48 CET 2026
recon-all -s sub-v1s14x0051576_ses-1 finished without error at Sun Mar  8 20:48:53 CET 2026



#New# invocation of recon-all 



status file for recon-all
Sun Mar  8 21:48:47 CET 2026
#@# white curv lh Sun Mar  8 21:48:47 CET 2026
#@# white area lh Sun Mar  8 21:48:47 CET 2026
#@# pial curv lh Sun Mar  8 21:48:47 CET 2026
#@# pial area lh Sun Mar  8 21:48:47 CET 2026
#@# thickness lh Sun Mar  8 21:48:47 CET 2026
#@# area and vertex vol lh Sun Mar  8 21:48:47 CET 2026
#@# white curv rh Sun Mar  8 21:48:47 CET 2026
#@# white area rh Sun Mar  8 21:48:47 CET 2026
#@# pial curv rh Sun Mar  8 21:48:47 CET 2026
#@# pial area rh Sun Mar  8 21:48:47 CET 2026
#@# thickness rh Sun Mar  8 21:48:47 CET 2026
#@# area and vertex vol rh Sun Mar  8 21:48:47 CET 2026
#@# Cortical ribbon mask Sun Mar  8 21:48:47 CET 2026
recon-all -s sub-v1s14x0051576_ses-1 finished without error at Sun Mar  8 21:56:35 CET 2026



#New# invocation of recon-all 



status file for recon-all
Sun Mar  8 22:04:43 CET 2026
#@# white curv lh Sun Mar  8 22:04:43 CET 2026
#@# white area lh Sun Mar  8 22:04:43 CET 2026
#@# pial curv lh Sun Mar  8 22:04:43 CET 2026
#@# pial area lh Sun Mar  8 22:04:43 CET 2026
#@# thickness lh Sun Mar  8 22:04:43 CET 2026
#@# area and vertex vol lh Sun Mar  8 22:04:43 CET 2026
#@# white curv rh Sun Mar  8 22:04:43 CET 2026
#@# white area rh Sun Mar  8 22:04:43 CET 2026
#@# pial curv rh Sun Mar  8 22:04:43 CET 2026
#@# pial area rh Sun Mar  8 22:04:43 CET 2026
#@# thickness rh Sun Mar  8 22:04:43 CET 2026
#@# area and vertex vol rh Sun Mar  8 22:04:43 CET 2026
#@# Curvature Stats lh Sun Mar  8 22:04:43 CET 2026
#@# Curvature Stats rh Sun Mar  8 22:04:46 CET 2026
#@# Relabel Hypointensities Sun Mar  8 22:04:50 CET 2026
#@# APas-to-ASeg Sun Mar  8 22:05:06 CET 2026
#@# AParc-to-ASeg aparc Sun Mar  8 22:05:16 CET 2026
#@# AParc-to-ASeg aparc.a2009s Sun Mar  8 22:05:54 CET 2026
#@# AParc-to-ASeg aparc.DKTatlas Sun Mar  8 22:06:31 CET 2026
#@# WMParc Sun Mar  8 22:07:03 CET 2026
#@# ASeg Stats Sun Mar  8 22:11:28 CET 2026
recon-all -s sub-v1s14x0051576_ses-1 finished without error at Sun Mar  8 22:12:14 CET 2026
