status file for recon-all
Sun Mar  8 20:48:58 CET 2026
#@# Tessellate lh Sun Mar  8 20:48:58 CET 2026
#@# Smooth1 lh Sun Mar  8 20:49:02 CET 2026
#@# Inflation1 lh Sun Mar  8 20:49:05 CET 2026
#@# QSphere lh Sun Mar  8 20:49:21 CET 2026
#@# Fix Topology lh Sun Mar  8 20:50:44 CET 2026
#@# Smooth2 lh Sun Mar  8 21:00:12 CET 2026
#@# Inflation2 lh Sun Mar  8 21:00:15 CET 2026
#@# Curv .H and .K lh Sun Mar  8 21:00:32 CET 2026
#@# Sphere lh Sun Mar  8 21:01:25 CET 2026
#@# Surf Reg lh Sun Mar  8 21:05:30 CET 2026
#@# Jacobian white lh Sun Mar  8 21:10:15 CET 2026
#@# AvgCurv lh Sun Mar  8 21:10:17 CET 2026
#@# Cortical Parc lh Sun Mar  8 21:10:18 CET 2026
#@# white curv lh Sun Mar  8 21:17:35 CET 2026
#@# white area lh Sun Mar  8 21:17:37 CET 2026
#@# pial curv lh Sun Mar  8 21:17:38 CET 2026
#@# pial area lh Sun Mar  8 21:17:40 CET 2026
#@# thickness lh Sun Mar  8 21:17:41 CET 2026
#@# area and vertex vol lh Sun Mar  8 21:18:17 CET 2026
#@# Curvature Stats lh Sun Mar  8 21:18:19 CET 2026
#@# Cortical Parc 2 lh Sun Mar  8 21:18:22 CET 2026
#@# Cortical Parc 3 lh Sun Mar  8 21:18:38 CET 2026
#@# WM/GM Contrast lh Sun Mar  8 21:18:50 CET 2026
recon-all -s sub-v1s14x0051576_ses-1 finished without error at Sun Mar  8 21:18:56 CET 2026



#New# invocation of recon-all 



status file for recon-all
Sun Mar  8 21:56:39 CET 2026
#@# white curv lh Sun Mar  8 21:56:39 CET 2026
#@# white area lh Sun Mar  8 21:56:39 CET 2026
#@# pial curv lh Sun Mar  8 21:56:39 CET 2026
#@# pial area lh Sun Mar  8 21:56:39 CET 2026
#@# thickness lh Sun Mar  8 21:56:39 CET 2026
#@# area and vertex vol lh Sun Mar  8 21:56:39 CET 2026
#@# Parcellation Stats lh Sun Mar  8 21:56:39 CET 2026
#@# Parcellation Stats 2 lh Sun Mar  8 21:57:03 CET 2026
#@# Parcellation Stats 3 lh Sun Mar  8 21:57:15 CET 2026
#@# BA_exvivo Labels lh Sun Mar  8 21:57:26 CET 2026
recon-all -s sub-v1s14x0051576_ses-1 finished without error at Sun Mar  8 22:00:39 CET 2026
