status file for recon-all
Sun Mar  8 17:18:05 CET 2026
#@# MotionCor Sun Mar  8 17:18:06 CET 2026
#@# Talairach Sun Mar  8 17:18:17 CET 2026
#@# Talairach Failure Detection Sun Mar  8 17:22:42 CET 2026
#@# Nu Intensity Correction Sun Mar  8 17:22:42 CET 2026
#@# Intensity Normalization Sun Mar  8 17:25:57 CET 2026
recon-all -s sub-v1s14x0051561_ses-1 finished without error at Sun Mar  8 17:27:31 CET 2026



#New# invocation of recon-all 



status file for recon-all
Sun Mar  8 17:35:26 CET 2026
#@# EM Registration Sun Mar  8 17:35:26 CET 2026
recon-all -s sub-v1s14x0051561_ses-1 finished without error at Sun Mar  8 17:38:31 CET 2026



#New# invocation of recon-all 



status file for recon-all
Sun Mar  8 17:38:32 CET 2026
#@# CA Normalize Sun Mar  8 17:38:32 CET 2026
#@# CA Reg Sun Mar  8 17:39:53 CET 2026
#@# SubCort Seg Sun Mar  8 18:27:16 CET 2026
#@# CC Seg Sun Mar  8 19:02:38 CET 2026
#@# Merge ASeg Sun Mar  8 19:03:16 CET 2026
#@# Intensity Normalization2 Sun Mar  8 19:03:16 CET 2026
#@# Mask BFS Sun Mar  8 19:05:34 CET 2026
#@# WM Segmentation Sun Mar  8 19:05:35 CET 2026
#@# Fill Sun Mar  8 19:07:45 CET 2026
recon-all -s sub-v1s14x0051561_ses-1 finished without error at Sun Mar  8 19:08:48 CET 2026



#New# invocation of recon-all 



status file for recon-all
Sun Mar  8 20:11:40 CET 2026
#@# white curv lh Sun Mar  8 20:11:40 CET 2026
#@# white area lh Sun Mar  8 20:11:40 CET 2026
#@# pial curv lh Sun Mar  8 20:11:40 CET 2026
#@# pial area lh Sun Mar  8 20:11:40 CET 2026
#@# thickness lh Sun Mar  8 20:11:40 CET 2026
#@# area and vertex vol lh Sun Mar  8 20:11:40 CET 2026
#@# white curv rh Sun Mar  8 20:11:40 CET 2026
#@# white area rh Sun Mar  8 20:11:40 CET 2026
#@# pial curv rh Sun Mar  8 20:11:40 CET 2026
#@# pial area rh Sun Mar  8 20:11:40 CET 2026
#@# thickness rh Sun Mar  8 20:11:40 CET 2026
#@# area and vertex vol rh Sun Mar  8 20:11:40 CET 2026
#@# Cortical ribbon mask Sun Mar  8 20:11:40 CET 2026
recon-all -s sub-v1s14x0051561_ses-1 finished without error at Sun Mar  8 20:20:31 CET 2026



#New# invocation of recon-all 



status file for recon-all
Sun Mar  8 20:28:32 CET 2026
#@# white curv lh Sun Mar  8 20:28:32 CET 2026
#@# white area lh Sun Mar  8 20:28:32 CET 2026
#@# pial curv lh Sun Mar  8 20:28:32 CET 2026
#@# pial area lh Sun Mar  8 20:28:32 CET 2026
#@# thickness lh Sun Mar  8 20:28:32 CET 2026
#@# area and vertex vol lh Sun Mar  8 20:28:32 CET 2026
#@# white curv rh Sun Mar  8 20:28:32 CET 2026
#@# white area rh Sun Mar  8 20:28:32 CET 2026
#@# pial curv rh Sun Mar  8 20:28:32 CET 2026
#@# pial area rh Sun Mar  8 20:28:32 CET 2026
#@# thickness rh Sun Mar  8 20:28:32 CET 2026
#@# area and vertex vol rh Sun Mar  8 20:28:32 CET 2026
#@# Curvature Stats lh Sun Mar  8 20:28:32 CET 2026
#@# Curvature Stats rh Sun Mar  8 20:28:35 CET 2026
#@# Relabel Hypointensities Sun Mar  8 20:28:38 CET 2026
#@# APas-to-ASeg Sun Mar  8 20:28:54 CET 2026
#@# AParc-to-ASeg aparc Sun Mar  8 20:29:03 CET 2026
#@# AParc-to-ASeg aparc.a2009s Sun Mar  8 20:29:45 CET 2026
#@# AParc-to-ASeg aparc.DKTatlas Sun Mar  8 20:30:25 CET 2026
#@# WMParc Sun Mar  8 20:31:06 CET 2026
#@# ASeg Stats Sun Mar  8 20:34:40 CET 2026
recon-all -s sub-v1s14x0051561_ses-1 finished without error at Sun Mar  8 20:35:22 CET 2026
