status file for recon-all
Sun Mar  8 19:41:04 CET 2026
#@# Tessellate rh Sun Mar  8 19:41:04 CET 2026
#@# Smooth1 rh Sun Mar  8 19:41:07 CET 2026
#@# Inflation1 rh Sun Mar  8 19:41:11 CET 2026
#@# QSphere rh Sun Mar  8 19:41:25 CET 2026
#@# Fix Topology rh Sun Mar  8 19:42:32 CET 2026
#@# Smooth2 rh Sun Mar  8 19:52:07 CET 2026
#@# Inflation2 rh Sun Mar  8 19:52:10 CET 2026
#@# Curv .H and .K rh Sun Mar  8 19:52:25 CET 2026
#@# Sphere rh Sun Mar  8 19:53:21 CET 2026
#@# Surf Reg rh Sun Mar  8 19:57:32 CET 2026
#@# Jacobian white rh Sun Mar  8 20:02:13 CET 2026
#@# AvgCurv rh Sun Mar  8 20:02:14 CET 2026
#@# Cortical Parc rh Sun Mar  8 20:02:15 CET 2026
#@# white curv rh Sun Mar  8 20:10:16 CET 2026
#@# white area rh Sun Mar  8 20:10:18 CET 2026
#@# pial curv rh Sun Mar  8 20:10:19 CET 2026
#@# pial area rh Sun Mar  8 20:10:21 CET 2026
#@# thickness rh Sun Mar  8 20:10:22 CET 2026
#@# area and vertex vol rh Sun Mar  8 20:10:59 CET 2026
#@# Curvature Stats rh Sun Mar  8 20:11:01 CET 2026
#@# Cortical Parc 2 rh Sun Mar  8 20:11:04 CET 2026
#@# Cortical Parc 3 rh Sun Mar  8 20:11:20 CET 2026
#@# WM/GM Contrast rh Sun Mar  8 20:11:32 CET 2026
recon-all -s sub-v1s14x0051561_ses-1 finished without error at Sun Mar  8 20:11:37 CET 2026



#New# invocation of recon-all 



status file for recon-all
Sun Mar  8 20:24:36 CET 2026
#@# white curv rh Sun Mar  8 20:24:37 CET 2026
#@# white area rh Sun Mar  8 20:24:37 CET 2026
#@# pial curv rh Sun Mar  8 20:24:37 CET 2026
#@# pial area rh Sun Mar  8 20:24:37 CET 2026
#@# thickness rh Sun Mar  8 20:24:37 CET 2026
#@# area and vertex vol rh Sun Mar  8 20:24:37 CET 2026
#@# Parcellation Stats rh Sun Mar  8 20:24:37 CET 2026
#@# Parcellation Stats 2 rh Sun Mar  8 20:25:01 CET 2026
#@# Parcellation Stats 3 rh Sun Mar  8 20:25:13 CET 2026
#@# BA_exvivo Labels rh Sun Mar  8 20:25:26 CET 2026
recon-all -s sub-v1s14x0051561_ses-1 finished without error at Sun Mar  8 20:28:26 CET 2026
