status file for recon-all
Sun Mar  8 19:08:53 CET 2026
#@# Tessellate lh Sun Mar  8 19:08:53 CET 2026
#@# Smooth1 lh Sun Mar  8 19:08:58 CET 2026
#@# Inflation1 lh Sun Mar  8 19:09:01 CET 2026
#@# QSphere lh Sun Mar  8 19:09:20 CET 2026
#@# Fix Topology lh Sun Mar  8 19:10:34 CET 2026
#@# Smooth2 lh Sun Mar  8 19:19:20 CET 2026
#@# Inflation2 lh Sun Mar  8 19:19:24 CET 2026
#@# Curv .H and .K lh Sun Mar  8 19:19:44 CET 2026
#@# Sphere lh Sun Mar  8 19:20:41 CET 2026
#@# Surf Reg lh Sun Mar  8 19:25:44 CET 2026
#@# Jacobian white lh Sun Mar  8 19:31:30 CET 2026
#@# AvgCurv lh Sun Mar  8 19:31:31 CET 2026
#@# Cortical Parc lh Sun Mar  8 19:31:32 CET 2026
#@# white curv lh Sun Mar  8 19:39:40 CET 2026
#@# white area lh Sun Mar  8 19:39:42 CET 2026
#@# pial curv lh Sun Mar  8 19:39:43 CET 2026
#@# pial area lh Sun Mar  8 19:39:45 CET 2026
#@# thickness lh Sun Mar  8 19:39:46 CET 2026
#@# area and vertex vol lh Sun Mar  8 19:40:22 CET 2026
#@# Curvature Stats lh Sun Mar  8 19:40:24 CET 2026
#@# Cortical Parc 2 lh Sun Mar  8 19:40:27 CET 2026
#@# Cortical Parc 3 lh Sun Mar  8 19:40:44 CET 2026
#@# WM/GM Contrast lh Sun Mar  8 19:40:56 CET 2026
recon-all -s sub-v1s14x0051561_ses-1 finished without error at Sun Mar  8 19:41:01 CET 2026



#New# invocation of recon-all 



status file for recon-all
Sun Mar  8 20:20:36 CET 2026
#@# white curv lh Sun Mar  8 20:20:36 CET 2026
#@# white area lh Sun Mar  8 20:20:36 CET 2026
#@# pial curv lh Sun Mar  8 20:20:36 CET 2026
#@# pial area lh Sun Mar  8 20:20:36 CET 2026
#@# thickness lh Sun Mar  8 20:20:36 CET 2026
#@# area and vertex vol lh Sun Mar  8 20:20:36 CET 2026
#@# Parcellation Stats lh Sun Mar  8 20:20:36 CET 2026
#@# Parcellation Stats 2 lh Sun Mar  8 20:21:02 CET 2026
#@# Parcellation Stats 3 lh Sun Mar  8 20:21:16 CET 2026
#@# BA_exvivo Labels lh Sun Mar  8 20:21:29 CET 2026
recon-all -s sub-v1s14x0051561_ses-1 finished without error at Sun Mar  8 20:24:34 CET 2026
