/out/sourcedata/freesurfer/sub-v1s14x0051569_ses-1/mri
/opt/freesurfer/bin/talairach_avi
--i orig_nu.mgz --xfm transforms/talairach.auto.xfm
talairach_avi 7.3.2
Linux dna012 5.14.0-427.37.1.el9_4.x86_64 #1 SMP PREEMPT_DYNAMIC Fri Sep 13 12:41:50 EDT 2024 x86_64 x86_64 x86_64 GNU/Linux
Sun Mar  8 18:00:42 CET 2026
mri_convert orig_nu.mgz talsrcimg.img 
reading from orig_nu.mgz...
TR=0.00, TE=0.00, TI=0.00, flip angle=0.00
i_ras = (-1, 2.32831e-10, 0)
j_ras = (-1.86265e-09, 0, -1)
k_ras = (1.16415e-09, 1, -1.49012e-08)
writing to talsrcimg.img...
Analyze Output Matrix
-1.00000  -0.00000   0.00000   128.97942;
 0.00000   0.00000   1.00000  -106.09200;
 0.00000  -1.00000  -0.00000   172.19827;
 0.00000   0.00000   0.00000   1.00000;
--------------------
INFO: set hdr.hist.orient to -1
mpr2mni305 talsrcimg
Sun Mar  8 18:00:42 CET 2026
/opt/freesurfer/bin/mpr2mni305 talsrcimg
mpr2mni305 7.3.2
target=711-2C_as_mni_average_305

---------------------------------------------------------------------
analyzeto4dfp talsrcimg -O0 -y
---------------------------------------------------------------------

freesurfer ifh2hdr.c
Sun Mar  8 18:00:43 2026
Writing: talsrcimg.4dfp.hdr
freesurfer analyzeto4dfp.c
Reading: talsrcimg.hdr
header size 348 bytes
hdr.dime.datatype	offset=70	value=2
hdr.dime.bitpix		offset=72	value=8
hdr.hist.orient		offset=252	value=-1
dimensionality     4
dimensions       256       256       256         1
Reading: talsrcimg.img
Writing: talsrcimg.4dfp.img
Writing: talsrcimg.4dfp.ifh
ifh2hdr talsrcimg -r0to236
ori=2

---------------------------------------------------------------------
gauss_4dfp talsrcimg 1.1
---------------------------------------------------------------------

freesurfer gauss_4dfp.c
Reading: talsrcimg.4dfp.img
Writing: talsrcimg_g11.4dfp.img
image dimensions 256 256 256 padded to 288 288 288
processing volume 1freesurfer ifh2hdr.c
Sun Mar  8 18:00:44 2026
Writing: talsrcimg_g11.4dfp.hdr

Writing: talsrcimg_g11.4dfp.ifh
including: talsrcimg.4dfp.img.rec in talsrcimg_g11.4dfp.img.rec

---------------------------------------------------------------------
imgreg_4dfp /opt/freesurfer/average/711-2C_as_mni_average_305 none talsrcimg_g11 none talsrcimg_to_711-2C_as_mni_average_305_t4 4355
---------------------------------------------------------------------

freesurfer imgreg_4dfp.c
/opt/freesurfer/average/711-2C_as_mni_average_305.4dfp.img
       256       256       256         1
  1.000000  1.000000  1.000000
orientation T byte_order littleendian
Reading image: /opt/freesurfer/average/711-2C_as_mni_average_305.4dfp.img
dimensions:      256       256       256
mmppix:       1.0000   -1.0000   -1.0000
center:     128.0000 -129.0000 -129.0000
talsrcimg_g11.4dfp.img
       256       256       256         1
  1.000000  1.000000  1.000000
orientation T byte_order littleendian
Reading image: talsrcimg_g11.4dfp.img
dimensions:      256       256       256
mmppix:       1.0000   -1.0000   -1.0000
center:     128.0000 -129.0000 -129.0000
t4_read: open error in t4_sub.f l:  41 t4_file(1:l)talsrcimg_to_711-2C_as_mni_average_305_t4 
t4_read: transform initialized to I4
rotation matrix determinant  1.000000
image alignment mode   4355 decimal     1103 hex
   -7.5000  -45.0000  -45.0000 9315.1680   16.1505
    0.0000  -45.0000  -45.0000 9692.5654   16.1783
    7.5000  -45.0000  -45.0000 9161.6152   16.2150
   -7.5000  -37.5000  -45.0000 9706.2275   16.1737
    0.0000  -37.5000  -45.000010098.6074   16.1938
    7.5000  -37.5000  -45.0000 9548.0996   16.2296
   -7.5000  -30.0000  -45.000010386.6875   16.1920
    0.0000  -30.0000  -45.000010840.7383   16.2048
    7.5000  -30.0000  -45.000010236.7588   16.2396
   -7.5000  -22.5000  -45.000011022.5801   16.1863
    0.0000  -22.5000  -45.000011482.9473   16.1995
    7.5000  -22.5000  -45.000010872.5703   16.2348
   -7.5000  -15.0000  -45.000011576.7939   16.1640
    0.0000  -15.0000  -45.000012054.0342   16.1842
    7.5000  -15.0000  -45.000011407.2021   16.2208
   -7.5000   -7.5000  -45.000012133.4561   16.1464
    0.0000   -7.5000  -45.000012644.7139   16.1740
    7.5000   -7.5000  -45.000011949.9238   16.2111
   -7.5000    0.0000  -45.000012666.0303   16.1505
    0.0000    0.0000  -45.000013201.3936   16.1783
    7.5000    0.0000  -45.000012484.8906   16.2150
   -7.5000    7.5000  -45.000012083.4180   16.1737
    0.0000    7.5000  -45.000012601.4482   16.1938
    7.5000    7.5000  -45.000011922.7939   16.2296
   -7.5000   15.0000  -45.000011175.6689   16.1920
    0.0000   15.0000  -45.000011653.4639   16.2048
    7.5000   15.0000  -45.000011025.4453   16.2396
   -7.5000   22.5000  -45.000010186.0771   16.1841
    0.0000   22.5000  -45.000010641.7900   16.1973
    7.5000   22.5000  -45.000010075.5088   16.2326
   -7.5000   30.0000  -45.0000 9219.7471   15.9486
    0.0000   30.0000  -45.0000 9631.6211   15.9685
    7.5000   30.0000  -45.0000 9119.2510   16.0046
   -7.5000   37.5000  -45.0000 8582.1592   15.9313
    0.0000   37.5000  -45.0000 8949.7363   15.9584
    7.5000   37.5000  -45.0000 8475.2705   15.9951
   -7.5000   45.0000  -45.0000 7595.9727   15.5307
    0.0000   45.0000  -45.0000 7924.3594   15.5574
    7.5000   45.0000  -45.0000 7496.2827   15.5927
   -7.5000  -45.0000  -37.5000 9918.2910   16.1557
    0.0000  -45.0000  -37.500010300.6592   16.1721
    7.5000  -45.0000  -37.5000 9778.4170   16.1984
   -7.5000  -37.5000  -37.500010321.4072   16.1813
    0.0000  -37.5000  -37.500010735.8643   16.1876
    7.5000  -37.5000  -37.500010185.8887   16.2149
   -7.5000  -30.0000  -37.500011049.7402   16.1934
    0.0000  -30.0000  -37.500011507.3301   16.1898
    7.5000  -30.0000  -37.500010894.4756   16.2174
   -7.5000  -22.5000  -37.500011722.2607   16.1779
    0.0000  -22.5000  -37.500012200.0674   16.1743
    7.5000  -22.5000  -37.500011554.6270   16.2014
   -7.5000  -15.0000  -37.500012290.6035   16.1522
    0.0000  -15.0000  -37.500012784.1172   16.1577
    7.5000  -15.0000  -37.500012096.5850   16.1843
   -7.5000   -7.5000  -37.500012834.7881   16.1420
    0.0000   -7.5000  -37.500013350.7607   16.1576
    7.5000   -7.5000  -37.500012644.6289   16.1838
   -7.5000    0.0000  -37.500013372.5674   16.1557
    0.0000    0.0000  -37.500013892.0605   16.1721
    7.5000    0.0000  -37.500013186.1475   16.1984
   -7.5000    7.5000  -37.500012735.5371   16.1813
    0.0000    7.5000  -37.500013249.0596   16.1876
    7.5000    7.5000  -37.500012559.3232   16.2149
   -7.5000   15.0000  -37.500011752.0391   16.1934
    0.0000   15.0000  -37.500012215.2842   16.1898
    7.5000   15.0000  -37.500011614.4463   16.2174
   -7.5000   22.5000  -37.500010697.8301   16.1757
    0.0000   22.5000  -37.500011153.9043   16.1721
    7.5000   22.5000  -37.500010578.6221   16.1992
   -7.5000   30.0000  -37.5000 9656.3428   15.9369
    0.0000   30.0000  -37.500010086.0391   15.9424
    7.5000   30.0000  -37.5000 9559.6689   15.9686
   -7.5000   37.5000  -37.5000 8952.3486   15.9269
    0.0000   37.5000  -37.5000 9320.4609   15.9423
    7.5000   37.5000  -37.5000 8838.2354   15.9681
   -7.5000   45.0000  -37.5000 7929.6079   15.5356
    0.0000   45.0000  -37.5000 8248.0986   15.5515
    7.5000   45.0000  -37.5000 7819.1895   15.5767
   -7.5000  -45.0000  -30.000010672.0596   16.8321
    0.0000  -45.0000  -30.000011081.2861   16.8439
    7.5000  -45.0000  -30.000010519.8564   16.8582
   -7.5000  -37.5000  -30.000011097.0908   16.8601
    0.0000  -37.5000  -30.000011551.5918   16.8598
    7.5000  -37.5000  -30.000010947.0352   16.8766
   -7.5000  -30.0000  -30.000011868.6514   16.8617
    0.0000  -30.0000  -30.000012353.7363   16.8506
    7.5000  -30.0000  -30.000011706.6982   16.8714
   -7.5000  -22.5000  -30.000012606.5029   16.8313
    0.0000  -22.5000  -30.000013114.9141   16.8218
    7.5000  -22.5000  -30.000012402.6650   16.8437
   -7.5000  -15.0000  -30.000013215.5801   16.8005
    0.0000  -15.0000  -30.000013723.3945   16.8019
    7.5000  -15.0000  -30.000012974.6680   16.8217
   -7.5000   -7.5000  -30.000013768.6641   16.8028
    0.0000   -7.5000  -30.000014289.6084   16.8148
    7.5000   -7.5000  -30.000013534.0000   16.8309
   -7.5000    0.0000  -30.000014318.8486   16.8321
    0.0000    0.0000  -30.000014839.9160   16.8439
    7.5000    0.0000  -30.000014095.5928   16.8582
   -7.5000    7.5000  -30.000013555.4971   16.8601
    0.0000    7.5000  -30.000014079.4434   16.8598
    7.5000    7.5000  -30.000013401.0273   16.8766
   -7.5000   15.0000  -30.000012487.3984   16.8617
    0.0000   15.0000  -30.000012991.4775   16.8506
    7.5000   15.0000  -30.000012383.9404   16.8714
   -7.5000   22.5000  -30.000011352.2432   16.8272
    0.0000   22.5000  -30.000011828.8574   16.8178
    7.5000   22.5000  -30.000011255.2949   16.8396
   -7.5000   30.0000  -30.000010222.6680   16.5782
    0.0000   30.0000  -30.000010643.1816   16.5795
    7.5000   30.0000  -30.000010128.5908   16.5991
   -7.5000   37.5000  -30.0000 9452.4316   16.5804
    0.0000   37.5000  -30.0000 9818.0176   16.5923
    7.5000   37.5000  -30.0000 9337.8809   16.6082
   -7.5000   45.0000  -30.0000 8338.1406   16.1980
    0.0000   45.0000  -30.0000 8676.1709   16.2093
    7.5000   45.0000  -30.0000 8258.9629   16.2231
   -7.5000  -45.0000  -22.500011398.0488   17.3980
    0.0000  -45.0000  -22.500011841.0195   17.4163
    7.5000  -45.0000  -22.500011223.7979   17.4314
   -7.5000  -37.5000  -22.500011860.6846   17.4245
    0.0000  -37.5000  -22.500012345.5605   17.4319
    7.5000  -37.5000  -22.500011700.2773   17.4494
   -7.5000  -30.0000  -22.500012690.7949   17.4197
    0.0000  -30.0000  -22.500013211.2744   17.4198
    7.5000  -30.0000  -22.500012497.3027   17.4441
   -7.5000  -22.5000  -22.500013476.9980   17.3837
    0.0000  -22.5000  -22.500014023.7803   17.3876
    7.5000  -22.5000  -22.500013220.7090   17.4164
   -7.5000  -15.0000  -22.500014106.8672   17.3526
    0.0000  -15.0000  -22.500014667.6924   17.3661
    7.5000  -15.0000  -22.500013817.1416   17.3926
   -7.5000   -7.5000  -22.500014681.1426   17.3621
    0.0000   -7.5000  -22.500015257.8477   17.3826
    7.5000   -7.5000  -22.500014407.5059   17.4024
   -7.5000    0.0000  -22.500015181.3916   17.3980
    0.0000    0.0000  -22.500015786.4170   17.4163
    7.5000    0.0000  -22.500014937.3926   17.4314
   -7.5000    7.5000  -22.500014350.4805   17.4245
    0.0000    7.5000  -22.500014911.9814   17.4319
    7.5000    7.5000  -22.500014167.2715   17.4494
   -7.5000   15.0000  -22.500013216.8623   17.4197
    0.0000   15.0000  -22.500013741.1709   17.4198
    7.5000   15.0000  -22.500013107.0713   17.4441
   -7.5000   22.5000  -22.500012004.9668   17.3783
    0.0000   22.5000  -22.500012504.7266   17.3822
    7.5000   22.5000  -22.500011901.4541   17.4110
   -7.5000   30.0000  -22.500010780.0293   17.1257
    0.0000   30.0000  -22.500011222.9941   17.1389
    7.5000   30.0000  -22.500010671.3135   17.1651
   -7.5000   37.5000  -22.5000 9938.6318   17.1350
    0.0000   37.5000  -22.500010331.7500   17.1552
    7.5000   37.5000  -22.5000 9815.8623   17.1747
   -7.5000   45.0000  -22.5000 8743.3721   16.7552
    0.0000   45.0000  -22.5000 9082.2793   16.7728
    7.5000   45.0000  -22.5000 8672.1357   16.7874
   -7.5000  -45.0000  -15.000012074.5723   17.8081
    0.0000  -45.0000  -15.000012567.2354   17.8359
    7.5000  -45.0000  -15.000011885.0449   17.8627
   -7.5000  -37.5000  -15.000012614.1777   17.8330
    0.0000  -37.5000  -15.000013135.9795   17.8525
    7.5000  -37.5000  -15.000012410.2910   17.8801
   -7.5000  -30.0000  -15.000013540.0908   17.8337
    0.0000  -30.0000  -15.000014093.6162   17.8494
    7.5000  -30.0000  -15.000013287.0479   17.8830
   -7.5000  -22.5000  -15.000014338.3076   17.8056
    0.0000  -22.5000  -15.000014925.2324   17.8261
    7.5000  -22.5000  -15.000014022.4619   17.8653
   -7.5000  -15.0000  -15.000014956.1719   17.7771
    0.0000  -15.0000  -15.000015549.1865   17.8049
    7.5000  -15.0000  -15.000014619.7773   17.8433
   -7.5000   -7.5000  -15.000015516.3770   17.7803
    0.0000   -7.5000  -15.000016138.4668   17.8115
    7.5000   -7.5000  -15.000015224.6416   17.8435
   -7.5000    0.0000  -15.000016016.2012   17.8081
    0.0000    0.0000  -15.000016647.5664   17.8359
    7.5000    0.0000  -15.000015734.8623   17.8627
   -7.5000    7.5000  -15.000015111.3623   17.8330
    0.0000    7.5000  -15.000015706.7461   17.8525
    7.5000    7.5000  -15.000014893.5342   17.8801
   -7.5000   15.0000  -15.000013937.6455   17.8337
    0.0000   15.0000  -15.000014498.6875   17.8494
    7.5000   15.0000  -15.000013761.1729   17.8830
   -7.5000   22.5000  -15.000012668.6182   17.7993
    0.0000   22.5000  -15.000013212.6865   17.8198
    7.5000   22.5000  -15.000012522.7480   17.8590
   -7.5000   30.0000  -15.000011352.2246   17.5471
    0.0000   30.0000  -15.000011835.2480   17.5744
    7.5000   30.0000  -15.000011236.0986   17.6124
   -7.5000   37.5000  -15.000010434.3496   17.5501
    0.0000   37.5000  -15.000010843.2432   17.5809
    7.5000   37.5000  -15.000010315.7812   17.6125
   -7.5000   45.0000  -15.0000 9164.3730   17.1605
    0.0000   45.0000  -15.0000 9537.5986   17.1873
    7.5000   45.0000  -15.0000 9076.2207   17.2130
   -7.5000  -45.0000   -7.500012720.0928   18.0214
    0.0000  -45.0000   -7.500013240.6084   18.0558
    7.5000  -45.0000   -7.500012523.2900   18.0942
   -7.5000  -37.5000   -7.500013373.2100   18.0466
    0.0000  -37.5000   -7.500013890.1396   18.0737
    7.5000  -37.5000   -7.500013105.6426   18.1109
   -7.5000  -30.0000   -7.500014524.8574   18.0609
    0.0000  -30.0000   -7.500015108.4150   18.0833
    7.5000  -30.0000   -7.500014129.8467   18.1222
   -7.5000  -22.5000   -7.500015387.1943   18.0482
    0.0000  -22.5000   -7.500016093.0781   18.0734
    7.5000  -22.5000   -7.500014947.0547   18.1160
   -7.5000  -15.0000   -7.500015871.1523   18.0224
    0.0000  -15.0000   -7.500016554.8086   18.0543
    7.5000  -15.0000   -7.500015522.7812   18.0981
   -7.5000   -7.5000   -7.500016396.0703   18.0099
    0.0000   -7.5000   -7.500017065.5352   18.0462
    7.5000   -7.5000   -7.500016093.8994   18.0877
   -7.5000    0.0000   -7.500016901.4785   18.0214
    0.0000    0.0000   -7.500017580.2266   18.0558
    7.5000    0.0000   -7.500016596.5508   18.0942
   -7.5000    7.5000   -7.500015950.3125   18.0466
    0.0000    7.5000   -7.500016591.5117   18.0737
    7.5000    7.5000   -7.500015655.6172   18.1109
   -7.5000   15.0000   -7.500014709.1025   18.0609
    0.0000   15.0000   -7.500015321.7236   18.0833
    7.5000   15.0000   -7.500014455.1162   18.1222
   -7.5000   22.5000   -7.500013397.3525   18.0399
    0.0000   22.5000   -7.500013978.5000   18.0651
    7.5000   22.5000   -7.500013210.1572   18.1077
   -7.5000   30.0000   -7.500012031.2949   17.7887
    0.0000   30.0000   -7.500012519.8652   17.8201
    7.5000   30.0000   -7.500011857.7539   17.8634
   -7.5000   37.5000   -7.500011019.7217   17.7763
    0.0000   37.5000   -7.500011445.1602   17.8122
    7.5000   37.5000   -7.500010847.2783   17.8531
   -7.5000   45.0000   -7.5000 9646.1523   17.3693
    0.0000   45.0000   -7.500010032.2969   17.4025
    7.5000   45.0000   -7.5000 9514.3184   17.4395
   -7.5000  -45.0000    0.000013284.1973   18.0695
    0.0000  -45.0000    0.000013823.8164   18.1006
    7.5000  -45.0000    0.000013092.2939   18.1416
   -7.5000  -37.5000    0.000014028.6230   18.0955
    0.0000  -37.5000    0.000014607.0225   18.1180
    7.5000  -37.5000    0.000013720.7080   18.1581
   -7.5000  -30.0000    0.000015455.4082   18.1161
    0.0000  -30.0000    0.000016201.1201   18.1305
    7.5000  -30.0000    0.000014896.6445   18.1694
   -7.5000  -22.5000    0.000016519.1348   18.1099
    0.0000  -22.5000    0.000017346.1191   18.1246
    7.5000  -22.5000    0.000015895.2852   18.1641
   -7.5000  -15.0000    0.000016956.0293   18.0849
    0.0000  -15.0000    0.000017687.8828   18.1074
    7.5000  -15.0000    0.000016461.4941   18.1484
   -7.5000   -7.5000    0.000017405.9512   18.0650
    0.0000   -7.5000    0.000018048.1152   18.0958
    7.5000   -7.5000    0.000016950.8047   18.1373
   -7.5000    0.0000    0.000017810.9531   18.0695
    0.0000    0.0000    0.000018481.8730   18.1006
    7.5000    0.0000    0.000017354.8652   18.1416
   -7.5000    7.5000    0.000016722.1074   18.0955
    0.0000    7.5000    0.000017399.4688   18.1180
    7.5000    7.5000    0.000016319.2725   18.1581
   -7.5000   15.0000    0.000015402.6006   18.1161
    0.0000   15.0000    0.000016031.1201   18.1305
    7.5000   15.0000    0.000015079.5410   18.1694
   -7.5000   22.5000    0.000014033.5420   18.1016
    0.0000   22.5000    0.000014611.8545   18.1163
    7.5000   22.5000    0.000013759.9521   18.1557
   -7.5000   30.0000    0.000012572.1094   17.8508
    0.0000   30.0000    0.000013082.6348   17.8730
    7.5000   30.0000    0.000012325.7480   17.9135
   -7.5000   37.5000    0.000011507.8623   17.8312
    0.0000   37.5000    0.000011942.4014   17.8616
    7.5000   37.5000    0.000011284.5811   17.9026
   -7.5000   45.0000    0.000010050.7490   17.4170
    0.0000   45.0000    0.000010441.7236   17.4469
    7.5000   45.0000    0.0000 9881.8115   17.4865
   -7.5000  -45.0000    7.500012841.3262   18.0786
    0.0000  -45.0000    7.500013424.1689   18.0970
    7.5000  -45.0000    7.500012607.1025   18.1264
   -7.5000  -37.5000    7.500013531.6885   18.1073
    0.0000  -37.5000    7.500014124.2021   18.1144
    7.5000  -37.5000    7.500013186.4707   18.1449
   -7.5000  -30.0000    7.500014767.1748   18.1208
    0.0000  -30.0000    7.500015461.1982   18.1168
    7.5000  -30.0000    7.500014183.6621   18.1477
   -7.5000  -22.5000    7.500015824.3770   18.1035
    0.0000  -22.5000    7.500016525.6934   18.0995
    7.5000  -22.5000    7.500015080.8047   18.1298
   -7.5000  -15.0000    7.500016482.9941   18.0747
    0.0000  -15.0000    7.500017141.0137   18.0809
    7.5000  -15.0000    7.500015738.9199   18.1107
   -7.5000   -7.5000    7.500016965.1309   18.0633
    0.0000   -7.5000    7.500017563.7148   18.0808
    7.5000   -7.5000    7.500016291.9102   18.1101
   -7.5000    0.0000    7.500017215.5977   18.0786
    0.0000    0.0000    7.500017846.1641   18.0970
    7.5000    0.0000    7.500016660.4902   18.1264
   -7.5000    7.5000    7.500016059.8457   18.1073
    0.0000    7.5000    7.500016683.2617   18.1144
    7.5000    7.5000    7.500015654.1016   18.1449
   -7.5000   15.0000    7.500014780.5801   18.1208
    0.0000   15.0000    7.500015380.5918   18.1168
    7.5000   15.0000    7.500014479.9756   18.1477
   -7.5000   22.5000    7.500013496.1094   18.0952
    0.0000   22.5000    7.500014041.1592   18.0912
    7.5000   22.5000    7.500013253.6924   18.1214
   -7.5000   30.0000    7.500012108.8135   17.8408
    0.0000   30.0000    7.500012590.5361   17.8469
    7.5000   30.0000    7.500011884.7969   17.8763
   -7.5000   37.5000    7.500011062.3164   17.8295
    0.0000   37.5000    7.500011466.7139   17.8468
    7.5000   37.5000    7.500010862.6836   17.8757
   -7.5000   45.0000    7.5000 9665.3643   17.4257
    0.0000   45.0000    7.500010022.1865   17.4435
    7.5000   45.0000    7.5000 9484.3428   17.4718
   -7.5000  -45.0000   15.000012205.0879   18.0749
    0.0000  -45.0000   15.000012730.5781   18.0876
    7.5000  -45.0000   15.000012001.0410   18.1029
   -7.5000  -37.5000   15.000012754.0996   18.1050
    0.0000  -37.5000   15.000013281.2549   18.1046
    7.5000  -37.5000   15.000012501.4736   18.1227
   -7.5000  -30.0000   15.000013753.6250   18.1066
    0.0000  -30.0000   15.000014308.0723   18.0948
    7.5000  -30.0000   15.000013387.3604   18.1171
   -7.5000  -22.5000   15.000014563.0977   18.0740
    0.0000  -22.5000   15.000015125.3184   18.0639
    7.5000  -22.5000   15.000014156.7363   18.0873
   -7.5000  -15.0000   15.000015252.7285   18.0410
    0.0000  -15.0000   15.000015849.6553   18.0424
    7.5000  -15.0000   15.000014865.7480   18.0637
   -7.5000   -7.5000   15.000015945.1543   18.0434
    0.0000   -7.5000   15.000016542.4180   18.0563
    7.5000   -7.5000   15.000015533.6885   18.0736
   -7.5000    0.0000   15.000016329.1387   18.0749
    0.0000    0.0000   15.000016930.7109   18.0876
    7.5000    0.0000   15.000015925.6982   18.1029
   -7.5000    7.5000   15.000015252.8447   18.1050
    0.0000    7.5000   15.000015815.2998   18.1046
    7.5000    7.5000   15.000014911.9062   18.1227
   -7.5000   15.0000   15.000014052.0986   18.1066
    0.0000   15.0000   15.000014568.7266   18.0948
    7.5000   15.0000   15.000013783.8213   18.1171
   -7.5000   22.5000   15.000012794.9141   18.0657
    0.0000   22.5000   15.000013308.3779   18.0556
    7.5000   22.5000   15.000012586.4580   18.0790
   -7.5000   30.0000   15.000011441.4951   17.8075
    0.0000   30.0000   15.000011891.7051   17.8089
    7.5000   30.0000   15.000011251.5352   17.8299
   -7.5000   37.5000   15.000010417.4336   17.8099
    0.0000   37.5000   15.000010806.1182   17.8226
    7.5000   37.5000   15.000010243.4004   17.8397
   -7.5000   45.0000   15.0000 9130.1074   17.4222
    0.0000   45.0000   15.0000 9446.9941   17.4343
    7.5000   45.0000   15.0000 8979.7158   17.4492
   -7.5000  -45.0000   22.500011381.3916   18.0700
    0.0000  -45.0000   22.500011873.3779   18.0889
    7.5000  -45.0000   22.500011276.3125   18.1052
   -7.5000  -37.5000   22.500011839.9893   18.0976
    0.0000  -37.5000   22.500012327.8174   18.1052
    7.5000  -37.5000   22.500011701.7881   18.1239
   -7.5000  -30.0000   22.500012693.7842   18.0927
    0.0000  -30.0000   22.500013188.6738   18.0928
    7.5000  -30.0000   22.500012503.8320   18.1185
   -7.5000  -22.5000   22.500013430.3643   18.0553
    0.0000  -22.5000   22.500013950.1777   18.0594
    7.5000  -22.5000   22.500013212.5381   18.0898
   -7.5000  -15.0000   22.500014093.3643   18.0230
    0.0000  -15.0000   22.500014660.7988   18.0369
    7.5000  -15.0000   22.500013888.6465   18.0651
   -7.5000   -7.5000   22.500014782.5088   18.0327
    0.0000   -7.5000   22.500015351.8604   18.0540
    7.5000   -7.5000   22.500014564.6973   18.0751
   -7.5000    0.0000   22.500015168.9814   18.0700
    0.0000    0.0000   22.500015735.7188   18.0889
    7.5000    0.0000   22.500014935.1768   18.1052
   -7.5000    7.5000   22.500014221.5391   18.0976
    0.0000    7.5000   22.500014751.8838   18.1052
    7.5000    7.5000   22.500013997.4521   18.1239
   -7.5000   15.0000   22.500013096.7129   18.0927
    0.0000   15.0000   22.500013578.2109   18.0928
    7.5000   15.0000   22.500012878.2529   18.1185
   -7.5000   22.5000   22.500011933.6553   18.0470
    0.0000   22.5000   22.500012380.6719   18.0511
    7.5000   22.5000   22.500011732.8740   18.0815
   -7.5000   30.0000   22.500010646.8877   17.7897
    0.0000   30.0000   22.500011046.3203   17.8035
    7.5000   30.0000   22.500010486.0518   17.8313
   -7.5000   37.5000   22.5000 9692.7900   17.7993
    0.0000   37.5000   22.500010039.8955   17.8203
    7.5000   37.5000   22.5000 9546.5449   17.8411
   -7.5000   45.0000   22.5000 8506.5684   17.4174
    0.0000   45.0000   22.5000 8808.0400   17.4357
    7.5000   45.0000   22.5000 8404.6045   17.4514
   -7.5000  -45.0000   30.000010627.6279   18.3257
    0.0000  -45.0000   30.000011106.8750   18.3552
    7.5000  -45.0000   30.000010594.8691   18.3836
   -7.5000  -37.5000   30.000011030.4541   18.3525
    0.0000  -37.5000   30.000011506.8516   18.3733
    7.5000  -37.5000   30.000010953.3916   18.4027
   -7.5000  -30.0000   30.000011803.6904   18.3523
    0.0000  -30.0000   30.000012294.8867   18.3689
    7.5000  -30.0000   30.000011692.1592   18.4047
   -7.5000  -22.5000   30.000012487.0156   18.3210
    0.0000  -22.5000   30.000012997.9453   18.3424
    7.5000  -22.5000   30.000012365.5361   18.3840
   -7.5000  -15.0000   30.000013096.6123   18.2905
    0.0000  -15.0000   30.000013640.4551   18.3195
    7.5000  -15.0000   30.000012965.0234   18.3601
   -7.5000   -7.5000   30.000013738.0879   18.2949
    0.0000   -7.5000   30.000014291.4766   18.3277
    7.5000   -7.5000   30.000013595.3184   18.3616
   -7.5000    0.0000   30.000014092.0830   18.3257
    0.0000    0.0000   30.000014638.1562   18.3552
    7.5000    0.0000   30.000013924.5205   18.3836
   -7.5000    7.5000   30.000013230.1191   18.3525
    0.0000    7.5000   30.000013727.9102   18.3733
    7.5000    7.5000   30.000013064.9922   18.4027
   -7.5000   15.0000   30.000012192.7100   18.3523
    0.0000   15.0000   30.000012647.0342   18.3689
    7.5000   15.0000   30.000012035.1025   18.4047
   -7.5000   22.5000   30.000011082.2217   18.3125
    0.0000   22.5000   30.000011492.9766   18.3340
    7.5000   22.5000   30.000010928.4004   18.3756
   -7.5000   30.0000   30.0000 9866.7197   18.0538
    0.0000   30.0000   30.000010238.5908   18.0824
    7.5000   30.0000   30.0000 9752.0986   18.1225
   -7.5000   37.5000   30.0000 9005.1006   18.0582
    0.0000   37.5000   30.0000 9319.9590   18.0905
    7.5000   37.5000   30.0000 8890.5283   18.1239
   -7.5000   45.0000   30.0000 7893.2808   17.6639
    0.0000   45.0000   30.0000 8165.7349   17.6923
    7.5000   45.0000   30.0000 7804.1455   17.7197
   -7.5000  -45.0000   37.500010250.5049   18.6347
    0.0000  -45.0000   37.500010704.7637   18.6714
    7.5000  -45.0000   37.500010224.6963   18.7112
   -7.5000  -37.5000   37.500010622.6562   18.6662
    0.0000  -37.5000   37.500011078.8428   18.6956
    7.5000  -37.5000   37.500010554.3486   18.7343
   -7.5000  -30.0000   37.500011323.1963   18.6834
    0.0000  -30.0000   37.500011791.9375   18.7077
    7.5000  -30.0000   37.500011237.6123   18.7484
   -7.5000  -22.5000   37.500011975.4131   18.6660
    0.0000  -22.5000   37.500012466.3008   18.6929
    7.5000  -22.5000   37.500011880.9971   18.7375
   -7.5000  -15.0000   37.500012592.8242   18.6333
    0.0000  -15.0000   37.500013107.0752   18.6669
    7.5000  -15.0000   37.500012473.3281   18.7124
   -7.5000   -7.5000   37.500013221.1064   18.6190
    0.0000   -7.5000   37.500013724.1035   18.6575
    7.5000   -7.5000   37.500013070.8691   18.7005
   -7.5000    0.0000   37.500013552.2520   18.6347
    0.0000    0.0000   37.500014043.2100   18.6714
    7.5000    0.0000   37.500013389.3711   18.7112
   -7.5000    7.5000   37.500012685.9219   18.6662
    0.0000    7.5000   37.500013173.4229   18.6956
    7.5000    7.5000   37.500012534.5566   18.7343
   -7.5000   15.0000   37.500011691.0342   18.6834
    0.0000   15.0000   37.500012141.0605   18.7077
    7.5000   15.0000   37.500011558.2949   18.7484
   -7.5000   22.5000   37.500010600.9570   18.6574
    0.0000   22.5000   37.500011043.6846   18.6843
    7.5000   22.5000   37.500010486.6611   18.7288
   -7.5000   30.0000   37.5000 9445.8730   18.3922
    0.0000   30.0000   37.5000 9836.5488   18.4253
    7.5000   30.0000   37.5000 9341.6611   18.4703
   -7.5000   37.5000   37.5000 8626.4492   18.3781
    0.0000   37.5000   37.5000 8964.3857   18.4160
    7.5000   37.5000   37.5000 8528.8789   18.4584
   -7.5000   45.0000   37.5000 7550.8193   17.9617
    0.0000   45.0000   37.5000 7827.3159   17.9972
    7.5000   45.0000   37.5000 7478.5005   18.0355
   -7.5000  -45.0000   45.0000 9440.9541   18.9762
    0.0000  -45.0000   45.0000 9857.8291   19.0083
    7.5000  -45.0000   45.0000 9373.3994   19.0491
   -7.5000  -37.5000   45.0000 9776.1152   19.0118
    0.0000  -37.5000   45.000010200.0010   19.0349
    7.5000  -37.5000   45.0000 9686.3965   19.0741
   -7.5000  -30.0000   45.000010384.3389   19.0385
    0.0000  -30.0000   45.000010814.4580   19.0529
    7.5000  -30.0000   45.000010287.9277   19.0910
   -7.5000  -22.5000   45.000010953.9971   19.0280
    0.0000  -22.5000   45.000011398.3447   19.0423
    7.5000  -22.5000   45.000010863.0068   19.0819
   -7.5000  -15.0000   45.000011540.4521   18.9933
    0.0000  -15.0000   45.000012007.7598   19.0155
    7.5000  -15.0000   45.000011427.9121   19.0573
   -7.5000   -7.5000   45.000012137.7051   18.9682
    0.0000   -7.5000   45.000012611.8242   18.9993
    7.5000   -7.5000   45.000012011.2314   19.0415
   -7.5000    0.0000   45.000012445.6475   18.9762
    0.0000    0.0000   45.000012903.8057   19.0083
    7.5000    0.0000   45.000012285.1445   19.0491
   -7.5000    7.5000   45.000011649.8008   19.0118
    0.0000    7.5000   45.000012084.0342   19.0349
    7.5000    7.5000   45.000011486.7559   19.0741
   -7.5000   15.0000   45.000010706.2080   19.0385
    0.0000   15.0000   45.000011113.7588   19.0529
    7.5000   15.0000   45.000010546.6787   19.0910
   -7.5000   22.5000   45.0000 9700.8770   19.0192
    0.0000   22.5000   45.000010079.7637   19.0334
    7.5000   22.5000   45.0000 9561.9893   19.0730
   -7.5000   30.0000   45.0000 8648.7373   18.7459
    0.0000   30.0000   45.0000 8979.1699   18.7677
    7.5000   30.0000   45.0000 8535.7754   18.8090
   -7.5000   37.5000   45.0000 7889.8091   18.7211
    0.0000   37.5000   45.0000 8179.7085   18.7518
    7.5000   37.5000   45.0000 7802.7725   18.7934
   -7.5000   45.0000   45.0000 6912.9395   18.2992
    0.0000   45.0000   45.0000 7166.2627   18.3301
    7.5000   45.0000   45.0000 6829.0591   18.3695

---------------------------------------------------------------------
imgreg_4dfp /opt/freesurfer/average/711-2C_as_mni_average_305 /opt/freesurfer/average/711-2B_as_mni_average_305_mask talsrcimg_g11 none talsrcimg_to_711-2C_as_mni_average_305_t4 4355
---------------------------------------------------------------------

freesurfer imgreg_4dfp.c
/opt/freesurfer/average/711-2C_as_mni_average_305.4dfp.img
       256       256       256         1
  1.000000  1.000000  1.000000
orientation T byte_order littleendian
Reading image: /opt/freesurfer/average/711-2C_as_mni_average_305.4dfp.img
dimensions:      256       256       256
mmppix:       1.0000   -1.0000   -1.0000
center:     128.0000 -129.0000 -129.0000
/opt/freesurfer/average/711-2B_as_mni_average_305_mask.4dfp.img
       256       256       256         1
  1.000000  1.000000  1.000000
orientation T byte_order littleendian
Reading mask: /opt/freesurfer/average/711-2B_as_mni_average_305_mask.4dfp.img (2306576 pixels)
talsrcimg_g11.4dfp.img
       256       256       256         1
  1.000000  1.000000  1.000000
orientation T byte_order littleendian
Reading image: talsrcimg_g11.4dfp.img
dimensions:      256       256       256
mmppix:       1.0000   -1.0000   -1.0000
center:     128.0000 -129.0000 -129.0000
rotation matrix determinant  1.000000
image alignment mode   4355 decimal     1103 hex
   -7.5000  -45.0000  -45.0000 2302.2585   15.9577
    0.0000  -45.0000  -45.0000 2306.6616   15.9839
    7.5000  -45.0000  -45.0000 2278.1401   16.1487
   -7.5000  -37.5000  -45.0000 2357.2266   15.1781
    0.0000  -37.5000  -45.0000 2361.8369   15.1671
    7.5000  -37.5000  -45.0000 2334.0110   15.3191
   -7.5000  -30.0000  -45.0000 2392.7068   14.5849
    0.0000  -30.0000  -45.0000 2406.1265   14.5858
    7.5000  -30.0000  -45.0000 2375.0276   14.7803
   -7.5000  -22.5000  -45.0000 2412.9272   14.2896
    0.0000  -22.5000  -45.0000 2420.8987   14.3079
    7.5000  -22.5000  -45.0000 2394.9773   14.5038
   -7.5000  -15.0000  -45.0000 2407.2781   14.3307
    0.0000  -15.0000  -45.0000 2413.1265   14.3147
    7.5000  -15.0000  -45.0000 2387.1562   14.5195
   -7.5000   -7.5000  -45.0000 2386.9597   14.5923
    0.0000   -7.5000  -45.0000 2398.6333   14.6012
    7.5000   -7.5000  -45.0000 2369.2507   14.7947
   -7.5000    0.0000  -45.0000 2352.9773   15.1800
    0.0000    0.0000  -45.0000 2364.9756   15.1761
    7.5000    0.0000  -45.0000 2335.3965   15.3771
   -7.5000    7.5000  -45.0000 2297.2358   16.0914
    0.0000    7.5000  -45.0000 2311.1895   16.0843
    7.5000    7.5000  -45.0000 2283.5356   16.2906
   -7.5000   15.0000  -45.0000 2222.2222   17.3531
    0.0000   15.0000  -45.0000 2232.8274   17.3325
    7.5000   15.0000  -45.0000 2207.1240   17.6079
   -7.5000   22.5000  -45.0000 2125.9141   18.9938
    0.0000   22.5000  -45.0000 2136.9067   18.9704
    7.5000   22.5000  -45.0000 2111.1904   19.3044
   -7.5000   30.0000  -45.0000 2009.1903   21.1437
    0.0000   30.0000  -45.0000 2019.3947   21.1376
    7.5000   30.0000  -45.0000 1993.9934   21.5268
   -7.5000   37.5000  -45.0000 1888.0201   24.0972
    0.0000   37.5000  -45.0000 1896.0510   24.0766
    7.5000   37.5000  -45.0000 1874.5381   24.5332
   -7.5000   45.0000  -45.0000 1744.2305   28.0466
    0.0000   45.0000  -45.0000 1752.6359   28.0352
    7.5000   45.0000  -45.0000 1730.3691   28.5124
   -7.5000  -45.0000  -37.5000 2386.4167   14.7879
    0.0000  -45.0000  -37.5000 2390.6614   14.7661
    7.5000  -45.0000  -37.5000 2368.7012   14.9086
   -7.5000  -37.5000  -37.5000 2442.1580   14.0108
    0.0000  -37.5000  -37.5000 2449.4070   13.9839
    7.5000  -37.5000  -37.5000 2427.8152   14.1295
   -7.5000  -30.0000  -37.5000 2489.3091   13.4768
    0.0000  -30.0000  -37.5000 2499.1355   13.4650
    7.5000  -30.0000  -37.5000 2468.4065   13.6477
   -7.5000  -22.5000  -37.5000 2514.6487   13.2106
    0.0000  -22.5000  -37.5000 2522.5962   13.1907
    7.5000  -22.5000  -37.5000 2492.9622   13.3658
   -7.5000  -15.0000  -37.5000 2511.9333   13.2015
    0.0000  -15.0000  -37.5000 2520.0339   13.1777
    7.5000  -15.0000  -37.5000 2490.6924   13.3497
   -7.5000   -7.5000  -37.5000 2494.1704   13.4768
    0.0000   -7.5000  -37.5000 2504.7629   13.4463
    7.5000   -7.5000  -37.5000 2473.2373   13.6151
   -7.5000    0.0000  -37.5000 2454.8037   14.0433
    0.0000    0.0000  -37.5000 2464.4375   13.9944
    7.5000    0.0000  -37.5000 2433.8206   14.1625
   -7.5000    7.5000  -37.5000 2399.3755   14.8949
    0.0000    7.5000  -37.5000 2411.0071   14.8285
    7.5000    7.5000  -37.5000 2376.1550   15.0215
   -7.5000   15.0000  -37.5000 2317.0220   16.0627
    0.0000   15.0000  -37.5000 2328.1953   15.9977
    7.5000   15.0000  -37.5000 2295.3164   16.2403
   -7.5000   22.5000  -37.5000 2216.3030   17.5909
    0.0000   22.5000  -37.5000 2229.9600   17.5500
    7.5000   22.5000  -37.5000 2192.5088   17.8055
   -7.5000   30.0000  -37.5000 2094.3538   19.5908
    0.0000   30.0000  -37.5000 2110.0818   19.5713
    7.5000   30.0000  -37.5000 2074.1301   19.8683
   -7.5000   37.5000  -37.5000 1959.3840   22.3256
    0.0000   37.5000  -37.5000 1969.1532   22.3125
    7.5000   37.5000  -37.5000 1937.2832   22.6436
   -7.5000   45.0000  -37.5000 1811.5756   25.8715
    0.0000   45.0000  -37.5000 1817.9082   25.8907
    7.5000   45.0000  -37.5000 1791.2650   26.3371
   -7.5000  -45.0000  -30.0000 2506.7942   14.2076
    0.0000  -45.0000  -30.0000 2514.2949   14.1618
    7.5000  -45.0000  -30.0000 2491.6821   14.2887
   -7.5000  -37.5000  -30.0000 2567.0999   13.4656
    0.0000  -37.5000  -30.0000 2576.5603   13.4250
    7.5000  -37.5000  -30.0000 2553.4163   13.5471
   -7.5000  -30.0000  -30.0000 2623.4653   12.9263
    0.0000  -30.0000  -30.0000 2632.1921   12.8874
    7.5000  -30.0000  -30.0000 2601.7783   13.0578
   -7.5000  -22.5000  -30.0000 2659.0405   12.6366
    0.0000  -22.5000  -30.0000 2669.1770   12.5917
    7.5000  -22.5000  -30.0000 2635.4031   12.7679
   -7.5000  -15.0000  -30.0000 2665.0208   12.6206
    0.0000  -15.0000  -30.0000 2674.1985   12.5547
    7.5000  -15.0000  -30.0000 2641.8235   12.7348
   -7.5000   -7.5000  -30.0000 2646.9133   12.9023
    0.0000   -7.5000  -30.0000 2659.3003   12.8163
    7.5000   -7.5000  -30.0000 2623.1577   13.0004
   -7.5000    0.0000  -30.0000 2607.1152   13.4585
    0.0000    0.0000  -30.0000 2617.6487   13.3655
    7.5000    0.0000  -30.0000 2581.5835   13.5244
   -7.5000    7.5000  -30.0000 2537.8540   14.2961
    0.0000    7.5000  -30.0000 2548.1970   14.1784
    7.5000    7.5000  -30.0000 2515.1094   14.3743
   -7.5000   15.0000  -30.0000 2444.9219   15.4368
    0.0000   15.0000  -30.0000 2457.4497   15.3245
    7.5000   15.0000  -30.0000 2424.4399   15.5562
   -7.5000   22.5000  -30.0000 2338.6531   16.9754
    0.0000   22.5000  -30.0000 2354.3896   16.8479
    7.5000   22.5000  -30.0000 2318.2219   17.0719
   -7.5000   30.0000  -30.0000 2205.8442   18.9026
    0.0000   30.0000  -30.0000 2220.3037   18.7950
    7.5000   30.0000  -30.0000 2187.3113   19.0724
   -7.5000   37.5000  -30.0000 2052.0618   21.5229
    0.0000   37.5000  -30.0000 2062.0593   21.4625
    7.5000   37.5000  -30.0000 2032.0458   21.6557
   -7.5000   45.0000  -30.0000 1890.1425   24.8744
    0.0000   45.0000  -30.0000 1899.1145   24.8349
    7.5000   45.0000  -30.0000 1875.8624   25.1298
   -7.5000  -45.0000  -22.5000 2599.7502   13.5660
    0.0000  -45.0000  -22.5000 2610.1475   13.5136
    7.5000  -45.0000  -22.5000 2585.1086   13.6702
   -7.5000  -37.5000  -22.5000 2672.9387   12.8267
    0.0000  -37.5000  -22.5000 2686.0376   12.8066
    7.5000  -37.5000  -22.5000 2657.7925   12.9482
   -7.5000  -30.0000  -22.5000 2733.6975   12.3265
    0.0000  -30.0000  -22.5000 2747.6880   12.2870
    7.5000  -30.0000  -22.5000 2713.6721   12.4702
   -7.5000  -22.5000  -22.5000 2780.0198   12.0256
    0.0000  -22.5000  -22.5000 2795.6316   11.9664
    7.5000  -22.5000  -22.5000 2750.0479   12.1677
   -7.5000  -15.0000  -22.5000 2787.7622   11.9696
    0.0000  -15.0000  -22.5000 2802.4739   11.9086
    7.5000  -15.0000  -22.5000 2760.7488   12.1216
   -7.5000   -7.5000  -22.5000 2770.8855   12.2353
    0.0000   -7.5000  -22.5000 2788.8521   12.1604
    7.5000   -7.5000  -22.5000 2745.7676   12.3567
   -7.5000    0.0000  -22.5000 2722.0068   12.8019
    0.0000    0.0000  -22.5000 2741.8030   12.7123
    7.5000    0.0000  -22.5000 2697.8855   12.8967
   -7.5000    7.5000  -22.5000 2643.1885   13.6313
    0.0000    7.5000  -22.5000 2657.2554   13.5459
    7.5000    7.5000  -22.5000 2624.3491   13.7262
   -7.5000   15.0000  -22.5000 2542.4456   14.7698
    0.0000   15.0000  -22.5000 2555.4512   14.6834
    7.5000   15.0000  -22.5000 2524.8933   14.8871
   -7.5000   22.5000  -22.5000 2422.9192   16.2844
    0.0000   22.5000  -22.5000 2439.6519   16.1726
    7.5000   22.5000  -22.5000 2405.1572   16.4040
   -7.5000   30.0000  -22.5000 2284.9658   18.1883
    0.0000   30.0000  -22.5000 2299.6514   18.1200
    7.5000   30.0000  -22.5000 2262.3960   18.3626
   -7.5000   37.5000  -22.5000 2122.4775   20.6269
    0.0000   37.5000  -22.5000 2135.7664   20.5642
    7.5000   37.5000  -22.5000 2098.6458   20.8131
   -7.5000   45.0000  -22.5000 1951.2942   23.8487
    0.0000   45.0000  -22.5000 1954.2030   23.8256
    7.5000   45.0000  -22.5000 1935.7903   24.1091
   -7.5000  -45.0000  -15.0000 2659.7708   13.0195
    0.0000  -45.0000  -15.0000 2672.2190   12.9787
    7.5000  -45.0000  -15.0000 2645.1357   13.1758
   -7.5000  -37.5000  -15.0000 2749.9565   12.2992
    0.0000  -37.5000  -15.0000 2766.8533   12.2622
    7.5000  -37.5000  -15.0000 2732.2764   12.4530
   -7.5000  -30.0000  -15.0000 2818.5869   11.8070
    0.0000  -30.0000  -15.0000 2835.5781   11.7877
    7.5000  -30.0000  -15.0000 2795.2173   11.9760
   -7.5000  -22.5000  -15.0000 2867.2905   11.4994
    0.0000  -22.5000  -15.0000 2888.7888   11.4667
    7.5000  -22.5000  -15.0000 2838.6104   11.6907
   -7.5000  -15.0000  -15.0000 2880.6067   11.4022
    0.0000  -15.0000  -15.0000 2898.0583   11.3517
    7.5000  -15.0000  -15.0000 2847.3137   11.6122
   -7.5000   -7.5000  -15.0000 2857.2273   11.6344
    0.0000   -7.5000  -15.0000 2876.7964   11.5694
    7.5000   -7.5000  -15.0000 2833.0977   11.8119
   -7.5000    0.0000  -15.0000 2801.3403   12.1823
    0.0000    0.0000  -15.0000 2822.6389   12.1317
    7.5000    0.0000  -15.0000 2778.5972   12.3631
   -7.5000    7.5000  -15.0000 2712.1348   13.0473
    0.0000    7.5000  -15.0000 2728.7283   12.9821
    7.5000    7.5000  -15.0000 2696.3257   13.2174
   -7.5000   15.0000  -15.0000 2602.0381   14.2130
    0.0000   15.0000  -15.0000 2619.1147   14.1423
    7.5000   15.0000  -15.0000 2585.3464   14.3882
   -7.5000   22.5000  -15.0000 2477.4556   15.7052
    0.0000   22.5000  -15.0000 2494.8660   15.6280
    7.5000   22.5000  -15.0000 2453.8918   15.8998
   -7.5000   30.0000  -15.0000 2331.6987   17.5793
    0.0000   30.0000  -15.0000 2347.9722   17.4974
    7.5000   30.0000  -15.0000 2311.8586   17.7822
   -7.5000   37.5000  -15.0000 2162.2834   19.9260
    0.0000   37.5000  -15.0000 2175.2500   19.8942
    7.5000   37.5000  -15.0000 2144.2998   20.1716
   -7.5000   45.0000  -15.0000 1986.4888   23.0473
    0.0000   45.0000  -15.0000 1994.4714   23.0262
    7.5000   45.0000  -15.0000 1969.3782   23.3646
   -7.5000  -45.0000   -7.5000 2691.1787   12.5894
    0.0000  -45.0000   -7.5000 2705.9312   12.5528
    7.5000  -45.0000   -7.5000 2679.7532   12.7894
   -7.5000  -37.5000   -7.5000 2794.5596   11.9016
    0.0000  -37.5000   -7.5000 2813.5701   11.8556
    7.5000  -37.5000   -7.5000 2780.9624   12.0501
   -7.5000  -30.0000   -7.5000 2877.9043   11.4664
    0.0000  -30.0000   -7.5000 2900.1985   11.3962
    7.5000  -30.0000   -7.5000 2858.4192   11.5942
   -7.5000  -22.5000   -7.5000 2936.4041   11.1712
    0.0000  -22.5000   -7.5000 2969.5557   11.1261
    7.5000  -22.5000   -7.5000 2905.4434   11.3423
   -7.5000  -15.0000   -7.5000 2946.0667   10.9751
    0.0000  -15.0000   -7.5000 2974.8596   10.9509
    7.5000  -15.0000   -7.5000 2912.3013   11.2451
   -7.5000   -7.5000   -7.5000 2912.7812   11.1378
    0.0000   -7.5000   -7.5000 2936.1326   11.1104
    7.5000   -7.5000   -7.5000 2890.2864   11.4071
   -7.5000    0.0000   -7.5000 2849.0383   11.7029
    0.0000    0.0000   -7.5000 2873.3201   11.6374
    7.5000    0.0000   -7.5000 2833.0803   11.9279
   -7.5000    7.5000   -7.5000 2756.8096   12.5881
    0.0000    7.5000   -7.5000 2778.7090   12.5251
    7.5000    7.5000   -7.5000 2742.0862   12.8064
   -7.5000   15.0000   -7.5000 2637.9783   13.8018
    0.0000   15.0000   -7.5000 2661.3940   13.7284
    7.5000   15.0000   -7.5000 2620.6094   14.0129
   -7.5000   22.5000   -7.5000 2509.9451   15.3028
    0.0000   22.5000   -7.5000 2527.0981   15.2130
    7.5000   22.5000   -7.5000 2491.5073   15.4953
   -7.5000   30.0000   -7.5000 2362.5105   17.1150
    0.0000   30.0000   -7.5000 2374.0569   17.0570
    7.5000   30.0000   -7.5000 2343.5471   17.3623
   -7.5000   37.5000   -7.5000 2190.5596   19.4131
    0.0000   37.5000   -7.5000 2203.6494   19.3277
    7.5000   37.5000   -7.5000 2172.2747   19.7256
   -7.5000   45.0000   -7.5000 2004.0631   22.3171
    0.0000   45.0000   -7.5000 2016.3064   22.2650
    7.5000   45.0000   -7.5000 1989.7036   22.7212
   -7.5000  -45.0000    0.0000 2709.0239   12.3824
    0.0000  -45.0000    0.0000 2724.8103   12.2983
    7.5000  -45.0000    0.0000 2703.8274   12.5491
   -7.5000  -37.5000    0.0000 2821.3845   11.6878
    0.0000  -37.5000    0.0000 2838.6553   11.6148
    7.5000  -37.5000    0.0000 2809.1096   11.8201
   -7.5000  -30.0000    0.0000 2909.8984   11.3520
    0.0000  -30.0000    0.0000 2937.8687   11.2551
    7.5000  -30.0000    0.0000 2894.7856   11.4013
   -7.5000  -22.5000    0.0000 2991.5718   11.1163
    0.0000  -22.5000    0.0000 3028.6968   11.0753
    7.5000  -22.5000    0.0000 2953.7004   11.1610
   -7.5000  -15.0000    0.0000 2993.8721   10.8410
    0.0000  -15.0000    0.0000 3031.7207   10.8500
    7.5000  -15.0000    0.0000 2957.4407   11.0699
   -7.5000   -7.5000    0.0000 2946.0969   10.9624
    0.0000   -7.5000    0.0000 2972.0647   10.8890
    7.5000   -7.5000    0.0000 2919.3298   11.1934
   -7.5000    0.0000    0.0000 2869.6326   11.4839
    0.0000    0.0000    0.0000 2893.5615   11.4046
    7.5000    0.0000    0.0000 2849.6101   11.6616
   -7.5000    7.5000    0.0000 2767.4807   12.3902
    0.0000    7.5000    0.0000 2794.0210   12.3030
    7.5000    7.5000    0.0000 2754.4075   12.5295
   -7.5000   15.0000    0.0000 2645.8364   13.5961
    0.0000   15.0000    0.0000 2668.0552   13.4895
    7.5000   15.0000    0.0000 2634.5872   13.7022
   -7.5000   22.5000    0.0000 2512.6289   15.0823
    0.0000   22.5000    0.0000 2528.9934   14.9706
    7.5000   22.5000    0.0000 2495.4529   15.1839
   -7.5000   30.0000    0.0000 2367.0820   16.9032
    0.0000   30.0000    0.0000 2382.0242   16.7964
    7.5000   30.0000    0.0000 2349.0039   17.0475
   -7.5000   37.5000    0.0000 2199.9285   19.1537
    0.0000   37.5000    0.0000 2208.4314   19.0558
    7.5000   37.5000    0.0000 2186.0422   19.3571
   -7.5000   45.0000    0.0000 2011.0635   22.0212
    0.0000   45.0000    0.0000 2024.4811   21.9677
    7.5000   45.0000    0.0000 1999.5641   22.3241
   -7.5000  -45.0000    7.5000 2724.0774   12.3716
    0.0000  -45.0000    7.5000 2739.0723   12.3041
    7.5000  -45.0000    7.5000 2715.5625   12.4891
   -7.5000  -37.5000    7.5000 2836.1912   11.6729
    0.0000  -37.5000    7.5000 2852.5916   11.5978
    7.5000  -37.5000    7.5000 2822.0930   11.7573
   -7.5000  -30.0000    7.5000 2921.2144   11.3194
    0.0000  -30.0000    7.5000 2950.5056   11.2407
    7.5000  -30.0000    7.5000 2902.0574   11.3115
   -7.5000  -22.5000    7.5000 2996.8398   11.0506
    0.0000  -22.5000    7.5000 3037.8472   10.9907
    7.5000  -22.5000    7.5000 2955.0168   11.0510
   -7.5000  -15.0000    7.5000 3000.4138   10.9276
    0.0000  -15.0000    7.5000 3037.9290   10.8378
    7.5000  -15.0000    7.5000 2954.1860   11.0086
   -7.5000   -7.5000    7.5000 2951.8081   11.0798
    0.0000   -7.5000    7.5000 2974.4380   10.9984
    7.5000   -7.5000    7.5000 2915.4104   11.1845
   -7.5000    0.0000    7.5000 2866.7705   11.5501
    0.0000    0.0000    7.5000 2889.7788   11.4967
    7.5000    0.0000    7.5000 2844.1228   11.6905
   -7.5000    7.5000    7.5000 2758.6301   12.3795
    0.0000    7.5000    7.5000 2780.6206   12.3174
    7.5000    7.5000    7.5000 2745.2288   12.5067
   -7.5000   15.0000    7.5000 2630.7766   13.5132
    0.0000   15.0000    7.5000 2652.7815   13.4170
    7.5000   15.0000    7.5000 2619.8337   13.6195
   -7.5000   22.5000    7.5000 2502.5149   14.9818
    0.0000   22.5000    7.5000 2517.0906   14.8953
    7.5000   22.5000    7.5000 2487.8916   15.1071
   -7.5000   30.0000    7.5000 2360.4285   16.8071
    0.0000   30.0000    7.5000 2376.0117   16.7611
    7.5000   30.0000    7.5000 2341.4331   16.9961
   -7.5000   37.5000    7.5000 2187.6670   19.0782
    0.0000   37.5000    7.5000 2196.7158   19.0413
    7.5000   37.5000    7.5000 2175.9026   19.2914
   -7.5000   45.0000    7.5000 2005.3026   21.9584
    0.0000   45.0000    7.5000 2014.5723   21.9272
    7.5000   45.0000    7.5000 1993.0027   22.2537
   -7.5000  -45.0000   15.0000 2722.1514   12.6070
    0.0000  -45.0000   15.0000 2734.9480   12.5451
    7.5000  -45.0000   15.0000 2706.3469   12.7268
   -7.5000  -37.5000   15.0000 2827.4780   11.8859
    0.0000  -37.5000   15.0000 2843.7285   11.8208
    7.5000  -37.5000   15.0000 2810.8574   11.9761
   -7.5000  -30.0000   15.0000 2907.8064   11.4166
    0.0000  -30.0000   15.0000 2932.7361   11.3407
    7.5000  -30.0000   15.0000 2885.0024   11.4625
   -7.5000  -22.5000   15.0000 2959.7998   11.1003
    0.0000  -22.5000   15.0000 2986.0735   11.0072
    7.5000  -22.5000   15.0000 2926.6111   11.1771
   -7.5000  -15.0000   15.0000 2958.6826   11.0480
    0.0000  -15.0000   15.0000 2983.8762   10.9870
    7.5000  -15.0000   15.0000 2925.4490   11.1783
   -7.5000   -7.5000   15.0000 2916.8354   11.3685
    0.0000   -7.5000   15.0000 2941.9509   11.3095
    7.5000   -7.5000   15.0000 2887.4739   11.4904
   -7.5000    0.0000   15.0000 2827.7861   11.9538
    0.0000    0.0000   15.0000 2851.2288   11.8951
    7.5000    0.0000   15.0000 2811.0454   12.0490
   -7.5000    7.5000   15.0000 2721.8684   12.7702
    0.0000    7.5000   15.0000 2740.2463   12.6943
    7.5000    7.5000   15.0000 2709.4504   12.8745
   -7.5000   15.0000   15.0000 2596.8489   13.8086
    0.0000   15.0000   15.0000 2614.5498   13.7241
    7.5000   15.0000   15.0000 2590.4744   13.9244
   -7.5000   22.5000   15.0000 2469.7585   15.1260
    0.0000   22.5000   15.0000 2486.3225   15.0455
    7.5000   22.5000   15.0000 2457.8787   15.2653
   -7.5000   30.0000   15.0000 2320.8726   16.8875
    0.0000   30.0000   15.0000 2336.7463   16.8299
    7.5000   30.0000   15.0000 2310.0225   17.0549
   -7.5000   37.5000   15.0000 2155.7800   19.1752
    0.0000   37.5000   15.0000 2166.0073   19.1084
    7.5000   37.5000   15.0000 2144.7346   19.3896
   -7.5000   45.0000   15.0000 1988.5275   22.1446
    0.0000   45.0000   15.0000 1996.9510   22.0818
    7.5000   45.0000   15.0000 1978.2854   22.4425
   -7.5000  -45.0000   22.5000 2701.8835   12.9175
    0.0000  -45.0000   22.5000 2719.0000   12.8345
    7.5000  -45.0000   22.5000 2692.7268   13.0774
   -7.5000  -37.5000   22.5000 2799.7952   12.1987
    0.0000  -37.5000   22.5000 2820.4807   12.1076
    7.5000  -37.5000   22.5000 2789.4246   12.3041
   -7.5000  -30.0000   22.5000 2869.9326   11.6991
    0.0000  -30.0000   22.5000 2890.5852   11.5756
    7.5000  -30.0000   22.5000 2856.0762   11.7963
   -7.5000  -22.5000   22.5000 2903.1165   11.3971
    0.0000  -22.5000   22.5000 2929.7722   11.2961
    7.5000  -22.5000   22.5000 2884.3025   11.5095
   -7.5000  -15.0000   22.5000 2894.5796   11.3946
    0.0000  -15.0000   22.5000 2921.7300   11.3370
    7.5000  -15.0000   22.5000 2877.6111   11.5345
   -7.5000   -7.5000   22.5000 2856.9607   11.7583
    0.0000   -7.5000   22.5000 2878.6570   11.6846
    7.5000   -7.5000   22.5000 2836.9136   11.8829
   -7.5000    0.0000   22.5000 2768.3862   12.3583
    0.0000    0.0000   22.5000 2786.7874   12.2967
    7.5000    0.0000   22.5000 2759.1475   12.4787
   -7.5000    7.5000   22.5000 2667.9375   13.2152
    0.0000    7.5000   22.5000 2686.7720   13.1433
    7.5000    7.5000   22.5000 2661.8298   13.3530
   -7.5000   15.0000   22.5000 2549.8428   14.2987
    0.0000   15.0000   22.5000 2564.6448   14.2158
    7.5000   15.0000   22.5000 2541.9602   14.4158
   -7.5000   22.5000   22.5000 2425.3867   15.5961
    0.0000   22.5000   22.5000 2440.1384   15.5078
    7.5000   22.5000   22.5000 2413.3354   15.7077
   -7.5000   30.0000   22.5000 2269.9875   17.3136
    0.0000   30.0000   22.5000 2283.9377   17.2271
    7.5000   30.0000   22.5000 2263.0725   17.4381
   -7.5000   37.5000   22.5000 2107.2512   19.6088
    0.0000   37.5000   22.5000 2118.5432   19.5249
    7.5000   37.5000   22.5000 2099.4231   19.7652
   -7.5000   45.0000   22.5000 1951.0801   22.5746
    0.0000   45.0000   22.5000 1964.1499   22.4804
    7.5000   45.0000   22.5000 1948.7899   22.8025
   -7.5000  -45.0000   30.0000 2661.0007   13.3981
    0.0000  -45.0000   30.0000 2682.4275   13.2898
    7.5000  -45.0000   30.0000 2657.5684   13.5811
   -7.5000  -37.5000   30.0000 2748.1848   12.6759
    0.0000  -37.5000   30.0000 2770.4539   12.5528
    7.5000  -37.5000   30.0000 2745.1091   12.8071
   -7.5000  -30.0000   30.0000 2809.4092   12.1782
    0.0000  -30.0000   30.0000 2835.4048   12.0565
    7.5000  -30.0000   30.0000 2801.0220   12.3017
   -7.5000  -22.5000   30.0000 2831.8533   11.8993
    0.0000  -22.5000   30.0000 2858.5667   11.8034
    7.5000  -22.5000   30.0000 2822.2681   12.0557
   -7.5000  -15.0000   30.0000 2814.4600   11.9257
    0.0000  -15.0000   30.0000 2839.5547   11.8655
    7.5000  -15.0000   30.0000 2803.7261   12.0912
   -7.5000   -7.5000   30.0000 2768.0435   12.2975
    0.0000   -7.5000   30.0000 2792.1206   12.2128
    7.5000   -7.5000   30.0000 2762.1838   12.4128
   -7.5000    0.0000   30.0000 2689.7368   12.9166
    0.0000    0.0000   30.0000 2710.8745   12.8341
    7.5000    0.0000   30.0000 2687.7434   13.0205
   -7.5000    7.5000   30.0000 2599.6917   13.7779
    0.0000    7.5000   30.0000 2614.6655   13.6940
    7.5000    7.5000   30.0000 2594.0435   13.9037
   -7.5000   15.0000   30.0000 2486.6978   14.8702
    0.0000   15.0000   30.0000 2502.2366   14.7818
    7.5000   15.0000   30.0000 2483.1628   14.9650
   -7.5000   22.5000   30.0000 2358.7476   16.2479
    0.0000   22.5000   30.0000 2372.1382   16.1502
    7.5000   22.5000   30.0000 2350.7314   16.3527
   -7.5000   30.0000   30.0000 2201.7913   18.0343
    0.0000   30.0000   30.0000 2221.2942   17.9243
    7.5000   30.0000   30.0000 2200.9045   18.1670
   -7.5000   37.5000   30.0000 2053.5420   20.3160
    0.0000   37.5000   30.0000 2065.9634   20.2333
    7.5000   37.5000   30.0000 2046.8158   20.5147
   -7.5000   45.0000   30.0000 1903.6135   23.2917
    0.0000   45.0000   30.0000 1911.9672   23.2157
    7.5000   45.0000   30.0000 1901.3236   23.5324
   -7.5000  -45.0000   37.5000 2606.7041   14.0734
    0.0000  -45.0000   37.5000 2628.1843   13.9734
    7.5000  -45.0000   37.5000 2608.4783   14.2878
   -7.5000  -37.5000   37.5000 2680.8188   13.3423
    0.0000  -37.5000   37.5000 2707.8201   13.2317
    7.5000  -37.5000   37.5000 2679.5588   13.5203
   -7.5000  -30.0000   37.5000 2730.9133   12.8730
    0.0000  -30.0000   37.5000 2756.4011   12.7587
    7.5000  -30.0000   37.5000 2722.4192   13.0454
   -7.5000  -22.5000   37.5000 2749.3672   12.6148
    0.0000  -22.5000   37.5000 2771.4263   12.5433
    7.5000  -22.5000   37.5000 2742.8325   12.7942
   -7.5000  -15.0000   37.5000 2729.0310   12.6664
    0.0000  -15.0000   37.5000 2756.3572   12.5962
    7.5000  -15.0000   37.5000 2726.6975   12.8258
   -7.5000   -7.5000   37.5000 2681.5791   13.0244
    0.0000   -7.5000   37.5000 2704.5747   12.9281
    7.5000   -7.5000   37.5000 2677.4609   13.1500
   -7.5000    0.0000   37.5000 2610.0696   13.6612
    0.0000    0.0000   37.5000 2624.8594   13.5813
    7.5000    0.0000   37.5000 2605.1106   13.7886
   -7.5000    7.5000   37.5000 2523.8445   14.4928
    0.0000    7.5000   37.5000 2540.3464   14.4059
    7.5000    7.5000   37.5000 2516.6855   14.6266
   -7.5000   15.0000   37.5000 2410.9299   15.5780
    0.0000   15.0000   37.5000 2427.1704   15.4784
    7.5000   15.0000   37.5000 2409.2449   15.6959
   -7.5000   22.5000   37.5000 2281.3796   17.0265
    0.0000   22.5000   37.5000 2303.4629   16.9438
    7.5000   22.5000   37.5000 2281.8328   17.1717
   -7.5000   30.0000   37.5000 2135.2627   18.9419
    0.0000   30.0000   37.5000 2153.6807   18.8670
    7.5000   30.0000   37.5000 2132.4116   19.0645
   -7.5000   37.5000   37.5000 1994.9791   21.3351
    0.0000   37.5000   37.5000 2003.3099   21.2830
    7.5000   37.5000   37.5000 1988.9178   21.4928
   -7.5000   45.0000   37.5000 1848.1672   24.3345
    0.0000   45.0000   37.5000 1855.6367   24.2797
    7.5000   45.0000   37.5000 1846.8623   24.6132
   -7.5000  -45.0000   45.0000 2538.2097   14.9704
    0.0000  -45.0000   45.0000 2561.7983   14.8944
    7.5000  -45.0000   45.0000 2535.7764   15.1951
   -7.5000  -37.5000   45.0000 2603.2009   14.2598
    0.0000  -37.5000   45.0000 2633.0505   14.1655
    7.5000  -37.5000   45.0000 2602.9021   14.4266
   -7.5000  -30.0000   45.0000 2637.0647   13.7729
    0.0000  -30.0000   45.0000 2663.7112   13.6970
    7.5000  -30.0000   45.0000 2633.1960   13.9505
   -7.5000  -22.5000   45.0000 2647.4883   13.5338
    0.0000  -22.5000   45.0000 2669.2966   13.4679
    7.5000  -22.5000   45.0000 2648.3877   13.6989
   -7.5000  -15.0000   45.0000 2637.0129   13.5733
    0.0000  -15.0000   45.0000 2660.7595   13.5079
    7.5000  -15.0000   45.0000 2634.7656   13.7251
   -7.5000   -7.5000   45.0000 2592.2703   13.9238
    0.0000   -7.5000   45.0000 2614.1377   13.8497
    7.5000   -7.5000   45.0000 2591.4124   14.0843
   -7.5000    0.0000   45.0000 2523.0295   14.5759
    0.0000    0.0000   45.0000 2539.1982   14.5095
    7.5000    0.0000   45.0000 2518.6516   14.7254
   -7.5000    7.5000   45.0000 2440.8506   15.4157
    0.0000    7.5000   45.0000 2454.1304   15.3266
    7.5000    7.5000   45.0000 2434.0447   15.5402
   -7.5000   15.0000   45.0000 2329.4434   16.5336
    0.0000   15.0000   45.0000 2342.5176   16.4421
    7.5000   15.0000   45.0000 2322.6438   16.6281
   -7.5000   22.5000   45.0000 2200.9417   18.0448
    0.0000   22.5000   45.0000 2219.1328   17.9359
    7.5000   22.5000   45.0000 2196.1270   18.1584
   -7.5000   30.0000   45.0000 2059.6624   20.0437
    0.0000   30.0000   45.0000 2073.8884   19.9204
    7.5000   30.0000   45.0000 2056.7783   20.1492
   -7.5000   37.5000   45.0000 1926.1626   22.5006
    0.0000   37.5000   45.0000 1933.4993   22.4008
    7.5000   37.5000   45.0000 1922.1251   22.6855
   -7.5000   45.0000   45.0000 1790.0408   25.7592
    0.0000   45.0000   45.0000 1795.7286   25.6072
    7.5000   45.0000   45.0000 1782.0514   25.9353

---------------------------------------------------------------------
imgreg_4dfp /opt/freesurfer/average/711-2C_as_mni_average_305 /opt/freesurfer/average/711-2B_as_mni_average_305_mask talsrcimg_g11 none talsrcimg_to_711-2C_as_mni_average_305_t4 1283
---------------------------------------------------------------------

freesurfer imgreg_4dfp.c
/opt/freesurfer/average/711-2C_as_mni_average_305.4dfp.img
       256       256       256         1
  1.000000  1.000000  1.000000
orientation T byte_order littleendian
Reading image: /opt/freesurfer/average/711-2C_as_mni_average_305.4dfp.img
dimensions:      256       256       256
mmppix:       1.0000   -1.0000   -1.0000
center:     128.0000 -129.0000 -129.0000
/opt/freesurfer/average/711-2B_as_mni_average_305_mask.4dfp.img
       256       256       256         1
  1.000000  1.000000  1.000000
orientation T byte_order littleendian
Reading mask: /opt/freesurfer/average/711-2B_as_mni_average_305_mask.4dfp.img (2306576 pixels)
talsrcimg_g11.4dfp.img
       256       256       256         1
  1.000000  1.000000  1.000000
orientation T byte_order littleendian
Reading image: talsrcimg_g11.4dfp.img
dimensions:      256       256       256
mmppix:       1.0000   -1.0000   -1.0000
center:     128.0000 -129.0000 -129.0000
rotation matrix determinant  1.000000
fimgreg.f
image alignment mode   1283 decimal      503 hex
parameters
    0.0000  -15.0000    7.5000    0.0000    0.0000    0.0000
eta,q 0.95310 10.85599
niter,ni,del,rscale     5    3   12.0000    1.2000
parameter  2  0.597542 ->  0.500000 qaram    1.1500
parameter  4 -0.934025 -> -0.500000 qaram    1.1500
parameters
   -1.1740  -18.4500    4.7231    3.4500   -0.9612   -2.0190
eta,q 0.96429 10.75079
  0.0560  0.0417  0.0435  0.0505  0.0429  0.0379
  0.0486  0.0414  0.0410  0.0469  0.0390  0.0362
  0.0443  0.0426  0.0396  0.0426  0.0370  0.0357
  0.0443  0.0436  0.0414  0.0399  0.0368  0.0366
  0.0498  0.0456  0.0473  0.0380  0.0388  0.0380
  0.0594  0.0509  0.0534  0.0365  0.0431  0.0398
  0.0679  0.0579  0.0583  0.0369  0.0482  0.0426
niter,ni,del,rscale     6    3   12.0000    1.2000
parameters
   -1.5166  -19.1599    4.7508    4.4290   -0.5189   -2.0209
eta,q 0.96533 10.76284
  0.0541  0.0468  0.0467  0.0451  0.0452  0.0401
  0.0441  0.0396  0.0410  0.0401  0.0398  0.0373
  0.0370  0.0356  0.0370  0.0372  0.0366  0.0354
  0.0357  0.0355  0.0352  0.0352  0.0348  0.0347
  0.0397  0.0379  0.0366  0.0350  0.0355  0.0357
  0.0481  0.0435  0.0407  0.0376  0.0382  0.0376
  0.0576  0.0527  0.0467  0.0407  0.0425  0.0398
niter,ni,del,rscale     5    3   12.0000    1.2000
parameters
   -1.7225  -19.5064    4.8024    4.6246   -0.3711   -2.1434
eta,q 0.96568 10.76971
  0.0546  0.0482  0.0461  0.0429  0.0441  0.0400
  0.0441  0.0404  0.0399  0.0385  0.0390  0.0370
  0.0364  0.0355  0.0357  0.0359  0.0359  0.0352
  0.0347  0.0345  0.0344  0.0344  0.0343  0.0343
  0.0389  0.0369  0.0357  0.0352  0.0354  0.0354
  0.0469  0.0420  0.0395  0.0383  0.0384  0.0377
  0.0562  0.0514  0.0458  0.0419  0.0432  0.0403
niter,ni,del,rscale     4    3   12.0000    1.2000
parameters
   -1.8108  -19.5902    4.8166    4.6822   -0.2918   -2.1953
eta,q 0.96575 10.77141
  0.0554  0.0493  0.0459  0.0425  0.0439  0.0403
  0.0447  0.0412  0.0396  0.0383  0.0388  0.0371
  0.0365  0.0358  0.0354  0.0356  0.0358  0.0353
  0.0343  0.0343  0.0342  0.0342  0.0342  0.0342
  0.0384  0.0364  0.0355  0.0353  0.0354  0.0352
  0.0463  0.0412  0.0394  0.0384  0.0386  0.0376
  0.0555  0.0502  0.0457  0.0422  0.0434  0.0403
niter,ni,del,rscale     3    3   12.0000    1.2000
parameters
   -1.8484  -19.6117    4.8184    4.6941   -0.2587   -2.2169
eta,q 0.96577 10.77185
  0.0558  0.0495  0.0458  0.0424  0.0437  0.0403
  0.0449  0.0414  0.0395  0.0382  0.0388  0.0372
  0.0366  0.0359  0.0354  0.0355  0.0357  0.0353
  0.0343  0.0342  0.0342  0.0342  0.0342  0.0342
  0.0383  0.0363  0.0355  0.0353  0.0354  0.0352
  0.0461  0.0410  0.0394  0.0384  0.0386  0.0376
  0.0553  0.0500  0.0458  0.0423  0.0436  0.0403
registration optimization eta report
parameter search radius
    6.0000    6.9000    6.0000    6.9000    6.0000    6.0000
100000*second partial in parameter space
       58.       32.       32.       17.       26.       16.
  0.0558  0.0495  0.0458  0.0424  0.0437  0.0403
  0.0449  0.0414  0.0395  0.0382  0.0388  0.0372
  0.0366  0.0359  0.0354  0.0355  0.0357  0.0353
  0.0343  0.0342  0.0342  0.0342  0.0342  0.0342
  0.0383  0.0363  0.0355  0.0353  0.0354  0.0352
  0.0461  0.0410  0.0394  0.0384  0.0386  0.0376
  0.0553  0.0500  0.0458  0.0423  0.0436  0.0403
   -1.8484  -19.6117    4.8184    4.6941   -0.2587   -2.2169
eta,q 0.96577 10.77185

---------------------------------------------------------------------
imgreg_4dfp /opt/freesurfer/average/711-2C_as_mni_average_305 /opt/freesurfer/average/711-2B_as_mni_average_305_mask talsrcimg_g11 none talsrcimg_to_711-2C_as_mni_average_305_t4 3335
---------------------------------------------------------------------

freesurfer imgreg_4dfp.c
/opt/freesurfer/average/711-2C_as_mni_average_305.4dfp.img
       256       256       256         1
  1.000000  1.000000  1.000000
orientation T byte_order littleendian
Reading image: /opt/freesurfer/average/711-2C_as_mni_average_305.4dfp.img
dimensions:      256       256       256
mmppix:       1.0000   -1.0000   -1.0000
center:     128.0000 -129.0000 -129.0000
/opt/freesurfer/average/711-2B_as_mni_average_305_mask.4dfp.img
       256       256       256         1
  1.000000  1.000000  1.000000
orientation T byte_order littleendian
Reading mask: /opt/freesurfer/average/711-2B_as_mni_average_305_mask.4dfp.img (2306576 pixels)
talsrcimg_g11.4dfp.img
       256       256       256         1
  1.000000  1.000000  1.000000
orientation T byte_order littleendian
Reading image: talsrcimg_g11.4dfp.img
dimensions:      256       256       256
mmppix:       1.0000   -1.0000   -1.0000
center:     128.0000 -129.0000 -129.0000
fimgreg.f
image alignment mode   3335 decimal      D07 hex
parameters
   -1.8484  -19.6117    4.8184   -0.0759   -0.4114   -0.3364
    3.8923    0.1331   -3.8683   -8.1948   -0.4515    8.1835
eta,q 0.96451 10.88496
niter,ni,del,rscale     5    3    5.0000    1.2000
parameter  4  0.971140 ->  0.500000 qaram    1.1500
parameter  5  2.767606 ->  0.500000 qaram    1.1500
parameters
   -1.7250  -19.6588    4.9593   -4.2159   -4.5514   -3.7070
    3.4038    1.0073   -2.3477   -9.2012    1.6915    5.0941
eta,q 0.97329 10.50353
  0.0390  0.0375  0.0379  0.0328  0.0257  0.0286  0.0297  0.0328  0.0299  0.0295  0.0293  0.0271
  0.0373  0.0364  0.0366  0.0329  0.0274  0.0278  0.0282  0.0303  0.0286  0.0280  0.0283  0.0268
  0.0360  0.0357  0.0358  0.0338  0.0300  0.0271  0.0273  0.0283  0.0276  0.0272  0.0275  0.0267
  0.0355  0.0355  0.0355  0.0355  0.0331  0.0281  0.0272  0.0272  0.0271  0.0270  0.0270  0.0269
  0.0357  0.0357  0.0357  0.0379  0.0367  0.0307  0.0278  0.0274  0.0271  0.0276  0.0269  0.0275
  0.0367  0.0365  0.0363  0.0408  0.0404  0.0343  0.0288  0.0286  0.0275  0.0292  0.0271  0.0286
  0.0385  0.0377  0.0373  0.0442  0.0440  0.0383  0.0302  0.0308  0.0282  0.0316  0.0276  0.0300
niter,ni,del,rscale     6    3    5.0000    1.2000
parameter  5  0.833392 ->  0.500000 qaram    1.3225
parameters
   -1.7312  -19.2073    4.8912   -6.4144   -9.3124   -3.7334
    3.4072    0.3931   -2.4000   -7.5789    1.4028    5.2949
eta,q 0.97600 10.18124
  0.0301  0.0303  0.0283  0.0278  0.0243  0.0267  0.0269  0.0276  0.0260  0.0290  0.0250  0.0257
  0.0283  0.0286  0.0273  0.0272  0.0242  0.0259  0.0255  0.0256  0.0250  0.0269  0.0244  0.0248
  0.0271  0.0274  0.0267  0.0268  0.0249  0.0253  0.0245  0.0244  0.0244  0.0252  0.0240  0.0242
  0.0267  0.0267  0.0266  0.0266  0.0267  0.0243  0.0243  0.0243  0.0242  0.0242  0.0240  0.0240
  0.0271  0.0266  0.0268  0.0272  0.0294  0.0238  0.0247  0.0250  0.0245  0.0241  0.0242  0.0241
  0.0283  0.0272  0.0275  0.0290  0.0327  0.0250  0.0255  0.0266  0.0251  0.0247  0.0245  0.0246
  0.0302  0.0284  0.0285  0.0317  0.0367  0.0279  0.0268  0.0288  0.0260  0.0262  0.0252  0.0255
niter,ni,del,rscale     6    3    5.0000    1.2000
parameters
   -1.7267  -19.1312    5.1949   -6.6971  -11.9148   -3.5049
    3.7249    0.2128   -1.7041   -6.9285    0.9591    5.6282
eta,q 0.97644 10.03641
  0.0271  0.0271  0.0263  0.0259  0.0263  0.0263  0.0265  0.0275  0.0257  0.0276  0.0246  0.0253
  0.0255  0.0255  0.0251  0.0248  0.0246  0.0255  0.0250  0.0253  0.0247  0.0256  0.0239  0.0245
  0.0244  0.0244  0.0243  0.0243  0.0238  0.0248  0.0240  0.0240  0.0240  0.0242  0.0236  0.0239
  0.0240  0.0240  0.0240  0.0240  0.0240  0.0238  0.0237  0.0237  0.0236  0.0236  0.0236  0.0236
  0.0243  0.0243  0.0241  0.0239  0.0255  0.0232  0.0240  0.0243  0.0237  0.0238  0.0238  0.0237
  0.0254  0.0252  0.0245  0.0247  0.0282  0.0243  0.0248  0.0257  0.0242  0.0248  0.0242  0.0242
  0.0272  0.0268  0.0253  0.0266  0.0320  0.0271  0.0260  0.0278  0.0250  0.0264  0.0248  0.0251
niter,ni,del,rscale     5    3    5.0000    1.2000
parameters
   -1.7196  -19.1721    5.3887   -6.9141  -12.4274   -3.4456
    3.7132    0.2091   -1.4470   -6.9295    0.7615    5.8541
eta,q 0.97647  9.99774
  0.0266  0.0263  0.0257  0.0255  0.0277  0.0262  0.0262  0.0276  0.0254  0.0269  0.0246  0.0253
  0.0251  0.0247  0.0246  0.0244  0.0256  0.0254  0.0248  0.0254  0.0244  0.0251  0.0240  0.0244
  0.0240  0.0238  0.0239  0.0239  0.0241  0.0247  0.0238  0.0240  0.0238  0.0240  0.0236  0.0238
  0.0236  0.0236  0.0236  0.0235  0.0236  0.0236  0.0236  0.0236  0.0236  0.0235  0.0235  0.0235
  0.0239  0.0239  0.0237  0.0235  0.0242  0.0232  0.0239  0.0241  0.0237  0.0239  0.0237  0.0237
  0.0249  0.0249  0.0242  0.0243  0.0260  0.0243  0.0248  0.0254  0.0243  0.0251  0.0241  0.0243
  0.0267  0.0264  0.0251  0.0261  0.0290  0.0273  0.0261  0.0275  0.0251  0.0269  0.0247  0.0251
niter,ni,del,rscale     4    3    5.0000    1.2000
parameters
   -1.7170  -19.2067    5.4567   -6.9280  -12.5158   -3.4424
    3.6804    0.2231   -1.3814   -6.9958    0.7196    5.9623
eta,q 0.97647  9.99212
  0.0266  0.0262  0.0255  0.0256  0.0280  0.0262  0.0262  0.0276  0.0253  0.0268  0.0247  0.0253
  0.0250  0.0247  0.0245  0.0244  0.0258  0.0254  0.0247  0.0254  0.0244  0.0251  0.0240  0.0244
  0.0240  0.0238  0.0238  0.0238  0.0242  0.0246  0.0238  0.0240  0.0238  0.0239  0.0236  0.0238
  0.0235  0.0235  0.0235  0.0235  0.0235  0.0235  0.0235  0.0235  0.0235  0.0235  0.0235  0.0235
  0.0238  0.0239  0.0237  0.0235  0.0240  0.0232  0.0239  0.0240  0.0237  0.0239  0.0237  0.0237
  0.0249  0.0249  0.0243  0.0242  0.0256  0.0244  0.0248  0.0254  0.0243  0.0251  0.0241  0.0243
  0.0267  0.0263  0.0253  0.0259  0.0285  0.0273  0.0261  0.0275  0.0252  0.0270  0.0247  0.0252
niter,ni,del,rscale     3    3    5.0000    1.2000
parameters
   -1.7121  -19.2288    5.4773   -6.9230  -12.5289   -3.4459
    3.6657    0.2320   -1.3699   -7.0394    0.7046    6.0061
eta,q 0.97647  9.99153
  0.0266  0.0263  0.0255  0.0256  0.0281  0.0262  0.0262  0.0276  0.0252  0.0269  0.0247  0.0252
  0.0250  0.0247  0.0244  0.0244  0.0259  0.0254  0.0247  0.0254  0.0243  0.0251  0.0240  0.0244
  0.0239  0.0238  0.0238  0.0238  0.0243  0.0246  0.0238  0.0239  0.0237  0.0239  0.0236  0.0238
  0.0235  0.0235  0.0235  0.0235  0.0235  0.0235  0.0235  0.0235  0.0235  0.0235  0.0235  0.0235
  0.0238  0.0239  0.0237  0.0235  0.0239  0.0232  0.0239  0.0240  0.0237  0.0239  0.0237  0.0237
  0.0249  0.0248  0.0244  0.0241  0.0256  0.0244  0.0248  0.0254  0.0243  0.0251  0.0241  0.0243
  0.0267  0.0263  0.0254  0.0259  0.0284  0.0273  0.0261  0.0275  0.0252  0.0270  0.0247  0.0252
registration optimization eta report
parameter search radius
    2.4000    2.4000    2.4000    8.2800    9.5220    7.2000
    7.2000    7.2000    7.2000    7.2000    7.2000    7.2000
100000*second partial in parameter space
       54.       48.       33.        3.        5.        6.
        5.        8.        3.        6.        2.        3.
  0.0266  0.0263  0.0255  0.0256  0.0281  0.0262  0.0262  0.0276  0.0252  0.0269  0.0247  0.0252
  0.0250  0.0247  0.0244  0.0244  0.0259  0.0254  0.0247  0.0254  0.0243  0.0251  0.0240  0.0244
  0.0239  0.0238  0.0238  0.0238  0.0243  0.0246  0.0238  0.0239  0.0237  0.0239  0.0236  0.0238
  0.0235  0.0235  0.0235  0.0235  0.0235  0.0235  0.0235  0.0235  0.0235  0.0235  0.0235  0.0235
  0.0238  0.0239  0.0237  0.0235  0.0239  0.0232  0.0239  0.0240  0.0237  0.0239  0.0237  0.0237
  0.0249  0.0248  0.0244  0.0241  0.0256  0.0244  0.0248  0.0254  0.0243  0.0251  0.0241  0.0243
  0.0267  0.0263  0.0254  0.0259  0.0284  0.0273  0.0261  0.0275  0.0252  0.0270  0.0247  0.0252
   -1.7121  -19.2288    5.4773   -6.9230  -12.5289   -3.4459
    3.6657    0.2320   -1.3699   -7.0394    0.7046    6.0061
eta,q 0.97647  9.99153

---------------------------------------------------------------------
imgreg_4dfp /opt/freesurfer/average/711-2C_as_mni_average_305 /opt/freesurfer/average/711-2B_as_mni_average_305_mask talsrcimg_g11 none talsrcimg_to_711-2C_as_mni_average_305_t4 2311
---------------------------------------------------------------------

freesurfer imgreg_4dfp.c
/opt/freesurfer/average/711-2C_as_mni_average_305.4dfp.img
       256       256       256         1
  1.000000  1.000000  1.000000
orientation T byte_order littleendian
Reading image: /opt/freesurfer/average/711-2C_as_mni_average_305.4dfp.img
dimensions:      256       256       256
mmppix:       1.0000   -1.0000   -1.0000
center:     128.0000 -129.0000 -129.0000
/opt/freesurfer/average/711-2B_as_mni_average_305_mask.4dfp.img
       256       256       256         1
  1.000000  1.000000  1.000000
orientation T byte_order littleendian
Reading mask: /opt/freesurfer/average/711-2B_as_mni_average_305_mask.4dfp.img (2306576 pixels)
talsrcimg_g11.4dfp.img
       256       256       256         1
  1.000000  1.000000  1.000000
orientation T byte_order littleendian
Reading image: talsrcimg_g11.4dfp.img
dimensions:      256       256       256
mmppix:       1.0000   -1.0000   -1.0000
center:     128.0000 -129.0000 -129.0000
fimgreg.f
image alignment mode   2311 decimal      907 hex
parameters
   -1.7121  -19.2288    5.4773   -6.9230  -12.5289   -3.4459
    3.6657    0.2320   -1.3699   -7.0394    0.7046    6.0061
eta,q 0.97647  9.99153
niter,ni,del,rscale     5    3    5.0000    0.8000
parameters
   -1.6757  -19.2646    5.4814   -5.8900  -12.0781   -2.2056
    3.5395    0.4854   -1.5034   -7.1332    1.1926    5.6875
eta,q 0.97695 10.12287
  0.0250  0.0247  0.0244  0.0242  0.0250  0.0254  0.0243  0.0256  0.0238  0.0246  0.0239  0.0237
  0.0242  0.0240  0.0239  0.0239  0.0242  0.0249  0.0236  0.0243  0.0234  0.0238  0.0235  0.0234
  0.0237  0.0236  0.0236  0.0237  0.0237  0.0242  0.0232  0.0234  0.0231  0.0232  0.0232  0.0231
  0.0235  0.0235  0.0235  0.0235  0.0234  0.0234  0.0231  0.0231  0.0230  0.0230  0.0230  0.0230
  0.0237  0.0237  0.0236  0.0234  0.0235  0.0230  0.0233  0.0233  0.0232  0.0232  0.0231  0.0232
  0.0241  0.0241  0.0239  0.0235  0.0238  0.0234  0.0237  0.0240  0.0235  0.0238  0.0233  0.0235
  0.0249  0.0248  0.0244  0.0239  0.0245  0.0244  0.0244  0.0251  0.0239  0.0248  0.0236  0.0240
niter,ni,del,rscale     4    3    5.0000    0.7000
parameters
   -1.6394  -19.2999    5.6402   -5.8838  -12.1393   -2.0328
    3.5502    0.4618   -1.6285   -7.1521    1.1848    5.7814
eta,q 0.97700 10.12590
  0.0243  0.0240  0.0241  0.0236  0.0240  0.0248  0.0240  0.0248  0.0236  0.0243  0.0236  0.0237
  0.0236  0.0234  0.0236  0.0234  0.0235  0.0243  0.0235  0.0238  0.0233  0.0236  0.0232  0.0233
  0.0232  0.0231  0.0232  0.0232  0.0231  0.0236  0.0231  0.0232  0.0231  0.0231  0.0230  0.0231
  0.0230  0.0230  0.0230  0.0230  0.0230  0.0230  0.0230  0.0230  0.0230  0.0230  0.0230  0.0230
  0.0232  0.0232  0.0231  0.0230  0.0231  0.0231  0.0231  0.0232  0.0231  0.0231  0.0231  0.0230
  0.0235  0.0235  0.0233  0.0232  0.0235  0.0237  0.0235  0.0239  0.0233  0.0236  0.0233  0.0233
  0.0242  0.0241  0.0237  0.0237  0.0241  0.0249  0.0240  0.0248  0.0237  0.0243  0.0235  0.0236
niter,ni,del,rscale     3    3    5.0000    0.6000
parameters
   -1.6293  -19.3333    5.6925   -5.7347  -12.1523   -1.8494
    3.5386    0.5010   -1.6388   -7.2082    1.1796    5.8169
eta,q 0.97703 10.13938
  0.0239  0.0237  0.0237  0.0234  0.0237  0.0245  0.0237  0.0244  0.0234  0.0239  0.0234  0.0234
  0.0234  0.0233  0.0233  0.0233  0.0233  0.0240  0.0233  0.0236  0.0232  0.0234  0.0231  0.0232
  0.0231  0.0231  0.0231  0.0231  0.0231  0.0234  0.0231  0.0231  0.0230  0.0231  0.0230  0.0230
  0.0230  0.0230  0.0230  0.0230  0.0230  0.0230  0.0230  0.0230  0.0230  0.0230  0.0230  0.0230
  0.0231  0.0231  0.0230  0.0230  0.0231  0.0231  0.0231  0.0231  0.0230  0.0231  0.0230  0.0230
  0.0234  0.0234  0.0232  0.0231  0.0233  0.0235  0.0233  0.0236  0.0232  0.0234  0.0232  0.0232
  0.0239  0.0238  0.0236  0.0235  0.0238  0.0244  0.0237  0.0243  0.0235  0.0240  0.0234  0.0235
niter,ni,del,rscale     2    3    5.0000    0.5000
parameters
   -1.6199  -19.3592    5.7387   -5.6067  -12.1553   -1.7152
    3.5039    0.5266   -1.6541   -7.2492    1.1748    5.8542
eta,q 0.97705 10.15055
  0.0236  0.0235  0.0235  0.0233  0.0235  0.0242  0.0235  0.0240  0.0233  0.0236  0.0233  0.0233
  0.0233  0.0232  0.0232  0.0232  0.0232  0.0237  0.0232  0.0234  0.0231  0.0232  0.0231  0.0231
  0.0231  0.0230  0.0230  0.0230  0.0230  0.0232  0.0230  0.0231  0.0230  0.0230  0.0230  0.0230
  0.0230  0.0230  0.0230  0.0230  0.0230  0.0230  0.0230  0.0230  0.0230  0.0230  0.0230  0.0230
  0.0230  0.0230  0.0230  0.0230  0.0230  0.0231  0.0230  0.0231  0.0230  0.0230  0.0230  0.0230
  0.0232  0.0232  0.0231  0.0231  0.0232  0.0234  0.0232  0.0234  0.0231  0.0233  0.0231  0.0231
  0.0236  0.0235  0.0234  0.0233  0.0235  0.0241  0.0235  0.0239  0.0233  0.0236  0.0232  0.0233
niter,ni,del,rscale     1    3    5.0000    0.4000
parameters
   -1.6133  -19.3820    5.7733   -5.5110  -12.1586   -1.6373
    3.4798    0.5456   -1.6663   -7.2757    1.1436    5.9061
eta,q 0.97705 10.15804
  0.0234  0.0233  0.0233  0.0232  0.0233  0.0238  0.0233  0.0236  0.0232  0.0234  0.0231  0.0232
  0.0232  0.0231  0.0231  0.0231  0.0231  0.0234  0.0231  0.0233  0.0230  0.0231  0.0230  0.0231
  0.0230  0.0230  0.0230  0.0230  0.0230  0.0231  0.0230  0.0230  0.0230  0.0230  0.0230  0.0230
  0.0230  0.0230  0.0230  0.0230  0.0230  0.0230  0.0229  0.0230  0.0229  0.0230  0.0229  0.0230
  0.0230  0.0230  0.0230  0.0230  0.0230  0.0230  0.0230  0.0230  0.0230  0.0230  0.0230  0.0230
  0.0231  0.0231  0.0231  0.0230  0.0231  0.0233  0.0231  0.0233  0.0231  0.0231  0.0230  0.0230
  0.0234  0.0233  0.0232  0.0232  0.0233  0.0237  0.0233  0.0236  0.0232  0.0234  0.0231  0.0232
registration optimization eta report
parameter search radius
    0.8000    0.8000    0.8000    2.4000    2.4000    2.4000
    2.4000    2.4000    2.4000    2.4000    2.4000    2.4000
100000*second partial in parameter space
       66.       52.       47.        4.        6.       14.
        6.       12.        4.        7.        3.        4.
  0.0234  0.0233  0.0233  0.0232  0.0233  0.0238  0.0233  0.0236  0.0232  0.0234  0.0231  0.0232
  0.0232  0.0231  0.0231  0.0231  0.0231  0.0234  0.0231  0.0233  0.0230  0.0231  0.0230  0.0231
  0.0230  0.0230  0.0230  0.0230  0.0230  0.0231  0.0230  0.0230  0.0230  0.0230  0.0230  0.0230
  0.0230  0.0230  0.0230  0.0230  0.0230  0.0230  0.0229  0.0230  0.0229  0.0230  0.0229  0.0230
  0.0230  0.0230  0.0230  0.0230  0.0230  0.0230  0.0230  0.0230  0.0230  0.0230  0.0230  0.0230
  0.0231  0.0231  0.0231  0.0230  0.0231  0.0233  0.0231  0.0233  0.0231  0.0231  0.0230  0.0230
  0.0234  0.0233  0.0232  0.0232  0.0233  0.0237  0.0233  0.0236  0.0232  0.0234  0.0231  0.0232
   -1.6133  -19.3820    5.7733   -5.5110  -12.1586   -1.6373
    3.4798    0.5456   -1.6663   -7.2757    1.1436    5.9061
eta,q 0.97705 10.15804

---------------------------------------------------------------------
imgreg_4dfp /opt/freesurfer/average/711-2C_as_mni_average_305 /opt/freesurfer/average/711-2B_as_mni_average_305_mask talsrcimg_g11 none talsrcimg_to_711-2C_as_mni_average_305_t4 2311
---------------------------------------------------------------------

freesurfer imgreg_4dfp.c
/opt/freesurfer/average/711-2C_as_mni_average_305.4dfp.img
       256       256       256         1
  1.000000  1.000000  1.000000
orientation T byte_order littleendian
Reading image: /opt/freesurfer/average/711-2C_as_mni_average_305.4dfp.img
dimensions:      256       256       256
mmppix:       1.0000   -1.0000   -1.0000
center:     128.0000 -129.0000 -129.0000
/opt/freesurfer/average/711-2B_as_mni_average_305_mask.4dfp.img
       256       256       256         1
  1.000000  1.000000  1.000000
orientation T byte_order littleendian
Reading mask: /opt/freesurfer/average/711-2B_as_mni_average_305_mask.4dfp.img (2306576 pixels)
talsrcimg_g11.4dfp.img
       256       256       256         1
  1.000000  1.000000  1.000000
orientation T byte_order littleendian
Reading image: talsrcimg_g11.4dfp.img
dimensions:      256       256       256
mmppix:       1.0000   -1.0000   -1.0000
center:     128.0000 -129.0000 -129.0000
fimgreg.f
image alignment mode   2311 decimal      907 hex
parameters
   -1.6133  -19.3820    5.7733   -5.5110  -12.1586   -1.6373
    3.4798    0.5456   -1.6663   -7.2757    1.1436    5.9061
eta,q 0.97705 10.15803
niter,ni,del,rscale     5    3    5.0000    0.8000
parameters
   -1.6388  -19.3729    5.7531   -6.1537  -12.2667   -2.1192
    3.5939    0.4407   -1.5871   -7.2600    1.1346    5.9422
eta,q 0.97697 10.10079
  0.0245  0.0243  0.0241  0.0236  0.0242  0.0248  0.0244  0.0252  0.0239  0.0247  0.0237  0.0239
  0.0237  0.0235  0.0235  0.0233  0.0236  0.0242  0.0237  0.0240  0.0234  0.0238  0.0233  0.0235
  0.0231  0.0231  0.0231  0.0231  0.0231  0.0234  0.0232  0.0232  0.0231  0.0232  0.0231  0.0232
  0.0229  0.0230  0.0229  0.0230  0.0230  0.0230  0.0230  0.0230  0.0230  0.0230  0.0230  0.0230
  0.0231  0.0231  0.0231  0.0231  0.0231  0.0233  0.0232  0.0234  0.0231  0.0232  0.0231  0.0231
  0.0237  0.0235  0.0235  0.0235  0.0236  0.0244  0.0236  0.0242  0.0234  0.0238  0.0234  0.0234
  0.0247  0.0242  0.0242  0.0242  0.0244  0.0263  0.0243  0.0253  0.0238  0.0247  0.0237  0.0239
niter,ni,del,rscale     4    3    5.0000    0.7000
parameters
   -1.6276  -19.3623    5.6938   -5.8815  -12.1742   -2.0409
    3.5527    0.4723   -1.6200   -7.2599    1.1704    5.9046
eta,q 0.97701 10.12357
  0.0243  0.0240  0.0238  0.0236  0.0241  0.0248  0.0240  0.0248  0.0236  0.0243  0.0236  0.0236
  0.0236  0.0235  0.0234  0.0234  0.0235  0.0242  0.0234  0.0238  0.0233  0.0236  0.0232  0.0233
  0.0232  0.0231  0.0231  0.0232  0.0231  0.0235  0.0231  0.0232  0.0231  0.0231  0.0230  0.0231
  0.0230  0.0230  0.0230  0.0230  0.0230  0.0230  0.0230  0.0230  0.0230  0.0230  0.0230  0.0230
  0.0231  0.0231  0.0231  0.0230  0.0231  0.0231  0.0231  0.0232  0.0231  0.0231  0.0231  0.0231
  0.0236  0.0235  0.0235  0.0232  0.0234  0.0237  0.0235  0.0238  0.0233  0.0236  0.0232  0.0233
  0.0242  0.0240  0.0240  0.0236  0.0240  0.0250  0.0240  0.0248  0.0236  0.0243  0.0235  0.0237
niter,ni,del,rscale     3    3    5.0000    0.6000
parameters
   -1.6227  -19.3632    5.7060   -5.7234  -12.1459   -1.8608
    3.5285    0.5091   -1.6342   -7.2638    1.1710    5.8689
eta,q 0.97703 10.13984
  0.0239  0.0237  0.0237  0.0234  0.0237  0.0245  0.0237  0.0244  0.0234  0.0239  0.0234  0.0234
  0.0234  0.0233  0.0233  0.0233  0.0233  0.0240  0.0233  0.0236  0.0232  0.0234  0.0231  0.0232
  0.0231  0.0231  0.0231  0.0231  0.0231  0.0234  0.0230  0.0231  0.0230  0.0231  0.0230  0.0230
  0.0230  0.0230  0.0230  0.0230  0.0230  0.0230  0.0230  0.0230  0.0230  0.0230  0.0230  0.0230
  0.0231  0.0231  0.0231  0.0230  0.0231  0.0231  0.0231  0.0231  0.0230  0.0231  0.0230  0.0230
  0.0234  0.0233  0.0233  0.0231  0.0233  0.0235  0.0233  0.0236  0.0232  0.0234  0.0232  0.0232
  0.0239  0.0237  0.0236  0.0235  0.0237  0.0244  0.0237  0.0243  0.0234  0.0239  0.0234  0.0235
niter,ni,del,rscale     2    3    5.0000    0.5000
parameters
   -1.6188  -19.3733    5.7407   -5.6058  -12.1453   -1.7181
    3.5024    0.5272   -1.6592   -7.2757    1.1638    5.8637
eta,q 0.97705 10.15093
  0.0236  0.0235  0.0235  0.0233  0.0235  0.0242  0.0235  0.0240  0.0233  0.0236  0.0233  0.0233
  0.0233  0.0232  0.0232  0.0232  0.0232  0.0237  0.0232  0.0234  0.0231  0.0233  0.0231  0.0231
  0.0230  0.0230  0.0230  0.0230  0.0230  0.0232  0.0230  0.0231  0.0230  0.0230  0.0230  0.0230
  0.0230  0.0230  0.0230  0.0230  0.0230  0.0230  0.0230  0.0230  0.0230  0.0230  0.0230  0.0230
  0.0230  0.0230  0.0230  0.0230  0.0230  0.0231  0.0230  0.0231  0.0230  0.0230  0.0230  0.0230
  0.0233  0.0232  0.0232  0.0231  0.0232  0.0234  0.0232  0.0234  0.0231  0.0233  0.0231  0.0231
  0.0236  0.0235  0.0234  0.0233  0.0235  0.0241  0.0235  0.0239  0.0233  0.0236  0.0233  0.0233
niter,ni,del,rscale     1    3    5.0000    0.4000
parameters
   -1.6146  -19.3875    5.7798   -5.5135  -12.1654   -1.6335
    3.4754    0.5476   -1.6544   -7.2860    1.1341    5.9110
eta,q 0.97705 10.15753
  0.0234  0.0233  0.0233  0.0232  0.0233  0.0238  0.0233  0.0236  0.0232  0.0234  0.0231  0.0232
  0.0232  0.0231  0.0231  0.0231  0.0231  0.0234  0.0231  0.0233  0.0231  0.0231  0.0230  0.0231
  0.0230  0.0230  0.0230  0.0230  0.0230  0.0231  0.0230  0.0230  0.0230  0.0230  0.0230  0.0230
  0.0230  0.0230  0.0229  0.0230  0.0230  0.0230  0.0230  0.0229  0.0229  0.0229  0.0230  0.0229
  0.0230  0.0230  0.0230  0.0230  0.0230  0.0230  0.0230  0.0230  0.0230  0.0230  0.0230  0.0230
  0.0231  0.0231  0.0231  0.0230  0.0231  0.0233  0.0231  0.0233  0.0230  0.0231  0.0230  0.0230
  0.0234  0.0233  0.0232  0.0232  0.0233  0.0237  0.0233  0.0236  0.0232  0.0234  0.0232  0.0232
registration optimization eta report
parameter search radius
    0.8000    0.8000    0.8000    2.4000    2.4000    2.4000
    2.4000    2.4000    2.4000    2.4000    2.4000    2.4000
100000*second partial in parameter space
       66.       51.       47.        4.        6.       14.
        6.       12.        4.        8.        3.        4.
  0.0234  0.0233  0.0233  0.0232  0.0233  0.0238  0.0233  0.0236  0.0232  0.0234  0.0231  0.0232
  0.0232  0.0231  0.0231  0.0231  0.0231  0.0234  0.0231  0.0233  0.0231  0.0231  0.0230  0.0231
  0.0230  0.0230  0.0230  0.0230  0.0230  0.0231  0.0230  0.0230  0.0230  0.0230  0.0230  0.0230
  0.0230  0.0230  0.0229  0.0230  0.0230  0.0230  0.0230  0.0229  0.0229  0.0229  0.0230  0.0229
  0.0230  0.0230  0.0230  0.0230  0.0230  0.0230  0.0230  0.0230  0.0230  0.0230  0.0230  0.0230
  0.0231  0.0231  0.0231  0.0230  0.0231  0.0233  0.0231  0.0233  0.0230  0.0231  0.0230  0.0230
  0.0234  0.0233  0.0232  0.0232  0.0233  0.0237  0.0233  0.0236  0.0232  0.0234  0.0232  0.0232
   -1.6146  -19.3875    5.7798   -5.5135  -12.1654   -1.6335
    3.4754    0.5476   -1.6544   -7.2860    1.1341    5.9110
eta,q 0.97705 10.15753

---------------------------------------------------------------------
compute_vox2vox talsrcimg talsrcimg_to_711-2C_as_mni_average_305_t4 /opt/freesurfer/average/711-2C_as_mni_average_305
---------------------------------------------------------------------

freesurfer compute_vox2vox.c
Reading: talsrcimg.4dfp.ifh
Reading: talsrcimg_to_711-2C_as_mni_average_305_t4
Reading: /opt/freesurfer/average/711-2C_as_mni_average_305.4dfp.ifh
Writing: talsrcimg_to_711-2C_as_mni_average_305_t4_vox2vox.txt

start time Sun Mar 8 18:00:42 CET 2026
end		time Sun Mar 8 18:02:07 CET 2026

mpr2mni305 success

avi2talxfm orig_nu.mgz /opt/freesurfer/average/mni305.cor.mgz talsrcimg_to_711-2C_as_mni_average_305_t4_vox2vox.txt transforms/talairach.auto.xfm
avi2talxfm done
mv -f /out/sourcedata/freesurfer/sub-v1s14x0051569_ses-1/mri/talsrcimg_to_711-2C_as_mni_average_305_t4_vox2vox.txt /out/sourcedata/freesurfer/sub-v1s14x0051569_ses-1/mri/transforms/talsrcimg_to_711-2C_as_mni_average_305_t4_vox2vox.txt
lta_convert --src orig_nu.mgz --trg /opt/freesurfer/average/mni305.cor.mgz --inxfm transforms/talairach.auto.xfm --outlta transforms/talairach.auto.xfm.lta --subject fsaverage
7.3.2

--src: orig_nu.mgz src image (geometry).
--trg: /opt/freesurfer/average/mni305.cor.mgz trg image (geometry).
--inmni: transforms/talairach.auto.xfm input MNI/XFM transform.
--outlta: transforms/talairach.auto.xfm.lta output LTA.
--s: fsaverage subject name
 LTA read, type : 1
 1.05774  -0.00894  -0.04125   2.95940;
-0.01333   1.01168  -0.06756  -27.42438;
 0.01882   0.08375   1.13212  -29.24484;
 0.00000   0.00000   0.00000   1.00000;
setting subject to fsaverage
Writing  LTA to file transforms/talairach.auto.xfm.lta...
lta_convert successful.
 
 
Started at Sun Mar 8 18:00:42 CET 2026
Ended   at Sun Mar  8 18:02:08 CET 2026
talairach_avi done
