status file for recon-all
Sun Mar  8 19:15:43 CET 2026
#@# Tessellate lh Sun Mar  8 19:15:43 CET 2026
#@# Smooth1 lh Sun Mar  8 19:15:47 CET 2026
#@# Inflation1 lh Sun Mar  8 19:15:49 CET 2026
#@# QSphere lh Sun Mar  8 19:15:59 CET 2026
#@# Fix Topology lh Sun Mar  8 19:16:56 CET 2026
#@# Smooth2 lh Sun Mar  8 19:26:27 CET 2026
#@# Inflation2 lh Sun Mar  8 19:26:30 CET 2026
#@# Curv .H and .K lh Sun Mar  8 19:26:42 CET 2026
#@# Sphere lh Sun Mar  8 19:27:32 CET 2026
#@# Surf Reg lh Sun Mar  8 19:30:52 CET 2026
#@# Jacobian white lh Sun Mar  8 19:35:09 CET 2026
#@# AvgCurv lh Sun Mar  8 19:35:10 CET 2026
#@# Cortical Parc lh Sun Mar  8 19:35:11 CET 2026
#@# white curv lh Sun Mar  8 19:42:07 CET 2026
#@# white area lh Sun Mar  8 19:42:09 CET 2026
#@# pial curv lh Sun Mar  8 19:42:10 CET 2026
#@# pial area lh Sun Mar  8 19:42:12 CET 2026
#@# thickness lh Sun Mar  8 19:42:13 CET 2026
#@# area and vertex vol lh Sun Mar  8 19:42:44 CET 2026
#@# Curvature Stats lh Sun Mar  8 19:42:46 CET 2026
#@# Cortical Parc 2 lh Sun Mar  8 19:42:48 CET 2026
#@# Cortical Parc 3 lh Sun Mar  8 19:43:03 CET 2026
#@# WM/GM Contrast lh Sun Mar  8 19:43:14 CET 2026
recon-all -s sub-v1s14x0051562_ses-1 finished without error at Sun Mar  8 19:43:19 CET 2026



#New# invocation of recon-all 



status file for recon-all
Sun Mar  8 20:18:21 CET 2026
#@# white curv lh Sun Mar  8 20:18:21 CET 2026
#@# white area lh Sun Mar  8 20:18:21 CET 2026
#@# pial curv lh Sun Mar  8 20:18:21 CET 2026
#@# pial area lh Sun Mar  8 20:18:21 CET 2026
#@# thickness lh Sun Mar  8 20:18:22 CET 2026
#@# area and vertex vol lh Sun Mar  8 20:18:22 CET 2026
#@# Parcellation Stats lh Sun Mar  8 20:18:22 CET 2026
#@# Parcellation Stats 2 lh Sun Mar  8 20:18:43 CET 2026
#@# Parcellation Stats 3 lh Sun Mar  8 20:18:54 CET 2026
#@# BA_exvivo Labels lh Sun Mar  8 20:19:05 CET 2026
recon-all -s sub-v1s14x0051562_ses-1 finished without error at Sun Mar  8 20:21:59 CET 2026
