status file for recon-all
Sun Mar  8 17:24:38 CET 2026
#@# MotionCor Sun Mar  8 17:24:40 CET 2026
#@# Talairach Sun Mar  8 17:24:49 CET 2026
#@# Talairach Failure Detection Sun Mar  8 17:29:19 CET 2026
#@# Nu Intensity Correction Sun Mar  8 17:29:19 CET 2026
#@# Intensity Normalization Sun Mar  8 17:32:33 CET 2026
recon-all -s sub-v1s14x0051562_ses-1 finished without error at Sun Mar  8 17:34:07 CET 2026



#New# invocation of recon-all 



status file for recon-all
Sun Mar  8 17:41:57 CET 2026
#@# EM Registration Sun Mar  8 17:41:57 CET 2026
recon-all -s sub-v1s14x0051562_ses-1 finished without error at Sun Mar  8 17:44:07 CET 2026



#New# invocation of recon-all 



status file for recon-all
Sun Mar  8 17:44:09 CET 2026
#@# CA Normalize Sun Mar  8 17:44:09 CET 2026
#@# CA Reg Sun Mar  8 17:45:27 CET 2026
#@# SubCort Seg Sun Mar  8 18:35:48 CET 2026
#@# CC Seg Sun Mar  8 19:09:27 CET 2026
#@# Merge ASeg Sun Mar  8 19:10:03 CET 2026
#@# Intensity Normalization2 Sun Mar  8 19:10:03 CET 2026
#@# Mask BFS Sun Mar  8 19:12:21 CET 2026
#@# WM Segmentation Sun Mar  8 19:12:22 CET 2026
#@# Fill Sun Mar  8 19:14:30 CET 2026
recon-all -s sub-v1s14x0051562_ses-1 finished without error at Sun Mar  8 19:15:38 CET 2026



#New# invocation of recon-all 



status file for recon-all
Sun Mar  8 20:13:31 CET 2026
#@# white curv lh Sun Mar  8 20:13:31 CET 2026
#@# white area lh Sun Mar  8 20:13:31 CET 2026
#@# pial curv lh Sun Mar  8 20:13:31 CET 2026
#@# pial area lh Sun Mar  8 20:13:31 CET 2026
#@# thickness lh Sun Mar  8 20:13:31 CET 2026
#@# area and vertex vol lh Sun Mar  8 20:13:31 CET 2026
#@# white curv rh Sun Mar  8 20:13:31 CET 2026
#@# white area rh Sun Mar  8 20:13:31 CET 2026
#@# pial curv rh Sun Mar  8 20:13:31 CET 2026
#@# pial area rh Sun Mar  8 20:13:31 CET 2026
#@# thickness rh Sun Mar  8 20:13:31 CET 2026
#@# area and vertex vol rh Sun Mar  8 20:13:31 CET 2026
#@# Cortical ribbon mask Sun Mar  8 20:13:31 CET 2026
recon-all -s sub-v1s14x0051562_ses-1 finished without error at Sun Mar  8 20:18:17 CET 2026



#New# invocation of recon-all 



status file for recon-all
Sun Mar  8 20:25:41 CET 2026
#@# white curv lh Sun Mar  8 20:25:41 CET 2026
#@# white area lh Sun Mar  8 20:25:41 CET 2026
#@# pial curv lh Sun Mar  8 20:25:41 CET 2026
#@# pial area lh Sun Mar  8 20:25:41 CET 2026
#@# thickness lh Sun Mar  8 20:25:41 CET 2026
#@# area and vertex vol lh Sun Mar  8 20:25:41 CET 2026
#@# white curv rh Sun Mar  8 20:25:41 CET 2026
#@# white area rh Sun Mar  8 20:25:41 CET 2026
#@# pial curv rh Sun Mar  8 20:25:41 CET 2026
#@# pial area rh Sun Mar  8 20:25:41 CET 2026
#@# thickness rh Sun Mar  8 20:25:41 CET 2026
#@# area and vertex vol rh Sun Mar  8 20:25:41 CET 2026
#@# Curvature Stats lh Sun Mar  8 20:25:42 CET 2026
#@# Curvature Stats rh Sun Mar  8 20:25:44 CET 2026
#@# Relabel Hypointensities Sun Mar  8 20:25:47 CET 2026
#@# APas-to-ASeg Sun Mar  8 20:26:02 CET 2026
#@# AParc-to-ASeg aparc Sun Mar  8 20:26:10 CET 2026
#@# AParc-to-ASeg aparc.a2009s Sun Mar  8 20:26:45 CET 2026
#@# AParc-to-ASeg aparc.DKTatlas Sun Mar  8 20:27:20 CET 2026
#@# WMParc Sun Mar  8 20:27:52 CET 2026
#@# ASeg Stats Sun Mar  8 20:32:03 CET 2026
recon-all -s sub-v1s14x0051562_ses-1 finished without error at Sun Mar  8 20:32:44 CET 2026
