status file for recon-all
Sun Mar  8 19:43:21 CET 2026
#@# Tessellate rh Sun Mar  8 19:43:21 CET 2026
#@# Smooth1 rh Sun Mar  8 19:43:25 CET 2026
#@# Inflation1 rh Sun Mar  8 19:43:28 CET 2026
#@# QSphere rh Sun Mar  8 19:43:42 CET 2026
#@# Fix Topology rh Sun Mar  8 19:45:01 CET 2026
#@# Smooth2 rh Sun Mar  8 19:52:57 CET 2026
#@# Inflation2 rh Sun Mar  8 19:53:00 CET 2026
#@# Curv .H and .K rh Sun Mar  8 19:53:20 CET 2026
#@# Sphere rh Sun Mar  8 19:54:09 CET 2026
#@# Surf Reg rh Sun Mar  8 19:59:45 CET 2026
#@# Jacobian white rh Sun Mar  8 20:04:57 CET 2026
#@# AvgCurv rh Sun Mar  8 20:04:58 CET 2026
#@# Cortical Parc rh Sun Mar  8 20:04:59 CET 2026
#@# white curv rh Sun Mar  8 20:12:11 CET 2026
#@# white area rh Sun Mar  8 20:12:12 CET 2026
#@# pial curv rh Sun Mar  8 20:12:13 CET 2026
#@# pial area rh Sun Mar  8 20:12:15 CET 2026
#@# thickness rh Sun Mar  8 20:12:16 CET 2026
#@# area and vertex vol rh Sun Mar  8 20:12:48 CET 2026
#@# Curvature Stats rh Sun Mar  8 20:12:50 CET 2026
#@# Cortical Parc 2 rh Sun Mar  8 20:12:53 CET 2026
#@# Cortical Parc 3 rh Sun Mar  8 20:13:08 CET 2026
#@# WM/GM Contrast rh Sun Mar  8 20:13:19 CET 2026
recon-all -s sub-v1s14x0051562_ses-1 finished without error at Sun Mar  8 20:13:24 CET 2026



#New# invocation of recon-all 



status file for recon-all
Sun Mar  8 20:22:01 CET 2026
#@# white curv rh Sun Mar  8 20:22:01 CET 2026
#@# white area rh Sun Mar  8 20:22:01 CET 2026
#@# pial curv rh Sun Mar  8 20:22:01 CET 2026
#@# pial area rh Sun Mar  8 20:22:01 CET 2026
#@# thickness rh Sun Mar  8 20:22:01 CET 2026
#@# area and vertex vol rh Sun Mar  8 20:22:01 CET 2026
#@# Parcellation Stats rh Sun Mar  8 20:22:01 CET 2026
#@# Parcellation Stats 2 rh Sun Mar  8 20:22:21 CET 2026
#@# Parcellation Stats 3 rh Sun Mar  8 20:22:32 CET 2026
#@# BA_exvivo Labels rh Sun Mar  8 20:22:41 CET 2026
recon-all -s sub-v1s14x0051562_ses-1 finished without error at Sun Mar  8 20:25:35 CET 2026
