status file for recon-all
Sun Mar  8 21:03:03 CET 2026
#@# Tessellate rh Sun Mar  8 21:03:03 CET 2026
#@# Smooth1 rh Sun Mar  8 21:03:06 CET 2026
#@# Inflation1 rh Sun Mar  8 21:03:09 CET 2026
#@# QSphere rh Sun Mar  8 21:03:25 CET 2026
#@# Fix Topology rh Sun Mar  8 21:05:58 CET 2026
#@# Smooth2 rh Sun Mar  8 21:28:34 CET 2026
#@# Inflation2 rh Sun Mar  8 21:28:37 CET 2026
#@# Curv .H and .K rh Sun Mar  8 21:28:58 CET 2026
#@# Sphere rh Sun Mar  8 21:29:39 CET 2026
#@# Surf Reg rh Sun Mar  8 21:41:56 CET 2026
#@# Jacobian white rh Sun Mar  8 22:05:44 CET 2026
#@# AvgCurv rh Sun Mar  8 22:05:44 CET 2026
#@# Cortical Parc rh Sun Mar  8 22:05:45 CET 2026
#@# white curv rh Sun Mar  8 22:11:38 CET 2026
#@# white area rh Sun Mar  8 22:11:39 CET 2026
#@# pial curv rh Sun Mar  8 22:11:40 CET 2026
#@# pial area rh Sun Mar  8 22:11:42 CET 2026
#@# thickness rh Sun Mar  8 22:11:42 CET 2026
#@# area and vertex vol rh Sun Mar  8 22:12:04 CET 2026
#@# Curvature Stats rh Sun Mar  8 22:12:05 CET 2026
#@# Cortical Parc 2 rh Sun Mar  8 22:12:07 CET 2026
#@# Cortical Parc 3 rh Sun Mar  8 22:12:19 CET 2026
#@# WM/GM Contrast rh Sun Mar  8 22:12:27 CET 2026
recon-all -s sub-v1s14x0051567_ses-1 finished without error at Sun Mar  8 22:12:30 CET 2026



#New# invocation of recon-all 



status file for recon-all
Sun Mar  8 22:19:22 CET 2026
#@# white curv rh Sun Mar  8 22:19:22 CET 2026
#@# white area rh Sun Mar  8 22:19:22 CET 2026
#@# pial curv rh Sun Mar  8 22:19:22 CET 2026
#@# pial area rh Sun Mar  8 22:19:22 CET 2026
#@# thickness rh Sun Mar  8 22:19:22 CET 2026
#@# area and vertex vol rh Sun Mar  8 22:19:22 CET 2026
#@# Parcellation Stats rh Sun Mar  8 22:19:22 CET 2026
#@# Parcellation Stats 2 rh Sun Mar  8 22:19:40 CET 2026
#@# Parcellation Stats 3 rh Sun Mar  8 22:19:49 CET 2026
#@# BA_exvivo Labels rh Sun Mar  8 22:19:57 CET 2026
recon-all -s sub-v1s14x0051567_ses-1 finished without error at Sun Mar  8 22:22:15 CET 2026
