status file for recon-all
Sun Mar  8 17:49:54 CET 2026
#@# MotionCor Sun Mar  8 17:49:55 CET 2026
#@# Talairach Sun Mar  8 17:50:01 CET 2026
#@# Talairach Failure Detection Sun Mar  8 17:52:52 CET 2026
#@# Nu Intensity Correction Sun Mar  8 17:52:52 CET 2026
#@# Intensity Normalization Sun Mar  8 17:55:36 CET 2026
recon-all -s sub-v1s14x0051567_ses-1 finished without error at Sun Mar  8 17:56:42 CET 2026



#New# invocation of recon-all 



status file for recon-all
Sun Mar  8 18:03:45 CET 2026
#@# EM Registration Sun Mar  8 18:03:45 CET 2026
recon-all -s sub-v1s14x0051567_ses-1 finished without error at Sun Mar  8 18:33:50 CET 2026



#New# invocation of recon-all 



status file for recon-all
Sun Mar  8 18:33:51 CET 2026
#@# CA Normalize Sun Mar  8 18:33:51 CET 2026
#@# CA Reg Sun Mar  8 18:34:44 CET 2026
#@# SubCort Seg Sun Mar  8 19:23:58 CET 2026
#@# CC Seg Sun Mar  8 19:49:09 CET 2026
#@# Merge ASeg Sun Mar  8 19:49:28 CET 2026
#@# Intensity Normalization2 Sun Mar  8 19:49:28 CET 2026
#@# Mask BFS Sun Mar  8 19:51:04 CET 2026
#@# WM Segmentation Sun Mar  8 19:51:05 CET 2026
#@# Fill Sun Mar  8 19:52:46 CET 2026
recon-all -s sub-v1s14x0051567_ses-1 finished without error at Sun Mar  8 19:53:26 CET 2026



#New# invocation of recon-all 



status file for recon-all
Sun Mar  8 22:12:33 CET 2026
#@# white curv lh Sun Mar  8 22:12:34 CET 2026
#@# white area lh Sun Mar  8 22:12:34 CET 2026
#@# pial curv lh Sun Mar  8 22:12:34 CET 2026
#@# pial area lh Sun Mar  8 22:12:34 CET 2026
#@# thickness lh Sun Mar  8 22:12:34 CET 2026
#@# area and vertex vol lh Sun Mar  8 22:12:34 CET 2026
#@# white curv rh Sun Mar  8 22:12:34 CET 2026
#@# white area rh Sun Mar  8 22:12:34 CET 2026
#@# pial curv rh Sun Mar  8 22:12:34 CET 2026
#@# pial area rh Sun Mar  8 22:12:34 CET 2026
#@# thickness rh Sun Mar  8 22:12:34 CET 2026
#@# area and vertex vol rh Sun Mar  8 22:12:34 CET 2026
#@# Cortical ribbon mask Sun Mar  8 22:12:34 CET 2026
recon-all -s sub-v1s14x0051567_ses-1 finished without error at Sun Mar  8 22:16:20 CET 2026



#New# invocation of recon-all 



status file for recon-all
Sun Mar  8 22:22:20 CET 2026
#@# white curv lh Sun Mar  8 22:22:20 CET 2026
#@# white area lh Sun Mar  8 22:22:20 CET 2026
#@# pial curv lh Sun Mar  8 22:22:20 CET 2026
#@# pial area lh Sun Mar  8 22:22:20 CET 2026
#@# thickness lh Sun Mar  8 22:22:20 CET 2026
#@# area and vertex vol lh Sun Mar  8 22:22:20 CET 2026
#@# white curv rh Sun Mar  8 22:22:20 CET 2026
#@# white area rh Sun Mar  8 22:22:20 CET 2026
#@# pial curv rh Sun Mar  8 22:22:20 CET 2026
#@# pial area rh Sun Mar  8 22:22:20 CET 2026
#@# thickness rh Sun Mar  8 22:22:20 CET 2026
#@# area and vertex vol rh Sun Mar  8 22:22:20 CET 2026
#@# Curvature Stats lh Sun Mar  8 22:22:20 CET 2026
#@# Curvature Stats rh Sun Mar  8 22:22:22 CET 2026
#@# Relabel Hypointensities Sun Mar  8 22:22:24 CET 2026
#@# APas-to-ASeg Sun Mar  8 22:22:35 CET 2026
#@# AParc-to-ASeg aparc Sun Mar  8 22:22:42 CET 2026
#@# AParc-to-ASeg aparc.a2009s Sun Mar  8 22:23:01 CET 2026
#@# AParc-to-ASeg aparc.DKTatlas Sun Mar  8 22:23:19 CET 2026
#@# WMParc Sun Mar  8 22:23:40 CET 2026
#@# ASeg Stats Sun Mar  8 22:25:38 CET 2026
recon-all -s sub-v1s14x0051567_ses-1 finished without error at Sun Mar  8 22:25:58 CET 2026
