status file for recon-all
Sun Mar  8 19:53:29 CET 2026
#@# Tessellate lh Sun Mar  8 19:53:29 CET 2026
#@# Smooth1 lh Sun Mar  8 19:53:32 CET 2026
#@# Inflation1 lh Sun Mar  8 19:53:35 CET 2026
#@# QSphere lh Sun Mar  8 19:53:50 CET 2026
#@# Fix Topology lh Sun Mar  8 19:56:23 CET 2026
#@# Smooth2 lh Sun Mar  8 20:20:13 CET 2026
#@# Inflation2 lh Sun Mar  8 20:20:15 CET 2026
#@# Curv .H and .K lh Sun Mar  8 20:20:35 CET 2026
#@# Sphere lh Sun Mar  8 20:21:15 CET 2026
#@# Surf Reg lh Sun Mar  8 20:37:44 CET 2026
#@# Jacobian white lh Sun Mar  8 20:55:44 CET 2026
#@# AvgCurv lh Sun Mar  8 20:55:45 CET 2026
#@# Cortical Parc lh Sun Mar  8 20:55:46 CET 2026
#@# white curv lh Sun Mar  8 21:02:11 CET 2026
#@# white area lh Sun Mar  8 21:02:12 CET 2026
#@# pial curv lh Sun Mar  8 21:02:13 CET 2026
#@# pial area lh Sun Mar  8 21:02:15 CET 2026
#@# thickness lh Sun Mar  8 21:02:15 CET 2026
#@# area and vertex vol lh Sun Mar  8 21:02:36 CET 2026
#@# Curvature Stats lh Sun Mar  8 21:02:38 CET 2026
#@# Cortical Parc 2 lh Sun Mar  8 21:02:40 CET 2026
#@# Cortical Parc 3 lh Sun Mar  8 21:02:51 CET 2026
#@# WM/GM Contrast lh Sun Mar  8 21:02:59 CET 2026
recon-all -s sub-v1s14x0051567_ses-1 finished without error at Sun Mar  8 21:03:02 CET 2026



#New# invocation of recon-all 



status file for recon-all
Sun Mar  8 22:16:24 CET 2026
#@# white curv lh Sun Mar  8 22:16:24 CET 2026
#@# white area lh Sun Mar  8 22:16:24 CET 2026
#@# pial curv lh Sun Mar  8 22:16:24 CET 2026
#@# pial area lh Sun Mar  8 22:16:24 CET 2026
#@# thickness lh Sun Mar  8 22:16:24 CET 2026
#@# area and vertex vol lh Sun Mar  8 22:16:24 CET 2026
#@# Parcellation Stats lh Sun Mar  8 22:16:24 CET 2026
#@# Parcellation Stats 2 lh Sun Mar  8 22:16:42 CET 2026
#@# Parcellation Stats 3 lh Sun Mar  8 22:16:50 CET 2026
#@# BA_exvivo Labels lh Sun Mar  8 22:16:59 CET 2026
recon-all -s sub-v1s14x0051567_ses-1 finished without error at Sun Mar  8 22:19:19 CET 2026
