status file for recon-all
Sun Mar  8 17:16:49 CET 2026
#@# MotionCor Sun Mar  8 17:16:50 CET 2026
#@# Talairach Sun Mar  8 17:17:00 CET 2026
#@# Talairach Failure Detection Sun Mar  8 17:21:24 CET 2026
#@# Nu Intensity Correction Sun Mar  8 17:21:24 CET 2026
#@# Intensity Normalization Sun Mar  8 17:24:38 CET 2026
recon-all -s sub-v1s14x0051560_ses-1 finished without error at Sun Mar  8 17:26:08 CET 2026



#New# invocation of recon-all 



status file for recon-all
Sun Mar  8 17:33:48 CET 2026
#@# EM Registration Sun Mar  8 17:33:49 CET 2026
recon-all -s sub-v1s14x0051560_ses-1 finished without error at Sun Mar  8 17:35:25 CET 2026



#New# invocation of recon-all 



status file for recon-all
Sun Mar  8 17:35:27 CET 2026
#@# CA Normalize Sun Mar  8 17:35:27 CET 2026
#@# CA Reg Sun Mar  8 17:36:46 CET 2026
#@# SubCort Seg Sun Mar  8 18:21:32 CET 2026
#@# CC Seg Sun Mar  8 18:54:07 CET 2026
#@# Merge ASeg Sun Mar  8 18:54:44 CET 2026
#@# Intensity Normalization2 Sun Mar  8 18:54:44 CET 2026
#@# Mask BFS Sun Mar  8 18:56:52 CET 2026
#@# WM Segmentation Sun Mar  8 18:56:53 CET 2026
#@# Fill Sun Mar  8 18:58:59 CET 2026
recon-all -s sub-v1s14x0051560_ses-1 finished without error at Sun Mar  8 18:59:59 CET 2026



#New# invocation of recon-all 



status file for recon-all
Sun Mar  8 19:49:20 CET 2026
#@# white curv lh Sun Mar  8 19:49:20 CET 2026
#@# white area lh Sun Mar  8 19:49:20 CET 2026
#@# pial curv lh Sun Mar  8 19:49:20 CET 2026
#@# pial area lh Sun Mar  8 19:49:20 CET 2026
#@# thickness lh Sun Mar  8 19:49:21 CET 2026
#@# area and vertex vol lh Sun Mar  8 19:49:21 CET 2026
#@# white curv rh Sun Mar  8 19:49:21 CET 2026
#@# white area rh Sun Mar  8 19:49:21 CET 2026
#@# pial curv rh Sun Mar  8 19:49:21 CET 2026
#@# pial area rh Sun Mar  8 19:49:21 CET 2026
#@# thickness rh Sun Mar  8 19:49:21 CET 2026
#@# area and vertex vol rh Sun Mar  8 19:49:21 CET 2026
#@# Cortical ribbon mask Sun Mar  8 19:49:21 CET 2026
recon-all -s sub-v1s14x0051560_ses-1 finished without error at Sun Mar  8 19:54:49 CET 2026



#New# invocation of recon-all 



status file for recon-all
Sun Mar  8 20:01:21 CET 2026
#@# white curv lh Sun Mar  8 20:01:21 CET 2026
#@# white area lh Sun Mar  8 20:01:21 CET 2026
#@# pial curv lh Sun Mar  8 20:01:21 CET 2026
#@# pial area lh Sun Mar  8 20:01:21 CET 2026
#@# thickness lh Sun Mar  8 20:01:21 CET 2026
#@# area and vertex vol lh Sun Mar  8 20:01:21 CET 2026
#@# white curv rh Sun Mar  8 20:01:21 CET 2026
#@# white area rh Sun Mar  8 20:01:21 CET 2026
#@# pial curv rh Sun Mar  8 20:01:21 CET 2026
#@# pial area rh Sun Mar  8 20:01:21 CET 2026
#@# thickness rh Sun Mar  8 20:01:21 CET 2026
#@# area and vertex vol rh Sun Mar  8 20:01:21 CET 2026
#@# Curvature Stats lh Sun Mar  8 20:01:21 CET 2026
#@# Curvature Stats rh Sun Mar  8 20:01:23 CET 2026
#@# Relabel Hypointensities Sun Mar  8 20:01:26 CET 2026
#@# APas-to-ASeg Sun Mar  8 20:01:40 CET 2026
#@# AParc-to-ASeg aparc Sun Mar  8 20:01:48 CET 2026
#@# AParc-to-ASeg aparc.a2009s Sun Mar  8 20:02:20 CET 2026
#@# AParc-to-ASeg aparc.DKTatlas Sun Mar  8 20:02:52 CET 2026
#@# WMParc Sun Mar  8 20:03:22 CET 2026
#@# ASeg Stats Sun Mar  8 20:07:00 CET 2026
recon-all -s sub-v1s14x0051560_ses-1 finished without error at Sun Mar  8 20:07:31 CET 2026
