status file for recon-all
Sun Mar  8 19:51:51 CET 2026
#@# MotionCor Sun Mar  8 19:51:52 CET 2026
#@# Talairach Sun Mar  8 19:51:58 CET 2026
#@# Talairach Failure Detection Sun Mar  8 19:54:47 CET 2026
#@# Nu Intensity Correction Sun Mar  8 19:54:47 CET 2026
#@# Intensity Normalization Sun Mar  8 19:57:33 CET 2026
recon-all -s sub-v1s14x0051582_ses-1 finished without error at Sun Mar  8 19:58:33 CET 2026



#New# invocation of recon-all 



status file for recon-all
Sun Mar  8 20:04:58 CET 2026
#@# EM Registration Sun Mar  8 20:04:58 CET 2026
recon-all -s sub-v1s14x0051582_ses-1 finished without error at Sun Mar  8 20:06:34 CET 2026



#New# invocation of recon-all 



status file for recon-all
Sun Mar  8 20:06:36 CET 2026
#@# CA Normalize Sun Mar  8 20:06:36 CET 2026
#@# CA Reg Sun Mar  8 20:07:28 CET 2026
#@# SubCort Seg Sun Mar  8 20:48:21 CET 2026
#@# CC Seg Sun Mar  8 21:14:29 CET 2026
#@# Merge ASeg Sun Mar  8 21:15:01 CET 2026
#@# Intensity Normalization2 Sun Mar  8 21:15:01 CET 2026
#@# Mask BFS Sun Mar  8 21:16:32 CET 2026
#@# WM Segmentation Sun Mar  8 21:16:32 CET 2026
#@# Fill Sun Mar  8 21:18:17 CET 2026
recon-all -s sub-v1s14x0051582_ses-1 finished without error at Sun Mar  8 21:18:55 CET 2026



#New# invocation of recon-all 



status file for recon-all
Sun Mar  8 22:15:36 CET 2026
#@# white curv lh Sun Mar  8 22:15:36 CET 2026
#@# white area lh Sun Mar  8 22:15:36 CET 2026
#@# pial curv lh Sun Mar  8 22:15:36 CET 2026
#@# pial area lh Sun Mar  8 22:15:36 CET 2026
#@# thickness lh Sun Mar  8 22:15:36 CET 2026
#@# area and vertex vol lh Sun Mar  8 22:15:36 CET 2026
#@# white curv rh Sun Mar  8 22:15:37 CET 2026
#@# white area rh Sun Mar  8 22:15:37 CET 2026
#@# pial curv rh Sun Mar  8 22:15:37 CET 2026
#@# pial area rh Sun Mar  8 22:15:37 CET 2026
#@# thickness rh Sun Mar  8 22:15:37 CET 2026
#@# area and vertex vol rh Sun Mar  8 22:15:37 CET 2026
#@# Cortical ribbon mask Sun Mar  8 22:15:37 CET 2026
recon-all -s sub-v1s14x0051582_ses-1 finished without error at Sun Mar  8 22:19:12 CET 2026



#New# invocation of recon-all 



status file for recon-all
Sun Mar  8 22:25:03 CET 2026
#@# white curv lh Sun Mar  8 22:25:03 CET 2026
#@# white area lh Sun Mar  8 22:25:03 CET 2026
#@# pial curv lh Sun Mar  8 22:25:03 CET 2026
#@# pial area lh Sun Mar  8 22:25:03 CET 2026
#@# thickness lh Sun Mar  8 22:25:03 CET 2026
#@# area and vertex vol lh Sun Mar  8 22:25:03 CET 2026
#@# white curv rh Sun Mar  8 22:25:03 CET 2026
#@# white area rh Sun Mar  8 22:25:03 CET 2026
#@# pial curv rh Sun Mar  8 22:25:03 CET 2026
#@# pial area rh Sun Mar  8 22:25:03 CET 2026
#@# thickness rh Sun Mar  8 22:25:03 CET 2026
#@# area and vertex vol rh Sun Mar  8 22:25:03 CET 2026
#@# Curvature Stats lh Sun Mar  8 22:25:03 CET 2026
#@# Curvature Stats rh Sun Mar  8 22:25:05 CET 2026
#@# Relabel Hypointensities Sun Mar  8 22:25:07 CET 2026
#@# APas-to-ASeg Sun Mar  8 22:25:17 CET 2026
#@# AParc-to-ASeg aparc Sun Mar  8 22:25:24 CET 2026
#@# AParc-to-ASeg aparc.a2009s Sun Mar  8 22:25:47 CET 2026
#@# AParc-to-ASeg aparc.DKTatlas Sun Mar  8 22:26:11 CET 2026
#@# WMParc Sun Mar  8 22:26:35 CET 2026
#@# ASeg Stats Sun Mar  8 22:28:36 CET 2026
recon-all -s sub-v1s14x0051582_ses-1 finished without error at Sun Mar  8 22:28:58 CET 2026
