status file for recon-all
Sun Mar  8 21:18:59 CET 2026
#@# Tessellate lh Sun Mar  8 21:18:59 CET 2026
#@# Smooth1 lh Sun Mar  8 21:19:01 CET 2026
#@# Inflation1 lh Sun Mar  8 21:19:04 CET 2026
#@# QSphere lh Sun Mar  8 21:19:19 CET 2026
#@# Fix Topology lh Sun Mar  8 21:20:27 CET 2026
#@# Smooth2 lh Sun Mar  8 21:28:10 CET 2026
#@# Inflation2 lh Sun Mar  8 21:28:12 CET 2026
#@# Curv .H and .K lh Sun Mar  8 21:28:27 CET 2026
#@# Sphere lh Sun Mar  8 21:29:09 CET 2026
#@# Surf Reg lh Sun Mar  8 21:34:38 CET 2026
#@# Jacobian white lh Sun Mar  8 21:40:44 CET 2026
#@# AvgCurv lh Sun Mar  8 21:40:45 CET 2026
#@# Cortical Parc lh Sun Mar  8 21:40:46 CET 2026
#@# white curv lh Sun Mar  8 21:47:47 CET 2026
#@# white area lh Sun Mar  8 21:47:49 CET 2026
#@# pial curv lh Sun Mar  8 21:47:49 CET 2026
#@# pial area lh Sun Mar  8 21:47:51 CET 2026
#@# thickness lh Sun Mar  8 21:47:52 CET 2026
#@# area and vertex vol lh Sun Mar  8 21:48:13 CET 2026
#@# Curvature Stats lh Sun Mar  8 21:48:14 CET 2026
#@# Cortical Parc 2 lh Sun Mar  8 21:48:16 CET 2026
#@# Cortical Parc 3 lh Sun Mar  8 21:48:27 CET 2026
#@# WM/GM Contrast lh Sun Mar  8 21:48:36 CET 2026
recon-all -s sub-v1s14x0051582_ses-1 finished without error at Sun Mar  8 21:48:39 CET 2026



#New# invocation of recon-all 



status file for recon-all
Sun Mar  8 22:19:17 CET 2026
#@# white curv lh Sun Mar  8 22:19:17 CET 2026
#@# white area lh Sun Mar  8 22:19:17 CET 2026
#@# pial curv lh Sun Mar  8 22:19:17 CET 2026
#@# pial area lh Sun Mar  8 22:19:17 CET 2026
#@# thickness lh Sun Mar  8 22:19:17 CET 2026
#@# area and vertex vol lh Sun Mar  8 22:19:17 CET 2026
#@# Parcellation Stats lh Sun Mar  8 22:19:17 CET 2026
#@# Parcellation Stats 2 lh Sun Mar  8 22:19:35 CET 2026
#@# Parcellation Stats 3 lh Sun Mar  8 22:19:44 CET 2026
#@# BA_exvivo Labels lh Sun Mar  8 22:19:53 CET 2026
recon-all -s sub-v1s14x0051582_ses-1 finished without error at Sun Mar  8 22:22:07 CET 2026
