status file for recon-all
Sun Mar  8 21:48:40 CET 2026
#@# Tessellate rh Sun Mar  8 21:48:40 CET 2026
#@# Smooth1 rh Sun Mar  8 21:48:43 CET 2026
#@# Inflation1 rh Sun Mar  8 21:48:46 CET 2026
#@# QSphere rh Sun Mar  8 21:49:01 CET 2026
#@# Fix Topology rh Sun Mar  8 21:50:08 CET 2026
#@# Smooth2 rh Sun Mar  8 21:58:47 CET 2026
#@# Inflation2 rh Sun Mar  8 21:58:49 CET 2026
#@# Curv .H and .K rh Sun Mar  8 21:59:05 CET 2026
#@# Sphere rh Sun Mar  8 21:59:46 CET 2026
#@# Surf Reg rh Sun Mar  8 22:03:19 CET 2026
#@# Jacobian white rh Sun Mar  8 22:07:52 CET 2026
#@# AvgCurv rh Sun Mar  8 22:07:53 CET 2026
#@# Cortical Parc rh Sun Mar  8 22:07:54 CET 2026
#@# white curv rh Sun Mar  8 22:14:40 CET 2026
#@# white area rh Sun Mar  8 22:14:42 CET 2026
#@# pial curv rh Sun Mar  8 22:14:42 CET 2026
#@# pial area rh Sun Mar  8 22:14:44 CET 2026
#@# thickness rh Sun Mar  8 22:14:44 CET 2026
#@# area and vertex vol rh Sun Mar  8 22:15:06 CET 2026
#@# Curvature Stats rh Sun Mar  8 22:15:07 CET 2026
#@# Cortical Parc 2 rh Sun Mar  8 22:15:09 CET 2026
#@# Cortical Parc 3 rh Sun Mar  8 22:15:21 CET 2026
#@# WM/GM Contrast rh Sun Mar  8 22:15:29 CET 2026
recon-all -s sub-v1s14x0051582_ses-1 finished without error at Sun Mar  8 22:15:32 CET 2026



#New# invocation of recon-all 



status file for recon-all
Sun Mar  8 22:22:10 CET 2026
#@# white curv rh Sun Mar  8 22:22:10 CET 2026
#@# white area rh Sun Mar  8 22:22:10 CET 2026
#@# pial curv rh Sun Mar  8 22:22:10 CET 2026
#@# pial area rh Sun Mar  8 22:22:10 CET 2026
#@# thickness rh Sun Mar  8 22:22:10 CET 2026
#@# area and vertex vol rh Sun Mar  8 22:22:10 CET 2026
#@# Parcellation Stats rh Sun Mar  8 22:22:10 CET 2026
#@# Parcellation Stats 2 rh Sun Mar  8 22:22:28 CET 2026
#@# Parcellation Stats 3 rh Sun Mar  8 22:22:37 CET 2026
#@# BA_exvivo Labels rh Sun Mar  8 22:22:46 CET 2026
recon-all -s sub-v1s14x0051582_ses-1 finished without error at Sun Mar  8 22:24:58 CET 2026
