/out/sourcedata/freesurfer/sub-v1s14x0051573_ses-1/mri
/opt/freesurfer/bin/talairach_avi
--i orig_nu.mgz --xfm transforms/talairach.auto.xfm
talairach_avi 7.3.2
Linux dna067 5.14.0-427.37.1.el9_4.x86_64 #1 SMP PREEMPT_DYNAMIC Fri Sep 13 12:41:50 EDT 2024 x86_64 x86_64 x86_64 GNU/Linux
Sun Mar  8 18:52:13 CET 2026
mri_convert orig_nu.mgz talsrcimg.img 
reading from orig_nu.mgz...
TR=0.00, TE=0.00, TI=0.00, flip angle=0.00
i_ras = (-1, -9.8953e-10, 0)
j_ras = (0, 0, -1)
k_ras = (9.31323e-10, 1, 3.72529e-09)
writing to talsrcimg.img...
Analyze Output Matrix
-1.00000   0.00000   0.00000   127.89450;
-0.00000   0.00000   1.00000  -122.95650;
 0.00000  -1.00000   0.00000   157.81989;
 0.00000   0.00000   0.00000   1.00000;
--------------------
INFO: set hdr.hist.orient to -1
mpr2mni305 talsrcimg
Sun Mar  8 18:52:14 CET 2026
/opt/freesurfer/bin/mpr2mni305 talsrcimg
mpr2mni305 7.3.2
target=711-2C_as_mni_average_305

---------------------------------------------------------------------
analyzeto4dfp talsrcimg -O0 -y
---------------------------------------------------------------------

freesurfer ifh2hdr.c
Sun Mar  8 18:52:14 2026
Writing: talsrcimg.4dfp.hdr
freesurfer analyzeto4dfp.c
Reading: talsrcimg.hdr
header size 348 bytes
hdr.dime.datatype	offset=70	value=2
hdr.dime.bitpix		offset=72	value=8
hdr.hist.orient		offset=252	value=-1
dimensionality     4
dimensions       256       256       256         1
Reading: talsrcimg.img
Writing: talsrcimg.4dfp.img
Writing: talsrcimg.4dfp.ifh
ifh2hdr talsrcimg -r0to250
ori=2

---------------------------------------------------------------------
gauss_4dfp talsrcimg 1.1
---------------------------------------------------------------------

freesurfer gauss_4dfp.c
Reading: talsrcimg.4dfp.img
Writing: talsrcimg_g11.4dfp.img
image dimensions 256 256 256 padded to 288 288 288
processing volume 1freesurfer ifh2hdr.c
Sun Mar  8 18:52:15 2026
Writing: talsrcimg_g11.4dfp.hdr

Writing: talsrcimg_g11.4dfp.ifh
including: talsrcimg.4dfp.img.rec in talsrcimg_g11.4dfp.img.rec

---------------------------------------------------------------------
imgreg_4dfp /opt/freesurfer/average/711-2C_as_mni_average_305 none talsrcimg_g11 none talsrcimg_to_711-2C_as_mni_average_305_t4 4355
---------------------------------------------------------------------

freesurfer imgreg_4dfp.c
/opt/freesurfer/average/711-2C_as_mni_average_305.4dfp.img
       256       256       256         1
  1.000000  1.000000  1.000000
orientation T byte_order littleendian
Reading image: /opt/freesurfer/average/711-2C_as_mni_average_305.4dfp.img
dimensions:      256       256       256
mmppix:       1.0000   -1.0000   -1.0000
center:     128.0000 -129.0000 -129.0000
talsrcimg_g11.4dfp.img
       256       256       256         1
  1.000000  1.000000  1.000000
orientation T byte_order littleendian
Reading image: talsrcimg_g11.4dfp.img
dimensions:      256       256       256
mmppix:       1.0000   -1.0000   -1.0000
center:     128.0000 -129.0000 -129.0000
t4_read: open error in t4_sub.f l:  41 t4_file(1:l)talsrcimg_to_711-2C_as_mni_average_305_t4 
t4_read: transform initialized to I4
rotation matrix determinant  1.000000
image alignment mode   4355 decimal     1103 hex
   -7.5000  -45.0000  -45.0000 8173.1543   20.3289
    0.0000  -45.0000  -45.0000 8527.3574   20.3353
    7.5000  -45.0000  -45.0000 8219.8789   20.2906
   -7.5000  -37.5000  -45.0000 8478.7031   20.2973
    0.0000  -37.5000  -45.0000 8838.1494   20.3090
    7.5000  -37.5000  -45.0000 8492.7695   20.2630
   -7.5000  -30.0000  -45.0000 9042.3232   20.2783
    0.0000  -30.0000  -45.0000 9436.8213   20.2916
    7.5000  -30.0000  -45.0000 9052.2324   20.2473
   -7.5000  -22.5000  -45.0000 9576.6738   20.2954
    0.0000  -22.5000  -45.0000 9962.8545   20.3073
    7.5000  -22.5000  -45.0000 9560.7168   20.2680
   -7.5000  -15.0000  -45.000010030.3994   20.3289
    0.0000  -15.0000  -45.000010422.5078   20.3373
    7.5000  -15.0000  -45.0000 9988.8691   20.2997
   -7.5000   -7.5000  -45.000010440.6396   20.3432
    0.0000   -7.5000  -45.000010819.4814   20.3478
    7.5000   -7.5000  -45.000010393.7197   20.3065
   -7.5000    0.0000  -45.000010789.0615   20.3289
    0.0000    0.0000  -45.000011147.9092   20.3353
    7.5000    0.0000  -45.000010725.6465   20.2906
   -7.5000    7.5000  -45.000010213.4580   20.2973
    0.0000    7.5000  -45.000010562.5449   20.3090
    7.5000    7.5000  -45.000010130.7148   20.2630
   -7.5000   15.0000  -45.0000 9398.4541   20.2783
    0.0000   15.0000  -45.0000 9721.0371   20.2916
    7.5000   15.0000  -45.0000 9346.2607   20.2473
   -7.5000   22.5000  -45.0000 8528.1230   20.2926
    0.0000   22.5000  -45.0000 8848.3223   20.3045
    7.5000   22.5000  -45.0000 8505.9346   20.2652
   -7.5000   30.0000  -45.0000 7722.2261   20.0580
    0.0000   30.0000  -45.0000 8011.3530   20.0663
    7.5000   30.0000  -45.0000 7685.3413   20.0291
   -7.5000   37.5000  -45.0000 7153.4844   20.0721
    0.0000   37.5000  -45.0000 7415.2246   20.0766
    7.5000   37.5000  -45.0000 7120.1177   20.0359
   -7.5000   45.0000  -45.0000 6310.3164   19.5536
    0.0000   45.0000  -45.0000 6527.5039   19.5598
    7.5000   45.0000  -45.0000 6248.1274   19.5168
   -7.5000  -45.0000  -37.5000 8719.4551   20.1421
    0.0000  -45.0000  -37.5000 9109.8555   20.1464
    7.5000  -45.0000  -37.5000 8757.5078   20.1007
   -7.5000  -37.5000  -37.5000 9029.2109   20.1243
    0.0000  -37.5000  -37.5000 9442.0840   20.1312
    7.5000  -37.5000  -37.5000 9036.5303   20.0837
   -7.5000  -30.0000  -37.5000 9622.2041   20.1078
    0.0000  -30.0000  -37.500010054.6406   20.1145
    7.5000  -30.0000  -37.5000 9618.7217   20.0681
   -7.5000  -22.5000  -37.500010178.4766   20.1125
    0.0000  -22.5000  -37.500010621.5635   20.1185
    7.5000  -22.5000  -37.500010166.4951   20.0772
   -7.5000  -15.0000  -37.500010673.3955   20.1326
    0.0000  -15.0000  -37.500011116.0840   20.1374
    7.5000  -15.0000  -37.500010632.3564   20.0982
   -7.5000   -7.5000  -37.500011133.7314   20.1456
    0.0000   -7.5000  -37.500011564.3779   20.1486
    7.5000   -7.5000  -37.500011081.8838   20.1061
   -7.5000    0.0000  -37.500011481.6191   20.1421
    0.0000    0.0000  -37.500011914.0840   20.1464
    7.5000    0.0000  -37.500011416.7207   20.1007
   -7.5000    7.5000  -37.500010853.8066   20.1243
    0.0000    7.5000  -37.500011281.4297   20.1312
    7.5000    7.5000  -37.500010807.7051   20.0837
   -7.5000   15.0000  -37.5000 9999.9062   20.1078
    0.0000   15.0000  -37.500010371.0107   20.1145
    7.5000   15.0000  -37.5000 9950.5352   20.0681
   -7.5000   22.5000  -37.5000 9078.7520   20.1097
    0.0000   22.5000  -37.5000 9413.9658   20.1158
    7.5000   22.5000  -37.5000 9049.9619   20.0744
   -7.5000   30.0000  -37.5000 8188.4087   19.8643
    0.0000   30.0000  -37.5000 8476.3398   19.8691
    7.5000   30.0000  -37.5000 8145.2925   19.8304
   -7.5000   37.5000  -37.5000 7585.5913   19.8771
    0.0000   37.5000  -37.5000 7860.4307   19.8801
    7.5000   37.5000  -37.5000 7543.8242   19.8381
   -7.5000   45.0000  -37.5000 6677.1587   19.3738
    0.0000   45.0000  -37.5000 6903.4487   19.3780
    7.5000   45.0000  -37.5000 6610.8691   19.3340
   -7.5000  -45.0000  -30.0000 9459.5654   20.8500
    0.0000  -45.0000  -30.0000 9933.7520   20.8487
    7.5000  -45.0000  -30.0000 9507.8926   20.8038
   -7.5000  -37.5000  -30.0000 9788.6650   20.8387
    0.0000  -37.5000  -30.000010270.1094   20.8430
    7.5000  -37.5000  -30.0000 9803.7109   20.7953
   -7.5000  -30.0000  -30.000010418.3662   20.8252
    0.0000  -30.0000  -30.000010913.7949   20.8320
    7.5000  -30.0000  -30.000010418.6514   20.7866
   -7.5000  -22.5000  -30.000011022.3916   20.8267
    0.0000  -22.5000  -30.000011541.7568   20.8320
    7.5000  -22.5000  -30.000011012.1387   20.7935
   -7.5000  -15.0000  -30.000011541.2061   20.8413
    0.0000  -15.0000  -30.000012059.6836   20.8422
    7.5000  -15.0000  -30.000011497.9219   20.8070
   -7.5000   -7.5000  -30.000012003.8164   20.8510
    0.0000   -7.5000  -30.000012550.3994   20.8479
    7.5000   -7.5000  -30.000011980.9287   20.8086
   -7.5000    0.0000  -30.000012398.1621   20.8500
    0.0000    0.0000  -30.000012951.6689   20.8487
    7.5000    0.0000  -30.000012365.3125   20.8038
   -7.5000    7.5000  -30.000011724.6484   20.8387
    0.0000    7.5000  -30.000012225.2451   20.8430
    7.5000    7.5000  -30.000011689.2061   20.7953
   -7.5000   15.0000  -30.000010782.8330   20.8252
    0.0000   15.0000  -30.000011212.7100   20.8320
    7.5000   15.0000  -30.000010741.2959   20.7866
   -7.5000   22.5000  -30.0000 9781.0098   20.8217
    0.0000   22.5000  -30.000010164.0459   20.8270
    7.5000   22.5000  -30.0000 9752.1582   20.7885
   -7.5000   30.0000  -30.0000 8791.3379   20.5655
    0.0000   30.0000  -30.0000 9144.0986   20.5664
    7.5000   30.0000  -30.0000 8770.2588   20.5316
   -7.5000   37.5000  -30.0000 8148.8267   20.5751
    0.0000   37.5000  -30.0000 8429.9248   20.5720
    7.5000   37.5000  -30.0000 8094.6182   20.5333
   -7.5000   45.0000  -30.0000 7153.1821   20.0694
    0.0000   45.0000  -30.0000 7381.9600   20.0681
    7.5000   45.0000  -30.0000 7096.9341   20.0249
   -7.5000  -45.0000  -22.500010230.4199   21.4736
    0.0000  -45.0000  -22.500010767.9697   21.4739
    7.5000  -45.0000  -22.500010259.7441   21.4323
   -7.5000  -37.5000  -22.500010591.9805   21.4616
    0.0000  -37.5000  -22.500011120.7090   21.4715
    7.5000  -37.5000  -22.500010593.1592   21.4246
   -7.5000  -30.0000  -22.500011275.2227   21.4514
    0.0000  -30.0000  -22.500011819.2129   21.4664
    7.5000  -30.0000  -22.500011246.8018   21.4219
   -7.5000  -22.5000  -22.500011903.8018   21.4564
    0.0000  -22.5000  -22.500012472.2705   21.4680
    7.5000  -22.5000  -22.500011857.8359   21.4326
   -7.5000  -15.0000  -22.500012435.4814   21.4708
    0.0000  -15.0000  -22.500013028.4346   21.4742
    7.5000  -15.0000  -22.500012414.3965   21.4447
   -7.5000   -7.5000  -22.500012932.0996   21.4776
    0.0000   -7.5000  -22.500013536.7627   21.4749
    7.5000   -7.5000  -22.500012932.8418   21.4415
   -7.5000    0.0000  -22.500013316.1904   21.4736
    0.0000    0.0000  -22.500013946.4551   21.4739
    7.5000    0.0000  -22.500013297.5283   21.4323
   -7.5000    7.5000  -22.500012583.8389   21.4616
    0.0000    7.5000  -22.500013143.1943   21.4715
    7.5000    7.5000  -22.500012550.3018   21.4246
   -7.5000   15.0000  -22.500011563.8135   21.4514
    0.0000   15.0000  -22.500012045.9980   21.4664
    7.5000   15.0000  -22.500011540.9160   21.4219
   -7.5000   22.5000  -22.500010457.5127   21.4498
    0.0000   22.5000  -22.500010867.8652   21.4613
    7.5000   22.5000  -22.500010429.1191   21.4260
   -7.5000   30.0000  -22.5000 9387.5107   21.1899
    0.0000   30.0000  -22.5000 9757.7432   21.1933
    7.5000   30.0000  -22.5000 9354.8740   21.1642
   -7.5000   37.5000  -22.5000 8700.1221   21.1967
    0.0000   37.5000  -22.5000 9026.2158   21.1940
    7.5000   37.5000  -22.5000 8637.4717   21.1610
   -7.5000   45.0000  -22.5000 7631.5156   20.6850
    0.0000   45.0000  -22.5000 7863.8076   20.6854
    7.5000   45.0000  -22.5000 7556.3364   20.6452
   -7.5000  -45.0000  -15.000011058.0195   21.9778
    0.0000  -45.0000  -15.000011611.2402   21.9837
    7.5000  -45.0000  -15.000011055.4414   21.9426
   -7.5000  -37.5000  -15.000011438.6270   21.9576
    0.0000  -37.5000  -15.000011986.4336   21.9752
    7.5000  -37.5000  -15.000011404.9766   21.9277
   -7.5000  -30.0000  -15.000012164.9707   21.9483
    0.0000  -30.0000  -15.000012732.6533   21.9717
    7.5000  -30.0000  -15.000012097.5850   21.9261
   -7.5000  -22.5000  -15.000012819.8242   21.9621
    0.0000  -22.5000  -15.000013405.1416   21.9808
    7.5000  -22.5000  -15.000012714.3076   21.9453
   -7.5000  -15.0000  -15.000013391.1123   21.9831
    0.0000  -15.0000  -15.000014000.7305   21.9921
    7.5000  -15.0000  -15.000013333.8467   21.9638
   -7.5000   -7.5000  -15.000013914.1240   21.9894
    0.0000   -7.5000  -15.000014553.6416   21.9913
    7.5000   -7.5000  -15.000013880.1836   21.9596
   -7.5000    0.0000  -15.000014256.6875   21.9778
    0.0000    0.0000  -15.000014944.2412   21.9837
    7.5000    0.0000  -15.000014219.1680   21.9426
   -7.5000    7.5000  -15.000013470.2598   21.9576
    0.0000    7.5000  -15.000014067.7666   21.9752
    7.5000    7.5000  -15.000013398.0420   21.9277
   -7.5000   15.0000  -15.000012401.7783   21.9483
    0.0000   15.0000  -15.000012935.5811   21.9717
    7.5000   15.0000  -15.000012329.1016   21.9261
   -7.5000   22.5000  -15.000011188.3721   21.9543
    0.0000   22.5000  -15.000011623.6836   21.9730
    7.5000   22.5000  -15.000011137.5381   21.9375
   -7.5000   30.0000  -15.000010000.3018   21.6986
    0.0000   30.0000  -15.000010387.3809   21.7074
    7.5000   30.0000  -15.0000 9941.6074   21.6795
   -7.5000   37.5000  -15.0000 9237.5420   21.7048
    0.0000   37.5000  -15.0000 9590.7900   21.7067
    7.5000   37.5000  -15.0000 9164.9629   21.6754
   -7.5000   45.0000  -15.0000 8103.3550   21.1836
    0.0000   45.0000  -15.0000 8364.1572   21.1893
    7.5000   45.0000  -15.0000 8029.6890   21.1497
   -7.5000  -45.0000   -7.500011918.4268   22.2469
    0.0000  -45.0000   -7.500012506.1172   22.2559
    7.5000  -45.0000   -7.500011915.0566   22.2104
   -7.5000  -37.5000   -7.500012291.8799   22.2170
    0.0000  -37.5000   -7.500012904.3398   22.2355
    7.5000  -37.5000   -7.500012277.1436   22.1856
   -7.5000  -30.0000   -7.500013030.1094   22.2015
    0.0000  -30.0000   -7.500013668.8359   22.2243
    7.5000  -30.0000   -7.500012980.3145   22.1766
   -7.5000  -22.5000   -7.500013743.8311   22.2194
    0.0000  -22.5000   -7.500014405.1777   22.2388
    7.5000  -22.5000   -7.500013649.7344   22.1995
   -7.5000  -15.0000   -7.500014386.3340   22.2498
    0.0000  -15.0000   -7.500015066.5098   22.2617
    7.5000  -15.0000   -7.500014285.1416   22.2277
   -7.5000   -7.5000   -7.500014958.9775   22.2616
    0.0000   -7.5000   -7.500015645.2363   22.2674
    7.5000   -7.5000   -7.500014846.0283   22.2294
   -7.5000    0.0000   -7.500015293.9219   22.2469
    0.0000    0.0000   -7.500015967.7891   22.2559
    7.5000    0.0000   -7.500015145.0693   22.2104
   -7.5000    7.5000   -7.500014407.7510   22.2170
    0.0000    7.5000   -7.500015003.5801   22.2355
    7.5000    7.5000   -7.500014249.6914   22.1856
   -7.5000   15.0000   -7.500013247.5752   22.2015
    0.0000   15.0000   -7.500013780.0430   22.2243
    7.5000   15.0000   -7.500013126.7871   22.1766
   -7.5000   22.5000   -7.500011964.2246   22.2092
    0.0000   22.5000   -7.500012424.8906   22.2285
    7.5000   22.5000   -7.500011864.8662   22.1892
   -7.5000   30.0000   -7.500010673.6963   21.9613
    0.0000   30.0000   -7.500011073.8398   21.9730
    7.5000   30.0000   -7.500010575.7227   21.9394
   -7.5000   37.5000   -7.5000 9864.1543   21.9729
    0.0000   37.5000   -7.500010225.5576   21.9787
    7.5000   37.5000   -7.5000 9740.3799   21.9411
   -7.5000   45.0000   -7.5000 8633.9102   21.4471
    0.0000   45.0000   -7.5000 8938.2617   21.4557
    7.5000   45.0000   -7.5000 8541.4736   21.4119
   -7.5000  -45.0000    0.000012755.5498   22.3126
    0.0000  -45.0000    0.000013367.6523   22.3216
    7.5000  -45.0000    0.000012727.7168   22.2721
   -7.5000  -37.5000    0.000013127.8145   22.2802
    0.0000  -37.5000    0.000013766.3711   22.2945
    7.5000  -37.5000    0.000013108.8789   22.2434
   -7.5000  -30.0000    0.000013864.0254   22.2592
    0.0000  -30.0000    0.000014538.6045   22.2745
    7.5000  -30.0000    0.000013820.9629   22.2256
   -7.5000  -22.5000    0.000014614.1045   22.2746
    0.0000  -22.5000    0.000015293.9629   22.2882
    7.5000  -22.5000    0.000014507.9580   22.2452
   -7.5000  -15.0000    0.000015329.3271   22.3083
    0.0000  -15.0000    0.000016006.0977   22.3185
    7.5000  -15.0000    0.000015162.2197   22.2776
   -7.5000   -7.5000    0.000015952.1494   22.3250
    0.0000   -7.5000    0.000016618.7852   22.3318
    7.5000   -7.5000    0.000015753.1406   22.2866
   -7.5000    0.0000    0.000016273.0938   22.3126
    0.0000    0.0000    0.000016893.8633   22.3216
    7.5000    0.0000    0.000016034.7529   22.2721
   -7.5000    7.5000    0.000015280.5781   22.2802
    0.0000    7.5000    0.000015836.9824   22.2945
    7.5000    7.5000    0.000015037.9375   22.2434
   -7.5000   15.0000    0.000014077.5635   22.2592
    0.0000   15.0000    0.000014627.0811   22.2745
    7.5000   15.0000    0.000013905.2402   22.2256
   -7.5000   22.5000    0.000012704.0430   22.2644
    0.0000   22.5000    0.000013217.3057   22.2779
    7.5000   22.5000    0.000012565.8955   22.2349
   -7.5000   30.0000    0.000011338.3848   22.0196
    0.0000   30.0000    0.000011787.7334   22.0296
    7.5000   30.0000    0.000011187.9775   21.9893
   -7.5000   37.5000    0.000010474.3965   22.0361
    0.0000   37.5000    0.000010858.9238   22.0428
    7.5000   37.5000    0.000010303.8838   21.9982
   -7.5000   45.0000    0.0000 9175.7988   21.5120
    0.0000   45.0000    0.0000 9479.0508   21.5207
    7.5000   45.0000    0.0000 9019.0859   21.4730
   -7.5000  -45.0000    7.500012555.8418   22.3219
    0.0000  -45.0000    7.500013154.8164   22.3261
    7.5000  -45.0000    7.500012517.3535   22.2758
   -7.5000  -37.5000    7.500012965.1338   22.3000
    0.0000  -37.5000    7.500013599.8223   22.3076
    7.5000  -37.5000    7.500012926.1221   22.2560
   -7.5000  -30.0000    7.500013712.3594   22.2805
    0.0000  -30.0000    7.500014330.6133   22.2881
    7.5000  -30.0000    7.500013626.0420   22.2384
   -7.5000  -22.5000    7.500014401.5605   22.2873
    0.0000  -22.5000    7.500014965.1953   22.2938
    7.5000  -22.5000    7.500014252.4609   22.2495
   -7.5000  -15.0000    7.500015143.0596   22.3119
    0.0000  -15.0000    7.500015653.1172   22.3165
    7.5000  -15.0000    7.500014914.5059   22.2738
   -7.5000   -7.5000    7.500015782.0664   22.3270
    0.0000   -7.5000    7.500016329.4365   22.3294
    7.5000   -7.5000    7.500015531.1924   22.2825
   -7.5000    0.0000    7.500016063.8291   22.3219
    0.0000    0.0000    7.500016632.0684   22.3261
    7.5000    0.0000    7.500015821.5615   22.2758
   -7.5000    7.5000    7.500015028.7588   22.3000
    0.0000    7.5000    7.500015567.2246   22.3076
    7.5000    7.5000    7.500014789.8350   22.2560
   -7.5000   15.0000    7.500013863.3799   22.2805
    0.0000   15.0000    7.500014385.5576   22.2881
    7.5000   15.0000    7.500013655.0898   22.2384
   -7.5000   22.5000    7.500012541.4717   22.2770
    0.0000   22.5000    7.500013038.9658   22.2835
    7.5000   22.5000    7.500012388.3447   22.2392
   -7.5000   30.0000    7.500011197.5400   22.0231
    0.0000   30.0000    7.500011635.4756   22.0277
    7.5000   30.0000    7.500011039.8926   21.9855
   -7.5000   37.5000    7.500010326.6094   22.0381
    0.0000   37.5000    7.500010702.2295   22.0404
    7.5000   37.5000    7.500010158.6582   21.9941
   -7.5000   45.0000    7.5000 9037.3662   21.5210
    0.0000   45.0000    7.5000 9319.7100   21.5251
    7.5000   45.0000    7.5000 8865.6309   21.4765
   -7.5000  -45.0000   15.000012189.5537   22.3119
    0.0000  -45.0000   15.000012725.9785   22.3104
    7.5000  -45.0000   15.000012150.9717   22.2623
   -7.5000  -37.5000   15.000012656.9053   22.3002
    0.0000  -37.5000   15.000013224.4648   22.3046
    7.5000  -37.5000   15.000012613.6963   22.2535
   -7.5000  -30.0000   15.000013531.5781   22.2850
    0.0000  -30.0000   15.000014098.0107   22.2921
    7.5000  -30.0000   15.000013442.3232   22.2435
   -7.5000  -22.5000   15.000014285.4072   22.2855
    0.0000  -22.5000   15.000014791.3789   22.2909
    7.5000  -22.5000   15.000014102.4199   22.2496
   -7.5000  -15.0000   15.000014923.8047   22.3006
    0.0000  -15.0000   15.000015417.8105   22.3013
    7.5000  -15.0000   15.000014687.6572   22.2634
   -7.5000   -7.5000   15.000015457.8389   22.3117
    0.0000   -7.5000   15.000016037.3730   22.3083
    7.5000   -7.5000   15.000015273.9668   22.2661
   -7.5000    0.0000   15.000015664.7803   22.3119
    0.0000    0.0000   15.000016267.7275   22.3104
    7.5000    0.0000   15.000015470.1367   22.2623
   -7.5000    7.5000   15.000014612.1289   22.3002
    0.0000    7.5000   15.000015174.9326   22.3046
    7.5000    7.5000   15.000014406.4092   22.2535
   -7.5000   15.0000   15.000013459.5225   22.2850
    0.0000   15.0000   15.000013987.1738   22.2921
    7.5000   15.0000   15.000013268.2559   22.2435
   -7.5000   22.5000   15.000012180.3008   22.2753
    0.0000   22.5000   15.000012677.3389   22.2806
    7.5000   22.5000   15.000012031.7119   22.2393
   -7.5000   30.0000   15.000010886.3936   22.0120
    0.0000   30.0000   15.000011309.0703   22.0127
    7.5000   30.0000   15.000010737.0254   21.9752
   -7.5000   37.5000   15.000010026.2783   22.0230
    0.0000   37.5000   15.000010398.6016   22.0196
    7.5000   37.5000   15.0000 9866.7148   21.9779
   -7.5000   45.0000   15.0000 8764.0244   21.5113
    0.0000   45.0000   15.0000 9068.2197   21.5098
    7.5000   45.0000   15.0000 8616.3340   21.4634
   -7.5000  -45.0000   22.500011696.0518   22.2901
    0.0000  -45.0000   22.500012186.7646   22.2904
    7.5000  -45.0000   22.500011674.8408   22.2472
   -7.5000  -37.5000   22.500012187.4590   22.2775
    0.0000  -37.5000   22.500012736.2939   22.2878
    7.5000  -37.5000   22.500012151.5225   22.2392
   -7.5000  -30.0000   22.500013125.1523   22.2668
    0.0000  -30.0000   22.500013799.7041   22.2825
    7.5000  -30.0000   22.500013075.0957   22.2362
   -7.5000  -22.5000   22.500013868.4023   22.2721
    0.0000  -22.5000   22.500014576.8936   22.2841
    7.5000  -22.5000   22.500013807.7109   22.2474
   -7.5000  -15.0000   22.500014391.7266   22.2871
    0.0000  -15.0000   22.500015072.9277   22.2906
    7.5000  -15.0000   22.500014320.5059   22.2599
   -7.5000   -7.5000   22.500014851.6660   22.2943
    0.0000   -7.5000   22.500015538.2412   22.2914
    7.5000   -7.5000   22.500014778.9141   22.2567
   -7.5000    0.0000   22.500015080.1240   22.2901
    0.0000    0.0000   22.500015708.2734   22.2904
    7.5000    0.0000   22.500014942.0312   22.2472
   -7.5000    7.5000   22.500014076.6855   22.2775
    0.0000    7.5000   22.500014612.1963   22.2878
    7.5000    7.5000   22.500013905.4766   22.2392
   -7.5000   15.0000   22.500012955.1045   22.2668
    0.0000   15.0000   22.500013453.9541   22.2825
    7.5000   15.0000   22.500012807.2314   22.2362
   -7.5000   22.5000   22.500011712.5459   22.2618
    0.0000   22.5000   22.500012175.9199   22.2738
    7.5000   22.5000   22.500011602.8682   22.2371
   -7.5000   30.0000   22.500010467.6357   21.9987
    0.0000   30.0000   22.500010871.8623   22.0021
    7.5000   30.0000   22.500010363.3252   21.9719
   -7.5000   37.5000   22.5000 9654.6406   22.0058
    0.0000   37.5000   22.5000 9997.4756   22.0029
    7.5000   37.5000   22.5000 9513.9473   21.9687
   -7.5000   45.0000   22.5000 8434.9883   21.4902
    0.0000   45.0000   22.5000 8726.8320   21.4905
    7.5000   45.0000   22.5000 8311.3984   21.4488
   -7.5000  -45.0000   30.000011152.4619   22.2794
    0.0000  -45.0000   30.000011647.9600   22.2854
    7.5000  -45.0000   30.000011133.5918   22.2438
   -7.5000  -37.5000   30.000011595.5391   22.2589
    0.0000  -37.5000   30.000012129.7266   22.2767
    7.5000  -37.5000   30.000011565.6387   22.2286
   -7.5000  -30.0000   30.000012437.5078   22.2495
    0.0000  -30.0000   30.000013032.6035   22.2732
    7.5000  -30.0000   30.000012403.1006   22.2270
   -7.5000  -22.5000   30.000013037.9561   22.2635
    0.0000  -22.5000   30.000013624.1572   22.2825
    7.5000  -22.5000   30.000013049.2256   22.2464
   -7.5000  -15.0000   30.000013580.5293   22.2848
    0.0000  -15.0000   30.000014154.4873   22.2939
    7.5000  -15.0000   30.000013573.0088   22.2652
   -7.5000   -7.5000   30.000014121.0439   22.2911
    0.0000   -7.5000   30.000014685.3652   22.2931
    7.5000   -7.5000   30.000014072.8906   22.2610
   -7.5000    0.0000   30.000014378.5234   22.2794
    0.0000    0.0000   30.000014908.3750   22.2854
    7.5000    0.0000   30.000014262.7139   22.2438
   -7.5000    7.5000   30.000013389.7607   22.2589
    0.0000    7.5000   30.000013866.6875   22.2767
    7.5000    7.5000   30.000013251.2168   22.2286
   -7.5000   15.0000   30.000012270.2041   22.2495
    0.0000   15.0000   30.000012722.4326   22.2732
    7.5000   15.0000   30.000012149.8633   22.2270
   -7.5000   22.5000   30.000011098.8721   22.2532
    0.0000   22.5000   30.000011522.8428   22.2722
    7.5000   22.5000   30.000010987.1465   22.2362
   -7.5000   30.0000   30.0000 9912.6572   21.9964
    0.0000   30.0000   30.000010287.1133   22.0054
    7.5000   30.0000   30.0000 9794.1035   21.9771
   -7.5000   37.5000   30.0000 9110.0830   22.0026
    0.0000   37.5000   30.0000 9455.9336   22.0046
    7.5000   37.5000   30.0000 9003.1494   21.9729
   -7.5000   45.0000   30.0000 7963.1587   21.4800
    0.0000   45.0000   30.0000 8250.3242   21.4857
    7.5000   45.0000   30.0000 7878.0791   21.4456
   -7.5000  -45.0000   37.500010897.5225   22.3052
    0.0000  -45.0000   37.500011375.9375   22.3142
    7.5000  -45.0000   37.500010866.1035   22.2689
   -7.5000  -37.5000   37.500011311.5576   22.2750
    0.0000  -37.5000   37.500011830.3760   22.2936
    7.5000  -37.5000   37.500011293.6221   22.2439
   -7.5000  -30.0000   37.500012080.3613   22.2596
    0.0000  -30.0000   37.500012659.8301   22.2825
    7.5000  -30.0000   37.500012107.8008   22.2351
   -7.5000  -22.5000   37.500012664.2773   22.2779
    0.0000  -22.5000   37.500013223.5371   22.2973
    7.5000  -22.5000   37.500012714.2061   22.2582
   -7.5000  -15.0000   37.500013276.3916   22.3086
    0.0000  -15.0000   37.500013804.9971   22.3205
    7.5000  -15.0000   37.500013241.6807   22.2865
   -7.5000   -7.5000   37.500013883.0303   22.3203
    0.0000   -7.5000   37.500014398.7852   22.3261
    7.5000   -7.5000   37.500013784.0303   22.2881
   -7.5000    0.0000   37.500014136.8037   22.3052
    0.0000    0.0000   37.500014629.1221   22.3142
    7.5000    0.0000   37.500014009.2520   22.2689
   -7.5000    7.5000   37.500013116.0791   22.2750
    0.0000    7.5000   37.500013561.6807   22.2936
    7.5000    7.5000   37.500012982.6250   22.2439
   -7.5000   15.0000   37.500011978.2422   22.2596
    0.0000   15.0000   37.500012414.7881   22.2825
    7.5000   15.0000   37.500011863.8145   22.2351
   -7.5000   22.5000   37.500010832.5303   22.2676
    0.0000   22.5000   37.500011238.6641   22.2871
    7.5000   22.5000   37.500010743.2324   22.2479
   -7.5000   30.0000   37.5000 9656.4492   22.0199
    0.0000   30.0000   37.500010032.1299   22.0317
    7.5000   30.0000   37.5000 9582.3857   21.9981
   -7.5000   37.5000   37.5000 8864.2910   22.0314
    0.0000   37.5000   37.5000 9203.3701   22.0372
    7.5000   37.5000   37.5000 8790.5781   21.9997
   -7.5000   45.0000   37.5000 7761.1826   21.5049
    0.0000   45.0000   37.5000 8043.3804   21.5136
    7.5000   45.0000   37.5000 7690.6201   21.4699
   -7.5000  -45.0000   45.000010146.7949   22.4327
    0.0000  -45.0000   45.000010596.9590   22.4422
    7.5000  -45.0000   45.000010127.6748   22.3916
   -7.5000  -37.5000   45.000010547.7920   22.3987
    0.0000  -37.5000   45.000011032.5146   22.4137
    7.5000  -37.5000   45.000010537.5996   22.3617
   -7.5000  -30.0000   45.000011258.8994   22.3757
    0.0000  -30.0000   45.000011778.0508   22.3916
    7.5000  -30.0000   45.000011277.3438   22.3419
   -7.5000  -22.5000   45.000011816.2852   22.3910
    0.0000  -22.5000   45.000012323.7305   22.4047
    7.5000  -22.5000   45.000011827.1562   22.3609
   -7.5000  -15.0000   45.000012375.4570   22.4260
    0.0000  -15.0000   45.000012901.4141   22.4362
    7.5000  -15.0000   45.000012334.2646   22.3943
   -7.5000   -7.5000   45.000012945.1562   22.4445
    0.0000   -7.5000   45.000013479.6016   22.4514
    7.5000   -7.5000   45.000012875.9854   22.4051
   -7.5000    0.0000   45.000013206.9189   22.4327
    0.0000    0.0000   45.000013727.1055   22.4422
    7.5000    0.0000   45.000013119.4043   22.3916
   -7.5000    7.5000   45.000012249.6396   22.3987
    0.0000    7.5000   45.000012702.6963   22.4137
    7.5000    7.5000   45.000012168.9971   22.3617
   -7.5000   15.0000   45.000011201.0820   22.3757
    0.0000   15.0000   45.000011625.7656   22.3916
    7.5000   15.0000   45.000011116.4473   22.3419
   -7.5000   22.5000   45.000010144.5137   22.3806
    0.0000   22.5000   45.000010526.0645   22.3943
    7.5000   22.5000   45.000010063.5000   22.3505
   -7.5000   30.0000   45.0000 9041.4453   22.1339
    0.0000   30.0000   45.0000 9374.5400   22.1439
    7.5000   30.0000   45.0000 8972.8711   22.1026
   -7.5000   37.5000   45.0000 8264.6797   22.1521
    0.0000   37.5000   45.0000 8548.6992   22.1589
    7.5000   37.5000   45.0000 8192.4678   22.1132
   -7.5000   45.0000   45.0000 7226.4009   21.6377
    0.0000   45.0000   45.0000 7457.7998   21.6469
    7.5000   45.0000   45.0000 7168.0068   21.5981

---------------------------------------------------------------------
imgreg_4dfp /opt/freesurfer/average/711-2C_as_mni_average_305 /opt/freesurfer/average/711-2B_as_mni_average_305_mask talsrcimg_g11 none talsrcimg_to_711-2C_as_mni_average_305_t4 4355
---------------------------------------------------------------------

freesurfer imgreg_4dfp.c
/opt/freesurfer/average/711-2C_as_mni_average_305.4dfp.img
       256       256       256         1
  1.000000  1.000000  1.000000
orientation T byte_order littleendian
Reading image: /opt/freesurfer/average/711-2C_as_mni_average_305.4dfp.img
dimensions:      256       256       256
mmppix:       1.0000   -1.0000   -1.0000
center:     128.0000 -129.0000 -129.0000
/opt/freesurfer/average/711-2B_as_mni_average_305_mask.4dfp.img
       256       256       256         1
  1.000000  1.000000  1.000000
orientation T byte_order littleendian
Reading mask: /opt/freesurfer/average/711-2B_as_mni_average_305_mask.4dfp.img (2306576 pixels)
talsrcimg_g11.4dfp.img
       256       256       256         1
  1.000000  1.000000  1.000000
orientation T byte_order littleendian
Reading image: talsrcimg_g11.4dfp.img
dimensions:      256       256       256
mmppix:       1.0000   -1.0000   -1.0000
center:     128.0000 -129.0000 -129.0000
rotation matrix determinant  1.000000
image alignment mode   4355 decimal     1103 hex
   -7.5000  -45.0000  -45.0000 2097.9827   20.9903
    0.0000  -45.0000  -45.0000 2119.5305   20.8144
    7.5000  -45.0000  -45.0000 2119.5024   20.9718
   -7.5000  -37.5000  -45.0000 2145.0930   20.1498
    0.0000  -37.5000  -45.0000 2165.2810   19.9407
    7.5000  -37.5000  -45.0000 2157.4963   20.1266
   -7.5000  -30.0000  -45.0000 2159.6863   19.7905
    0.0000  -30.0000  -45.0000 2186.2397   19.5457
    7.5000  -30.0000  -45.0000 2174.6870   19.6801
   -7.5000  -22.5000  -45.0000 2154.8953   19.9159
    0.0000  -22.5000  -45.0000 2174.0061   19.6640
    7.5000  -22.5000  -45.0000 2162.2244   19.8196
   -7.5000  -15.0000  -45.0000 2130.9924   20.4406
    0.0000  -15.0000  -45.0000 2151.4963   20.2125
    7.5000  -15.0000  -45.0000 2131.4531   20.3853
   -7.5000   -7.5000  -45.0000 2081.8765   21.3657
    0.0000   -7.5000  -45.0000 2106.6404   21.0809
    7.5000   -7.5000  -45.0000 2090.9233   21.2743
   -7.5000    0.0000  -45.0000 2026.1665   22.6098
    0.0000    0.0000  -45.0000 2050.3813   22.3067
    7.5000    0.0000  -45.0000 2036.5024   22.5418
   -7.5000    7.5000  -45.0000 1961.5161   24.3518
    0.0000    7.5000  -45.0000 1987.3702   23.9803
    7.5000    7.5000  -45.0000 1966.2465   24.2757
   -7.5000   15.0000  -45.0000 1874.5880   26.7300
    0.0000   15.0000  -45.0000 1894.8673   26.3546
    7.5000   15.0000  -45.0000 1879.0959   26.7127
   -7.5000   22.5000  -45.0000 1775.3971   29.9166
    0.0000   22.5000  -45.0000 1793.2335   29.4932
    7.5000   22.5000  -45.0000 1776.1777   29.9049
   -7.5000   30.0000  -45.0000 1676.6423   34.4206
    0.0000   30.0000  -45.0000 1693.3798   33.8207
    7.5000   30.0000  -45.0000 1671.9529   34.2169
   -7.5000   37.5000  -45.0000 1564.3105   40.3550
    0.0000   37.5000  -45.0000 1577.4309   39.5234
    7.5000   37.5000  -45.0000 1562.1338   39.9264
   -7.5000   45.0000  -45.0000 1452.8010   48.3638
    0.0000   45.0000  -45.0000 1468.7246   47.7235
    7.5000   45.0000  -45.0000 1444.6228   48.2750
   -7.5000  -45.0000  -37.5000 2194.8735   19.2735
    0.0000  -45.0000  -37.5000 2214.5012   19.0874
    7.5000  -45.0000  -37.5000 2215.0977   19.2126
   -7.5000  -37.5000  -37.5000 2242.7236   18.4425
    0.0000  -37.5000  -37.5000 2264.7830   18.2694
    7.5000  -37.5000  -37.5000 2254.3733   18.4023
   -7.5000  -30.0000  -37.5000 2261.7856   18.0672
    0.0000  -30.0000  -37.5000 2285.4812   17.8672
    7.5000  -30.0000  -37.5000 2274.1982   17.9730
   -7.5000  -22.5000  -37.5000 2258.6890   18.1000
    0.0000  -22.5000  -37.5000 2284.0493   17.8902
    7.5000  -22.5000  -37.5000 2269.0784   18.0055
   -7.5000  -15.0000  -37.5000 2241.0286   18.5681
    0.0000  -15.0000  -37.5000 2263.1526   18.3169
    7.5000  -15.0000  -37.5000 2244.1704   18.4857
   -7.5000   -7.5000  -37.5000 2195.8914   19.3950
    0.0000   -7.5000  -37.5000 2218.7925   19.1550
    7.5000   -7.5000  -37.5000 2201.8882   19.3208
   -7.5000    0.0000  -37.5000 2136.8586   20.5198
    0.0000    0.0000  -37.5000 2159.5779   20.2971
    7.5000    0.0000  -37.5000 2139.0076   20.4783
   -7.5000    7.5000  -37.5000 2062.8088   22.0740
    0.0000    7.5000  -37.5000 2085.9541   21.7913
    7.5000    7.5000  -37.5000 2067.1980   22.0337
   -7.5000   15.0000  -37.5000 1975.7257   24.1888
    0.0000   15.0000  -37.5000 1991.6143   23.8591
    7.5000   15.0000  -37.5000 1973.7297   24.1524
   -7.5000   22.5000  -37.5000 1870.8888   27.0101
    0.0000   22.5000  -37.5000 1883.7654   26.6599
    7.5000   22.5000  -37.5000 1867.8529   27.0049
   -7.5000   30.0000  -37.5000 1758.5753   30.9594
    0.0000   30.0000  -37.5000 1769.9108   30.5236
    7.5000   30.0000  -37.5000 1755.3142   30.8411
   -7.5000   37.5000  -37.5000 1641.2739   36.0630
    0.0000   37.5000  -37.5000 1656.2827   35.4943
    7.5000   37.5000  -37.5000 1640.9149   35.7788
   -7.5000   45.0000  -37.5000 1517.0619   43.0821
    0.0000   45.0000  -37.5000 1534.0537   42.4964
    7.5000   45.0000  -37.5000 1511.9232   43.0631
   -7.5000  -45.0000  -30.0000 2340.7000   18.3561
    0.0000  -45.0000  -30.0000 2366.9492   18.2320
    7.5000  -45.0000  -30.0000 2356.3940   18.3572
   -7.5000  -37.5000  -30.0000 2385.3457   17.5801
    0.0000  -37.5000  -30.0000 2412.3801   17.4510
    7.5000  -37.5000  -30.0000 2398.6331   17.5734
   -7.5000  -30.0000  -30.0000 2407.6440   17.1706
    0.0000  -30.0000  -30.0000 2435.2444   17.0102
    7.5000  -30.0000  -30.0000 2422.7212   17.1092
   -7.5000  -22.5000  -30.0000 2411.8557   17.1485
    0.0000  -22.5000  -30.0000 2437.5608   16.9626
    7.5000  -22.5000  -30.0000 2422.4290   17.0665
   -7.5000  -15.0000  -30.0000 2390.6548   17.4925
    0.0000  -15.0000  -30.0000 2417.0898   17.3093
    7.5000  -15.0000  -30.0000 2396.7439   17.4682
   -7.5000   -7.5000  -30.0000 2344.1548   18.2626
    0.0000   -7.5000  -30.0000 2368.9070   18.0672
    7.5000   -7.5000  -30.0000 2349.7075   18.2103
   -7.5000    0.0000  -30.0000 2283.3542   19.3382
    0.0000    0.0000  -30.0000 2308.9487   19.1694
    7.5000    0.0000  -30.0000 2287.1216   19.3174
   -7.5000    7.5000  -30.0000 2206.1145   20.7342
    0.0000    7.5000  -30.0000 2226.9685   20.5375
    7.5000    7.5000  -30.0000 2206.4238   20.7307
   -7.5000   15.0000  -30.0000 2104.3940   22.6312
    0.0000   15.0000  -30.0000 2122.4385   22.3713
    7.5000   15.0000  -30.0000 2105.8997   22.6482
   -7.5000   22.5000  -30.0000 1997.8895   25.2736
    0.0000   22.5000  -30.0000 2009.2653   24.9785
    7.5000   22.5000  -30.0000 1992.3964   25.2816
   -7.5000   30.0000  -30.0000 1873.4045   28.9328
    0.0000   30.0000  -30.0000 1890.9307   28.5503
    7.5000   30.0000  -30.0000 1871.4254   28.8324
   -7.5000   37.5000  -30.0000 1750.3861   33.4819
    0.0000   37.5000  -30.0000 1762.4346   33.0869
    7.5000   37.5000  -30.0000 1745.7583   33.4054
   -7.5000   45.0000  -30.0000 1612.1880   39.7818
    0.0000   45.0000  -30.0000 1627.1073   39.3102
    7.5000   45.0000  -30.0000 1607.4121   39.8846
   -7.5000  -45.0000  -22.5000 2462.6550   17.3277
    0.0000  -45.0000  -22.5000 2489.8875   17.2393
    7.5000  -45.0000  -22.5000 2475.7808   17.3475
   -7.5000  -37.5000  -22.5000 2513.8625   16.6010
    0.0000  -37.5000  -22.5000 2537.6760   16.4860
    7.5000  -37.5000  -22.5000 2519.8701   16.5921
   -7.5000  -30.0000  -22.5000 2535.9175   16.2036
    0.0000  -30.0000  -22.5000 2560.9897   16.0798
    7.5000  -30.0000  -22.5000 2545.5181   16.1859
   -7.5000  -22.5000  -22.5000 2537.6794   16.1529
    0.0000  -22.5000  -22.5000 2561.1179   16.0378
    7.5000  -22.5000  -22.5000 2547.5007   16.1367
   -7.5000  -15.0000  -22.5000 2515.7952   16.4578
    0.0000  -15.0000  -22.5000 2539.4377   16.3105
    7.5000  -15.0000  -22.5000 2522.5208   16.4342
   -7.5000   -7.5000  -22.5000 2475.4009   17.1019
    0.0000   -7.5000  -22.5000 2496.3376   16.9664
    7.5000   -7.5000  -22.5000 2481.4160   17.0936
   -7.5000    0.0000  -22.5000 2408.9070   18.0624
    0.0000    0.0000  -22.5000 2434.6367   17.9390
    7.5000    0.0000  -22.5000 2417.2158   18.0716
   -7.5000    7.5000  -22.5000 2328.7908   19.3370
    0.0000    7.5000  -22.5000 2349.3809   19.2060
    7.5000    7.5000  -22.5000 2329.2571   19.3938
   -7.5000   15.0000  -22.5000 2217.0398   21.1229
    0.0000   15.0000  -22.5000 2235.0635   20.9036
    7.5000   15.0000  -22.5000 2218.6936   21.1269
   -7.5000   22.5000  -22.5000 2100.1133   23.5435
    0.0000   22.5000  -22.5000 2112.4004   23.3189
    7.5000   22.5000  -22.5000 2092.3274   23.5753
   -7.5000   30.0000  -22.5000 1972.3141   26.8322
    0.0000   30.0000  -22.5000 1988.8147   26.5263
    7.5000   30.0000  -22.5000 1969.8936   26.7771
   -7.5000   37.5000  -22.5000 1844.9514   31.0043
    0.0000   37.5000  -22.5000 1859.1356   30.6862
    7.5000   37.5000  -22.5000 1839.1658   31.0148
   -7.5000   45.0000  -22.5000 1697.1990   36.8139
    0.0000   45.0000  -22.5000 1701.0540   36.3591
    7.5000   45.0000  -22.5000 1689.3428   36.8985
   -7.5000  -45.0000  -15.0000 2556.7588   16.3909
    0.0000  -45.0000  -15.0000 2580.9524   16.3357
    7.5000  -45.0000  -15.0000 2563.8220   16.4248
   -7.5000  -37.5000  -15.0000 2615.2268   15.6404
    0.0000  -37.5000  -15.0000 2634.1963   15.5630
    7.5000  -37.5000  -15.0000 2618.7129   15.6557
   -7.5000  -30.0000  -15.0000 2644.5398   15.2253
    0.0000  -30.0000  -15.0000 2662.7668   15.1569
    7.5000  -30.0000  -15.0000 2644.2852   15.2511
   -7.5000  -22.5000  -15.0000 2647.2031   15.1993
    0.0000  -22.5000  -15.0000 2664.0898   15.1384
    7.5000  -22.5000  -15.0000 2645.8159   15.2273
   -7.5000  -15.0000  -15.0000 2623.6826   15.4825
    0.0000  -15.0000  -15.0000 2644.0959   15.3726
    7.5000  -15.0000  -15.0000 2626.3396   15.4675
   -7.5000   -7.5000  -15.0000 2581.6597   16.0413
    0.0000   -7.5000  -15.0000 2602.0142   15.9296
    7.5000   -7.5000  -15.0000 2585.6008   16.0244
   -7.5000    0.0000  -15.0000 2514.0410   16.9030
    0.0000    0.0000  -15.0000 2538.4636   16.8010
    7.5000    0.0000  -15.0000 2518.7388   16.9360
   -7.5000    7.5000  -15.0000 2427.1240   18.0829
    0.0000    7.5000  -15.0000 2444.1824   17.9815
    7.5000    7.5000  -15.0000 2423.7661   18.1404
   -7.5000   15.0000  -15.0000 2312.3916   19.7404
    0.0000   15.0000  -15.0000 2329.1099   19.5959
    7.5000   15.0000  -15.0000 2308.2688   19.7832
   -7.5000   22.5000  -15.0000 2187.7488   22.0320
    0.0000   22.5000  -15.0000 2197.8491   21.8416
    7.5000   22.5000  -15.0000 2178.4626   22.0467
   -7.5000   30.0000  -15.0000 2048.4924   24.9965
    0.0000   30.0000  -15.0000 2062.7881   24.7505
    7.5000   30.0000  -15.0000 2043.2629   24.9384
   -7.5000   37.5000  -15.0000 1910.7208   28.8667
    0.0000   37.5000  -15.0000 1924.7911   28.6414
    7.5000   37.5000  -15.0000 1903.4006   28.9049
   -7.5000   45.0000  -15.0000 1759.2095   34.1906
    0.0000   45.0000  -15.0000 1763.0380   33.7916
    7.5000   45.0000  -15.0000 1749.9135   34.1870
   -7.5000  -45.0000   -7.5000 2623.0474   15.5667
    0.0000  -45.0000   -7.5000 2645.1895   15.4934
    7.5000  -45.0000   -7.5000 2631.0479   15.5842
   -7.5000  -37.5000   -7.5000 2685.7786   14.7620
    0.0000  -37.5000   -7.5000 2713.8140   14.7297
    7.5000  -37.5000   -7.5000 2696.7190   14.7983
   -7.5000  -30.0000   -7.5000 2723.4875   14.3124
    0.0000  -30.0000   -7.5000 2750.3650   14.2588
    7.5000  -30.0000   -7.5000 2730.2661   14.3439
   -7.5000  -22.5000   -7.5000 2738.5020   14.2820
    0.0000  -22.5000   -7.5000 2761.2930   14.2128
    7.5000  -22.5000   -7.5000 2738.9197   14.2970
   -7.5000  -15.0000   -7.5000 2719.4155   14.5670
    0.0000  -15.0000   -7.5000 2745.4014   14.4856
    7.5000  -15.0000   -7.5000 2719.6240   14.5566
   -7.5000   -7.5000   -7.5000 2674.6709   15.1012
    0.0000   -7.5000   -7.5000 2702.4753   15.0131
    7.5000   -7.5000   -7.5000 2676.2388   15.0548
   -7.5000    0.0000   -7.5000 2603.8215   15.8832
    0.0000    0.0000   -7.5000 2627.2017   15.7787
    7.5000    0.0000   -7.5000 2604.0117   15.8746
   -7.5000    7.5000   -7.5000 2511.7732   16.9865
    0.0000    7.5000   -7.5000 2527.4353   16.8906
    7.5000    7.5000   -7.5000 2505.4700   17.0051
   -7.5000   15.0000   -7.5000 2389.2979   18.5644
    0.0000   15.0000   -7.5000 2402.5139   18.4426
    7.5000   15.0000   -7.5000 2383.7114   18.5739
   -7.5000   22.5000   -7.5000 2257.2803   20.6880
    0.0000   22.5000   -7.5000 2269.8730   20.5360
    7.5000   22.5000   -7.5000 2249.8049   20.6770
   -7.5000   30.0000   -7.5000 2116.6699   23.4100
    0.0000   30.0000   -7.5000 2125.3774   23.2406
    7.5000   30.0000   -7.5000 2104.3074   23.4330
   -7.5000   37.5000   -7.5000 1967.3093   27.0353
    0.0000   37.5000   -7.5000 1977.9501   26.7695
    7.5000   37.5000   -7.5000 1952.1006   27.0122
   -7.5000   45.0000   -7.5000 1806.2705   31.8089
    0.0000   45.0000   -7.5000 1813.6082   31.3921
    7.5000   45.0000   -7.5000 1795.3782   31.7310
   -7.5000  -45.0000    0.0000 2667.2168   15.0062
    0.0000  -45.0000    0.0000 2696.1150   14.8924
    7.5000  -45.0000    0.0000 2676.5339   14.9823
   -7.5000  -37.5000    0.0000 2742.3228   14.1424
    0.0000  -37.5000    0.0000 2774.8684   14.0554
    7.5000  -37.5000    0.0000 2755.8108   14.1543
   -7.5000  -30.0000    0.0000 2788.8213   13.6206
    0.0000  -30.0000    0.0000 2826.7378   13.5330
    7.5000  -30.0000    0.0000 2798.8589   13.6406
   -7.5000  -22.5000    0.0000 2816.7568   13.5264
    0.0000  -22.5000    0.0000 2845.6970   13.4218
    7.5000  -22.5000    0.0000 2817.5012   13.5198
   -7.5000  -15.0000    0.0000 2800.5593   13.8196
    0.0000  -15.0000    0.0000 2830.9500   13.7025
    7.5000  -15.0000    0.0000 2800.0652   13.7829
   -7.5000   -7.5000    0.0000 2754.2429   14.3451
    0.0000   -7.5000    0.0000 2780.3547   14.2224
    7.5000   -7.5000    0.0000 2750.2056   14.2947
   -7.5000    0.0000    0.0000 2678.7654   15.0748
    0.0000    0.0000    0.0000 2699.0676   14.9599
    7.5000    0.0000    0.0000 2672.7263   15.0552
   -7.5000    7.5000    0.0000 2581.4766   16.1166
    0.0000    7.5000    0.0000 2597.1553   15.9861
    7.5000    7.5000    0.0000 2568.3506   16.1260
   -7.5000   15.0000    0.0000 2456.8442   17.6157
    0.0000   15.0000    0.0000 2473.3789   17.4797
    7.5000   15.0000    0.0000 2445.8777   17.6190
   -7.5000   22.5000    0.0000 2317.9607   19.6014
    0.0000   22.5000    0.0000 2333.2393   19.4651
    7.5000   22.5000    0.0000 2307.6709   19.6092
   -7.5000   30.0000    0.0000 2169.8616   22.2107
    0.0000   30.0000    0.0000 2180.1064   22.0415
    7.5000   30.0000    0.0000 2157.3091   22.2158
   -7.5000   37.5000    0.0000 2012.1472   25.5742
    0.0000   37.5000    0.0000 2020.9209   25.3188
    7.5000   37.5000    0.0000 1994.7698   25.5868
   -7.5000   45.0000    0.0000 1849.5420   30.0115
    0.0000   45.0000    0.0000 1853.4155   29.5809
    7.5000   45.0000    0.0000 1831.0061   29.9163
   -7.5000  -45.0000    7.5000 2692.1147   14.5886
    0.0000  -45.0000    7.5000 2721.6448   14.4369
    7.5000  -45.0000    7.5000 2706.3767   14.5639
   -7.5000  -37.5000    7.5000 2782.4780   13.7518
    0.0000  -37.5000    7.5000 2817.5718   13.6158
    7.5000  -37.5000    7.5000 2795.4519   13.7247
   -7.5000  -30.0000    7.5000 2841.6868   13.2014
    0.0000  -30.0000    7.5000 2885.2773   13.0630
    7.5000  -30.0000    7.5000 2853.8667   13.1815
   -7.5000  -22.5000    7.5000 2872.2197   13.0348
    0.0000  -22.5000    7.5000 2911.8909   12.8361
    7.5000  -22.5000    7.5000 2877.1167   12.9903
   -7.5000  -15.0000    7.5000 2864.9451   13.2805
    0.0000  -15.0000    7.5000 2890.9626   13.0904
    7.5000  -15.0000    7.5000 2863.5510   13.2311
   -7.5000   -7.5000    7.5000 2819.1428   13.7703
    0.0000   -7.5000    7.5000 2843.5220   13.5988
    7.5000   -7.5000    7.5000 2809.7642   13.7410
   -7.5000    0.0000    7.5000 2742.2676   14.4734
    0.0000    0.0000    7.5000 2763.3130   14.3476
    7.5000    0.0000    7.5000 2732.9104   14.4735
   -7.5000    7.5000    7.5000 2635.4014   15.4671
    0.0000    7.5000    7.5000 2654.5200   15.3571
    7.5000    7.5000    7.5000 2622.9561   15.5165
   -7.5000   15.0000    7.5000 2510.2275   16.9153
    0.0000   15.0000    7.5000 2524.0903   16.7879
    7.5000   15.0000    7.5000 2494.2183   16.9564
   -7.5000   22.5000    7.5000 2368.5005   18.8873
    0.0000   22.5000    7.5000 2381.9868   18.7343
    7.5000   22.5000    7.5000 2356.5378   18.8751
   -7.5000   30.0000    7.5000 2213.5549   21.3842
    0.0000   30.0000    7.5000 2223.9387   21.1871
    7.5000   30.0000    7.5000 2197.4185   21.3989
   -7.5000   37.5000    7.5000 2046.7534   24.4983
    0.0000   37.5000    7.5000 2059.0657   24.2889
    7.5000   37.5000    7.5000 2035.7156   24.5426
   -7.5000   45.0000    7.5000 1879.5933   28.6242
    0.0000   45.0000    7.5000 1886.4025   28.2537
    7.5000   45.0000    7.5000 1861.3141   28.6585
   -7.5000  -45.0000   15.0000 2695.4038   14.3626
    0.0000  -45.0000   15.0000 2725.7148   14.1662
    7.5000  -45.0000   15.0000 2711.5911   14.3408
   -7.5000  -37.5000   15.0000 2800.4873   13.5462
    0.0000  -37.5000   15.0000 2829.4727   13.3720
    7.5000  -37.5000   15.0000 2815.0198   13.5091
   -7.5000  -30.0000   15.0000 2871.3276   13.0618
    0.0000  -30.0000   15.0000 2907.4199   12.8899
    7.5000  -30.0000   15.0000 2882.1926   13.0287
   -7.5000  -22.5000   15.0000 2916.1477   12.8363
    0.0000  -22.5000   15.0000 2954.8286   12.6554
    7.5000  -22.5000   15.0000 2916.6624   12.8417
   -7.5000  -15.0000   15.0000 2914.7476   12.9568
    0.0000  -15.0000   15.0000 2938.1533   12.7598
    7.5000  -15.0000   15.0000 2897.5210   12.9541
   -7.5000   -7.5000   15.0000 2864.3042   13.3536
    0.0000   -7.5000   15.0000 2879.6621   13.2210
    7.5000   -7.5000   15.0000 2844.2148   13.3788
   -7.5000    0.0000   15.0000 2782.6479   14.0473
    0.0000    0.0000   15.0000 2792.2769   13.9476
    7.5000    0.0000   15.0000 2759.6157   14.1085
   -7.5000    7.5000   15.0000 2672.4456   15.0692
    0.0000    7.5000   15.0000 2684.5918   14.9615
    7.5000    7.5000   15.0000 2654.6096   15.1099
   -7.5000   15.0000   15.0000 2539.6282   16.4867
    0.0000   15.0000   15.0000 2551.0049   16.3985
    7.5000   15.0000   15.0000 2522.2314   16.5446
   -7.5000   22.5000   15.0000 2395.9280   18.3524
    0.0000   22.5000   15.0000 2408.1636   18.2492
    7.5000   22.5000   15.0000 2378.7136   18.3890
   -7.5000   30.0000   15.0000 2238.3462   20.7648
    0.0000   30.0000   15.0000 2247.6072   20.6483
    7.5000   30.0000   15.0000 2224.5576   20.8051
   -7.5000   37.5000   15.0000 2071.6760   23.8439
    0.0000   37.5000   15.0000 2081.2502   23.6602
    7.5000   37.5000   15.0000 2057.8003   23.8866
   -7.5000   45.0000   15.0000 1897.4373   27.7998
    0.0000   45.0000   15.0000 1904.7695   27.4727
    7.5000   45.0000   15.0000 1877.6708   27.9220
   -7.5000  -45.0000   22.5000 2683.6101   14.3264
    0.0000  -45.0000   22.5000 2707.7922   14.1285
    7.5000  -45.0000   22.5000 2691.7786   14.3688
   -7.5000  -37.5000   22.5000 2795.5264   13.4859
    0.0000  -37.5000   22.5000 2825.0054   13.3452
    7.5000  -37.5000   22.5000 2802.1570   13.5512
   -7.5000  -30.0000   22.5000 2880.5212   13.0247
    0.0000  -30.0000   22.5000 2916.7209   12.9315
    7.5000  -30.0000   22.5000 2879.0327   13.0777
   -7.5000  -22.5000   22.5000 2936.3079   12.8089
    0.0000  -22.5000   22.5000 2971.5327   12.7164
    7.5000  -22.5000   22.5000 2919.6663   12.8874
   -7.5000  -15.0000   22.5000 2936.0483   12.8283
    0.0000  -15.0000   22.5000 2955.3005   12.7316
    7.5000  -15.0000   22.5000 2910.0618   12.9048
   -7.5000   -7.5000   22.5000 2878.4478   13.1679
    0.0000   -7.5000   22.5000 2892.3276   13.0768
    7.5000   -7.5000   22.5000 2855.2329   13.2617
   -7.5000    0.0000   22.5000 2797.3589   13.8994
    0.0000    0.0000   22.5000 2800.8584   13.8005
    7.5000    0.0000   22.5000 2767.8740   13.9792
   -7.5000    7.5000   22.5000 2681.8386   14.9506
    0.0000    7.5000   22.5000 2688.9844   14.8279
    7.5000    7.5000   22.5000 2660.2925   15.0041
   -7.5000   15.0000   22.5000 2546.5703   16.3489
    0.0000   15.0000   22.5000 2556.0691   16.2469
    7.5000   15.0000   22.5000 2529.7190   16.3966
   -7.5000   22.5000   22.5000 2404.0171   18.1895
    0.0000   22.5000   22.5000 2413.7595   18.0612
    7.5000   22.5000   22.5000 2384.0803   18.2282
   -7.5000   30.0000   22.5000 2248.0554   20.5757
    0.0000   30.0000   22.5000 2256.2905   20.4214
    7.5000   30.0000   22.5000 2228.3711   20.5929
   -7.5000   37.5000   22.5000 2074.6907   23.6146
    0.0000   37.5000   22.5000 2085.9014   23.4194
    7.5000   37.5000   22.5000 2060.2856   23.6419
   -7.5000   45.0000   22.5000 1902.8870   27.4576
    0.0000   45.0000   22.5000 1912.1276   27.2160
    7.5000   45.0000   22.5000 1884.5763   27.5745
   -7.5000  -45.0000   30.0000 2656.7898   14.5136
    0.0000  -45.0000   30.0000 2680.1860   14.3688
    7.5000  -45.0000   30.0000 2649.3196   14.6364
   -7.5000  -37.5000   30.0000 2767.9646   13.6442
    0.0000  -37.5000   30.0000 2793.8032   13.5152
    7.5000  -37.5000   30.0000 2763.1970   13.7585
   -7.5000  -30.0000   30.0000 2859.8044   13.1384
    0.0000  -30.0000   30.0000 2888.6436   13.0509
    7.5000  -30.0000   30.0000 2851.2031   13.2238
   -7.5000  -22.5000   30.0000 2915.5894   12.8601
    0.0000  -22.5000   30.0000 2946.8931   12.7716
    7.5000  -22.5000   30.0000 2898.4653   12.9990
   -7.5000  -15.0000   30.0000 2923.0122   12.8445
    0.0000  -15.0000   30.0000 2943.1709   12.7262
    7.5000  -15.0000   30.0000 2893.1970   12.9775
   -7.5000   -7.5000   30.0000 2865.8616   13.2833
    0.0000   -7.5000   30.0000 2878.4473   13.1637
    7.5000   -7.5000   30.0000 2836.1418   13.3952
   -7.5000    0.0000   30.0000 2782.7803   14.0584
    0.0000    0.0000   30.0000 2786.2070   13.9641
    7.5000    0.0000   30.0000 2746.6987   14.1744
   -7.5000    7.5000   30.0000 2664.0234   15.1557
    0.0000    7.5000   30.0000 2668.1218   15.0450
    7.5000    7.5000   30.0000 2635.6399   15.2257
   -7.5000   15.0000   30.0000 2525.5952   16.5457
    0.0000   15.0000   30.0000 2536.9724   16.4561
    7.5000   15.0000   30.0000 2511.4651   16.6085
   -7.5000   22.5000   30.0000 2388.0911   18.3570
    0.0000   22.5000   30.0000 2396.4280   18.2427
    7.5000   22.5000   30.0000 2367.7192   18.3675
   -7.5000   30.0000   30.0000 2234.2754   20.6678
    0.0000   30.0000   30.0000 2240.4094   20.5062
    7.5000   30.0000   30.0000 2209.6392   20.6415
   -7.5000   37.5000   30.0000 2064.6721   23.6102
    0.0000   37.5000   30.0000 2075.9482   23.3863
    7.5000   37.5000   30.0000 2046.7003   23.6001
   -7.5000   45.0000   30.0000 1890.4318   27.4073
    0.0000   45.0000   30.0000 1899.3280   27.1308
    7.5000   45.0000   30.0000 1874.6357   27.3762
   -7.5000  -45.0000   37.5000 2619.7637   14.9279
    0.0000  -45.0000   37.5000 2639.0454   14.8043
    7.5000  -45.0000   37.5000 2604.9126   15.0837
   -7.5000  -37.5000   37.5000 2726.6121   14.0303
    0.0000  -37.5000   37.5000 2749.0486   13.9120
    7.5000  -37.5000   37.5000 2714.7314   14.1687
   -7.5000  -30.0000   37.5000 2817.4536   13.4737
    0.0000  -30.0000   37.5000 2844.2329   13.4039
    7.5000  -30.0000   37.5000 2803.1333   13.6139
   -7.5000  -22.5000   37.5000 2866.2434   13.1956
    0.0000  -22.5000   37.5000 2895.9314   13.1093
    7.5000  -22.5000   37.5000 2847.5894   13.3826
   -7.5000  -15.0000   37.5000 2878.3713   13.2288
    0.0000  -15.0000   37.5000 2896.6194   13.0821
    7.5000  -15.0000   37.5000 2848.4473   13.3532
   -7.5000   -7.5000   37.5000 2831.4282   13.7160
    0.0000   -7.5000   37.5000 2840.4302   13.5882
    7.5000   -7.5000   37.5000 2798.9653   13.7670
   -7.5000    0.0000   37.5000 2745.3115   14.4929
    0.0000    0.0000   37.5000 2749.4607   14.3625
    7.5000    0.0000   37.5000 2712.9312   14.5181
   -7.5000    7.5000   37.5000 2631.3567   15.5665
    0.0000    7.5000   37.5000 2632.8521   15.4479
    7.5000    7.5000   37.5000 2600.9822   15.6197
   -7.5000   15.0000   37.5000 2493.8970   16.9623
    0.0000   15.0000   37.5000 2504.4761   16.8846
    7.5000   15.0000   37.5000 2473.1887   17.0285
   -7.5000   22.5000   37.5000 2354.1873   18.7126
    0.0000   22.5000   37.5000 2364.8982   18.5968
    7.5000   22.5000   37.5000 2338.1628   18.7416
   -7.5000   30.0000   37.5000 2202.9568   20.9946
    0.0000   30.0000   37.5000 2211.3149   20.8509
    7.5000   30.0000   37.5000 2185.0063   20.9783
   -7.5000   37.5000   37.5000 2034.5323   23.8886
    0.0000   37.5000   37.5000 2044.9946   23.6218
    7.5000   37.5000   37.5000 2022.8101   23.8169
   -7.5000   45.0000   37.5000 1869.1681   27.6336
    0.0000   45.0000   37.5000 1870.5760   27.3231
    7.5000   45.0000   37.5000 1852.1315   27.5465
   -7.5000  -45.0000   45.0000 2576.7183   15.5989
    0.0000  -45.0000   45.0000 2588.5989   15.4668
    7.5000  -45.0000   45.0000 2556.0862   15.7867
   -7.5000  -37.5000   45.0000 2681.0459   14.6889
    0.0000  -37.5000   45.0000 2693.6770   14.5786
    7.5000  -37.5000   45.0000 2658.3472   14.8492
   -7.5000  -30.0000   45.0000 2765.6323   14.0982
    0.0000  -30.0000   45.0000 2783.4792   14.0243
    7.5000  -30.0000   45.0000 2737.9500   14.2709
   -7.5000  -22.5000   45.0000 2806.1494   13.7802
    0.0000  -22.5000   45.0000 2823.6621   13.6723
    7.5000  -22.5000   45.0000 2776.3894   13.9618
   -7.5000  -15.0000   45.0000 2807.8953   13.8626
    0.0000  -15.0000   45.0000 2826.1992   13.7487
    7.5000  -15.0000   45.0000 2780.3250   13.9536
   -7.5000   -7.5000   45.0000 2763.4399   14.3537
    0.0000   -7.5000   45.0000 2777.1836   14.2504
    7.5000   -7.5000   45.0000 2739.7319   14.3958
   -7.5000    0.0000   45.0000 2683.7432   15.1177
    0.0000    0.0000   45.0000 2690.8896   14.9958
    7.5000    0.0000   45.0000 2655.4824   15.1445
   -7.5000    7.5000   45.0000 2577.2837   16.1578
    0.0000    7.5000   45.0000 2581.4944   16.0535
    7.5000    7.5000   45.0000 2553.1787   16.1930
   -7.5000   15.0000   45.0000 2446.3196   17.5384
    0.0000   15.0000   45.0000 2457.8950   17.4499
    7.5000   15.0000   45.0000 2427.6104   17.6166
   -7.5000   22.5000   45.0000 2308.9028   19.3319
    0.0000   22.5000   45.0000 2320.1501   19.2103
    7.5000   22.5000   45.0000 2294.2437   19.3740
   -7.5000   30.0000   45.0000 2158.7144   21.5742
    0.0000   30.0000   45.0000 2164.9065   21.3938
    7.5000   30.0000   45.0000 2143.1277   21.5690
   -7.5000   37.5000   45.0000 1994.8695   24.4518
    0.0000   37.5000   45.0000 2001.5596   24.1385
    7.5000   37.5000   45.0000 1979.2021   24.3780
   -7.5000   45.0000   45.0000 1836.3164   28.1720
    0.0000   45.0000   45.0000 1838.7771   27.8658
    7.5000   45.0000   45.0000 1818.7865   28.1309

---------------------------------------------------------------------
imgreg_4dfp /opt/freesurfer/average/711-2C_as_mni_average_305 /opt/freesurfer/average/711-2B_as_mni_average_305_mask talsrcimg_g11 none talsrcimg_to_711-2C_as_mni_average_305_t4 1283
---------------------------------------------------------------------

freesurfer imgreg_4dfp.c
/opt/freesurfer/average/711-2C_as_mni_average_305.4dfp.img
       256       256       256         1
  1.000000  1.000000  1.000000
orientation T byte_order littleendian
Reading image: /opt/freesurfer/average/711-2C_as_mni_average_305.4dfp.img
dimensions:      256       256       256
mmppix:       1.0000   -1.0000   -1.0000
center:     128.0000 -129.0000 -129.0000
/opt/freesurfer/average/711-2B_as_mni_average_305_mask.4dfp.img
       256       256       256         1
  1.000000  1.000000  1.000000
orientation T byte_order littleendian
Reading mask: /opt/freesurfer/average/711-2B_as_mni_average_305_mask.4dfp.img (2306576 pixels)
talsrcimg_g11.4dfp.img
       256       256       256         1
  1.000000  1.000000  1.000000
orientation T byte_order littleendian
Reading image: talsrcimg_g11.4dfp.img
dimensions:      256       256       256
mmppix:       1.0000   -1.0000   -1.0000
center:     128.0000 -129.0000 -129.0000
rotation matrix determinant  1.000000
fimgreg.f
image alignment mode   1283 decimal      503 hex
parameters
    0.0000  -22.5000   22.5000    0.0000    0.0000    0.0000
eta,q 0.93417 12.67176
niter,ni,del,rscale     5    3   12.0000    1.2000
parameter  4  1.087256 ->  0.500000 qaram    1.1500
parameter  5 -0.700304 -> -0.500000 qaram    1.1500
parameters
   -0.9461  -19.8250   22.3800   -3.4500    3.4500    2.1921
eta,q 0.94144 12.61240
  0.0745  0.0825  0.0684  0.0616  0.0722  0.0666
  0.0724  0.0767  0.0659  0.0612  0.0689  0.0629
  0.0696  0.0719  0.0652  0.0629  0.0650  0.0601
  0.0684  0.0684  0.0656  0.0656  0.0615  0.0585
  0.0711  0.0658  0.0657  0.0691  0.0589  0.0585
  0.0755  0.0662  0.0664  0.0730  0.0587  0.0589
  0.0801  0.0696  0.0683  0.0772  0.0602  0.0597
niter,ni,del,rscale     6    3   12.0000    1.2000
parameter  4  0.807669 ->  0.500000 qaram    1.3225
parameter  6 -0.546139 -> -0.500000 qaram    1.1500
parameters
   -1.7935  -19.1611   23.1591   -7.4175    4.4467    5.6421
eta,q 0.94586 12.64039
  0.0673  0.0738  0.0624  0.0554  0.0662  0.0609
  0.0641  0.0653  0.0592  0.0566  0.0625  0.0593
  0.0595  0.0594  0.0587  0.0569  0.0598  0.0575
  0.0586  0.0582  0.0585  0.0582  0.0567  0.0560
  0.0623  0.0596  0.0579  0.0614  0.0560  0.0546
  0.0673  0.0626  0.0585  0.0652  0.0591  0.0542
  0.0745  0.0671  0.0605  0.0705  0.0629  0.0562
niter,ni,del,rscale     7    3   12.0000    1.2000
parameter  4  0.557536 ->  0.500000 qaram    1.5209
parameters
   -2.0594  -18.1530   22.3763  -11.9801    4.7809    3.8850
eta,q 0.94734 12.72054
  0.0689  0.0698  0.0585  0.0543  0.0628  0.0552
  0.0640  0.0622  0.0568  0.0527  0.0579  0.0534
  0.0578  0.0563  0.0549  0.0522  0.0544  0.0528
  0.0541  0.0542  0.0542  0.0543  0.0524  0.0523
  0.0578  0.0546  0.0553  0.0578  0.0534  0.0536
  0.0645  0.0571  0.0584  0.0626  0.0568  0.0572
  0.0729  0.0617  0.0620  0.0659  0.0611  0.0630
niter,ni,del,rscale     7    3   12.0000    1.2000
parameters
   -2.4246  -15.4766   20.7908  -15.3417    5.7627    2.0580
eta,q 0.95165 12.70547
  0.0652  0.0678  0.0551  0.0536  0.0614  0.0514
  0.0601  0.0613  0.0523  0.0492  0.0562  0.0492
  0.0551  0.0557  0.0510  0.0491  0.0513  0.0484
  0.0527  0.0528  0.0513  0.0509  0.0490  0.0487
  0.0553  0.0516  0.0539  0.0539  0.0494  0.0501
  0.0617  0.0514  0.0579  0.0590  0.0525  0.0533
  0.0694  0.0537  0.0614  0.0642  0.0560  0.0581
niter,ni,del,rscale     6    3   12.0000    1.2000
parameters
   -2.8578  -14.5852   20.0850  -15.4616    6.5758    1.8529
eta,q 0.95252 12.66689
  0.0613  0.0628  0.0555  0.0585  0.0602  0.0534
  0.0553  0.0559  0.0509  0.0531  0.0551  0.0498
  0.0504  0.0511  0.0483  0.0484  0.0501  0.0480
  0.0484  0.0484  0.0479  0.0476  0.0476  0.0475
  0.0518  0.0481  0.0501  0.0502  0.0487  0.0482
  0.0581  0.0511  0.0542  0.0533  0.0522  0.0503
  0.0653  0.0565  0.0596  0.0586  0.0554  0.0541
niter,ni,del,rscale     5    3   12.0000    1.2000
parameters
   -3.0621  -14.5974   20.0236  -15.4729    6.9501    1.7544
eta,q 0.95243 12.66026
  0.0614  0.0588  0.0575  0.0586  0.0589  0.0535
  0.0551  0.0527  0.0520  0.0534  0.0536  0.0499
  0.0498  0.0492  0.0490  0.0484  0.0493  0.0481
  0.0475  0.0475  0.0475  0.0475  0.0475  0.0476
  0.0504  0.0485  0.0490  0.0497  0.0495  0.0481
  0.0564  0.0526  0.0525  0.0530  0.0528  0.0502
  0.0634  0.0593  0.0577  0.0585  0.0562  0.0539
niter,ni,del,rscale     4    3   12.0000    1.2000
parameters
   -3.1880  -14.6224   20.0072  -15.4504    7.1520    1.7059
eta,q 0.95237 12.65644
  0.0618  0.0588  0.0576  0.0587  0.0583  0.0536
  0.0551  0.0527  0.0522  0.0535  0.0531  0.0499
  0.0497  0.0492  0.0492  0.0485  0.0491  0.0482
  0.0476  0.0476  0.0476  0.0476  0.0476  0.0476
  0.0503  0.0486  0.0490  0.0496  0.0498  0.0481
  0.0560  0.0527  0.0525  0.0530  0.0530  0.0501
  0.0628  0.0593  0.0576  0.0586  0.0565  0.0538
niter,ni,del,rscale     3    3   12.0000    1.2000
parameters
   -3.2608  -14.6484   20.0013  -15.4302    7.2656    1.6777
eta,q 0.95232 12.65495
  0.0621  0.0588  0.0577  0.0588  0.0581  0.0537
  0.0552  0.0527  0.0522  0.0536  0.0528  0.0500
  0.0497  0.0492  0.0493  0.0486  0.0490  0.0482
  0.0476  0.0476  0.0476  0.0476  0.0476  0.0477
  0.0503  0.0487  0.0490  0.0497  0.0499  0.0482
  0.0559  0.0527  0.0525  0.0530  0.0530  0.0501
  0.0625  0.0593  0.0577  0.0587  0.0567  0.0538
niter,ni,del,rscale     2    3   12.0000    1.2000
parameters
   -3.3022  -14.6678   19.9989  -15.4139    7.3294    1.6610
eta,q 0.95229 12.65414
  0.0623  0.0589  0.0577  0.0588  0.0579  0.0537
  0.0552  0.0527  0.0523  0.0536  0.0527  0.0500
  0.0497  0.0492  0.0493  0.0486  0.0490  0.0483
  0.0477  0.0477  0.0477  0.0477  0.0477  0.0477
  0.0504  0.0488  0.0490  0.0497  0.0500  0.0482
  0.0558  0.0527  0.0525  0.0530  0.0530  0.0501
  0.0624  0.0592  0.0577  0.0587  0.0568  0.0538
registration optimization eta report
parameter search radius
    6.0000    6.0000    6.0000    9.1253    6.9000    6.9000
100000*second partial in parameter space
       39.       32.       27.       13.       19.       13.
  0.0623  0.0589  0.0577  0.0588  0.0579  0.0537
  0.0552  0.0527  0.0523  0.0536  0.0527  0.0500
  0.0497  0.0492  0.0493  0.0486  0.0490  0.0483
  0.0477  0.0477  0.0477  0.0477  0.0477  0.0477
  0.0504  0.0488  0.0490  0.0497  0.0500  0.0482
  0.0558  0.0527  0.0525  0.0530  0.0530  0.0501
  0.0624  0.0592  0.0577  0.0587  0.0568  0.0538
   -3.3022  -14.6678   19.9989  -15.4139    7.3294    1.6610
eta,q 0.95229 12.65414

---------------------------------------------------------------------
imgreg_4dfp /opt/freesurfer/average/711-2C_as_mni_average_305 /opt/freesurfer/average/711-2B_as_mni_average_305_mask talsrcimg_g11 none talsrcimg_to_711-2C_as_mni_average_305_t4 3335
---------------------------------------------------------------------

freesurfer imgreg_4dfp.c
/opt/freesurfer/average/711-2C_as_mni_average_305.4dfp.img
       256       256       256         1
  1.000000  1.000000  1.000000
orientation T byte_order littleendian
Reading image: /opt/freesurfer/average/711-2C_as_mni_average_305.4dfp.img
dimensions:      256       256       256
mmppix:       1.0000   -1.0000   -1.0000
center:     128.0000 -129.0000 -129.0000
/opt/freesurfer/average/711-2B_as_mni_average_305_mask.4dfp.img
       256       256       256         1
  1.000000  1.000000  1.000000
orientation T byte_order littleendian
Reading mask: /opt/freesurfer/average/711-2B_as_mni_average_305_mask.4dfp.img (2306576 pixels)
talsrcimg_g11.4dfp.img
       256       256       256         1
  1.000000  1.000000  1.000000
orientation T byte_order littleendian
Reading image: talsrcimg_g11.4dfp.img
dimensions:      256       256       256
mmppix:       1.0000   -1.0000   -1.0000
center:     128.0000 -129.0000 -129.0000
fimgreg.f
image alignment mode   3335 decimal      D07 hex
parameters
   -3.3022  -14.6678   19.9989   -0.8588   -3.5391   -4.3846
    0.5951  -13.0638    2.8749   26.2114   12.7574  -26.3619
eta,q 0.95363 12.71673
niter,ni,del,rscale     5    3    5.0000    1.2000
parameter  4  1.734581 ->  0.500000 qaram    1.1500
parameter  5  2.616480 ->  0.500000 qaram    1.1500
parameter  6  0.565503 ->  0.500000 qaram    1.1500
parameters
   -3.4840  -14.5481   19.9276   -4.9988   -7.6791   -8.5246
    1.1062  -10.8632    4.0430   22.9342   12.0359  -25.2409
eta,q 0.96538 11.86936
  0.0490  0.0486  0.0478  0.0394  0.0340  0.0362  0.0390  0.0423  0.0379  0.0356  0.0355  0.0366
  0.0474  0.0474  0.0470  0.0410  0.0361  0.0358  0.0374  0.0395  0.0367  0.0348  0.0350  0.0357
  0.0465  0.0466  0.0465  0.0434  0.0386  0.0361  0.0363  0.0372  0.0358  0.0347  0.0347  0.0350
  0.0464  0.0463  0.0463  0.0463  0.0416  0.0367  0.0358  0.0358  0.0354  0.0354  0.0347  0.0347
  0.0469  0.0465  0.0465  0.0500  0.0450  0.0376  0.0360  0.0354  0.0354  0.0365  0.0349  0.0347
  0.0480  0.0472  0.0471  0.0543  0.0488  0.0391  0.0368  0.0360  0.0358  0.0383  0.0353  0.0351
  0.0498  0.0482  0.0480  0.0590  0.0529  0.0417  0.0383  0.0375  0.0367  0.0408  0.0359  0.0357
niter,ni,del,rscale     7    3    5.0000    1.2000
parameter  4  0.897166 ->  0.500000 qaram    1.3225
parameter  5  1.173295 ->  0.500000 qaram    1.3225
parameters
   -3.3276  -14.4876   19.9853   -9.7598  -12.4401   -9.6293
    0.7393  -10.8963    3.8173   23.4422   11.1222  -27.2178
eta,q 0.97119 11.27791
  0.0384  0.0372  0.0364  0.0316  0.0281  0.0310  0.0315  0.0329  0.0308  0.0323  0.0296  0.0295
  0.0364  0.0358  0.0355  0.0319  0.0287  0.0299  0.0300  0.0307  0.0298  0.0306  0.0292  0.0290
  0.0352  0.0349  0.0348  0.0327  0.0301  0.0291  0.0292  0.0294  0.0291  0.0295  0.0289  0.0288
  0.0346  0.0346  0.0346  0.0346  0.0321  0.0290  0.0290  0.0290  0.0290  0.0290  0.0289  0.0289
  0.0348  0.0349  0.0348  0.0374  0.0348  0.0297  0.0294  0.0295  0.0293  0.0290  0.0291  0.0293
  0.0358  0.0357  0.0354  0.0409  0.0381  0.0309  0.0305  0.0308  0.0300  0.0299  0.0295  0.0300
  0.0376  0.0370  0.0362  0.0453  0.0420  0.0323  0.0320  0.0329  0.0310  0.0316  0.0300  0.0308
niter,ni,del,rscale     7    3    5.0000    1.2000
parameter  5  0.539598 ->  0.500000 qaram    1.5209
parameters
   -3.2970  -14.3181   19.8315  -14.4763  -17.9152   -9.6259
    1.3456  -11.3275    4.6746   24.7956   10.2369  -28.7484
eta,q 0.97352 10.69625
  0.0323  0.0318  0.0302  0.0287  0.0278  0.0297  0.0300  0.0305  0.0291  0.0308  0.0272  0.0272
  0.0304  0.0302  0.0294  0.0280  0.0269  0.0282  0.0285  0.0284  0.0279  0.0289  0.0268  0.0266
  0.0292  0.0292  0.0289  0.0282  0.0269  0.0272  0.0274  0.0271  0.0272  0.0275  0.0266  0.0265
  0.0288  0.0288  0.0288  0.0288  0.0280  0.0268  0.0268  0.0268  0.0268  0.0267  0.0266  0.0266
  0.0292  0.0290  0.0291  0.0301  0.0300  0.0272  0.0270  0.0275  0.0268  0.0266  0.0267  0.0268
  0.0303  0.0298  0.0297  0.0330  0.0329  0.0283  0.0278  0.0292  0.0273  0.0273  0.0270  0.0273
  0.0321  0.0310  0.0306  0.0365  0.0364  0.0297  0.0292  0.0314  0.0282  0.0287  0.0275  0.0280
niter,ni,del,rscale     7    3    5.0000    1.2000
parameters
   -3.3233  -14.0057   19.5977  -14.9249  -18.4784   -9.6014
    1.4330  -11.3306    4.9612   25.4220   10.2551  -29.1122
eta,q 0.97366 10.65433
  0.0298  0.0298  0.0276  0.0295  0.0309  0.0294  0.0294  0.0307  0.0284  0.0300  0.0272  0.0274
  0.0280  0.0281  0.0268  0.0277  0.0288  0.0279  0.0279  0.0284  0.0274  0.0282  0.0268  0.0267
  0.0268  0.0270  0.0265  0.0266  0.0271  0.0269  0.0268  0.0269  0.0267  0.0270  0.0265  0.0264
  0.0265  0.0265  0.0264  0.0264  0.0264  0.0264  0.0264  0.0264  0.0264  0.0264  0.0264  0.0264
  0.0269  0.0266  0.0267  0.0270  0.0271  0.0268  0.0268  0.0270  0.0266  0.0265  0.0264  0.0266
  0.0281  0.0272  0.0272  0.0280  0.0292  0.0280  0.0278  0.0285  0.0272  0.0274  0.0267  0.0269
  0.0299  0.0284  0.0280  0.0302  0.0323  0.0294  0.0292  0.0307  0.0282  0.0290  0.0272  0.0275
niter,ni,del,rscale     6    3    5.0000    1.2000
parameters
   -3.3305  -13.8917   19.5355  -14.9527  -18.7258   -9.5773
    1.4669  -11.3480    5.0593   25.6466   10.1998  -29.2271
eta,q 0.97366 10.64563
  0.0297  0.0292  0.0277  0.0298  0.0311  0.0294  0.0293  0.0306  0.0283  0.0297  0.0272  0.0275
  0.0279  0.0277  0.0269  0.0278  0.0289  0.0279  0.0278  0.0284  0.0273  0.0279  0.0267  0.0268
  0.0267  0.0267  0.0264  0.0266  0.0272  0.0268  0.0267  0.0269  0.0266  0.0268  0.0265  0.0264
  0.0263  0.0263  0.0263  0.0263  0.0263  0.0264  0.0264  0.0264  0.0264  0.0263  0.0263  0.0263
  0.0267  0.0266  0.0266  0.0269  0.0269  0.0268  0.0267  0.0269  0.0266  0.0266  0.0264  0.0265
  0.0279  0.0274  0.0270  0.0278  0.0289  0.0280  0.0277  0.0285  0.0272  0.0276  0.0268  0.0269
  0.0297  0.0287  0.0278  0.0298  0.0319  0.0293  0.0292  0.0306  0.0282  0.0293  0.0273  0.0275
niter,ni,del,rscale     5    3    5.0000    1.2000
parameters
   -3.3387  -13.8448   19.5294  -14.9663  -18.8267   -9.5556
    1.4808  -11.3553    5.1084   25.7375   10.1694  -29.2586
eta,q 0.97365 10.64251
  0.0297  0.0290  0.0278  0.0298  0.0312  0.0294  0.0293  0.0306  0.0283  0.0295  0.0272  0.0275
  0.0279  0.0275  0.0269  0.0279  0.0290  0.0279  0.0278  0.0284  0.0273  0.0278  0.0268  0.0268
  0.0267  0.0266  0.0265  0.0266  0.0272  0.0268  0.0267  0.0269  0.0266  0.0268  0.0265  0.0264
  0.0263  0.0263  0.0263  0.0263  0.0263  0.0263  0.0264  0.0263  0.0263  0.0263  0.0263  0.0263
  0.0267  0.0267  0.0265  0.0269  0.0268  0.0268  0.0267  0.0269  0.0266  0.0267  0.0264  0.0265
  0.0279  0.0275  0.0270  0.0278  0.0288  0.0280  0.0278  0.0284  0.0272  0.0277  0.0268  0.0269
  0.0297  0.0287  0.0277  0.0298  0.0317  0.0293  0.0293  0.0306  0.0282  0.0294  0.0273  0.0274
niter,ni,del,rscale     4    3    5.0000    1.2000
parameters
   -3.3435  -13.8249   19.5324  -14.9714  -18.8686   -9.5412
    1.4814  -11.3608    5.1319   25.7760   10.1520  -29.2580
eta,q 0.97365 10.64137
  0.0297  0.0289  0.0278  0.0298  0.0312  0.0294  0.0293  0.0306  0.0283  0.0295  0.0272  0.0275
  0.0279  0.0275  0.0269  0.0279  0.0290  0.0279  0.0278  0.0284  0.0273  0.0278  0.0268  0.0268
  0.0267  0.0266  0.0265  0.0266  0.0273  0.0268  0.0267  0.0269  0.0266  0.0268  0.0265  0.0264
  0.0263  0.0263  0.0263  0.0264  0.0263  0.0264  0.0263  0.0263  0.0264  0.0263  0.0264  0.0264
  0.0267  0.0267  0.0265  0.0269  0.0268  0.0268  0.0267  0.0269  0.0266  0.0267  0.0264  0.0265
  0.0279  0.0275  0.0270  0.0278  0.0287  0.0280  0.0278  0.0284  0.0273  0.0277  0.0268  0.0269
  0.0297  0.0288  0.0277  0.0298  0.0317  0.0293  0.0293  0.0306  0.0283  0.0294  0.0273  0.0274
registration optimization eta report
parameter search radius
    2.4000    2.4000    2.4000    9.5220   10.9503    8.2800
    7.2000    7.2000    7.2000    7.2000    7.2000    7.2000
100000*second partial in parameter space
       58.       44.       24.        4.        4.        4.
        6.        8.        4.        6.        2.        2.
  0.0297  0.0289  0.0278  0.0298  0.0312  0.0294  0.0293  0.0306  0.0283  0.0295  0.0272  0.0275
  0.0279  0.0275  0.0269  0.0279  0.0290  0.0279  0.0278  0.0284  0.0273  0.0278  0.0268  0.0268
  0.0267  0.0266  0.0265  0.0266  0.0273  0.0268  0.0267  0.0269  0.0266  0.0268  0.0265  0.0264
  0.0263  0.0263  0.0263  0.0264  0.0263  0.0264  0.0263  0.0263  0.0264  0.0263  0.0264  0.0264
  0.0267  0.0267  0.0265  0.0269  0.0268  0.0268  0.0267  0.0269  0.0266  0.0267  0.0264  0.0265
  0.0279  0.0275  0.0270  0.0278  0.0287  0.0280  0.0278  0.0284  0.0273  0.0277  0.0268  0.0269
  0.0297  0.0288  0.0277  0.0298  0.0317  0.0293  0.0293  0.0306  0.0283  0.0294  0.0273  0.0274
   -3.3435  -13.8249   19.5324  -14.9714  -18.8686   -9.5412
    1.4814  -11.3608    5.1319   25.7760   10.1520  -29.2580
eta,q 0.97365 10.64137

---------------------------------------------------------------------
imgreg_4dfp /opt/freesurfer/average/711-2C_as_mni_average_305 /opt/freesurfer/average/711-2B_as_mni_average_305_mask talsrcimg_g11 none talsrcimg_to_711-2C_as_mni_average_305_t4 2311
---------------------------------------------------------------------

freesurfer imgreg_4dfp.c
/opt/freesurfer/average/711-2C_as_mni_average_305.4dfp.img
       256       256       256         1
  1.000000  1.000000  1.000000
orientation T byte_order littleendian
Reading image: /opt/freesurfer/average/711-2C_as_mni_average_305.4dfp.img
dimensions:      256       256       256
mmppix:       1.0000   -1.0000   -1.0000
center:     128.0000 -129.0000 -129.0000
/opt/freesurfer/average/711-2B_as_mni_average_305_mask.4dfp.img
       256       256       256         1
  1.000000  1.000000  1.000000
orientation T byte_order littleendian
Reading mask: /opt/freesurfer/average/711-2B_as_mni_average_305_mask.4dfp.img (2306576 pixels)
talsrcimg_g11.4dfp.img
       256       256       256         1
  1.000000  1.000000  1.000000
orientation T byte_order littleendian
Reading image: talsrcimg_g11.4dfp.img
dimensions:      256       256       256
mmppix:       1.0000   -1.0000   -1.0000
center:     128.0000 -129.0000 -129.0000
fimgreg.f
image alignment mode   2311 decimal      907 hex
parameters
   -3.3435  -13.8249   19.5324  -14.9714  -18.8686   -9.5412
    1.4814  -11.3608    5.1319   25.7760   10.1520  -29.2580
eta,q 0.97365 10.64138
niter,ni,del,rscale     5    3    5.0000    0.8000
parameters
   -3.3487  -13.8516   19.4877  -15.2830  -18.2658   -9.5732
    1.4586  -11.3824    5.0629   25.6764   10.3673  -29.5230
eta,q 0.97371 10.65745
  0.0279  0.0275  0.0269  0.0272  0.0278  0.0275  0.0277  0.0283  0.0272  0.0277  0.0268  0.0268
  0.0270  0.0268  0.0266  0.0266  0.0271  0.0269  0.0270  0.0272  0.0267  0.0269  0.0265  0.0265
  0.0265  0.0265  0.0264  0.0264  0.0266  0.0265  0.0265  0.0265  0.0264  0.0265  0.0264  0.0263
  0.0264  0.0263  0.0264  0.0263  0.0263  0.0263  0.0263  0.0263  0.0263  0.0263  0.0263  0.0263
  0.0265  0.0265  0.0264  0.0265  0.0263  0.0264  0.0265  0.0265  0.0264  0.0265  0.0263  0.0264
  0.0270  0.0269  0.0267  0.0269  0.0266  0.0269  0.0270  0.0273  0.0268  0.0270  0.0265  0.0266
  0.0279  0.0275  0.0270  0.0273  0.0272  0.0276  0.0277  0.0284  0.0273  0.0278  0.0267  0.0268
niter,ni,del,rscale     4    3    5.0000    0.7000
parameters
   -3.3429  -13.8927   19.4461  -15.3784  -18.1956   -9.6292
    1.4752  -11.3824    5.0209   25.6533   10.5033  -29.6174
eta,q 0.97372 10.65395
  0.0275  0.0272  0.0268  0.0270  0.0272  0.0272  0.0274  0.0279  0.0270  0.0274  0.0266  0.0267
  0.0268  0.0267  0.0265  0.0266  0.0268  0.0267  0.0268  0.0270  0.0266  0.0268  0.0265  0.0264
  0.0264  0.0264  0.0263  0.0263  0.0264  0.0264  0.0264  0.0265  0.0264  0.0264  0.0263  0.0263
  0.0263  0.0263  0.0263  0.0263  0.0263  0.0263  0.0263  0.0263  0.0263  0.0263  0.0263  0.0263
  0.0264  0.0264  0.0264  0.0264  0.0264  0.0264  0.0264  0.0265  0.0264  0.0264  0.0263  0.0264
  0.0268  0.0268  0.0265  0.0267  0.0267  0.0267  0.0268  0.0270  0.0266  0.0268  0.0264  0.0265
  0.0275  0.0273  0.0268  0.0270  0.0272  0.0273  0.0274  0.0279  0.0270  0.0275  0.0266  0.0267
niter,ni,del,rscale     3    3    5.0000    0.6000
parameters
   -3.3412  -13.9008   19.4108  -15.4765  -18.1488   -9.6473
    1.4796  -11.3801    4.9940   25.6603   10.5776  -29.7364
eta,q 0.97373 10.65159
  0.0272  0.0270  0.0266  0.0268  0.0270  0.0270  0.0271  0.0275  0.0268  0.0271  0.0265  0.0266
  0.0267  0.0266  0.0264  0.0265  0.0266  0.0266  0.0267  0.0268  0.0265  0.0267  0.0264  0.0264
  0.0264  0.0264  0.0263  0.0263  0.0264  0.0264  0.0264  0.0264  0.0263  0.0264  0.0263  0.0263
  0.0263  0.0263  0.0263  0.0263  0.0263  0.0263  0.0263  0.0263  0.0263  0.0263  0.0263  0.0263
  0.0264  0.0264  0.0263  0.0264  0.0263  0.0264  0.0264  0.0264  0.0263  0.0264  0.0263  0.0263
  0.0267  0.0266  0.0265  0.0266  0.0266  0.0266  0.0267  0.0268  0.0265  0.0267  0.0264  0.0264
  0.0272  0.0270  0.0267  0.0268  0.0270  0.0270  0.0271  0.0275  0.0268  0.0271  0.0265  0.0266
niter,ni,del,rscale     2    3    5.0000    0.5000
parameters
   -3.3361  -13.9022   19.3973  -15.5528  -18.1144   -9.6447
    1.4832  -11.3714    4.9753   25.6713   10.6382  -29.8015
eta,q 0.97373 10.65025
  0.0269  0.0268  0.0265  0.0266  0.0268  0.0268  0.0269  0.0271  0.0267  0.0269  0.0265  0.0265
  0.0266  0.0265  0.0264  0.0264  0.0265  0.0265  0.0266  0.0267  0.0265  0.0266  0.0264  0.0264
  0.0263  0.0263  0.0263  0.0263  0.0263  0.0263  0.0263  0.0264  0.0263  0.0263  0.0263  0.0263
  0.0263  0.0263  0.0263  0.0263  0.0263  0.0263  0.0263  0.0263  0.0263  0.0263  0.0263  0.0263
  0.0263  0.0263  0.0263  0.0263  0.0263  0.0263  0.0263  0.0264  0.0263  0.0263  0.0263  0.0263
  0.0266  0.0265  0.0264  0.0265  0.0265  0.0265  0.0266  0.0267  0.0265  0.0265  0.0263  0.0264
  0.0269  0.0268  0.0265  0.0267  0.0268  0.0268  0.0269  0.0271  0.0267  0.0269  0.0264  0.0265
niter,ni,del,rscale     1    3    5.0000    0.4000
parameters
   -3.3378  -13.9029   19.3870  -15.6090  -18.0849   -9.6400
    1.4887  -11.3726    4.9648   25.6837   10.7264  -29.8815
eta,q 0.97373 10.65055
  0.0267  0.0266  0.0264  0.0265  0.0266  0.0266  0.0267  0.0268  0.0265  0.0267  0.0264  0.0264
  0.0265  0.0264  0.0263  0.0264  0.0264  0.0264  0.0264  0.0265  0.0264  0.0265  0.0263  0.0263
  0.0263  0.0263  0.0263  0.0263  0.0263  0.0263  0.0263  0.0263  0.0263  0.0263  0.0263  0.0263
  0.0263  0.0263  0.0263  0.0263  0.0263  0.0263  0.0263  0.0263  0.0263  0.0263  0.0263  0.0263
  0.0263  0.0263  0.0263  0.0263  0.0263  0.0263  0.0263  0.0263  0.0263  0.0263  0.0263  0.0263
  0.0265  0.0264  0.0264  0.0264  0.0264  0.0264  0.0264  0.0265  0.0264  0.0264  0.0263  0.0264
  0.0267  0.0266  0.0264  0.0265  0.0266  0.0266  0.0267  0.0268  0.0265  0.0267  0.0264  0.0264
registration optimization eta report
parameter search radius
    0.8000    0.8000    0.8000    2.4000    2.4000    2.4000
    2.4000    2.4000    2.4000    2.4000    2.4000    2.4000
100000*second partial in parameter space
       62.       49.       27.        4.        6.        6.
        7.        9.        4.        7.        2.        3.
  0.0267  0.0266  0.0264  0.0265  0.0266  0.0266  0.0267  0.0268  0.0265  0.0267  0.0264  0.0264
  0.0265  0.0264  0.0263  0.0264  0.0264  0.0264  0.0264  0.0265  0.0264  0.0265  0.0263  0.0263
  0.0263  0.0263  0.0263  0.0263  0.0263  0.0263  0.0263  0.0263  0.0263  0.0263  0.0263  0.0263
  0.0263  0.0263  0.0263  0.0263  0.0263  0.0263  0.0263  0.0263  0.0263  0.0263  0.0263  0.0263
  0.0263  0.0263  0.0263  0.0263  0.0263  0.0263  0.0263  0.0263  0.0263  0.0263  0.0263  0.0263
  0.0265  0.0264  0.0264  0.0264  0.0264  0.0264  0.0264  0.0265  0.0264  0.0264  0.0263  0.0264
  0.0267  0.0266  0.0264  0.0265  0.0266  0.0266  0.0267  0.0268  0.0265  0.0267  0.0264  0.0264
   -3.3378  -13.9029   19.3870  -15.6090  -18.0849   -9.6400
    1.4887  -11.3726    4.9648   25.6837   10.7264  -29.8815
eta,q 0.97373 10.65055

---------------------------------------------------------------------
imgreg_4dfp /opt/freesurfer/average/711-2C_as_mni_average_305 /opt/freesurfer/average/711-2B_as_mni_average_305_mask talsrcimg_g11 none talsrcimg_to_711-2C_as_mni_average_305_t4 2311
---------------------------------------------------------------------

freesurfer imgreg_4dfp.c
/opt/freesurfer/average/711-2C_as_mni_average_305.4dfp.img
       256       256       256         1
  1.000000  1.000000  1.000000
orientation T byte_order littleendian
Reading image: /opt/freesurfer/average/711-2C_as_mni_average_305.4dfp.img
dimensions:      256       256       256
mmppix:       1.0000   -1.0000   -1.0000
center:     128.0000 -129.0000 -129.0000
/opt/freesurfer/average/711-2B_as_mni_average_305_mask.4dfp.img
       256       256       256         1
  1.000000  1.000000  1.000000
orientation T byte_order littleendian
Reading mask: /opt/freesurfer/average/711-2B_as_mni_average_305_mask.4dfp.img (2306576 pixels)
talsrcimg_g11.4dfp.img
       256       256       256         1
  1.000000  1.000000  1.000000
orientation T byte_order littleendian
Reading image: talsrcimg_g11.4dfp.img
dimensions:      256       256       256
mmppix:       1.0000   -1.0000   -1.0000
center:     128.0000 -129.0000 -129.0000
fimgreg.f
image alignment mode   2311 decimal      907 hex
parameters
   -3.3378  -13.9029   19.3870  -15.6090  -18.0849   -9.6400
    1.4887  -11.3726    4.9648   25.6837   10.7264  -29.8815
eta,q 0.97373 10.65055
niter,ni,del,rscale     5    3    5.0000    0.8000
parameters
   -3.3299  -13.8923   19.4096  -15.3729  -18.2361   -9.7257
    1.5169  -11.3905    4.9390   25.6702   10.5531  -29.6029
eta,q 0.97372 10.64775
  0.0279  0.0275  0.0270  0.0274  0.0274  0.0275  0.0277  0.0283  0.0272  0.0278  0.0267  0.0269
  0.0270  0.0268  0.0266  0.0267  0.0268  0.0269  0.0270  0.0272  0.0267  0.0270  0.0265  0.0266
  0.0265  0.0264  0.0264  0.0264  0.0264  0.0264  0.0265  0.0265  0.0264  0.0265  0.0263  0.0263
  0.0263  0.0263  0.0263  0.0263  0.0263  0.0263  0.0263  0.0263  0.0263  0.0263  0.0263  0.0263
  0.0265  0.0264  0.0263  0.0264  0.0264  0.0264  0.0265  0.0265  0.0264  0.0264  0.0263  0.0264
  0.0270  0.0268  0.0266  0.0267  0.0269  0.0269  0.0269  0.0272  0.0267  0.0270  0.0265  0.0265
  0.0278  0.0275  0.0269  0.0271  0.0276  0.0276  0.0277  0.0284  0.0272  0.0278  0.0268  0.0267
niter,ni,del,rscale     4    3    5.0000    0.7000
parameters
   -3.3357  -13.8975   19.3916  -15.4191  -18.1852   -9.7064
    1.4929  -11.3833    4.9821   25.6502   10.5374  -29.6623
eta,q 0.97373 10.64875
  0.0275  0.0272  0.0268  0.0270  0.0272  0.0273  0.0274  0.0279  0.0270  0.0274  0.0266  0.0267
  0.0268  0.0267  0.0265  0.0266  0.0268  0.0268  0.0268  0.0270  0.0266  0.0268  0.0264  0.0264
  0.0264  0.0264  0.0263  0.0263  0.0264  0.0264  0.0264  0.0265  0.0264  0.0264  0.0263  0.0263
  0.0263  0.0263  0.0263  0.0263  0.0263  0.0263  0.0263  0.0263  0.0263  0.0263  0.0263  0.0263
  0.0264  0.0264  0.0264  0.0264  0.0264  0.0264  0.0264  0.0265  0.0264  0.0264  0.0263  0.0264
  0.0268  0.0267  0.0265  0.0266  0.0267  0.0267  0.0268  0.0270  0.0266  0.0268  0.0264  0.0265
  0.0275  0.0272  0.0268  0.0270  0.0272  0.0273  0.0274  0.0279  0.0270  0.0275  0.0266  0.0267
niter,ni,del,rscale     3    3    5.0000    0.6000
parameters
   -3.3353  -13.9023   19.3885  -15.4858  -18.1488   -9.6882
    1.4893  -11.3709    4.9896   25.6558   10.6114  -29.7360
eta,q 0.97372 10.64899
  0.0272  0.0270  0.0267  0.0268  0.0270  0.0270  0.0271  0.0275  0.0268  0.0271  0.0265  0.0266
  0.0267  0.0266  0.0264  0.0265  0.0266  0.0266  0.0267  0.0268  0.0265  0.0267  0.0264  0.0264
  0.0264  0.0264  0.0263  0.0263  0.0264  0.0264  0.0264  0.0264  0.0263  0.0264  0.0263  0.0263
  0.0263  0.0263  0.0263  0.0263  0.0263  0.0263  0.0263  0.0263  0.0263  0.0263  0.0263  0.0263
  0.0264  0.0264  0.0263  0.0264  0.0263  0.0264  0.0264  0.0264  0.0263  0.0264  0.0263  0.0263
  0.0267  0.0266  0.0265  0.0266  0.0266  0.0266  0.0267  0.0268  0.0265  0.0267  0.0264  0.0264
  0.0272  0.0270  0.0267  0.0268  0.0270  0.0270  0.0271  0.0275  0.0268  0.0271  0.0265  0.0266
niter,ni,del,rscale     2    3    5.0000    0.5000
parameters
   -3.3359  -13.9033   19.3839  -15.5527  -18.1116   -9.6681
    1.4850  -11.3698    4.9673   25.6688   10.6728  -29.7997
eta,q 0.97373 10.64939
  0.0269  0.0268  0.0265  0.0267  0.0268  0.0268  0.0269  0.0271  0.0267  0.0269  0.0265  0.0265
  0.0266  0.0265  0.0264  0.0264  0.0265  0.0265  0.0265  0.0267  0.0265  0.0266  0.0264  0.0264
  0.0263  0.0263  0.0263  0.0263  0.0263  0.0263  0.0263  0.0264  0.0263  0.0263  0.0263  0.0263
  0.0263  0.0263  0.0263  0.0263  0.0263  0.0263  0.0263  0.0263  0.0263  0.0263  0.0263  0.0263
  0.0263  0.0263  0.0263  0.0263  0.0263  0.0263  0.0263  0.0264  0.0263  0.0263  0.0263  0.0263
  0.0266  0.0265  0.0264  0.0265  0.0265  0.0265  0.0266  0.0267  0.0265  0.0265  0.0263  0.0264
  0.0269  0.0268  0.0265  0.0267  0.0268  0.0268  0.0269  0.0271  0.0267  0.0269  0.0265  0.0265
niter,ni,del,rscale     1    3    5.0000    0.4000
parameters
   -3.3330  -13.9040   19.3774  -15.6116  -18.0762   -9.6522
    1.4793  -11.3646    4.9696   25.6722   10.7295  -29.8850
eta,q 0.97373 10.64999
  0.0267  0.0266  0.0264  0.0265  0.0266  0.0266  0.0267  0.0268  0.0265  0.0267  0.0264  0.0264
  0.0265  0.0264  0.0263  0.0264  0.0264  0.0264  0.0264  0.0265  0.0264  0.0265  0.0263  0.0263
  0.0263  0.0263  0.0263  0.0263  0.0263  0.0263  0.0263  0.0263  0.0263  0.0263  0.0263  0.0263
  0.0263  0.0263  0.0263  0.0263  0.0263  0.0263  0.0263  0.0263  0.0263  0.0263  0.0263  0.0263
  0.0263  0.0263  0.0263  0.0263  0.0263  0.0263  0.0263  0.0263  0.0263  0.0263  0.0263  0.0263
  0.0265  0.0264  0.0263  0.0264  0.0264  0.0264  0.0265  0.0265  0.0264  0.0264  0.0263  0.0264
  0.0267  0.0266  0.0264  0.0265  0.0266  0.0266  0.0267  0.0268  0.0265  0.0267  0.0264  0.0264
registration optimization eta report
parameter search radius
    0.8000    0.8000    0.8000    2.4000    2.4000    2.4000
    2.4000    2.4000    2.4000    2.4000    2.4000    2.4000
100000*second partial in parameter space
       62.       49.       27.        4.        6.        6.
        7.        9.        4.        7.        2.        3.
  0.0267  0.0266  0.0264  0.0265  0.0266  0.0266  0.0267  0.0268  0.0265  0.0267  0.0264  0.0264
  0.0265  0.0264  0.0263  0.0264  0.0264  0.0264  0.0264  0.0265  0.0264  0.0265  0.0263  0.0263
  0.0263  0.0263  0.0263  0.0263  0.0263  0.0263  0.0263  0.0263  0.0263  0.0263  0.0263  0.0263
  0.0263  0.0263  0.0263  0.0263  0.0263  0.0263  0.0263  0.0263  0.0263  0.0263  0.0263  0.0263
  0.0263  0.0263  0.0263  0.0263  0.0263  0.0263  0.0263  0.0263  0.0263  0.0263  0.0263  0.0263
  0.0265  0.0264  0.0263  0.0264  0.0264  0.0264  0.0265  0.0265  0.0264  0.0264  0.0263  0.0264
  0.0267  0.0266  0.0264  0.0265  0.0266  0.0266  0.0267  0.0268  0.0265  0.0267  0.0264  0.0264
   -3.3330  -13.9040   19.3774  -15.6116  -18.0762   -9.6522
    1.4793  -11.3646    4.9696   25.6722   10.7295  -29.8850
eta,q 0.97373 10.64999

---------------------------------------------------------------------
compute_vox2vox talsrcimg talsrcimg_to_711-2C_as_mni_average_305_t4 /opt/freesurfer/average/711-2C_as_mni_average_305
---------------------------------------------------------------------

freesurfer compute_vox2vox.c
Reading: talsrcimg.4dfp.ifh
Reading: talsrcimg_to_711-2C_as_mni_average_305_t4
Reading: /opt/freesurfer/average/711-2C_as_mni_average_305.4dfp.ifh
Writing: talsrcimg_to_711-2C_as_mni_average_305_t4_vox2vox.txt

start time Sun Mar 8 18:52:14 CET 2026
end		time Sun Mar 8 18:52:27 CET 2026

mpr2mni305 success

avi2talxfm orig_nu.mgz /opt/freesurfer/average/mni305.cor.mgz talsrcimg_to_711-2C_as_mni_average_305_t4_vox2vox.txt transforms/talairach.auto.xfm
avi2talxfm done
mv -f /out/sourcedata/freesurfer/sub-v1s14x0051573_ses-1/mri/talsrcimg_to_711-2C_as_mni_average_305_t4_vox2vox.txt /out/sourcedata/freesurfer/sub-v1s14x0051573_ses-1/mri/transforms/talsrcimg_to_711-2C_as_mni_average_305_t4_vox2vox.txt
lta_convert --src orig_nu.mgz --trg /opt/freesurfer/average/mni305.cor.mgz --inxfm transforms/talairach.auto.xfm --outlta transforms/talairach.auto.xfm.lta --subject fsaverage
7.3.2

--src: orig_nu.mgz src image (geometry).
--trg: /opt/freesurfer/average/mni305.cor.mgz trg image (geometry).
--inmni: transforms/talairach.auto.xfm input MNI/XFM transform.
--outlta: transforms/talairach.auto.xfm.lta output LTA.
--s: fsaverage subject name
 LTA read, type : 1
 1.16569   0.13828   0.02939   1.35863;
-0.14663   0.98549   0.36214  -31.11895;
-0.02476  -0.31721   1.10538  -8.85123;
 0.00000   0.00000   0.00000   1.00000;
setting subject to fsaverage
Writing  LTA to file transforms/talairach.auto.xfm.lta...
lta_convert successful.
 
 
Started at Sun Mar 8 18:52:13 CET 2026
Ended   at Sun Mar  8 18:52:28 CET 2026
talairach_avi done
