status file for recon-all
Sun Mar  8 20:03:23 CET 2026
#@# Tessellate lh Sun Mar  8 20:03:23 CET 2026
#@# Smooth1 lh Sun Mar  8 20:03:26 CET 2026
#@# Inflation1 lh Sun Mar  8 20:03:28 CET 2026
#@# QSphere lh Sun Mar  8 20:03:36 CET 2026
#@# Fix Topology lh Sun Mar  8 20:04:13 CET 2026
#@# Smooth2 lh Sun Mar  8 20:10:31 CET 2026
#@# Inflation2 lh Sun Mar  8 20:10:33 CET 2026
#@# Curv .H and .K lh Sun Mar  8 20:10:41 CET 2026
#@# Sphere lh Sun Mar  8 20:11:19 CET 2026
#@# Surf Reg lh Sun Mar  8 20:13:27 CET 2026
#@# Jacobian white lh Sun Mar  8 20:16:18 CET 2026
#@# AvgCurv lh Sun Mar  8 20:16:18 CET 2026
#@# Cortical Parc lh Sun Mar  8 20:16:19 CET 2026
#@# white curv lh Sun Mar  8 20:21:26 CET 2026
#@# white area lh Sun Mar  8 20:21:27 CET 2026
#@# pial curv lh Sun Mar  8 20:21:28 CET 2026
#@# pial area lh Sun Mar  8 20:21:29 CET 2026
#@# thickness lh Sun Mar  8 20:21:29 CET 2026
#@# area and vertex vol lh Sun Mar  8 20:21:49 CET 2026
#@# Curvature Stats lh Sun Mar  8 20:21:50 CET 2026
#@# Cortical Parc 2 lh Sun Mar  8 20:21:51 CET 2026
#@# Cortical Parc 3 lh Sun Mar  8 20:22:01 CET 2026
#@# WM/GM Contrast lh Sun Mar  8 20:22:09 CET 2026
recon-all -s sub-v1s14x0051574_ses-1 finished without error at Sun Mar  8 20:22:11 CET 2026



#New# invocation of recon-all 



status file for recon-all
Sun Mar  8 20:43:39 CET 2026
#@# white curv lh Sun Mar  8 20:43:39 CET 2026
#@# white area lh Sun Mar  8 20:43:39 CET 2026
#@# pial curv lh Sun Mar  8 20:43:39 CET 2026
#@# pial area lh Sun Mar  8 20:43:39 CET 2026
#@# thickness lh Sun Mar  8 20:43:39 CET 2026
#@# area and vertex vol lh Sun Mar  8 20:43:39 CET 2026
#@# Parcellation Stats lh Sun Mar  8 20:43:39 CET 2026
#@# Parcellation Stats 2 lh Sun Mar  8 20:43:54 CET 2026
#@# Parcellation Stats 3 lh Sun Mar  8 20:44:02 CET 2026
#@# BA_exvivo Labels lh Sun Mar  8 20:44:09 CET 2026
recon-all -s sub-v1s14x0051574_ses-1 finished without error at Sun Mar  8 20:45:58 CET 2026
