status file for recon-all
Sun Mar  8 18:49:58 CET 2026
#@# MotionCor Sun Mar  8 18:49:59 CET 2026
#@# Talairach Sun Mar  8 18:50:04 CET 2026
#@# Talairach Failure Detection Sun Mar  8 18:52:54 CET 2026
#@# Nu Intensity Correction Sun Mar  8 18:52:54 CET 2026
#@# Intensity Normalization Sun Mar  8 18:55:39 CET 2026
recon-all -s sub-v1s14x0051574_ses-1 finished without error at Sun Mar  8 18:56:40 CET 2026



#New# invocation of recon-all 



status file for recon-all
Sun Mar  8 19:02:49 CET 2026
#@# EM Registration Sun Mar  8 19:02:49 CET 2026
recon-all -s sub-v1s14x0051574_ses-1 finished without error at Sun Mar  8 19:04:06 CET 2026



#New# invocation of recon-all 



status file for recon-all
Sun Mar  8 19:04:09 CET 2026
#@# CA Normalize Sun Mar  8 19:04:09 CET 2026
#@# CA Reg Sun Mar  8 19:05:02 CET 2026
#@# SubCort Seg Sun Mar  8 19:38:39 CET 2026
#@# CC Seg Sun Mar  8 19:59:22 CET 2026
#@# Merge ASeg Sun Mar  8 19:59:39 CET 2026
#@# Intensity Normalization2 Sun Mar  8 19:59:39 CET 2026
#@# Mask BFS Sun Mar  8 20:01:05 CET 2026
#@# WM Segmentation Sun Mar  8 20:01:06 CET 2026
#@# Fill Sun Mar  8 20:02:42 CET 2026
recon-all -s sub-v1s14x0051574_ses-1 finished without error at Sun Mar  8 20:03:18 CET 2026



#New# invocation of recon-all 



status file for recon-all
Sun Mar  8 20:40:29 CET 2026
#@# white curv lh Sun Mar  8 20:40:29 CET 2026
#@# white area lh Sun Mar  8 20:40:29 CET 2026
#@# pial curv lh Sun Mar  8 20:40:29 CET 2026
#@# pial area lh Sun Mar  8 20:40:29 CET 2026
#@# thickness lh Sun Mar  8 20:40:29 CET 2026
#@# area and vertex vol lh Sun Mar  8 20:40:29 CET 2026
#@# white curv rh Sun Mar  8 20:40:29 CET 2026
#@# white area rh Sun Mar  8 20:40:29 CET 2026
#@# pial curv rh Sun Mar  8 20:40:29 CET 2026
#@# pial area rh Sun Mar  8 20:40:29 CET 2026
#@# thickness rh Sun Mar  8 20:40:29 CET 2026
#@# area and vertex vol rh Sun Mar  8 20:40:29 CET 2026
#@# Cortical ribbon mask Sun Mar  8 20:40:29 CET 2026
recon-all -s sub-v1s14x0051574_ses-1 finished without error at Sun Mar  8 20:43:34 CET 2026



#New# invocation of recon-all 



status file for recon-all
Sun Mar  8 20:48:25 CET 2026
#@# white curv lh Sun Mar  8 20:48:25 CET 2026
#@# white area lh Sun Mar  8 20:48:25 CET 2026
#@# pial curv lh Sun Mar  8 20:48:25 CET 2026
#@# pial area lh Sun Mar  8 20:48:25 CET 2026
#@# thickness lh Sun Mar  8 20:48:25 CET 2026
#@# area and vertex vol lh Sun Mar  8 20:48:25 CET 2026
#@# white curv rh Sun Mar  8 20:48:25 CET 2026
#@# white area rh Sun Mar  8 20:48:25 CET 2026
#@# pial curv rh Sun Mar  8 20:48:25 CET 2026
#@# pial area rh Sun Mar  8 20:48:25 CET 2026
#@# thickness rh Sun Mar  8 20:48:25 CET 2026
#@# area and vertex vol rh Sun Mar  8 20:48:25 CET 2026
#@# Curvature Stats lh Sun Mar  8 20:48:25 CET 2026
#@# Curvature Stats rh Sun Mar  8 20:48:27 CET 2026
#@# Relabel Hypointensities Sun Mar  8 20:48:29 CET 2026
#@# APas-to-ASeg Sun Mar  8 20:48:39 CET 2026
#@# AParc-to-ASeg aparc Sun Mar  8 20:48:44 CET 2026
#@# AParc-to-ASeg aparc.a2009s Sun Mar  8 20:49:03 CET 2026
#@# AParc-to-ASeg aparc.DKTatlas Sun Mar  8 20:49:21 CET 2026
#@# WMParc Sun Mar  8 20:49:41 CET 2026
#@# ASeg Stats Sun Mar  8 20:51:27 CET 2026
recon-all -s sub-v1s14x0051574_ses-1 finished without error at Sun Mar  8 20:51:44 CET 2026
