/out/sourcedata/freesurfer/sub-v1s14x0051582_ses-1/mri
/opt/freesurfer/bin/talairach_avi
--i orig_nu.mgz --xfm transforms/talairach.auto.xfm
talairach_avi 7.3.2
Linux dna079 5.14.0-427.37.1.el9_4.x86_64 #1 SMP PREEMPT_DYNAMIC Fri Sep 13 12:41:50 EDT 2024 x86_64 x86_64 x86_64 GNU/Linux
Sun Mar  8 19:54:31 CET 2026
mri_convert orig_nu.mgz talsrcimg.img 
reading from orig_nu.mgz...
TR=0.00, TE=0.00, TI=0.00, flip angle=0.00
i_ras = (-1, -4.65661e-10, 0)
j_ras = (-3.72529e-09, 0, -1)
k_ras = (2.09548e-09, 1, 0)
writing to talsrcimg.img...
Analyze Output Matrix
-1.00000  -0.00000   0.00000   133.78833;
-0.00000   0.00000   1.00000  -115.86060;
 0.00000  -1.00000   0.00000   156.52875;
 0.00000   0.00000   0.00000   1.00000;
--------------------
INFO: set hdr.hist.orient to -1
mpr2mni305 talsrcimg
Sun Mar  8 19:54:31 CET 2026
/opt/freesurfer/bin/mpr2mni305 talsrcimg
mpr2mni305 7.3.2
target=711-2C_as_mni_average_305

---------------------------------------------------------------------
analyzeto4dfp talsrcimg -O0 -y
---------------------------------------------------------------------

freesurfer ifh2hdr.c
Sun Mar  8 19:54:31 2026
Writing: talsrcimg.4dfp.hdr
freesurfer analyzeto4dfp.c
Reading: talsrcimg.hdr
header size 348 bytes
hdr.dime.datatype	offset=70	value=2
hdr.dime.bitpix		offset=72	value=8
hdr.hist.orient		offset=252	value=-1
dimensionality     4
dimensions       256       256       256         1
Reading: talsrcimg.img
Writing: talsrcimg.4dfp.img
Writing: talsrcimg.4dfp.ifh
ifh2hdr talsrcimg -r0to255
ori=2

---------------------------------------------------------------------
gauss_4dfp talsrcimg 1.1
---------------------------------------------------------------------

freesurfer gauss_4dfp.c
Reading: talsrcimg.4dfp.img
Writing: talsrcimg_g11.4dfp.img
image dimensions 256 256 256 padded to 288 288 288
processing volume 1freesurfer ifh2hdr.c
Sun Mar  8 19:54:33 2026
Writing: talsrcimg_g11.4dfp.hdr

Writing: talsrcimg_g11.4dfp.ifh
including: talsrcimg.4dfp.img.rec in talsrcimg_g11.4dfp.img.rec

---------------------------------------------------------------------
imgreg_4dfp /opt/freesurfer/average/711-2C_as_mni_average_305 none talsrcimg_g11 none talsrcimg_to_711-2C_as_mni_average_305_t4 4355
---------------------------------------------------------------------

freesurfer imgreg_4dfp.c
/opt/freesurfer/average/711-2C_as_mni_average_305.4dfp.img
       256       256       256         1
  1.000000  1.000000  1.000000
orientation T byte_order littleendian
Reading image: /opt/freesurfer/average/711-2C_as_mni_average_305.4dfp.img
dimensions:      256       256       256
mmppix:       1.0000   -1.0000   -1.0000
center:     128.0000 -129.0000 -129.0000
talsrcimg_g11.4dfp.img
       256       256       256         1
  1.000000  1.000000  1.000000
orientation T byte_order littleendian
Reading image: talsrcimg_g11.4dfp.img
dimensions:      256       256       256
mmppix:       1.0000   -1.0000   -1.0000
center:     128.0000 -129.0000 -129.0000
t4_read: open error in t4_sub.f l:  41 t4_file(1:l)talsrcimg_to_711-2C_as_mni_average_305_t4 
t4_read: transform initialized to I4
rotation matrix determinant  1.000000
image alignment mode   4355 decimal     1103 hex
   -7.5000  -45.0000  -45.0000 8838.3213   14.3270
    0.0000  -45.0000  -45.0000 9210.3477   14.3298
    7.5000  -45.0000  -45.0000 8786.7168   14.3522
   -7.5000  -37.5000  -45.0000 9134.9180   14.3165
    0.0000  -37.5000  -45.0000 9523.3516   14.3212
    7.5000  -37.5000  -45.0000 9076.4092   14.3424
   -7.5000  -30.0000  -45.0000 9715.9346   14.2879
    0.0000  -30.0000  -45.000010152.6523   14.2867
    7.5000  -30.0000  -45.0000 9681.6982   14.3055
   -7.5000  -22.5000  -45.000010287.3193   14.2679
    0.0000  -22.5000  -45.000010750.2705   14.2574
    7.5000  -22.5000  -45.000010270.1211   14.2751
   -7.5000  -15.0000  -45.000010802.5625   14.2763
    0.0000  -15.0000  -45.000011302.1133   14.2617
    7.5000  -15.0000  -45.000010810.7227   14.2810
   -7.5000   -7.5000  -45.000011248.0479   14.3068
    0.0000   -7.5000  -45.000011773.3809   14.2997
    7.5000   -7.5000  -45.000011272.3818   14.3213
   -7.5000    0.0000  -45.000011600.1650   14.3270
    0.0000    0.0000  -45.000012129.5342   14.3298
    7.5000    0.0000  -45.000011619.6875   14.3522
   -7.5000    7.5000  -45.000010905.8320   14.3165
    0.0000    7.5000  -45.000011396.2910   14.3212
    7.5000    7.5000  -45.000010899.9199   14.3424
   -7.5000   15.0000  -45.000010024.7451   14.2879
    0.0000   15.0000  -45.000010476.0762   14.2867
    7.5000   15.0000  -45.000010010.2461   14.3055
   -7.5000   22.5000  -45.0000 9118.2402   14.2659
    0.0000   22.5000  -45.0000 9542.9463   14.2555
    7.5000   22.5000  -45.0000 9106.9766   14.2732
   -7.5000   30.0000  -45.0000 8262.2236   14.0860
    0.0000   30.0000  -45.0000 8646.3496   14.0717
    7.5000   30.0000  -45.0000 8248.6133   14.0907
   -7.5000   37.5000  -45.0000 7654.6011   14.1161
    0.0000   37.5000  -45.0000 7983.1113   14.1091
    7.5000   37.5000  -45.0000 7618.8472   14.1304
   -7.5000   45.0000  -45.0000 6729.5337   13.8001
    0.0000   45.0000  -45.0000 7016.1025   13.8032
    7.5000   45.0000  -45.0000 6685.9507   13.8250
   -7.5000  -45.0000  -37.5000 9437.9492   14.2072
    0.0000  -45.0000  -37.5000 9822.1357   14.2072
    7.5000  -45.0000  -37.5000 9347.6924   14.2190
   -7.5000  -37.5000  -37.5000 9738.1787   14.1944
    0.0000  -37.5000  -37.500010128.3301   14.1938
    7.5000  -37.5000  -37.5000 9641.6494   14.2036
   -7.5000  -30.0000  -37.500010350.3789   14.1669
    0.0000  -30.0000  -37.500010801.8242   14.1600
    7.5000  -30.0000  -37.500010283.3916   14.1686
   -7.5000  -22.5000  -37.500010929.0781   14.1514
    0.0000  -22.5000  -37.500011420.6543   14.1375
    7.5000  -22.5000  -37.500010899.3359   14.1472
   -7.5000  -15.0000  -37.500011472.6484   14.1621
    0.0000  -15.0000  -37.500011974.7227   14.1470
    7.5000  -15.0000  -37.500011440.0996   14.1599
   -7.5000   -7.5000  -37.500011973.6816   14.1905
    0.0000   -7.5000  -37.500012489.2432   14.1830
    7.5000   -7.5000  -37.500011932.1445   14.1967
   -7.5000    0.0000  -37.500012320.6748   14.2072
    0.0000    0.0000  -37.500012840.0215   14.2072
    7.5000    0.0000  -37.500012279.3428   14.2190
   -7.5000    7.5000  -37.500011541.6738   14.1944
    0.0000    7.5000  -37.500012066.7432   14.1938
    7.5000    7.5000  -37.500011515.4961   14.2036
   -7.5000   15.0000  -37.500010571.5068   14.1669
    0.0000   15.0000  -37.500011053.2480   14.1600
    7.5000   15.0000  -37.500010545.3984   14.1686
   -7.5000   22.5000  -37.5000 9606.5479   14.1494
    0.0000   22.5000  -37.500010053.5020   14.1355
    7.5000   22.5000  -37.5000 9586.7979   14.1453
   -7.5000   30.0000  -37.5000 8701.8613   13.9734
    0.0000   30.0000  -37.5000 9107.6650   13.9585
    7.5000   30.0000  -37.5000 8673.9502   13.9712
   -7.5000   37.5000  -37.5000 8035.3154   14.0014
    0.0000   37.5000  -37.5000 8400.4150   13.9940
    7.5000   37.5000  -37.5000 8013.5078   14.0075
   -7.5000   45.0000  -37.5000 7048.4805   13.6846
    0.0000   45.0000  -37.5000 7368.0259   13.6846
    7.5000   45.0000  -37.5000 7018.3354   13.6961
   -7.5000  -45.0000  -30.000010229.3271   14.7601
    0.0000  -45.0000  -30.000010643.8486   14.7596
    7.5000  -45.0000  -30.000010130.1055   14.7675
   -7.5000  -37.5000  -30.000010552.0713   14.7474
    0.0000  -37.5000  -30.000010970.5479   14.7438
    7.5000  -37.5000  -30.000010439.7930   14.7486
   -7.5000  -30.0000  -30.000011208.7471   14.7212
    0.0000  -30.0000  -30.000011677.8125   14.7100
    7.5000  -30.0000  -30.000011121.6533   14.7142
   -7.5000  -22.5000  -30.000011829.3721   14.7070
    0.0000  -22.5000  -30.000012331.1162   14.6903
    7.5000  -22.5000  -30.000011765.0752   14.6974
   -7.5000  -15.0000  -30.000012404.8389   14.7168
    0.0000  -15.0000  -30.000012917.1807   14.7020
    7.5000  -15.0000  -30.000012315.9902   14.7136
   -7.5000   -7.5000  -30.000012911.1230   14.7436
    0.0000   -7.5000  -30.000013433.1201   14.7375
    7.5000   -7.5000  -30.000012826.5039   14.7493
   -7.5000    0.0000  -30.000013254.0684   14.7601
    0.0000    0.0000  -30.000013783.1465   14.7596
    7.5000    0.0000  -30.000013160.3926   14.7675
   -7.5000    7.5000  -30.000012427.6982   14.7474
    0.0000    7.5000  -30.000012952.4756   14.7438
    7.5000    7.5000  -30.000012371.2051   14.7486
   -7.5000   15.0000  -30.000011390.2041   14.7212
    0.0000   15.0000  -30.000011870.9375   14.7100
    7.5000   15.0000  -30.000011329.2295   14.7142
   -7.5000   22.5000  -30.000010306.5986   14.7035
    0.0000   22.5000  -30.000010766.9473   14.6868
    7.5000   22.5000  -30.000010269.6494   14.6939
   -7.5000   30.0000  -30.0000 9283.5439   14.5221
    0.0000   30.0000  -30.0000 9720.9570   14.5075
    7.5000   30.0000  -30.0000 9263.2715   14.5189
   -7.5000   37.5000  -30.0000 8564.4902   14.5485
    0.0000   37.5000  -30.0000 8958.4219   14.5425
    7.5000   37.5000  -30.0000 8540.0420   14.5542
   -7.5000   45.0000  -30.0000 7506.0601   14.2277
    0.0000   45.0000  -30.0000 7840.5664   14.2270
    7.5000   45.0000  -30.0000 7478.8379   14.2346
   -7.5000  -45.0000  -22.500011064.3867   15.2494
    0.0000  -45.0000  -22.500011500.6953   15.2511
    7.5000  -45.0000  -22.500010952.0869   15.2665
   -7.5000  -37.5000  -22.500011404.9014   15.2377
    0.0000  -37.5000  -22.500011842.7021   15.2364
    7.5000  -37.5000  -22.500011265.1494   15.2488
   -7.5000  -30.0000  -22.500012095.4736   15.2091
    0.0000  -30.0000  -22.500012575.4082   15.1999
    7.5000  -30.0000  -22.500011954.1367   15.2106
   -7.5000  -22.5000  -22.500012737.2471   15.1904
    0.0000  -22.5000  -22.500013260.5547   15.1754
    7.5000  -22.5000  -22.500012621.8057   15.1877
   -7.5000  -15.0000  -22.500013350.3477   15.1978
    0.0000  -15.0000  -22.500013908.0518   15.1846
    7.5000  -15.0000  -22.500013221.4365   15.2009
   -7.5000   -7.5000  -22.500013899.0967   15.2282
    0.0000   -7.5000  -22.500014449.2031   15.2238
    7.5000   -7.5000  -22.500013778.2744   15.2416
   -7.5000    0.0000  -22.500014228.0889   15.2494
    0.0000    0.0000  -22.500014800.9434   15.2511
    7.5000    0.0000  -22.500014129.0166   15.2665
   -7.5000    7.5000  -22.500013338.7549   15.2377
    0.0000    7.5000  -22.500013884.8525   15.2364
    7.5000    7.5000  -22.500013285.7705   15.2488
   -7.5000   15.0000  -22.500012217.4072   15.2091
    0.0000   15.0000  -22.500012716.5508   15.1999
    7.5000   15.0000  -22.500012159.1260   15.2106
   -7.5000   22.5000  -22.500011039.2568   15.1857
    0.0000   22.5000  -22.500011518.4219   15.1707
    7.5000   22.5000  -22.500011011.6475   15.1830
   -7.5000   30.0000  -22.5000 9902.8779   14.9990
    0.0000   30.0000  -22.500010361.3623   14.9860
    7.5000   30.0000  -22.5000 9897.8711   15.0021
   -7.5000   37.5000  -22.5000 9098.9551   15.0290
    0.0000   37.5000  -22.5000 9499.3564   15.0247
    7.5000   37.5000  -22.5000 9088.4502   15.0422
   -7.5000   45.0000  -22.5000 7981.3286   14.7106
    0.0000   45.0000  -22.5000 8327.4658   14.7122
    7.5000   45.0000  -22.5000 7957.6660   14.7268
   -7.5000  -45.0000  -15.000011858.9863   15.5863
    0.0000  -45.0000  -15.000012360.0586   15.5907
    7.5000  -45.0000  -15.000011793.2646   15.6181
   -7.5000  -37.5000  -15.000012245.2490   15.5756
    0.0000  -37.5000  -15.000012726.0625   15.5789
    7.5000  -37.5000  -15.000012117.3320   15.6037
   -7.5000  -30.0000  -15.000012973.5879   15.5445
    0.0000  -30.0000  -15.000013468.6641   15.5399
    7.5000  -30.0000  -15.000012818.8408   15.5608
   -7.5000  -22.5000  -15.000013642.2178   15.5206
    0.0000  -22.5000  -15.000014196.3340   15.5082
    7.5000  -22.5000  -15.000013502.8545   15.5276
   -7.5000  -15.0000  -15.000014288.2588   15.5262
    0.0000  -15.0000  -15.000014895.7676   15.5132
    7.5000  -15.0000  -15.000014166.4873   15.5354
   -7.5000   -7.5000  -15.000014861.9160   15.5607
    0.0000   -7.5000  -15.000015487.0264   15.5567
    7.5000   -7.5000  -15.000014752.6133   15.5828
   -7.5000    0.0000  -15.000015178.8584   15.5863
    0.0000    0.0000  -15.000015830.2568   15.5907
    7.5000    0.0000  -15.000015122.5654   15.6181
   -7.5000    7.5000  -15.000014218.5996   15.5756
    0.0000    7.5000  -15.000014816.2041   15.5789
    7.5000    7.5000  -15.000014183.5547   15.6037
   -7.5000   15.0000  -15.000012993.0322   15.5445
    0.0000   15.0000  -15.000013546.9453   15.5399
    7.5000   15.0000  -15.000012990.5469   15.5608
   -7.5000   22.5000  -15.000011763.5596   15.5151
    0.0000   22.5000  -15.000012269.6260   15.5027
    7.5000   22.5000  -15.000011774.0107   15.5221
   -7.5000   30.0000  -15.000010551.9580   15.3253
    0.0000   30.0000  -15.000011032.0791   15.3124
    7.5000   30.0000  -15.000010598.8838   15.3343
   -7.5000   37.5000  -15.0000 9671.0889   15.3593
    0.0000   37.5000  -15.000010110.6377   15.3554
    7.5000   37.5000  -15.0000 9693.6650   15.3811
   -7.5000   45.0000  -15.0000 8471.1299   15.0445
    0.0000   45.0000  -15.0000 8843.5801   15.0491
    7.5000   45.0000  -15.0000 8476.0918   15.0755
   -7.5000  -45.0000   -7.500012720.3975   15.7566
    0.0000  -45.0000   -7.500013247.4424   15.7622
    7.5000  -45.0000   -7.500012642.1904   15.7938
   -7.5000  -37.5000   -7.500013153.1982   15.7465
    0.0000  -37.5000   -7.500013679.7422   15.7528
    7.5000  -37.5000   -7.500013022.1299   15.7829
   -7.5000  -30.0000   -7.500013900.2734   15.7145
    0.0000  -30.0000   -7.500014454.8389   15.7135
    7.5000  -30.0000   -7.500013767.0488   15.7392
   -7.5000  -22.5000   -7.500014565.6562   15.6892
    0.0000  -22.5000   -7.500015170.6221   15.6785
    7.5000  -22.5000   -7.500014435.0459   15.7014
   -7.5000  -15.0000   -7.500015234.3027   15.6955
    0.0000  -15.0000   -7.500015909.2412   15.6814
    7.5000  -15.0000   -7.500015163.0713   15.7059
   -7.5000   -7.5000   -7.500015836.8672   15.7311
    0.0000   -7.5000   -7.500016547.2891   15.7258
    7.5000   -7.5000   -7.500015787.0068   15.7546
   -7.5000    0.0000   -7.500016138.2158   15.7566
    0.0000    0.0000   -7.500016871.7129   15.7622
    7.5000    0.0000   -7.500016125.7812   15.7938
   -7.5000    7.5000   -7.500015124.2383   15.7465
    0.0000    7.5000   -7.500015780.2598   15.7528
    7.5000    7.5000   -7.500015113.0479   15.7829
   -7.5000   15.0000   -7.500013862.8643   15.7145
    0.0000   15.0000   -7.500014462.9072   15.7135
    7.5000   15.0000   -7.500013876.1514   15.7392
   -7.5000   22.5000   -7.500012571.1396   15.6820
    0.0000   22.5000   -7.500013142.4453   15.6713
    7.5000   22.5000   -7.500012616.9287   15.6941
   -7.5000   30.0000   -7.500011285.8584   15.4920
    0.0000   30.0000   -7.500011806.4004   15.4781
    7.5000   30.0000   -7.500011323.4121   15.5022
   -7.5000   37.5000   -7.500010306.8262   15.5271
    0.0000   37.5000   -7.500010784.0400   15.5219
    7.5000   37.5000   -7.500010327.0654   15.5503
   -7.5000   45.0000   -7.5000 9008.0889   15.2116
    0.0000   45.0000   -7.5000 9412.8066   15.2174
    7.5000   45.0000   -7.5000 9035.7598   15.2482
   -7.5000  -45.0000    0.000013444.8604   15.8057
    0.0000  -45.0000    0.000014019.5029   15.8088
    7.5000  -45.0000    0.000013376.6670   15.8334
   -7.5000  -37.5000    0.000013964.4023   15.7935
    0.0000  -37.5000    0.000014571.8262   15.7985
    7.5000  -37.5000    0.000013846.6338   15.8219
   -7.5000  -30.0000    0.000014802.1455   15.7612
    0.0000  -30.0000    0.000015444.7910   15.7595
    7.5000  -30.0000    0.000014687.4111   15.7801
   -7.5000  -22.5000    0.000015468.8291   15.7388
    0.0000  -22.5000    0.000016126.9561   15.7269
    7.5000  -22.5000    0.000015366.4414   15.7462
   -7.5000  -15.0000    0.000016140.3945   15.7485
    0.0000  -15.0000    0.000016877.4023   15.7322
    7.5000  -15.0000    0.000016091.3857   15.7532
   -7.5000   -7.5000    0.000016775.1621   15.7831
    0.0000   -7.5000    0.000017550.5918   15.7752
    7.5000   -7.5000    0.000016733.3633   15.7987
   -7.5000    0.0000    0.000017110.6445   15.8057
    0.0000    0.0000    0.000017889.0312   15.8088
    7.5000    0.0000    0.000017043.0293   15.8334
   -7.5000    7.5000    0.000016070.5996   15.7935
    0.0000    7.5000    0.000016735.6113   15.7985
    7.5000    7.5000    0.000015980.6670   15.8219
   -7.5000   15.0000    0.000014743.7598   15.7612
    0.0000   15.0000    0.000015363.3555   15.7595
    7.5000   15.0000    0.000014697.1172   15.7801
   -7.5000   22.5000    0.000013363.0596   15.7316
    0.0000   22.5000    0.000013965.7012   15.7197
    7.5000   22.5000    0.000013370.9092   15.7390
   -7.5000   30.0000    0.000011984.9863   15.5447
    0.0000   30.0000    0.000012535.9785   15.5286
    7.5000   30.0000    0.000011996.6992   15.5493
   -7.5000   37.5000    0.000010927.4766   15.5788
    0.0000   37.5000    0.000011425.8887   15.5710
    7.5000   37.5000    0.000010924.2871   15.5942
   -7.5000   45.0000    0.0000 9532.3545   15.2600
    0.0000   45.0000    0.0000 9949.7949   15.2633
    7.5000   45.0000    0.0000 9517.4873   15.2873
   -7.5000  -45.0000    7.500013103.4355   15.8367
    0.0000  -45.0000    7.500013679.3037   15.8365
    7.5000  -45.0000    7.500013020.4336   15.8497
   -7.5000  -37.5000    7.500013708.5127   15.8225
    0.0000  -37.5000    7.500014380.9248   15.8218
    7.5000  -37.5000    7.500013578.5801   15.8327
   -7.5000  -30.0000    7.500014717.4678   15.7922
    0.0000  -30.0000    7.500015493.0605   15.7842
    7.5000  -30.0000    7.500014584.9580   15.7938
   -7.5000  -22.5000    7.500015416.2373   15.7751
    0.0000  -22.5000    7.500016177.7158   15.7590
    7.5000  -22.5000    7.500015334.8057   15.7700
   -7.5000  -15.0000    7.500016044.6455   15.7868
    0.0000  -15.0000    7.500016800.7852   15.7694
    7.5000  -15.0000    7.500015969.1670   15.7839
   -7.5000   -7.5000    7.500016628.1641   15.8181
    0.0000   -7.5000    7.500017367.9629   15.8095
    7.5000   -7.5000    7.500016477.6855   15.8248
   -7.5000    0.0000    7.500016917.8105   15.8367
    0.0000    0.0000    7.500017613.0898   15.8365
    7.5000    0.0000    7.500016684.5312   15.8497
   -7.5000    7.5000    7.500015801.8906   15.8225
    0.0000    7.5000    7.500016446.9141   15.8218
    7.5000    7.5000    7.500015598.3525   15.8327
   -7.5000   15.0000    7.500014474.0684   15.7922
    0.0000   15.0000    7.500015080.4561   15.7842
    7.5000   15.0000    7.500014344.9199   15.7938
   -7.5000   22.5000    7.500013108.8945   15.7678
    0.0000   22.5000    7.500013699.4248   15.7518
    7.5000   22.5000    7.500013079.9697   15.7627
   -7.5000   30.0000    7.500011738.6025   15.5825
    0.0000   30.0000    7.500012271.7412   15.5654
    7.5000   30.0000    7.500011700.9092   15.5797
   -7.5000   37.5000    7.500010681.0957   15.6134
    0.0000   37.5000    7.500011174.8262   15.6049
    7.5000   37.5000    7.500010668.0400   15.6200
   -7.5000   45.0000    7.5000 9305.2842   15.2899
    0.0000   45.0000    7.5000 9709.5850   15.2898
    7.5000   45.0000    7.5000 9282.5918   15.3027
   -7.5000  -45.0000   15.000012648.2275   15.8495
    0.0000  -45.0000   15.000013202.3535   15.8489
    7.5000  -45.0000   15.000012545.6377   15.8575
   -7.5000  -37.5000   15.000013311.1074   15.8358
    0.0000  -37.5000   15.000013988.2900   15.8320
    7.5000  -37.5000   15.000013090.9551   15.8372
   -7.5000  -30.0000   15.000014421.8887   15.8077
    0.0000  -30.0000   15.000015260.8838   15.7956
    7.5000  -30.0000   15.000014173.4746   15.8002
   -7.5000  -22.5000   15.000015194.3418   15.7925
    0.0000  -22.5000   15.000016024.2217   15.7745
    7.5000  -22.5000   15.000014924.3389   15.7821
   -7.5000  -15.0000   15.000015769.6211   15.8030
    0.0000  -15.0000   15.000016541.8047   15.7871
    7.5000  -15.0000   15.000015470.8408   15.7995
   -7.5000   -7.5000   15.000016207.5400   15.8318
    0.0000   -7.5000   15.000016960.1055   15.8252
    7.5000   -7.5000   15.000015926.6465   15.8379
   -7.5000    0.0000   15.000016334.7051   15.8495
    0.0000    0.0000   15.000017054.1504   15.8489
    7.5000    0.0000   15.000016083.1826   15.8575
   -7.5000    7.5000   15.000015195.4785   15.8358
    0.0000    7.5000   15.000015839.9258   15.8320
    7.5000    7.5000   15.000014982.2793   15.8372
   -7.5000   15.0000   15.000013936.0088   15.8077
    0.0000   15.0000   15.000014511.7207   15.7956
    7.5000   15.0000   15.000013777.9189   15.8002
   -7.5000   22.5000   15.000012651.6309   15.7852
    0.0000   22.5000   15.000013215.3975   15.7672
    7.5000   22.5000   15.000012592.9502   15.7749
   -7.5000   30.0000   15.000011334.9424   15.5984
    0.0000   30.0000   15.000011838.2764   15.5828
    7.5000   30.0000   15.000011298.2041   15.5950
   -7.5000   37.5000   15.000010324.3496   15.6269
    0.0000   37.5000   15.000010798.2402   15.6204
    7.5000   37.5000   15.000010303.2578   15.6329
   -7.5000   45.0000   15.0000 9007.5576   15.3025
    0.0000   45.0000   15.0000 9399.9404   15.3018
    7.5000   45.0000   15.0000 8957.5605   15.3099
   -7.5000  -45.0000   22.500012140.9746   15.8302
    0.0000  -45.0000   22.500012685.1670   15.8319
    7.5000  -45.0000   22.500012013.3965   15.8479
   -7.5000  -37.5000   22.500012710.4775   15.8180
    0.0000  -37.5000   22.500013366.2480   15.8166
    7.5000  -37.5000   22.500012554.5566   15.8295
   -7.5000  -30.0000   22.500013648.6113   15.7883
    0.0000  -30.0000   22.500014366.8027   15.7788
    7.5000  -30.0000   22.500013454.4922   15.7899
   -7.5000  -22.5000   22.500014327.1338   15.7689
    0.0000  -22.5000   22.500014965.0234   15.7533
    7.5000  -22.5000   22.500014049.5127   15.7660
   -7.5000  -15.0000   22.500014912.7090   15.7766
    0.0000  -15.0000   22.500015586.9580   15.7629
    7.5000  -15.0000   22.500014622.5420   15.7798
   -7.5000   -7.5000   22.500015409.7451   15.8082
    0.0000   -7.5000   22.500016173.1289   15.8036
    7.5000   -7.5000   22.500015201.2578   15.8220
   -7.5000    0.0000   22.500015573.7480   15.8302
    0.0000    0.0000   22.500016298.5781   15.8319
    7.5000    0.0000   22.500015385.3271   15.8479
   -7.5000    7.5000   22.500014481.1533   15.8180
    0.0000    7.5000   22.500015129.8965   15.8166
    7.5000    7.5000   22.500014311.1094   15.8295
   -7.5000   15.0000   22.500013284.6514   15.7883
    0.0000   15.0000   22.500013862.7979   15.7788
    7.5000   15.0000   22.500013135.3018   15.7899
   -7.5000   22.5000   22.500012042.5488   15.7616
    0.0000   22.5000   22.500012618.0312   15.7461
    7.5000   22.5000   22.500011991.1797   15.7588
   -7.5000   30.0000   22.500010791.1543   15.5724
    0.0000   30.0000   22.500011298.1582   15.5589
    7.5000   30.0000   22.500010755.2822   15.5756
   -7.5000   37.5000   22.5000 9831.9443   15.6036
    0.0000   37.5000   22.500010294.0283   15.5991
    7.5000   37.5000   22.5000 9799.4473   15.6173
   -7.5000   45.0000   22.5000 8581.7568   15.2840
    0.0000   45.0000   22.5000 8962.0986   15.2857
    7.5000   45.0000   22.5000 8512.7568   15.3009
   -7.5000  -45.0000   30.000011354.8545   15.8036
    0.0000  -45.0000   30.000011906.2646   15.8081
    7.5000  -45.0000   30.000011315.1143   15.8359
   -7.5000  -37.5000   30.000011828.7803   15.7929
    0.0000  -37.5000   30.000012459.4053   15.7962
    7.5000  -37.5000   30.000011817.8750   15.8214
   -7.5000  -30.0000   30.000012664.0664   15.7613
    0.0000  -30.0000   30.000013251.2744   15.7567
    7.5000  -30.0000   30.000012550.9365   15.7779
   -7.5000  -22.5000   30.000013301.1182   15.7370
    0.0000  -22.5000   30.000013852.4521   15.7245
    7.5000  -22.5000   30.000013116.6006   15.7442
   -7.5000  -15.0000   30.000013897.4775   15.7426
    0.0000  -15.0000   30.000014511.8213   15.7294
    7.5000  -15.0000   30.000013732.1572   15.7520
   -7.5000   -7.5000   30.000014428.8115   15.7777
    0.0000   -7.5000   30.000015110.9561   15.7736
    7.5000   -7.5000   30.000014303.8457   15.8001
   -7.5000    0.0000   30.000014617.5674   15.8036
    0.0000    0.0000   30.000015297.9902   15.8081
    7.5000    0.0000   30.000014487.5078   15.8359
   -7.5000    7.5000   30.000013595.4404   15.7929
    0.0000    7.5000   30.000014216.6006   15.7962
    7.5000    7.5000   30.000013470.8438   15.8214
   -7.5000   15.0000   30.000012495.4990   15.7613
    0.0000   15.0000   30.000013071.9004   15.7567
    7.5000   15.0000   30.000012372.5186   15.7779
   -7.5000   22.5000   30.000011315.3574   15.7298
    0.0000   22.5000   30.000011866.0967   15.7172
    7.5000   22.5000   30.000011268.6104   15.7369
   -7.5000   30.0000   30.000010092.3330   15.5389
    0.0000   30.0000   30.000010590.1455   15.5258
    7.5000   30.0000   30.000010076.6729   15.5481
   -7.5000   37.5000   30.0000 9205.1465   15.5735
    0.0000   37.5000   30.0000 9649.9082   15.5695
    7.5000   37.5000   30.0000 9188.4658   15.5956
   -7.5000   45.0000   30.0000 8030.2734   15.2584
    0.0000   45.0000   30.0000 8411.8252   15.2630
    7.5000   45.0000   30.0000 7995.1475   15.2898
   -7.5000  -45.0000   37.500011007.2842   15.9584
    0.0000  -45.0000   37.500011543.8232   15.9641
    7.5000  -45.0000   37.500011040.9971   15.9964
   -7.5000  -37.5000   37.500011447.3916   15.9477
    0.0000  -37.5000   37.500012025.2432   15.9542
    7.5000  -37.5000   37.500011485.7988   15.9849
   -7.5000  -30.0000   37.500012217.4795   15.9143
    0.0000  -30.0000   37.500012739.7627   15.9134
    7.5000  -30.0000   37.500012156.4648   15.9396
   -7.5000  -22.5000   37.500012860.0352   15.8878
    0.0000  -22.5000   37.500013384.6133   15.8772
    7.5000  -22.5000   37.500012777.6348   15.9007
   -7.5000  -15.0000   37.500013493.8896   15.8944
    0.0000  -15.0000   37.500014083.4971   15.8804
    7.5000  -15.0000   37.500013417.3730   15.9056
   -7.5000   -7.5000   37.500014056.1299   15.9315
    0.0000   -7.5000   37.500014668.9961   15.9264
    7.5000   -7.5000   37.500013963.1914   15.9560
   -7.5000    0.0000   37.500014249.6436   15.9584
    0.0000    0.0000   37.500014852.7490   15.9641
    7.5000    0.0000   37.500014147.2832   15.9964
   -7.5000    7.5000   37.500013237.5352   15.9477
    0.0000    7.5000   37.500013805.8506   15.9542
    7.5000    7.5000   37.500013131.2822   15.9849
   -7.5000   15.0000   37.500012144.1367   15.9143
    0.0000   15.0000   37.500012692.8281   15.9134
    7.5000   15.0000   37.500012043.6133   15.9396
   -7.5000   22.5000   37.500011001.9863   15.8805
    0.0000   22.5000   37.500011514.8936   15.8699
    7.5000   22.5000   37.500010953.6650   15.8934
   -7.5000   30.0000   37.5000 9784.5625   15.6887
    0.0000   30.0000   37.500010244.2979   15.6749
    7.5000   30.0000   37.5000 9764.4297   15.6998
   -7.5000   37.5000   37.5000 8911.4297   15.7254
    0.0000   37.5000   37.5000 9319.1943   15.7203
    7.5000   37.5000   37.5000 8889.0068   15.7495
   -7.5000   45.0000   37.5000 7793.4819   15.4078
    0.0000   45.0000   37.5000 8121.4604   15.4138
    7.5000   45.0000   37.5000 7745.2461   15.4452
   -7.5000  -45.0000   45.000010187.3604   16.1250
    0.0000  -45.0000   45.000010690.5889   16.1277
    7.5000  -45.0000   45.000010227.7871   16.1528
   -7.5000  -37.5000   45.000010590.3184   16.1122
    0.0000  -37.5000   45.000011100.8623   16.1166
    7.5000  -37.5000   45.000010612.6416   16.1400
   -7.5000  -30.0000   45.000011277.9443   16.0790
    0.0000  -30.0000   45.000011740.9307   16.0761
    7.5000  -30.0000   45.000011232.7949   16.0960
   -7.5000  -22.5000   45.000011863.8447   16.0560
    0.0000  -22.5000   45.000012353.8857   16.0427
    7.5000  -22.5000   45.000011817.4736   16.0609
   -7.5000  -15.0000   45.000012456.6885   16.0663
    0.0000  -15.0000   45.000012997.7051   16.0487
    7.5000  -15.0000   45.000012418.0488   16.0692
   -7.5000   -7.5000   45.000013000.5693   16.1020
    0.0000   -7.5000   45.000013544.5928   16.0934
    7.5000   -7.5000   45.000012929.2617   16.1171
   -7.5000    0.0000   45.000013190.9736   16.1250
    0.0000    0.0000   45.000013739.7305   16.1277
    7.5000    0.0000   45.000013094.4941   16.1528
   -7.5000    7.5000   45.000012258.7637   16.1122
    0.0000    7.5000   45.000012765.9844   16.1166
    7.5000    7.5000   45.000012150.9629   16.1400
   -7.5000   15.0000   45.000011227.1299   16.0790
    0.0000   15.0000   45.000011710.6064   16.0761
    7.5000   15.0000   45.000011146.3945   16.0960
   -7.5000   22.5000   45.000010167.2861   16.0486
    0.0000   22.5000   45.000010603.3438   16.0353
    7.5000   22.5000   45.000010102.8955   16.0535
   -7.5000   30.0000   45.0000 9033.1680   15.8570
    0.0000   30.0000   45.0000 9428.0859   15.8397
    7.5000   30.0000   45.0000 8985.9346   15.8599
   -7.5000   37.5000   45.0000 8226.9707   15.8922
    0.0000   37.5000   45.0000 8581.7217   15.8837
    7.5000   37.5000   45.0000 8198.8691   15.9071
   -7.5000   45.0000   45.0000 7186.9692   15.5737
    0.0000   45.0000   45.0000 7491.9917   15.5767
    7.5000   45.0000   45.0000 7159.8960   15.6013

---------------------------------------------------------------------
imgreg_4dfp /opt/freesurfer/average/711-2C_as_mni_average_305 /opt/freesurfer/average/711-2B_as_mni_average_305_mask talsrcimg_g11 none talsrcimg_to_711-2C_as_mni_average_305_t4 4355
---------------------------------------------------------------------

freesurfer imgreg_4dfp.c
/opt/freesurfer/average/711-2C_as_mni_average_305.4dfp.img
       256       256       256         1
  1.000000  1.000000  1.000000
orientation T byte_order littleendian
Reading image: /opt/freesurfer/average/711-2C_as_mni_average_305.4dfp.img
dimensions:      256       256       256
mmppix:       1.0000   -1.0000   -1.0000
center:     128.0000 -129.0000 -129.0000
/opt/freesurfer/average/711-2B_as_mni_average_305_mask.4dfp.img
       256       256       256         1
  1.000000  1.000000  1.000000
orientation T byte_order littleendian
Reading mask: /opt/freesurfer/average/711-2B_as_mni_average_305_mask.4dfp.img (2306576 pixels)
talsrcimg_g11.4dfp.img
       256       256       256         1
  1.000000  1.000000  1.000000
orientation T byte_order littleendian
Reading image: talsrcimg_g11.4dfp.img
dimensions:      256       256       256
mmppix:       1.0000   -1.0000   -1.0000
center:     128.0000 -129.0000 -129.0000
rotation matrix determinant  1.000000
image alignment mode   4355 decimal     1103 hex
   -7.5000  -45.0000  -45.0000 2254.1011   14.5674
    0.0000  -45.0000  -45.0000 2253.5022   14.5941
    7.5000  -45.0000  -45.0000 2233.9006   14.8031
   -7.5000  -37.5000  -45.0000 2295.0186   13.9842
    0.0000  -37.5000  -45.0000 2294.6252   14.0065
    7.5000  -37.5000  -45.0000 2269.1624   14.2356
   -7.5000  -30.0000  -45.0000 2312.0398   13.6628
    0.0000  -30.0000  -45.0000 2314.4634   13.6823
    7.5000  -30.0000  -45.0000 2285.8064   13.9329
   -7.5000  -22.5000  -45.0000 2305.9202   13.6998
    0.0000  -22.5000  -45.0000 2314.5793   13.6734
    7.5000  -22.5000  -45.0000 2288.3269   13.9332
   -7.5000  -15.0000  -45.0000 2285.3247   13.9865
    0.0000  -15.0000  -45.0000 2296.6987   13.9658
    7.5000  -15.0000  -45.0000 2269.2444   14.2075
   -7.5000   -7.5000  -45.0000 2244.6331   14.6109
    0.0000   -7.5000  -45.0000 2260.3281   14.5532
    7.5000   -7.5000  -45.0000 2237.4656   14.7704
   -7.5000    0.0000  -45.0000 2193.4685   15.4961
    0.0000    0.0000  -45.0000 2205.3850   15.4458
    7.5000    0.0000  -45.0000 2185.1848   15.6298
   -7.5000    7.5000  -45.0000 2124.2046   16.6283
    0.0000    7.5000  -45.0000 2135.0083   16.5747
    7.5000    7.5000  -45.0000 2113.7119   16.8052
   -7.5000   15.0000  -45.0000 2034.7666   18.1589
    0.0000   15.0000  -45.0000 2040.9594   18.0687
    7.5000   15.0000  -45.0000 2020.9655   18.3880
   -7.5000   22.5000  -45.0000 1924.2684   20.2085
    0.0000   22.5000  -45.0000 1938.5302   20.0651
    7.5000   22.5000  -45.0000 1920.6398   20.4146
   -7.5000   30.0000  -45.0000 1812.2135   22.9795
    0.0000   30.0000  -45.0000 1827.9662   22.7547
    7.5000   30.0000  -45.0000 1811.0348   23.1151
   -7.5000   37.5000  -45.0000 1685.7655   26.6875
    0.0000   37.5000  -45.0000 1697.3081   26.3760
    7.5000   37.5000  -45.0000 1684.7853   26.8111
   -7.5000   45.0000  -45.0000 1559.9598   31.8272
    0.0000   45.0000  -45.0000 1575.0093   31.5525
    7.5000   45.0000  -45.0000 1556.6991   32.1433
   -7.5000  -45.0000  -37.5000 2355.3826   13.4978
    0.0000  -45.0000  -37.5000 2352.9219   13.4956
    7.5000  -45.0000  -37.5000 2330.1819   13.6642
   -7.5000  -37.5000  -37.5000 2393.7595   12.9610
    0.0000  -37.5000  -37.5000 2395.2285   12.9588
    7.5000  -37.5000  -37.5000 2365.9360   13.1292
   -7.5000  -30.0000  -37.5000 2412.6050   12.6214
    0.0000  -30.0000  -37.5000 2417.7495   12.6103
    7.5000  -30.0000  -37.5000 2387.2815   12.8209
   -7.5000  -22.5000  -37.5000 2410.1284   12.6011
    0.0000  -22.5000  -37.5000 2419.8804   12.5481
    7.5000  -22.5000  -37.5000 2392.5437   12.7751
   -7.5000  -15.0000  -37.5000 2390.4170   12.8458
    0.0000  -15.0000  -37.5000 2401.1560   12.8049
    7.5000  -15.0000  -37.5000 2371.7173   13.0313
   -7.5000   -7.5000  -37.5000 2352.4795   13.4411
    0.0000   -7.5000  -37.5000 2365.0569   13.3876
    7.5000   -7.5000  -37.5000 2338.3928   13.5731
   -7.5000    0.0000  -37.5000 2294.3743   14.2580
    0.0000    0.0000  -37.5000 2303.1174   14.2008
    7.5000    0.0000  -37.5000 2285.4319   14.3533
   -7.5000    7.5000  -37.5000 2218.6675   15.3015
    0.0000    7.5000  -37.5000 2231.5859   15.2383
    7.5000    7.5000  -37.5000 2210.9175   15.4185
   -7.5000   15.0000  -37.5000 2122.3000   16.7007
    0.0000   15.0000  -37.5000 2131.5537   16.6094
    7.5000   15.0000  -37.5000 2113.4666   16.8243
   -7.5000   22.5000  -37.5000 2012.0565   18.5465
    0.0000   22.5000  -37.5000 2023.9012   18.4390
    7.5000   22.5000  -37.5000 2005.8114   18.6628
   -7.5000   30.0000  -37.5000 1896.4078   20.9995
    0.0000   30.0000  -37.5000 1910.0708   20.8496
    7.5000   30.0000  -37.5000 1890.6549   21.1518
   -7.5000   37.5000  -37.5000 1759.3945   24.3590
    0.0000   37.5000  -37.5000 1768.5878   24.1021
    7.5000   37.5000  -37.5000 1756.7994   24.3892
   -7.5000   45.0000  -37.5000 1622.7020   28.8817
    0.0000   45.0000  -37.5000 1637.9862   28.6428
    7.5000   45.0000  -37.5000 1617.7485   29.0884
   -7.5000  -45.0000  -30.0000 2495.6345   12.9632
    0.0000  -45.0000  -30.0000 2493.8103   12.9540
    7.5000  -45.0000  -30.0000 2467.1418   13.0772
   -7.5000  -37.5000  -30.0000 2536.4629   12.4383
    0.0000  -37.5000  -30.0000 2539.9575   12.3886
    7.5000  -37.5000  -30.0000 2510.0005   12.5496
   -7.5000  -30.0000  -30.0000 2560.4995   12.0939
    0.0000  -30.0000  -30.0000 2563.9802   12.0567
    7.5000  -30.0000  -30.0000 2535.2336   12.2362
   -7.5000  -22.5000  -30.0000 2561.6021   12.0493
    0.0000  -22.5000  -30.0000 2568.1465   11.9867
    7.5000  -22.5000  -30.0000 2542.2573   12.1755
   -7.5000  -15.0000  -30.0000 2541.0840   12.2676
    0.0000  -15.0000  -30.0000 2548.9836   12.2086
    7.5000  -15.0000  -30.0000 2520.7024   12.4005
   -7.5000   -7.5000  -30.0000 2501.8267   12.8187
    0.0000   -7.5000  -30.0000 2510.6458   12.7470
    7.5000   -7.5000  -30.0000 2484.3738   12.9109
   -7.5000    0.0000  -30.0000 2439.7537   13.5864
    0.0000    0.0000  -30.0000 2446.7434   13.5072
    7.5000    0.0000  -30.0000 2423.5061   13.6603
   -7.5000    7.5000  -30.0000 2357.2312   14.5868
    0.0000    7.5000  -30.0000 2366.9998   14.5077
    7.5000    7.5000  -30.0000 2346.5288   14.6557
   -7.5000   15.0000  -30.0000 2254.4346   15.8873
    0.0000   15.0000  -30.0000 2265.4438   15.8093
    7.5000   15.0000  -30.0000 2242.9084   15.9889
   -7.5000   22.5000  -30.0000 2136.1597   17.6403
    0.0000   22.5000  -30.0000 2147.7654   17.5542
    7.5000   22.5000  -30.0000 2123.1116   17.7335
   -7.5000   30.0000  -30.0000 2005.4673   19.9468
    0.0000   30.0000  -30.0000 2021.0671   19.8246
    7.5000   30.0000  -30.0000 1996.5066   20.0641
   -7.5000   37.5000  -30.0000 1864.8713   23.0966
    0.0000   37.5000  -30.0000 1876.7925   22.9054
    7.5000   37.5000  -30.0000 1857.6324   23.1579
   -7.5000   45.0000  -30.0000 1714.1971   27.3155
    0.0000   45.0000  -30.0000 1731.1573   27.1213
    7.5000   45.0000  -30.0000 1713.3246   27.5230
   -7.5000  -45.0000  -22.5000 2607.4346   12.3284
    0.0000  -45.0000  -22.5000 2609.9731   12.2880
    7.5000  -45.0000  -22.5000 2579.5386   12.4056
   -7.5000  -37.5000  -22.5000 2659.5693   11.7973
    0.0000  -37.5000  -22.5000 2662.4001   11.7059
    7.5000  -37.5000  -22.5000 2627.7317   11.8531
   -7.5000  -30.0000  -22.5000 2682.4260   11.4558
    0.0000  -30.0000  -22.5000 2690.3835   11.3835
    7.5000  -30.0000  -22.5000 2658.6509   11.5331
   -7.5000  -22.5000  -22.5000 2686.3132   11.3904
    0.0000  -22.5000  -22.5000 2695.6057   11.3113
    7.5000  -22.5000  -22.5000 2666.3967   11.4585
   -7.5000  -15.0000  -22.5000 2667.6399   11.6093
    0.0000  -15.0000  -22.5000 2679.5828   11.5184
    7.5000  -15.0000  -22.5000 2646.2461   11.6965
   -7.5000   -7.5000  -22.5000 2630.1331   12.1013
    0.0000   -7.5000  -22.5000 2640.7725   12.0037
    7.5000   -7.5000  -22.5000 2610.4482   12.1681
   -7.5000    0.0000  -22.5000 2560.2644   12.8192
    0.0000    0.0000  -22.5000 2574.3691   12.7153
    7.5000    0.0000  -22.5000 2548.2446   12.8827
   -7.5000    7.5000  -22.5000 2471.3833   13.7436
    0.0000    7.5000  -22.5000 2485.3638   13.6666
    7.5000    7.5000  -22.5000 2464.3416   13.8231
   -7.5000   15.0000  -22.5000 2362.7593   14.9806
    0.0000   15.0000  -22.5000 2377.0757   14.8946
    7.5000   15.0000  -22.5000 2352.7983   15.0846
   -7.5000   22.5000  -22.5000 2236.2588   16.6061
    0.0000   22.5000  -22.5000 2253.0935   16.5170
    7.5000   22.5000  -22.5000 2228.2151   16.6916
   -7.5000   30.0000  -22.5000 2092.8157   18.7523
    0.0000   30.0000  -22.5000 2109.4839   18.6513
    7.5000   30.0000  -22.5000 2086.2532   18.8319
   -7.5000   37.5000  -22.5000 1942.7738   21.7008
    0.0000   37.5000  -22.5000 1955.3768   21.5711
    7.5000   37.5000  -22.5000 1936.2799   21.7573
   -7.5000   45.0000  -22.5000 1792.5659   25.6145
    0.0000   45.0000  -22.5000 1802.4158   25.4775
    7.5000   45.0000  -22.5000 1787.8118   25.7965
   -7.5000  -45.0000  -15.0000 2682.5840   11.6800
    0.0000  -45.0000  -15.0000 2692.8625   11.6092
    7.5000  -45.0000  -15.0000 2665.7793   11.7708
   -7.5000  -37.5000  -15.0000 2747.8845   11.1659
    0.0000  -37.5000  -15.0000 2753.4832   11.0678
    7.5000  -37.5000  -15.0000 2721.5002   11.2093
   -7.5000  -30.0000  -15.0000 2778.6482   10.8128
    0.0000  -30.0000  -15.0000 2788.7634   10.7178
    7.5000  -30.0000  -15.0000 2752.8152   10.8605
   -7.5000  -22.5000  -15.0000 2786.7036   10.7064
    0.0000  -22.5000  -15.0000 2802.1467   10.6138
    7.5000  -22.5000  -15.0000 2766.0662   10.7629
   -7.5000  -15.0000  -15.0000 2767.5627   10.9196
    0.0000  -15.0000  -15.0000 2788.2766   10.8279
    7.5000  -15.0000  -15.0000 2752.4258   10.9777
   -7.5000   -7.5000  -15.0000 2727.1323   11.3921
    0.0000   -7.5000  -15.0000 2746.4788   11.2682
    7.5000   -7.5000  -15.0000 2713.6997   11.4359
   -7.5000    0.0000  -15.0000 2655.5432   12.0595
    0.0000    0.0000  -15.0000 2677.0764   11.9391
    7.5000    0.0000  -15.0000 2649.4421   12.1054
   -7.5000    7.5000  -15.0000 2559.4666   12.9574
    0.0000    7.5000  -15.0000 2575.8555   12.8469
    7.5000    7.5000  -15.0000 2554.9312   13.0233
   -7.5000   15.0000  -15.0000 2440.2363   14.1370
    0.0000   15.0000  -15.0000 2459.1196   14.0179
    7.5000   15.0000  -15.0000 2436.4302   14.2227
   -7.5000   22.5000  -15.0000 2310.3208   15.6420
    0.0000   22.5000  -15.0000 2330.1543   15.5453
    7.5000   22.5000  -15.0000 2305.9385   15.7568
   -7.5000   30.0000  -15.0000 2155.6377   17.6632
    0.0000   30.0000  -15.0000 2177.0461   17.5388
    7.5000   30.0000  -15.0000 2159.5295   17.7422
   -7.5000   37.5000  -15.0000 2002.1938   20.4078
    0.0000   37.5000  -15.0000 2017.1198   20.2843
    7.5000   37.5000  -15.0000 1996.8474   20.5153
   -7.5000   45.0000  -15.0000 1841.0906   24.0672
    0.0000   45.0000  -15.0000 1854.2587   23.8991
    7.5000   45.0000  -15.0000 1841.2261   24.1958
   -7.5000  -45.0000   -7.5000 2742.9280   11.1445
    0.0000  -45.0000   -7.5000 2752.6501   11.0739
    7.5000  -45.0000   -7.5000 2722.0518   11.2475
   -7.5000  -37.5000   -7.5000 2813.7415   10.6021
    0.0000  -37.5000   -7.5000 2824.6650   10.5268
    7.5000  -37.5000   -7.5000 2791.2617   10.6699
   -7.5000  -30.0000   -7.5000 2854.2434   10.2426
    0.0000  -30.0000   -7.5000 2869.3657   10.1498
    7.5000  -30.0000   -7.5000 2835.2500   10.3139
   -7.5000  -22.5000   -7.5000 2869.9353   10.0758
    0.0000  -22.5000   -7.5000 2888.7190    9.9957
    7.5000  -22.5000   -7.5000 2847.1763   10.1656
   -7.5000  -15.0000   -7.5000 2848.1140   10.2916
    0.0000  -15.0000   -7.5000 2873.7422   10.1904
    7.5000  -15.0000   -7.5000 2836.6553   10.3558
   -7.5000   -7.5000   -7.5000 2803.8628   10.7332
    0.0000   -7.5000   -7.5000 2829.8323   10.6323
    7.5000   -7.5000   -7.5000 2796.5176   10.7876
   -7.5000    0.0000   -7.5000 2723.1060   11.3758
    0.0000    0.0000   -7.5000 2750.6826   11.2506
    7.5000    0.0000   -7.5000 2723.1423   11.4362
   -7.5000    7.5000   -7.5000 2626.7278   12.2458
    0.0000    7.5000   -7.5000 2646.9304   12.1325
    7.5000    7.5000   -7.5000 2620.7510   12.3399
   -7.5000   15.0000   -7.5000 2509.8743   13.3580
    0.0000   15.0000   -7.5000 2527.2102   13.2711
    7.5000   15.0000   -7.5000 2500.2732   13.4848
   -7.5000   22.5000   -7.5000 2372.1758   14.8301
    0.0000   22.5000   -7.5000 2393.7219   14.7097
    7.5000   22.5000   -7.5000 2368.3135   14.9194
   -7.5000   30.0000   -7.5000 2213.9128   16.7361
    0.0000   30.0000   -7.5000 2235.6750   16.6344
    7.5000   30.0000   -7.5000 2213.5002   16.8326
   -7.5000   37.5000   -7.5000 2046.9216   19.2668
    0.0000   37.5000   -7.5000 2062.2571   19.1551
    7.5000   37.5000   -7.5000 2046.1239   19.3899
   -7.5000   45.0000   -7.5000 1881.6771   22.6717
    0.0000   45.0000   -7.5000 1894.8417   22.4888
    7.5000   45.0000   -7.5000 1883.3297   22.8069
   -7.5000  -45.0000    0.0000 2775.0327   10.7952
    0.0000  -45.0000    0.0000 2787.5574   10.7307
    7.5000  -45.0000    0.0000 2761.7629   10.8992
   -7.5000  -37.5000    0.0000 2856.6797   10.2505
    0.0000  -37.5000    0.0000 2871.0073   10.1924
    7.5000  -37.5000    0.0000 2839.5957   10.3358
   -7.5000  -30.0000    0.0000 2907.3450    9.8738
    0.0000  -30.0000    0.0000 2930.0020    9.8181
    7.5000  -30.0000    0.0000 2893.9048    9.9712
   -7.5000  -22.5000    0.0000 2928.6438    9.6652
    0.0000  -22.5000    0.0000 2957.7261    9.5854
    7.5000  -22.5000    0.0000 2908.7063    9.7847
   -7.5000  -15.0000    0.0000 2907.8813    9.8397
    0.0000  -15.0000    0.0000 2937.4312    9.7398
    7.5000  -15.0000    0.0000 2897.1667    9.9362
   -7.5000   -7.5000    0.0000 2860.0193   10.2751
    0.0000   -7.5000    0.0000 2888.2463   10.1720
    7.5000   -7.5000    0.0000 2854.9648   10.3405
   -7.5000    0.0000    0.0000 2780.8223   10.9156
    0.0000    0.0000    0.0000 2807.3657   10.7971
    7.5000    0.0000    0.0000 2778.3245   10.9584
   -7.5000    7.5000    0.0000 2677.8865   11.7465
    0.0000    7.5000    0.0000 2697.7283   11.6391
    7.5000    7.5000    0.0000 2674.5742   11.8282
   -7.5000   15.0000    0.0000 2551.9797   12.8569
    0.0000   15.0000    0.0000 2572.7424   12.7487
    7.5000   15.0000    0.0000 2549.5337   12.9670
   -7.5000   22.5000    0.0000 2416.0112   14.2853
    0.0000   22.5000    0.0000 2438.5276   14.1621
    7.5000   22.5000    0.0000 2413.6387   14.4006
   -7.5000   30.0000    0.0000 2254.5288   16.1605
    0.0000   30.0000    0.0000 2273.0298   16.0231
    7.5000   30.0000    0.0000 2252.9590   16.2288
   -7.5000   37.5000    0.0000 2081.7542   18.5417
    0.0000   37.5000    0.0000 2095.5981   18.3926
    7.5000   37.5000    0.0000 2078.3467   18.6243
   -7.5000   45.0000    0.0000 1911.2712   21.6700
    0.0000   45.0000    0.0000 1924.6719   21.4888
    7.5000   45.0000    0.0000 1908.5172   21.8110
   -7.5000  -45.0000    7.5000 2789.9065   10.6180
    0.0000  -45.0000    7.5000 2801.8091   10.5547
    7.5000  -45.0000    7.5000 2778.9312   10.7044
   -7.5000  -37.5000    7.5000 2879.4839   10.0855
    0.0000  -37.5000    7.5000 2900.2505   10.0336
    7.5000  -37.5000    7.5000 2872.0774   10.1412
   -7.5000  -30.0000    7.5000 2946.5415    9.7557
    0.0000  -30.0000    7.5000 2975.3245    9.7314
    7.5000  -30.0000    7.5000 2934.3809    9.8209
   -7.5000  -22.5000    7.5000 2970.4175    9.5431
    0.0000  -22.5000    7.5000 3009.4844    9.4776
    7.5000  -22.5000    7.5000 2960.4761    9.6408
   -7.5000  -15.0000    7.5000 2944.7092    9.6296
    0.0000  -15.0000    7.5000 2981.5303    9.5527
    7.5000  -15.0000    7.5000 2941.1899    9.7265
   -7.5000   -7.5000    7.5000 2896.5474    9.9779
    0.0000   -7.5000    7.5000 2924.8535    9.8888
    7.5000   -7.5000    7.5000 2894.3037   10.0463
   -7.5000    0.0000    7.5000 2813.1868   10.6092
    0.0000    0.0000    7.5000 2838.7629   10.4807
    7.5000    0.0000    7.5000 2811.2532   10.6194
   -7.5000    7.5000    7.5000 2706.6521   11.4509
    0.0000    7.5000    7.5000 2729.4094   11.3197
    7.5000    7.5000    7.5000 2703.8701   11.4925
   -7.5000   15.0000    7.5000 2577.0652   12.5749
    0.0000   15.0000    7.5000 2598.0581   12.4519
    7.5000   15.0000    7.5000 2572.4768   12.6383
   -7.5000   22.5000    7.5000 2436.7161   14.0059
    0.0000   22.5000    7.5000 2461.2993   13.8724
    7.5000   22.5000    7.5000 2440.9995   14.0573
   -7.5000   30.0000    7.5000 2277.4524   15.8186
    0.0000   30.0000    7.5000 2297.4861   15.6545
    7.5000   30.0000    7.5000 2278.6865   15.8474
   -7.5000   37.5000    7.5000 2100.2085   18.1336
    0.0000   37.5000    7.5000 2116.3423   17.9901
    7.5000   37.5000    7.5000 2103.1414   18.1703
   -7.5000   45.0000    7.5000 1918.9504   21.1685
    0.0000   45.0000    7.5000 1933.3705   20.9984
    7.5000   45.0000    7.5000 1926.6023   21.2639
   -7.5000  -45.0000   15.0000 2781.8545   10.5455
    0.0000  -45.0000   15.0000 2798.4814   10.4761
    7.5000  -45.0000   15.0000 2778.2256   10.6310
   -7.5000  -37.5000   15.0000 2883.5098   10.0661
    0.0000  -37.5000   15.0000 2904.8152   10.0022
    7.5000  -37.5000   15.0000 2878.2322   10.0837
   -7.5000  -30.0000   15.0000 2963.1052    9.7863
    0.0000  -30.0000   15.0000 2991.1304    9.7501
    7.5000  -30.0000   15.0000 2950.6624    9.7589
   -7.5000  -22.5000   15.0000 2989.2661    9.5681
    0.0000  -22.5000   15.0000 3028.5955    9.5347
    7.5000  -22.5000   15.0000 2981.0210    9.5996
   -7.5000  -15.0000   15.0000 2956.3572    9.5976
    0.0000  -15.0000   15.0000 2998.2366    9.5321
    7.5000  -15.0000   15.0000 2957.6101    9.6425
   -7.5000   -7.5000   15.0000 2897.8586    9.8782
    0.0000   -7.5000   15.0000 2933.8713    9.7970
    7.5000   -7.5000   15.0000 2903.0857    9.9419
   -7.5000    0.0000   15.0000 2812.1492   10.4541
    0.0000    0.0000   15.0000 2840.0803   10.3490
    7.5000    0.0000   15.0000 2814.6538   10.5023
   -7.5000    7.5000   15.0000 2706.3367   11.2903
    0.0000    7.5000   15.0000 2729.8228   11.1695
    7.5000    7.5000   15.0000 2708.4604   11.3375
   -7.5000   15.0000   15.0000 2582.0164   12.4143
    0.0000   15.0000   15.0000 2598.5361   12.2909
    7.5000   15.0000   15.0000 2580.8875   12.4691
   -7.5000   22.5000   15.0000 2439.7302   13.8337
    0.0000   22.5000   15.0000 2462.2942   13.7205
    7.5000   22.5000   15.0000 2444.3401   13.9199
   -7.5000   30.0000   15.0000 2278.8621   15.6451
    0.0000   30.0000   15.0000 2295.8108   15.5343
    7.5000   30.0000   15.0000 2279.8030   15.7212
   -7.5000   37.5000   15.0000 2101.4553   17.9928
    0.0000   37.5000   15.0000 2118.0891   17.8737
    7.5000   37.5000   15.0000 2105.4341   18.0265
   -7.5000   45.0000   15.0000 1926.1493   20.9320
    0.0000   45.0000   15.0000 1938.2500   20.8360
    7.5000   45.0000   15.0000 1928.1902   21.0714
   -7.5000  -45.0000   22.5000 2759.7144   10.7047
    0.0000  -45.0000   22.5000 2773.5396   10.6181
    7.5000  -45.0000   22.5000 2758.4341   10.7649
   -7.5000  -37.5000   22.5000 2869.4363   10.1722
    0.0000  -37.5000   22.5000 2886.2522   10.0956
    7.5000  -37.5000   22.5000 2867.0938   10.1815
   -7.5000  -30.0000   22.5000 2953.1934    9.8109
    0.0000  -30.0000   22.5000 2977.8997    9.7789
    7.5000  -30.0000   22.5000 2946.9417    9.8225
   -7.5000  -22.5000   22.5000 2979.3513    9.5770
    0.0000  -22.5000   22.5000 3014.1301    9.4833
    7.5000  -22.5000   22.5000 2973.0706    9.5993
   -7.5000  -15.0000   22.5000 2950.5503    9.6336
    0.0000  -15.0000   22.5000 2985.9270    9.5080
    7.5000  -15.0000   22.5000 2945.5110    9.6513
   -7.5000   -7.5000   22.5000 2885.5652    9.9871
    0.0000   -7.5000   22.5000 2920.1963    9.8922
    7.5000   -7.5000   22.5000 2892.1301   10.0560
   -7.5000    0.0000   22.5000 2796.0781   10.5897
    0.0000    0.0000   22.5000 2817.1118   10.5233
    7.5000    0.0000   22.5000 2796.9229   10.6914
   -7.5000    7.5000   22.5000 2686.7920   11.4162
    0.0000    7.5000   22.5000 2703.3594   11.3435
    7.5000    7.5000   22.5000 2689.1177   11.5177
   -7.5000   15.0000   22.5000 2560.6631   12.5103
    0.0000   15.0000   22.5000 2574.5769   12.4082
    7.5000   15.0000   22.5000 2563.3896   12.5833
   -7.5000   22.5000   22.5000 2418.7344   13.8803
    0.0000   22.5000   22.5000 2441.1411   13.7576
    7.5000   22.5000   22.5000 2428.9456   13.9580
   -7.5000   30.0000   22.5000 2258.7864   15.6444
    0.0000   30.0000   22.5000 2278.6404   15.5289
    7.5000   30.0000   22.5000 2267.2830   15.7165
   -7.5000   37.5000   22.5000 2086.8479   17.9460
    0.0000   37.5000   22.5000 2103.4773   17.8132
    7.5000   37.5000   22.5000 2092.8428   18.0230
   -7.5000   45.0000   22.5000 1918.1184   20.9049
    0.0000   45.0000   22.5000 1926.4471   20.7300
    7.5000   45.0000   22.5000 1913.2917   21.0392
   -7.5000  -45.0000   30.0000 2722.9089   10.9793
    0.0000  -45.0000   30.0000 2736.2954   10.8817
    7.5000  -45.0000   30.0000 2726.8811   11.0476
   -7.5000  -37.5000   30.0000 2835.2349   10.3923
    0.0000  -37.5000   30.0000 2849.8879   10.3297
    7.5000  -37.5000   30.0000 2838.2546   10.4473
   -7.5000  -30.0000   30.0000 2911.1919   10.0066
    0.0000  -30.0000   30.0000 2933.5596    9.9442
    7.5000  -30.0000   30.0000 2908.8521   10.0502
   -7.5000  -22.5000   30.0000 2941.5798    9.7942
    0.0000  -22.5000   30.0000 2969.3611    9.6561
    7.5000  -22.5000   30.0000 2934.2112    9.7894
   -7.5000  -15.0000   30.0000 2916.4927    9.8657
    0.0000  -15.0000   30.0000 2949.9736    9.7231
    7.5000  -15.0000   30.0000 2915.0435    9.8804
   -7.5000   -7.5000   30.0000 2853.3840   10.2430
    0.0000   -7.5000   30.0000 2884.9827   10.1420
    7.5000   -7.5000   30.0000 2861.3992   10.3051
   -7.5000    0.0000   30.0000 2759.9548   10.8771
    0.0000    0.0000   30.0000 2782.4902   10.7869
    7.5000    0.0000   30.0000 2761.1350   10.9779
   -7.5000    7.5000   30.0000 2646.2937   11.7129
    0.0000    7.5000   30.0000 2667.0649   11.6483
    7.5000    7.5000   30.0000 2651.2224   11.8506
   -7.5000   15.0000   30.0000 2521.7756   12.8123
    0.0000   15.0000   30.0000 2541.5894   12.7408
    7.5000   15.0000   30.0000 2528.2122   12.9021
   -7.5000   22.5000   30.0000 2386.1951   14.1115
    0.0000   22.5000   30.0000 2405.8303   14.0460
    7.5000   22.5000   30.0000 2392.9458   14.2316
   -7.5000   30.0000   30.0000 2225.5754   15.8485
    0.0000   30.0000   30.0000 2239.8250   15.7539
    7.5000   30.0000   30.0000 2232.5144   15.9336
   -7.5000   37.5000   30.0000 2057.3730   18.1699
    0.0000   37.5000   30.0000 2069.6301   18.0249
    7.5000   37.5000   30.0000 2064.3369   18.2321
   -7.5000   45.0000   30.0000 1890.2911   21.1276
    0.0000   45.0000   30.0000 1907.8556   20.9119
    7.5000   45.0000   30.0000 1894.7346   21.2127
   -7.5000  -45.0000   37.5000 2680.8301   11.3974
    0.0000  -45.0000   37.5000 2697.3616   11.3050
    7.5000  -45.0000   37.5000 2689.5078   11.4893
   -7.5000  -37.5000   37.5000 2782.5032   10.8009
    0.0000  -37.5000   37.5000 2803.8157   10.7096
    7.5000  -37.5000   37.5000 2793.5928   10.8755
   -7.5000  -30.0000   37.5000 2848.1096   10.3897
    0.0000  -30.0000   37.5000 2876.1045   10.2662
    7.5000  -30.0000   37.5000 2855.1487   10.4121
   -7.5000  -22.5000   37.5000 2879.1772   10.1882
    0.0000  -22.5000   37.5000 2906.1321   10.0351
    7.5000  -22.5000   37.5000 2886.2178   10.1655
   -7.5000  -15.0000   37.5000 2859.4121   10.2907
    0.0000  -15.0000   37.5000 2888.8311   10.1679
    7.5000  -15.0000   37.5000 2866.2107   10.3075
   -7.5000   -7.5000   37.5000 2798.8496   10.6964
    0.0000   -7.5000   37.5000 2824.7703   10.6001
    7.5000   -7.5000   37.5000 2806.9417   10.7497
   -7.5000    0.0000   37.5000 2708.2983   11.3265
    0.0000    0.0000   37.5000 2726.7124   11.2358
    7.5000    0.0000   37.5000 2708.3220   11.4119
   -7.5000    7.5000   37.5000 2597.7917   12.1638
    0.0000    7.5000   37.5000 2616.9790   12.0788
    7.5000    7.5000   37.5000 2598.7224   12.2768
   -7.5000   15.0000   37.5000 2475.7942   13.2339
    0.0000   15.0000   37.5000 2498.0020   13.1561
    7.5000   15.0000   37.5000 2481.8250   13.3225
   -7.5000   22.5000   37.5000 2337.0476   14.5727
    0.0000   22.5000   37.5000 2355.6428   14.4931
    7.5000   22.5000   37.5000 2348.6624   14.6491
   -7.5000   30.0000   37.5000 2176.5918   16.2925
    0.0000   30.0000   37.5000 2193.5317   16.2119
    7.5000   30.0000   37.5000 2186.7185   16.3807
   -7.5000   37.5000   37.5000 2017.1218   18.5602
    0.0000   37.5000   37.5000 2031.2731   18.4165
    7.5000   37.5000   37.5000 2021.6824   18.6506
   -7.5000   45.0000   37.5000 1862.9714   21.5496
    0.0000   45.0000   37.5000 1876.7915   21.3680
    7.5000   45.0000   37.5000 1866.4521   21.6543
   -7.5000  -45.0000   45.0000 2627.7444   11.9863
    0.0000  -45.0000   45.0000 2648.8015   11.8828
    7.5000  -45.0000   45.0000 2639.0691   12.0639
   -7.5000  -37.5000   45.0000 2720.0493   11.3642
    0.0000  -37.5000   45.0000 2745.3367   11.2500
    7.5000  -37.5000   45.0000 2737.3936   11.4250
   -7.5000  -30.0000   45.0000 2773.7095   10.9438
    0.0000  -30.0000   45.0000 2805.1689   10.7798
    7.5000  -30.0000   45.0000 2794.3357   10.9250
   -7.5000  -22.5000   45.0000 2799.4641   10.7366
    0.0000  -22.5000   45.0000 2823.0444   10.5919
    7.5000  -22.5000   45.0000 2812.7354   10.7170
   -7.5000  -15.0000   45.0000 2778.6560   10.8757
    0.0000  -15.0000   45.0000 2806.4500   10.7529
    7.5000  -15.0000   45.0000 2793.8904   10.8895
   -7.5000   -7.5000   45.0000 2722.9800   11.2910
    0.0000   -7.5000   45.0000 2746.1875   11.2044
    7.5000   -7.5000   45.0000 2732.7549   11.3581
   -7.5000    0.0000   45.0000 2633.6716   11.9332
    0.0000    0.0000   45.0000 2654.0728   11.8255
    7.5000    0.0000   45.0000 2641.7144   11.9982
   -7.5000    7.5000   45.0000 2532.6135   12.7340
    0.0000    7.5000   45.0000 2550.9060   12.6424
    7.5000    7.5000   45.0000 2535.8782   12.8222
   -7.5000   15.0000   45.0000 2417.0676   13.7779
    0.0000   15.0000   45.0000 2434.2434   13.7078
    7.5000   15.0000   45.0000 2421.5476   13.8794
   -7.5000   22.5000   45.0000 2278.0981   15.1340
    0.0000   22.5000   45.0000 2294.7275   15.0592
    7.5000   22.5000   45.0000 2284.9714   15.2422
   -7.5000   30.0000   45.0000 2118.3242   16.9056
    0.0000   30.0000   45.0000 2134.6343   16.8032
    7.5000   30.0000   45.0000 2125.8611   16.9930
   -7.5000   37.5000   45.0000 1966.5830   19.2076
    0.0000   37.5000   45.0000 1980.4465   19.0767
    7.5000   37.5000   45.0000 1972.3424   19.2920
   -7.5000   45.0000   45.0000 1822.6497   22.2350
    0.0000   45.0000   45.0000 1836.6498   22.1069
    7.5000   45.0000   45.0000 1827.4702   22.3180

---------------------------------------------------------------------
imgreg_4dfp /opt/freesurfer/average/711-2C_as_mni_average_305 /opt/freesurfer/average/711-2B_as_mni_average_305_mask talsrcimg_g11 none talsrcimg_to_711-2C_as_mni_average_305_t4 1283
---------------------------------------------------------------------

freesurfer imgreg_4dfp.c
/opt/freesurfer/average/711-2C_as_mni_average_305.4dfp.img
       256       256       256         1
  1.000000  1.000000  1.000000
orientation T byte_order littleendian
Reading image: /opt/freesurfer/average/711-2C_as_mni_average_305.4dfp.img
dimensions:      256       256       256
mmppix:       1.0000   -1.0000   -1.0000
center:     128.0000 -129.0000 -129.0000
/opt/freesurfer/average/711-2B_as_mni_average_305_mask.4dfp.img
       256       256       256         1
  1.000000  1.000000  1.000000
orientation T byte_order littleendian
Reading mask: /opt/freesurfer/average/711-2B_as_mni_average_305_mask.4dfp.img (2306576 pixels)
talsrcimg_g11.4dfp.img
       256       256       256         1
  1.000000  1.000000  1.000000
orientation T byte_order littleendian
Reading image: talsrcimg_g11.4dfp.img
dimensions:      256       256       256
mmppix:       1.0000   -1.0000   -1.0000
center:     128.0000 -129.0000 -129.0000
rotation matrix determinant  1.000000
fimgreg.f
image alignment mode   1283 decimal      503 hex
parameters
    0.0000  -22.5000   15.0000    0.0000    0.0000    0.0000
eta,q 0.94944  9.57226
niter,ni,del,rscale     5    3   12.0000    1.2000
parameter  5  0.900725 ->  0.500000 qaram    1.1500
parameter  6  0.587545 ->  0.500000 qaram    1.1500
parameters
   -0.0919  -23.6768   15.2715   -1.8417   -3.4500   -3.4500
eta,q 0.95672  9.55335
  0.0615  0.0543  0.0549  0.0501  0.0451  0.0443
  0.0558  0.0496  0.0519  0.0492  0.0449  0.0434
  0.0506  0.0481  0.0491  0.0479  0.0454  0.0434
  0.0493  0.0492  0.0484  0.0482  0.0479  0.0449
  0.0512  0.0519  0.0490  0.0499  0.0513  0.0479
  0.0558  0.0550  0.0511  0.0530  0.0551  0.0519
  0.0625  0.0576  0.0538  0.0558  0.0586  0.0561
niter,ni,del,rscale     6    3   12.0000    1.2000
parameter  4  0.963970 ->  0.500000 qaram    1.1500
parameters
    0.2589  -22.5356   15.8838   -5.2917   -4.7541   -4.3721
eta,q 0.95814  9.57506
  0.0591  0.0573  0.0486  0.0411  0.0465  0.0461
  0.0516  0.0517  0.0450  0.0417  0.0437  0.0432
  0.0463  0.0465  0.0429  0.0417  0.0421  0.0421
  0.0433  0.0431  0.0427  0.0428  0.0417  0.0417
  0.0440  0.0433  0.0428  0.0453  0.0433  0.0426
  0.0490  0.0463  0.0435  0.0477  0.0474  0.0453
  0.0564  0.0500  0.0464  0.0495  0.0530  0.0496
niter,ni,del,rscale     6    3   12.0000    1.2000
parameter  4  0.686156 ->  0.500000 qaram    1.3225
parameters
    0.3452  -20.7214   15.2653   -9.2592   -4.5544   -4.8507
eta,q 0.96119  9.57809
  0.0581  0.0549  0.0446  0.0393  0.0486  0.0450
  0.0496  0.0496  0.0410  0.0390  0.0434  0.0410
  0.0439  0.0453  0.0401  0.0391  0.0401  0.0387
  0.0419  0.0419  0.0404  0.0403  0.0390  0.0390
  0.0434  0.0404  0.0412  0.0431  0.0395  0.0404
  0.0489  0.0419  0.0432  0.0466  0.0425  0.0427
  0.0573  0.0458  0.0460  0.0497  0.0477  0.0462
niter,ni,del,rscale     6    3   12.0000    1.2000
parameters
    0.0190  -19.2993   14.6444  -10.9073   -4.4579   -4.8970
eta,q 0.96093  9.57832
  0.0546  0.0522  0.0445  0.0420  0.0486  0.0456
  0.0456  0.0459  0.0406  0.0392  0.0427  0.0419
  0.0403  0.0409  0.0389  0.0391  0.0400  0.0395
  0.0388  0.0388  0.0389  0.0387  0.0391  0.0391
  0.0416  0.0392  0.0403  0.0390  0.0397  0.0399
  0.0487  0.0407  0.0429  0.0428  0.0425  0.0421
  0.0581  0.0432  0.0469  0.0480  0.0480  0.0457
niter,ni,del,rscale     5    3   12.0000    1.2000
parameters
    0.1741  -18.7518   14.6721  -11.1643   -4.6691   -4.8519
eta,q 0.96063  9.57530
  0.0568  0.0488  0.0459  0.0443  0.0479  0.0458
  0.0476  0.0425  0.0418  0.0404  0.0423  0.0422
  0.0415  0.0389  0.0396  0.0392  0.0400  0.0398
  0.0391  0.0391  0.0394  0.0394  0.0394  0.0394
  0.0406  0.0402  0.0400  0.0388  0.0401  0.0401
  0.0463  0.0411  0.0417  0.0405  0.0432  0.0421
  0.0553  0.0448  0.0456  0.0456  0.0491  0.0455
niter,ni,del,rscale     4    3   12.0000    1.2000
parameters
    0.3114  -18.6553   14.6461  -11.2008   -4.7896   -4.8356
eta,q 0.96061  9.57519
  0.0566  0.0473  0.0458  0.0447  0.0481  0.0458
  0.0477  0.0413  0.0418  0.0408  0.0424  0.0421
  0.0417  0.0388  0.0397  0.0392  0.0400  0.0398
  0.0394  0.0393  0.0394  0.0394  0.0394  0.0394
  0.0410  0.0403  0.0401  0.0389  0.0400  0.0403
  0.0465  0.0415  0.0419  0.0402  0.0429  0.0422
  0.0553  0.0460  0.0458  0.0453  0.0488  0.0455
niter,ni,del,rscale     3    3   12.0000    1.2000
parameters
    0.3563  -18.6353   14.6439  -11.2068   -4.8268   -4.8299
eta,q 0.96060  9.57523
  0.0561  0.0471  0.0459  0.0447  0.0483  0.0457
  0.0473  0.0412  0.0419  0.0409  0.0426  0.0421
  0.0415  0.0388  0.0398  0.0392  0.0400  0.0397
  0.0394  0.0394  0.0394  0.0394  0.0394  0.0394
  0.0412  0.0402  0.0401  0.0389  0.0400  0.0403
  0.0468  0.0416  0.0419  0.0402  0.0427  0.0422
  0.0557  0.0462  0.0458  0.0453  0.0486  0.0454
registration optimization eta report
parameter search radius
    6.0000    6.0000    6.0000    7.9350    6.9000    6.9000
100000*second partial in parameter space
       46.       21.       18.       10.       20.       13.
  0.0561  0.0471  0.0459  0.0447  0.0483  0.0457
  0.0473  0.0412  0.0419  0.0409  0.0426  0.0421
  0.0415  0.0388  0.0398  0.0392  0.0400  0.0397
  0.0394  0.0394  0.0394  0.0394  0.0394  0.0394
  0.0412  0.0402  0.0401  0.0389  0.0400  0.0403
  0.0468  0.0416  0.0419  0.0402  0.0427  0.0422
  0.0557  0.0462  0.0458  0.0453  0.0486  0.0454
    0.3563  -18.6353   14.6439  -11.2068   -4.8268   -4.8299
eta,q 0.96060  9.57523

---------------------------------------------------------------------
imgreg_4dfp /opt/freesurfer/average/711-2C_as_mni_average_305 /opt/freesurfer/average/711-2B_as_mni_average_305_mask talsrcimg_g11 none talsrcimg_to_711-2C_as_mni_average_305_t4 3335
---------------------------------------------------------------------

freesurfer imgreg_4dfp.c
/opt/freesurfer/average/711-2C_as_mni_average_305.4dfp.img
       256       256       256         1
  1.000000  1.000000  1.000000
orientation T byte_order littleendian
Reading image: /opt/freesurfer/average/711-2C_as_mni_average_305.4dfp.img
dimensions:      256       256       256
mmppix:       1.0000   -1.0000   -1.0000
center:     128.0000 -129.0000 -129.0000
/opt/freesurfer/average/711-2B_as_mni_average_305_mask.4dfp.img
       256       256       256         1
  1.000000  1.000000  1.000000
orientation T byte_order littleendian
Reading mask: /opt/freesurfer/average/711-2B_as_mni_average_305_mask.4dfp.img (2306576 pixels)
talsrcimg_g11.4dfp.img
       256       256       256         1
  1.000000  1.000000  1.000000
orientation T byte_order littleendian
Reading image: talsrcimg_g11.4dfp.img
dimensions:      256       256       256
mmppix:       1.0000   -1.0000   -1.0000
center:     128.0000 -129.0000 -129.0000
fimgreg.f
image alignment mode   3335 decimal      D07 hex
parameters
    0.3563  -18.6353   14.6439   -0.7085   -2.1174   -2.2547
    6.6297    9.8610   -8.3899   18.6712   -8.4144  -19.3662
eta,q 0.96288  9.62428
niter,ni,del,rscale     5    3    5.0000    1.2000
parameter  4  0.792667 ->  0.500000 qaram    1.1500
parameter  5  4.355704 ->  0.500000 qaram    1.1500
parameters
    0.5331  -19.0988   14.2644   -4.8485   -6.2574   -5.4749
    6.8645    9.3256   -5.0906   15.3295   -9.8988  -21.5489
eta,q 0.97127  9.18449
  0.0407  0.0382  0.0381  0.0354  0.0275  0.0303  0.0325  0.0332  0.0335  0.0298  0.0293  0.0293
  0.0389  0.0374  0.0373  0.0353  0.0296  0.0300  0.0311  0.0314  0.0319  0.0291  0.0290  0.0289
  0.0377  0.0370  0.0370  0.0358  0.0322  0.0300  0.0303  0.0302  0.0307  0.0289  0.0289  0.0287
  0.0371  0.0371  0.0370  0.0369  0.0354  0.0302  0.0299  0.0299  0.0299  0.0295  0.0289  0.0289
  0.0373  0.0376  0.0374  0.0389  0.0388  0.0312  0.0301  0.0305  0.0296  0.0308  0.0291  0.0293
  0.0382  0.0384  0.0381  0.0414  0.0421  0.0333  0.0310  0.0321  0.0296  0.0327  0.0294  0.0298
  0.0399  0.0395  0.0391  0.0443  0.0453  0.0365  0.0322  0.0343  0.0301  0.0351  0.0299  0.0305
niter,ni,del,rscale     6    3    5.0000    1.2000
parameter  5  1.327969 ->  0.500000 qaram    1.3225
parameters
    0.2806  -19.0958   14.3778   -7.5001  -11.0184   -7.4467
    6.0466    8.9733   -5.6292   15.4312  -10.4790  -22.8395
eta,q 0.97509  8.79065
  0.0312  0.0312  0.0302  0.0294  0.0242  0.0258  0.0269  0.0282  0.0268  0.0281  0.0256  0.0259
  0.0297  0.0298  0.0294  0.0289  0.0250  0.0253  0.0257  0.0264  0.0257  0.0264  0.0252  0.0253
  0.0288  0.0289  0.0289  0.0287  0.0264  0.0251  0.0251  0.0253  0.0251  0.0253  0.0250  0.0249
  0.0287  0.0287  0.0287  0.0287  0.0287  0.0253  0.0251  0.0250  0.0250  0.0250  0.0250  0.0250
  0.0293  0.0290  0.0288  0.0292  0.0318  0.0257  0.0255  0.0255  0.0254  0.0253  0.0251  0.0254
  0.0306  0.0298  0.0292  0.0308  0.0353  0.0261  0.0265  0.0268  0.0262  0.0263  0.0254  0.0260
  0.0325  0.0311  0.0300  0.0332  0.0390  0.0272  0.0279  0.0288  0.0272  0.0279  0.0259  0.0268
niter,ni,del,rscale     6    3    5.0000    1.2000
parameters
    0.2056  -19.0483   14.4475   -8.0654  -15.3528   -6.7789
    6.2041    8.8590   -5.2885   16.8252  -11.1716  -24.1085
eta,q 0.97645  8.62116
  0.0276  0.0278  0.0265  0.0265  0.0254  0.0255  0.0265  0.0272  0.0262  0.0281  0.0243  0.0246
  0.0261  0.0263  0.0257  0.0253  0.0240  0.0246  0.0250  0.0253  0.0249  0.0260  0.0239  0.0239
  0.0252  0.0253  0.0251  0.0249  0.0238  0.0240  0.0241  0.0241  0.0240  0.0245  0.0237  0.0236
  0.0249  0.0249  0.0249  0.0249  0.0249  0.0237  0.0238  0.0237  0.0237  0.0237  0.0236  0.0236
  0.0253  0.0252  0.0250  0.0250  0.0270  0.0240  0.0240  0.0242  0.0239  0.0237  0.0238  0.0240
  0.0263  0.0262  0.0255  0.0256  0.0302  0.0244  0.0249  0.0255  0.0246  0.0243  0.0241  0.0247
  0.0280  0.0276  0.0263  0.0271  0.0342  0.0248  0.0263  0.0274  0.0257  0.0257  0.0246  0.0256
niter,ni,del,rscale     5    3    5.0000    1.2000
parameters
    0.2209  -19.1460   14.6044   -7.9222  -16.0610   -5.7895
    6.1174    8.9591   -5.0579   17.3357  -11.2435  -24.2983
eta,q 0.97651  8.64332
  0.0265  0.0263  0.0252  0.0257  0.0277  0.0254  0.0262  0.0272  0.0260  0.0272  0.0243  0.0250
  0.0249  0.0246  0.0244  0.0243  0.0256  0.0244  0.0247  0.0252  0.0247  0.0253  0.0239  0.0242
  0.0239  0.0237  0.0238  0.0236  0.0240  0.0238  0.0238  0.0239  0.0238  0.0240  0.0236  0.0237
  0.0235  0.0235  0.0235  0.0235  0.0235  0.0235  0.0235  0.0235  0.0235  0.0235  0.0235  0.0235
  0.0238  0.0241  0.0236  0.0237  0.0245  0.0237  0.0239  0.0239  0.0238  0.0237  0.0236  0.0237
  0.0248  0.0251  0.0241  0.0242  0.0264  0.0240  0.0249  0.0251  0.0245  0.0247  0.0239  0.0243
  0.0265  0.0266  0.0249  0.0255  0.0293  0.0245  0.0263  0.0270  0.0257  0.0263  0.0244  0.0251
niter,ni,del,rscale     4    3    5.0000    1.2000
parameters
    0.2652  -19.1329   14.7322   -7.7325  -16.2942   -5.3885
    6.0690    9.0159   -5.0223   17.5103  -11.2889  -24.3218
eta,q 0.97649  8.66073
  0.0266  0.0266  0.0251  0.0257  0.0281  0.0251  0.0262  0.0271  0.0259  0.0269  0.0243  0.0251
  0.0249  0.0248  0.0243  0.0243  0.0259  0.0242  0.0247  0.0252  0.0246  0.0251  0.0239  0.0242
  0.0239  0.0238  0.0238  0.0236  0.0242  0.0237  0.0238  0.0239  0.0238  0.0240  0.0236  0.0237
  0.0235  0.0235  0.0235  0.0235  0.0235  0.0235  0.0235  0.0235  0.0235  0.0235  0.0235  0.0235
  0.0238  0.0239  0.0236  0.0236  0.0242  0.0237  0.0238  0.0240  0.0238  0.0238  0.0236  0.0237
  0.0247  0.0249  0.0241  0.0241  0.0260  0.0240  0.0248  0.0251  0.0246  0.0249  0.0239  0.0243
  0.0264  0.0264  0.0249  0.0254  0.0288  0.0248  0.0263  0.0270  0.0258  0.0266  0.0244  0.0251
niter,ni,del,rscale     3    3    5.0000    1.2000
parameters
    0.2922  -19.1284   14.7684   -7.6607  -16.3647   -5.2869
    6.0573    9.0453   -5.0106   17.5582  -11.2931  -24.3212
eta,q 0.97649  8.66586
  0.0265  0.0266  0.0250  0.0256  0.0283  0.0250  0.0262  0.0271  0.0259  0.0268  0.0244  0.0251
  0.0249  0.0248  0.0243  0.0243  0.0260  0.0242  0.0248  0.0251  0.0246  0.0250  0.0239  0.0242
  0.0239  0.0238  0.0237  0.0236  0.0243  0.0236  0.0238  0.0239  0.0238  0.0239  0.0236  0.0237
  0.0235  0.0235  0.0235  0.0235  0.0235  0.0235  0.0235  0.0235  0.0235  0.0235  0.0235  0.0235
  0.0238  0.0239  0.0236  0.0236  0.0242  0.0238  0.0238  0.0240  0.0238  0.0239  0.0236  0.0237
  0.0248  0.0250  0.0242  0.0242  0.0259  0.0240  0.0248  0.0251  0.0246  0.0250  0.0239  0.0243
  0.0264  0.0264  0.0250  0.0255  0.0286  0.0250  0.0262  0.0270  0.0258  0.0267  0.0244  0.0251
niter,ni,del,rscale     2    3    5.0000    1.2000
parameters
    0.2999  -19.1284   14.7731   -7.6400  -16.3809   -5.2607
    6.0583    9.0513   -5.0079   17.5679  -11.3068  -24.3195
eta,q 0.97648  8.66731
  0.0265  0.0266  0.0250  0.0256  0.0283  0.0250  0.0262  0.0271  0.0259  0.0267  0.0243  0.0251
  0.0249  0.0248  0.0242  0.0243  0.0261  0.0242  0.0248  0.0251  0.0246  0.0250  0.0239  0.0242
  0.0239  0.0238  0.0237  0.0236  0.0243  0.0236  0.0239  0.0239  0.0238  0.0239  0.0236  0.0237
  0.0235  0.0235  0.0235  0.0235  0.0235  0.0235  0.0235  0.0235  0.0235  0.0235  0.0235  0.0235
  0.0238  0.0240  0.0237  0.0236  0.0242  0.0237  0.0238  0.0240  0.0238  0.0239  0.0236  0.0237
  0.0248  0.0250  0.0242  0.0242  0.0259  0.0240  0.0248  0.0251  0.0246  0.0250  0.0239  0.0243
  0.0265  0.0264  0.0250  0.0256  0.0285  0.0250  0.0262  0.0271  0.0258  0.0267  0.0244  0.0251
registration optimization eta report
parameter search radius
    2.4000    2.4000    2.4000    8.2800    9.5220    7.2000
    7.2000    7.2000    7.2000    7.2000    7.2000    7.2000
100000*second partial in parameter space
       52.       52.       26.        3.        5.        3.
        5.        7.        4.        6.        2.        3.
  0.0265  0.0266  0.0250  0.0256  0.0283  0.0250  0.0262  0.0271  0.0259  0.0267  0.0243  0.0251
  0.0249  0.0248  0.0242  0.0243  0.0261  0.0242  0.0248  0.0251  0.0246  0.0250  0.0239  0.0242
  0.0239  0.0238  0.0237  0.0236  0.0243  0.0236  0.0239  0.0239  0.0238  0.0239  0.0236  0.0237
  0.0235  0.0235  0.0235  0.0235  0.0235  0.0235  0.0235  0.0235  0.0235  0.0235  0.0235  0.0235
  0.0238  0.0240  0.0237  0.0236  0.0242  0.0237  0.0238  0.0240  0.0238  0.0239  0.0236  0.0237
  0.0248  0.0250  0.0242  0.0242  0.0259  0.0240  0.0248  0.0251  0.0246  0.0250  0.0239  0.0243
  0.0265  0.0264  0.0250  0.0256  0.0285  0.0250  0.0262  0.0271  0.0258  0.0267  0.0244  0.0251
    0.2999  -19.1284   14.7731   -7.6400  -16.3809   -5.2607
    6.0583    9.0513   -5.0079   17.5679  -11.3068  -24.3195
eta,q 0.97648  8.66731

---------------------------------------------------------------------
imgreg_4dfp /opt/freesurfer/average/711-2C_as_mni_average_305 /opt/freesurfer/average/711-2B_as_mni_average_305_mask talsrcimg_g11 none talsrcimg_to_711-2C_as_mni_average_305_t4 2311
---------------------------------------------------------------------

freesurfer imgreg_4dfp.c
/opt/freesurfer/average/711-2C_as_mni_average_305.4dfp.img
       256       256       256         1
  1.000000  1.000000  1.000000
orientation T byte_order littleendian
Reading image: /opt/freesurfer/average/711-2C_as_mni_average_305.4dfp.img
dimensions:      256       256       256
mmppix:       1.0000   -1.0000   -1.0000
center:     128.0000 -129.0000 -129.0000
/opt/freesurfer/average/711-2B_as_mni_average_305_mask.4dfp.img
       256       256       256         1
  1.000000  1.000000  1.000000
orientation T byte_order littleendian
Reading mask: /opt/freesurfer/average/711-2B_as_mni_average_305_mask.4dfp.img (2306576 pixels)
talsrcimg_g11.4dfp.img
       256       256       256         1
  1.000000  1.000000  1.000000
orientation T byte_order littleendian
Reading image: talsrcimg_g11.4dfp.img
dimensions:      256       256       256
mmppix:       1.0000   -1.0000   -1.0000
center:     128.0000 -129.0000 -129.0000
fimgreg.f
image alignment mode   2311 decimal      907 hex
parameters
    0.2999  -19.1284   14.7731   -7.6400  -16.3809   -5.2607
    6.0583    9.0513   -5.0079   17.5679  -11.3068  -24.3195
eta,q 0.97648  8.66731
niter,ni,del,rscale     5    3    5.0000    0.8000
parameters
    0.3275  -19.1873   14.8093   -7.6476  -16.2091   -5.1266
    6.0139    9.0472   -5.0885   17.4812  -11.2680  -24.2642
eta,q 0.97648  8.67863
  0.0249  0.0248  0.0242  0.0240  0.0252  0.0242  0.0248  0.0252  0.0246  0.0249  0.0239  0.0243
  0.0242  0.0241  0.0239  0.0237  0.0243  0.0238  0.0241  0.0242  0.0240  0.0242  0.0237  0.0239
  0.0237  0.0236  0.0236  0.0235  0.0238  0.0235  0.0237  0.0237  0.0236  0.0237  0.0236  0.0236
  0.0235  0.0235  0.0235  0.0235  0.0235  0.0235  0.0235  0.0235  0.0235  0.0235  0.0235  0.0235
  0.0236  0.0237  0.0236  0.0236  0.0237  0.0237  0.0237  0.0237  0.0237  0.0237  0.0236  0.0236
  0.0241  0.0242  0.0238  0.0237  0.0242  0.0238  0.0241  0.0243  0.0241  0.0242  0.0237  0.0238
  0.0248  0.0250  0.0242  0.0240  0.0250  0.0240  0.0248  0.0251  0.0247  0.0250  0.0239  0.0242
niter,ni,del,rscale     4    3    5.0000    0.7000
parameters
    0.3420  -19.2142   14.8320   -7.6421  -16.1750   -5.2846
    6.0376    9.0296   -5.1158   17.3786  -11.2050  -24.1947
eta,q 0.97650  8.67174
  0.0246  0.0246  0.0241  0.0239  0.0248  0.0240  0.0245  0.0248  0.0244  0.0246  0.0238  0.0241
  0.0240  0.0240  0.0238  0.0236  0.0241  0.0237  0.0240  0.0240  0.0239  0.0240  0.0237  0.0238
  0.0236  0.0236  0.0236  0.0235  0.0237  0.0235  0.0236  0.0236  0.0236  0.0236  0.0236  0.0236
  0.0235  0.0235  0.0235  0.0235  0.0235  0.0235  0.0235  0.0235  0.0235  0.0235  0.0235  0.0235
  0.0236  0.0237  0.0236  0.0235  0.0237  0.0236  0.0236  0.0237  0.0236  0.0236  0.0235  0.0236
  0.0240  0.0241  0.0237  0.0236  0.0241  0.0238  0.0239  0.0241  0.0239  0.0240  0.0236  0.0238
  0.0245  0.0246  0.0240  0.0238  0.0247  0.0239  0.0245  0.0247  0.0244  0.0247  0.0238  0.0241
niter,ni,del,rscale     3    3    5.0000    0.6000
parameters
    0.3458  -19.2298   14.8407   -7.7612  -16.1542   -5.5639
    6.0786    8.9937   -5.1136   17.2556  -11.1534  -24.1384
eta,q 0.97651  8.65261
  0.0243  0.0243  0.0239  0.0237  0.0245  0.0238  0.0242  0.0244  0.0241  0.0243  0.0237  0.0239
  0.0238  0.0238  0.0237  0.0236  0.0239  0.0236  0.0238  0.0239  0.0238  0.0238  0.0236  0.0237
  0.0236  0.0236  0.0236  0.0235  0.0236  0.0235  0.0236  0.0236  0.0236  0.0236  0.0235  0.0235
  0.0235  0.0235  0.0235  0.0235  0.0235  0.0235  0.0235  0.0235  0.0235  0.0235  0.0235  0.0235
  0.0236  0.0236  0.0235  0.0235  0.0236  0.0236  0.0236  0.0236  0.0236  0.0236  0.0235  0.0235
  0.0238  0.0239  0.0237  0.0236  0.0239  0.0238  0.0238  0.0239  0.0238  0.0239  0.0236  0.0237
  0.0243  0.0243  0.0239  0.0237  0.0244  0.0239  0.0242  0.0244  0.0241  0.0244  0.0237  0.0239
niter,ni,del,rscale     2    3    5.0000    0.5000
parameters
    0.3401  -19.2411   14.8409   -7.9651  -16.1250   -5.8692
    6.1377    8.9722   -5.0923   17.1373  -11.1291  -24.0957
eta,q 0.97653  8.62897
  0.0240  0.0240  0.0238  0.0236  0.0242  0.0237  0.0240  0.0241  0.0239  0.0240  0.0236  0.0238
  0.0237  0.0237  0.0236  0.0235  0.0238  0.0236  0.0237  0.0238  0.0237  0.0237  0.0236  0.0236
  0.0235  0.0235  0.0235  0.0235  0.0236  0.0235  0.0235  0.0235  0.0235  0.0235  0.0235  0.0235
  0.0235  0.0235  0.0235  0.0235  0.0235  0.0235  0.0235  0.0235  0.0235  0.0235  0.0235  0.0235
  0.0235  0.0236  0.0235  0.0235  0.0236  0.0236  0.0235  0.0236  0.0235  0.0235  0.0235  0.0235
  0.0237  0.0238  0.0236  0.0236  0.0238  0.0237  0.0237  0.0238  0.0237  0.0238  0.0235  0.0236
  0.0240  0.0241  0.0238  0.0236  0.0241  0.0238  0.0240  0.0241  0.0239  0.0241  0.0236  0.0238
niter,ni,del,rscale     1    3    5.0000    0.4000
parameters
    0.3256  -19.2454   14.8283   -8.2396  -16.0951   -6.1248
    6.1956    8.9577   -5.0667   17.0491  -11.1012  -24.0684
eta,q 0.97654  8.60442
  0.0238  0.0238  0.0237  0.0235  0.0239  0.0237  0.0238  0.0239  0.0238  0.0238  0.0236  0.0237
  0.0236  0.0236  0.0236  0.0235  0.0237  0.0235  0.0236  0.0237  0.0236  0.0236  0.0235  0.0236
  0.0235  0.0235  0.0235  0.0235  0.0235  0.0235  0.0235  0.0235  0.0235  0.0235  0.0235  0.0235
  0.0235  0.0235  0.0235  0.0235  0.0235  0.0235  0.0235  0.0235  0.0235  0.0235  0.0235  0.0235
  0.0235  0.0235  0.0235  0.0235  0.0235  0.0235  0.0235  0.0235  0.0235  0.0235  0.0235  0.0235
  0.0236  0.0236  0.0236  0.0235  0.0237  0.0236  0.0236  0.0237  0.0236  0.0236  0.0235  0.0235
  0.0238  0.0238  0.0237  0.0236  0.0239  0.0237  0.0238  0.0239  0.0238  0.0239  0.0236  0.0237
registration optimization eta report
parameter search radius
    0.8000    0.8000    0.8000    2.4000    2.4000    2.4000
    2.4000    2.4000    2.4000    2.4000    2.4000    2.4000
100000*second partial in parameter space
       53.       57.       29.        2.        8.        4.
        6.        8.        5.        7.        2.        4.
  0.0238  0.0238  0.0237  0.0235  0.0239  0.0237  0.0238  0.0239  0.0238  0.0238  0.0236  0.0237
  0.0236  0.0236  0.0236  0.0235  0.0237  0.0235  0.0236  0.0237  0.0236  0.0236  0.0235  0.0236
  0.0235  0.0235  0.0235  0.0235  0.0235  0.0235  0.0235  0.0235  0.0235  0.0235  0.0235  0.0235
  0.0235  0.0235  0.0235  0.0235  0.0235  0.0235  0.0235  0.0235  0.0235  0.0235  0.0235  0.0235
  0.0235  0.0235  0.0235  0.0235  0.0235  0.0235  0.0235  0.0235  0.0235  0.0235  0.0235  0.0235
  0.0236  0.0236  0.0236  0.0235  0.0237  0.0236  0.0236  0.0237  0.0236  0.0236  0.0235  0.0235
  0.0238  0.0238  0.0237  0.0236  0.0239  0.0237  0.0238  0.0239  0.0238  0.0239  0.0236  0.0237
    0.3256  -19.2454   14.8283   -8.2396  -16.0951   -6.1248
    6.1956    8.9577   -5.0667   17.0491  -11.1012  -24.0684
eta,q 0.97654  8.60442

---------------------------------------------------------------------
imgreg_4dfp /opt/freesurfer/average/711-2C_as_mni_average_305 /opt/freesurfer/average/711-2B_as_mni_average_305_mask talsrcimg_g11 none talsrcimg_to_711-2C_as_mni_average_305_t4 2311
---------------------------------------------------------------------

freesurfer imgreg_4dfp.c
/opt/freesurfer/average/711-2C_as_mni_average_305.4dfp.img
       256       256       256         1
  1.000000  1.000000  1.000000
orientation T byte_order littleendian
Reading image: /opt/freesurfer/average/711-2C_as_mni_average_305.4dfp.img
dimensions:      256       256       256
mmppix:       1.0000   -1.0000   -1.0000
center:     128.0000 -129.0000 -129.0000
/opt/freesurfer/average/711-2B_as_mni_average_305_mask.4dfp.img
       256       256       256         1
  1.000000  1.000000  1.000000
orientation T byte_order littleendian
Reading mask: /opt/freesurfer/average/711-2B_as_mni_average_305_mask.4dfp.img (2306576 pixels)
talsrcimg_g11.4dfp.img
       256       256       256         1
  1.000000  1.000000  1.000000
orientation T byte_order littleendian
Reading image: talsrcimg_g11.4dfp.img
dimensions:      256       256       256
mmppix:       1.0000   -1.0000   -1.0000
center:     128.0000 -129.0000 -129.0000
fimgreg.f
image alignment mode   2311 decimal      907 hex
parameters
    0.3256  -19.2454   14.8283   -8.2396  -16.0951   -6.1248
    6.1956    8.9577   -5.0667   17.0491  -11.1012  -24.0684
eta,q 0.97654  8.60442
niter,ni,del,rscale     5    3    5.0000    0.8000
parameters
    0.2907  -19.1996   14.7821   -7.9007  -16.0481   -5.7209
    6.0667    8.9942   -5.1018   17.2085  -11.2231  -24.1434
eta,q 0.97652  8.64395
  0.0248  0.0250  0.0241  0.0241  0.0250  0.0243  0.0247  0.0252  0.0246  0.0251  0.0239  0.0242
  0.0240  0.0241  0.0238  0.0237  0.0242  0.0239  0.0240  0.0242  0.0240  0.0242  0.0237  0.0238
  0.0236  0.0236  0.0235  0.0235  0.0237  0.0236  0.0236  0.0237  0.0236  0.0237  0.0235  0.0236
  0.0235  0.0235  0.0235  0.0235  0.0235  0.0235  0.0235  0.0235  0.0235  0.0235  0.0235  0.0235
  0.0236  0.0236  0.0235  0.0235  0.0237  0.0236  0.0236  0.0237  0.0236  0.0236  0.0235  0.0236
  0.0241  0.0241  0.0238  0.0236  0.0242  0.0238  0.0241  0.0242  0.0240  0.0241  0.0237  0.0239
  0.0249  0.0248  0.0242  0.0239  0.0250  0.0240  0.0248  0.0251  0.0246  0.0249  0.0239  0.0243
niter,ni,del,rscale     4    3    5.0000    0.7000
parameters
    0.3170  -19.2162   14.8196   -7.8836  -16.0925   -5.6223
    6.0777    8.9982   -5.1015   17.2303  -11.2014  -24.1332
eta,q 0.97652  8.64666
  0.0245  0.0246  0.0241  0.0239  0.0247  0.0241  0.0245  0.0248  0.0243  0.0246  0.0238  0.0241
  0.0240  0.0239  0.0238  0.0236  0.0240  0.0237  0.0239  0.0240  0.0239  0.0240  0.0236  0.0238
  0.0236  0.0236  0.0236  0.0235  0.0236  0.0235  0.0236  0.0236  0.0236  0.0236  0.0235  0.0236
  0.0235  0.0235  0.0235  0.0235  0.0235  0.0235  0.0235  0.0235  0.0235  0.0235  0.0235  0.0235
  0.0236  0.0236  0.0235  0.0235  0.0236  0.0236  0.0236  0.0237  0.0236  0.0236  0.0235  0.0236
  0.0239  0.0240  0.0237  0.0236  0.0241  0.0238  0.0239  0.0241  0.0239  0.0240  0.0236  0.0238
  0.0245  0.0246  0.0240  0.0238  0.0247  0.0239  0.0245  0.0247  0.0244  0.0246  0.0238  0.0241
niter,ni,del,rscale     3    3    5.0000    0.6000
parameters
    0.3277  -19.2269   14.8356   -7.9231  -16.1073   -5.7496
    6.1046    8.9852   -5.0950   17.1808  -11.1571  -24.1122
eta,q 0.97652  8.63762
  0.0243  0.0243  0.0239  0.0237  0.0244  0.0239  0.0242  0.0244  0.0241  0.0243  0.0237  0.0239
  0.0238  0.0238  0.0237  0.0235  0.0239  0.0236  0.0238  0.0239  0.0238  0.0238  0.0236  0.0237
  0.0236  0.0236  0.0235  0.0235  0.0236  0.0235  0.0236  0.0236  0.0236  0.0236  0.0235  0.0235
  0.0235  0.0235  0.0235  0.0235  0.0235  0.0235  0.0235  0.0235  0.0235  0.0235  0.0235  0.0235
  0.0236  0.0236  0.0235  0.0235  0.0236  0.0236  0.0235  0.0236  0.0235  0.0236  0.0235  0.0235
  0.0238  0.0239  0.0237  0.0236  0.0239  0.0237  0.0238  0.0239  0.0238  0.0239  0.0236  0.0237
  0.0242  0.0243  0.0239  0.0237  0.0244  0.0239  0.0242  0.0244  0.0241  0.0244  0.0237  0.0239
niter,ni,del,rscale     2    3    5.0000    0.5000
parameters
    0.3247  -19.2384   14.8322   -8.0652  -16.1024   -5.9551
    6.1492    8.9691   -5.0800   17.1057  -11.0959  -24.0851
eta,q 0.97653  8.62075
  0.0240  0.0240  0.0238  0.0236  0.0242  0.0238  0.0240  0.0241  0.0239  0.0240  0.0236  0.0238
  0.0237  0.0237  0.0236  0.0235  0.0238  0.0236  0.0237  0.0238  0.0237  0.0237  0.0236  0.0236
  0.0235  0.0235  0.0235  0.0235  0.0236  0.0235  0.0235  0.0235  0.0235  0.0235  0.0235  0.0235
  0.0235  0.0235  0.0235  0.0235  0.0235  0.0235  0.0235  0.0235  0.0235  0.0235  0.0235  0.0235
  0.0235  0.0236  0.0235  0.0235  0.0236  0.0236  0.0235  0.0236  0.0235  0.0235  0.0235  0.0235
  0.0237  0.0237  0.0236  0.0235  0.0238  0.0237  0.0237  0.0238  0.0237  0.0238  0.0235  0.0236
  0.0240  0.0240  0.0238  0.0236  0.0241  0.0238  0.0240  0.0241  0.0239  0.0241  0.0236  0.0238
niter,ni,del,rscale     1    3    5.0000    0.4000
parameters
    0.3176  -19.2423   14.8242   -8.2793  -16.0792   -6.1732
    6.1926    8.9485   -5.0562   17.0218  -11.0894  -24.0855
eta,q 0.97654  8.60076
  0.0238  0.0238  0.0236  0.0235  0.0239  0.0237  0.0238  0.0239  0.0238  0.0238  0.0236  0.0237
  0.0236  0.0236  0.0235  0.0235  0.0237  0.0235  0.0236  0.0237  0.0236  0.0236  0.0235  0.0235
  0.0235  0.0235  0.0235  0.0235  0.0235  0.0235  0.0235  0.0235  0.0235  0.0235  0.0235  0.0235
  0.0235  0.0235  0.0235  0.0235  0.0235  0.0235  0.0235  0.0235  0.0235  0.0235  0.0235  0.0235
  0.0235  0.0235  0.0235  0.0235  0.0235  0.0235  0.0235  0.0235  0.0235  0.0235  0.0235  0.0235
  0.0236  0.0236  0.0236  0.0235  0.0237  0.0236  0.0236  0.0237  0.0236  0.0236  0.0235  0.0236
  0.0238  0.0238  0.0237  0.0236  0.0239  0.0237  0.0238  0.0239  0.0237  0.0239  0.0236  0.0237
registration optimization eta report
parameter search radius
    0.8000    0.8000    0.8000    2.4000    2.4000    2.4000
    2.4000    2.4000    2.4000    2.4000    2.4000    2.4000
100000*second partial in parameter space
       53.       56.       29.        2.        8.        4.
        6.        8.        5.        7.        2.        4.
  0.0238  0.0238  0.0236  0.0235  0.0239  0.0237  0.0238  0.0239  0.0238  0.0238  0.0236  0.0237
  0.0236  0.0236  0.0235  0.0235  0.0237  0.0235  0.0236  0.0237  0.0236  0.0236  0.0235  0.0235
  0.0235  0.0235  0.0235  0.0235  0.0235  0.0235  0.0235  0.0235  0.0235  0.0235  0.0235  0.0235
  0.0235  0.0235  0.0235  0.0235  0.0235  0.0235  0.0235  0.0235  0.0235  0.0235  0.0235  0.0235
  0.0235  0.0235  0.0235  0.0235  0.0235  0.0235  0.0235  0.0235  0.0235  0.0235  0.0235  0.0235
  0.0236  0.0236  0.0236  0.0235  0.0237  0.0236  0.0236  0.0237  0.0236  0.0236  0.0235  0.0236
  0.0238  0.0238  0.0237  0.0236  0.0239  0.0237  0.0238  0.0239  0.0237  0.0239  0.0236  0.0237
    0.3176  -19.2423   14.8242   -8.2793  -16.0792   -6.1732
    6.1926    8.9485   -5.0562   17.0218  -11.0894  -24.0855
eta,q 0.97654  8.60076

---------------------------------------------------------------------
compute_vox2vox talsrcimg talsrcimg_to_711-2C_as_mni_average_305_t4 /opt/freesurfer/average/711-2C_as_mni_average_305
---------------------------------------------------------------------

freesurfer compute_vox2vox.c
Reading: talsrcimg.4dfp.ifh
Reading: talsrcimg_to_711-2C_as_mni_average_305_t4
Reading: /opt/freesurfer/average/711-2C_as_mni_average_305.4dfp.ifh
Writing: talsrcimg_to_711-2C_as_mni_average_305_t4_vox2vox.txt

start time Sun Mar 8 19:54:31 CET 2026
end		time Sun Mar 8 19:54:45 CET 2026

mpr2mni305 success

avi2talxfm orig_nu.mgz /opt/freesurfer/average/mni305.cor.mgz talsrcimg_to_711-2C_as_mni_average_305_t4_vox2vox.txt transforms/talairach.auto.xfm
avi2talxfm done
mv -f /out/sourcedata/freesurfer/sub-v1s14x0051582_ses-1/mri/talsrcimg_to_711-2C_as_mni_average_305_t4_vox2vox.txt /out/sourcedata/freesurfer/sub-v1s14x0051582_ses-1/mri/transforms/talsrcimg_to_711-2C_as_mni_average_305_t4_vox2vox.txt
lta_convert --src orig_nu.mgz --trg /opt/freesurfer/average/mni305.cor.mgz --inxfm transforms/talairach.auto.xfm --outlta transforms/talairach.auto.xfm.lta --subject fsaverage
7.3.2

--src: orig_nu.mgz src image (geometry).
--trg: /opt/freesurfer/average/mni305.cor.mgz trg image (geometry).
--inmni: transforms/talairach.auto.xfm input MNI/XFM transform.
--outlta: transforms/talairach.auto.xfm.lta output LTA.
--s: fsaverage subject name
 LTA read, type : 1
 1.07445  -0.08373  -0.10332  -2.37225;
 0.13650   1.00241   0.27762  -31.02603;
 0.03705  -0.20836   1.12906  -3.92682;
 0.00000   0.00000   0.00000   1.00000;
setting subject to fsaverage
Writing  LTA to file transforms/talairach.auto.xfm.lta...
lta_convert successful.
 
 
Started at Sun Mar 8 19:54:31 CET 2026
Ended   at Sun Mar  8 19:54:45 CET 2026
talairach_avi done
