/out/sourcedata/freesurfer/sub-v1s14x0051571_ses-1/mri
/opt/freesurfer/bin/talairach_avi
--i orig_nu.mgz --xfm transforms/talairach.auto.xfm
talairach_avi 7.3.2
Linux dna029 5.14.0-427.37.1.el9_4.x86_64 #1 SMP PREEMPT_DYNAMIC Fri Sep 13 12:41:50 EDT 2024 x86_64 x86_64 x86_64 GNU/Linux
Sun Mar  8 18:34:26 CET 2026
mri_convert orig_nu.mgz talsrcimg.img 
reading from orig_nu.mgz...
TR=0.00, TE=0.00, TI=0.00, flip angle=0.00
i_ras = (-1, 2.61934e-10, 0)
j_ras = (0, 0, -1)
k_ras = (-2.13913e-09, 1, -4.65661e-10)
writing to talsrcimg.img...
Analyze Output Matrix
-1.00000   0.00000  -0.00000   131.69174;
 0.00000   0.00000   1.00000  -117.50717;
 0.00000  -1.00000  -0.00000   162.36316;
 0.00000   0.00000   0.00000   1.00000;
--------------------
INFO: set hdr.hist.orient to -1
mpr2mni305 talsrcimg
Sun Mar  8 18:34:27 CET 2026
/opt/freesurfer/bin/mpr2mni305 talsrcimg
mpr2mni305 7.3.2
target=711-2C_as_mni_average_305

---------------------------------------------------------------------
analyzeto4dfp talsrcimg -O0 -y
---------------------------------------------------------------------

freesurfer ifh2hdr.c
Sun Mar  8 18:34:27 2026
Writing: talsrcimg.4dfp.hdr
freesurfer analyzeto4dfp.c
Reading: talsrcimg.hdr
header size 348 bytes
hdr.dime.datatype	offset=70	value=2
hdr.dime.bitpix		offset=72	value=8
hdr.hist.orient		offset=252	value=-1
dimensionality     4
dimensions       256       256       256         1
Reading: talsrcimg.img
Writing: talsrcimg.4dfp.img
Writing: talsrcimg.4dfp.ifh
ifh2hdr talsrcimg -r0to233
ori=2

---------------------------------------------------------------------
gauss_4dfp talsrcimg 1.1
---------------------------------------------------------------------

freesurfer gauss_4dfp.c
Reading: talsrcimg.4dfp.img
Writing: talsrcimg_g11.4dfp.img
image dimensions 256 256 256 padded to 288 288 288
processing volume 1freesurfer ifh2hdr.c
Sun Mar  8 18:34:29 2026
Writing: talsrcimg_g11.4dfp.hdr

Writing: talsrcimg_g11.4dfp.ifh
including: talsrcimg.4dfp.img.rec in talsrcimg_g11.4dfp.img.rec

---------------------------------------------------------------------
imgreg_4dfp /opt/freesurfer/average/711-2C_as_mni_average_305 none talsrcimg_g11 none talsrcimg_to_711-2C_as_mni_average_305_t4 4355
---------------------------------------------------------------------

freesurfer imgreg_4dfp.c
/opt/freesurfer/average/711-2C_as_mni_average_305.4dfp.img
       256       256       256         1
  1.000000  1.000000  1.000000
orientation T byte_order littleendian
Reading image: /opt/freesurfer/average/711-2C_as_mni_average_305.4dfp.img
dimensions:      256       256       256
mmppix:       1.0000   -1.0000   -1.0000
center:     128.0000 -129.0000 -129.0000
talsrcimg_g11.4dfp.img
       256       256       256         1
  1.000000  1.000000  1.000000
orientation T byte_order littleendian
Reading image: talsrcimg_g11.4dfp.img
dimensions:      256       256       256
mmppix:       1.0000   -1.0000   -1.0000
center:     128.0000 -129.0000 -129.0000
t4_read: open error in t4_sub.f l:  41 t4_file(1:l)talsrcimg_to_711-2C_as_mni_average_305_t4 
t4_read: transform initialized to I4
rotation matrix determinant  1.000000
image alignment mode   4355 decimal     1103 hex
   -7.5000  -45.0000  -45.0000 8839.5557   17.1443
    0.0000  -45.0000  -45.0000 9217.8896   17.1550
    7.5000  -45.0000  -45.0000 8804.9619   17.1065
   -7.5000  -37.5000  -45.0000 9128.0215   17.1016
    0.0000  -37.5000  -45.0000 9525.2764   17.1164
    7.5000  -37.5000  -45.0000 9092.5986   17.0790
   -7.5000  -30.0000  -45.0000 9728.4688   17.1070
    0.0000  -30.0000  -45.000010144.9258   17.1213
    7.5000  -30.0000  -45.0000 9687.0957   17.0920
   -7.5000  -22.5000  -45.000010261.8613   17.1644
    0.0000  -22.5000  -45.000010692.3994   17.1750
    7.5000  -22.5000  -45.000010212.8506   17.1433
   -7.5000  -15.0000  -45.000010774.9297   17.2126
    0.0000  -15.0000  -45.000011220.6826   17.2211
    7.5000  -15.0000  -45.000010721.9961   17.1801
   -7.5000   -7.5000  -45.000011285.6025   17.1978
    0.0000   -7.5000  -45.000011730.1787   17.2057
    7.5000   -7.5000  -45.000011213.7891   17.1563
   -7.5000    0.0000  -45.000011650.9805   17.1443
    0.0000    0.0000  -45.000012092.3965   17.1550
    7.5000    0.0000  -45.000011547.0928   17.1065
   -7.5000    7.5000  -45.000010869.3369   17.1016
    0.0000    7.5000  -45.000011264.8926   17.1164
    7.5000    7.5000  -45.000010747.9834   17.0790
   -7.5000   15.0000  -45.0000 9986.2783   17.1070
    0.0000   15.0000  -45.000010363.1758   17.1213
    7.5000   15.0000  -45.0000 9875.9492   17.0920
   -7.5000   22.5000  -45.0000 9111.8613   17.1620
    0.0000   22.5000  -45.0000 9435.3701   17.1727
    7.5000   22.5000  -45.0000 8984.6279   17.1409
   -7.5000   30.0000  -45.0000 8216.6553   16.9832
    0.0000   30.0000  -45.0000 8494.0059   16.9916
    7.5000   30.0000  -45.0000 8112.3457   16.9512
   -7.5000   37.5000  -45.0000 7531.8726   16.9686
    0.0000   37.5000  -45.0000 7793.3540   16.9764
    7.5000   37.5000  -45.0000 7438.9863   16.9276
   -7.5000   45.0000  -45.0000 6575.0352   16.4915
    0.0000   45.0000  -45.0000 6818.9062   16.5018
    7.5000   45.0000  -45.0000 6509.4434   16.4553
   -7.5000  -45.0000  -37.5000 9450.1074   16.9851
    0.0000  -45.0000  -37.5000 9862.2754   16.9932
    7.5000  -45.0000  -37.5000 9389.5996   16.9567
   -7.5000  -37.5000  -37.5000 9745.7393   16.9434
    0.0000  -37.5000  -37.500010177.9336   16.9538
    7.5000  -37.5000  -37.5000 9685.1553   16.9254
   -7.5000  -30.0000  -37.500010366.9033   16.9543
    0.0000  -30.0000  -37.500010815.8027   16.9663
    7.5000  -30.0000  -37.500010298.8965   16.9455
   -7.5000  -22.5000  -37.500010921.9668   17.0169
    0.0000  -22.5000  -37.500011422.4531   17.0299
    7.5000  -22.5000  -37.500010863.2881   17.0092
   -7.5000  -15.0000  -37.500011456.7988   17.0660
    0.0000  -15.0000  -37.500011958.6797   17.0783
    7.5000  -15.0000  -37.500011373.5156   17.0506
   -7.5000   -7.5000  -37.500011959.9131   17.0449
    0.0000   -7.5000  -37.500012473.0449   17.0539
    7.5000   -7.5000  -37.500011869.9648   17.0180
   -7.5000    0.0000  -37.500012307.9561   16.9851
    0.0000    0.0000  -37.500012809.5371   16.9932
    7.5000    0.0000  -37.500012194.6670   16.9567
   -7.5000    7.5000  -37.500011445.8965   16.9434
    0.0000    7.5000  -37.500011919.3154   16.9538
    7.5000    7.5000  -37.500011353.5732   16.9254
   -7.5000   15.0000  -37.500010510.4600   16.9543
    0.0000   15.0000  -37.500010923.5459   16.9663
    7.5000   15.0000  -37.500010412.9150   16.9455
   -7.5000   22.5000  -37.5000 9561.9756   17.0146
    0.0000   22.5000  -37.5000 9936.8672   17.0276
    7.5000   22.5000  -37.5000 9461.7949   17.0069
   -7.5000   30.0000  -37.5000 8609.9512   16.8386
    0.0000   30.0000  -37.5000 8908.4053   16.8507
    7.5000   30.0000  -37.5000 8501.8262   16.8234
   -7.5000   37.5000  -37.5000 7896.5508   16.8178
    0.0000   37.5000  -37.5000 8144.0659   16.8266
    7.5000   37.5000  -37.5000 7759.8975   16.7912
   -7.5000   45.0000  -37.5000 6907.3257   16.3383
    0.0000   45.0000  -37.5000 7111.7280   16.3461
    7.5000   45.0000  -37.5000 6790.8203   16.3111
   -7.5000  -45.0000  -30.000010209.9639   17.5460
    0.0000  -45.0000  -30.000010677.9619   17.5528
    7.5000  -45.0000  -30.000010155.0439   17.5276
   -7.5000  -37.5000  -30.000010558.8682   17.5042
    0.0000  -37.5000  -30.000011038.7480   17.5144
    7.5000  -37.5000  -30.000010488.3838   17.4974
   -7.5000  -30.0000  -30.000011213.6191   17.5135
    0.0000  -30.0000  -30.000011704.5420   17.5267
    7.5000  -30.0000  -30.000011120.7100   17.5183
   -7.5000  -22.5000  -30.000011785.8359   17.5753
    0.0000  -22.5000  -30.000012308.4688   17.5901
    7.5000  -22.5000  -30.000011693.6973   17.5829
   -7.5000  -15.0000  -30.000012310.9600   17.6257
    0.0000  -15.0000  -30.000012837.7373   17.6382
    7.5000  -15.0000  -30.000012206.7637   17.6239
   -7.5000   -7.5000  -30.000012861.8750   17.6056
    0.0000   -7.5000  -30.000013411.7578   17.6130
    7.5000   -7.5000  -30.000012752.7744   17.5894
   -7.5000    0.0000  -30.000013188.3076   17.5460
    0.0000    0.0000  -30.000013750.8193   17.5528
    7.5000    0.0000  -30.000013081.9785   17.5276
   -7.5000    7.5000  -30.000012239.7637   17.5042
    0.0000    7.5000  -30.000012775.3164   17.5144
    7.5000    7.5000  -30.000012158.5771   17.4974
   -7.5000   15.0000  -30.000011213.0918   17.5135
    0.0000   15.0000  -30.000011665.2090   17.5267
    7.5000   15.0000  -30.000011144.2852   17.5183
   -7.5000   22.5000  -30.000010187.7754   17.5711
    0.0000   22.5000  -30.000010584.2695   17.5858
    7.5000   22.5000  -30.000010090.0479   17.5787
   -7.5000   30.0000  -30.0000 9131.0928   17.3925
    0.0000   30.0000  -30.0000 9453.7920   17.4048
    7.5000   30.0000  -30.0000 9018.9463   17.3907
   -7.5000   37.5000  -30.0000 8369.5537   17.3727
    0.0000   37.5000  -30.0000 8645.1553   17.3800
    7.5000   37.5000  -30.0000 8238.5215   17.3566
   -7.5000   45.0000  -30.0000 7317.0093   16.8902
    0.0000   45.0000  -30.0000 7530.9199   16.8967
    7.5000   45.0000  -30.0000 7190.7803   16.8726
   -7.5000  -45.0000  -22.500010986.4463   18.1289
    0.0000  -45.0000  -22.500011485.2354   18.1363
    7.5000  -45.0000  -22.500010946.8682   18.1127
   -7.5000  -37.5000  -22.500011388.2705   18.0855
    0.0000  -37.5000  -22.500011892.9736   18.1007
    7.5000  -37.5000  -22.500011327.8330   18.0881
   -7.5000  -30.0000  -22.500012091.7227   18.0900
    0.0000  -30.0000  -22.500012616.7461   18.1074
    7.5000  -30.0000  -22.500011996.8086   18.1035
   -7.5000  -22.5000  -22.500012709.3779   18.1483
    0.0000  -22.5000  -22.500013257.8604   18.1618
    7.5000  -22.5000  -22.500012580.2871   18.1562
   -7.5000  -15.0000  -22.500013217.0586   18.1997
    0.0000  -15.0000  -22.500013778.0400   18.2068
    7.5000  -15.0000  -22.500013092.6396   18.1919
   -7.5000   -7.5000  -22.500013794.6436   18.1847
    0.0000   -7.5000  -22.500014382.0264   18.1879
    7.5000   -7.5000  -22.500013684.9229   18.1636
   -7.5000    0.0000  -22.500014133.7236   18.1289
    0.0000    0.0000  -22.500014721.0791   18.1363
    7.5000    0.0000  -22.500014020.4600   18.1127
   -7.5000    7.5000  -22.500013090.5078   18.0855
    0.0000    7.5000  -22.500013642.2471   18.1007
    7.5000    7.5000  -22.500013001.4219   18.0881
   -7.5000   15.0000  -22.500011977.2334   18.0900
    0.0000   15.0000  -22.500012457.6807   18.1074
    7.5000   15.0000  -22.500011891.0889   18.1035
   -7.5000   22.5000  -22.500010856.0400   18.1427
    0.0000   22.5000  -22.500011295.6963   18.1562
    7.5000   22.5000  -22.500010771.8574   18.1506
   -7.5000   30.0000  -22.5000 9721.7832   17.9617
    0.0000   30.0000  -22.500010074.8955   17.9686
    7.5000   30.0000  -22.5000 9592.8018   17.9539
   -7.5000   37.5000  -22.5000 8882.4854   17.9468
    0.0000   37.5000  -22.5000 9172.5312   17.9500
    7.5000   37.5000  -22.5000 8745.8750   17.9260
   -7.5000   45.0000  -22.5000 7764.4810   17.4644
    0.0000   45.0000  -22.5000 8005.5024   17.4715
    7.5000   45.0000  -22.5000 7650.6162   17.4488
   -7.5000  -45.0000  -15.000011795.8359   18.5551
    0.0000  -45.0000  -15.000012319.8818   18.5644
    7.5000  -45.0000  -15.000011756.9375   18.5308
   -7.5000  -37.5000  -15.000012242.1826   18.5088
    0.0000  -37.5000  -15.000012772.2090   18.5290
    7.5000  -37.5000  -15.000012166.9502   18.5090
   -7.5000  -30.0000  -15.000012987.1035   18.5087
    0.0000  -30.0000  -15.000013545.3711   18.5296
    7.5000  -30.0000  -15.000012880.0273   18.5182
   -7.5000  -22.5000  -15.000013639.0146   18.5649
    0.0000  -22.5000  -15.000014211.9834   18.5768
    7.5000  -22.5000  -15.000013469.8018   18.5607
   -7.5000  -15.0000  -15.000014162.2139   18.6175
    0.0000  -15.0000  -15.000014741.8174   18.6205
    7.5000  -15.0000  -15.000014010.6045   18.5930
   -7.5000   -7.5000  -15.000014748.3379   18.6074
    0.0000   -7.5000  -15.000015358.1035   18.6087
    7.5000   -7.5000  -15.000014607.5820   18.5723
   -7.5000    0.0000  -15.000015068.9775   18.5551
    0.0000    0.0000  -15.000015703.0732   18.5644
    7.5000    0.0000  -15.000014938.7383   18.5308
   -7.5000    7.5000  -15.000013921.7041   18.5088
    0.0000    7.5000  -15.000014520.1367   18.5290
    7.5000    7.5000  -15.000013845.4922   18.5090
   -7.5000   15.0000  -15.000012734.2256   18.5087
    0.0000   15.0000  -15.000013265.2803   18.5296
    7.5000   15.0000  -15.000012641.9102   18.5182
   -7.5000   22.5000  -15.000011529.9375   18.5584
    0.0000   22.5000  -15.000011977.5117   18.5702
    7.5000   22.5000  -15.000011439.2139   18.5541
   -7.5000   30.0000  -15.000010303.2500   18.3765
    0.0000   30.0000  -15.000010677.8740   18.3795
    7.5000   30.0000  -15.000010189.0537   18.3523
   -7.5000   37.5000  -15.0000 9427.2988   18.3666
    0.0000   37.5000  -15.0000 9751.0264   18.3678
    7.5000   37.5000  -15.0000 9316.9805   18.3319
   -7.5000   45.0000  -15.0000 8245.3975   17.8858
    0.0000   45.0000  -15.0000 8510.8975   17.8947
    7.5000   45.0000  -15.0000 8115.2939   17.8623
   -7.5000  -45.0000   -7.500012637.7168   18.7703
    0.0000  -45.0000   -7.500013199.5889   18.7812
    7.5000  -45.0000   -7.500012588.0850   18.7338
   -7.5000  -37.5000   -7.500013127.6855   18.7216
    0.0000  -37.5000   -7.500013690.5371   18.7412
    7.5000  -37.5000   -7.500013028.6816   18.7078
   -7.5000  -30.0000   -7.500013954.5752   18.7214
    0.0000  -30.0000   -7.500014547.4043   18.7402
    7.5000  -30.0000   -7.500013810.2744   18.7152
   -7.5000  -22.5000   -7.500014610.3252   18.7797
    0.0000  -22.5000   -7.500015199.3926   18.7899
    7.5000  -22.5000   -7.500014406.8516   18.7595
   -7.5000  -15.0000   -7.500015175.0977   18.8337
    0.0000  -15.0000   -7.500015772.5400   18.8373
    7.5000  -15.0000   -7.500014979.6436   18.7953
   -7.5000   -7.5000   -7.500015792.9951   18.8239
    0.0000   -7.5000   -7.500016433.7031   18.8274
    7.5000   -7.5000   -7.500015634.0361   18.7770
   -7.5000    0.0000   -7.500016080.5605   18.7703
    0.0000    0.0000   -7.500016730.2246   18.7812
    7.5000    0.0000   -7.500015927.5957   18.7338
   -7.5000    7.5000   -7.500014881.7061   18.7216
    0.0000    7.5000   -7.500015495.6465   18.7412
    7.5000    7.5000   -7.500014773.9414   18.7078
   -7.5000   15.0000   -7.500013610.1875   18.7214
    0.0000   15.0000   -7.500014182.6748   18.7402
    7.5000   15.0000   -7.500013489.4053   18.7152
   -7.5000   22.5000   -7.500012325.4668   18.7711
    0.0000   22.5000   -7.500012794.1602   18.7812
    7.5000   22.5000   -7.500012202.1191   18.7508
   -7.5000   30.0000   -7.500010996.4082   18.5894
    0.0000   30.0000   -7.500011389.1318   18.5930
    7.5000   30.0000   -7.500010869.9404   18.5516
   -7.5000   37.5000   -7.500010039.9727   18.5798
    0.0000   37.5000   -7.500010399.3008   18.5832
    7.5000   37.5000   -7.5000 9945.3896   18.5335
   -7.5000   45.0000   -7.5000 8777.4092   18.0967
    0.0000   45.0000   -7.5000 9067.4551   18.1071
    7.5000   45.0000   -7.5000 8658.4902   18.0615
   -7.5000  -45.0000    0.000013432.9404   18.8167
    0.0000  -45.0000    0.000013993.8936   18.8282
    7.5000  -45.0000    0.000013333.4932   18.7771
   -7.5000  -37.5000    0.000013962.3545   18.7685
    0.0000  -37.5000    0.000014547.5625   18.7847
    7.5000  -37.5000    0.000013833.8311   18.7454
   -7.5000  -30.0000    0.000014910.3174   18.7742
    0.0000  -30.0000    0.000015553.6504   18.7897
    7.5000  -30.0000    0.000014745.4180   18.7584
   -7.5000  -22.5000    0.000015611.2549   18.8383
    0.0000  -22.5000    0.000016171.8066   18.8495
    7.5000  -22.5000    0.000015366.5674   18.8148
   -7.5000  -15.0000    0.000016175.5186   18.8927
    0.0000  -15.0000    0.000016725.3027   18.9012
    7.5000  -15.0000    0.000015907.7607   18.8565
   -7.5000   -7.5000    0.000016837.2969   18.8766
    0.0000   -7.5000    0.000017457.8848   18.8847
    7.5000   -7.5000    0.000016592.5898   18.8317
   -7.5000    0.0000    0.000017118.8242   18.8167
    0.0000    0.0000    0.000017788.6289   18.8282
    7.5000    0.0000    0.000016898.4805   18.7771
   -7.5000    7.5000    0.000015889.7344   18.7685
    0.0000    7.5000    0.000016528.5547   18.7847
    7.5000    7.5000    0.000015703.7500   18.7454
   -7.5000   15.0000    0.000014544.1592   18.7742
    0.0000   15.0000    0.000015111.4297   18.7897
    7.5000   15.0000    0.000014331.0322   18.7584
   -7.5000   22.5000    0.000013136.0166   18.8296
    0.0000   22.5000    0.000013651.0674   18.8408
    7.5000   22.5000    0.000012958.8623   18.8061
   -7.5000   30.0000    0.000011686.3828   18.6482
    0.0000   30.0000    0.000012137.0527   18.6566
    7.5000   30.0000    0.000011546.4883   18.6124
   -7.5000   37.5000    0.000010647.3027   18.6323
    0.0000   37.5000    0.000011063.9014   18.6403
    7.5000   37.5000    0.000010529.1963   18.5880
   -7.5000   45.0000    0.0000 9265.0283   18.1428
    0.0000   45.0000    0.0000 9594.6826   18.1539
    7.5000   45.0000    0.0000 9152.2324   18.1047
   -7.5000  -45.0000    7.500013144.5352   18.8269
    0.0000  -45.0000    7.500013680.4941   18.8366
    7.5000  -45.0000    7.500013015.6572   18.7963
   -7.5000  -37.5000    7.500013769.2871   18.7808
    0.0000  -37.5000    7.500014350.6748   18.7930
    7.5000  -37.5000    7.500013581.5820   18.7617
   -7.5000  -30.0000    7.500014911.9590   18.7921
    0.0000  -30.0000    7.500015590.8164   18.8060
    7.5000  -30.0000    7.500014634.4219   18.7832
   -7.5000  -22.5000    7.500015728.9688   18.8604
    0.0000  -22.5000    7.500016237.3730   18.8754
    7.5000  -22.5000    7.500015324.3486   18.8527
   -7.5000  -15.0000    7.500016188.3525   18.9147
    0.0000  -15.0000    7.500016642.6797   18.9287
    7.5000  -15.0000    7.500015764.1367   18.8984
   -7.5000   -7.5000    7.500016678.1230   18.8923
    0.0000   -7.5000    7.500017227.0684   18.9028
    7.5000   -7.5000    7.500016305.9297   18.8632
   -7.5000    0.0000    7.500016857.0078   18.8269
    0.0000    0.0000    7.500017488.0273   18.8366
    7.5000    0.0000    7.500016519.6465   18.7963
   -7.5000    7.5000    7.500015612.3867   18.7808
    0.0000    7.5000    7.500016243.3906   18.7930
    7.5000    7.5000    7.500015340.5752   18.7617
   -7.5000   15.0000    7.500014267.3496   18.7921
    0.0000   15.0000    7.500014841.9043   18.8060
    7.5000   15.0000    7.500014013.9785   18.7832
   -7.5000   22.5000    7.500012901.0107   18.8518
    0.0000   22.5000    7.500013400.3984   18.8667
    7.5000   22.5000    7.500012677.7500   18.8441
   -7.5000   30.0000    7.500011481.2139   18.6699
    0.0000   30.0000    7.500011918.3477   18.6838
    7.5000   30.0000    7.500011285.9326   18.6538
   -7.5000   37.5000    7.500010415.3867   18.6478
    0.0000   37.5000    7.500010830.6865   18.6581
    7.5000   37.5000    7.500010276.7666   18.6191
   -7.5000   45.0000    7.5000 9030.2988   18.1526
    0.0000   45.0000    7.5000 9376.2979   18.1619
    7.5000   45.0000    7.5000 8921.1328   18.1232
   -7.5000  -45.0000   15.000012688.8730   18.8280
    0.0000  -45.0000   15.000013260.8711   18.8352
    7.5000  -45.0000   15.000012563.5195   18.8082
   -7.5000  -37.5000   15.000013366.2725   18.7830
    0.0000  -37.5000   15.000014044.4922   18.7939
    7.5000  -37.5000   15.000013132.9688   18.7757
   -7.5000  -30.0000   15.000014645.2158   18.7930
    0.0000  -30.0000   15.000015428.8848   18.8072
    7.5000  -30.0000   15.000014202.1436   18.7982
   -7.5000  -22.5000   15.000015548.5596   18.8595
    0.0000  -22.5000   15.000016249.8877   18.8753
    7.5000  -22.5000   15.000014970.4668   18.8677
   -7.5000  -15.0000   15.000015947.3994   18.9136
    0.0000  -15.0000   15.000016542.0625   18.9270
    7.5000  -15.0000   15.000015404.7031   18.9117
   -7.5000   -7.5000   15.000016260.4170   18.8920
    0.0000   -7.5000   15.000016886.9180   18.8999
    7.5000   -7.5000   15.000015838.8320   18.8745
   -7.5000    0.0000   15.000016320.1963   18.8280
    0.0000    0.0000   15.000016940.3008   18.8352
    7.5000    0.0000   15.000015937.2979   18.8082
   -7.5000    7.5000   15.000015110.2686   18.7830
    0.0000    7.5000   15.000015679.4570   18.7939
    7.5000    7.5000   15.000014790.5508   18.7757
   -7.5000   15.0000   15.000013844.7285   18.7930
    0.0000   15.0000   15.000014367.2178   18.8072
    7.5000   15.0000   15.000013583.6211   18.7982
   -7.5000   22.5000   15.000012509.4717   18.8508
    0.0000   22.5000   15.000012969.6055   18.8666
    7.5000   22.5000   15.000012296.4453   18.8590
   -7.5000   30.0000   15.000011130.1533   18.6688
    0.0000   30.0000   15.000011555.2256   18.6820
    7.5000   30.0000   15.000010930.1562   18.6670
   -7.5000   37.5000   15.000010105.5029   18.6475
    0.0000   37.5000   15.000010529.8115   18.6553
    7.5000   37.5000   15.0000 9943.7461   18.6302
   -7.5000   45.0000   15.0000 8728.8594   18.1536
    0.0000   45.0000   15.0000 9072.2852   18.1605
    7.5000   45.0000   15.0000 8631.7227   18.1346
   -7.5000  -45.0000   22.500012106.1172   18.8193
    0.0000  -45.0000   22.500012674.9014   18.8271
    7.5000  -45.0000   22.500011991.5029   18.8025
   -7.5000  -37.5000   22.500012764.3740   18.7743
    0.0000  -37.5000   22.500013416.0645   18.7901
    7.5000  -37.5000   22.500012494.2480   18.7770
   -7.5000  -30.0000   22.500013768.8594   18.7790
    0.0000  -30.0000   22.500014451.9150   18.7970
    7.5000  -30.0000   22.500013389.2598   18.7929
   -7.5000  -22.5000   22.500014435.0264   18.8395
    0.0000  -22.5000   22.500015056.8174   18.8535
    7.5000  -22.5000   22.500014031.6816   18.8477
   -7.5000  -15.0000   22.500014959.3418   18.8929
    0.0000  -15.0000   22.500015538.3037   18.9002
    7.5000  -15.0000   22.500014550.6641   18.8847
   -7.5000   -7.5000   22.500015446.6172   18.8773
    0.0000   -7.5000   22.500016065.8164   18.8806
    7.5000   -7.5000   22.500015099.0684   18.8554
   -7.5000    0.0000   22.500015539.4717   18.8193
    0.0000    0.0000   22.500016163.1387   18.8271
    7.5000    0.0000   22.500015218.9033   18.8025
   -7.5000    7.5000   22.500014370.7852   18.7743
    0.0000    7.5000   22.500014955.8711   18.7901
    7.5000    7.5000   22.500014128.5615   18.7770
   -7.5000   15.0000   22.500013181.6006   18.7790
    0.0000   15.0000   22.500013713.6592   18.7970
    7.5000   15.0000   22.500012964.1113   18.7929
   -7.5000   22.5000   22.500011923.5029   18.8308
    0.0000   22.5000   22.500012371.0996   18.8448
    7.5000   22.5000   22.500011711.9150   18.8390
   -7.5000   30.0000   22.500010573.1006   18.6484
    0.0000   30.0000   22.500010956.8496   18.6556
    7.5000   30.0000   22.500010410.8799   18.6403
   -7.5000   37.5000   22.5000 9605.9365   18.6330
    0.0000   37.5000   22.5000 9976.3955   18.6362
    7.5000   37.5000   22.5000 9460.9121   18.6114
   -7.5000   45.0000   22.5000 8311.5176   18.1452
    0.0000   45.0000   22.5000 8603.5547   18.1526
    7.5000   45.0000   22.5000 8219.9082   18.1290
   -7.5000  -45.0000   30.000011342.6650   18.8300
    0.0000  -45.0000   30.000011821.8867   18.8394
    7.5000  -45.0000   30.000011225.9502   18.8051
   -7.5000  -37.5000   30.000011856.6143   18.7830
    0.0000  -37.5000   30.000012385.6729   18.8035
    7.5000  -37.5000   30.000011683.6475   18.7831
   -7.5000  -30.0000   30.000012589.4844   18.7830
    0.0000  -30.0000   30.000013139.1592   18.8041
    7.5000  -30.0000   30.000012468.3545   18.7925
   -7.5000  -22.5000   30.000013169.6240   18.8401
    0.0000  -22.5000   30.000013700.0674   18.8521
    7.5000  -22.5000   30.000013072.2207   18.8355
   -7.5000  -15.0000   30.000013800.3926   18.8934
    0.0000  -15.0000   30.000014297.1455   18.8964
    7.5000  -15.0000   30.000013613.1621   18.8683
   -7.5000   -7.5000   30.000014381.8584   18.8832
    0.0000   -7.5000   30.000014889.9941   18.8844
    7.5000   -7.5000   30.000014153.0059   18.8472
   -7.5000    0.0000   30.000014540.4736   18.8300
    0.0000    0.0000   30.000015044.2549   18.8394
    7.5000    0.0000   30.000014287.5469   18.8051
   -7.5000    7.5000   30.000013497.7070   18.7830
    0.0000    7.5000   30.000013999.2461   18.8035
    7.5000    7.5000   30.000013290.9736   18.7831
   -7.5000   15.0000   30.000012371.6543   18.7830
    0.0000   15.0000   30.000012837.4180   18.8041
    7.5000   15.0000   30.000012160.1992   18.7925
   -7.5000   22.5000   30.000011184.9033   18.8314
    0.0000   22.5000   30.000011605.4980   18.8434
    7.5000   22.5000   30.000010979.1895   18.8269
   -7.5000   30.0000   30.0000 9900.2520   18.6489
    0.0000   30.0000   30.000010265.5498   18.6518
    7.5000   30.0000   30.0000 9746.4648   18.6241
   -7.5000   37.5000   30.0000 9001.1768   18.6388
    0.0000   37.5000   30.0000 9340.4082   18.6400
    7.5000   37.5000   30.0000 8870.6914   18.6033
   -7.5000   45.0000   30.0000 7764.0435   18.1556
    0.0000   45.0000   30.0000 8062.6113   18.1646
    7.5000   45.0000   30.0000 7678.5386   18.1316
   -7.5000  -45.0000   37.500011059.5654   19.1227
    0.0000  -45.0000   37.500011530.6572   19.1337
    7.5000  -45.0000   37.500010945.9971   19.0850
   -7.5000  -37.5000   37.500011449.0303   19.0722
    0.0000  -37.5000   37.500011963.2002   19.0922
    7.5000  -37.5000   37.500011369.0566   19.0581
   -7.5000  -30.0000   37.500012100.7285   19.0721
    0.0000  -30.0000   37.500012618.0723   19.0911
    7.5000  -30.0000   37.500012103.1104   19.0656
   -7.5000  -22.5000   37.500012724.6855   19.1329
    0.0000  -22.5000   37.500013257.5518   19.1428
    7.5000  -22.5000   37.500012695.0469   19.1113
   -7.5000  -15.0000   37.500013381.2246   19.1888
    0.0000  -15.0000   37.500013913.3008   19.1922
    7.5000  -15.0000   37.500013246.8711   19.1485
   -7.5000   -7.5000   37.500013977.3105   19.1785
    0.0000   -7.5000   37.500014516.2227   19.1818
    7.5000   -7.5000   37.500013810.9131   19.1295
   -7.5000    0.0000   37.500014124.8008   19.1227
    0.0000    0.0000   37.500014652.0967   19.1337
    7.5000    0.0000   37.500013917.6182   19.0850
   -7.5000    7.5000   37.500013134.6309   19.0722
    0.0000    7.5000   37.500013630.7568   19.0922
    7.5000    7.5000   37.500012930.7520   19.0581
   -7.5000   15.0000   37.500012022.1348   19.0721
    0.0000   15.0000   37.500012463.6924   19.0911
    7.5000   15.0000   37.500011827.3047   19.0656
   -7.5000   22.5000   37.500010838.6201   19.1240
    0.0000   22.5000   37.500011241.4102   19.1340
    7.5000   22.5000   37.500010707.6240   19.1025
   -7.5000   30.0000   37.5000 9598.8301   18.9405
    0.0000   30.0000   37.5000 9963.8760   18.9438
    7.5000   30.0000   37.5000 9501.7549   18.9007
   -7.5000   37.5000   37.5000 8730.2900   18.9303
    0.0000   37.5000   37.5000 9073.5703   18.9336
    7.5000   37.5000   37.5000 8652.1367   18.8820
   -7.5000   45.0000   37.5000 7562.3364   18.4379
    0.0000   45.0000   37.5000 7864.5859   18.4484
    7.5000   45.0000   37.5000 7509.5952   18.4015
   -7.5000  -45.0000   45.000010241.9619   19.3564
    0.0000  -45.0000   45.000010699.4033   19.3681
    7.5000  -45.0000   45.000010170.1846   19.3135
   -7.5000  -37.5000   45.000010561.2178   19.3077
    0.0000  -37.5000   45.000011023.3916   19.3239
    7.5000  -37.5000   45.000010541.5791   19.2820
   -7.5000  -30.0000   45.000011183.5400   19.3133
    0.0000  -30.0000   45.000011654.2549   19.3286
    7.5000  -30.0000   45.000011208.8008   19.2956
   -7.5000  -22.5000   45.000011767.1133   19.3776
    0.0000  -22.5000   45.000012273.1348   19.3888
    7.5000  -22.5000   45.000011767.2480   19.3526
   -7.5000  -15.0000   45.000012360.2451   19.4321
    0.0000  -15.0000   45.000012872.2412   19.4412
    7.5000  -15.0000   45.000012286.9688   19.3942
   -7.5000   -7.5000   45.000012917.8301   19.4163
    0.0000   -7.5000   45.000013424.7939   19.4249
    7.5000   -7.5000   45.000012802.4121   19.3686
   -7.5000    0.0000   45.000013048.6855   19.3564
    0.0000    0.0000   45.000013578.1338   19.3681
    7.5000    0.0000   45.000012915.8018   19.3135
   -7.5000    7.5000   45.000012164.6514   19.3077
    0.0000    7.5000   45.000012665.6758   19.3239
    7.5000    7.5000   45.000012039.6543   19.2820
   -7.5000   15.0000   45.000011130.9014   19.3133
    0.0000   15.0000   45.000011570.8418   19.3286
    7.5000   15.0000   45.000011003.5664   19.2956
   -7.5000   22.5000   45.0000 9998.0283   19.3686
    0.0000   22.5000   45.000010390.0840   19.3798
    7.5000   22.5000   45.0000 9906.7793   19.3436
   -7.5000   30.0000   45.0000 8844.3877   19.1790
    0.0000   30.0000   45.0000 9181.5889   19.1879
    7.5000   30.0000   45.0000 8773.8945   19.1416
   -7.5000   37.5000   45.0000 8040.7686   19.1633
    0.0000   37.5000   45.0000 8350.3721   19.1718
    7.5000   37.5000   45.0000 8020.1533   19.1163
   -7.5000   45.0000   45.0000 6992.0405   18.6715
    0.0000   45.0000   45.0000 7239.1592   18.6829
    7.5000   45.0000   45.0000 6952.8501   18.6303

---------------------------------------------------------------------
imgreg_4dfp /opt/freesurfer/average/711-2C_as_mni_average_305 /opt/freesurfer/average/711-2B_as_mni_average_305_mask talsrcimg_g11 none talsrcimg_to_711-2C_as_mni_average_305_t4 4355
---------------------------------------------------------------------

freesurfer imgreg_4dfp.c
/opt/freesurfer/average/711-2C_as_mni_average_305.4dfp.img
       256       256       256         1
  1.000000  1.000000  1.000000
orientation T byte_order littleendian
Reading image: /opt/freesurfer/average/711-2C_as_mni_average_305.4dfp.img
dimensions:      256       256       256
mmppix:       1.0000   -1.0000   -1.0000
center:     128.0000 -129.0000 -129.0000
/opt/freesurfer/average/711-2B_as_mni_average_305_mask.4dfp.img
       256       256       256         1
  1.000000  1.000000  1.000000
orientation T byte_order littleendian
Reading mask: /opt/freesurfer/average/711-2B_as_mni_average_305_mask.4dfp.img (2306576 pixels)
talsrcimg_g11.4dfp.img
       256       256       256         1
  1.000000  1.000000  1.000000
orientation T byte_order littleendian
Reading image: talsrcimg_g11.4dfp.img
dimensions:      256       256       256
mmppix:       1.0000   -1.0000   -1.0000
center:     128.0000 -129.0000 -129.0000
rotation matrix determinant  1.000000
image alignment mode   4355 decimal     1103 hex
   -7.5000  -45.0000  -45.0000 2251.7639   17.2121
    0.0000  -45.0000  -45.0000 2266.0840   17.1352
    7.5000  -45.0000  -45.0000 2251.0000   17.2456
   -7.5000  -37.5000  -45.0000 2282.6956   16.5605
    0.0000  -37.5000  -45.0000 2296.2847   16.4507
    7.5000  -37.5000  -45.0000 2286.8157   16.5396
   -7.5000  -30.0000  -45.0000 2297.1045   16.2390
    0.0000  -30.0000  -45.0000 2313.0825   16.0929
    7.5000  -30.0000  -45.0000 2303.4148   16.2216
   -7.5000  -22.5000  -45.0000 2296.0049   16.2891
    0.0000  -22.5000  -45.0000 2313.0278   16.1384
    7.5000  -22.5000  -45.0000 2302.2397   16.2564
   -7.5000  -15.0000  -45.0000 2280.2371   16.7089
    0.0000  -15.0000  -45.0000 2296.5684   16.5558
    7.5000  -15.0000  -45.0000 2283.5701   16.6936
   -7.5000   -7.5000  -45.0000 2248.8818   17.4229
    0.0000   -7.5000  -45.0000 2263.1565   17.2349
    7.5000   -7.5000  -45.0000 2250.1213   17.3735
   -7.5000    0.0000  -45.0000 2196.7192   18.4860
    0.0000    0.0000  -45.0000 2208.3508   18.2624
    7.5000    0.0000  -45.0000 2196.1838   18.3803
   -7.5000    7.5000  -45.0000 2126.9639   19.8933
    0.0000    7.5000  -45.0000 2138.0073   19.6737
    7.5000    7.5000  -45.0000 2124.9175   19.8226
   -7.5000   15.0000  -45.0000 2038.4761   21.7406
    0.0000   15.0000  -45.0000 2052.8655   21.4538
    7.5000   15.0000  -45.0000 2035.7861   21.7350
   -7.5000   22.5000  -45.0000 1941.1465   24.1924
    0.0000   22.5000  -45.0000 1952.8184   23.9201
    7.5000   22.5000  -45.0000 1932.4148   24.2328
   -7.5000   30.0000  -45.0000 1826.1724   27.4597
    0.0000   30.0000  -45.0000 1837.0907   27.1164
    7.5000   30.0000  -45.0000 1825.0645   27.3082
   -7.5000   37.5000  -45.0000 1702.7660   31.6085
    0.0000   37.5000  -45.0000 1716.7335   31.2815
    7.5000   37.5000  -45.0000 1702.5024   31.5260
   -7.5000   45.0000  -45.0000 1565.0929   37.5212
    0.0000   45.0000  -45.0000 1582.5464   37.1596
    7.5000   45.0000  -45.0000 1567.1310   37.4121
   -7.5000  -45.0000  -37.5000 2358.7844   15.9175
    0.0000  -45.0000  -37.5000 2371.9548   15.8504
    7.5000  -45.0000  -37.5000 2351.3337   15.9923
   -7.5000  -37.5000  -37.5000 2388.5508   15.3034
    0.0000  -37.5000  -37.5000 2406.2974   15.2342
    7.5000  -37.5000  -37.5000 2386.8923   15.3591
   -7.5000  -30.0000  -37.5000 2407.4211   14.9598
    0.0000  -30.0000  -37.5000 2423.4583   14.8954
    7.5000  -30.0000  -37.5000 2407.4407   15.0197
   -7.5000  -22.5000  -37.5000 2409.3293   14.9891
    0.0000  -22.5000  -37.5000 2425.4080   14.8958
    7.5000  -22.5000  -37.5000 2407.4763   15.0301
   -7.5000  -15.0000  -37.5000 2393.7385   15.3669
    0.0000  -15.0000  -37.5000 2410.7932   15.2654
    7.5000  -15.0000  -37.5000 2388.7244   15.3957
   -7.5000   -7.5000  -37.5000 2356.2756   16.0043
    0.0000   -7.5000  -37.5000 2373.4548   15.8762
    7.5000   -7.5000  -37.5000 2353.6826   15.9866
   -7.5000    0.0000  -37.5000 2300.1726   16.9812
    0.0000    0.0000  -37.5000 2315.8921   16.8338
    7.5000    0.0000  -37.5000 2299.9634   16.9502
   -7.5000    7.5000  -37.5000 2224.1284   18.3019
    0.0000    7.5000  -37.5000 2241.5134   18.1187
    7.5000    7.5000  -37.5000 2228.4861   18.2784
   -7.5000   15.0000  -37.5000 2134.6030   19.9750
    0.0000   15.0000  -37.5000 2146.7937   19.8036
    7.5000   15.0000  -37.5000 2132.4526   20.0355
   -7.5000   22.5000  -37.5000 2030.0498   22.2615
    0.0000   22.5000  -37.5000 2045.3141   22.0342
    7.5000   22.5000  -37.5000 2023.8750   22.2943
   -7.5000   30.0000  -37.5000 1907.2914   25.1932
    0.0000   30.0000  -37.5000 1918.6523   24.9344
    7.5000   30.0000  -37.5000 1905.1639   25.1346
   -7.5000   37.5000  -37.5000 1775.7565   29.0220
    0.0000   37.5000  -37.5000 1784.7739   28.7010
    7.5000   37.5000  -37.5000 1770.3293   28.9875
   -7.5000   45.0000  -37.5000 1635.0853   34.2637
    0.0000   45.0000  -37.5000 1644.1088   33.8672
    7.5000   45.0000  -37.5000 1628.3357   34.1567
   -7.5000  -45.0000  -30.0000 2499.7290   15.2632
    0.0000  -45.0000  -30.0000 2519.2109   15.2028
    7.5000  -45.0000  -30.0000 2492.8201   15.3485
   -7.5000  -37.5000  -30.0000 2543.9126   14.6341
    0.0000  -37.5000  -30.0000 2564.3979   14.6075
    7.5000  -37.5000  -30.0000 2537.6750   14.7453
   -7.5000  -30.0000  -30.0000 2565.8203   14.3295
    0.0000  -30.0000  -30.0000 2579.0083   14.2717
    7.5000  -30.0000  -30.0000 2555.5095   14.4106
   -7.5000  -22.5000  -30.0000 2563.0144   14.3030
    0.0000  -22.5000  -30.0000 2578.9041   14.2396
    7.5000  -22.5000  -30.0000 2556.1077   14.3882
   -7.5000  -15.0000  -30.0000 2542.3687   14.5946
    0.0000  -15.0000  -30.0000 2560.8608   14.5133
    7.5000  -15.0000  -30.0000 2536.7598   14.6736
   -7.5000   -7.5000  -30.0000 2506.7683   15.1786
    0.0000   -7.5000  -30.0000 2527.9805   15.1010
    7.5000   -7.5000  -30.0000 2502.9797   15.2496
   -7.5000    0.0000  -30.0000 2443.9724   16.1310
    0.0000    0.0000  -30.0000 2466.9526   16.0410
    7.5000    0.0000  -30.0000 2446.2134   16.1813
   -7.5000    7.5000  -30.0000 2363.4751   17.3831
    0.0000    7.5000  -30.0000 2389.6687   17.2868
    7.5000    7.5000  -30.0000 2369.6614   17.4817
   -7.5000   15.0000  -30.0000 2268.2039   19.0444
    0.0000   15.0000  -30.0000 2282.3157   18.9287
    7.5000   15.0000  -30.0000 2268.2664   19.1217
   -7.5000   22.5000  -30.0000 2152.6575   21.2213
    0.0000   22.5000  -30.0000 2168.8801   21.0164
    7.5000   22.5000  -30.0000 2146.8794   21.2414
   -7.5000   30.0000  -30.0000 2020.5062   23.9700
    0.0000   30.0000  -30.0000 2031.3094   23.7632
    7.5000   30.0000  -30.0000 2012.7943   23.9580
   -7.5000   37.5000  -30.0000 1880.0300   27.5566
    0.0000   37.5000  -30.0000 1892.7206   27.3076
    7.5000   37.5000  -30.0000 1875.0850   27.5998
   -7.5000   45.0000  -30.0000 1722.7965   32.4687
    0.0000   45.0000  -30.0000 1734.6720   32.1404
    7.5000   45.0000  -30.0000 1719.3842   32.4910
   -7.5000  -45.0000  -22.5000 2597.5781   14.5276
    0.0000  -45.0000  -22.5000 2615.3530   14.4673
    7.5000  -45.0000  -22.5000 2600.3245   14.5607
   -7.5000  -37.5000  -22.5000 2659.7114   13.9035
    0.0000  -37.5000  -22.5000 2678.3772   13.8507
    7.5000  -37.5000  -22.5000 2655.1321   13.9782
   -7.5000  -30.0000  -22.5000 2689.6951   13.5640
    0.0000  -30.0000  -22.5000 2703.9675   13.5298
    7.5000  -30.0000  -22.5000 2679.4385   13.6465
   -7.5000  -22.5000  -22.5000 2693.5762   13.5022
    0.0000  -22.5000  -22.5000 2708.3459   13.4486
    7.5000  -22.5000  -22.5000 2681.6838   13.5927
   -7.5000  -15.0000  -22.5000 2672.9846   13.7548
    0.0000  -15.0000  -22.5000 2689.7957   13.6827
    7.5000  -15.0000  -22.5000 2663.3550   13.8374
   -7.5000   -7.5000  -22.5000 2631.8926   14.3181
    0.0000   -7.5000  -22.5000 2654.3621   14.2256
    7.5000   -7.5000  -22.5000 2629.7698   14.3873
   -7.5000    0.0000  -22.5000 2565.7231   15.2211
    0.0000    0.0000  -22.5000 2587.0508   15.1199
    7.5000    0.0000  -22.5000 2567.7939   15.2985
   -7.5000    7.5000  -22.5000 2474.0303   16.4273
    0.0000    7.5000  -22.5000 2499.1484   16.3203
    7.5000    7.5000  -22.5000 2481.7554   16.5083
   -7.5000   15.0000  -22.5000 2370.0061   18.0251
    0.0000   15.0000  -22.5000 2385.6462   17.8922
    7.5000   15.0000  -22.5000 2366.3860   18.0741
   -7.5000   22.5000  -22.5000 2253.0247   20.0781
    0.0000   22.5000  -22.5000 2269.3281   19.8633
    7.5000   22.5000  -22.5000 2249.9026   20.0594
   -7.5000   30.0000  -22.5000 2112.9214   22.6705
    0.0000   30.0000  -22.5000 2122.8652   22.4929
    7.5000   30.0000  -22.5000 2102.4211   22.6539
   -7.5000   37.5000  -22.5000 1955.9066   26.0379
    0.0000   37.5000  -22.5000 1962.4745   25.7960
    7.5000   37.5000  -22.5000 1944.6359   26.0626
   -7.5000   45.0000  -22.5000 1793.7935   30.6651
    0.0000   45.0000  -22.5000 1804.5143   30.2442
    7.5000   45.0000  -22.5000 1792.4492   30.5727
   -7.5000  -45.0000  -15.0000 2662.6465   13.8312
    0.0000  -45.0000  -15.0000 2684.0476   13.7477
    7.5000  -45.0000  -15.0000 2673.1145   13.8226
   -7.5000  -37.5000  -15.0000 2736.9983   13.1996
    0.0000  -37.5000  -15.0000 2756.8276   13.1196
    7.5000  -37.5000  -15.0000 2735.3564   13.2423
   -7.5000  -30.0000  -15.0000 2776.8835   12.8297
    0.0000  -30.0000  -15.0000 2794.0337   12.7643
    7.5000  -30.0000  -15.0000 2769.6431   12.8992
   -7.5000  -22.5000  -15.0000 2789.7375   12.7548
    0.0000  -22.5000  -15.0000 2809.2791   12.6797
    7.5000  -22.5000  -15.0000 2778.3818   12.8063
   -7.5000  -15.0000  -15.0000 2770.2732   12.9860
    0.0000  -15.0000  -15.0000 2788.4470   12.8860
    7.5000  -15.0000  -15.0000 2762.3145   13.0315
   -7.5000   -7.5000  -15.0000 2727.0154   13.5430
    0.0000   -7.5000  -15.0000 2747.2703   13.4265
    7.5000   -7.5000  -15.0000 2720.5608   13.5792
   -7.5000    0.0000  -15.0000 2654.6084   14.3951
    0.0000    0.0000  -15.0000 2675.9514   14.2735
    7.5000    0.0000  -15.0000 2650.4539   14.4206
   -7.5000    7.5000  -15.0000 2554.9392   15.5458
    0.0000    7.5000  -15.0000 2575.9292   15.4446
    7.5000    7.5000  -15.0000 2556.2383   15.5975
   -7.5000   15.0000  -15.0000 2438.3269   17.0900
    0.0000   15.0000  -15.0000 2457.3127   16.9639
    7.5000   15.0000  -15.0000 2435.6021   17.1156
   -7.5000   22.5000  -15.0000 2316.8220   19.0337
    0.0000   22.5000  -15.0000 2329.7688   18.8698
    7.5000   22.5000  -15.0000 2310.6882   19.0058
   -7.5000   30.0000  -15.0000 2171.2439   21.5129
    0.0000   30.0000  -15.0000 2179.0637   21.3123
    7.5000   30.0000  -15.0000 2156.8547   21.4693
   -7.5000   37.5000  -15.0000 2005.7405   24.7220
    0.0000   37.5000  -15.0000 2013.9596   24.4705
    7.5000   37.5000  -15.0000 1998.6385   24.6413
   -7.5000   45.0000  -15.0000 1842.3813   29.0551
    0.0000   45.0000  -15.0000 1849.7150   28.6629
    7.5000   45.0000  -15.0000 1834.9409   28.8631
   -7.5000  -45.0000   -7.5000 2714.2363   13.2015
    0.0000  -45.0000   -7.5000 2738.6208   13.1037
    7.5000  -45.0000   -7.5000 2726.1118   13.2121
   -7.5000  -37.5000   -7.5000 2794.7544   12.5730
    0.0000  -37.5000   -7.5000 2818.6980   12.4879
    7.5000  -37.5000   -7.5000 2795.6226   12.6018
   -7.5000  -30.0000   -7.5000 2845.0596   12.2151
    0.0000  -30.0000   -7.5000 2868.4314   12.1210
    7.5000  -30.0000   -7.5000 2836.0010   12.2473
   -7.5000  -22.5000   -7.5000 2863.3262   12.0935
    0.0000  -22.5000   -7.5000 2886.9900   11.9860
    7.5000  -22.5000   -7.5000 2852.0474   12.1280
   -7.5000  -15.0000   -7.5000 2846.3767   12.2848
    0.0000  -15.0000   -7.5000 2865.8901   12.1913
    7.5000  -15.0000   -7.5000 2834.2644   12.3326
   -7.5000   -7.5000   -7.5000 2796.5256   12.8498
    0.0000   -7.5000   -7.5000 2816.5950   12.7456
    7.5000   -7.5000   -7.5000 2791.1702   12.8886
   -7.5000    0.0000   -7.5000 2717.1121   13.6688
    0.0000    0.0000   -7.5000 2734.2246   13.5695
    7.5000    0.0000   -7.5000 2713.8252   13.7121
   -7.5000    7.5000   -7.5000 2611.4829   14.7916
    0.0000    7.5000   -7.5000 2630.2939   14.6832
    7.5000    7.5000   -7.5000 2611.6187   14.8351
   -7.5000   15.0000   -7.5000 2495.0090   16.2878
    0.0000   15.0000   -7.5000 2515.6406   16.1474
    7.5000   15.0000   -7.5000 2490.9358   16.2836
   -7.5000   22.5000   -7.5000 2364.8630   18.1623
    0.0000   22.5000   -7.5000 2377.8469   18.0215
    7.5000   22.5000   -7.5000 2356.1182   18.1720
   -7.5000   30.0000   -7.5000 2212.7742   20.5319
    0.0000   30.0000   -7.5000 2221.0352   20.3753
    7.5000   30.0000   -7.5000 2199.8630   20.5388
   -7.5000   37.5000   -7.5000 2043.3812   23.6023
    0.0000   37.5000   -7.5000 2053.5115   23.3424
    7.5000   37.5000   -7.5000 2042.0375   23.5272
   -7.5000   45.0000   -7.5000 1878.9591   27.6565
    0.0000   45.0000   -7.5000 1886.2590   27.2700
    7.5000   45.0000   -7.5000 1872.8549   27.5399
   -7.5000  -45.0000    0.0000 2751.5955   12.8191
    0.0000  -45.0000    0.0000 2776.7791   12.6743
    7.5000  -45.0000    0.0000 2759.5974   12.8165
   -7.5000  -37.5000    0.0000 2837.6323   12.1782
    0.0000  -37.5000    0.0000 2862.5835   12.0368
    7.5000  -37.5000    0.0000 2839.1704   12.2037
   -7.5000  -30.0000    0.0000 2894.8157   11.8329
    0.0000  -30.0000    0.0000 2927.9880   11.7059
    7.5000  -30.0000    0.0000 2892.5562   11.8652
   -7.5000  -22.5000    0.0000 2918.4871   11.7034
    0.0000  -22.5000    0.0000 2948.4348   11.5539
    7.5000  -22.5000    0.0000 2906.6523   11.7627
   -7.5000  -15.0000    0.0000 2899.1902   11.8192
    0.0000  -15.0000    0.0000 2919.8345   11.6732
    7.5000  -15.0000    0.0000 2886.1401   11.8859
   -7.5000   -7.5000    0.0000 2845.9673   12.3497
    0.0000   -7.5000    0.0000 2864.4146   12.2274
    7.5000   -7.5000    0.0000 2839.1421   12.4185
   -7.5000    0.0000    0.0000 2762.0095   13.1552
    0.0000    0.0000    0.0000 2781.9128   13.0469
    7.5000    0.0000    0.0000 2759.0095   13.2245
   -7.5000    7.5000    0.0000 2657.0571   14.2559
    0.0000    7.5000    0.0000 2676.0120   14.1444
    7.5000    7.5000    0.0000 2656.0037   14.3276
   -7.5000   15.0000    0.0000 2537.4778   15.7606
    0.0000   15.0000    0.0000 2552.4104   15.6289
    7.5000   15.0000    0.0000 2523.5464   15.8303
   -7.5000   22.5000    0.0000 2397.7339   17.6249
    0.0000   22.5000    0.0000 2412.0608   17.4728
    7.5000   22.5000    0.0000 2386.6411   17.6866
   -7.5000   30.0000    0.0000 2245.2996   19.9158
    0.0000   30.0000    0.0000 2256.3840   19.7352
    7.5000   30.0000    0.0000 2235.5928   19.9850
   -7.5000   37.5000    0.0000 2069.0151   22.7761
    0.0000   37.5000    0.0000 2082.0876   22.5216
    7.5000   37.5000    0.0000 2065.2280   22.7846
   -7.5000   45.0000    0.0000 1896.7584   26.5636
    0.0000   45.0000    0.0000 1908.3512   26.1772
    7.5000   45.0000    0.0000 1891.7043   26.5480
   -7.5000  -45.0000    7.5000 2772.0327   12.6399
    0.0000  -45.0000    7.5000 2793.9722   12.4733
    7.5000  -45.0000    7.5000 2775.1033   12.6296
   -7.5000  -37.5000    7.5000 2870.3877   12.0612
    0.0000  -37.5000    7.5000 2894.8740   11.8955
    7.5000  -37.5000    7.5000 2870.3618   12.0168
   -7.5000  -30.0000    7.5000 2941.3625   11.7905
    0.0000  -30.0000    7.5000 2975.1523   11.6379
    7.5000  -30.0000    7.5000 2933.4934   11.7307
   -7.5000  -22.5000    7.5000 2970.3240   11.6692
    0.0000  -22.5000    7.5000 2997.7024   11.5008
    7.5000  -22.5000    7.5000 2948.2727   11.6683
   -7.5000  -15.0000    7.5000 2943.1973   11.6671
    0.0000  -15.0000    7.5000 2956.0217   11.4962
    7.5000  -15.0000    7.5000 2918.3843   11.7026
   -7.5000   -7.5000    7.5000 2882.4033   12.0312
    0.0000   -7.5000    7.5000 2897.7727   11.9101
    7.5000   -7.5000    7.5000 2866.3484   12.0935
   -7.5000    0.0000    7.5000 2788.5049   12.8101
    0.0000    0.0000    7.5000 2807.0571   12.6941
    7.5000    0.0000    7.5000 2783.4905   12.8622
   -7.5000    7.5000    7.5000 2680.4502   13.9267
    0.0000    7.5000    7.5000 2699.3164   13.8314
    7.5000    7.5000    7.5000 2673.1812   14.0012
   -7.5000   15.0000    7.5000 2554.7615   15.4091
    0.0000   15.0000    7.5000 2570.1025   15.3348
    7.5000   15.0000    7.5000 2540.4878   15.5027
   -7.5000   22.5000    7.5000 2418.5820   17.2296
    0.0000   22.5000    7.5000 2426.9573   17.1406
    7.5000   22.5000    7.5000 2400.9875   17.3258
   -7.5000   30.0000    7.5000 2265.9233   19.4678
    0.0000   30.0000    7.5000 2269.3044   19.3454
    7.5000   30.0000    7.5000 2251.0159   19.5392
   -7.5000   37.5000    7.5000 2089.3887   22.3409
    0.0000   37.5000    7.5000 2099.1277   22.0987
    7.5000   37.5000    7.5000 2081.9739   22.3192
   -7.5000   45.0000    7.5000 1908.0164   26.0278
    0.0000   45.0000    7.5000 1920.3718   25.6991
    7.5000   45.0000    7.5000 1906.7749   26.0207
   -7.5000  -45.0000   15.0000 2773.9009   12.6447
    0.0000  -45.0000   15.0000 2793.7253   12.5138
    7.5000  -45.0000   15.0000 2771.5164   12.6488
   -7.5000  -37.5000   15.0000 2883.8164   12.0645
    0.0000  -37.5000   15.0000 2907.6113   11.9547
    7.5000  -37.5000   15.0000 2875.8228   12.0276
   -7.5000  -30.0000   15.0000 2969.9819   11.8217
    0.0000  -30.0000   15.0000 3000.2192   11.7646
    7.5000  -30.0000   15.0000 2944.3420   11.7631
   -7.5000  -22.5000   15.0000 3001.7839   11.7592
    0.0000  -22.5000   15.0000 3028.1682   11.6853
    7.5000  -22.5000   15.0000 2958.5559   11.7023
   -7.5000  -15.0000   15.0000 2958.9563   11.7377
    0.0000  -15.0000   15.0000 2968.7798   11.6392
    7.5000  -15.0000   15.0000 2924.5708   11.7280
   -7.5000   -7.5000   15.0000 2885.6702   11.9843
    0.0000   -7.5000   15.0000 2899.7024   11.8932
    7.5000   -7.5000   15.0000 2867.1086   12.0506
   -7.5000    0.0000   15.0000 2794.3345   12.6906
    0.0000    0.0000   15.0000 2804.9648   12.5950
    7.5000    0.0000   15.0000 2781.7317   12.7421
   -7.5000    7.5000   15.0000 2684.9595   13.8049
    0.0000    7.5000   15.0000 2694.8259   13.6855
    7.5000    7.5000   15.0000 2671.5439   13.8414
   -7.5000   15.0000   15.0000 2554.2671   15.2307
    0.0000   15.0000   15.0000 2565.8945   15.1408
    7.5000   15.0000   15.0000 2541.1665   15.3117
   -7.5000   22.5000   15.0000 2414.0012   17.0627
    0.0000   22.5000   15.0000 2423.5374   16.9770
    7.5000   22.5000   15.0000 2402.1909   17.1418
   -7.5000   30.0000   15.0000 2261.4590   19.3671
    0.0000   30.0000   15.0000 2267.1370   19.2369
    7.5000   30.0000   15.0000 2245.1838   19.3869
   -7.5000   37.5000   15.0000 2088.3298   22.1491
    0.0000   37.5000   15.0000 2104.1038   21.9869
    7.5000   37.5000   15.0000 2078.5249   22.1896
   -7.5000   45.0000   15.0000 1907.5940   25.7882
    0.0000   45.0000   15.0000 1919.5311   25.5901
    7.5000   45.0000   15.0000 1909.3138   25.8158
   -7.5000  -45.0000   22.5000 2767.5569   12.7633
    0.0000  -45.0000   22.5000 2784.9956   12.7076
    7.5000  -45.0000   22.5000 2753.8323   12.8640
   -7.5000  -37.5000   22.5000 2879.2300   12.1492
    0.0000  -37.5000   22.5000 2901.1431   12.0843
    7.5000  -37.5000   22.5000 2858.8083   12.2102
   -7.5000  -30.0000   22.5000 2966.0010   11.8764
    0.0000  -30.0000   22.5000 2990.0767   11.8222
    7.5000  -30.0000   22.5000 2930.1770   11.8493
   -7.5000  -22.5000   22.5000 2992.3455   11.6965
    0.0000  -22.5000   22.5000 3007.2864   11.6395
    7.5000  -22.5000   22.5000 2940.2585   11.7309
   -7.5000  -15.0000   22.5000 2948.6431   11.7814
    0.0000  -15.0000   22.5000 2956.3777   11.7111
    7.5000  -15.0000   22.5000 2904.5020   11.8410
   -7.5000   -7.5000   22.5000 2870.8647   12.2142
    0.0000   -7.5000   22.5000 2889.7078   12.1286
    7.5000   -7.5000   22.5000 2847.9517   12.2551
   -7.5000    0.0000   22.5000 2777.9531   12.9318
    0.0000    0.0000   22.5000 2792.5386   12.8666
    7.5000    0.0000   22.5000 2762.2385   13.0045
   -7.5000    7.5000   22.5000 2668.7991   13.9677
    0.0000    7.5000   22.5000 2673.9587   13.8982
    7.5000    7.5000   22.5000 2651.8176   14.0637
   -7.5000   15.0000   22.5000 2536.5479   15.3234
    0.0000   15.0000   22.5000 2544.7788   15.2453
    7.5000   15.0000   22.5000 2519.6096   15.4284
   -7.5000   22.5000   22.5000 2400.0916   17.0871
    0.0000   22.5000   22.5000 2408.3970   16.9851
    7.5000   22.5000   22.5000 2385.4937   17.1825
   -7.5000   30.0000   22.5000 2242.0457   19.3562
    0.0000   30.0000   22.5000 2249.8926   19.1723
    7.5000   30.0000   22.5000 2231.4487   19.3750
   -7.5000   37.5000   22.5000 2072.7068   22.1869
    0.0000   37.5000   22.5000 2091.1482   21.9410
    7.5000   37.5000   22.5000 2063.8472   22.1720
   -7.5000   45.0000   22.5000 1898.1084   25.7708
    0.0000   45.0000   22.5000 1911.5676   25.5412
    7.5000   45.0000   22.5000 1903.1212   25.8602
   -7.5000  -45.0000   30.0000 2752.5786   13.0543
    0.0000  -45.0000   30.0000 2765.9526   12.9592
    7.5000  -45.0000   30.0000 2732.0103   13.2121
   -7.5000  -37.5000   30.0000 2860.2383   12.4097
    0.0000  -37.5000   30.0000 2878.4941   12.3386
    7.5000  -37.5000   30.0000 2834.4497   12.5169
   -7.5000  -30.0000   30.0000 2926.4016   12.0419
    0.0000  -30.0000   30.0000 2944.6238   11.9829
    7.5000  -30.0000   30.0000 2888.3579   12.1455
   -7.5000  -22.5000   30.0000 2930.5732   11.8163
    0.0000  -22.5000   30.0000 2946.9995   11.7490
    7.5000  -22.5000   30.0000 2894.4021   12.0078
   -7.5000  -15.0000   30.0000 2907.3289   12.0570
    0.0000  -15.0000   30.0000 2918.0466   11.9515
    7.5000  -15.0000   30.0000 2867.3354   12.1525
   -7.5000   -7.5000   30.0000 2843.2075   12.5783
    0.0000   -7.5000   30.0000 2855.7493   12.4496
    7.5000   -7.5000   30.0000 2810.6975   12.6107
   -7.5000    0.0000   30.0000 2745.6167   13.3493
    0.0000    0.0000   30.0000 2757.9941   13.2342
    7.5000    0.0000   30.0000 2728.7175   13.3719
   -7.5000    7.5000   30.0000 2629.9766   14.3863
    0.0000    7.5000   30.0000 2640.6426   14.3083
    7.5000    7.5000   30.0000 2616.9143   14.4396
   -7.5000   15.0000   30.0000 2500.0620   15.6951
    0.0000   15.0000   30.0000 2507.4102   15.6271
    7.5000   15.0000   30.0000 2484.0493   15.7916
   -7.5000   22.5000   30.0000 2365.3801   17.4177
    0.0000   22.5000   30.0000 2373.1914   17.3050
    7.5000   22.5000   30.0000 2349.4985   17.4632
   -7.5000   30.0000   30.0000 2201.7683   19.5976
    0.0000   30.0000   30.0000 2213.4199   19.4407
    7.5000   30.0000   30.0000 2198.7930   19.5978
   -7.5000   37.5000   30.0000 2042.2534   22.3984
    0.0000   37.5000   30.0000 2053.7346   22.1431
    7.5000   37.5000   30.0000 2036.3641   22.3463
   -7.5000   45.0000   30.0000 1876.1719   26.0211
    0.0000   45.0000   30.0000 1888.9958   25.7328
    7.5000   45.0000   30.0000 1879.4816   26.0274
   -7.5000  -45.0000   37.5000 2728.9292   13.4946
    0.0000  -45.0000   37.5000 2738.0090   13.4198
    7.5000  -45.0000   37.5000 2700.0012   13.7069
   -7.5000  -37.5000   37.5000 2819.5801   12.8646
    0.0000  -37.5000   37.5000 2833.0815   12.7921
    7.5000  -37.5000   37.5000 2788.0071   13.0069
   -7.5000  -30.0000   37.5000 2865.6587   12.3717
    0.0000  -30.0000   37.5000 2880.6067   12.3116
    7.5000  -30.0000   37.5000 2833.3311   12.5991
   -7.5000  -22.5000   37.5000 2871.8792   12.2617
    0.0000  -22.5000   37.5000 2884.4473   12.1768
    7.5000  -22.5000   37.5000 2837.9941   12.4401
   -7.5000  -15.0000   37.5000 2850.5674   12.5375
    0.0000  -15.0000   37.5000 2861.0212   12.4449
    7.5000  -15.0000   37.5000 2809.4949   12.6290
   -7.5000   -7.5000   37.5000 2786.9587   13.0832
    0.0000   -7.5000   37.5000 2792.8540   12.9789
    7.5000   -7.5000   37.5000 2756.3943   13.1181
   -7.5000    0.0000   37.5000 2696.4431   13.8415
    0.0000    0.0000   37.5000 2703.8931   13.7451
    7.5000    0.0000   37.5000 2672.6760   13.8677
   -7.5000    7.5000   37.5000 2586.7532   14.8635
    0.0000    7.5000   37.5000 2594.6421   14.8014
    7.5000    7.5000   37.5000 2567.2310   14.9362
   -7.5000   15.0000   37.5000 2455.9456   16.2290
    0.0000   15.0000   37.5000 2465.4370   16.1499
    7.5000   15.0000   37.5000 2440.8840   16.2900
   -7.5000   22.5000   37.5000 2314.0535   17.9721
    0.0000   22.5000   37.5000 2325.8240   17.8644
    7.5000   22.5000   37.5000 2309.2881   18.0204
   -7.5000   30.0000   37.5000 2153.1194   20.1581
    0.0000   30.0000   37.5000 2164.8518   20.0493
    7.5000   30.0000   37.5000 2151.2458   20.1674
   -7.5000   37.5000   37.5000 1995.5698   22.9728
    0.0000   37.5000   37.5000 2003.8818   22.7672
    7.5000   37.5000   37.5000 1994.6731   22.9336
   -7.5000   45.0000   37.5000 1847.4817   26.6398
    0.0000   45.0000   37.5000 1855.1553   26.3371
    7.5000   45.0000   37.5000 1841.1658   26.6515
   -7.5000  -45.0000   45.0000 2682.7068   14.1491
    0.0000  -45.0000   45.0000 2692.1814   14.0739
    7.5000  -45.0000   45.0000 2652.0684   14.3702
   -7.5000  -37.5000   45.0000 2762.0400   13.4269
    0.0000  -37.5000   45.0000 2774.6860   13.3440
    7.5000  -37.5000   45.0000 2728.7981   13.6551
   -7.5000  -30.0000   45.0000 2805.2932   12.9485
    0.0000  -30.0000   45.0000 2816.4673   12.8829
    7.5000  -30.0000   45.0000 2772.2332   13.2270
   -7.5000  -22.5000   45.0000 2803.9109   12.8911
    0.0000  -22.5000   45.0000 2814.9387   12.8263
    7.5000  -22.5000   45.0000 2775.2410   13.0778
   -7.5000  -15.0000   45.0000 2772.0903   13.2055
    0.0000  -15.0000   45.0000 2782.5764   13.1078
    7.5000  -15.0000   45.0000 2741.2195   13.2843
   -7.5000   -7.5000   45.0000 2710.7346   13.7372
    0.0000   -7.5000   45.0000 2716.1592   13.6251
    7.5000   -7.5000   45.0000 2683.1545   13.7795
   -7.5000    0.0000   45.0000 2623.3530   14.4947
    0.0000    0.0000   45.0000 2634.0591   14.4019
    7.5000    0.0000   45.0000 2605.4675   14.5231
   -7.5000    7.5000   45.0000 2524.2007   15.5101
    0.0000    7.5000   45.0000 2536.1804   15.4499
    7.5000    7.5000   45.0000 2509.3394   15.5693
   -7.5000   15.0000   45.0000 2395.8977   16.9129
    0.0000   15.0000   45.0000 2410.6733   16.8094
    7.5000   15.0000   45.0000 2390.0017   16.9412
   -7.5000   22.5000   45.0000 2249.0061   18.6837
    0.0000   22.5000   45.0000 2263.6321   18.5956
    7.5000   22.5000   45.0000 2248.5557   18.7001
   -7.5000   30.0000   45.0000 2093.4966   20.9359
    0.0000   30.0000   45.0000 2101.9468   20.8068
    7.5000   30.0000   45.0000 2084.4507   20.9602
   -7.5000   37.5000   45.0000 1945.1475   23.7552
    0.0000   37.5000   45.0000 1951.3792   23.6016
    7.5000   37.5000   45.0000 1942.7428   23.8245
   -7.5000   45.0000   45.0000 1804.2416   27.5210
    0.0000   45.0000   45.0000 1807.2241   27.2642
    7.5000   45.0000   45.0000 1794.3954   27.5832

---------------------------------------------------------------------
imgreg_4dfp /opt/freesurfer/average/711-2C_as_mni_average_305 /opt/freesurfer/average/711-2B_as_mni_average_305_mask talsrcimg_g11 none talsrcimg_to_711-2C_as_mni_average_305_t4 1283
---------------------------------------------------------------------

freesurfer imgreg_4dfp.c
/opt/freesurfer/average/711-2C_as_mni_average_305.4dfp.img
       256       256       256         1
  1.000000  1.000000  1.000000
orientation T byte_order littleendian
Reading image: /opt/freesurfer/average/711-2C_as_mni_average_305.4dfp.img
dimensions:      256       256       256
mmppix:       1.0000   -1.0000   -1.0000
center:     128.0000 -129.0000 -129.0000
/opt/freesurfer/average/711-2B_as_mni_average_305_mask.4dfp.img
       256       256       256         1
  1.000000  1.000000  1.000000
orientation T byte_order littleendian
Reading mask: /opt/freesurfer/average/711-2B_as_mni_average_305_mask.4dfp.img (2306576 pixels)
talsrcimg_g11.4dfp.img
       256       256       256         1
  1.000000  1.000000  1.000000
orientation T byte_order littleendian
Reading image: talsrcimg_g11.4dfp.img
dimensions:      256       256       256
mmppix:       1.0000   -1.0000   -1.0000
center:     128.0000 -129.0000 -129.0000
rotation matrix determinant  1.000000
fimgreg.f
image alignment mode   1283 decimal      503 hex
parameters
    0.0000  -22.5000   15.0000    0.0000    0.0000    0.0000
eta,q 0.95201 11.63947
niter,ni,del,rscale     5    3   12.0000    1.2000
parameter  5 -0.635173 -> -0.500000 qaram    1.1500
parameters
   -1.1482  -23.9366   15.4493   -1.1879    3.4500    0.3319
eta,q 0.95708 11.63231
  0.0574  0.0535  0.0550  0.0485  0.0610  0.0479
  0.0509  0.0491  0.0487  0.0475  0.0545  0.0451
  0.0474  0.0462  0.0459  0.0462  0.0492  0.0435
  0.0474  0.0469  0.0462  0.0462  0.0460  0.0429
  0.0516  0.0509  0.0474  0.0472  0.0437  0.0431
  0.0599  0.0571  0.0494  0.0492  0.0429  0.0443
  0.0676  0.0633  0.0508  0.0520  0.0440  0.0470
niter,ni,del,rscale     5    3   12.0000    1.2000
parameters
   -2.3822  -23.4355   15.5733   -2.5356    4.4562   -0.1940
eta,q 0.95937 11.72277
  0.0542  0.0555  0.0489  0.0440  0.0563  0.0456
  0.0465  0.0497  0.0433  0.0425  0.0500  0.0426
  0.0419  0.0447  0.0414  0.0416  0.0450  0.0410
  0.0429  0.0415  0.0412  0.0412  0.0413  0.0406
  0.0493  0.0416  0.0420  0.0421  0.0409  0.0415
  0.0573  0.0458  0.0442  0.0453  0.0446  0.0440
  0.0658  0.0527  0.0471  0.0501  0.0505  0.0478
niter,ni,del,rscale     4    3   12.0000    1.2000
parameters
   -2.8643  -22.9565   15.3424   -3.1662    4.9478   -0.3833
eta,q 0.95999 11.73679
  0.0582  0.0547  0.0474  0.0438  0.0547  0.0458
  0.0493  0.0481  0.0418  0.0419  0.0483  0.0425
  0.0424  0.0437  0.0399  0.0408  0.0432  0.0406
  0.0406  0.0404  0.0400  0.0399  0.0401  0.0400
  0.0455  0.0405  0.0412  0.0403  0.0408  0.0407
  0.0546  0.0451  0.0438  0.0426  0.0454  0.0430
  0.0634  0.0516  0.0476  0.0472  0.0517  0.0467
niter,ni,del,rscale     3    3   12.0000    1.2000
parameters
   -3.0541  -22.7730   15.2204   -3.3916    5.1363   -0.4496
eta,q 0.96016 11.73994
  0.0599  0.0531  0.0481  0.0442  0.0537  0.0460
  0.0504  0.0471  0.0421  0.0420  0.0473  0.0425
  0.0427  0.0429  0.0397  0.0406  0.0424  0.0404
  0.0400  0.0400  0.0398  0.0398  0.0399  0.0398
  0.0438  0.0406  0.0413  0.0398  0.0410  0.0404
  0.0527  0.0455  0.0438  0.0417  0.0461  0.0427
  0.0620  0.0525  0.0475  0.0459  0.0527  0.0464
niter,ni,del,rscale     2    3   12.0000    1.2000
parameters
   -3.1242  -22.7160   15.1688   -3.4558    5.2078   -0.4755
eta,q 0.96021 11.74055
  0.0606  0.0525  0.0486  0.0443  0.0533  0.0461
  0.0510  0.0467  0.0424  0.0420  0.0470  0.0426
  0.0430  0.0426  0.0398  0.0406  0.0421  0.0404
  0.0398  0.0398  0.0398  0.0398  0.0398  0.0398
  0.0432  0.0406  0.0414  0.0397  0.0411  0.0404
  0.0520  0.0458  0.0439  0.0414  0.0465  0.0426
  0.0614  0.0531  0.0475  0.0454  0.0531  0.0463
niter,ni,del,rscale     1    3   12.0000    1.2000
parameters
   -3.1504  -22.7022   15.1527   -3.4691    5.2356   -0.4859
eta,q 0.96022 11.74078
  0.0609  0.0523  0.0488  0.0444  0.0531  0.0461
  0.0512  0.0466  0.0425  0.0421  0.0469  0.0426
  0.0431  0.0425  0.0398  0.0406  0.0420  0.0404
  0.0398  0.0398  0.0398  0.0398  0.0398  0.0398
  0.0430  0.0406  0.0414  0.0396  0.0412  0.0404
  0.0517  0.0459  0.0439  0.0414  0.0466  0.0426
  0.0611  0.0533  0.0475  0.0453  0.0533  0.0462
registration optimization eta report
parameter search radius
    6.0000    6.0000    6.0000    6.0000    6.9000    6.0000
100000*second partial in parameter space
       57.       36.       23.       14.       28.       18.
  0.0609  0.0523  0.0488  0.0444  0.0531  0.0461
  0.0512  0.0466  0.0425  0.0421  0.0469  0.0426
  0.0431  0.0425  0.0398  0.0406  0.0420  0.0404
  0.0398  0.0398  0.0398  0.0398  0.0398  0.0398
  0.0430  0.0406  0.0414  0.0396  0.0412  0.0404
  0.0517  0.0459  0.0439  0.0414  0.0466  0.0426
  0.0611  0.0533  0.0475  0.0453  0.0533  0.0462
   -3.1504  -22.7022   15.1527   -3.4691    5.2356   -0.4859
eta,q 0.96022 11.74078

---------------------------------------------------------------------
imgreg_4dfp /opt/freesurfer/average/711-2C_as_mni_average_305 /opt/freesurfer/average/711-2B_as_mni_average_305_mask talsrcimg_g11 none talsrcimg_to_711-2C_as_mni_average_305_t4 3335
---------------------------------------------------------------------

freesurfer imgreg_4dfp.c
/opt/freesurfer/average/711-2C_as_mni_average_305.4dfp.img
       256       256       256         1
  1.000000  1.000000  1.000000
orientation T byte_order littleendian
Reading image: /opt/freesurfer/average/711-2C_as_mni_average_305.4dfp.img
dimensions:      256       256       256
mmppix:       1.0000   -1.0000   -1.0000
center:     128.0000 -129.0000 -129.0000
/opt/freesurfer/average/711-2B_as_mni_average_305_mask.4dfp.img
       256       256       256         1
  1.000000  1.000000  1.000000
orientation T byte_order littleendian
Reading mask: /opt/freesurfer/average/711-2B_as_mni_average_305_mask.4dfp.img (2306576 pixels)
talsrcimg_g11.4dfp.img
       256       256       256         1
  1.000000  1.000000  1.000000
orientation T byte_order littleendian
Reading image: talsrcimg_g11.4dfp.img
dimensions:      256       256       256
mmppix:       1.0000   -1.0000   -1.0000
center:     128.0000 -129.0000 -129.0000
fimgreg.f
image alignment mode   3335 decimal      D07 hex
parameters
   -3.1504  -22.7022   15.1527   -0.4208   -0.1915   -0.5997
    1.3987   -9.0567   -0.8446    6.1280    9.1251   -6.0257
eta,q 0.95996 11.71496
niter,ni,del,rscale     5    3    5.0000    1.2000
parameter  4  1.630828 ->  0.500000 qaram    1.1500
parameter  5  1.177531 ->  0.500000 qaram    1.1500
parameters
   -3.3897  -22.4967   15.7735   -4.5608   -4.3315   -3.7424
    1.4623   -7.5905    1.0998    4.4645    7.4399   -8.9036
eta,q 0.96790 11.04653
  0.0423  0.0428  0.0420  0.0341  0.0325  0.0329  0.0356  0.0379  0.0355  0.0341  0.0328  0.0326
  0.0409  0.0414  0.0410  0.0354  0.0330  0.0327  0.0341  0.0356  0.0342  0.0330  0.0325  0.0322
  0.0401  0.0405  0.0403  0.0373  0.0340  0.0330  0.0331  0.0338  0.0332  0.0324  0.0323  0.0321
  0.0400  0.0400  0.0400  0.0399  0.0359  0.0332  0.0328  0.0328  0.0326  0.0325  0.0324  0.0323
  0.0405  0.0401  0.0399  0.0430  0.0384  0.0333  0.0332  0.0326  0.0325  0.0333  0.0326  0.0329
  0.0417  0.0408  0.0401  0.0465  0.0413  0.0341  0.0341  0.0335  0.0328  0.0348  0.0330  0.0337
  0.0434  0.0420  0.0406  0.0507  0.0446  0.0366  0.0354  0.0351  0.0335  0.0370  0.0336  0.0347
niter,ni,del,rscale     6    3    5.0000    1.2000
parameter  4  1.099610 ->  0.500000 qaram    1.3225
parameter  5  0.560542 ->  0.500000 qaram    1.3225
parameters
   -3.1761  -22.3644   15.7597   -9.3218   -9.0925   -4.9759
    1.4100   -7.9902    1.5743    5.1179    6.4558   -9.8552
eta,q 0.97157 10.40516
  0.0359  0.0350  0.0335  0.0287  0.0291  0.0300  0.0307  0.0320  0.0303  0.0321  0.0292  0.0294
  0.0339  0.0334  0.0328  0.0294  0.0288  0.0290  0.0295  0.0301  0.0293  0.0304  0.0288  0.0288
  0.0327  0.0324  0.0323  0.0305  0.0289  0.0285  0.0287  0.0289  0.0287  0.0291  0.0285  0.0285
  0.0321  0.0321  0.0321  0.0321  0.0296  0.0287  0.0285  0.0285  0.0285  0.0285  0.0285  0.0285
  0.0323  0.0323  0.0322  0.0344  0.0309  0.0296  0.0288  0.0292  0.0286  0.0287  0.0287  0.0287
  0.0332  0.0331  0.0328  0.0375  0.0331  0.0300  0.0296  0.0307  0.0291  0.0296  0.0291  0.0292
  0.0347  0.0343  0.0336  0.0411  0.0361  0.0305  0.0308  0.0329  0.0298  0.0311  0.0297  0.0300
niter,ni,del,rscale     7    3    5.0000    1.2000
parameter  4  0.735539 ->  0.500000 qaram    1.5209
parameters
   -3.1082  -22.2363   15.8596  -14.7970  -10.0741   -4.8876
    1.1124   -7.6814    1.4853    5.5159    7.1064   -9.4399
eta,q 0.97325 10.01483
  0.0317  0.0311  0.0301  0.0271  0.0296  0.0293  0.0290  0.0313  0.0284  0.0302  0.0281  0.0281
  0.0299  0.0296  0.0292  0.0267  0.0279  0.0280  0.0278  0.0292  0.0275  0.0285  0.0275  0.0274
  0.0288  0.0287  0.0287  0.0274  0.0270  0.0271  0.0270  0.0275  0.0270  0.0273  0.0270  0.0269
  0.0284  0.0284  0.0284  0.0284  0.0269  0.0268  0.0268  0.0268  0.0268  0.0268  0.0268  0.0268
  0.0287  0.0287  0.0286  0.0300  0.0275  0.0273  0.0272  0.0271  0.0270  0.0270  0.0268  0.0268
  0.0297  0.0294  0.0291  0.0323  0.0289  0.0282  0.0281  0.0286  0.0276  0.0280  0.0271  0.0272
  0.0313  0.0305  0.0299  0.0354  0.0310  0.0289  0.0294  0.0308  0.0285  0.0296  0.0277  0.0278
niter,ni,del,rscale     7    3    5.0000    1.2000
parameters
   -3.2132  -22.1524   15.8015  -15.5242  -10.1940   -5.0160
    1.1416   -7.7110    1.3283    5.5161    7.2794   -9.4259
eta,q 0.97338  9.96305
  0.0298  0.0293  0.0283  0.0308  0.0300  0.0290  0.0292  0.0309  0.0282  0.0297  0.0278  0.0278
  0.0280  0.0279  0.0274  0.0283  0.0281  0.0277  0.0278  0.0288  0.0273  0.0281  0.0272  0.0272
  0.0270  0.0270  0.0269  0.0268  0.0270  0.0269  0.0269  0.0272  0.0268  0.0270  0.0268  0.0268
  0.0267  0.0267  0.0267  0.0267  0.0266  0.0266  0.0266  0.0266  0.0266  0.0266  0.0266  0.0266
  0.0273  0.0270  0.0270  0.0278  0.0271  0.0272  0.0269  0.0272  0.0269  0.0270  0.0267  0.0267
  0.0285  0.0277  0.0275  0.0293  0.0283  0.0281  0.0278  0.0287  0.0275  0.0281  0.0271  0.0272
  0.0303  0.0289  0.0284  0.0316  0.0302  0.0289  0.0291  0.0311  0.0283  0.0297  0.0277  0.0278
niter,ni,del,rscale     6    3    5.0000    1.2000
parameters
   -3.2359  -22.1136   15.7479  -15.5821  -10.1706   -5.0911
    1.1754   -7.7423    1.2979    5.5419    7.3081   -9.4784
eta,q 0.97340  9.95831
  0.0300  0.0291  0.0282  0.0313  0.0301  0.0290  0.0292  0.0309  0.0283  0.0297  0.0278  0.0278
  0.0281  0.0277  0.0273  0.0287  0.0282  0.0278  0.0278  0.0288  0.0274  0.0281  0.0272  0.0271
  0.0270  0.0269  0.0268  0.0270  0.0270  0.0269  0.0269  0.0272  0.0268  0.0270  0.0267  0.0267
  0.0266  0.0266  0.0266  0.0266  0.0266  0.0266  0.0266  0.0266  0.0266  0.0266  0.0266  0.0266
  0.0271  0.0269  0.0268  0.0276  0.0271  0.0271  0.0269  0.0272  0.0268  0.0270  0.0267  0.0267
  0.0283  0.0277  0.0274  0.0290  0.0282  0.0280  0.0278  0.0287  0.0274  0.0281  0.0271  0.0272
  0.0300  0.0288  0.0283  0.0311  0.0300  0.0289  0.0291  0.0310  0.0283  0.0297  0.0278  0.0278
niter,ni,del,rscale     5    3    5.0000    1.2000
parameters
   -3.2416  -22.1021   15.7211  -15.5863  -10.1613   -5.1153
    1.1803   -7.7529    1.2937    5.5640    7.3122   -9.5059
eta,q 0.97340  9.95769
  0.0300  0.0290  0.0282  0.0314  0.0301  0.0291  0.0292  0.0309  0.0283  0.0297  0.0278  0.0278
  0.0281  0.0276  0.0273  0.0288  0.0282  0.0278  0.0278  0.0288  0.0274  0.0281  0.0271  0.0271
  0.0270  0.0268  0.0268  0.0270  0.0270  0.0269  0.0269  0.0272  0.0268  0.0270  0.0267  0.0267
  0.0266  0.0266  0.0266  0.0266  0.0266  0.0266  0.0266  0.0266  0.0266  0.0266  0.0266  0.0266
  0.0271  0.0269  0.0268  0.0276  0.0271  0.0271  0.0269  0.0271  0.0268  0.0270  0.0267  0.0267
  0.0282  0.0277  0.0274  0.0290  0.0282  0.0280  0.0278  0.0287  0.0274  0.0281  0.0271  0.0272
  0.0300  0.0289  0.0282  0.0311  0.0300  0.0289  0.0291  0.0310  0.0283  0.0297  0.0278  0.0278
niter,ni,del,rscale     4    3    5.0000    1.2000
parameters
   -3.2411  -22.0991   15.7140  -15.5850  -10.1621   -5.1205
    1.1859   -7.7552    1.2922    5.5710    7.3138   -9.5184
eta,q 0.97340  9.95756
  0.0300  0.0290  0.0282  0.0314  0.0300  0.0291  0.0292  0.0309  0.0283  0.0297  0.0278  0.0278
  0.0281  0.0276  0.0273  0.0288  0.0282  0.0278  0.0278  0.0288  0.0274  0.0281  0.0271  0.0271
  0.0270  0.0268  0.0268  0.0270  0.0270  0.0269  0.0269  0.0272  0.0268  0.0270  0.0267  0.0268
  0.0266  0.0266  0.0266  0.0266  0.0266  0.0266  0.0266  0.0266  0.0266  0.0266  0.0266  0.0266
  0.0270  0.0269  0.0268  0.0275  0.0271  0.0271  0.0269  0.0272  0.0268  0.0270  0.0267  0.0267
  0.0282  0.0277  0.0273  0.0290  0.0282  0.0280  0.0278  0.0287  0.0274  0.0281  0.0271  0.0272
  0.0300  0.0289  0.0282  0.0311  0.0300  0.0289  0.0291  0.0310  0.0282  0.0297  0.0278  0.0278
registration optimization eta report
parameter search radius
    2.4000    2.4000    2.4000   10.9503    9.5220    7.2000
    7.2000    7.2000    7.2000    7.2000    7.2000    7.2000
100000*second partial in parameter space
       59.       40.       28.        4.        4.        4.
        5.        8.        3.        6.        2.        2.
  0.0300  0.0290  0.0282  0.0314  0.0300  0.0291  0.0292  0.0309  0.0283  0.0297  0.0278  0.0278
  0.0281  0.0276  0.0273  0.0288  0.0282  0.0278  0.0278  0.0288  0.0274  0.0281  0.0271  0.0271
  0.0270  0.0268  0.0268  0.0270  0.0270  0.0269  0.0269  0.0272  0.0268  0.0270  0.0267  0.0268
  0.0266  0.0266  0.0266  0.0266  0.0266  0.0266  0.0266  0.0266  0.0266  0.0266  0.0266  0.0266
  0.0270  0.0269  0.0268  0.0275  0.0271  0.0271  0.0269  0.0272  0.0268  0.0270  0.0267  0.0267
  0.0282  0.0277  0.0273  0.0290  0.0282  0.0280  0.0278  0.0287  0.0274  0.0281  0.0271  0.0272
  0.0300  0.0289  0.0282  0.0311  0.0300  0.0289  0.0291  0.0310  0.0282  0.0297  0.0278  0.0278
   -3.2411  -22.0991   15.7140  -15.5850  -10.1621   -5.1205
    1.1859   -7.7552    1.2922    5.5710    7.3138   -9.5184
eta,q 0.97340  9.95756

---------------------------------------------------------------------
imgreg_4dfp /opt/freesurfer/average/711-2C_as_mni_average_305 /opt/freesurfer/average/711-2B_as_mni_average_305_mask talsrcimg_g11 none talsrcimg_to_711-2C_as_mni_average_305_t4 2311
---------------------------------------------------------------------

freesurfer imgreg_4dfp.c
/opt/freesurfer/average/711-2C_as_mni_average_305.4dfp.img
       256       256       256         1
  1.000000  1.000000  1.000000
orientation T byte_order littleendian
Reading image: /opt/freesurfer/average/711-2C_as_mni_average_305.4dfp.img
dimensions:      256       256       256
mmppix:       1.0000   -1.0000   -1.0000
center:     128.0000 -129.0000 -129.0000
/opt/freesurfer/average/711-2B_as_mni_average_305_mask.4dfp.img
       256       256       256         1
  1.000000  1.000000  1.000000
orientation T byte_order littleendian
Reading mask: /opt/freesurfer/average/711-2B_as_mni_average_305_mask.4dfp.img (2306576 pixels)
talsrcimg_g11.4dfp.img
       256       256       256         1
  1.000000  1.000000  1.000000
orientation T byte_order littleendian
Reading image: talsrcimg_g11.4dfp.img
dimensions:      256       256       256
mmppix:       1.0000   -1.0000   -1.0000
center:     128.0000 -129.0000 -129.0000
fimgreg.f
image alignment mode   2311 decimal      907 hex
parameters
   -3.2411  -22.0991   15.7140  -15.5850  -10.1621   -5.1205
    1.1859   -7.7552    1.2922    5.5710    7.3138   -9.5184
eta,q 0.97340  9.95755
niter,ni,del,rscale     5    3    5.0000    0.8000
parameters
   -3.2644  -22.1407   15.7059  -16.2439  -10.2966   -5.3098
    1.1084   -7.7116    1.2603    5.5136    7.4093   -9.3865
eta,q 0.97345  9.90875
  0.0281  0.0276  0.0273  0.0275  0.0275  0.0278  0.0278  0.0287  0.0273  0.0280  0.0271  0.0271
  0.0273  0.0270  0.0269  0.0269  0.0269  0.0271  0.0271  0.0276  0.0269  0.0272  0.0268  0.0268
  0.0267  0.0267  0.0267  0.0266  0.0266  0.0267  0.0267  0.0268  0.0266  0.0267  0.0266  0.0266
  0.0266  0.0266  0.0266  0.0266  0.0266  0.0266  0.0266  0.0266  0.0266  0.0265  0.0266  0.0266
  0.0268  0.0268  0.0267  0.0269  0.0267  0.0268  0.0267  0.0268  0.0266  0.0268  0.0266  0.0266
  0.0274  0.0271  0.0269  0.0274  0.0270  0.0273  0.0272  0.0275  0.0269  0.0273  0.0268  0.0268
  0.0282  0.0277  0.0273  0.0279  0.0275  0.0279  0.0278  0.0286  0.0273  0.0280  0.0271  0.0271
niter,ni,del,rscale     4    3    5.0000    0.7000
parameters
   -3.2742  -22.1160   15.6527  -16.3503  -10.2772   -5.4129
    1.1179   -7.7300    1.2414    5.5133    7.4309   -9.4021
eta,q 0.97345  9.90043
  0.0278  0.0274  0.0271  0.0275  0.0273  0.0276  0.0275  0.0282  0.0272  0.0277  0.0270  0.0270
  0.0271  0.0269  0.0268  0.0270  0.0269  0.0270  0.0270  0.0273  0.0268  0.0271  0.0267  0.0267
  0.0267  0.0266  0.0266  0.0266  0.0266  0.0267  0.0267  0.0267  0.0266  0.0267  0.0266  0.0266
  0.0266  0.0266  0.0265  0.0265  0.0265  0.0265  0.0265  0.0265  0.0265  0.0265  0.0265  0.0265
  0.0267  0.0266  0.0266  0.0267  0.0266  0.0267  0.0266  0.0267  0.0266  0.0267  0.0266  0.0266
  0.0271  0.0269  0.0268  0.0271  0.0269  0.0271  0.0270  0.0273  0.0268  0.0271  0.0267  0.0267
  0.0278  0.0273  0.0271  0.0275  0.0273  0.0276  0.0275  0.0282  0.0272  0.0277  0.0269  0.0270
niter,ni,del,rscale     3    3    5.0000    0.6000
parameters
   -3.2779  -22.1155   15.6222  -16.4028  -10.2912   -5.4528
    1.1214   -7.7434    1.2478    5.5250    7.4365   -9.4122
eta,q 0.97345  9.89550
  0.0275  0.0271  0.0269  0.0273  0.0271  0.0273  0.0273  0.0278  0.0270  0.0274  0.0268  0.0269
  0.0269  0.0268  0.0267  0.0269  0.0268  0.0269  0.0269  0.0271  0.0268  0.0270  0.0267  0.0267
  0.0266  0.0266  0.0266  0.0266  0.0266  0.0267  0.0266  0.0267  0.0266  0.0267  0.0266  0.0266
  0.0265  0.0265  0.0265  0.0265  0.0265  0.0266  0.0265  0.0265  0.0265  0.0265  0.0265  0.0265
  0.0267  0.0266  0.0266  0.0267  0.0266  0.0266  0.0266  0.0267  0.0266  0.0267  0.0266  0.0266
  0.0270  0.0268  0.0267  0.0269  0.0268  0.0269  0.0269  0.0271  0.0268  0.0269  0.0267  0.0267
  0.0275  0.0271  0.0270  0.0273  0.0271  0.0274  0.0273  0.0278  0.0270  0.0274  0.0268  0.0269
niter,ni,del,rscale     2    3    5.0000    0.5000
parameters
   -3.2840  -22.1106   15.6105  -16.4364  -10.3070   -5.4448
    1.1249   -7.7524    1.2299    5.5243    7.4346   -9.4094
eta,q 0.97346  9.89320
  0.0272  0.0270  0.0268  0.0271  0.0269  0.0271  0.0271  0.0274  0.0269  0.0272  0.0268  0.0268
  0.0268  0.0267  0.0267  0.0268  0.0267  0.0268  0.0268  0.0269  0.0267  0.0268  0.0266  0.0266
  0.0266  0.0266  0.0266  0.0266  0.0266  0.0266  0.0266  0.0266  0.0266  0.0266  0.0266  0.0266
  0.0265  0.0265  0.0265  0.0265  0.0265  0.0265  0.0265  0.0265  0.0265  0.0265  0.0265  0.0265
  0.0266  0.0266  0.0266  0.0266  0.0266  0.0266  0.0266  0.0266  0.0266  0.0266  0.0266  0.0266
  0.0268  0.0267  0.0267  0.0268  0.0267  0.0268  0.0268  0.0269  0.0267  0.0268  0.0266  0.0266
  0.0272  0.0270  0.0268  0.0271  0.0269  0.0271  0.0271  0.0274  0.0269  0.0272  0.0267  0.0268
niter,ni,del,rscale     1    3    5.0000    0.4000
parameters
   -3.2877  -22.1141   15.6064  -16.4619  -10.2980   -5.4062
    1.1149   -7.7624    1.2367    5.5235    7.4378   -9.3825
eta,q 0.97346  9.89369
  0.0270  0.0268  0.0267  0.0269  0.0268  0.0269  0.0269  0.0271  0.0268  0.0270  0.0267  0.0267
  0.0267  0.0267  0.0266  0.0267  0.0267  0.0267  0.0267  0.0268  0.0266  0.0267  0.0266  0.0266
  0.0266  0.0266  0.0266  0.0266  0.0266  0.0266  0.0266  0.0266  0.0266  0.0266  0.0266  0.0266
  0.0265  0.0265  0.0265  0.0265  0.0265  0.0265  0.0265  0.0265  0.0265  0.0265  0.0265  0.0265
  0.0266  0.0266  0.0266  0.0266  0.0266  0.0266  0.0266  0.0266  0.0266  0.0266  0.0266  0.0266
  0.0267  0.0267  0.0266  0.0267  0.0267  0.0267  0.0267  0.0268  0.0266  0.0267  0.0266  0.0266
  0.0270  0.0268  0.0267  0.0269  0.0268  0.0269  0.0269  0.0271  0.0267  0.0269  0.0267  0.0267
registration optimization eta report
parameter search radius
    0.8000    0.8000    0.8000    2.4000    2.4000    2.4000
    2.4000    2.4000    2.4000    2.4000    2.4000    2.4000
100000*second partial in parameter space
       64.       42.       28.        6.        4.        7.
        6.       10.        4.        7.        2.        2.
  0.0270  0.0268  0.0267  0.0269  0.0268  0.0269  0.0269  0.0271  0.0268  0.0270  0.0267  0.0267
  0.0267  0.0267  0.0266  0.0267  0.0267  0.0267  0.0267  0.0268  0.0266  0.0267  0.0266  0.0266
  0.0266  0.0266  0.0266  0.0266  0.0266  0.0266  0.0266  0.0266  0.0266  0.0266  0.0266  0.0266
  0.0265  0.0265  0.0265  0.0265  0.0265  0.0265  0.0265  0.0265  0.0265  0.0265  0.0265  0.0265
  0.0266  0.0266  0.0266  0.0266  0.0266  0.0266  0.0266  0.0266  0.0266  0.0266  0.0266  0.0266
  0.0267  0.0267  0.0266  0.0267  0.0267  0.0267  0.0267  0.0268  0.0266  0.0267  0.0266  0.0266
  0.0270  0.0268  0.0267  0.0269  0.0268  0.0269  0.0269  0.0271  0.0267  0.0269  0.0267  0.0267
   -3.2877  -22.1141   15.6064  -16.4619  -10.2980   -5.4062
    1.1149   -7.7624    1.2367    5.5235    7.4378   -9.3825
eta,q 0.97346  9.89369

---------------------------------------------------------------------
imgreg_4dfp /opt/freesurfer/average/711-2C_as_mni_average_305 /opt/freesurfer/average/711-2B_as_mni_average_305_mask talsrcimg_g11 none talsrcimg_to_711-2C_as_mni_average_305_t4 2311
---------------------------------------------------------------------

freesurfer imgreg_4dfp.c
/opt/freesurfer/average/711-2C_as_mni_average_305.4dfp.img
       256       256       256         1
  1.000000  1.000000  1.000000
orientation T byte_order littleendian
Reading image: /opt/freesurfer/average/711-2C_as_mni_average_305.4dfp.img
dimensions:      256       256       256
mmppix:       1.0000   -1.0000   -1.0000
center:     128.0000 -129.0000 -129.0000
/opt/freesurfer/average/711-2B_as_mni_average_305_mask.4dfp.img
       256       256       256         1
  1.000000  1.000000  1.000000
orientation T byte_order littleendian
Reading mask: /opt/freesurfer/average/711-2B_as_mni_average_305_mask.4dfp.img (2306576 pixels)
talsrcimg_g11.4dfp.img
       256       256       256         1
  1.000000  1.000000  1.000000
orientation T byte_order littleendian
Reading image: talsrcimg_g11.4dfp.img
dimensions:      256       256       256
mmppix:       1.0000   -1.0000   -1.0000
center:     128.0000 -129.0000 -129.0000
fimgreg.f
image alignment mode   2311 decimal      907 hex
parameters
   -3.2877  -22.1141   15.6064  -16.4619  -10.2980   -5.4062
    1.1149   -7.7624    1.2367    5.5235    7.4378   -9.3825
eta,q 0.97346  9.89369
niter,ni,del,rscale     5    3    5.0000    0.8000
parameters
   -3.2763  -22.0921   15.6309  -16.3128  -10.2556   -5.4141
    1.1265   -7.7335    1.2409    5.5217    7.4469   -9.4493
eta,q 0.97345  9.90329
  0.0282  0.0276  0.0273  0.0279  0.0275  0.0279  0.0278  0.0287  0.0273  0.0280  0.0271  0.0271
  0.0273  0.0270  0.0269  0.0272  0.0270  0.0272  0.0271  0.0275  0.0269  0.0272  0.0268  0.0268
  0.0267  0.0267  0.0266  0.0267  0.0267  0.0267  0.0267  0.0268  0.0266  0.0267  0.0266  0.0266
  0.0265  0.0265  0.0265  0.0265  0.0265  0.0265  0.0265  0.0265  0.0265  0.0265  0.0265  0.0266
  0.0267  0.0267  0.0266  0.0267  0.0267  0.0267  0.0267  0.0268  0.0266  0.0267  0.0266  0.0266
  0.0273  0.0270  0.0269  0.0271  0.0270  0.0272  0.0271  0.0275  0.0269  0.0272  0.0268  0.0268
  0.0281  0.0276  0.0272  0.0277  0.0275  0.0278  0.0278  0.0286  0.0273  0.0280  0.0271  0.0271
niter,ni,del,rscale     4    3    5.0000    0.7000
parameters
   -3.2727  -22.1088   15.6220  -16.3538  -10.2633   -5.4442
    1.1182   -7.7373    1.2376    5.5280    7.4431   -9.4283
eta,q 0.97345  9.89973
  0.0278  0.0273  0.0271  0.0275  0.0273  0.0276  0.0275  0.0282  0.0272  0.0277  0.0270  0.0270
  0.0271  0.0269  0.0268  0.0270  0.0269  0.0270  0.0270  0.0273  0.0268  0.0271  0.0267  0.0267
  0.0267  0.0266  0.0266  0.0266  0.0266  0.0267  0.0267  0.0267  0.0266  0.0267  0.0266  0.0266
  0.0265  0.0265  0.0265  0.0265  0.0265  0.0265  0.0266  0.0265  0.0266  0.0265  0.0266  0.0266
  0.0267  0.0267  0.0266  0.0267  0.0266  0.0267  0.0267  0.0267  0.0266  0.0267  0.0266  0.0266
  0.0271  0.0269  0.0268  0.0271  0.0269  0.0271  0.0270  0.0273  0.0268  0.0271  0.0267  0.0267
  0.0278  0.0274  0.0271  0.0275  0.0273  0.0276  0.0275  0.0282  0.0272  0.0277  0.0269  0.0270
niter,ni,del,rscale     3    3    5.0000    0.6000
parameters
   -3.2784  -22.1117   15.6121  -16.4077  -10.2879   -5.4575
    1.1234   -7.7475    1.2402    5.5353    7.4444   -9.4202
eta,q 0.97345  9.89534
  0.0275  0.0271  0.0269  0.0273  0.0271  0.0273  0.0273  0.0278  0.0270  0.0274  0.0268  0.0268
  0.0269  0.0268  0.0267  0.0269  0.0268  0.0269  0.0269  0.0271  0.0268  0.0270  0.0267  0.0267
  0.0266  0.0266  0.0266  0.0266  0.0266  0.0267  0.0266  0.0267  0.0266  0.0267  0.0266  0.0266
  0.0265  0.0265  0.0265  0.0266  0.0265  0.0266  0.0265  0.0265  0.0265  0.0265  0.0265  0.0265
  0.0267  0.0266  0.0266  0.0267  0.0266  0.0266  0.0266  0.0267  0.0266  0.0267  0.0266  0.0266
  0.0270  0.0268  0.0267  0.0269  0.0268  0.0269  0.0269  0.0271  0.0268  0.0269  0.0267  0.0267
  0.0275  0.0271  0.0270  0.0273  0.0271  0.0274  0.0273  0.0278  0.0270  0.0274  0.0268  0.0269
niter,ni,del,rscale     2    3    5.0000    0.5000
parameters
   -3.2843  -22.1104   15.6052  -16.4369  -10.3107   -5.4471
    1.1177   -7.7574    1.2447    5.5275    7.4287   -9.4101
eta,q 0.97346  9.89288
  0.0272  0.0270  0.0268  0.0271  0.0269  0.0271  0.0271  0.0274  0.0269  0.0272  0.0267  0.0268
  0.0268  0.0267  0.0267  0.0268  0.0267  0.0268  0.0268  0.0269  0.0267  0.0268  0.0266  0.0266
  0.0266  0.0266  0.0266  0.0266  0.0266  0.0266  0.0266  0.0266  0.0266  0.0266  0.0266  0.0266
  0.0265  0.0265  0.0265  0.0265  0.0265  0.0265  0.0265  0.0265  0.0265  0.0265  0.0265  0.0265
  0.0266  0.0266  0.0266  0.0266  0.0266  0.0266  0.0266  0.0266  0.0266  0.0266  0.0266  0.0266
  0.0268  0.0267  0.0267  0.0268  0.0267  0.0268  0.0268  0.0269  0.0267  0.0268  0.0266  0.0266
  0.0272  0.0270  0.0268  0.0271  0.0269  0.0271  0.0271  0.0274  0.0269  0.0272  0.0267  0.0268
registration optimization eta report
parameter search radius
    1.0000    1.0000    1.0000    3.0000    3.0000    3.0000
    3.0000    3.0000    3.0000    3.0000    3.0000    3.0000
100000*second partial in parameter space
       64.       41.       28.        6.        4.        7.
        6.       10.        4.        7.        2.        2.
  0.0272  0.0270  0.0268  0.0271  0.0269  0.0271  0.0271  0.0274  0.0269  0.0272  0.0267  0.0268
  0.0268  0.0267  0.0267  0.0268  0.0267  0.0268  0.0268  0.0269  0.0267  0.0268  0.0266  0.0266
  0.0266  0.0266  0.0266  0.0266  0.0266  0.0266  0.0266  0.0266  0.0266  0.0266  0.0266  0.0266
  0.0265  0.0265  0.0265  0.0265  0.0265  0.0265  0.0265  0.0265  0.0265  0.0265  0.0265  0.0265
  0.0266  0.0266  0.0266  0.0266  0.0266  0.0266  0.0266  0.0266  0.0266  0.0266  0.0266  0.0266
  0.0268  0.0267  0.0267  0.0268  0.0267  0.0268  0.0268  0.0269  0.0267  0.0268  0.0266  0.0266
  0.0272  0.0270  0.0268  0.0271  0.0269  0.0271  0.0271  0.0274  0.0269  0.0272  0.0267  0.0268
   -3.2843  -22.1104   15.6052  -16.4369  -10.3107   -5.4471
    1.1177   -7.7574    1.2447    5.5275    7.4287   -9.4101
eta,q 0.97346  9.89288

---------------------------------------------------------------------
compute_vox2vox talsrcimg talsrcimg_to_711-2C_as_mni_average_305_t4 /opt/freesurfer/average/711-2C_as_mni_average_305
---------------------------------------------------------------------

freesurfer compute_vox2vox.c
Reading: talsrcimg.4dfp.ifh
Reading: talsrcimg_to_711-2C_as_mni_average_305_t4
Reading: /opt/freesurfer/average/711-2C_as_mni_average_305.4dfp.ifh
Writing: talsrcimg_to_711-2C_as_mni_average_305_t4_vox2vox.txt

start time Sun Mar 8 18:34:27 CET 2026
end		time Sun Mar 8 18:35:53 CET 2026

mpr2mni305 success

avi2talxfm orig_nu.mgz /opt/freesurfer/average/mni305.cor.mgz talsrcimg_to_711-2C_as_mni_average_305_t4_vox2vox.txt transforms/talairach.auto.xfm
avi2talxfm done
mv -f /out/sourcedata/freesurfer/sub-v1s14x0051571_ses-1/mri/talsrcimg_to_711-2C_as_mni_average_305_t4_vox2vox.txt /out/sourcedata/freesurfer/sub-v1s14x0051571_ses-1/mri/transforms/talsrcimg_to_711-2C_as_mni_average_305_t4_vox2vox.txt
lta_convert --src orig_nu.mgz --trg /opt/freesurfer/average/mni305.cor.mgz --inxfm transforms/talairach.auto.xfm --outlta transforms/talairach.auto.xfm.lta --subject fsaverage
7.3.2

--src: orig_nu.mgz src image (geometry).
--trg: /opt/freesurfer/average/mni305.cor.mgz trg image (geometry).
--inmni: transforms/talairach.auto.xfm input MNI/XFM transform.
--outlta: transforms/talairach.auto.xfm.lta output LTA.
--s: fsaverage subject name
 LTA read, type : 1
 1.18808   0.09774  -0.00455  -1.79558;
-0.09441   1.04340   0.11065  -29.53158;
-0.01067  -0.06566   1.10820  -10.76306;
 0.00000   0.00000   0.00000   1.00000;
setting subject to fsaverage
Writing  LTA to file transforms/talairach.auto.xfm.lta...
lta_convert successful.
 
 
Started at Sun Mar 8 18:34:26 CET 2026
Ended   at Sun Mar  8 18:35:53 CET 2026
talairach_avi done
