status file for recon-all
Sun Mar  8 17:16:15 CET 2026
#@# MotionCor Sun Mar  8 17:16:17 CET 2026
#@# Talairach Sun Mar  8 17:16:27 CET 2026
#@# Talairach Failure Detection Sun Mar  8 17:20:50 CET 2026
#@# Nu Intensity Correction Sun Mar  8 17:20:51 CET 2026
#@# Intensity Normalization Sun Mar  8 17:24:06 CET 2026
recon-all -s sub-v1s14x0051559_ses-1 finished without error at Sun Mar  8 17:25:33 CET 2026



#New# invocation of recon-all 



status file for recon-all
Sun Mar  8 17:33:21 CET 2026
#@# EM Registration Sun Mar  8 17:33:21 CET 2026
recon-all -s sub-v1s14x0051559_ses-1 finished without error at Sun Mar  8 17:35:45 CET 2026



#New# invocation of recon-all 



status file for recon-all
Sun Mar  8 17:35:48 CET 2026
#@# CA Normalize Sun Mar  8 17:35:48 CET 2026
#@# CA Reg Sun Mar  8 17:37:07 CET 2026
#@# SubCort Seg Sun Mar  8 18:25:11 CET 2026
#@# CC Seg Sun Mar  8 18:58:39 CET 2026
#@# Merge ASeg Sun Mar  8 18:59:26 CET 2026
#@# Intensity Normalization2 Sun Mar  8 18:59:26 CET 2026
#@# Mask BFS Sun Mar  8 19:01:44 CET 2026
#@# WM Segmentation Sun Mar  8 19:01:44 CET 2026
#@# Fill Sun Mar  8 19:03:52 CET 2026
recon-all -s sub-v1s14x0051559_ses-1 finished without error at Sun Mar  8 19:04:54 CET 2026



#New# invocation of recon-all 



status file for recon-all
Sun Mar  8 20:26:08 CET 2026
#@# white curv lh Sun Mar  8 20:26:08 CET 2026
#@# white area lh Sun Mar  8 20:26:08 CET 2026
#@# pial curv lh Sun Mar  8 20:26:08 CET 2026
#@# pial area lh Sun Mar  8 20:26:08 CET 2026
#@# thickness lh Sun Mar  8 20:26:08 CET 2026
#@# area and vertex vol lh Sun Mar  8 20:26:08 CET 2026
#@# white curv rh Sun Mar  8 20:26:08 CET 2026
#@# white area rh Sun Mar  8 20:26:08 CET 2026
#@# pial curv rh Sun Mar  8 20:26:08 CET 2026
#@# pial area rh Sun Mar  8 20:26:08 CET 2026
#@# thickness rh Sun Mar  8 20:26:08 CET 2026
#@# area and vertex vol rh Sun Mar  8 20:26:09 CET 2026
#@# Cortical ribbon mask Sun Mar  8 20:26:09 CET 2026
recon-all -s sub-v1s14x0051559_ses-1 finished without error at Sun Mar  8 20:33:54 CET 2026



#New# invocation of recon-all 



status file for recon-all
Sun Mar  8 20:41:20 CET 2026
#@# white curv lh Sun Mar  8 20:41:21 CET 2026
#@# white area lh Sun Mar  8 20:41:21 CET 2026
#@# pial curv lh Sun Mar  8 20:41:21 CET 2026
#@# pial area lh Sun Mar  8 20:41:21 CET 2026
#@# thickness lh Sun Mar  8 20:41:21 CET 2026
#@# area and vertex vol lh Sun Mar  8 20:41:21 CET 2026
#@# white curv rh Sun Mar  8 20:41:21 CET 2026
#@# white area rh Sun Mar  8 20:41:21 CET 2026
#@# pial curv rh Sun Mar  8 20:41:21 CET 2026
#@# pial area rh Sun Mar  8 20:41:21 CET 2026
#@# thickness rh Sun Mar  8 20:41:21 CET 2026
#@# area and vertex vol rh Sun Mar  8 20:41:21 CET 2026
#@# Curvature Stats lh Sun Mar  8 20:41:21 CET 2026
#@# Curvature Stats rh Sun Mar  8 20:41:24 CET 2026
#@# Relabel Hypointensities Sun Mar  8 20:41:26 CET 2026
#@# APas-to-ASeg Sun Mar  8 20:41:42 CET 2026
#@# AParc-to-ASeg aparc Sun Mar  8 20:41:51 CET 2026
#@# AParc-to-ASeg aparc.a2009s Sun Mar  8 20:42:38 CET 2026
#@# AParc-to-ASeg aparc.DKTatlas Sun Mar  8 20:43:21 CET 2026
#@# WMParc Sun Mar  8 20:44:08 CET 2026
#@# ASeg Stats Sun Mar  8 20:47:48 CET 2026
recon-all -s sub-v1s14x0051559_ses-1 finished without error at Sun Mar  8 20:48:29 CET 2026
