status file for recon-all
Sun Mar  8 19:36:00 CET 2026
#@# Tessellate rh Sun Mar  8 19:36:00 CET 2026
#@# Smooth1 rh Sun Mar  8 19:36:04 CET 2026
#@# Inflation1 rh Sun Mar  8 19:36:08 CET 2026
#@# QSphere rh Sun Mar  8 19:36:23 CET 2026
#@# Fix Topology rh Sun Mar  8 19:37:39 CET 2026
#@# Smooth2 rh Sun Mar  8 20:00:43 CET 2026
#@# Inflation2 rh Sun Mar  8 20:00:46 CET 2026
#@# Curv .H and .K rh Sun Mar  8 20:01:02 CET 2026
#@# Sphere rh Sun Mar  8 20:01:57 CET 2026
#@# Surf Reg rh Sun Mar  8 20:08:56 CET 2026
#@# Jacobian white rh Sun Mar  8 20:17:07 CET 2026
#@# AvgCurv rh Sun Mar  8 20:17:08 CET 2026
#@# Cortical Parc rh Sun Mar  8 20:17:09 CET 2026
#@# white curv rh Sun Mar  8 20:24:49 CET 2026
#@# white area rh Sun Mar  8 20:24:51 CET 2026
#@# pial curv rh Sun Mar  8 20:24:52 CET 2026
#@# pial area rh Sun Mar  8 20:24:54 CET 2026
#@# thickness rh Sun Mar  8 20:24:55 CET 2026
#@# area and vertex vol rh Sun Mar  8 20:25:29 CET 2026
#@# Curvature Stats rh Sun Mar  8 20:25:30 CET 2026
#@# Cortical Parc 2 rh Sun Mar  8 20:25:33 CET 2026
#@# Cortical Parc 3 rh Sun Mar  8 20:25:48 CET 2026
#@# WM/GM Contrast rh Sun Mar  8 20:25:59 CET 2026
recon-all -s sub-v1s14x0051559_ses-1 finished without error at Sun Mar  8 20:26:04 CET 2026



#New# invocation of recon-all 



status file for recon-all
Sun Mar  8 20:37:34 CET 2026
#@# white curv rh Sun Mar  8 20:37:35 CET 2026
#@# white area rh Sun Mar  8 20:37:35 CET 2026
#@# pial curv rh Sun Mar  8 20:37:35 CET 2026
#@# pial area rh Sun Mar  8 20:37:35 CET 2026
#@# thickness rh Sun Mar  8 20:37:35 CET 2026
#@# area and vertex vol rh Sun Mar  8 20:37:35 CET 2026
#@# Parcellation Stats rh Sun Mar  8 20:37:35 CET 2026
#@# Parcellation Stats 2 rh Sun Mar  8 20:37:58 CET 2026
#@# Parcellation Stats 3 rh Sun Mar  8 20:38:10 CET 2026
#@# BA_exvivo Labels rh Sun Mar  8 20:38:22 CET 2026
recon-all -s sub-v1s14x0051559_ses-1 finished without error at Sun Mar  8 20:41:14 CET 2026
