/out/sourcedata/freesurfer/sub-v1s14x0051576_ses-1/mri
/opt/freesurfer/bin/talairach_avi
--i orig_nu.mgz --xfm transforms/talairach.auto.xfm
talairach_avi 7.3.2
Linux dna010 5.14.0-427.37.1.el9_4.x86_64 #1 SMP PREEMPT_DYNAMIC Fri Sep 13 12:41:50 EDT 2024 x86_64 x86_64 x86_64 GNU/Linux
Sun Mar  8 18:59:29 CET 2026
mri_convert orig_nu.mgz talsrcimg.img 
reading from orig_nu.mgz...
TR=0.00, TE=0.00, TI=0.00, flip angle=0.00
i_ras = (-1, -4.65661e-10, 0)
j_ras = (0, 0, -1)
k_ras = (-1.62981e-09, 1, -1.49012e-08)
writing to talsrcimg.img...
Analyze Output Matrix
-1.00000   0.00000  -0.00000   129.37061;
-0.00000   0.00000   1.00000  -120.93707;
 0.00000  -1.00000  -0.00000   169.43692;
 0.00000   0.00000   0.00000   1.00000;
--------------------
INFO: set hdr.hist.orient to -1
mpr2mni305 talsrcimg
Sun Mar  8 18:59:30 CET 2026
/opt/freesurfer/bin/mpr2mni305 talsrcimg
mpr2mni305 7.3.2
target=711-2C_as_mni_average_305

---------------------------------------------------------------------
analyzeto4dfp talsrcimg -O0 -y
---------------------------------------------------------------------

freesurfer ifh2hdr.c
Sun Mar  8 18:59:30 2026
Writing: talsrcimg.4dfp.hdr
freesurfer analyzeto4dfp.c
Reading: talsrcimg.hdr
header size 348 bytes
hdr.dime.datatype	offset=70	value=2
hdr.dime.bitpix		offset=72	value=8
hdr.hist.orient		offset=252	value=-1
dimensionality     4
dimensions       256       256       256         1
Reading: talsrcimg.img
Writing: talsrcimg.4dfp.img
Writing: talsrcimg.4dfp.ifh
ifh2hdr talsrcimg -r0to238
ori=2

---------------------------------------------------------------------
gauss_4dfp talsrcimg 1.1
---------------------------------------------------------------------

freesurfer gauss_4dfp.c
Reading: talsrcimg.4dfp.img
Writing: talsrcimg_g11.4dfp.img
image dimensions 256 256 256 padded to 288 288 288
processing volume 1freesurfer ifh2hdr.c
Sun Mar  8 18:59:32 2026
Writing: talsrcimg_g11.4dfp.hdr

Writing: talsrcimg_g11.4dfp.ifh
including: talsrcimg.4dfp.img.rec in talsrcimg_g11.4dfp.img.rec

---------------------------------------------------------------------
imgreg_4dfp /opt/freesurfer/average/711-2C_as_mni_average_305 none talsrcimg_g11 none talsrcimg_to_711-2C_as_mni_average_305_t4 4355
---------------------------------------------------------------------

freesurfer imgreg_4dfp.c
/opt/freesurfer/average/711-2C_as_mni_average_305.4dfp.img
       256       256       256         1
  1.000000  1.000000  1.000000
orientation T byte_order littleendian
Reading image: /opt/freesurfer/average/711-2C_as_mni_average_305.4dfp.img
dimensions:      256       256       256
mmppix:       1.0000   -1.0000   -1.0000
center:     128.0000 -129.0000 -129.0000
talsrcimg_g11.4dfp.img
       256       256       256         1
  1.000000  1.000000  1.000000
orientation T byte_order littleendian
Reading image: talsrcimg_g11.4dfp.img
dimensions:      256       256       256
mmppix:       1.0000   -1.0000   -1.0000
center:     128.0000 -129.0000 -129.0000
t4_read: open error in t4_sub.f l:  41 t4_file(1:l)talsrcimg_to_711-2C_as_mni_average_305_t4 
t4_read: transform initialized to I4
rotation matrix determinant  1.000000
image alignment mode   4355 decimal     1103 hex
   -7.5000  -45.0000  -45.0000 8788.1279   19.8219
    0.0000  -45.0000  -45.0000 9187.2090   19.8258
    7.5000  -45.0000  -45.0000 8687.4385   19.7968
   -7.5000  -37.5000  -45.0000 9061.1748   19.7655
    0.0000  -37.5000  -45.0000 9449.2627   19.7769
    7.5000  -37.5000  -45.0000 8936.2080   19.7495
   -7.5000  -30.0000  -45.0000 9628.5127   19.7200
    0.0000  -30.0000  -45.000010061.2939   19.7370
    7.5000  -30.0000  -45.0000 9530.1143   19.7190
   -7.5000  -22.5000  -45.000010192.9219   19.7330
    0.0000  -22.5000  -45.000010672.0908   19.7484
    7.5000  -22.5000  -45.000010113.3037   19.7394
   -7.5000  -15.0000  -45.000010632.8271   19.7840
    0.0000  -15.0000  -45.000011118.8848   19.7939
    7.5000  -15.0000  -45.000010552.9336   19.7854
   -7.5000   -7.5000  -45.000010983.0166   19.8275
    0.0000   -7.5000  -45.000011495.3545   19.8316
    7.5000   -7.5000  -45.000010900.2803   19.8123
   -7.5000    0.0000  -45.000011190.6260   19.8219
    0.0000    0.0000  -45.000011726.5156   19.8258
    7.5000    0.0000  -45.000011095.4834   19.7968
   -7.5000    7.5000  -45.000010429.2080   19.7655
    0.0000    7.5000  -45.000010927.3271   19.7769
    7.5000    7.5000  -45.000010339.3682   19.7495
   -7.5000   15.0000  -45.0000 9553.4580   19.7200
    0.0000   15.0000  -45.000010005.4170   19.7370
    7.5000   15.0000  -45.0000 9470.7529   19.7190
   -7.5000   22.5000  -45.0000 8737.8789   19.7303
    0.0000   22.5000  -45.0000 9161.2031   19.7456
    7.5000   22.5000  -45.0000 8655.3008   19.7367
   -7.5000   30.0000  -45.0000 7960.5688   19.5204
    0.0000   30.0000  -45.0000 8326.3398   19.5302
    7.5000   30.0000  -45.0000 7871.4521   19.5218
   -7.5000   37.5000  -45.0000 7364.3530   19.6192
    0.0000   37.5000  -45.0000 7669.0898   19.6235
    7.5000   37.5000  -45.0000 7237.6675   19.6045
   -7.5000   45.0000  -45.0000 6462.9268   19.3738
    0.0000   45.0000  -45.0000 6729.9141   19.3790
    7.5000   45.0000  -45.0000 6351.0771   19.3535
   -7.5000  -45.0000  -37.5000 9385.6201   19.7201
    0.0000  -45.0000  -37.5000 9825.8945   19.7129
    7.5000  -45.0000  -37.5000 9277.5117   19.6788
   -7.5000  -37.5000  -37.5000 9658.0840   19.6613
    0.0000  -37.5000  -37.500010096.8994   19.6600
    7.5000  -37.5000  -37.5000 9530.7754   19.6286
   -7.5000  -30.0000  -37.500010255.5010   19.6260
    0.0000  -30.0000  -37.500010733.7959   19.6293
    7.5000  -30.0000  -37.500010147.1201   19.6063
   -7.5000  -22.5000  -37.500010847.8555   19.6532
    0.0000  -22.5000  -37.500011358.6279   19.6557
    7.5000  -22.5000  -37.500010759.2539   19.6395
   -7.5000  -15.0000  -37.500011331.0010   19.7084
    0.0000  -15.0000  -37.500011838.4268   19.7068
    7.5000  -15.0000  -37.500011222.3994   19.6900
   -7.5000   -7.5000  -37.500011702.0020   19.7398
    0.0000   -7.5000  -37.500012239.2402   19.7332
    7.5000   -7.5000  -37.500011580.1211   19.7070
   -7.5000    0.0000  -37.500011892.6494   19.7201
    0.0000    0.0000  -37.500012457.5449   19.7129
    7.5000    0.0000  -37.500011791.9502   19.6788
   -7.5000    7.5000  -37.500011050.0410   19.6613
    0.0000    7.5000  -37.500011566.0723   19.6600
    7.5000    7.5000  -37.500010964.7744   19.6286
   -7.5000   15.0000  -37.500010112.4941   19.6260
    0.0000   15.0000  -37.500010581.7090   19.6293
    7.5000   15.0000  -37.500010027.4307   19.6063
   -7.5000   22.5000  -37.5000 9228.8955   19.6505
    0.0000   22.5000  -37.5000 9662.3135   19.6530
    7.5000   22.5000  -37.5000 9151.9453   19.6368
   -7.5000   30.0000  -37.5000 8398.5537   19.4458
    0.0000   30.0000  -37.5000 8774.3242   19.4442
    7.5000   30.0000  -37.5000 8317.4248   19.4277
   -7.5000   37.5000  -37.5000 7750.1890   19.5310
    0.0000   37.5000  -37.5000 8074.6187   19.5240
    7.5000   37.5000  -37.5000 7625.3218   19.4977
   -7.5000   45.0000  -37.5000 6799.3047   19.2686
    0.0000   45.0000  -37.5000 7088.1880   19.2629
    7.5000   45.0000  -37.5000 6690.8335   19.2302
   -7.5000  -45.0000  -30.000010167.0742   20.4855
    0.0000  -45.0000  -30.000010642.3828   20.4736
    7.5000  -45.0000  -30.000010056.0771   20.4338
   -7.5000  -37.5000  -30.000010471.2637   20.4270
    0.0000  -37.5000  -30.000010942.9609   20.4238
    7.5000  -37.5000  -30.000010329.0352   20.3878
   -7.5000  -30.0000  -30.000011123.5625   20.3955
    0.0000  -30.0000  -30.000011609.0039   20.3984
    7.5000  -30.0000  -30.000010969.3330   20.3706
   -7.5000  -22.5000  -30.000011727.1729   20.4268
    0.0000  -22.5000  -30.000012238.0332   20.4270
    7.5000  -22.5000  -30.000011601.3643   20.4044
   -7.5000  -15.0000  -30.000012226.3252   20.4844
    0.0000  -15.0000  -30.000012746.9043   20.4770
    7.5000  -15.0000  -30.000012079.8027   20.4521
   -7.5000   -7.5000  -30.000012615.4277   20.5114
    0.0000   -7.5000  -30.000013131.6426   20.4981
    7.5000   -7.5000  -30.000012441.5898   20.4643
   -7.5000    0.0000  -30.000012838.9551   20.4855
    0.0000    0.0000  -30.000013411.4873   20.4736
    7.5000    0.0000  -30.000012688.0205   20.4338
   -7.5000    7.5000  -30.000011916.9307   20.4270
    0.0000    7.5000  -30.000012456.7051   20.4238
    7.5000    7.5000  -30.000011805.1602   20.3878
   -7.5000   15.0000  -30.000010873.0225   20.3955
    0.0000   15.0000  -30.000011357.8213   20.3984
    7.5000   15.0000  -30.000010794.6631   20.3706
   -7.5000   22.5000  -30.0000 9900.8047   20.4219
    0.0000   22.5000  -30.000010363.9990   20.4221
    7.5000   22.5000  -30.0000 9829.7568   20.3995
   -7.5000   30.0000  -30.0000 8982.3164   20.2134
    0.0000   30.0000  -30.0000 9367.9922   20.2061
    7.5000   30.0000  -30.0000 8880.8125   20.1815
   -7.5000   37.5000  -30.0000 8258.9014   20.2959
    0.0000   37.5000  -30.0000 8584.5449   20.2822
    7.5000   37.5000  -30.0000 8144.2397   20.2479
   -7.5000   45.0000  -30.0000 7231.3149   20.0254
    0.0000   45.0000  -30.0000 7524.2935   20.0153
    7.5000   45.0000  -30.0000 7127.7915   19.9757
   -7.5000  -45.0000  -22.500010977.4072   21.1974
    0.0000  -45.0000  -22.500011458.0762   21.1933
    7.5000  -45.0000  -22.500010846.8760   21.1550
   -7.5000  -37.5000  -22.500011289.4688   21.1388
    0.0000  -37.5000  -22.500011779.4795   21.1479
    7.5000  -37.5000  -22.500011139.0840   21.1132
   -7.5000  -30.0000  -22.500011980.8809   21.1046
    0.0000  -30.0000  -22.500012503.6133   21.1231
    7.5000  -30.0000  -22.500011822.6064   21.0966
   -7.5000  -22.5000  -22.500012609.6787   21.1327
    0.0000  -22.5000  -22.500013143.9717   21.1460
    7.5000  -22.5000  -22.500012444.9902   21.1250
   -7.5000  -15.0000  -22.500013113.4248   21.1923
    0.0000  -15.0000  -22.500013655.9658   21.1928
    7.5000  -15.0000  -22.500012957.8115   21.1691
   -7.5000   -7.5000  -22.500013504.4092   21.2226
    0.0000   -7.5000  -22.500014063.0547   21.2150
    7.5000   -7.5000  -22.500013318.8906   21.1826
   -7.5000    0.0000  -22.500013745.9570   21.1974
    0.0000    0.0000  -22.500014316.0840   21.1933
    7.5000    0.0000  -22.500013562.6641   21.1550
   -7.5000    7.5000  -22.500012760.9814   21.1388
    0.0000    7.5000  -22.500013316.8838   21.1479
    7.5000    7.5000  -22.500012617.3086   21.1132
   -7.5000   15.0000  -22.500011634.1934   21.1046
    0.0000   15.0000  -22.500012124.6475   21.1231
    7.5000   15.0000  -22.500011525.8408   21.0966
   -7.5000   22.5000  -22.500010553.8545   21.1262
    0.0000   22.5000  -22.500011021.0020   21.1395
    7.5000   22.5000  -22.500010480.5469   21.1185
   -7.5000   30.0000  -22.5000 9528.5557   20.9151
    0.0000   30.0000  -22.5000 9958.7344   20.9156
    7.5000   30.0000  -22.5000 9436.8994   20.8923
   -7.5000   37.5000  -22.5000 8753.5977   21.0039
    0.0000   37.5000  -22.5000 9123.5283   20.9961
    7.5000   37.5000  -22.5000 8654.1250   20.9633
   -7.5000   45.0000  -22.5000 7661.8403   20.7377
    0.0000   45.0000  -22.5000 7973.9707   20.7352
    7.5000   45.0000  -22.5000 7550.2754   20.6979
   -7.5000  -45.0000  -15.000011765.5498   21.6904
    0.0000  -45.0000  -15.000012265.7471   21.6973
    7.5000  -45.0000  -15.000011650.0938   21.6654
   -7.5000  -37.5000  -15.000012080.0479   21.6322
    0.0000  -37.5000  -15.000012587.6865   21.6545
    7.5000  -37.5000  -15.000011925.7109   21.6246
   -7.5000  -30.0000  -15.000012824.1445   21.5897
    0.0000  -30.0000  -15.000013363.0859   21.6241
    7.5000  -30.0000  -15.000012599.6045   21.6035
   -7.5000  -22.5000  -15.000013503.2686   21.6080
    0.0000  -22.5000  -15.000014078.7256   21.6376
    7.5000  -22.5000  -15.000013280.6973   21.6250
   -7.5000  -15.0000  -15.000014054.5410   21.6663
    0.0000  -15.0000  -15.000014629.2051   21.6811
    7.5000  -15.0000  -15.000013841.0762   21.6670
   -7.5000   -7.5000  -15.000014420.7754   21.7062
    0.0000   -7.5000  -15.000015013.9531   21.7105
    7.5000   -7.5000  -15.000014196.5107   21.6863
   -7.5000    0.0000  -15.000014612.5557   21.6904
    0.0000    0.0000  -15.000015210.4893   21.6973
    7.5000    0.0000  -15.000014401.7549   21.6654
   -7.5000    7.5000  -15.000013533.2217   21.6322
    0.0000    7.5000  -15.000014091.9834   21.6545
    7.5000    7.5000  -15.000013385.5967   21.6246
   -7.5000   15.0000  -15.000012324.2129   21.5897
    0.0000   15.0000  -15.000012821.1299   21.6241
    7.5000   15.0000  -15.000012201.3037   21.6035
   -7.5000   22.5000  -15.000011180.6748   21.6004
    0.0000   22.5000  -15.000011651.9512   21.6299
    7.5000   22.5000  -15.000011114.9229   21.6173
   -7.5000   30.0000  -15.000010078.2881   21.3860
    0.0000   30.0000  -15.000010492.2461   21.4006
    7.5000   30.0000  -15.0000 9975.5283   21.3867
   -7.5000   37.5000  -15.0000 9256.6016   21.4866
    0.0000   37.5000  -15.0000 9654.4785   21.4909
    7.5000   37.5000  -15.0000 9159.1504   21.4668
   -7.5000   45.0000  -15.0000 8095.0825   21.2371
    0.0000   45.0000  -15.0000 8424.6113   21.2452
    7.5000   45.0000  -15.0000 7999.0254   21.2163
   -7.5000  -45.0000   -7.500012572.0566   21.9153
    0.0000  -45.0000   -7.500013122.8984   21.9251
    7.5000  -45.0000   -7.500012473.3867   21.8955
   -7.5000  -37.5000   -7.500012869.8926   21.8571
    0.0000  -37.5000   -7.500013415.9590   21.8796
    7.5000  -37.5000   -7.500012715.4072   21.8516
   -7.5000  -30.0000   -7.500013626.6367   21.8092
    0.0000  -30.0000   -7.500014186.8350   21.8419
    7.5000  -30.0000   -7.500013397.8242   21.8242
   -7.5000  -22.5000   -7.500014375.7920   21.8212
    0.0000  -22.5000   -7.500014992.9150   21.8506
    7.5000  -22.5000   -7.500014117.7031   21.8429
   -7.5000  -15.0000   -7.500014987.3203   21.8763
    0.0000  -15.0000   -7.500015615.6064   21.8944
    7.5000  -15.0000   -7.500014736.3633   21.8864
   -7.5000   -7.5000   -7.500015337.4531   21.9224
    0.0000   -7.5000   -7.500015974.3193   21.9312
    7.5000   -7.5000   -7.500015103.3281   21.9117
   -7.5000    0.0000   -7.500015473.8506   21.9153
    0.0000    0.0000   -7.500016113.7754   21.9251
    7.5000    0.0000   -7.500015233.1709   21.8955
   -7.5000    7.5000   -7.500014336.3906   21.8571
    0.0000    7.5000   -7.500014922.3115   21.8796
    7.5000    7.5000   -7.500014162.2549   21.8516
   -7.5000   15.0000   -7.500013031.9824   21.8092
    0.0000   15.0000   -7.500013572.0449   21.8419
    7.5000   15.0000   -7.500012911.4453   21.8242
   -7.5000   22.5000   -7.500011863.4336   21.8112
    0.0000   22.5000   -7.500012351.7314   21.8405
    7.5000   22.5000   -7.500011744.4189   21.8328
   -7.5000   30.0000   -7.500010677.7412   21.5926
    0.0000   30.0000   -7.500011111.5801   21.6105
    7.5000   30.0000   -7.500010547.6084   21.6027
   -7.5000   37.5000   -7.5000 9781.5508   21.7004
    0.0000   37.5000   -7.500010198.8203   21.7094
    7.5000   37.5000   -7.5000 9674.0742   21.6903
   -7.5000   45.0000   -7.5000 8540.4062   21.4647
    0.0000   45.0000   -7.5000 8880.2559   21.4756
    7.5000   45.0000   -7.5000 8433.9893   21.4506
   -7.5000  -45.0000    0.000013309.3857   21.9486
    0.0000  -45.0000    0.000013895.2246   21.9520
    7.5000  -45.0000    0.000013194.5596   21.9200
   -7.5000  -37.5000    0.000013626.2695   21.8882
    0.0000  -37.5000    0.000014201.4502   21.8997
    7.5000  -37.5000    0.000013488.1025   21.8695
   -7.5000  -30.0000    0.000014364.2979   21.8418
    0.0000  -30.0000    0.000014974.3467   21.8594
    7.5000  -30.0000    0.000014173.0273   21.8392
   -7.5000  -22.5000    0.000015143.7939   21.8579
    0.0000  -22.5000    0.000015792.0127   21.8740
    7.5000  -22.5000    0.000014898.9443   21.8634
   -7.5000  -15.0000    0.000015804.2393   21.9128
    0.0000  -15.0000    0.000016460.3828   21.9230
    7.5000  -15.0000    0.000015555.9561   21.9128
   -7.5000   -7.5000    0.000016143.2725   21.9569
    0.0000   -7.5000    0.000016799.0938   21.9607
    7.5000   -7.5000    0.000015898.6787   21.9391
   -7.5000    0.0000    0.000016265.6523   21.9486
    0.0000    0.0000    0.000016931.9316   21.9520
    7.5000    0.0000    0.000015993.7451   21.9200
   -7.5000    7.5000    0.000015077.9248   21.8882
    0.0000    7.5000    0.000015709.3213   21.8997
    7.5000    7.5000    0.000014863.8115   21.8695
   -7.5000   15.0000    0.000013738.0498   21.8418
    0.0000   15.0000    0.000014325.9580   21.8594
    7.5000   15.0000    0.000013579.5840   21.8392
   -7.5000   22.5000    0.000012496.3994   21.8479
    0.0000   22.5000    0.000013043.5029   21.8639
    7.5000   22.5000    0.000012348.3125   21.8534
   -7.5000   30.0000    0.000011236.1475   21.6292
    0.0000   30.0000    0.000011720.0166   21.6393
    7.5000   30.0000    0.000011065.2793   21.6293
   -7.5000   37.5000    0.000010265.0410   21.7341
    0.0000   37.5000    0.000010695.9619   21.7381
    7.5000   37.5000    0.000010115.6221   21.7167
   -7.5000   45.0000    0.0000 8925.3711   21.4993
    0.0000   45.0000    0.0000 9302.7061   21.5039
    7.5000   45.0000    0.0000 8798.7656   21.4758
   -7.5000  -45.0000    7.500012969.8438   21.9689
    0.0000  -45.0000    7.500013517.4316   21.9611
    7.5000  -45.0000    7.500012876.8262   21.9233
   -7.5000  -37.5000    7.500013358.2598   21.9056
    0.0000  -37.5000    7.500013953.1816   21.9042
    7.5000  -37.5000    7.500013249.2510   21.8692
   -7.5000  -30.0000    7.500014173.5205   21.8656
    0.0000  -30.0000    7.500014857.8428   21.8692
    7.5000  -30.0000    7.500014033.5703   21.8436
   -7.5000  -22.5000    7.500014926.3926   21.8928
    0.0000  -22.5000    7.500015590.0244   21.8956
    7.5000  -22.5000    7.500014718.1221   21.8777
   -7.5000  -15.0000    7.500015503.9883   21.9518
    0.0000  -15.0000    7.500016137.1787   21.9504
    7.5000  -15.0000    7.500015257.7832   21.9318
   -7.5000   -7.5000    7.500015765.3145   21.9877
    0.0000   -7.5000    7.500016406.1074   21.9807
    7.5000   -7.5000    7.500015522.8594   21.9517
   -7.5000    0.0000    7.500015820.9404   21.9689
    0.0000    0.0000    7.500016484.2266   21.9611
    7.5000    0.0000    7.500015574.5215   21.9233
   -7.5000    7.5000    7.500014658.5947   21.9056
    0.0000    7.5000    7.500015289.1387   21.9042
    7.5000    7.5000    7.500014427.1104   21.8692
   -7.5000   15.0000    7.500013373.8916   21.8656
    0.0000   15.0000    7.500013971.5771   21.8692
    7.5000   15.0000    7.500013200.1172   21.8436
   -7.5000   22.5000    7.500012161.5039   21.8827
    0.0000   22.5000    7.500012731.4043   21.8856
    7.5000   22.5000    7.500012030.4385   21.8676
   -7.5000   30.0000    7.500010934.0928   21.6677
    0.0000   30.0000    7.500011439.4053   21.6663
    7.5000   30.0000    7.500010798.9736   21.6480
   -7.5000   37.5000    7.5000 9980.2158   21.7633
    0.0000   37.5000    7.500010437.0498   21.7560
    7.5000   37.5000    7.5000 9854.1963   21.7267
   -7.5000   45.0000    7.5000 8657.7080   21.5150
    0.0000   45.0000    7.5000 9020.5742   21.5088
    7.5000   45.0000    7.5000 8546.1289   21.4724
   -7.5000  -45.0000   15.000012585.4746   21.9965
    0.0000  -45.0000   15.000013070.6777   21.9837
    7.5000  -45.0000   15.000012487.6738   21.9410
   -7.5000  -37.5000   15.000013057.8711   21.9335
    0.0000  -37.5000   15.000013688.9922   21.9300
    7.5000  -37.5000   15.000012898.9287   21.8914
   -7.5000  -30.0000   15.000013959.0234   21.8994
    0.0000  -30.0000   15.000014765.6104   21.9025
    7.5000  -30.0000   15.000013805.4570   21.8728
   -7.5000  -22.5000   15.000014695.1338   21.9331
    0.0000  -22.5000   15.000015499.0850   21.9333
    7.5000  -22.5000   15.000014480.3311   21.9090
   -7.5000  -15.0000   15.000015142.1562   21.9951
    0.0000  -15.0000   15.000015862.8232   21.9872
    7.5000  -15.0000   15.000014871.6240   21.9605
   -7.5000   -7.5000   15.000015294.9414   22.0243
    0.0000   -7.5000   15.000015971.7441   22.0101
    7.5000   -7.5000   15.000015066.5244   21.9738
   -7.5000    0.0000   15.000015257.3223   21.9965
    0.0000    0.0000   15.000015909.1924   21.9837
    7.5000    0.0000   15.000015067.8008   21.9410
   -7.5000    7.5000   15.000014130.3711   21.9335
    0.0000    7.5000   15.000014696.8740   21.9300
    7.5000    7.5000   15.000013943.8008   21.8914
   -7.5000   15.0000   15.000012928.7109   21.8994
    0.0000   15.0000   15.000013442.3096   21.9025
    7.5000   15.0000   15.000012770.3340   21.8728
   -7.5000   22.5000   15.000011777.1807   21.9230
    0.0000   22.5000   15.000012280.9736   21.9232
    7.5000   22.5000   15.000011670.5215   21.8989
   -7.5000   30.0000   15.000010557.0176   21.7105
    0.0000   30.0000   15.000011025.3887   21.7027
    7.5000   30.0000   15.000010457.1689   21.6763
   -7.5000   37.5000   15.0000 9624.3389   21.7994
    0.0000   37.5000   15.000010028.3008   21.7847
    7.5000   37.5000   15.0000 9515.6709   21.7478
   -7.5000   45.0000   15.0000 8318.8799   21.5372
    0.0000   45.0000   15.0000 8633.9854   21.5264
    7.5000   45.0000   15.0000 8213.2432   21.4839
   -7.5000  -45.0000   22.500012104.8369   22.0046
    0.0000  -45.0000   22.500012654.3428   22.0003
    7.5000  -45.0000   22.500011985.4678   21.9606
   -7.5000  -37.5000   22.500012492.4424   21.9438
    0.0000  -37.5000   22.500013132.6045   21.9532
    7.5000  -37.5000   22.500012364.9453   21.9172
   -7.5000  -30.0000   22.500013287.4863   21.9082
    0.0000  -30.0000   22.500013957.0176   21.9274
    7.5000  -30.0000   22.500013168.0547   21.8999
   -7.5000  -22.5000   22.500013980.8096   21.9375
    0.0000  -22.5000   22.500014633.7998   21.9513
    7.5000  -22.5000   22.500013817.8477   21.9295
   -7.5000  -15.0000   22.500014468.9287   21.9993
    0.0000  -15.0000   22.500015117.0508   21.9998
    7.5000  -15.0000   22.500014296.0020   21.9752
   -7.5000   -7.5000   22.500014646.1895   22.0308
    0.0000   -7.5000   22.500015305.4609   22.0229
    7.5000   -7.5000   22.500014517.8770   21.9892
   -7.5000    0.0000   22.500014596.6992   22.0046
    0.0000    0.0000   22.500015216.4209   22.0003
    7.5000    0.0000   22.500014493.2695   21.9606
   -7.5000    7.5000   22.500013528.2197   21.9438
    0.0000    7.5000   22.500014030.8203   21.9532
    7.5000    7.5000   22.500013403.1162   21.9172
   -7.5000   15.0000   22.500012375.3643   21.9082
    0.0000   15.0000   22.500012832.0283   21.9274
    7.5000   15.0000   22.500012249.1201   21.8999
   -7.5000   22.5000   22.500011258.7451   21.9274
    0.0000   22.5000   22.500011699.6709   21.9412
    7.5000   22.5000   22.500011164.0684   21.9194
   -7.5000   30.0000   22.500010074.4922   21.7146
    0.0000   30.0000   22.500010471.9746   21.7152
    7.5000   30.0000   22.5000 9979.0156   21.6909
   -7.5000   37.5000   22.5000 9157.4912   21.8068
    0.0000   37.5000   22.5000 9506.5762   21.7987
    7.5000   37.5000   22.5000 9066.3682   21.7646
   -7.5000   45.0000   22.5000 7925.8438   21.5461
    0.0000   45.0000   22.5000 8192.1768   21.5435
    7.5000   45.0000   22.5000 7800.5669   21.5047
   -7.5000  -45.0000   30.000011415.6201   21.9882
    0.0000  -45.0000   30.000011925.3047   21.9953
    7.5000  -45.0000   30.000011357.6191   21.9629
   -7.5000  -37.5000   30.000011731.0215   21.9292
    0.0000  -37.5000   30.000012272.2783   21.9518
    7.5000  -37.5000   30.000011701.1748   21.9215
   -7.5000  -30.0000   30.000012422.3174   21.8862
    0.0000  -30.0000   30.000012935.9121   21.9210
    7.5000  -30.0000   30.000012397.1182   21.9001
   -7.5000  -22.5000   30.000013061.9805   21.9047
    0.0000  -22.5000   30.000013576.7783   21.9347
    7.5000  -22.5000   30.000013009.3330   21.9219
   -7.5000  -15.0000   30.000013591.2793   21.9638
    0.0000  -15.0000   30.000014128.7031   21.9788
    7.5000  -15.0000   30.000013494.8682   21.9645
   -7.5000   -7.5000   30.000013860.4551   22.0043
    0.0000   -7.5000   30.000014396.3076   22.0086
    7.5000   -7.5000   30.000013757.3164   21.9841
   -7.5000    0.0000   30.000013830.9014   21.9882
    0.0000    0.0000   30.000014359.6543   21.9953
    7.5000    0.0000   30.000013745.8750   21.9629
   -7.5000    7.5000   30.000012819.7812   21.9292
    0.0000    7.5000   30.000013288.1465   21.9518
    7.5000    7.5000   30.000012708.1416   21.9215
   -7.5000   15.0000   30.000011706.0771   21.8862
    0.0000   15.0000   30.000012144.3389   21.9210
    7.5000   15.0000   30.000011575.9053   21.9001
   -7.5000   22.5000   30.000010627.0986   21.8946
    0.0000   22.5000   30.000011054.7021   21.9246
    7.5000   22.5000   30.000010542.2012   21.9118
   -7.5000   30.0000   30.0000 9500.9297   21.6797
    0.0000   30.0000   30.0000 9878.1631   21.6944
    7.5000   30.0000   30.0000 9406.9385   21.6804
   -7.5000   37.5000   30.0000 8640.0410   21.7817
    0.0000   37.5000   30.0000 8981.8350   21.7860
    7.5000   37.5000   30.0000 8543.0635   21.7616
   -7.5000   45.0000   30.0000 7449.0830   21.5344
    0.0000   45.0000   30.0000 7722.3452   21.5426
    7.5000   45.0000   30.0000 7359.4414   21.5132
   -7.5000  -45.0000   37.500011060.1748   22.0563
    0.0000  -45.0000   37.500011555.6885   22.0662
    7.5000  -45.0000   37.500011031.2168   22.0357
   -7.5000  -37.5000   37.500011374.2822   21.9975
    0.0000  -37.5000   37.500011898.6025   22.0203
    7.5000  -37.5000   37.500011357.3750   21.9915
   -7.5000  -30.0000   37.500012027.8652   21.9494
    0.0000  -30.0000   37.500012522.2500   21.9826
    7.5000  -30.0000   37.500012017.6055   21.9643
   -7.5000  -22.5000   37.500012626.3252   21.9619
    0.0000  -22.5000   37.500013163.6416   21.9918
    7.5000  -22.5000   37.500012623.8887   21.9835
   -7.5000  -15.0000   37.500013186.7852   22.0176
    0.0000  -15.0000   37.500013735.3281   22.0360
    7.5000  -15.0000   37.500013150.2559   22.0273
   -7.5000   -7.5000   37.500013473.6748   22.0639
    0.0000   -7.5000   37.500014017.7568   22.0728
    7.5000   -7.5000   37.500013417.0527   22.0524
   -7.5000    0.0000   37.500013491.8408   22.0563
    0.0000    0.0000   37.500014013.5664   22.0662
    7.5000    0.0000   37.500013413.5234   22.0357
   -7.5000    7.5000   37.500012476.5752   21.9975
    0.0000    7.5000   37.500012943.5908   22.0203
    7.5000    7.5000   37.500012358.1611   21.9915
   -7.5000   15.0000   37.500011394.0557   21.9494
    0.0000   15.0000   37.500011840.2412   21.9826
    7.5000   15.0000   37.500011286.0254   21.9643
   -7.5000   22.5000   37.500010337.7578   21.9518
    0.0000   22.5000   37.500010763.1055   21.9817
    7.5000   22.5000   37.500010268.9580   21.9734
   -7.5000   30.0000   37.5000 9230.3584   21.7327
    0.0000   30.0000   37.5000 9590.1104   21.7509
    7.5000   30.0000   37.5000 9164.8184   21.7423
   -7.5000   37.5000   37.5000 8389.8604   21.8412
    0.0000   37.5000   37.5000 8712.2158   21.8504
    7.5000   37.5000   37.5000 8328.6318   21.8304
   -7.5000   45.0000   37.5000 7240.7710   21.6059
    0.0000   45.0000   37.5000 7505.1436   21.6169
    7.5000   45.0000   37.5000 7179.4170   21.5912
   -7.5000  -45.0000   45.000010214.3408   22.1141
    0.0000  -45.0000   45.000010672.3799   22.1172
    7.5000  -45.0000   45.000010176.3398   22.0847
   -7.5000  -37.5000   45.000010514.3955   22.0509
    0.0000  -37.5000   45.000010984.0186   22.0628
    7.5000  -37.5000   45.000010477.9629   22.0327
   -7.5000  -30.0000   45.000011108.3145   22.0038
    0.0000  -30.0000   45.000011576.8076   22.0223
    7.5000  -30.0000   45.000011092.5830   22.0027
   -7.5000  -22.5000   45.000011643.0410   22.0224
    0.0000  -22.5000   45.000012144.9385   22.0391
    7.5000  -22.5000   45.000011631.6162   22.0288
   -7.5000  -15.0000   45.000012164.1309   22.0801
    0.0000  -15.0000   45.000012675.3047   22.0903
    7.5000  -15.0000   45.000012146.6504   22.0798
   -7.5000   -7.5000   45.000012480.2383   22.1246
    0.0000   -7.5000   45.000012976.3945   22.1280
    7.5000   -7.5000   45.000012445.9639   22.1056
   -7.5000    0.0000   45.000012497.7109   22.1141
    0.0000    0.0000   45.000012969.8662   22.1172
    7.5000    0.0000   45.000012433.5596   22.0847
   -7.5000    7.5000   45.000011539.2158   22.0509
    0.0000    7.5000   45.000011992.9111   22.0628
    7.5000    7.5000   45.000011473.3799   22.0327
   -7.5000   15.0000   45.000010557.3682   22.0038
    0.0000   15.0000   45.000010993.2939   22.0223
    7.5000   15.0000   45.000010510.3516   22.0027
   -7.5000   22.5000   45.0000 9564.7832   22.0122
    0.0000   22.5000   45.0000 9963.9023   22.0289
    7.5000   22.5000   45.0000 9524.3867   22.0186
   -7.5000   30.0000   45.0000 8507.0713   21.7925
    0.0000   30.0000   45.0000 8863.2305   21.8025
    7.5000   30.0000   45.0000 8466.2002   21.7922
   -7.5000   37.5000   45.0000 7742.0923   21.8991
    0.0000   37.5000   45.0000 8051.2310   21.9026
    7.5000   37.5000   45.0000 7701.0176   21.8806
   -7.5000   45.0000   45.0000 6682.8696   21.6762
    0.0000   45.0000   45.0000 6937.7163   21.6806
    7.5000   45.0000   45.0000 6643.7085   21.6520

---------------------------------------------------------------------
imgreg_4dfp /opt/freesurfer/average/711-2C_as_mni_average_305 /opt/freesurfer/average/711-2B_as_mni_average_305_mask talsrcimg_g11 none talsrcimg_to_711-2C_as_mni_average_305_t4 4355
---------------------------------------------------------------------

freesurfer imgreg_4dfp.c
/opt/freesurfer/average/711-2C_as_mni_average_305.4dfp.img
       256       256       256         1
  1.000000  1.000000  1.000000
orientation T byte_order littleendian
Reading image: /opt/freesurfer/average/711-2C_as_mni_average_305.4dfp.img
dimensions:      256       256       256
mmppix:       1.0000   -1.0000   -1.0000
center:     128.0000 -129.0000 -129.0000
/opt/freesurfer/average/711-2B_as_mni_average_305_mask.4dfp.img
       256       256       256         1
  1.000000  1.000000  1.000000
orientation T byte_order littleendian
Reading mask: /opt/freesurfer/average/711-2B_as_mni_average_305_mask.4dfp.img (2306576 pixels)
talsrcimg_g11.4dfp.img
       256       256       256         1
  1.000000  1.000000  1.000000
orientation T byte_order littleendian
Reading image: talsrcimg_g11.4dfp.img
dimensions:      256       256       256
mmppix:       1.0000   -1.0000   -1.0000
center:     128.0000 -129.0000 -129.0000
rotation matrix determinant  1.000000
image alignment mode   4355 decimal     1103 hex
   -7.5000  -45.0000  -45.0000 2178.2966   19.1630
    0.0000  -45.0000  -45.0000 2192.9612   19.1741
    7.5000  -45.0000  -45.0000 2176.6851   19.3278
   -7.5000  -37.5000  -45.0000 2208.3137   18.5808
    0.0000  -37.5000  -45.0000 2214.4819   18.5404
    7.5000  -37.5000  -45.0000 2196.8872   18.7403
   -7.5000  -30.0000  -45.0000 2209.9795   18.3951
    0.0000  -30.0000  -45.0000 2218.7075   18.3417
    7.5000  -30.0000  -45.0000 2200.5325   18.5499
   -7.5000  -22.5000  -45.0000 2207.9380   18.5439
    0.0000  -22.5000  -45.0000 2218.5405   18.5132
    7.5000  -22.5000  -45.0000 2197.4099   18.7466
   -7.5000  -15.0000  -45.0000 2184.6477   19.1613
    0.0000  -15.0000  -45.0000 2197.1973   19.1585
    7.5000  -15.0000  -45.0000 2172.3960   19.3522
   -7.5000   -7.5000  -45.0000 2137.4885   20.1391
    0.0000   -7.5000  -45.0000 2155.2073   20.1007
    7.5000   -7.5000  -45.0000 2132.1223   20.3122
   -7.5000    0.0000  -45.0000 2077.9143   21.4178
    0.0000    0.0000  -45.0000 2093.9055   21.4066
    7.5000    0.0000  -45.0000 2069.9490   21.6397
   -7.5000    7.5000  -45.0000 2002.4159   23.1653
    0.0000    7.5000  -45.0000 2013.9308   23.1353
    7.5000    7.5000  -45.0000 1991.3221   23.3543
   -7.5000   15.0000  -45.0000 1909.8451   25.4648
    0.0000   15.0000  -45.0000 1920.4857   25.3698
    7.5000   15.0000  -45.0000 1898.8230   25.6580
   -7.5000   22.5000  -45.0000 1802.3214   28.7353
    0.0000   22.5000  -45.0000 1818.3988   28.5980
    7.5000   22.5000  -45.0000 1793.8506   28.9484
   -7.5000   30.0000  -45.0000 1684.4509   33.3129
    0.0000   30.0000  -45.0000 1692.6997   33.0802
    7.5000   30.0000  -45.0000 1681.9738   33.3732
   -7.5000   37.5000  -45.0000 1563.6228   39.7878
    0.0000   37.5000  -45.0000 1566.9302   39.3715
    7.5000   37.5000  -45.0000 1550.6284   39.8453
   -7.5000   45.0000  -45.0000 1432.1226   49.0674
    0.0000   45.0000  -45.0000 1442.6348   48.4806
    7.5000   45.0000  -45.0000 1425.4348   49.2898
   -7.5000  -45.0000  -37.5000 2288.3228   17.6179
    0.0000  -45.0000  -37.5000 2302.6001   17.5955
    7.5000  -45.0000  -37.5000 2279.8960   17.7454
   -7.5000  -37.5000  -37.5000 2307.9895   17.0566
    0.0000  -37.5000  -37.5000 2324.5698   17.0240
    7.5000  -37.5000  -37.5000 2300.6936   17.1816
   -7.5000  -30.0000  -37.5000 2312.5178   16.8670
    0.0000  -30.0000  -37.5000 2329.1602   16.8103
    7.5000  -30.0000  -37.5000 2308.2979   16.9937
   -7.5000  -22.5000  -37.5000 2310.4370   16.9918
    0.0000  -22.5000  -37.5000 2324.8279   16.8968
    7.5000  -22.5000  -37.5000 2302.0720   17.0979
   -7.5000  -15.0000  -37.5000 2287.0168   17.5526
    0.0000  -15.0000  -37.5000 2300.8030   17.4439
    7.5000  -15.0000  -37.5000 2276.7463   17.6591
   -7.5000   -7.5000  -37.5000 2241.5845   18.4217
    0.0000   -7.5000  -37.5000 2259.1248   18.3363
    7.5000   -7.5000  -37.5000 2236.8545   18.5381
   -7.5000    0.0000  -37.5000 2178.8862   19.5735
    0.0000    0.0000  -37.5000 2195.4766   19.5201
    7.5000    0.0000  -37.5000 2172.2554   19.7166
   -7.5000    7.5000  -37.5000 2097.4072   21.1308
    0.0000    7.5000  -37.5000 2112.8047   21.0584
    7.5000    7.5000  -37.5000 2090.4421   21.2395
   -7.5000   15.0000  -37.5000 1998.3177   23.1426
    0.0000   15.0000  -37.5000 2013.6295   23.0853
    7.5000   15.0000  -37.5000 1992.9176   23.3296
   -7.5000   22.5000  -37.5000 1886.6743   26.0786
    0.0000   22.5000  -37.5000 1901.6685   25.9748
    7.5000   22.5000  -37.5000 1879.3102   26.2613
   -7.5000   30.0000  -37.5000 1764.0120   30.1081
    0.0000   30.0000  -37.5000 1774.4363   29.9769
    7.5000   30.0000  -37.5000 1759.7623   30.2592
   -7.5000   37.5000  -37.5000 1631.2787   35.7488
    0.0000   37.5000  -37.5000 1638.4114   35.5142
    7.5000   37.5000  -37.5000 1619.5092   35.7994
   -7.5000   45.0000  -37.5000 1493.7847   43.6670
    0.0000   45.0000  -37.5000 1508.8542   43.2458
    7.5000   45.0000  -37.5000 1491.8700   43.8216
   -7.5000  -45.0000  -30.0000 2432.4353   16.8617
    0.0000  -45.0000  -30.0000 2451.0330   16.8061
    7.5000  -45.0000  -30.0000 2426.8257   16.9210
   -7.5000  -37.5000  -30.0000 2464.9148   16.2825
    0.0000  -37.5000  -30.0000 2479.6763   16.1972
    7.5000  -37.5000  -30.0000 2453.9841   16.3577
   -7.5000  -30.0000  -30.0000 2467.7773   16.0839
    0.0000  -30.0000  -30.0000 2485.7844   15.9998
    7.5000  -30.0000  -30.0000 2460.8916   16.1773
   -7.5000  -22.5000  -30.0000 2461.1602   16.1752
    0.0000  -22.5000  -30.0000 2476.7146   16.0669
    7.5000  -22.5000  -30.0000 2454.3008   16.2561
   -7.5000  -15.0000  -30.0000 2432.9336   16.6534
    0.0000  -15.0000  -30.0000 2451.9592   16.5437
    7.5000  -15.0000  -30.0000 2427.2522   16.7528
   -7.5000   -7.5000  -30.0000 2388.3286   17.4566
    0.0000   -7.5000  -30.0000 2406.3965   17.3289
    7.5000   -7.5000  -30.0000 2382.5718   17.5702
   -7.5000    0.0000  -30.0000 2324.6885   18.5367
    0.0000    0.0000  -30.0000 2344.7742   18.4479
    7.5000    0.0000  -30.0000 2319.1189   18.7149
   -7.5000    7.5000  -30.0000 2239.3015   19.9769
    0.0000    7.5000  -30.0000 2258.7693   19.9116
    7.5000    7.5000  -30.0000 2232.0293   20.1268
   -7.5000   15.0000  -30.0000 2131.8047   21.8936
    0.0000   15.0000  -30.0000 2148.3203   21.8595
    7.5000   15.0000  -30.0000 2121.4983   22.0832
   -7.5000   22.5000  -30.0000 2009.4979   24.6277
    0.0000   22.5000  -30.0000 2028.5042   24.5557
    7.5000   22.5000  -30.0000 2000.2784   24.7697
   -7.5000   30.0000  -30.0000 1873.8420   28.3157
    0.0000   30.0000  -30.0000 1891.6812   28.2326
    7.5000   30.0000  -30.0000 1869.7546   28.5323
   -7.5000   37.5000  -30.0000 1731.3326   33.4895
    0.0000   37.5000  -30.0000 1742.1332   33.3021
    7.5000   37.5000  -30.0000 1725.5836   33.6138
   -7.5000   45.0000  -30.0000 1584.6168   40.5875
    0.0000   45.0000  -30.0000 1601.5002   40.3329
    7.5000   45.0000  -30.0000 1583.3263   40.8580
   -7.5000  -45.0000  -22.5000 2553.4766   15.9898
    0.0000  -45.0000  -22.5000 2566.4460   15.9017
    7.5000  -45.0000  -22.5000 2544.8862   16.0282
   -7.5000  -37.5000  -22.5000 2592.2134   15.3971
    0.0000  -37.5000  -22.5000 2607.2073   15.3058
    7.5000  -37.5000  -22.5000 2581.1812   15.4379
   -7.5000  -30.0000  -22.5000 2605.9912   15.1292
    0.0000  -30.0000  -22.5000 2624.7515   15.0625
    7.5000  -30.0000  -22.5000 2595.5789   15.2435
   -7.5000  -22.5000  -22.5000 2596.0967   15.2243
    0.0000  -22.5000  -22.5000 2614.2219   15.1585
    7.5000  -22.5000  -22.5000 2587.1946   15.3578
   -7.5000  -15.0000  -22.5000 2565.2874   15.6909
    0.0000  -15.0000  -22.5000 2585.3267   15.5791
    7.5000  -15.0000  -22.5000 2560.9412   15.7940
   -7.5000   -7.5000  -22.5000 2520.4553   16.4339
    0.0000   -7.5000  -22.5000 2542.1694   16.3236
    7.5000   -7.5000  -22.5000 2511.1614   16.5559
   -7.5000    0.0000  -22.5000 2448.1135   17.4995
    0.0000    0.0000  -22.5000 2469.9539   17.3927
    7.5000    0.0000  -22.5000 2439.8525   17.6421
   -7.5000    7.5000  -22.5000 2355.7197   18.8025
    0.0000    7.5000  -22.5000 2375.3977   18.7497
    7.5000    7.5000  -22.5000 2342.6370   18.9917
   -7.5000   15.0000  -22.5000 2241.0803   20.5888
    0.0000   15.0000  -22.5000 2257.2212   20.5307
    7.5000   15.0000  -22.5000 2229.4258   20.7853
   -7.5000   22.5000  -22.5000 2105.5938   23.0750
    0.0000   22.5000  -22.5000 2125.6165   23.0117
    7.5000   22.5000  -22.5000 2099.0227   23.2682
   -7.5000   30.0000  -22.5000 1960.2264   26.4954
    0.0000   30.0000  -22.5000 1979.4863   26.4899
    7.5000   30.0000  -22.5000 1956.4690   26.6765
   -7.5000   37.5000  -22.5000 1808.0107   31.1550
    0.0000   37.5000  -22.5000 1820.6387   31.1432
    7.5000   37.5000  -22.5000 1804.2657   31.3805
   -7.5000   45.0000  -22.5000 1658.1471   37.7468
    0.0000   45.0000  -22.5000 1668.6113   37.6751
    7.5000   45.0000  -22.5000 1652.2803   38.0342
   -7.5000  -45.0000  -15.0000 2638.6401   15.1065
    0.0000  -45.0000  -15.0000 2654.9561   15.0383
    7.5000  -45.0000  -15.0000 2631.8816   15.2104
   -7.5000  -37.5000  -15.0000 2682.9441   14.4896
    0.0000  -37.5000  -15.0000 2701.5911   14.4317
    7.5000  -37.5000  -15.0000 2675.0107   14.5821
   -7.5000  -30.0000  -15.0000 2713.5940   14.1996
    0.0000  -30.0000  -15.0000 2727.1299   14.1276
    7.5000  -30.0000  -15.0000 2694.0911   14.2869
   -7.5000  -22.5000  -15.0000 2709.1321   14.3022
    0.0000  -22.5000  -15.0000 2729.7905   14.2278
    7.5000  -22.5000  -15.0000 2694.4233   14.3976
   -7.5000  -15.0000  -15.0000 2679.9744   14.7440
    0.0000  -15.0000  -15.0000 2701.9944   14.6534
    7.5000  -15.0000  -15.0000 2671.4988   14.8468
   -7.5000   -7.5000  -15.0000 2629.7700   15.4967
    0.0000   -7.5000  -15.0000 2653.9888   15.3538
    7.5000   -7.5000  -15.0000 2618.9497   15.5868
   -7.5000    0.0000  -15.0000 2547.7312   16.4825
    0.0000    0.0000  -15.0000 2568.2429   16.3676
    7.5000    0.0000  -15.0000 2536.1174   16.5812
   -7.5000    7.5000  -15.0000 2445.3108   17.7268
    0.0000    7.5000  -15.0000 2464.1274   17.6380
    7.5000    7.5000  -15.0000 2430.9958   17.8846
   -7.5000   15.0000  -15.0000 2325.1396   19.4077
    0.0000   15.0000  -15.0000 2338.1116   19.3672
    7.5000   15.0000  -15.0000 2309.7505   19.6223
   -7.5000   22.5000  -15.0000 2182.4429   21.7260
    0.0000   22.5000  -15.0000 2197.5996   21.7036
    7.5000   22.5000  -15.0000 2173.9082   21.9732
   -7.5000   30.0000  -15.0000 2026.9032   24.8708
    0.0000   30.0000  -15.0000 2040.2415   24.8644
    7.5000   30.0000  -15.0000 2015.3022   25.1390
   -7.5000   37.5000  -15.0000 1868.4954   29.2524
    0.0000   37.5000  -15.0000 1882.2316   29.1925
    7.5000   37.5000  -15.0000 1859.3997   29.5130
   -7.5000   45.0000  -15.0000 1706.8250   35.3086
    0.0000   45.0000  -15.0000 1720.3003   35.2415
    7.5000   45.0000  -15.0000 1703.1694   35.5727
   -7.5000  -45.0000   -7.5000 2699.0188   14.3303
    0.0000  -45.0000   -7.5000 2722.4910   14.2636
    7.5000  -45.0000   -7.5000 2696.2661   14.4574
   -7.5000  -37.5000   -7.5000 2756.1777   13.6832
    0.0000  -37.5000   -7.5000 2777.0640   13.6085
    7.5000  -37.5000   -7.5000 2747.7073   13.7843
   -7.5000  -30.0000   -7.5000 2797.5400   13.3617
    0.0000  -30.0000   -7.5000 2817.3784   13.2733
    7.5000  -30.0000   -7.5000 2777.6179   13.4457
   -7.5000  -22.5000   -7.5000 2801.7434   13.4394
    0.0000  -22.5000   -7.5000 2827.7388   13.3484
    7.5000  -22.5000   -7.5000 2784.7148   13.5391
   -7.5000  -15.0000   -7.5000 2776.6956   13.8826
    0.0000  -15.0000   -7.5000 2799.8750   13.7661
    7.5000  -15.0000   -7.5000 2764.3132   13.9758
   -7.5000   -7.5000   -7.5000 2714.5552   14.6152
    0.0000   -7.5000   -7.5000 2741.9995   14.4689
    7.5000   -7.5000   -7.5000 2705.6401   14.6794
   -7.5000    0.0000   -7.5000 2623.6250   15.5392
    0.0000    0.0000   -7.5000 2646.8301   15.4215
    7.5000    0.0000   -7.5000 2612.3188   15.6338
   -7.5000    7.5000   -7.5000 2517.0002   16.7358
    0.0000    7.5000   -7.5000 2533.9048   16.6494
    7.5000    7.5000   -7.5000 2502.0125   16.8910
   -7.5000   15.0000   -7.5000 2385.3308   18.4165
    0.0000   15.0000   -7.5000 2403.7605   18.3174
    7.5000   15.0000   -7.5000 2370.9871   18.5875
   -7.5000   22.5000   -7.5000 2241.1316   20.6342
    0.0000   22.5000   -7.5000 2256.1294   20.5494
    7.5000   22.5000   -7.5000 2227.2446   20.8309
   -7.5000   30.0000   -7.5000 2075.1582   23.6042
    0.0000   30.0000   -7.5000 2089.3276   23.4934
    7.5000   30.0000   -7.5000 2063.1880   23.8152
   -7.5000   37.5000   -7.5000 1911.0665   27.5724
    0.0000   37.5000   -7.5000 1921.6692   27.5384
    7.5000   37.5000   -7.5000 1902.8580   27.8535
   -7.5000   45.0000   -7.5000 1745.1992   33.1409
    0.0000   45.0000   -7.5000 1760.2870   32.9825
    7.5000   45.0000   -7.5000 1740.1454   33.4073
   -7.5000  -45.0000    0.0000 2746.5444   13.7820
    0.0000  -45.0000    0.0000 2772.4739   13.6713
    7.5000  -45.0000    0.0000 2741.3506   13.8920
   -7.5000  -37.5000    0.0000 2818.8923   13.1193
    0.0000  -37.5000    0.0000 2840.5408   13.0115
    7.5000  -37.5000    0.0000 2812.0217   13.1945
   -7.5000  -30.0000    0.0000 2867.9944   12.7425
    0.0000  -30.0000    0.0000 2893.6675   12.6700
    7.5000  -30.0000    0.0000 2851.8960   12.8548
   -7.5000  -22.5000    0.0000 2878.5784   12.8198
    0.0000  -22.5000    0.0000 2914.9141   12.7012
    7.5000  -22.5000    0.0000 2858.1570   12.9306
   -7.5000  -15.0000    0.0000 2855.7522   13.2344
    0.0000  -15.0000    0.0000 2883.9915   13.1151
    7.5000  -15.0000    0.0000 2836.5823   13.3458
   -7.5000   -7.5000    0.0000 2784.8435   13.8963
    0.0000   -7.5000    0.0000 2812.9475   13.7618
    7.5000   -7.5000    0.0000 2773.7063   13.9936
   -7.5000    0.0000    0.0000 2682.9104   14.7981
    0.0000    0.0000    0.0000 2712.1279   14.6655
    7.5000    0.0000    0.0000 2671.4204   14.9066
   -7.5000    7.5000    0.0000 2567.1775   16.0146
    0.0000    7.5000    0.0000 2594.1526   15.8869
    7.5000    7.5000    0.0000 2555.0132   16.1598
   -7.5000   15.0000    0.0000 2429.6040   17.6917
    0.0000   15.0000    0.0000 2452.3552   17.5516
    7.5000   15.0000    0.0000 2412.8569   17.8350
   -7.5000   22.5000    0.0000 2279.1282   19.8469
    0.0000   22.5000    0.0000 2299.1123   19.7151
    7.5000   22.5000    0.0000 2263.9199   20.0008
   -7.5000   30.0000    0.0000 2112.3301   22.6615
    0.0000   30.0000    0.0000 2127.6990   22.5506
    7.5000   30.0000    0.0000 2098.3462   22.8277
   -7.5000   37.5000    0.0000 1940.5443   26.4315
    0.0000   37.5000    0.0000 1956.1373   26.3033
    7.5000   37.5000    0.0000 1934.9137   26.5288
   -7.5000   45.0000    0.0000 1765.7631   31.4988
    0.0000   45.0000    0.0000 1785.6031   31.3042
    7.5000   45.0000    0.0000 1767.1487   31.7179
   -7.5000  -45.0000    7.5000 2770.1831   13.4222
    0.0000  -45.0000    7.5000 2795.2937   13.3034
    7.5000  -45.0000    7.5000 2761.2844   13.5369
   -7.5000  -37.5000    7.5000 2862.7659   12.7906
    0.0000  -37.5000    7.5000 2889.5000   12.6853
    7.5000  -37.5000    7.5000 2849.5095   12.8777
   -7.5000  -30.0000    7.5000 2927.4329   12.4646
    0.0000  -30.0000    7.5000 2958.7571   12.4254
    7.5000  -30.0000    7.5000 2907.4460   12.5978
   -7.5000  -22.5000    7.5000 2945.2356   12.5017
    0.0000  -22.5000    7.5000 2989.4768   12.4207
    7.5000  -22.5000    7.5000 2920.7214   12.6414
   -7.5000  -15.0000    7.5000 2909.4233   12.8515
    0.0000  -15.0000    7.5000 2944.4121   12.7547
    7.5000  -15.0000    7.5000 2883.8506   12.9858
   -7.5000   -7.5000    7.5000 2831.3621   13.4090
    0.0000   -7.5000    7.5000 2859.7363   13.2970
    7.5000   -7.5000    7.5000 2812.3044   13.5136
   -7.5000    0.0000    7.5000 2722.9827   14.2732
    0.0000    0.0000    7.5000 2755.9001   14.1642
    7.5000    0.0000    7.5000 2714.7737   14.3735
   -7.5000    7.5000    7.5000 2597.6719   15.5431
    0.0000    7.5000    7.5000 2626.3882   15.4385
    7.5000    7.5000    7.5000 2589.7437   15.6658
   -7.5000   15.0000    7.5000 2453.0967   17.1946
    0.0000   15.0000    7.5000 2476.2107   17.1133
    7.5000   15.0000    7.5000 2439.7527   17.3253
   -7.5000   22.5000    7.5000 2300.7534   19.3103
    0.0000   22.5000    7.5000 2318.4873   19.2303
    7.5000   22.5000    7.5000 2287.5549   19.4491
   -7.5000   30.0000    7.5000 2134.0383   22.0946
    0.0000   30.0000    7.5000 2149.7808   22.0276
    7.5000   30.0000    7.5000 2123.3757   22.2560
   -7.5000   37.5000    7.5000 1956.0742   25.7248
    0.0000   37.5000    7.5000 1974.0815   25.6146
    7.5000   37.5000    7.5000 1953.2850   25.8128
   -7.5000   45.0000    7.5000 1778.5410   30.4931
    0.0000   45.0000    7.5000 1794.2222   30.2557
    7.5000   45.0000    7.5000 1777.6960   30.5911
   -7.5000  -45.0000   15.0000 2771.2354   13.3296
    0.0000  -45.0000   15.0000 2794.2219   13.2010
    7.5000  -45.0000   15.0000 2757.0127   13.4615
   -7.5000  -37.5000   15.0000 2879.3296   12.7145
    0.0000  -37.5000   15.0000 2908.3789   12.6184
    7.5000  -37.5000   15.0000 2861.9958   12.8300
   -7.5000  -30.0000   15.0000 2957.8450   12.4633
    0.0000  -30.0000   15.0000 2995.7556   12.4611
    7.5000  -30.0000   15.0000 2930.5947   12.5737
   -7.5000  -22.5000   15.0000 2982.6260   12.4332
    0.0000  -22.5000   15.0000 3033.4304   12.4529
    7.5000  -22.5000   15.0000 2948.8406   12.6006
   -7.5000  -15.0000   15.0000 2936.7913   12.6815
    0.0000  -15.0000   15.0000 2975.3721   12.6307
    7.5000  -15.0000   15.0000 2906.1072   12.8167
   -7.5000   -7.5000   15.0000 2848.6841   13.2034
    0.0000   -7.5000   15.0000 2878.3477   13.1038
    7.5000   -7.5000   15.0000 2829.5427   13.3188
   -7.5000    0.0000   15.0000 2734.0413   14.0656
    0.0000    0.0000   15.0000 2761.0217   13.9718
    7.5000    0.0000   15.0000 2726.1675   14.1625
   -7.5000    7.5000   15.0000 2604.0608   15.3413
    0.0000    7.5000   15.0000 2626.4290   15.2375
    7.5000    7.5000   15.0000 2596.2607   15.4591
   -7.5000   15.0000   15.0000 2458.7070   16.9936
    0.0000   15.0000   15.0000 2478.1638   16.9015
    7.5000   15.0000   15.0000 2446.9961   17.1316
   -7.5000   22.5000   15.0000 2302.1545   19.0908
    0.0000   22.5000   15.0000 2319.9094   19.0169
    7.5000   22.5000   15.0000 2294.4287   19.2816
   -7.5000   30.0000   15.0000 2133.4360   21.8021
    0.0000   30.0000   15.0000 2152.0518   21.7521
    7.5000   30.0000   15.0000 2128.6675   22.0292
   -7.5000   37.5000   15.0000 1956.9990   25.2289
    0.0000   37.5000   15.0000 1974.2577   25.2133
    7.5000   37.5000   15.0000 1952.8959   25.4751
   -7.5000   45.0000   15.0000 1783.0208   29.7176
    0.0000   45.0000   15.0000 1793.7029   29.7321
    7.5000   45.0000   15.0000 1778.7758   30.0187
   -7.5000  -45.0000   22.5000 2750.5024   13.5284
    0.0000  -45.0000   22.5000 2772.1387   13.4290
    7.5000  -45.0000   22.5000 2728.1606   13.6859
   -7.5000  -37.5000   22.5000 2860.9858   12.8888
    0.0000  -37.5000   22.5000 2892.1194   12.8044
    7.5000  -37.5000   22.5000 2839.7600   13.0131
   -7.5000  -30.0000   22.5000 2947.6118   12.5284
    0.0000  -30.0000   22.5000 2986.7708   12.5109
    7.5000  -30.0000   22.5000 2918.7502   12.7009
   -7.5000  -22.5000   22.5000 2976.9221   12.5028
    0.0000  -22.5000   22.5000 3018.9187   12.4104
    7.5000  -22.5000   22.5000 2938.5989   12.6810
   -7.5000  -15.0000   22.5000 2928.7434   12.8278
    0.0000  -15.0000   22.5000 2960.0974   12.7058
    7.5000  -15.0000   22.5000 2890.4004   12.9764
   -7.5000   -7.5000   22.5000 2832.9829   13.3987
    0.0000   -7.5000   22.5000 2859.5625   13.2998
    7.5000   -7.5000   22.5000 2809.2710   13.5369
   -7.5000    0.0000   22.5000 2713.3230   14.2388
    0.0000    0.0000   22.5000 2739.0020   14.1272
    7.5000    0.0000   22.5000 2701.8252   14.3477
   -7.5000    7.5000   22.5000 2586.7014   15.4454
    0.0000    7.5000   22.5000 2600.0581   15.3387
    7.5000    7.5000   22.5000 2580.7998   15.5565
   -7.5000   15.0000   22.5000 2447.1431   17.0379
    0.0000   15.0000   22.5000 2456.7017   16.9361
    7.5000   15.0000   22.5000 2434.9170   17.1712
   -7.5000   22.5000   22.5000 2291.9502   19.0740
    0.0000   22.5000   22.5000 2305.8137   18.9670
    7.5000   22.5000   22.5000 2285.1868   19.2305
   -7.5000   30.0000   22.5000 2119.7983   21.7187
    0.0000   30.0000   22.5000 2135.4568   21.6608
    7.5000   30.0000   22.5000 2114.8687   21.9223
   -7.5000   37.5000   22.5000 1938.4424   25.1228
    0.0000   37.5000   22.5000 1954.7780   25.0419
    7.5000   37.5000   22.5000 1936.3037   25.3526
   -7.5000   45.0000   22.5000 1776.0486   29.6198
    0.0000   45.0000   22.5000 1781.6471   29.5009
    7.5000   45.0000   22.5000 1763.5625   29.9035
   -7.5000  -45.0000   30.0000 2716.0125   13.9181
    0.0000  -45.0000   30.0000 2738.9419   13.7956
    7.5000  -45.0000   30.0000 2696.7332   14.1229
   -7.5000  -37.5000   30.0000 2823.6379   13.2381
    0.0000  -37.5000   30.0000 2850.0298   13.1439
    7.5000  -37.5000   30.0000 2802.2400   13.4171
   -7.5000  -30.0000   30.0000 2892.0276   12.8632
    0.0000  -30.0000   30.0000 2924.1313   12.7854
    7.5000  -30.0000   30.0000 2870.0754   13.0749
   -7.5000  -22.5000   30.0000 2918.2603   12.8444
    0.0000  -22.5000   30.0000 2949.8640   12.7005
    7.5000  -22.5000   30.0000 2890.9368   13.0215
   -7.5000  -15.0000   30.0000 2879.0142   13.1694
    0.0000  -15.0000   30.0000 2906.3000   13.0329
    7.5000  -15.0000   30.0000 2849.0952   13.3077
   -7.5000   -7.5000   30.0000 2789.0300   13.7946
    0.0000   -7.5000   30.0000 2812.9824   13.6446
    7.5000   -7.5000   30.0000 2765.6167   13.8999
   -7.5000    0.0000   30.0000 2670.0647   14.6433
    0.0000    0.0000   30.0000 2691.7322   14.4911
    7.5000    0.0000   30.0000 2656.9880   14.7461
   -7.5000    7.5000   30.0000 2546.0496   15.8025
    0.0000    7.5000   30.0000 2561.5820   15.6976
    7.5000    7.5000   30.0000 2536.1775   15.9528
   -7.5000   15.0000   30.0000 2412.1411   17.3227
    0.0000   15.0000   30.0000 2421.1150   17.2622
    7.5000   15.0000   30.0000 2395.2771   17.5017
   -7.5000   22.5000   30.0000 2261.3325   19.2746
    0.0000   22.5000   30.0000 2274.5334   19.2314
    7.5000   22.5000   30.0000 2252.9360   19.4848
   -7.5000   30.0000   30.0000 2088.7473   21.8861
    0.0000   30.0000   30.0000 2100.8311   21.8550
    7.5000   30.0000   30.0000 2080.8091   22.0807
   -7.5000   37.5000   30.0000 1913.1072   25.3001
    0.0000   37.5000   30.0000 1929.0638   25.2220
    7.5000   37.5000   30.0000 1911.2216   25.5096
   -7.5000   45.0000   30.0000 1753.4395   29.7442
    0.0000   45.0000   30.0000 1761.7828   29.6359
    7.5000   45.0000   30.0000 1745.6703   30.0130
   -7.5000  -45.0000   37.5000 2671.3105   14.5204
    0.0000  -45.0000   37.5000 2693.7161   14.3732
    7.5000  -45.0000   37.5000 2650.7720   14.7331
   -7.5000  -37.5000   37.5000 2766.6531   13.8152
    0.0000  -37.5000   37.5000 2791.9133   13.6978
    7.5000  -37.5000   37.5000 2745.3828   14.0043
   -7.5000  -30.0000   37.5000 2817.1836   13.4277
    0.0000  -30.0000   37.5000 2844.2986   13.3056
    7.5000  -30.0000   37.5000 2798.4321   13.6113
   -7.5000  -22.5000   37.5000 2836.2422   13.3725
    0.0000  -22.5000   37.5000 2862.0005   13.2593
    7.5000  -22.5000   37.5000 2820.2214   13.5382
   -7.5000  -15.0000   37.5000 2803.1355   13.7083
    0.0000  -15.0000   37.5000 2825.7422   13.6069
    7.5000  -15.0000   37.5000 2782.8032   13.8703
   -7.5000   -7.5000   37.5000 2718.3191   14.3373
    0.0000   -7.5000   37.5000 2734.2854   14.2327
    7.5000   -7.5000   37.5000 2696.2651   14.4875
   -7.5000    0.0000   37.5000 2612.2417   15.2031
    0.0000    0.0000   37.5000 2625.6047   15.0714
    7.5000    0.0000   37.5000 2593.8137   15.3070
   -7.5000    7.5000   37.5000 2493.7239   16.3458
    0.0000    7.5000   37.5000 2506.1082   16.2485
    7.5000    7.5000   37.5000 2477.5645   16.5138
   -7.5000   15.0000   37.5000 2363.1475   17.8453
    0.0000   15.0000   37.5000 2375.3677   17.7763
    7.5000   15.0000   37.5000 2349.1038   18.0254
   -7.5000   22.5000   37.5000 2213.1047   19.7965
    0.0000   22.5000   37.5000 2229.9050   19.7329
    7.5000   22.5000   37.5000 2212.0427   19.9837
   -7.5000   30.0000   37.5000 2050.6619   22.3320
    0.0000   30.0000   37.5000 2060.7322   22.3006
    7.5000   30.0000   37.5000 2045.5255   22.5484
   -7.5000   37.5000   37.5000 1881.1372   25.7455
    0.0000   37.5000   37.5000 1890.7605   25.6776
    7.5000   37.5000   37.5000 1878.4573   26.0081
   -7.5000   45.0000   37.5000 1726.9137   30.2375
    0.0000   45.0000   37.5000 1735.4825   30.0902
    7.5000   45.0000   37.5000 1719.3469   30.4314
   -7.5000  -45.0000   45.0000 2613.7439   15.3397
    0.0000  -45.0000   45.0000 2631.5208   15.2325
    7.5000  -45.0000   45.0000 2589.2070   15.5513
   -7.5000  -37.5000   45.0000 2696.5205   14.6276
    0.0000  -37.5000   45.0000 2718.9500   14.5045
    7.5000  -37.5000   45.0000 2673.8557   14.8025
   -7.5000  -30.0000   45.0000 2737.1279   14.2002
    0.0000  -30.0000   45.0000 2762.8479   14.0840
    7.5000  -30.0000   45.0000 2722.6497   14.3923
   -7.5000  -22.5000   45.0000 2744.8081   14.1274
    0.0000  -22.5000   45.0000 2769.6094   14.0217
    7.5000  -22.5000   45.0000 2730.6445   14.3118
   -7.5000  -15.0000   45.0000 2705.5510   14.4969
    0.0000  -15.0000   45.0000 2727.4966   14.3849
    7.5000  -15.0000   45.0000 2694.3848   14.6291
   -7.5000   -7.5000   45.0000 2629.6672   15.1258
    0.0000   -7.5000   45.0000 2644.3574   15.0002
    7.5000   -7.5000   45.0000 2618.7473   15.2396
   -7.5000    0.0000   45.0000 2531.9990   15.9804
    0.0000    0.0000   45.0000 2539.3467   15.8351
    7.5000    0.0000   45.0000 2517.6343   16.0768
   -7.5000    7.5000   45.0000 2427.1074   17.0398
    0.0000    7.5000   45.0000 2436.3547   16.9783
    7.5000    7.5000   45.0000 2413.1418   17.2201
   -7.5000   15.0000   45.0000 2302.2612   18.5475
    0.0000   15.0000   45.0000 2316.1663   18.5024
    7.5000   15.0000   45.0000 2290.9290   18.7687
   -7.5000   22.5000   45.0000 2157.5757   20.5241
    0.0000   22.5000   45.0000 2173.2964   20.4746
    7.5000   22.5000   45.0000 2150.5547   20.7207
   -7.5000   30.0000   45.0000 1998.0078   23.1338
    0.0000   30.0000   45.0000 2013.8687   23.0658
    7.5000   30.0000   45.0000 1992.5919   23.3552
   -7.5000   37.5000   45.0000 1843.3812   26.5091
    0.0000   37.5000   45.0000 1850.0450   26.4308
    7.5000   37.5000   45.0000 1836.2115   26.8329
   -7.5000   45.0000   45.0000 1685.8982   31.1533
    0.0000   45.0000   45.0000 1689.0973   31.0373
    7.5000   45.0000   45.0000 1682.4087   31.3808

---------------------------------------------------------------------
imgreg_4dfp /opt/freesurfer/average/711-2C_as_mni_average_305 /opt/freesurfer/average/711-2B_as_mni_average_305_mask talsrcimg_g11 none talsrcimg_to_711-2C_as_mni_average_305_t4 1283
---------------------------------------------------------------------

freesurfer imgreg_4dfp.c
/opt/freesurfer/average/711-2C_as_mni_average_305.4dfp.img
       256       256       256         1
  1.000000  1.000000  1.000000
orientation T byte_order littleendian
Reading image: /opt/freesurfer/average/711-2C_as_mni_average_305.4dfp.img
dimensions:      256       256       256
mmppix:       1.0000   -1.0000   -1.0000
center:     128.0000 -129.0000 -129.0000
/opt/freesurfer/average/711-2B_as_mni_average_305_mask.4dfp.img
       256       256       256         1
  1.000000  1.000000  1.000000
orientation T byte_order littleendian
Reading mask: /opt/freesurfer/average/711-2B_as_mni_average_305_mask.4dfp.img (2306576 pixels)
talsrcimg_g11.4dfp.img
       256       256       256         1
  1.000000  1.000000  1.000000
orientation T byte_order littleendian
Reading image: talsrcimg_g11.4dfp.img
dimensions:      256       256       256
mmppix:       1.0000   -1.0000   -1.0000
center:     128.0000 -129.0000 -129.0000
rotation matrix determinant  1.000000
fimgreg.f
image alignment mode   1283 decimal      503 hex
parameters
    0.0000  -22.5000   15.0000    0.0000    0.0000    0.0000
eta,q 0.95073 12.44379
niter,ni,del,rscale     5    3   12.0000    1.2000
parameter  4  0.769346 ->  0.500000 qaram    1.1500
parameters
   -0.8447  -24.2849   16.8274   -3.4500   -0.4042   -2.0621
eta,q 0.95532 12.38657
  0.0624  0.0514  0.0573  0.0458  0.0525  0.0477
  0.0558  0.0493  0.0527  0.0454  0.0490  0.0455
  0.0497  0.0484  0.0501  0.0460  0.0467  0.0447
  0.0493  0.0485  0.0484  0.0479  0.0455  0.0455
  0.0544  0.0509  0.0480  0.0508  0.0467  0.0478
  0.0622  0.0546  0.0488  0.0544  0.0502  0.0514
  0.0717  0.0602  0.0504  0.0585  0.0551  0.0548
niter,ni,del,rscale     5    3   12.0000    1.2000
parameters
   -1.2575  -22.2451   15.9386   -6.4785    0.3844   -2.3443
eta,q 0.95847 12.37317
  0.0610  0.0613  0.0485  0.0442  0.0527  0.0471
  0.0523  0.0537  0.0445  0.0417  0.0477  0.0438
  0.0462  0.0475  0.0429  0.0420  0.0440  0.0420
  0.0447  0.0447  0.0434  0.0430  0.0418  0.0416
  0.0482  0.0435  0.0453  0.0458  0.0420  0.0427
  0.0564  0.0442  0.0480  0.0503  0.0447  0.0449
  0.0654  0.0478  0.0514  0.0551  0.0484  0.0479
niter,ni,del,rscale     4    3   12.0000    1.2000
parameters
   -1.5569  -21.3462   15.5454   -6.7505    0.7131   -2.3187
eta,q 0.95964 12.35955
  0.0600  0.0587  0.0486  0.0494  0.0508  0.0466
  0.0504  0.0506  0.0433  0.0438  0.0458  0.0435
  0.0437  0.0443  0.0401  0.0404  0.0423  0.0413
  0.0415  0.0415  0.0409  0.0405  0.0404  0.0404
  0.0455  0.0410  0.0430  0.0422  0.0414  0.0413
  0.0538  0.0444  0.0455  0.0454  0.0446  0.0435
  0.0631  0.0512  0.0496  0.0500  0.0488  0.0464
niter,ni,del,rscale     3    3   12.0000    1.2000
parameters
   -1.6350  -21.1835   15.4929   -6.9086    0.7888   -2.3047
eta,q 0.95979 12.35559
  0.0610  0.0554  0.0494  0.0495  0.0500  0.0465
  0.0509  0.0473  0.0441  0.0441  0.0452  0.0434
  0.0434  0.0424  0.0403  0.0404  0.0418  0.0412
  0.0404  0.0404  0.0403  0.0403  0.0402  0.0402
  0.0436  0.0414  0.0425  0.0419  0.0416  0.0412
  0.0521  0.0469  0.0448  0.0450  0.0450  0.0435
  0.0617  0.0536  0.0487  0.0497  0.0494  0.0464
niter,ni,del,rscale     2    3   12.0000    1.2000
parameters
   -1.6534  -21.1078   15.4563   -6.9825    0.8035   -2.2952
eta,q 0.95985 12.35403
  0.0613  0.0550  0.0494  0.0496  0.0497  0.0464
  0.0512  0.0469  0.0442  0.0443  0.0450  0.0433
  0.0435  0.0421  0.0403  0.0406  0.0417  0.0411
  0.0402  0.0402  0.0402  0.0402  0.0401  0.0401
  0.0433  0.0416  0.0424  0.0418  0.0416  0.0411
  0.0518  0.0473  0.0448  0.0448  0.0451  0.0434
  0.0614  0.0538  0.0486  0.0495  0.0496  0.0463
niter,ni,del,rscale     1    3   12.0000    1.2000
parameters
   -1.6534  -21.0756   15.4340   -7.0185    0.8014   -2.2905
eta,q 0.95989 12.35337
  0.0614  0.0548  0.0494  0.0496  0.0497  0.0464
  0.0512  0.0468  0.0442  0.0444  0.0450  0.0433
  0.0435  0.0420  0.0403  0.0406  0.0417  0.0411
  0.0401  0.0401  0.0401  0.0401  0.0401  0.0401
  0.0431  0.0417  0.0424  0.0417  0.0416  0.0411
  0.0516  0.0475  0.0448  0.0447  0.0451  0.0434
  0.0613  0.0539  0.0486  0.0494  0.0497  0.0463
registration optimization eta report
parameter search radius
    6.0000    6.0000    6.0000    6.9000    6.0000    6.0000
100000*second partial in parameter space
       57.       39.       24.       20.       26.       17.
  0.0614  0.0548  0.0494  0.0496  0.0497  0.0464
  0.0512  0.0468  0.0442  0.0444  0.0450  0.0433
  0.0435  0.0420  0.0403  0.0406  0.0417  0.0411
  0.0401  0.0401  0.0401  0.0401  0.0401  0.0401
  0.0431  0.0417  0.0424  0.0417  0.0416  0.0411
  0.0516  0.0475  0.0448  0.0447  0.0451  0.0434
  0.0613  0.0539  0.0486  0.0494  0.0497  0.0463
   -1.6534  -21.0756   15.4340   -7.0185    0.8014   -2.2905
eta,q 0.95989 12.35337

---------------------------------------------------------------------
imgreg_4dfp /opt/freesurfer/average/711-2C_as_mni_average_305 /opt/freesurfer/average/711-2B_as_mni_average_305_mask talsrcimg_g11 none talsrcimg_to_711-2C_as_mni_average_305_t4 3335
---------------------------------------------------------------------

freesurfer imgreg_4dfp.c
/opt/freesurfer/average/711-2C_as_mni_average_305.4dfp.img
       256       256       256         1
  1.000000  1.000000  1.000000
orientation T byte_order littleendian
Reading image: /opt/freesurfer/average/711-2C_as_mni_average_305.4dfp.img
dimensions:      256       256       256
mmppix:       1.0000   -1.0000   -1.0000
center:     128.0000 -129.0000 -129.0000
/opt/freesurfer/average/711-2B_as_mni_average_305_mask.4dfp.img
       256       256       256         1
  1.000000  1.000000  1.000000
orientation T byte_order littleendian
Reading mask: /opt/freesurfer/average/711-2B_as_mni_average_305_mask.4dfp.img (2306576 pixels)
talsrcimg_g11.4dfp.img
       256       256       256         1
  1.000000  1.000000  1.000000
orientation T byte_order littleendian
Reading image: talsrcimg_g11.4dfp.img
dimensions:      256       256       256
mmppix:       1.0000   -1.0000   -1.0000
center:     128.0000 -129.0000 -129.0000
fimgreg.f
image alignment mode   3335 decimal      D07 hex
parameters
   -1.6534  -21.0756   15.4340   -0.0897   -0.8354   -0.7590
    4.1374   -0.8988   -3.9962   12.2646    1.3987  -12.2177
eta,q 0.95889 12.45198
niter,ni,del,rscale     5    3    5.0000    1.2000
parameter  4  0.723117 ->  0.500000 qaram    1.1500
parameter  5  2.039163 ->  0.500000 qaram    1.1500
parameter  6  0.892111 ->  0.500000 qaram    1.1500
parameters
   -1.5863  -20.5197   15.2521   -4.2297   -4.9754   -4.8990
    4.2450   -0.6699   -1.8059   11.3155   -0.5982  -12.4295
eta,q 0.96623 11.66577
  0.0446  0.0437  0.0424  0.0392  0.0337  0.0330  0.0360  0.0373  0.0365  0.0355  0.0342  0.0350
  0.0428  0.0425  0.0416  0.0394  0.0352  0.0337  0.0349  0.0356  0.0353  0.0345  0.0339  0.0344
  0.0416  0.0416  0.0411  0.0398  0.0371  0.0347  0.0342  0.0345  0.0344  0.0340  0.0338  0.0339
  0.0411  0.0411  0.0410  0.0410  0.0394  0.0357  0.0339  0.0339  0.0339  0.0338  0.0338  0.0338
  0.0414  0.0410  0.0412  0.0432  0.0423  0.0372  0.0341  0.0341  0.0338  0.0342  0.0341  0.0340
  0.0425  0.0413  0.0419  0.0465  0.0456  0.0399  0.0348  0.0352  0.0340  0.0353  0.0345  0.0345
  0.0443  0.0421  0.0429  0.0504  0.0491  0.0441  0.0359  0.0370  0.0345  0.0370  0.0351  0.0351
niter,ni,del,rscale     7    3    5.0000    1.2000
parameter  4  0.548200 ->  0.500000 qaram    1.3225
parameter  5  1.303099 ->  0.500000 qaram    1.3225
parameter  6  0.570168 ->  0.500000 qaram    1.3225
parameters
   -1.7254  -20.5062   15.4542   -8.9907   -9.7364   -9.6600
    4.0520   -0.8028   -1.9339   11.6947   -2.4253  -12.3288
eta,q 0.97123 10.74997
  0.0361  0.0357  0.0354  0.0332  0.0290  0.0297  0.0311  0.0323  0.0306  0.0315  0.0293  0.0300
  0.0347  0.0346  0.0346  0.0330  0.0296  0.0289  0.0299  0.0304  0.0297  0.0300  0.0289  0.0294
  0.0339  0.0340  0.0340  0.0333  0.0310  0.0289  0.0291  0.0292  0.0290  0.0292  0.0288  0.0289
  0.0338  0.0338  0.0338  0.0337  0.0330  0.0299  0.0288  0.0288  0.0288  0.0288  0.0288  0.0288
  0.0342  0.0339  0.0338  0.0344  0.0354  0.0314  0.0292  0.0294  0.0291  0.0290  0.0291  0.0289
  0.0351  0.0346  0.0342  0.0361  0.0383  0.0330  0.0301  0.0306  0.0298  0.0297  0.0295  0.0293
  0.0366  0.0357  0.0350  0.0389  0.0419  0.0352  0.0313  0.0324  0.0308  0.0310  0.0301  0.0299
niter,ni,del,rscale     7    3    5.0000    1.2000
parameter  3  0.573458 ->  0.500000 qaram    1.1500
parameter  5  0.566353 ->  0.500000 qaram    1.5209
parameters
   -1.6168  -20.2641   14.0742   -9.7847  -15.2116  -10.8607
    3.7953   -0.3366   -1.4641   14.4802   -2.1911  -13.9886
eta,q 0.97322 10.34295
  0.0318  0.0317  0.0286  0.0309  0.0278  0.0306  0.0294  0.0315  0.0290  0.0311  0.0279  0.0275
  0.0302  0.0302  0.0283  0.0292  0.0273  0.0288  0.0282  0.0294  0.0281  0.0294  0.0273  0.0270
  0.0292  0.0292  0.0283  0.0282  0.0273  0.0276  0.0274  0.0279  0.0275  0.0281  0.0270  0.0268
  0.0288  0.0288  0.0288  0.0283  0.0281  0.0272  0.0272  0.0272  0.0272  0.0272  0.0269  0.0269
  0.0290  0.0289  0.0295  0.0291  0.0299  0.0283  0.0276  0.0276  0.0273  0.0269  0.0270  0.0272
  0.0299  0.0296  0.0305  0.0301  0.0324  0.0304  0.0285  0.0287  0.0278  0.0270  0.0273  0.0277
  0.0313  0.0307  0.0318  0.0315  0.0354  0.0327  0.0297  0.0305  0.0286  0.0278  0.0278  0.0283
niter,ni,del,rscale     7    3    5.0000    1.2000
parameters
   -1.4733  -19.2991   13.3574  -10.4606  -17.2594  -11.4984
    3.0779    0.0945   -2.0283   16.5224   -1.6175  -14.7009
eta,q 0.97416 10.18149
  0.0301  0.0306  0.0274  0.0293  0.0286  0.0299  0.0280  0.0304  0.0276  0.0301  0.0271  0.0267
  0.0284  0.0289  0.0266  0.0276  0.0271  0.0281  0.0269  0.0283  0.0267  0.0283  0.0265  0.0262
  0.0272  0.0276  0.0263  0.0264  0.0262  0.0268  0.0262  0.0268  0.0262  0.0270  0.0260  0.0259
  0.0268  0.0268  0.0264  0.0263  0.0262  0.0261  0.0262  0.0261  0.0261  0.0261  0.0259  0.0259
  0.0270  0.0264  0.0270  0.0272  0.0271  0.0268  0.0266  0.0265  0.0264  0.0259  0.0259  0.0261
  0.0279  0.0266  0.0280  0.0285  0.0289  0.0288  0.0276  0.0277  0.0271  0.0263  0.0263  0.0265
  0.0294  0.0272  0.0293  0.0299  0.0317  0.0312  0.0288  0.0295  0.0281  0.0273  0.0268  0.0271
niter,ni,del,rscale     6    3    5.0000    1.2000
parameters
   -1.3039  -18.6839   12.9799  -10.7823  -18.0444  -11.8602
    2.8700    0.2414   -2.3568   17.5164   -1.6191  -15.2854
eta,q 0.97442 10.11969
  0.0292  0.0292  0.0271  0.0292  0.0290  0.0295  0.0278  0.0297  0.0274  0.0291  0.0267  0.0265
  0.0275  0.0276  0.0262  0.0274  0.0272  0.0277  0.0266  0.0276  0.0264  0.0274  0.0261  0.0260
  0.0263  0.0264  0.0257  0.0260  0.0259  0.0263  0.0259  0.0261  0.0258  0.0262  0.0257  0.0256
  0.0258  0.0258  0.0257  0.0257  0.0256  0.0256  0.0256  0.0256  0.0257  0.0256  0.0256  0.0256
  0.0260  0.0257  0.0261  0.0266  0.0262  0.0262  0.0260  0.0262  0.0260  0.0257  0.0258  0.0258
  0.0269  0.0261  0.0269  0.0280  0.0278  0.0280  0.0268  0.0274  0.0267  0.0264  0.0261  0.0262
  0.0284  0.0269  0.0281  0.0294  0.0303  0.0304  0.0280  0.0293  0.0277  0.0276  0.0267  0.0268
niter,ni,del,rscale     5    3    5.0000    1.2000
parameters
   -1.2648  -18.4020   12.7916  -10.8863  -18.3323  -12.0474
    2.8720    0.2799   -2.3763   18.0066   -1.7094  -15.5915
eta,q 0.97445 10.09962
  0.0286  0.0283  0.0272  0.0293  0.0292  0.0295  0.0279  0.0295  0.0275  0.0286  0.0267  0.0266
  0.0270  0.0269  0.0263  0.0275  0.0274  0.0277  0.0266  0.0274  0.0265  0.0270  0.0261  0.0260
  0.0260  0.0260  0.0257  0.0261  0.0260  0.0263  0.0258  0.0260  0.0258  0.0260  0.0257  0.0256
  0.0256  0.0256  0.0256  0.0256  0.0256  0.0256  0.0256  0.0256  0.0256  0.0256  0.0256  0.0256
  0.0259  0.0257  0.0259  0.0264  0.0260  0.0260  0.0259  0.0261  0.0258  0.0258  0.0257  0.0258
  0.0269  0.0263  0.0266  0.0278  0.0274  0.0278  0.0267  0.0275  0.0265  0.0266  0.0261  0.0261
  0.0284  0.0272  0.0277  0.0292  0.0299  0.0301  0.0278  0.0294  0.0275  0.0279  0.0267  0.0267
niter,ni,del,rscale     4    3    5.0000    1.2000
parameters
   -1.2618  -18.2644   12.6951  -10.9162  -18.4617  -12.1643
    2.8724    0.2950   -2.3454   18.2441   -1.7747  -15.7248
eta,q 0.97444 10.09082
  0.0285  0.0279  0.0273  0.0294  0.0293  0.0296  0.0279  0.0295  0.0275  0.0284  0.0267  0.0266
  0.0269  0.0266  0.0263  0.0275  0.0275  0.0277  0.0266  0.0274  0.0265  0.0269  0.0261  0.0260
  0.0259  0.0258  0.0258  0.0261  0.0261  0.0263  0.0258  0.0260  0.0258  0.0259  0.0257  0.0257
  0.0256  0.0256  0.0256  0.0256  0.0256  0.0256  0.0256  0.0256  0.0256  0.0256  0.0256  0.0256
  0.0259  0.0258  0.0258  0.0263  0.0260  0.0260  0.0259  0.0261  0.0258  0.0258  0.0257  0.0258
  0.0269  0.0264  0.0265  0.0278  0.0273  0.0277  0.0266  0.0275  0.0265  0.0267  0.0261  0.0261
  0.0284  0.0274  0.0276  0.0292  0.0297  0.0299  0.0278  0.0294  0.0275  0.0280  0.0267  0.0266
niter,ni,del,rscale     3    3    5.0000    1.2000
parameters
   -1.2615  -18.1934   12.6382  -10.9278  -18.5310  -12.2372
    2.8624    0.3013   -2.3224   18.3672   -1.8133  -15.7894
eta,q 0.97442 10.08585
  0.0284  0.0278  0.0273  0.0294  0.0293  0.0296  0.0279  0.0295  0.0275  0.0283  0.0267  0.0266
  0.0269  0.0265  0.0264  0.0276  0.0275  0.0277  0.0266  0.0274  0.0265  0.0268  0.0261  0.0260
  0.0259  0.0258  0.0258  0.0261  0.0261  0.0263  0.0258  0.0260  0.0258  0.0259  0.0257  0.0257
  0.0256  0.0256  0.0256  0.0256  0.0256  0.0256  0.0256  0.0256  0.0256  0.0256  0.0256  0.0256
  0.0259  0.0258  0.0258  0.0263  0.0260  0.0260  0.0259  0.0261  0.0258  0.0259  0.0257  0.0258
  0.0269  0.0265  0.0265  0.0278  0.0273  0.0277  0.0267  0.0275  0.0265  0.0267  0.0261  0.0261
  0.0284  0.0275  0.0275  0.0293  0.0297  0.0299  0.0278  0.0294  0.0275  0.0281  0.0267  0.0266
niter,ni,del,rscale     2    3    5.0000    1.2000
parameters
   -1.2611  -18.1570   12.6071  -10.9301  -18.5652  -12.2811
    2.8553    0.3063   -2.3042   18.4343   -1.8370  -15.8257
eta,q 0.97442 10.08341
  0.0284  0.0277  0.0274  0.0295  0.0294  0.0296  0.0279  0.0295  0.0275  0.0283  0.0267  0.0267
  0.0269  0.0265  0.0264  0.0276  0.0275  0.0277  0.0266  0.0274  0.0265  0.0268  0.0261  0.0260
  0.0259  0.0258  0.0258  0.0261  0.0261  0.0263  0.0258  0.0260  0.0258  0.0259  0.0257  0.0257
  0.0256  0.0256  0.0256  0.0256  0.0256  0.0256  0.0256  0.0256  0.0256  0.0256  0.0256  0.0256
  0.0259  0.0258  0.0258  0.0263  0.0260  0.0260  0.0259  0.0262  0.0258  0.0259  0.0257  0.0258
  0.0269  0.0265  0.0264  0.0278  0.0273  0.0277  0.0267  0.0275  0.0265  0.0268  0.0261  0.0261
  0.0284  0.0275  0.0275  0.0293  0.0296  0.0298  0.0278  0.0294  0.0275  0.0281  0.0267  0.0266
niter,ni,del,rscale     1    3    5.0000    1.2000
parameters
   -1.2608  -18.1370   12.5870  -10.9297  -18.5823  -12.3083
    2.8489    0.3103   -2.2918   18.4693   -1.8533  -15.8385
eta,q 0.97441 10.08206
  0.0284  0.0277  0.0274  0.0295  0.0294  0.0296  0.0279  0.0295  0.0275  0.0282  0.0267  0.0267
  0.0269  0.0265  0.0264  0.0276  0.0276  0.0277  0.0266  0.0274  0.0265  0.0268  0.0261  0.0260
  0.0259  0.0258  0.0258  0.0261  0.0261  0.0263  0.0258  0.0260  0.0258  0.0259  0.0257  0.0257
  0.0256  0.0256  0.0256  0.0256  0.0256  0.0256  0.0256  0.0256  0.0256  0.0256  0.0256  0.0256
  0.0259  0.0259  0.0258  0.0263  0.0260  0.0260  0.0259  0.0262  0.0258  0.0259  0.0257  0.0258
  0.0269  0.0265  0.0264  0.0278  0.0273  0.0277  0.0267  0.0275  0.0265  0.0268  0.0261  0.0261
  0.0284  0.0276  0.0275  0.0293  0.0296  0.0298  0.0278  0.0294  0.0275  0.0281  0.0267  0.0266
registration optimization eta report
parameter search radius
    2.4000    2.4000    2.7600    9.5220   10.9503    9.5220
    7.2000    7.2000    7.2000    7.2000    7.2000    7.2000
100000*second partial in parameter space
       49.       36.       24.        4.        3.        4.
        4.        7.        4.        5.        2.        2.
  0.0284  0.0277  0.0274  0.0295  0.0294  0.0296  0.0279  0.0295  0.0275  0.0282  0.0267  0.0267
  0.0269  0.0265  0.0264  0.0276  0.0276  0.0277  0.0266  0.0274  0.0265  0.0268  0.0261  0.0260
  0.0259  0.0258  0.0258  0.0261  0.0261  0.0263  0.0258  0.0260  0.0258  0.0259  0.0257  0.0257
  0.0256  0.0256  0.0256  0.0256  0.0256  0.0256  0.0256  0.0256  0.0256  0.0256  0.0256  0.0256
  0.0259  0.0259  0.0258  0.0263  0.0260  0.0260  0.0259  0.0262  0.0258  0.0259  0.0257  0.0258
  0.0269  0.0265  0.0264  0.0278  0.0273  0.0277  0.0267  0.0275  0.0265  0.0268  0.0261  0.0261
  0.0284  0.0276  0.0275  0.0293  0.0296  0.0298  0.0278  0.0294  0.0275  0.0281  0.0267  0.0266
   -1.2608  -18.1370   12.5870  -10.9297  -18.5823  -12.3083
    2.8489    0.3103   -2.2918   18.4693   -1.8533  -15.8385
eta,q 0.97441 10.08206

---------------------------------------------------------------------
imgreg_4dfp /opt/freesurfer/average/711-2C_as_mni_average_305 /opt/freesurfer/average/711-2B_as_mni_average_305_mask talsrcimg_g11 none talsrcimg_to_711-2C_as_mni_average_305_t4 2311
---------------------------------------------------------------------

freesurfer imgreg_4dfp.c
/opt/freesurfer/average/711-2C_as_mni_average_305.4dfp.img
       256       256       256         1
  1.000000  1.000000  1.000000
orientation T byte_order littleendian
Reading image: /opt/freesurfer/average/711-2C_as_mni_average_305.4dfp.img
dimensions:      256       256       256
mmppix:       1.0000   -1.0000   -1.0000
center:     128.0000 -129.0000 -129.0000
/opt/freesurfer/average/711-2B_as_mni_average_305_mask.4dfp.img
       256       256       256         1
  1.000000  1.000000  1.000000
orientation T byte_order littleendian
Reading mask: /opt/freesurfer/average/711-2B_as_mni_average_305_mask.4dfp.img (2306576 pixels)
talsrcimg_g11.4dfp.img
       256       256       256         1
  1.000000  1.000000  1.000000
orientation T byte_order littleendian
Reading image: talsrcimg_g11.4dfp.img
dimensions:      256       256       256
mmppix:       1.0000   -1.0000   -1.0000
center:     128.0000 -129.0000 -129.0000
fimgreg.f
image alignment mode   2311 decimal      907 hex
parameters
   -1.2608  -18.1370   12.5870  -10.9297  -18.5823  -12.3083
    2.8489    0.3103   -2.2918   18.4693   -1.8533  -15.8385
eta,q 0.97441 10.08206
niter,ni,del,rscale     5    3    5.0000    0.8000
parameters
   -1.2662  -18.1732   12.6026  -11.1522  -18.2890  -11.9244
    2.7792    0.2257   -2.2718   18.2623   -1.8211  -16.1953
eta,q 0.97445 10.09803
  0.0269  0.0265  0.0262  0.0268  0.0265  0.0270  0.0266  0.0274  0.0265  0.0266  0.0261  0.0260
  0.0262  0.0260  0.0259  0.0262  0.0260  0.0263  0.0260  0.0264  0.0260  0.0260  0.0258  0.0257
  0.0257  0.0257  0.0257  0.0257  0.0257  0.0259  0.0257  0.0257  0.0257  0.0256  0.0256  0.0256
  0.0256  0.0256  0.0256  0.0256  0.0256  0.0256  0.0255  0.0255  0.0255  0.0255  0.0255  0.0255
  0.0257  0.0257  0.0256  0.0258  0.0257  0.0256  0.0257  0.0258  0.0257  0.0257  0.0256  0.0256
  0.0262  0.0260  0.0259  0.0263  0.0259  0.0260  0.0260  0.0265  0.0260  0.0262  0.0258  0.0258
  0.0269  0.0265  0.0262  0.0270  0.0263  0.0267  0.0266  0.0275  0.0264  0.0268  0.0261  0.0261
niter,ni,del,rscale     4    3    5.0000    0.7000
parameters
   -1.2697  -18.2401   12.6804  -11.2234  -18.2426  -11.6542
    2.7782    0.1944   -2.3116   18.1598   -1.7671  -16.2611
eta,q 0.97448 10.10592
  0.0265  0.0262  0.0261  0.0266  0.0262  0.0267  0.0263  0.0270  0.0262  0.0264  0.0259  0.0259
  0.0260  0.0258  0.0258  0.0260  0.0258  0.0261  0.0259  0.0262  0.0258  0.0259  0.0257  0.0257
  0.0256  0.0256  0.0256  0.0257  0.0256  0.0258  0.0256  0.0257  0.0256  0.0256  0.0256  0.0256
  0.0255  0.0255  0.0255  0.0255  0.0255  0.0255  0.0255  0.0255  0.0255  0.0255  0.0255  0.0255
  0.0257  0.0257  0.0256  0.0257  0.0256  0.0255  0.0256  0.0257  0.0256  0.0256  0.0256  0.0256
  0.0260  0.0259  0.0257  0.0261  0.0258  0.0259  0.0259  0.0262  0.0258  0.0260  0.0257  0.0257
  0.0266  0.0263  0.0260  0.0266  0.0261  0.0265  0.0263  0.0270  0.0262  0.0265  0.0259  0.0259
niter,ni,del,rscale     3    3    5.0000    0.6000
parameters
   -1.2714  -18.2830   12.7557  -11.2522  -18.2444  -11.4606
    2.7740    0.1627   -2.3360   18.0652   -1.7012  -16.2607
eta,q 0.97449 10.11062
  0.0263  0.0260  0.0259  0.0263  0.0260  0.0264  0.0261  0.0266  0.0260  0.0262  0.0258  0.0258
  0.0259  0.0257  0.0257  0.0259  0.0257  0.0260  0.0258  0.0260  0.0257  0.0258  0.0257  0.0256
  0.0256  0.0256  0.0256  0.0256  0.0256  0.0257  0.0256  0.0256  0.0256  0.0256  0.0256  0.0256
  0.0255  0.0255  0.0255  0.0255  0.0255  0.0255  0.0255  0.0255  0.0255  0.0255  0.0255  0.0255
  0.0256  0.0256  0.0255  0.0256  0.0256  0.0255  0.0256  0.0257  0.0256  0.0256  0.0255  0.0255
  0.0259  0.0258  0.0257  0.0259  0.0257  0.0258  0.0258  0.0260  0.0257  0.0258  0.0256  0.0256
  0.0263  0.0261  0.0259  0.0263  0.0260  0.0263  0.0261  0.0266  0.0260  0.0262  0.0258  0.0258
niter,ni,del,rscale     2    3    5.0000    0.5000
parameters
   -1.2744  -18.3205   12.8075  -11.2730  -18.2426  -11.3132
    2.7879    0.1388   -2.3494   17.9943   -1.6367  -16.2768
eta,q 0.97450 10.11465
  0.0260  0.0259  0.0258  0.0261  0.0258  0.0261  0.0259  0.0263  0.0259  0.0260  0.0257  0.0257
  0.0257  0.0256  0.0256  0.0258  0.0256  0.0258  0.0257  0.0258  0.0257  0.0257  0.0256  0.0256
  0.0256  0.0255  0.0255  0.0256  0.0255  0.0256  0.0255  0.0256  0.0255  0.0255  0.0255  0.0255
  0.0255  0.0255  0.0255  0.0255  0.0255  0.0255  0.0255  0.0255  0.0255  0.0255  0.0255  0.0255
  0.0256  0.0256  0.0255  0.0256  0.0255  0.0255  0.0255  0.0256  0.0255  0.0256  0.0255  0.0255
  0.0257  0.0257  0.0256  0.0258  0.0257  0.0257  0.0257  0.0259  0.0257  0.0257  0.0256  0.0256
  0.0260  0.0259  0.0257  0.0261  0.0258  0.0260  0.0259  0.0263  0.0259  0.0260  0.0257  0.0257
niter,ni,del,rscale     1    3    5.0000    0.4000
parameters
   -1.2822  -18.3488   12.8530  -11.2743  -18.2540  -11.1871
    2.7887    0.1101   -2.3713   17.9352   -1.6036  -16.2451
eta,q 0.97451 10.11800
  0.0258  0.0257  0.0257  0.0259  0.0257  0.0259  0.0258  0.0260  0.0257  0.0258  0.0256  0.0256
  0.0256  0.0256  0.0256  0.0257  0.0256  0.0257  0.0256  0.0257  0.0256  0.0256  0.0256  0.0256
  0.0255  0.0255  0.0255  0.0255  0.0255  0.0256  0.0255  0.0256  0.0255  0.0255  0.0255  0.0255
  0.0255  0.0255  0.0255  0.0255  0.0255  0.0255  0.0255  0.0255  0.0255  0.0255  0.0255  0.0255
  0.0255  0.0255  0.0255  0.0255  0.0255  0.0255  0.0255  0.0256  0.0255  0.0255  0.0255  0.0255
  0.0257  0.0256  0.0256  0.0257  0.0256  0.0256  0.0256  0.0257  0.0256  0.0256  0.0256  0.0256
  0.0258  0.0257  0.0257  0.0259  0.0257  0.0259  0.0258  0.0260  0.0257  0.0258  0.0256  0.0256
registration optimization eta report
parameter search radius
    0.8000    0.8000    0.8000    2.4000    2.4000    2.4000
    2.4000    2.4000    2.4000    2.4000    2.4000    2.4000
100000*second partial in parameter space
       53.       37.       28.        7.        4.        7.
        5.        9.        4.        5.        2.        3.
  0.0258  0.0257  0.0257  0.0259  0.0257  0.0259  0.0258  0.0260  0.0257  0.0258  0.0256  0.0256
  0.0256  0.0256  0.0256  0.0257  0.0256  0.0257  0.0256  0.0257  0.0256  0.0256  0.0256  0.0256
  0.0255  0.0255  0.0255  0.0255  0.0255  0.0256  0.0255  0.0256  0.0255  0.0255  0.0255  0.0255
  0.0255  0.0255  0.0255  0.0255  0.0255  0.0255  0.0255  0.0255  0.0255  0.0255  0.0255  0.0255
  0.0255  0.0255  0.0255  0.0255  0.0255  0.0255  0.0255  0.0256  0.0255  0.0255  0.0255  0.0255
  0.0257  0.0256  0.0256  0.0257  0.0256  0.0256  0.0256  0.0257  0.0256  0.0256  0.0256  0.0256
  0.0258  0.0257  0.0257  0.0259  0.0257  0.0259  0.0258  0.0260  0.0257  0.0258  0.0256  0.0256
   -1.2822  -18.3488   12.8530  -11.2743  -18.2540  -11.1871
    2.7887    0.1101   -2.3713   17.9352   -1.6036  -16.2451
eta,q 0.97451 10.11800

---------------------------------------------------------------------
imgreg_4dfp /opt/freesurfer/average/711-2C_as_mni_average_305 /opt/freesurfer/average/711-2B_as_mni_average_305_mask talsrcimg_g11 none talsrcimg_to_711-2C_as_mni_average_305_t4 2311
---------------------------------------------------------------------

freesurfer imgreg_4dfp.c
/opt/freesurfer/average/711-2C_as_mni_average_305.4dfp.img
       256       256       256         1
  1.000000  1.000000  1.000000
orientation T byte_order littleendian
Reading image: /opt/freesurfer/average/711-2C_as_mni_average_305.4dfp.img
dimensions:      256       256       256
mmppix:       1.0000   -1.0000   -1.0000
center:     128.0000 -129.0000 -129.0000
/opt/freesurfer/average/711-2B_as_mni_average_305_mask.4dfp.img
       256       256       256         1
  1.000000  1.000000  1.000000
orientation T byte_order littleendian
Reading mask: /opt/freesurfer/average/711-2B_as_mni_average_305_mask.4dfp.img (2306576 pixels)
talsrcimg_g11.4dfp.img
       256       256       256         1
  1.000000  1.000000  1.000000
orientation T byte_order littleendian
Reading image: talsrcimg_g11.4dfp.img
dimensions:      256       256       256
mmppix:       1.0000   -1.0000   -1.0000
center:     128.0000 -129.0000 -129.0000
fimgreg.f
image alignment mode   2311 decimal      907 hex
parameters
   -1.2822  -18.3488   12.8530  -11.2743  -18.2540  -11.1871
    2.7887    0.1101   -2.3713   17.9352   -1.6036  -16.2451
eta,q 0.97451 10.11800
niter,ni,del,rscale     5    3    5.0000    0.8000
parameters
   -1.2801  -18.3303   12.8720  -11.3266  -18.1455  -11.4368
    2.8389    0.1833   -2.4026   18.0091   -1.6892  -16.1029
eta,q 0.97449 10.11265
  0.0268  0.0265  0.0262  0.0268  0.0263  0.0267  0.0266  0.0275  0.0264  0.0268  0.0260  0.0261
  0.0261  0.0259  0.0258  0.0261  0.0259  0.0261  0.0260  0.0264  0.0259  0.0261  0.0257  0.0258
  0.0256  0.0256  0.0256  0.0257  0.0256  0.0257  0.0256  0.0257  0.0256  0.0257  0.0256  0.0256
  0.0255  0.0255  0.0255  0.0255  0.0255  0.0255  0.0255  0.0255  0.0255  0.0255  0.0255  0.0255
  0.0256  0.0256  0.0256  0.0257  0.0256  0.0257  0.0256  0.0257  0.0256  0.0256  0.0256  0.0256
  0.0261  0.0259  0.0258  0.0262  0.0258  0.0262  0.0260  0.0264  0.0259  0.0260  0.0258  0.0257
  0.0268  0.0264  0.0262  0.0269  0.0262  0.0271  0.0265  0.0273  0.0264  0.0267  0.0261  0.0260
niter,ni,del,rscale     4    3    5.0000    0.7000
parameters
   -1.2702  -18.3353   12.8300  -11.2843  -18.1688  -11.4609
    2.8091    0.1823   -2.3798   17.9839   -1.7119  -16.1482
eta,q 0.97449 10.11195
  0.0265  0.0262  0.0260  0.0266  0.0261  0.0265  0.0263  0.0270  0.0262  0.0264  0.0259  0.0259
  0.0260  0.0258  0.0257  0.0260  0.0258  0.0260  0.0259  0.0262  0.0258  0.0259  0.0257  0.0257
  0.0256  0.0256  0.0256  0.0257  0.0256  0.0257  0.0256  0.0257  0.0256  0.0256  0.0256  0.0256
  0.0255  0.0255  0.0255  0.0255  0.0255  0.0255  0.0255  0.0255  0.0255  0.0255  0.0255  0.0255
  0.0256  0.0256  0.0256  0.0256  0.0256  0.0256  0.0256  0.0257  0.0256  0.0256  0.0256  0.0256
  0.0260  0.0258  0.0258  0.0260  0.0258  0.0260  0.0259  0.0262  0.0258  0.0259  0.0257  0.0257
  0.0265  0.0262  0.0261  0.0266  0.0261  0.0267  0.0263  0.0270  0.0262  0.0265  0.0259  0.0259
niter,ni,del,rscale     3    3    5.0000    0.6000
parameters
   -1.2707  -18.3400   12.8239  -11.2789  -18.1880  -11.3774
    2.7843    0.1619   -2.3642   17.9598   -1.6791  -16.2010
eta,q 0.97450 10.11398
  0.0263  0.0260  0.0259  0.0263  0.0260  0.0263  0.0261  0.0266  0.0260  0.0262  0.0258  0.0258
  0.0258  0.0257  0.0257  0.0259  0.0257  0.0259  0.0258  0.0260  0.0257  0.0258  0.0256  0.0256
  0.0256  0.0256  0.0255  0.0256  0.0255  0.0256  0.0256  0.0256  0.0256  0.0256  0.0255  0.0255
  0.0255  0.0255  0.0255  0.0255  0.0255  0.0255  0.0255  0.0255  0.0255  0.0255  0.0255  0.0255
  0.0256  0.0256  0.0255  0.0256  0.0256  0.0255  0.0256  0.0256  0.0256  0.0256  0.0255  0.0255
  0.0258  0.0258  0.0257  0.0259  0.0257  0.0258  0.0258  0.0260  0.0257  0.0258  0.0256  0.0257
  0.0263  0.0260  0.0259  0.0263  0.0259  0.0263  0.0261  0.0266  0.0260  0.0262  0.0258  0.0258
niter,ni,del,rscale     2    3    5.0000    0.5000
parameters
   -1.2733  -18.3536   12.8421  -11.2794  -18.2121  -11.2724
    2.7805    0.1420   -2.3692   17.9348   -1.6317  -16.2183
eta,q 0.97450 10.11641
  0.0260  0.0259  0.0258  0.0261  0.0258  0.0261  0.0259  0.0263  0.0258  0.0260  0.0257  0.0257
  0.0257  0.0257  0.0256  0.0258  0.0256  0.0258  0.0257  0.0258  0.0257  0.0257  0.0256  0.0256
  0.0256  0.0255  0.0255  0.0256  0.0255  0.0256  0.0255  0.0256  0.0255  0.0255  0.0255  0.0255
  0.0255  0.0255  0.0255  0.0255  0.0255  0.0255  0.0255  0.0255  0.0255  0.0255  0.0255  0.0255
  0.0256  0.0256  0.0255  0.0256  0.0255  0.0255  0.0255  0.0256  0.0255  0.0256  0.0255  0.0255
  0.0257  0.0257  0.0256  0.0258  0.0256  0.0257  0.0257  0.0259  0.0257  0.0257  0.0256  0.0256
  0.0260  0.0259  0.0258  0.0261  0.0258  0.0261  0.0259  0.0263  0.0259  0.0260  0.0257  0.0257
niter,ni,del,rscale     1    3    5.0000    0.4000
parameters
   -1.2780  -18.3673   12.8689  -11.2809  -18.2352  -11.1616
    2.7934    0.1150   -2.3804   17.8995   -1.5792  -16.2327
eta,q 0.97451 10.11913
  0.0258  0.0257  0.0257  0.0259  0.0257  0.0259  0.0258  0.0260  0.0257  0.0258  0.0256  0.0256
  0.0256  0.0256  0.0256  0.0257  0.0256  0.0257  0.0256  0.0257  0.0256  0.0256  0.0256  0.0256
  0.0255  0.0255  0.0255  0.0255  0.0255  0.0256  0.0255  0.0255  0.0255  0.0255  0.0255  0.0255
  0.0255  0.0255  0.0255  0.0255  0.0255  0.0255  0.0255  0.0255  0.0255  0.0255  0.0255  0.0255
  0.0255  0.0255  0.0255  0.0255  0.0255  0.0255  0.0255  0.0256  0.0255  0.0255  0.0255  0.0255
  0.0257  0.0256  0.0256  0.0257  0.0256  0.0256  0.0256  0.0257  0.0256  0.0256  0.0256  0.0256
  0.0258  0.0257  0.0257  0.0259  0.0257  0.0259  0.0258  0.0260  0.0257  0.0258  0.0256  0.0256
registration optimization eta report
parameter search radius
    0.8000    0.8000    0.8000    2.4000    2.4000    2.4000
    2.4000    2.4000    2.4000    2.4000    2.4000    2.4000
100000*second partial in parameter space
       53.       38.       29.        7.        3.        7.
        5.        9.        4.        5.        3.        3.
  0.0258  0.0257  0.0257  0.0259  0.0257  0.0259  0.0258  0.0260  0.0257  0.0258  0.0256  0.0256
  0.0256  0.0256  0.0256  0.0257  0.0256  0.0257  0.0256  0.0257  0.0256  0.0256  0.0256  0.0256
  0.0255  0.0255  0.0255  0.0255  0.0255  0.0256  0.0255  0.0255  0.0255  0.0255  0.0255  0.0255
  0.0255  0.0255  0.0255  0.0255  0.0255  0.0255  0.0255  0.0255  0.0255  0.0255  0.0255  0.0255
  0.0255  0.0255  0.0255  0.0255  0.0255  0.0255  0.0255  0.0256  0.0255  0.0255  0.0255  0.0255
  0.0257  0.0256  0.0256  0.0257  0.0256  0.0256  0.0256  0.0257  0.0256  0.0256  0.0256  0.0256
  0.0258  0.0257  0.0257  0.0259  0.0257  0.0259  0.0258  0.0260  0.0257  0.0258  0.0256  0.0256
   -1.2780  -18.3673   12.8689  -11.2809  -18.2352  -11.1616
    2.7934    0.1150   -2.3804   17.8995   -1.5792  -16.2327
eta,q 0.97451 10.11913

---------------------------------------------------------------------
compute_vox2vox talsrcimg talsrcimg_to_711-2C_as_mni_average_305_t4 /opt/freesurfer/average/711-2C_as_mni_average_305
---------------------------------------------------------------------

freesurfer compute_vox2vox.c
Reading: talsrcimg.4dfp.ifh
Reading: talsrcimg_to_711-2C_as_mni_average_305_t4
Reading: /opt/freesurfer/average/711-2C_as_mni_average_305.4dfp.ifh
Writing: talsrcimg_to_711-2C_as_mni_average_305_t4_vox2vox.txt

start time Sun Mar 8 18:59:30 CET 2026
end		time Sun Mar 8 19:01:07 CET 2026

mpr2mni305 success

avi2talxfm orig_nu.mgz /opt/freesurfer/average/mni305.cor.mgz talsrcimg_to_711-2C_as_mni_average_305_t4_vox2vox.txt transforms/talairach.auto.xfm
avi2talxfm done
mv -f /out/sourcedata/freesurfer/sub-v1s14x0051576_ses-1/mri/talsrcimg_to_711-2C_as_mni_average_305_t4_vox2vox.txt /out/sourcedata/freesurfer/sub-v1s14x0051576_ses-1/mri/transforms/talsrcimg_to_711-2C_as_mni_average_305_t4_vox2vox.txt
lta_convert --src orig_nu.mgz --trg /opt/freesurfer/average/mni305.cor.mgz --inxfm transforms/talairach.auto.xfm --outlta transforms/talairach.auto.xfm.lta --subject fsaverage
7.3.2

--src: orig_nu.mgz src image (geometry).
--trg: /opt/freesurfer/average/mni305.cor.mgz trg image (geometry).
--inmni: transforms/talairach.auto.xfm input MNI/XFM transform.
--outlta: transforms/talairach.auto.xfm.lta output LTA.
--s: fsaverage subject name
 LTA read, type : 1
 1.12626   0.00605  -0.03728   1.72405;
 0.02501   1.08248   0.21405  -27.27708;
 0.02731  -0.23679   1.17508  -21.18903;
 0.00000   0.00000   0.00000   1.00000;
setting subject to fsaverage
Writing  LTA to file transforms/talairach.auto.xfm.lta...
lta_convert successful.
 
 
Started at Sun Mar 8 18:59:29 CET 2026
Ended   at Sun Mar  8 19:01:08 CET 2026
talairach_avi done
