status file for recon-all
Sun Mar  8 17:31:54 CET 2026
#@# MotionCor Sun Mar  8 17:31:56 CET 2026
#@# Talairach Sun Mar  8 17:32:06 CET 2026
#@# Talairach Failure Detection Sun Mar  8 17:36:29 CET 2026
#@# Nu Intensity Correction Sun Mar  8 17:36:29 CET 2026
#@# Intensity Normalization Sun Mar  8 17:39:44 CET 2026
recon-all -s sub-v1s14x0051564_ses-1 finished without error at Sun Mar  8 17:41:07 CET 2026



#New# invocation of recon-all 



status file for recon-all
Sun Mar  8 17:48:53 CET 2026
#@# EM Registration Sun Mar  8 17:48:53 CET 2026
recon-all -s sub-v1s14x0051564_ses-1 finished without error at Sun Mar  8 17:51:15 CET 2026



#New# invocation of recon-all 



status file for recon-all
Sun Mar  8 17:51:17 CET 2026
#@# CA Normalize Sun Mar  8 17:51:17 CET 2026
#@# CA Reg Sun Mar  8 17:52:36 CET 2026
#@# SubCort Seg Sun Mar  8 18:40:09 CET 2026
#@# CC Seg Sun Mar  8 19:14:35 CET 2026
#@# Merge ASeg Sun Mar  8 19:15:11 CET 2026
#@# Intensity Normalization2 Sun Mar  8 19:15:11 CET 2026
#@# Mask BFS Sun Mar  8 19:17:24 CET 2026
#@# WM Segmentation Sun Mar  8 19:17:25 CET 2026
#@# Fill Sun Mar  8 19:19:32 CET 2026
recon-all -s sub-v1s14x0051564_ses-1 finished without error at Sun Mar  8 19:20:33 CET 2026



#New# invocation of recon-all 



status file for recon-all
Sun Mar  8 20:26:11 CET 2026
#@# white curv lh Sun Mar  8 20:26:11 CET 2026
#@# white area lh Sun Mar  8 20:26:11 CET 2026
#@# pial curv lh Sun Mar  8 20:26:11 CET 2026
#@# pial area lh Sun Mar  8 20:26:11 CET 2026
#@# thickness lh Sun Mar  8 20:26:11 CET 2026
#@# area and vertex vol lh Sun Mar  8 20:26:11 CET 2026
#@# white curv rh Sun Mar  8 20:26:11 CET 2026
#@# white area rh Sun Mar  8 20:26:11 CET 2026
#@# pial curv rh Sun Mar  8 20:26:11 CET 2026
#@# pial area rh Sun Mar  8 20:26:11 CET 2026
#@# thickness rh Sun Mar  8 20:26:11 CET 2026
#@# area and vertex vol rh Sun Mar  8 20:26:11 CET 2026
#@# Cortical ribbon mask Sun Mar  8 20:26:11 CET 2026
recon-all -s sub-v1s14x0051564_ses-1 finished without error at Sun Mar  8 20:34:20 CET 2026



#New# invocation of recon-all 



status file for recon-all
Sun Mar  8 20:42:11 CET 2026
#@# white curv lh Sun Mar  8 20:42:11 CET 2026
#@# white area lh Sun Mar  8 20:42:11 CET 2026
#@# pial curv lh Sun Mar  8 20:42:11 CET 2026
#@# pial area lh Sun Mar  8 20:42:11 CET 2026
#@# thickness lh Sun Mar  8 20:42:11 CET 2026
#@# area and vertex vol lh Sun Mar  8 20:42:11 CET 2026
#@# white curv rh Sun Mar  8 20:42:11 CET 2026
#@# white area rh Sun Mar  8 20:42:11 CET 2026
#@# pial curv rh Sun Mar  8 20:42:11 CET 2026
#@# pial area rh Sun Mar  8 20:42:11 CET 2026
#@# thickness rh Sun Mar  8 20:42:11 CET 2026
#@# area and vertex vol rh Sun Mar  8 20:42:11 CET 2026
#@# Curvature Stats lh Sun Mar  8 20:42:11 CET 2026
#@# Curvature Stats rh Sun Mar  8 20:42:14 CET 2026
#@# Relabel Hypointensities Sun Mar  8 20:42:17 CET 2026
#@# APas-to-ASeg Sun Mar  8 20:42:33 CET 2026
#@# AParc-to-ASeg aparc Sun Mar  8 20:42:43 CET 2026
#@# AParc-to-ASeg aparc.a2009s Sun Mar  8 20:43:21 CET 2026
#@# AParc-to-ASeg aparc.DKTatlas Sun Mar  8 20:43:58 CET 2026
#@# WMParc Sun Mar  8 20:44:33 CET 2026
#@# ASeg Stats Sun Mar  8 20:48:20 CET 2026
recon-all -s sub-v1s14x0051564_ses-1 finished without error at Sun Mar  8 20:49:01 CET 2026
