status file for recon-all
Sun Mar  8 19:20:38 CET 2026
#@# Tessellate lh Sun Mar  8 19:20:38 CET 2026
#@# Smooth1 lh Sun Mar  8 19:20:43 CET 2026
#@# Inflation1 lh Sun Mar  8 19:20:46 CET 2026
#@# QSphere lh Sun Mar  8 19:21:03 CET 2026
#@# Fix Topology lh Sun Mar  8 19:22:19 CET 2026
#@# Smooth2 lh Sun Mar  8 19:33:36 CET 2026
#@# Inflation2 lh Sun Mar  8 19:33:39 CET 2026
#@# Curv .H and .K lh Sun Mar  8 19:33:55 CET 2026
#@# Sphere lh Sun Mar  8 19:34:48 CET 2026
#@# Surf Reg lh Sun Mar  8 19:40:04 CET 2026
#@# Jacobian white lh Sun Mar  8 19:45:22 CET 2026
#@# AvgCurv lh Sun Mar  8 19:45:23 CET 2026
#@# Cortical Parc lh Sun Mar  8 19:45:23 CET 2026
#@# white curv lh Sun Mar  8 19:53:06 CET 2026
#@# white area lh Sun Mar  8 19:53:08 CET 2026
#@# pial curv lh Sun Mar  8 19:53:09 CET 2026
#@# pial area lh Sun Mar  8 19:53:11 CET 2026
#@# thickness lh Sun Mar  8 19:53:12 CET 2026
#@# area and vertex vol lh Sun Mar  8 19:53:45 CET 2026
#@# Curvature Stats lh Sun Mar  8 19:53:46 CET 2026
#@# Cortical Parc 2 lh Sun Mar  8 19:53:49 CET 2026
#@# Cortical Parc 3 lh Sun Mar  8 19:54:04 CET 2026
#@# WM/GM Contrast lh Sun Mar  8 19:54:16 CET 2026
recon-all -s sub-v1s14x0051564_ses-1 finished without error at Sun Mar  8 19:54:21 CET 2026



#New# invocation of recon-all 



status file for recon-all
Sun Mar  8 20:34:25 CET 2026
#@# white curv lh Sun Mar  8 20:34:25 CET 2026
#@# white area lh Sun Mar  8 20:34:25 CET 2026
#@# pial curv lh Sun Mar  8 20:34:25 CET 2026
#@# pial area lh Sun Mar  8 20:34:25 CET 2026
#@# thickness lh Sun Mar  8 20:34:25 CET 2026
#@# area and vertex vol lh Sun Mar  8 20:34:25 CET 2026
#@# Parcellation Stats lh Sun Mar  8 20:34:25 CET 2026
#@# Parcellation Stats 2 lh Sun Mar  8 20:34:48 CET 2026
#@# Parcellation Stats 3 lh Sun Mar  8 20:35:00 CET 2026
#@# BA_exvivo Labels lh Sun Mar  8 20:35:12 CET 2026
recon-all -s sub-v1s14x0051564_ses-1 finished without error at Sun Mar  8 20:38:11 CET 2026
