/out/sourcedata/freesurfer/sub-v1s14x0051561_ses-1/mri
/opt/freesurfer/bin/talairach_avi
--i orig_nu.mgz --xfm transforms/talairach.auto.xfm
talairach_avi 7.3.2
Linux dna013 5.14.0-427.37.1.el9_4.x86_64 #1 SMP PREEMPT_DYNAMIC Fri Sep 13 12:41:50 EDT 2024 x86_64 x86_64 x86_64 GNU/Linux
Sun Mar  8 17:21:11 CET 2026
mri_convert orig_nu.mgz talsrcimg.img 
reading from orig_nu.mgz...
TR=0.00, TE=0.00, TI=0.00, flip angle=0.00
i_ras = (-1, -1.16415e-09, 0)
j_ras = (9.31323e-10, 0, -1)
k_ras = (-4.65661e-10, 1, 0)
writing to talsrcimg.img...
Analyze Output Matrix
-1.00000   0.00000  -0.00000   128.68787;
-0.00000   0.00000   1.00000  -110.92313;
 0.00000  -1.00000   0.00000   139.90952;
 0.00000   0.00000   0.00000   1.00000;
--------------------
INFO: set hdr.hist.orient to -1
mpr2mni305 talsrcimg
Sun Mar  8 17:21:12 CET 2026
/opt/freesurfer/bin/mpr2mni305 talsrcimg
mpr2mni305 7.3.2
target=711-2C_as_mni_average_305

---------------------------------------------------------------------
analyzeto4dfp talsrcimg -O0 -y
---------------------------------------------------------------------

freesurfer ifh2hdr.c
Sun Mar  8 17:21:12 2026
Writing: talsrcimg.4dfp.hdr
freesurfer analyzeto4dfp.c
Reading: talsrcimg.hdr
header size 348 bytes
hdr.dime.datatype	offset=70	value=2
hdr.dime.bitpix		offset=72	value=8
hdr.hist.orient		offset=252	value=-1
dimensionality     4
dimensions       256       256       256         1
Reading: talsrcimg.img
Writing: talsrcimg.4dfp.img
Writing: talsrcimg.4dfp.ifh
ifh2hdr talsrcimg -r0to245
ori=2

---------------------------------------------------------------------
gauss_4dfp talsrcimg 1.1
---------------------------------------------------------------------

freesurfer gauss_4dfp.c
Reading: talsrcimg.4dfp.img
Writing: talsrcimg_g11.4dfp.img
image dimensions 256 256 256 padded to 288 288 288
processing volume 1freesurfer ifh2hdr.c
Sun Mar  8 17:21:14 2026
Writing: talsrcimg_g11.4dfp.hdr

Writing: talsrcimg_g11.4dfp.ifh
including: talsrcimg.4dfp.img.rec in talsrcimg_g11.4dfp.img.rec

---------------------------------------------------------------------
imgreg_4dfp /opt/freesurfer/average/711-2C_as_mni_average_305 none talsrcimg_g11 none talsrcimg_to_711-2C_as_mni_average_305_t4 4355
---------------------------------------------------------------------

freesurfer imgreg_4dfp.c
/opt/freesurfer/average/711-2C_as_mni_average_305.4dfp.img
       256       256       256         1
  1.000000  1.000000  1.000000
orientation T byte_order littleendian
Reading image: /opt/freesurfer/average/711-2C_as_mni_average_305.4dfp.img
dimensions:      256       256       256
mmppix:       1.0000   -1.0000   -1.0000
center:     128.0000 -129.0000 -129.0000
talsrcimg_g11.4dfp.img
       256       256       256         1
  1.000000  1.000000  1.000000
orientation T byte_order littleendian
Reading image: talsrcimg_g11.4dfp.img
dimensions:      256       256       256
mmppix:       1.0000   -1.0000   -1.0000
center:     128.0000 -129.0000 -129.0000
t4_read: open error in t4_sub.f l:  41 t4_file(1:l)talsrcimg_to_711-2C_as_mni_average_305_t4 
t4_read: transform initialized to I4
rotation matrix determinant  1.000000
image alignment mode   4355 decimal     1103 hex
   -7.5000  -45.0000  -45.0000 9139.4219   15.3219
    0.0000  -45.0000  -45.0000 9538.6895   15.3305
    7.5000  -45.0000  -45.0000 9097.3936   15.3500
   -7.5000  -37.5000  -45.0000 9532.1035   15.3050
    0.0000  -37.5000  -45.0000 9961.0791   15.3063
    7.5000  -37.5000  -45.0000 9506.0166   15.3354
   -7.5000  -30.0000  -45.000010287.2197   15.3047
    0.0000  -30.0000  -45.000010731.1475   15.2995
    7.5000  -30.0000  -45.000010232.5254   15.3224
   -7.5000  -22.5000  -45.000010984.2383   15.3251
    0.0000  -22.5000  -45.000011442.5576   15.3215
    7.5000  -22.5000  -45.000010897.2314   15.3274
   -7.5000  -15.0000  -45.000011606.9092   15.3447
    0.0000  -15.0000  -45.000012084.3604   15.3491
    7.5000  -15.0000  -45.000011496.4238   15.3444
   -7.5000   -7.5000  -45.000012104.1514   15.3411
    0.0000   -7.5000  -45.000012592.6436   15.3513
    7.5000   -7.5000  -45.000011993.3379   15.3541
   -7.5000    0.0000  -45.000012523.8633   15.3219
    0.0000    0.0000  -45.000013044.9385   15.3305
    7.5000    0.0000  -45.000012404.7402   15.3500
   -7.5000    7.5000  -45.000011976.0352   15.3050
    0.0000    7.5000  -45.000012476.9570   15.3063
    7.5000    7.5000  -45.000011889.2393   15.3354
   -7.5000   15.0000  -45.000011183.9160   15.3047
    0.0000   15.0000  -45.000011645.1318   15.2995
    7.5000   15.0000  -45.000011113.2002   15.3224
   -7.5000   22.5000  -45.000010267.3389   15.3230
    0.0000   22.5000  -45.000010701.0898   15.3194
    7.5000   22.5000  -45.000010190.1270   15.3253
   -7.5000   30.0000  -45.0000 9365.6309   15.1402
    0.0000   30.0000  -45.0000 9749.6641   15.1446
    7.5000   30.0000  -45.0000 9256.1611   15.1399
   -7.5000   37.5000  -45.0000 8874.4814   15.1573
    0.0000   37.5000  -45.0000 9229.6611   15.1676
    7.5000   37.5000  -45.0000 8725.7852   15.1703
   -7.5000   45.0000  -45.0000 7944.3589   14.8426
    0.0000   45.0000  -45.0000 8263.4404   14.8510
    7.5000   45.0000  -45.0000 7811.0068   14.8696
   -7.5000  -45.0000  -37.5000 9680.7441   15.2611
    0.0000  -45.0000  -37.500010109.7617   15.2736
    7.5000  -45.0000  -37.5000 9644.9980   15.2929
   -7.5000  -37.5000  -37.500010132.7148   15.2477
    0.0000  -37.5000  -37.500010572.8398   15.2543
    7.5000  -37.5000  -37.500010083.8848   15.2837
   -7.5000  -30.0000  -37.500010907.8818   15.2443
    0.0000  -30.0000  -37.500011351.0293   15.2431
    7.5000  -30.0000  -37.500010845.6924   15.2657
   -7.5000  -22.5000  -37.500011615.3330   15.2571
    0.0000  -22.5000  -37.500012087.0635   15.2546
    7.5000  -22.5000  -37.500011537.8457   15.2592
   -7.5000  -15.0000  -37.500012236.6025   15.2720
    0.0000  -15.0000  -37.500012736.4414   15.2758
    7.5000  -15.0000  -37.500012144.6797   15.2696
   -7.5000   -7.5000  -37.500012769.9404   15.2727
    0.0000   -7.5000  -37.500013267.1777   15.2837
    7.5000   -7.5000  -37.500012655.9043   15.2853
   -7.5000    0.0000  -37.500013188.4658   15.2611
    0.0000    0.0000  -37.500013703.7744   15.2736
    7.5000    0.0000  -37.500013083.0732   15.2929
   -7.5000    7.5000  -37.500012611.8936   15.2477
    0.0000    7.5000  -37.500013105.1074   15.2543
    7.5000    7.5000  -37.500012515.2578   15.2837
   -7.5000   15.0000  -37.500011794.2539   15.2443
    0.0000   15.0000  -37.500012253.3818   15.2431
    7.5000   15.0000  -37.500011693.0518   15.2657
   -7.5000   22.5000  -37.500010799.0586   15.2550
    0.0000   22.5000  -37.500011227.5273   15.2525
    7.5000   22.5000  -37.500010707.6914   15.2571
   -7.5000   30.0000  -37.5000 9811.5537   15.0685
    0.0000   30.0000  -37.500010196.3154   15.0723
    7.5000   30.0000  -37.5000 9698.5957   15.0661
   -7.5000   37.5000  -37.5000 9247.5098   15.0902
    0.0000   37.5000  -37.5000 9612.0820   15.1012
    7.5000   37.5000  -37.5000 9095.4697   15.1029
   -7.5000   45.0000  -37.5000 8284.0771   14.7848
    0.0000   45.0000  -37.5000 8623.3584   14.7975
    7.5000   45.0000  -37.5000 8162.1348   14.8161
   -7.5000  -45.0000  -30.000010378.1719   15.8796
    0.0000  -45.0000  -30.000010840.4541   15.8906
    7.5000  -45.0000  -30.000010339.5312   15.9155
   -7.5000  -37.5000  -30.000010854.0098   15.8685
    0.0000  -37.5000  -30.000011331.6455   15.8756
    7.5000  -37.5000  -30.000010819.2783   15.9106
   -7.5000  -30.0000  -30.000011650.7783   15.8709
    0.0000  -30.0000  -30.000012143.6982   15.8695
    7.5000  -30.0000  -30.000011594.5537   15.8966
   -7.5000  -22.5000  -30.000012444.9678   15.8871
    0.0000  -22.5000  -30.000012951.0166   15.8818
    7.5000  -22.5000  -30.000012354.5957   15.8897
   -7.5000  -15.0000  -30.000013117.7617   15.9002
    0.0000  -15.0000  -30.000013643.3076   15.8987
    7.5000  -15.0000  -30.000013019.0957   15.8956
   -7.5000   -7.5000  -30.000013664.3330   15.8951
    0.0000   -7.5000  -30.000014205.4941   15.9015
    7.5000   -7.5000  -30.000013552.3369   15.9075
   -7.5000    0.0000  -30.000014090.4932   15.8796
    0.0000    0.0000  -30.000014622.3467   15.8906
    7.5000    0.0000  -30.000013966.9062   15.9155
   -7.5000    7.5000  -30.000013478.3389   15.8685
    0.0000    7.5000  -30.000013974.0537   15.8756
    7.5000    7.5000  -30.000013339.7607   15.9106
   -7.5000   15.0000  -30.000012597.4453   15.8709
    0.0000   15.0000  -30.000013060.5898   15.8695
    7.5000   15.0000  -30.000012476.6875   15.8966
   -7.5000   22.5000  -30.000011523.6514   15.8833
    0.0000   22.5000  -30.000011958.5010   15.8780
    7.5000   22.5000  -30.000011439.2158   15.8858
   -7.5000   30.0000  -30.000010446.3643   15.6898
    0.0000   30.0000  -30.000010853.0674   15.6884
    7.5000   30.0000  -30.000010355.1436   15.6853
   -7.5000   37.5000  -30.0000 9809.3447   15.7070
    0.0000   37.5000  -30.000010176.6436   15.7132
    7.5000   37.5000  -30.0000 9667.6270   15.7192
   -7.5000   45.0000  -30.0000 8758.1631   15.3961
    0.0000   45.0000  -30.0000 9115.9893   15.4074
    7.5000   45.0000  -30.0000 8633.9561   15.4317
   -7.5000  -45.0000  -22.500011093.1641   16.3866
    0.0000  -45.0000  -22.500011567.9277   16.3893
    7.5000  -45.0000  -22.500011032.8545   16.4200
   -7.5000  -37.5000  -22.500011609.5879   16.3762
    0.0000  -37.5000  -22.500012118.4941   16.3750
    7.5000  -37.5000  -22.500011554.5703   16.4146
   -7.5000  -30.0000  -22.500012441.6777   16.3901
    0.0000  -30.0000  -22.500012978.9189   16.3812
    7.5000  -30.0000  -22.500012371.0469   16.4123
   -7.5000  -22.5000  -22.500013276.5283   16.4185
    0.0000  -22.5000  -22.500013832.8291   16.4065
    7.5000  -22.5000  -22.500013165.4365   16.4188
   -7.5000  -15.0000  -22.500013974.7676   16.4327
    0.0000  -15.0000  -22.500014540.1807   16.4245
    7.5000  -15.0000  -22.500013858.8994   16.4266
   -7.5000   -7.5000  -22.500014578.3408   16.4145
    0.0000   -7.5000  -22.500015156.3438   16.4135
    7.5000   -7.5000  -22.500014434.6992   16.4253
   -7.5000    0.0000  -22.500015012.3789   16.3866
    0.0000    0.0000  -22.500015585.0781   16.3893
    7.5000    0.0000  -22.500014850.6533   16.4200
   -7.5000    7.5000  -22.500014304.5703   16.3762
    0.0000    7.5000  -22.500014820.5752   16.3750
    7.5000    7.5000  -22.500014122.9414   16.4146
   -7.5000   15.0000  -22.500013374.0742   16.3901
    0.0000   15.0000  -22.500013858.4531   16.3812
    7.5000   15.0000  -22.500013226.0264   16.4123
   -7.5000   22.5000  -22.500012230.0391   16.4135
    0.0000   22.5000  -22.500012682.5273   16.4014
    7.5000   22.5000  -22.500012124.5508   16.4137
   -7.5000   30.0000  -22.500011093.7959   16.2177
    0.0000   30.0000  -22.500011507.8730   16.2097
    7.5000   30.0000  -22.500010979.9951   16.2117
   -7.5000   37.5000  -22.500010385.4980   16.2226
    0.0000   37.5000  -22.500010766.9355   16.2214
    7.5000   37.5000  -22.500010243.7568   16.2330
   -7.5000   45.0000  -22.5000 9257.4014   15.8985
    0.0000   45.0000  -22.5000 9626.2441   15.9013
    7.5000   45.0000  -22.5000 9120.9863   15.9314
   -7.5000  -45.0000  -15.000011735.8018   16.7619
    0.0000  -45.0000  -15.000012232.5986   16.7590
    7.5000  -45.0000  -15.000011655.3643   16.7902
   -7.5000  -37.5000  -15.000012321.5752   16.7504
    0.0000  -37.5000  -15.000012873.3447   16.7417
    7.5000  -37.5000  -15.000012235.3516   16.7813
   -7.5000  -30.0000  -15.000013252.8105   16.7687
    0.0000  -30.0000  -15.000013830.7012   16.7530
    7.5000  -30.0000  -15.000013151.4795   16.7841
   -7.5000  -22.5000  -15.000014076.5361   16.8040
    0.0000  -22.5000  -15.000014685.5352   16.7877
    7.5000  -22.5000  -15.000013973.4180   16.8007
   -7.5000  -15.0000  -15.000014825.3018   16.8205
    0.0000  -15.0000  -15.000015438.5898   16.8104
    7.5000  -15.0000  -15.000014659.7021   16.8132
   -7.5000   -7.5000  -15.000015484.8115   16.7966
    0.0000   -7.5000  -15.000016107.0381   16.7929
    7.5000   -7.5000  -15.000015286.3359   16.8055
   -7.5000    0.0000  -15.000015930.3047   16.7619
    0.0000    0.0000  -15.000016562.0820   16.7590
    7.5000    0.0000  -15.000015699.0010   16.7902
   -7.5000    7.5000  -15.000015112.1094   16.7504
    0.0000    7.5000  -15.000015686.9639   16.7417
    7.5000    7.5000  -15.000014892.7207   16.7813
   -7.5000   15.0000  -15.000014119.9854   16.7687
    0.0000   15.0000  -15.000014641.0186   16.7530
    7.5000   15.0000  -15.000013957.9678   16.7841
   -7.5000   22.5000  -15.000012935.8066   16.7981
    0.0000   22.5000  -15.000013420.6621   16.7817
    7.5000   22.5000  -15.000012791.9756   16.7948
   -7.5000   30.0000  -15.000011769.4893   16.6028
    0.0000   30.0000  -15.000012222.8525   16.5928
    7.5000   30.0000  -15.000011617.2285   16.5956
   -7.5000   37.5000  -15.000011012.2881   16.6020
    0.0000   37.5000  -15.000011426.4795   16.5983
    7.5000   37.5000  -15.000010843.3838   16.6106
   -7.5000   45.0000  -15.0000 9815.4189   16.2712
    0.0000   45.0000  -15.000010190.2295   16.2679
    7.5000   45.0000  -15.0000 9636.7949   16.2984
   -7.5000  -45.0000   -7.500012377.4531   16.9833
    0.0000  -45.0000   -7.500012908.5137   16.9836
    7.5000  -45.0000   -7.500012264.4785   17.0089
   -7.5000  -37.5000   -7.500013021.4326   16.9696
    0.0000  -37.5000   -7.500013580.8652   16.9623
    7.5000  -37.5000   -7.500012887.6797   16.9971
   -7.5000  -30.0000   -7.500014084.1455   16.9801
    0.0000  -30.0000   -7.500014720.3584   16.9661
    7.5000  -30.0000   -7.500013933.7041   16.9938
   -7.5000  -22.5000   -7.500015018.9121   17.0096
    0.0000  -22.5000   -7.500015686.7744   16.9970
    7.5000  -22.5000   -7.500014842.6572   17.0066
   -7.5000  -15.0000   -7.500015777.5938   17.0275
    0.0000  -15.0000   -7.500016433.3203   17.0234
    7.5000  -15.0000   -7.500015514.1289   17.0219
   -7.5000   -7.5000   -7.500016478.1250   17.0118
    0.0000   -7.5000   -7.500017132.4844   17.0138
    7.5000   -7.5000   -7.500016147.2334   17.0208
   -7.5000    0.0000   -7.500016943.6992   16.9833
    0.0000    0.0000   -7.500017613.1582   16.9836
    7.5000    0.0000   -7.500016595.2129   17.0089
   -7.5000    7.5000   -7.500016025.5400   16.9696
    0.0000    7.5000   -7.500016642.5391   16.9623
    7.5000    7.5000   -7.500015711.2539   16.9971
   -7.5000   15.0000   -7.500014944.1660   16.9801
    0.0000   15.0000   -7.500015506.7412   16.9661
    7.5000   15.0000   -7.500014700.0918   16.9938
   -7.5000   22.5000   -7.500013725.3652   17.0017
    0.0000   22.5000   -7.500014232.6182   16.9892
    7.5000   22.5000   -7.500013508.0771   16.9988
   -7.5000   30.0000   -7.500012528.6514   16.8067
    0.0000   30.0000   -7.500013005.3613   16.8027
    7.5000   30.0000   -7.500012301.2881   16.8011
   -7.5000   37.5000   -7.500011710.1084   16.8137
    0.0000   37.5000   -7.500012169.3330   16.8159
    7.5000   37.5000   -7.500011475.5967   16.8227
   -7.5000   45.0000   -7.500010417.3164   16.4884
    0.0000   45.0000   -7.500010805.3174   16.4882
    7.5000   45.0000   -7.500010183.0059   16.5126
   -7.5000  -45.0000    0.000012960.1699   17.0573
    0.0000  -45.0000    0.000013494.5137   17.0657
    7.5000  -45.0000    0.000012824.2949   17.0862
   -7.5000  -37.5000    0.000013627.6523   17.0414
    0.0000  -37.5000    0.000014171.2754   17.0415
    7.5000  -37.5000    0.000013433.4980   17.0726
   -7.5000  -30.0000    0.000014855.0107   17.0411
    0.0000  -30.0000    0.000015506.0371   17.0338
    7.5000  -30.0000    0.000014588.5352   17.0583
   -7.5000  -22.5000    0.000016036.3438   17.0606
    0.0000  -22.5000    0.000016811.9316   17.0552
    7.5000  -22.5000    0.000015707.1172   17.0610
   -7.5000  -15.0000    0.000016908.3301   17.0792
    0.0000  -15.0000    0.000017699.5371   17.0829
    7.5000  -15.0000    0.000016437.6484   17.0769
   -7.5000   -7.5000    0.000017550.1426   17.0757
    0.0000   -7.5000    0.000018258.4102   17.0858
    7.5000   -7.5000    0.000017003.5273   17.0878
   -7.5000    0.0000    0.000017909.1719   17.0573
    0.0000    0.0000    0.000018598.9922   17.0657
    7.5000    0.0000    0.000017359.0000   17.0862
   -7.5000    7.5000    0.000016844.6211   17.0414
    0.0000    7.5000    0.000017475.4082   17.0415
    7.5000    7.5000    0.000016388.7715   17.0726
   -7.5000   15.0000    0.000015675.5625   17.0411
    0.0000   15.0000    0.000016243.3799   17.0338
    7.5000   15.0000    0.000015308.3789   17.0583
   -7.5000   22.5000    0.000014391.6045   17.0528
    0.0000   22.5000    0.000014893.3574   17.0473
    7.5000   22.5000    0.000014063.9688   17.0531
   -7.5000   30.0000    0.000013139.0029   16.8582
    0.0000   30.0000    0.000013612.7451   16.8618
    7.5000   30.0000    0.000012832.1865   16.8559
   -7.5000   37.5000    0.000012260.4404   16.8775
    0.0000   37.5000    0.000012749.9404   16.8877
    7.5000   37.5000    0.000012015.5098   16.8898
   -7.5000   45.0000    0.000010915.2510   16.5620
    0.0000   45.0000    0.000011342.0156   16.5703
    7.5000   45.0000    0.000010672.7725   16.5898
   -7.5000  -45.0000    7.500012555.7285   17.0732
    0.0000  -45.0000    7.500013118.9004   17.0872
    7.5000  -45.0000    7.500012398.9170   17.1089
   -7.5000  -37.5000    7.500013147.7764   17.0580
    0.0000  -37.5000    7.500013744.1240   17.0655
    7.5000  -37.5000    7.500012965.9277   17.0984
   -7.5000  -30.0000    7.500014374.6875   17.0539
    0.0000  -30.0000    7.500015098.2100   17.0524
    7.5000  -30.0000    7.500014072.8760   17.0777
   -7.5000  -22.5000    7.500015719.3818   17.0677
    0.0000  -22.5000    7.500016671.6074   17.0649
    7.5000  -22.5000    7.500015213.9072   17.0701
   -7.5000  -15.0000    7.500016716.4316   17.0845
    0.0000  -15.0000    7.500017669.6211   17.0888
    7.5000  -15.0000    7.500016096.8643   17.0818
   -7.5000   -7.5000    7.500017218.9492   17.0858
    0.0000   -7.5000    7.500018027.5312   17.0982
    7.5000   -7.5000    7.500016622.2539   17.1000
   -7.5000    0.0000    7.500017497.3613   17.0732
    0.0000    0.0000    7.500018180.1797   17.0872
    7.5000    0.0000    7.500016908.9746   17.1089
   -7.5000    7.5000    7.500016384.4277   17.0580
    0.0000    7.5000    7.500016959.9395   17.0655
    7.5000    7.5000    7.500015879.1963   17.0984
   -7.5000   15.0000    7.500015204.8125   17.0539
    0.0000   15.0000    7.500015716.3789   17.0524
    7.5000   15.0000    7.500014802.9844   17.0777
   -7.5000   22.5000    7.500013941.3281   17.0599
    0.0000   22.5000    7.500014395.1455   17.0571
    7.5000   22.5000    7.500013602.6416   17.0622
   -7.5000   30.0000    7.500012738.4238   16.8634
    0.0000   30.0000    7.500013157.4717   16.8676
    7.5000   30.0000    7.500012444.4971   16.8607
   -7.5000   37.5000    7.500011882.2637   16.8882
    0.0000   37.5000    7.500012319.9111   16.9005
    7.5000   37.5000    7.500011634.8643   16.9024
   -7.5000   45.0000    7.500010573.4316   16.5793
    0.0000   45.0000    7.500010966.1455   16.5935
    7.5000   45.0000    7.500010336.5049   16.6145
   -7.5000  -45.0000   15.000012007.0684   17.0520
    0.0000  -45.0000   15.000012537.1592   17.0639
    7.5000  -45.0000   15.000011825.9795   17.0907
   -7.5000  -37.5000   15.000012573.4131   17.0402
    0.0000  -37.5000   15.000013084.4248   17.0478
    7.5000  -37.5000   15.000012366.9150   17.0854
   -7.5000  -30.0000   15.000013751.9385   17.0427
    0.0000  -30.0000   15.000014304.4141   17.0413
    7.5000  -30.0000   15.000013411.1260   17.0704
   -7.5000  -22.5000   15.000014901.3301   17.0601
    0.0000  -22.5000   15.000015587.4385   17.0544
    7.5000  -22.5000   15.000014427.7578   17.0629
   -7.5000  -15.0000   15.000015690.4336   17.0742
    0.0000  -15.0000   15.000016388.5820   17.0726
    7.5000  -15.0000   15.000015309.3896   17.0693
   -7.5000   -7.5000   15.000016248.3545   17.0688
    0.0000   -7.5000   15.000016887.4395   17.0756
    7.5000   -7.5000   15.000015899.7500   17.0820
   -7.5000    0.0000   15.000016719.3691   17.0520
    0.0000    0.0000   15.000017306.5742   17.0639
    7.5000    0.0000   15.000016271.8516   17.0907
   -7.5000    7.5000   15.000015747.7412   17.0402
    0.0000    7.5000   15.000016271.2178   17.0478
    7.5000    7.5000   15.000015288.9609   17.0854
   -7.5000   15.0000   15.000014551.0869   17.0427
    0.0000   15.0000   15.000015048.6748   17.0413
    7.5000   15.0000   15.000014171.1309   17.0704
   -7.5000   22.5000   15.000013323.3809   17.0523
    0.0000   22.5000   15.000013770.0098   17.0466
    7.5000   22.5000   15.000012966.0820   17.0550
   -7.5000   30.0000   15.000012134.2129   16.8532
    0.0000   30.0000   15.000012563.2285   16.8517
    7.5000   30.0000   15.000011838.7793   16.8484
   -7.5000   37.5000   15.000011336.7197   16.8717
    0.0000   37.5000   15.000011767.3330   16.8783
    7.5000   37.5000   15.000011109.6377   16.8848
   -7.5000   45.0000   15.000010063.7832   16.5596
    0.0000   45.0000   15.000010453.3936   16.5718
    7.5000   45.0000   15.0000 9855.4980   16.5980
   -7.5000  -45.0000   22.500011241.1660   17.0152
    0.0000  -45.0000   22.500011693.8877   17.0180
    7.5000  -45.0000   22.500011087.2988   17.0499
   -7.5000  -37.5000   22.500011791.5732   17.0046
    0.0000  -37.5000   22.500012225.2168   17.0033
    7.5000  -37.5000   22.500011615.0664   17.0445
   -7.5000  -30.0000   22.500012862.4854   17.0191
    0.0000  -30.0000   22.500013379.0391   17.0098
    7.5000  -30.0000   22.500012598.9307   17.0421
   -7.5000  -22.5000   22.500013809.2764   17.0486
    0.0000  -22.5000   22.500014438.6553   17.0361
    7.5000  -22.5000   22.500013548.8311   17.0488
   -7.5000  -15.0000   22.500014484.9922   17.0631
    0.0000  -15.0000   22.500015119.7822   17.0546
    7.5000  -15.0000   22.500014300.5010   17.0568
   -7.5000   -7.5000   22.500015104.9668   17.0442
    0.0000   -7.5000   22.500015684.3691   17.0431
    7.5000   -7.5000   22.500014884.5693   17.0554
   -7.5000    0.0000   22.500015651.4160   17.0152
    0.0000    0.0000   22.500016218.0107   17.0180
    7.5000    0.0000   22.500015321.6494   17.0499
   -7.5000    7.5000   22.500014811.4883   17.0046
    0.0000    7.5000   22.500015308.7793   17.0033
    7.5000    7.5000   22.500014448.7412   17.0445
   -7.5000   15.0000   22.500013724.3711   17.0191
    0.0000   15.0000   22.500014163.1270   17.0098
    7.5000   15.0000   22.500013391.4736   17.0421
   -7.5000   22.5000   22.500012575.3975   17.0407
    0.0000   22.5000   22.500012995.3008   17.0282
    7.5000   22.5000   22.500012254.4658   17.0409
   -7.5000   30.0000   22.500011471.5029   16.8423
    0.0000   30.0000   22.500011863.5801   16.8339
    7.5000   30.0000   22.500011193.6377   16.8360
   -7.5000   37.5000   22.500010690.2949   16.8473
    0.0000   37.5000   22.500011088.5439   16.8460
    7.5000   37.5000   22.500010454.6572   16.8581
   -7.5000   45.0000   22.5000 9456.2617   16.5229
    0.0000   45.0000   22.5000 9815.2109   16.5257
    7.5000   45.0000   22.5000 9260.8887   16.5570
   -7.5000  -45.0000   30.000010418.3174   17.1759
    0.0000  -45.0000   30.000010844.9609   17.1728
    7.5000  -45.0000   30.000010290.4902   17.2053
   -7.5000  -37.5000   30.000010960.3838   17.1638
    0.0000  -37.5000   30.000011399.1299   17.1546
    7.5000  -37.5000   30.000010823.4385   17.1956
   -7.5000  -30.0000   30.000011933.8193   17.1832
    0.0000  -30.0000   30.000012446.8633   17.1667
    7.5000  -30.0000   30.000011777.7686   17.1989
   -7.5000  -22.5000   30.000012761.0654   17.2205
    0.0000  -22.5000   30.000013304.6191   17.2035
    7.5000  -22.5000   30.000012624.9160   17.2170
   -7.5000  -15.0000   30.000013414.1738   17.2379
    0.0000  -15.0000   30.000013918.6465   17.2275
    7.5000  -15.0000   30.000013283.5283   17.2307
   -7.5000   -7.5000   30.000014066.6934   17.2126
    0.0000   -7.5000   30.000014569.3701   17.2088
    7.5000   -7.5000   30.000013872.9551   17.2222
   -7.5000    0.0000   30.000014560.5889   17.1759
    0.0000    0.0000   30.000015073.4932   17.1728
    7.5000    0.0000   30.000014288.5723   17.2053
   -7.5000    7.5000   30.000013770.1084   17.1638
    0.0000    7.5000   30.000014223.9678   17.1546
    7.5000    7.5000   30.000013475.6074   17.1956
   -7.5000   15.0000   30.000012762.4336   17.1832
    0.0000   15.0000   30.000013193.2236   17.1667
    7.5000   15.0000   30.000012498.9033   17.1989
   -7.5000   22.5000   30.000011716.7334   17.2126
    0.0000   22.5000   30.000012123.9473   17.1956
    7.5000   22.5000   30.000011450.3682   17.2091
   -7.5000   30.0000   30.000010716.3115   17.0148
    0.0000   30.0000   30.000011094.7754   17.0046
    7.5000   30.0000   30.000010461.8633   17.0077
   -7.5000   37.5000   30.0000 9923.0645   17.0134
    0.0000   37.5000   30.000010285.4678   17.0097
    7.5000   37.5000   30.0000 9732.7607   17.0227
   -7.5000   45.0000   30.0000 8757.8682   16.6788
    0.0000   45.0000   30.0000 9099.1562   16.6753
    7.5000   45.0000   30.0000 8599.6934   16.7071
   -7.5000  -45.0000   37.500010041.4814   17.5457
    0.0000  -45.0000   37.500010458.5059   17.5463
    7.5000  -45.0000   37.5000 9944.0811   17.5750
   -7.5000  -37.5000   37.500010563.8242   17.5313
    0.0000  -37.5000   37.500011007.8359   17.5237
    7.5000  -37.5000   37.500010459.9805   17.5623
   -7.5000  -30.0000   37.500011471.9873   17.5449
    0.0000  -30.0000   37.500011968.2539   17.5303
    7.5000  -30.0000   37.500011368.8467   17.5609
   -7.5000  -22.5000   37.500012252.3770   17.5787
    0.0000  -22.5000   37.500012745.6572   17.5659
    7.5000  -22.5000   37.500012137.7256   17.5769
   -7.5000  -15.0000   37.500012866.8975   17.5981
    0.0000  -15.0000   37.500013345.4795   17.5943
    7.5000  -15.0000   37.500012746.2539   17.5935
   -7.5000   -7.5000   37.500013500.2793   17.5788
    0.0000   -7.5000   37.500013995.4746   17.5814
    7.5000   -7.5000   37.500013356.1318   17.5901
   -7.5000    0.0000   37.500014011.0469   17.5457
    0.0000    0.0000   37.500014506.8770   17.5463
    7.5000    0.0000   37.500013796.6738   17.5750
   -7.5000    7.5000   37.500013253.1875   17.5313
    0.0000    7.5000   37.500013711.6367   17.5237
    7.5000    7.5000   37.500013004.6445   17.5623
   -7.5000   15.0000   37.500012307.9893   17.5449
    0.0000   15.0000   37.500012715.1260   17.5303
    7.5000   15.0000   37.500012031.9385   17.5609
   -7.5000   22.5000   37.500011312.4004   17.5706
    0.0000   22.5000   37.500011698.1143   17.5578
    7.5000   22.5000   37.500011052.9443   17.5688
   -7.5000   30.0000   37.500010316.2031   17.3704
    0.0000   30.0000   37.500010686.9014   17.3666
    7.5000   30.0000   37.500010109.4043   17.3658
   -7.5000   37.5000   37.5000 9515.1416   17.3720
    0.0000   37.5000   37.5000 9877.8965   17.3748
    7.5000   37.5000   37.5000 9370.9277   17.3833
   -7.5000   45.0000   37.5000 8378.8135   17.0299
    0.0000   45.0000   37.5000 8704.3594   17.0299
    7.5000   45.0000   37.5000 8252.4121   17.0575
   -7.5000  -45.0000   45.0000 9253.5791   17.9605
    0.0000  -45.0000   45.0000 9645.4844   17.9727
    7.5000  -45.0000   45.0000 9180.6240   17.9949
   -7.5000  -37.5000   45.0000 9712.0811   17.9424
    0.0000  -37.5000   45.000010122.3945   17.9457
    7.5000  -37.5000   45.0000 9625.0186   17.9800
   -7.5000  -30.0000   45.000010527.9619   17.9445
    0.0000  -30.0000   45.000010974.5615   17.9395
    7.5000  -30.0000   45.000010432.8945   17.9669
   -7.5000  -22.5000   45.000011235.4971   17.9691
    0.0000  -22.5000   45.000011683.2070   17.9657
    7.5000  -22.5000   45.000011118.5371   17.9726
   -7.5000  -15.0000   45.000011814.0449   17.9904
    0.0000  -15.0000   45.000012255.0205   17.9970
    7.5000  -15.0000   45.000011696.1982   17.9903
   -7.5000   -7.5000   45.000012405.9863   17.9840
    0.0000   -7.5000   45.000012868.6924   17.9979
    7.5000   -7.5000   45.000012267.0479   17.9997
   -7.5000    0.0000   45.000012869.8506   17.9605
    0.0000    0.0000   45.000013344.1963   17.9727
    7.5000    0.0000   45.000012707.1709   17.9949
   -7.5000    7.5000   45.000012193.5879   17.9424
    0.0000    7.5000   45.000012623.4746   17.9457
    7.5000    7.5000   45.000011991.3604   17.9800
   -7.5000   15.0000   45.000011305.0996   17.9445
    0.0000   15.0000   45.000011704.2471   17.9395
    7.5000   15.0000   45.000011085.6680   17.9669
   -7.5000   22.5000   45.000010387.4229   17.9608
    0.0000   22.5000   45.000010767.8564   17.9574
    7.5000   22.5000   45.000010182.8379   17.9643
   -7.5000   30.0000   45.0000 9467.2314   17.7561
    0.0000   30.0000   45.0000 9818.3408   17.7625
    7.5000   30.0000   45.0000 9299.1611   17.7560
   -7.5000   37.5000   45.0000 8739.0566   17.7610
    0.0000   37.5000   45.0000 9078.5986   17.7748
    7.5000   37.5000   45.0000 8616.0137   17.7767
   -7.5000   45.0000   45.0000 7713.7983   17.4215
    0.0000   45.0000   45.0000 8020.2236   17.4333
    7.5000   45.0000   45.0000 7607.9043   17.4545

---------------------------------------------------------------------
imgreg_4dfp /opt/freesurfer/average/711-2C_as_mni_average_305 /opt/freesurfer/average/711-2B_as_mni_average_305_mask talsrcimg_g11 none talsrcimg_to_711-2C_as_mni_average_305_t4 4355
---------------------------------------------------------------------

freesurfer imgreg_4dfp.c
/opt/freesurfer/average/711-2C_as_mni_average_305.4dfp.img
       256       256       256         1
  1.000000  1.000000  1.000000
orientation T byte_order littleendian
Reading image: /opt/freesurfer/average/711-2C_as_mni_average_305.4dfp.img
dimensions:      256       256       256
mmppix:       1.0000   -1.0000   -1.0000
center:     128.0000 -129.0000 -129.0000
/opt/freesurfer/average/711-2B_as_mni_average_305_mask.4dfp.img
       256       256       256         1
  1.000000  1.000000  1.000000
orientation T byte_order littleendian
Reading mask: /opt/freesurfer/average/711-2B_as_mni_average_305_mask.4dfp.img (2306576 pixels)
talsrcimg_g11.4dfp.img
       256       256       256         1
  1.000000  1.000000  1.000000
orientation T byte_order littleendian
Reading image: talsrcimg_g11.4dfp.img
dimensions:      256       256       256
mmppix:       1.0000   -1.0000   -1.0000
center:     128.0000 -129.0000 -129.0000
rotation matrix determinant  1.000000
image alignment mode   4355 decimal     1103 hex
   -7.5000  -45.0000  -45.0000 2337.9294   15.4119
    0.0000  -45.0000  -45.0000 2350.4182   15.3191
    7.5000  -45.0000  -45.0000 2331.6768   15.4924
   -7.5000  -37.5000  -45.0000 2379.4324   14.6020
    0.0000  -37.5000  -45.0000 2397.5635   14.5345
    7.5000  -37.5000  -45.0000 2375.8811   14.6924
   -7.5000  -30.0000  -45.0000 2407.3379   14.0981
    0.0000  -30.0000  -45.0000 2428.1140   13.9876
    7.5000  -30.0000  -45.0000 2400.2944   14.1586
   -7.5000  -22.5000  -45.0000 2416.6760   13.8724
    0.0000  -22.5000  -45.0000 2432.2393   13.7453
    7.5000  -22.5000  -45.0000 2410.3372   13.8861
   -7.5000  -15.0000  -45.0000 2414.0691   13.9194
    0.0000  -15.0000  -45.0000 2432.3953   13.7783
    7.5000  -15.0000  -45.0000 2407.2866   13.9316
   -7.5000   -7.5000  -45.0000 2392.5149   14.2415
    0.0000   -7.5000  -45.0000 2407.7244   14.1147
    7.5000   -7.5000  -45.0000 2383.7188   14.2775
   -7.5000    0.0000  -45.0000 2353.2874   14.8196
    0.0000    0.0000  -45.0000 2369.4661   14.7299
    7.5000    0.0000  -45.0000 2345.0554   14.9044
   -7.5000    7.5000  -45.0000 2302.1458   15.5912
    0.0000    7.5000  -45.0000 2319.7495   15.5177
    7.5000    7.5000  -45.0000 2295.5693   15.6984
   -7.5000   15.0000  -45.0000 2229.6257   16.6117
    0.0000   15.0000  -45.0000 2245.3933   16.5222
    7.5000   15.0000  -45.0000 2225.6169   16.7460
   -7.5000   22.5000  -45.0000 2140.1016   18.0820
    0.0000   22.5000  -45.0000 2154.2561   17.9828
    7.5000   22.5000  -45.0000 2132.1841   18.1704
   -7.5000   30.0000  -45.0000 2032.2351   20.0264
    0.0000   30.0000  -45.0000 2040.2870   19.9959
    7.5000   30.0000  -45.0000 2017.7612   20.1756
   -7.5000   37.5000  -45.0000 1920.0345   22.6380
    0.0000   37.5000  -45.0000 1926.9904   22.5921
    7.5000   37.5000  -45.0000 1904.1283   22.7603
   -7.5000   45.0000  -45.0000 1787.6027   25.7932
    0.0000   45.0000  -45.0000 1794.7679   25.7151
    7.5000   45.0000  -45.0000 1777.1700   25.9914
   -7.5000  -45.0000  -37.5000 2428.6914   14.4893
    0.0000  -45.0000  -37.5000 2442.6755   14.4174
    7.5000  -45.0000  -37.5000 2420.9463   14.5787
   -7.5000  -37.5000  -37.5000 2476.2690   13.6784
    0.0000  -37.5000  -37.5000 2494.4475   13.6052
    7.5000  -37.5000  -37.5000 2468.7148   13.7745
   -7.5000  -30.0000  -37.5000 2507.9517   13.1791
    0.0000  -30.0000  -37.5000 2522.0115   13.0514
    7.5000  -30.0000  -37.5000 2501.3394   13.2461
   -7.5000  -22.5000  -37.5000 2513.7703   12.9282
    0.0000  -22.5000  -37.5000 2531.2546   12.7952
    7.5000  -22.5000  -37.5000 2509.7087   12.9773
   -7.5000  -15.0000  -37.5000 2509.2832   12.9200
    0.0000  -15.0000  -37.5000 2526.9768   12.8076
    7.5000  -15.0000  -37.5000 2502.7920   12.9792
   -7.5000   -7.5000  -37.5000 2492.9448   13.1748
    0.0000   -7.5000  -37.5000 2511.4331   13.0691
    7.5000   -7.5000  -37.5000 2486.0730   13.2409
   -7.5000    0.0000  -37.5000 2455.2983   13.6584
    0.0000    0.0000  -37.5000 2471.7617   13.5739
    7.5000    0.0000  -37.5000 2449.2363   13.7672
   -7.5000    7.5000  -37.5000 2402.6206   14.3661
    0.0000    7.5000  -37.5000 2419.2024   14.2690
    7.5000    7.5000  -37.5000 2395.2019   14.4896
   -7.5000   15.0000  -37.5000 2325.2429   15.3126
    0.0000   15.0000  -37.5000 2341.4004   15.2268
    7.5000   15.0000  -37.5000 2314.7971   15.4310
   -7.5000   22.5000  -37.5000 2227.2571   16.6754
    0.0000   22.5000  -37.5000 2243.3506   16.5733
    7.5000   22.5000  -37.5000 2221.2500   16.8026
   -7.5000   30.0000  -37.5000 2115.5222   18.4711
    0.0000   30.0000  -37.5000 2121.8464   18.4123
    7.5000   30.0000  -37.5000 2102.2815   18.5802
   -7.5000   37.5000  -37.5000 1992.8009   20.7977
    0.0000   37.5000  -37.5000 1999.4965   20.7327
    7.5000   37.5000  -37.5000 1974.6167   20.8916
   -7.5000   45.0000  -37.5000 1863.2338   23.6959
    0.0000   45.0000  -37.5000 1871.5974   23.6179
    7.5000   45.0000  -37.5000 1851.4165   23.8500
   -7.5000  -45.0000  -30.0000 2545.1230   14.0879
    0.0000  -45.0000  -30.0000 2560.6028   14.0214
    7.5000  -45.0000  -30.0000 2540.0000   14.1821
   -7.5000  -37.5000  -30.0000 2604.4385   13.2438
    0.0000  -37.5000  -30.0000 2621.7749   13.1520
    7.5000  -37.5000  -30.0000 2601.1292   13.3350
   -7.5000  -30.0000  -30.0000 2640.5081   12.6942
    0.0000  -30.0000  -30.0000 2657.5386   12.5718
    7.5000  -30.0000  -30.0000 2636.4434   12.7552
   -7.5000  -22.5000  -30.0000 2657.7200   12.4336
    0.0000  -22.5000  -30.0000 2677.5652   12.3147
    7.5000  -22.5000  -30.0000 2650.5300   12.4922
   -7.5000  -15.0000  -30.0000 2660.8047   12.3879
    0.0000  -15.0000  -30.0000 2677.0901   12.2690
    7.5000  -15.0000  -30.0000 2650.0173   12.4671
   -7.5000   -7.5000  -30.0000 2647.2368   12.6178
    0.0000   -7.5000  -30.0000 2666.6689   12.5188
    7.5000   -7.5000  -30.0000 2635.8948   12.7161
   -7.5000    0.0000  -30.0000 2609.3960   13.0573
    0.0000    0.0000  -30.0000 2623.0696   12.9271
    7.5000    0.0000  -30.0000 2598.6536   13.1503
   -7.5000    7.5000  -30.0000 2550.6025   13.7347
    0.0000    7.5000  -30.0000 2568.0010   13.6088
    7.5000    7.5000  -30.0000 2539.1250   13.8451
   -7.5000   15.0000  -30.0000 2463.4636   14.6566
    0.0000   15.0000  -30.0000 2479.3872   14.5443
    7.5000   15.0000  -30.0000 2451.7180   14.7351
   -7.5000   22.5000  -30.0000 2364.7046   15.9366
    0.0000   22.5000  -30.0000 2377.7039   15.8336
    7.5000   22.5000  -30.0000 2353.4814   16.0502
   -7.5000   30.0000  -30.0000 2236.5212   17.6490
    0.0000   30.0000  -30.0000 2248.6252   17.5631
    7.5000   30.0000  -30.0000 2225.7249   17.7155
   -7.5000   37.5000  -30.0000 2101.6035   19.7772
    0.0000   37.5000  -30.0000 2107.0396   19.7167
    7.5000   37.5000  -30.0000 2083.7026   19.8739
   -7.5000   45.0000  -30.0000 1962.8748   22.5209
    0.0000   45.0000  -30.0000 1971.9448   22.4668
    7.5000   45.0000  -30.0000 1945.5172   22.6772
   -7.5000  -45.0000  -22.5000 2628.9358   13.6159
    0.0000  -45.0000  -22.5000 2648.5715   13.4992
    7.5000  -45.0000  -22.5000 2630.6826   13.6682
   -7.5000  -37.5000  -22.5000 2698.7390   12.7250
    0.0000  -37.5000  -22.5000 2724.2979   12.6112
    7.5000  -37.5000  -22.5000 2699.0564   12.7827
   -7.5000  -30.0000  -22.5000 2740.1055   12.1594
    0.0000  -30.0000  -22.5000 2766.9060   12.0234
    7.5000  -30.0000  -22.5000 2741.0027   12.2117
   -7.5000  -22.5000  -22.5000 2773.8813   11.8574
    0.0000  -22.5000  -22.5000 2797.3413   11.7112
    7.5000  -22.5000  -22.5000 2764.2305   11.9063
   -7.5000  -15.0000  -22.5000 2778.9473   11.7875
    0.0000  -15.0000  -22.5000 2798.7751   11.6577
    7.5000  -15.0000  -22.5000 2767.6230   11.8555
   -7.5000   -7.5000  -22.5000 2771.6479   11.9951
    0.0000   -7.5000  -22.5000 2792.5322   11.8801
    7.5000   -7.5000  -22.5000 2759.6797   12.0724
   -7.5000    0.0000  -22.5000 2731.7715   12.4186
    0.0000    0.0000  -22.5000 2749.9189   12.2867
    7.5000    0.0000  -22.5000 2719.3101   12.4859
   -7.5000    7.5000  -22.5000 2669.8237   13.0261
    0.0000    7.5000  -22.5000 2689.3938   12.9014
    7.5000    7.5000  -22.5000 2657.9734   13.1132
   -7.5000   15.0000  -22.5000 2577.5300   13.9093
    0.0000   15.0000  -22.5000 2596.5896   13.7830
    7.5000   15.0000  -22.5000 2566.5078   13.9939
   -7.5000   22.5000  -22.5000 2465.3564   15.1525
    0.0000   22.5000  -22.5000 2480.9841   15.0268
    7.5000   22.5000  -22.5000 2456.8584   15.2525
   -7.5000   30.0000  -22.5000 2334.1084   16.7585
    0.0000   30.0000  -22.5000 2345.7700   16.6491
    7.5000   30.0000  -22.5000 2321.4543   16.8567
   -7.5000   37.5000  -22.5000 2191.3677   18.7951
    0.0000   37.5000  -22.5000 2200.0579   18.6866
    7.5000   37.5000  -22.5000 2174.0510   18.9174
   -7.5000   45.0000  -22.5000 2040.9695   21.4088
    0.0000   45.0000  -22.5000 2054.0942   21.2597
    7.5000   45.0000  -22.5000 2022.6117   21.5538
   -7.5000  -45.0000  -15.0000 2668.9656   13.1700
    0.0000  -45.0000  -15.0000 2691.2646   13.0552
    7.5000  -45.0000  -15.0000 2678.6372   13.2215
   -7.5000  -37.5000  -15.0000 2754.1096   12.2862
    0.0000  -37.5000  -15.0000 2780.7261   12.1772
    7.5000  -37.5000  -15.0000 2754.2468   12.3305
   -7.5000  -30.0000  -15.0000 2804.0227   11.6778
    0.0000  -30.0000  -15.0000 2832.7402   11.5645
    7.5000  -30.0000  -15.0000 2807.5439   11.7310
   -7.5000  -22.5000  -15.0000 2843.9988   11.3468
    0.0000  -22.5000  -15.0000 2874.9268   11.1964
    7.5000  -22.5000  -15.0000 2842.8718   11.3823
   -7.5000  -15.0000  -15.0000 2858.4041   11.2353
    0.0000  -15.0000  -15.0000 2885.0540   11.0976
    7.5000  -15.0000  -15.0000 2847.1340   11.2991
   -7.5000   -7.5000  -15.0000 2856.0073   11.4234
    0.0000   -7.5000  -15.0000 2879.0352   11.3027
    7.5000   -7.5000  -15.0000 2841.4473   11.4910
   -7.5000    0.0000  -15.0000 2813.3591   11.8035
    0.0000    0.0000  -15.0000 2837.3787   11.6992
    7.5000    0.0000  -15.0000 2800.2847   11.8876
   -7.5000    7.5000  -15.0000 2748.0408   12.3827
    0.0000    7.5000  -15.0000 2771.8120   12.2779
    7.5000    7.5000  -15.0000 2734.7065   12.4857
   -7.5000   15.0000  -15.0000 2655.8064   13.2113
    0.0000   15.0000  -15.0000 2673.9390   13.1098
    7.5000   15.0000  -15.0000 2643.8774   13.3460
   -7.5000   22.5000  -15.0000 2540.2703   14.4451
    0.0000   22.5000  -15.0000 2554.8882   14.3163
    7.5000   22.5000  -15.0000 2527.0732   14.5556
   -7.5000   30.0000  -15.0000 2407.0669   16.0125
    0.0000   30.0000  -15.0000 2423.4324   15.8759
    7.5000   30.0000  -15.0000 2393.5999   16.1237
   -7.5000   37.5000  -15.0000 2256.4851   17.9557
    0.0000   37.5000  -15.0000 2269.4102   17.8632
    7.5000   37.5000  -15.0000 2239.4883   18.1138
   -7.5000   45.0000  -15.0000 2098.6152   20.4207
    0.0000   45.0000  -15.0000 2105.2561   20.3388
    7.5000   45.0000  -15.0000 2074.9561   20.6345
   -7.5000  -45.0000   -7.5000 2677.9055   12.8866
    0.0000  -45.0000   -7.5000 2700.1914   12.7660
    7.5000  -45.0000   -7.5000 2687.7170   12.8853
   -7.5000  -37.5000   -7.5000 2774.7690   11.9729
    0.0000  -37.5000   -7.5000 2798.9011   11.8660
    7.5000  -37.5000   -7.5000 2779.5027   11.9809
   -7.5000  -30.0000   -7.5000 2841.1460   11.3725
    0.0000  -30.0000   -7.5000 2866.6587   11.2511
    7.5000  -30.0000   -7.5000 2845.3757   11.3745
   -7.5000  -22.5000   -7.5000 2893.8665   11.0067
    0.0000  -22.5000   -7.5000 2927.2317   10.8913
    7.5000  -22.5000   -7.5000 2890.5459   11.0264
   -7.5000  -15.0000   -7.5000 2918.2949   10.8024
    0.0000  -15.0000   -7.5000 2950.2012   10.6922
    7.5000  -15.0000   -7.5000 2899.7559   10.8779
   -7.5000   -7.5000   -7.5000 2918.8958   10.9380
    0.0000   -7.5000   -7.5000 2940.4971   10.8404
    7.5000   -7.5000   -7.5000 2890.6672   11.0333
   -7.5000    0.0000   -7.5000 2874.9490   11.3056
    0.0000    0.0000   -7.5000 2895.4512   11.2047
    7.5000    0.0000   -7.5000 2851.3125   11.4125
   -7.5000    7.5000   -7.5000 2810.2356   11.8675
    0.0000    7.5000   -7.5000 2831.6628   11.7716
    7.5000    7.5000   -7.5000 2791.4321   11.9720
   -7.5000   15.0000   -7.5000 2706.9441   12.7018
    0.0000   15.0000   -7.5000 2725.6804   12.5890
    7.5000   15.0000   -7.5000 2693.6904   12.8183
   -7.5000   22.5000   -7.5000 2593.0586   13.9168
    0.0000   22.5000   -7.5000 2604.8467   13.7790
    7.5000   22.5000   -7.5000 2577.1836   14.0262
   -7.5000   30.0000   -7.5000 2459.6226   15.4622
    0.0000   30.0000   -7.5000 2469.9902   15.3409
    7.5000   30.0000   -7.5000 2437.6689   15.5721
   -7.5000   37.5000   -7.5000 2308.2915   17.3691
    0.0000   37.5000   -7.5000 2315.6277   17.2561
    7.5000   37.5000   -7.5000 2280.3528   17.5136
   -7.5000   45.0000   -7.5000 2143.7241   19.6866
    0.0000   45.0000   -7.5000 2145.3315   19.5895
    7.5000   45.0000   -7.5000 2114.3328   19.9211
   -7.5000  -45.0000    0.0000 2674.1196   12.7788
    0.0000  -45.0000    0.0000 2691.0403   12.6639
    7.5000  -45.0000    0.0000 2677.7739   12.7838
   -7.5000  -37.5000    0.0000 2776.9011   11.8638
    0.0000  -37.5000    0.0000 2794.4841   11.7525
    7.5000  -37.5000    0.0000 2775.7246   11.8800
   -7.5000  -30.0000    0.0000 2863.5564   11.2696
    0.0000  -30.0000    0.0000 2878.7046   11.1780
    7.5000  -30.0000    0.0000 2858.0684   11.2631
   -7.5000  -22.5000    0.0000 2928.8345   10.9405
    0.0000  -22.5000    0.0000 2957.4863   10.8914
    7.5000  -22.5000    0.0000 2924.8083   10.9026
   -7.5000  -15.0000    0.0000 2961.2546   10.6964
    0.0000  -15.0000    0.0000 2997.9058   10.6679
    7.5000  -15.0000    0.0000 2936.7676   10.7405
   -7.5000   -7.5000    0.0000 2961.8130   10.6813
    0.0000   -7.5000    0.0000 2983.9307   10.6376
    7.5000   -7.5000    0.0000 2921.2065   10.7857
   -7.5000    0.0000    0.0000 2912.4480   10.9876
    0.0000    0.0000    0.0000 2927.8877   10.9268
    7.5000    0.0000    0.0000 2873.4973   11.0863
   -7.5000    7.5000    0.0000 2838.6738   11.5441
    0.0000    7.5000    0.0000 2854.9219   11.4762
    7.5000    7.5000    0.0000 2812.6382   11.6674
   -7.5000   15.0000    0.0000 2735.4475   12.3698
    0.0000   15.0000    0.0000 2750.3115   12.2902
    7.5000   15.0000    0.0000 2715.2107   12.4907
   -7.5000   22.5000    0.0000 2619.8259   13.5629
    0.0000   22.5000    0.0000 2628.0024   13.4899
    7.5000   22.5000    0.0000 2593.6096   13.6821
   -7.5000   30.0000    0.0000 2481.8713   15.0968
    0.0000   30.0000    0.0000 2489.7886   15.0544
    7.5000   30.0000    0.0000 2455.7002   15.2304
   -7.5000   37.5000    0.0000 2332.5122   17.0135
    0.0000   37.5000    0.0000 2337.7239   16.9837
    7.5000   37.5000    0.0000 2305.2322   17.1767
   -7.5000   45.0000    0.0000 2166.3242   19.3557
    0.0000   45.0000    0.0000 2167.0415   19.3057
    7.5000   45.0000    0.0000 2137.4844   19.5791
   -7.5000  -45.0000    7.5000 2655.3787   12.8273
    0.0000  -45.0000    7.5000 2671.8611   12.7582
    7.5000  -45.0000    7.5000 2653.7605   12.8616
   -7.5000  -37.5000    7.5000 2764.1826   11.8937
    0.0000  -37.5000    7.5000 2779.0525   11.8515
    7.5000  -37.5000    7.5000 2760.1372   11.9380
   -7.5000  -30.0000    7.5000 2859.3154   11.2886
    0.0000  -30.0000    7.5000 2878.8662   11.2654
    7.5000  -30.0000    7.5000 2852.6135   11.3111
   -7.5000  -22.5000    7.5000 2940.5066   10.9705
    0.0000  -22.5000    7.5000 2969.2922   10.9536
    7.5000  -22.5000    7.5000 2927.7627   10.9306
   -7.5000  -15.0000    7.5000 2991.1760   10.7569
    0.0000  -15.0000    7.5000 3022.0269   10.7944
    7.5000  -15.0000    7.5000 2960.8252   10.7489
   -7.5000   -7.5000    7.5000 2985.2705   10.7226
    0.0000   -7.5000    7.5000 3005.6047   10.6886
    7.5000   -7.5000    7.5000 2940.9292   10.7713
   -7.5000    0.0000    7.5000 2933.8101   10.9072
    0.0000    0.0000    7.5000 2945.1458   10.8589
    7.5000    0.0000    7.5000 2883.5908   11.0673
   -7.5000    7.5000    7.5000 2847.3059   11.4385
    0.0000    7.5000    7.5000 2857.1570   11.3641
    7.5000    7.5000    7.5000 2814.6533   11.6076
   -7.5000   15.0000    7.5000 2738.0798   12.2512
    0.0000   15.0000    7.5000 2750.8037   12.1658
    7.5000   15.0000    7.5000 2719.8562   12.3887
   -7.5000   22.5000    7.5000 2625.4788   13.4336
    0.0000   22.5000    7.5000 2632.0569   13.3382
    7.5000   22.5000    7.5000 2600.7683   13.5553
   -7.5000   30.0000    7.5000 2491.5850   14.9663
    0.0000   30.0000    7.5000 2495.7910   14.8663
    7.5000   30.0000    7.5000 2463.6877   15.0867
   -7.5000   37.5000    7.5000 2330.5581   16.8707
    0.0000   37.5000    7.5000 2338.6101   16.8008
    7.5000   37.5000    7.5000 2306.6313   17.0485
   -7.5000   45.0000    7.5000 2165.1426   19.2269
    0.0000   45.0000    7.5000 2170.4038   19.1543
    7.5000   45.0000    7.5000 2137.3904   19.4440
   -7.5000  -45.0000   15.0000 2627.8796   13.0653
    0.0000  -45.0000   15.0000 2635.3960   13.0124
    7.5000  -45.0000   15.0000 2616.8340   13.1757
   -7.5000  -37.5000   15.0000 2738.2603   12.0938
    0.0000  -37.5000   15.0000 2749.4097   12.0400
    7.5000  -37.5000   15.0000 2728.7007   12.1889
   -7.5000  -30.0000   15.0000 2839.7317   11.4653
    0.0000  -30.0000   15.0000 2855.5630   11.3853
    7.5000  -30.0000   15.0000 2825.5896   11.5121
   -7.5000  -22.5000   15.0000 2924.9626   11.0977
    0.0000  -22.5000   15.0000 2944.2568   11.0137
    7.5000  -22.5000   15.0000 2906.1731   11.0886
   -7.5000  -15.0000   15.0000 2981.1458   10.8299
    0.0000  -15.0000   15.0000 3004.3140   10.7831
    7.5000  -15.0000   15.0000 2945.8689   10.8836
   -7.5000   -7.5000   15.0000 2970.2625   10.7729
    0.0000   -7.5000   15.0000 2984.0750   10.7071
    7.5000   -7.5000   15.0000 2924.9409   10.9560
   -7.5000    0.0000   15.0000 2918.4426   11.0517
    0.0000    0.0000   15.0000 2924.6226   10.9935
    7.5000    0.0000   15.0000 2868.9517   11.2655
   -7.5000    7.5000   15.0000 2833.5452   11.6548
    0.0000    7.5000   15.0000 2840.3755   11.5933
    7.5000    7.5000   15.0000 2798.7952   11.8277
   -7.5000   15.0000   15.0000 2716.9011   12.4758
    0.0000   15.0000   15.0000 2728.3572   12.3921
    7.5000   15.0000   15.0000 2698.8975   12.6155
   -7.5000   22.5000   15.0000 2606.3364   13.5887
    0.0000   22.5000   15.0000 2612.4685   13.4983
    7.5000   22.5000   15.0000 2585.2473   13.6763
   -7.5000   30.0000   15.0000 2472.5317   15.0563
    0.0000   30.0000   15.0000 2474.5791   14.9478
    7.5000   30.0000   15.0000 2447.0225   15.1206
   -7.5000   37.5000   15.0000 2316.2866   16.9016
    0.0000   37.5000   15.0000 2322.5476   16.8185
    7.5000   37.5000   15.0000 2298.9497   17.0300
   -7.5000   45.0000   15.0000 2149.2312   19.2364
    0.0000   45.0000   15.0000 2156.6140   19.1101
    7.5000   45.0000   15.0000 2129.2488   19.4018
   -7.5000  -45.0000   22.5000 2589.2627   13.4190
    0.0000  -45.0000   22.5000 2598.4062   13.3364
    7.5000  -45.0000   22.5000 2582.1772   13.5865
   -7.5000  -37.5000   22.5000 2704.7273   12.4164
    0.0000  -37.5000   22.5000 2711.1335   12.3307
    7.5000  -37.5000   22.5000 2691.4214   12.5842
   -7.5000  -30.0000   22.5000 2804.3071   11.7633
    0.0000  -30.0000   22.5000 2814.3870   11.6782
    7.5000  -30.0000   22.5000 2781.6860   11.8746
   -7.5000  -22.5000   22.5000 2882.3972   11.3542
    0.0000  -22.5000   22.5000 2894.5676   11.3077
    7.5000  -22.5000   22.5000 2859.1155   11.4320
   -7.5000  -15.0000   22.5000 2931.6045   11.0274
    0.0000  -15.0000   22.5000 2952.9858   10.9930
    7.5000  -15.0000   22.5000 2897.9568   11.2111
   -7.5000   -7.5000   22.5000 2923.2722   11.0452
    0.0000   -7.5000   22.5000 2933.2546   10.9522
    7.5000   -7.5000   22.5000 2887.6023   11.2601
   -7.5000    0.0000   22.5000 2881.3286   11.4085
    0.0000    0.0000   22.5000 2891.3037   11.3135
    7.5000    0.0000   22.5000 2837.3765   11.5783
   -7.5000    7.5000   22.5000 2800.8997   12.0337
    0.0000    7.5000   22.5000 2807.2141   11.9412
    7.5000    7.5000   22.5000 2765.3481   12.1893
   -7.5000   15.0000   22.5000 2686.9822   12.8953
    0.0000   15.0000   22.5000 2693.5112   12.7966
    7.5000   15.0000   22.5000 2669.9573   13.0209
   -7.5000   22.5000   22.5000 2571.1436   13.9816
    0.0000   22.5000   22.5000 2577.4819   13.8942
    7.5000   22.5000   22.5000 2551.6877   14.0937
   -7.5000   30.0000   22.5000 2442.6172   15.3949
    0.0000   30.0000   22.5000 2445.7217   15.2813
    7.5000   30.0000   22.5000 2415.4573   15.4913
   -7.5000   37.5000   22.5000 2289.9333   17.1682
    0.0000   37.5000   22.5000 2293.5608   17.0662
    7.5000   37.5000   22.5000 2267.1599   17.2672
   -7.5000   45.0000   22.5000 2119.0444   19.4305
    0.0000   45.0000   22.5000 2124.1416   19.3086
    7.5000   45.0000   22.5000 2101.5964   19.5611
   -7.5000  -45.0000   30.0000 2547.0278   13.9185
    0.0000  -45.0000   30.0000 2552.7964   13.8485
    7.5000  -45.0000   30.0000 2525.3198   14.1919
   -7.5000  -37.5000   30.0000 2656.1038   12.9263
    0.0000  -37.5000   30.0000 2662.3523   12.8522
    7.5000  -37.5000   30.0000 2634.3430   13.1853
   -7.5000  -30.0000   30.0000 2751.5217   12.2799
    0.0000  -30.0000   30.0000 2760.1604   12.2192
    7.5000  -30.0000   30.0000 2727.9827   12.4751
   -7.5000  -22.5000   30.0000 2818.9561   11.8209
    0.0000  -22.5000   30.0000 2830.6882   11.7719
    7.5000  -22.5000   30.0000 2795.2971   11.9922
   -7.5000  -15.0000   30.0000 2859.1001   11.4861
    0.0000  -15.0000   30.0000 2868.5271   11.4149
    7.5000  -15.0000   30.0000 2826.6309   11.7428
   -7.5000   -7.5000   30.0000 2858.1584   11.5864
    0.0000   -7.5000   30.0000 2865.7463   11.4898
    7.5000   -7.5000   30.0000 2827.5012   11.7620
   -7.5000    0.0000   30.0000 2814.8789   11.9549
    0.0000    0.0000   30.0000 2823.8984   11.8541
    7.5000    0.0000   30.0000 2782.3340   12.0902
   -7.5000    7.5000   30.0000 2745.2783   12.5535
    0.0000    7.5000   30.0000 2747.4536   12.4311
    7.5000    7.5000   30.0000 2712.0908   12.6904
   -7.5000   15.0000   30.0000 2642.7273   13.3946
    0.0000   15.0000   30.0000 2644.6704   13.2865
    7.5000   15.0000   30.0000 2621.0430   13.5333
   -7.5000   22.5000   30.0000 2525.6746   14.5354
    0.0000   22.5000   30.0000 2531.3447   14.4304
    7.5000   22.5000   30.0000 2505.2747   14.6508
   -7.5000   30.0000   30.0000 2396.4202   15.9907
    0.0000   30.0000   30.0000 2403.1392   15.8748
    7.5000   30.0000   30.0000 2375.3940   16.0715
   -7.5000   37.5000   30.0000 2234.6455   17.7512
    0.0000   37.5000   30.0000 2241.7375   17.6341
    7.5000   37.5000   30.0000 2223.7815   17.8583
   -7.5000   45.0000   30.0000 2076.3655   19.9160
    0.0000   45.0000   30.0000 2084.8499   19.7912
    7.5000   45.0000   30.0000 2058.6177   20.0285
   -7.5000  -45.0000   37.5000 2494.4819   14.7040
    0.0000  -45.0000   37.5000 2497.7529   14.6422
    7.5000  -45.0000   37.5000 2467.8035   15.0661
   -7.5000  -37.5000   37.5000 2600.2810   13.6749
    0.0000  -37.5000   37.5000 2607.7524   13.6231
    7.5000  -37.5000   37.5000 2573.8320   13.9710
   -7.5000  -30.0000   37.5000 2687.3105   12.9577
    0.0000  -30.0000   37.5000 2696.5552   12.9081
    7.5000  -30.0000   37.5000 2659.8372   13.2267
   -7.5000  -22.5000   37.5000 2750.6270   12.4411
    0.0000  -22.5000   37.5000 2759.9812   12.3804
    7.5000  -22.5000   37.5000 2719.9292   12.7104
   -7.5000  -15.0000   37.5000 2778.1067   12.1540
    0.0000  -15.0000   37.5000 2783.0977   12.1017
    7.5000  -15.0000   37.5000 2742.9314   12.3998
   -7.5000   -7.5000   37.5000 2775.5017   12.2639
    0.0000   -7.5000   37.5000 2784.5549   12.1983
    7.5000   -7.5000   37.5000 2751.0950   12.4523
   -7.5000    0.0000   37.5000 2737.6777   12.6406
    0.0000    0.0000   37.5000 2745.2676   12.5490
    7.5000    0.0000   37.5000 2712.6372   12.7789
   -7.5000    7.5000   37.5000 2671.9023   13.2340
    0.0000    7.5000   37.5000 2676.7205   13.1342
    7.5000    7.5000   37.5000 2643.4683   13.3748
   -7.5000   15.0000   37.5000 2578.8018   14.0919
    0.0000   15.0000   37.5000 2579.7852   13.9639
    7.5000   15.0000   37.5000 2549.9312   14.2148
   -7.5000   22.5000   37.5000 2469.4009   15.1796
    0.0000   22.5000   37.5000 2474.8086   15.1111
    7.5000   22.5000   37.5000 2447.2651   15.3307
   -7.5000   30.0000   37.5000 2335.0205   16.6571
    0.0000   30.0000   37.5000 2343.1611   16.5889
    7.5000   30.0000   37.5000 2320.3059   16.7804
   -7.5000   37.5000   37.5000 2174.1929   18.4855
    0.0000   37.5000   37.5000 2182.2004   18.4162
    7.5000   37.5000   37.5000 2164.4917   18.6200
   -7.5000   45.0000   37.5000 2025.5625   20.6357
    0.0000   45.0000   37.5000 2027.0376   20.6250
    7.5000   45.0000   37.5000 2001.6367   20.8834
   -7.5000  -45.0000   45.0000 2437.4978   15.6603
    0.0000  -45.0000   45.0000 2443.0688   15.6533
    7.5000  -45.0000   45.0000 2410.0493   16.0816
   -7.5000  -37.5000   45.0000 2534.0447   14.5709
    0.0000  -37.5000   45.0000 2537.6797   14.5701
    7.5000  -37.5000   45.0000 2501.9805   14.9586
   -7.5000  -30.0000   45.0000 2612.5352   13.8058
    0.0000  -30.0000   45.0000 2617.1902   13.7939
    7.5000  -30.0000   45.0000 2579.1694   14.1574
   -7.5000  -22.5000   45.0000 2664.4888   13.2876
    0.0000  -22.5000   45.0000 2673.9253   13.2258
    7.5000  -22.5000   45.0000 2630.5100   13.5934
   -7.5000  -15.0000   45.0000 2688.8232   13.0238
    0.0000  -15.0000   45.0000 2692.4771   12.9708
    7.5000  -15.0000   45.0000 2655.7839   13.2606
   -7.5000   -7.5000   45.0000 2684.5903   13.1485
    0.0000   -7.5000   45.0000 2692.8860   13.0744
    7.5000   -7.5000   45.0000 2657.9175   13.3178
   -7.5000    0.0000   45.0000 2652.9187   13.4890
    0.0000    0.0000   45.0000 2658.9451   13.4088
    7.5000    0.0000   45.0000 2630.3098   13.6396
   -7.5000    7.5000   45.0000 2588.7556   14.0515
    0.0000    7.5000   45.0000 2592.5884   13.9704
    7.5000    7.5000   45.0000 2563.6433   14.2213
   -7.5000   15.0000   45.0000 2499.0322   14.8881
    0.0000   15.0000   45.0000 2503.9641   14.8005
    7.5000   15.0000   45.0000 2474.1843   15.0427
   -7.5000   22.5000   45.0000 2395.8989   15.9823
    0.0000   22.5000   45.0000 2400.7798   15.9357
    7.5000   22.5000   45.0000 2369.9167   16.1802
   -7.5000   30.0000   45.0000 2266.0864   17.5077
    0.0000   30.0000   45.0000 2270.5354   17.4682
    7.5000   30.0000   45.0000 2241.7280   17.6880
   -7.5000   37.5000   45.0000 2110.1296   19.3927
    0.0000   37.5000   45.0000 2115.2285   19.3361
    7.5000   37.5000   45.0000 2094.0737   19.5413
   -7.5000   45.0000   45.0000 1963.7645   21.6773
    0.0000   45.0000   45.0000 1967.5696   21.5808
    7.5000   45.0000   45.0000 1946.6212   21.8148

---------------------------------------------------------------------
imgreg_4dfp /opt/freesurfer/average/711-2C_as_mni_average_305 /opt/freesurfer/average/711-2B_as_mni_average_305_mask talsrcimg_g11 none talsrcimg_to_711-2C_as_mni_average_305_t4 1283
---------------------------------------------------------------------

freesurfer imgreg_4dfp.c
/opt/freesurfer/average/711-2C_as_mni_average_305.4dfp.img
       256       256       256         1
  1.000000  1.000000  1.000000
orientation T byte_order littleendian
Reading image: /opt/freesurfer/average/711-2C_as_mni_average_305.4dfp.img
dimensions:      256       256       256
mmppix:       1.0000   -1.0000   -1.0000
center:     128.0000 -129.0000 -129.0000
/opt/freesurfer/average/711-2B_as_mni_average_305_mask.4dfp.img
       256       256       256         1
  1.000000  1.000000  1.000000
orientation T byte_order littleendian
Reading mask: /opt/freesurfer/average/711-2B_as_mni_average_305_mask.4dfp.img (2306576 pixels)
talsrcimg_g11.4dfp.img
       256       256       256         1
  1.000000  1.000000  1.000000
orientation T byte_order littleendian
Reading image: talsrcimg_g11.4dfp.img
dimensions:      256       256       256
mmppix:       1.0000   -1.0000   -1.0000
center:     128.0000 -129.0000 -129.0000
rotation matrix determinant  1.000000
fimgreg.f
image alignment mode   1283 decimal      503 hex
parameters
    0.0000  -15.0000    7.5000    0.0000    0.0000    0.0000
eta,q 0.94810 10.81833
niter,ni,del,rscale     5    3   12.0000    1.2000
parameter  4  4.979609 ->  0.500000 qaram    1.1500
parameters
   -1.2431  -12.6236    7.7044   -3.4500    1.2870    1.2638
eta,q 0.95689 10.72327
  0.0599  0.0607  0.0539  0.0414  0.0551  0.0503
  0.0545  0.0551  0.0505  0.0434  0.0505  0.0473
  0.0506  0.0518  0.0489  0.0460  0.0465  0.0449
  0.0512  0.0500  0.0491  0.0492  0.0440  0.0434
  0.0560  0.0496  0.0492  0.0524  0.0436  0.0433
  0.0626  0.0490  0.0502  0.0554  0.0456  0.0445
  0.0698  0.0510  0.0530  0.0586  0.0489  0.0463
niter,ni,del,rscale     5    3   12.0000    1.2000
parameter  4  1.070889 ->  0.500000 qaram    1.3225
parameters
   -1.7329  -11.9870    7.2680   -7.4175    2.0838   -0.0041
eta,q 0.96200 10.76472
  0.0576  0.0525  0.0481  0.0387  0.0502  0.0427
  0.0507  0.0473  0.0449  0.0384  0.0460  0.0397
  0.0453  0.0445  0.0431  0.0405  0.0417  0.0381
  0.0431  0.0431  0.0428  0.0428  0.0388  0.0384
  0.0470  0.0426  0.0437  0.0461  0.0388  0.0406
  0.0547  0.0447  0.0457  0.0503  0.0418  0.0442
  0.0627  0.0495  0.0502  0.0547  0.0464  0.0476
niter,ni,del,rscale     5    3   12.0000    1.2000
parameter  4  0.661877 ->  0.500000 qaram    1.5209
parameters
   -2.0656  -10.4202    5.5950  -11.9801    3.1268    0.3176
eta,q 0.96798 10.80257
  0.0553  0.0522  0.0404  0.0344  0.0460  0.0412
  0.0473  0.0447  0.0372  0.0325  0.0405  0.0362
  0.0405  0.0405  0.0355  0.0327  0.0354  0.0332
  0.0380  0.0380  0.0364  0.0354  0.0323  0.0321
  0.0417  0.0361  0.0396  0.0405  0.0326  0.0327
  0.0501  0.0372  0.0436  0.0447  0.0355  0.0354
  0.0596  0.0426  0.0487  0.0495  0.0394  0.0393
niter,ni,del,rscale     5    3   12.0000    1.2000
parameters
   -2.6304   -9.2036    4.4493  -12.6189    3.4299    0.2052
eta,q 0.97022 10.80133
  0.0490  0.0498  0.0379  0.0424  0.0407  0.0377
  0.0399  0.0415  0.0326  0.0361  0.0359  0.0331
  0.0334  0.0359  0.0299  0.0315  0.0319  0.0308
  0.0320  0.0318  0.0308  0.0299  0.0299  0.0298
  0.0371  0.0311  0.0341  0.0337  0.0309  0.0306
  0.0458  0.0340  0.0387  0.0399  0.0344  0.0338
  0.0552  0.0400  0.0449  0.0448  0.0390  0.0383
niter,ni,del,rscale     4    3   12.0000    1.2000
parameters
   -2.7403   -9.3199    4.3572  -12.7574    3.5535    0.1546
eta,q 0.97024 10.80469
  0.0511  0.0442  0.0414  0.0436  0.0400  0.0380
  0.0406  0.0373  0.0350  0.0373  0.0353  0.0333
  0.0328  0.0319  0.0308  0.0322  0.0316  0.0308
  0.0298  0.0298  0.0298  0.0298  0.0298  0.0297
  0.0336  0.0317  0.0320  0.0326  0.0311  0.0304
  0.0422  0.0370  0.0361  0.0389  0.0346  0.0337
  0.0521  0.0463  0.0413  0.0437  0.0394  0.0383
niter,ni,del,rscale     3    3   12.0000    1.2000
parameters
   -2.7730   -9.3051    4.3410  -12.8233    3.6003    0.1398
eta,q 0.97025 10.80466
  0.0516  0.0449  0.0417  0.0438  0.0398  0.0381
  0.0409  0.0377  0.0352  0.0376  0.0352  0.0334
  0.0329  0.0322  0.0309  0.0324  0.0315  0.0308
  0.0298  0.0298  0.0298  0.0298  0.0298  0.0298
  0.0334  0.0314  0.0318  0.0325  0.0313  0.0304
  0.0418  0.0365  0.0359  0.0388  0.0348  0.0336
  0.0515  0.0457  0.0411  0.0436  0.0397  0.0382
registration optimization eta report
parameter search radius
    6.0000    6.0000    6.0000    9.1253    6.0000    6.0000
100000*second partial in parameter space
       59.       43.       32.       16.       27.       23.
  0.0516  0.0449  0.0417  0.0438  0.0398  0.0381
  0.0409  0.0377  0.0352  0.0376  0.0352  0.0334
  0.0329  0.0322  0.0309  0.0324  0.0315  0.0308
  0.0298  0.0298  0.0298  0.0298  0.0298  0.0298
  0.0334  0.0314  0.0318  0.0325  0.0313  0.0304
  0.0418  0.0365  0.0359  0.0388  0.0348  0.0336
  0.0515  0.0457  0.0411  0.0436  0.0397  0.0382
   -2.7730   -9.3051    4.3410  -12.8233    3.6003    0.1398
eta,q 0.97025 10.80466

---------------------------------------------------------------------
imgreg_4dfp /opt/freesurfer/average/711-2C_as_mni_average_305 /opt/freesurfer/average/711-2B_as_mni_average_305_mask talsrcimg_g11 none talsrcimg_to_711-2C_as_mni_average_305_t4 3335
---------------------------------------------------------------------

freesurfer imgreg_4dfp.c
/opt/freesurfer/average/711-2C_as_mni_average_305.4dfp.img
       256       256       256         1
  1.000000  1.000000  1.000000
orientation T byte_order littleendian
Reading image: /opt/freesurfer/average/711-2C_as_mni_average_305.4dfp.img
dimensions:      256       256       256
mmppix:       1.0000   -1.0000   -1.0000
center:     128.0000 -129.0000 -129.0000
/opt/freesurfer/average/711-2B_as_mni_average_305_mask.4dfp.img
       256       256       256         1
  1.000000  1.000000  1.000000
orientation T byte_order littleendian
Reading mask: /opt/freesurfer/average/711-2B_as_mni_average_305_mask.4dfp.img (2306576 pixels)
talsrcimg_g11.4dfp.img
       256       256       256         1
  1.000000  1.000000  1.000000
orientation T byte_order littleendian
Reading image: talsrcimg_g11.4dfp.img
dimensions:      256       256       256
mmppix:       1.0000   -1.0000   -1.0000
center:     128.0000 -129.0000 -129.0000
fimgreg.f
image alignment mode   3335 decimal      D07 hex
parameters
   -2.7730   -9.3051    4.3410   -0.1977   -2.4910   -2.6865
    1.1558   -6.1771    0.2435   22.1795    6.2796  -22.1507
eta,q 0.96821 10.83629
niter,ni,del,rscale     5    3    5.0000    1.2000
parameter  4  0.575904 ->  0.500000 qaram    1.1500
parameter  5  1.075782 ->  0.500000 qaram    1.1500
parameters
   -2.7743   -8.9212    4.3706   -4.3377   -6.6310   -3.0588
    1.9357   -5.9554    0.8471   21.8950    3.7721  -23.4679
eta,q 0.97152 10.45833
  0.0355  0.0358  0.0338  0.0312  0.0283  0.0305  0.0316  0.0323  0.0311  0.0315  0.0289  0.0297
  0.0335  0.0339  0.0326  0.0311  0.0285  0.0297  0.0302  0.0303  0.0299  0.0299  0.0286  0.0288
  0.0322  0.0325  0.0319  0.0312  0.0294  0.0293  0.0292  0.0291  0.0291  0.0289  0.0286  0.0285
  0.0318  0.0318  0.0317  0.0317  0.0311  0.0286  0.0288  0.0287  0.0287  0.0287  0.0287  0.0286
  0.0322  0.0318  0.0320  0.0331  0.0339  0.0284  0.0288  0.0290  0.0288  0.0292  0.0289  0.0291
  0.0335  0.0325  0.0327  0.0354  0.0371  0.0293  0.0295  0.0301  0.0294  0.0303  0.0292  0.0298
  0.0355  0.0339  0.0336  0.0382  0.0398  0.0319  0.0306  0.0319  0.0304  0.0318  0.0297  0.0306
niter,ni,del,rscale     6    3    5.0000    1.2000
parameters
   -2.7954   -8.4698    4.0862   -6.0501   -9.8077   -3.5052
    1.9585   -5.9012    1.0231   22.8816    3.4392  -24.8133
eta,q 0.97191 10.21869
  0.0316  0.0326  0.0297  0.0293  0.0293  0.0297  0.0305  0.0315  0.0300  0.0314  0.0286  0.0289
  0.0299  0.0307  0.0287  0.0286  0.0284  0.0289  0.0292  0.0297  0.0290  0.0297  0.0283  0.0283
  0.0289  0.0293  0.0283  0.0284  0.0280  0.0286  0.0284  0.0285  0.0284  0.0286  0.0281  0.0281
  0.0285  0.0285  0.0284  0.0283  0.0283  0.0281  0.0282  0.0282  0.0282  0.0282  0.0282  0.0282
  0.0288  0.0284  0.0288  0.0285  0.0298  0.0278  0.0285  0.0286  0.0284  0.0283  0.0283  0.0285
  0.0299  0.0291  0.0294  0.0294  0.0326  0.0287  0.0292  0.0297  0.0289  0.0289  0.0284  0.0290
  0.0318  0.0304  0.0303  0.0316  0.0361  0.0309  0.0304  0.0313  0.0298  0.0300  0.0286  0.0297
niter,ni,del,rscale     5    3    5.0000    1.2000
parameters
   -2.7972   -8.2291    3.7383   -5.9542  -10.4874   -3.7140
    2.0642   -5.9604    1.0622   23.4347    3.1646  -25.3021
eta,q 0.97190 10.19420
  0.0310  0.0311  0.0291  0.0295  0.0308  0.0299  0.0305  0.0314  0.0298  0.0310  0.0287  0.0292
  0.0295  0.0295  0.0283  0.0285  0.0294  0.0290  0.0292  0.0296  0.0289  0.0294  0.0283  0.0285
  0.0285  0.0285  0.0280  0.0281  0.0284  0.0286  0.0284  0.0284  0.0283  0.0284  0.0281  0.0281
  0.0281  0.0281  0.0281  0.0280  0.0280  0.0281  0.0281  0.0281  0.0281  0.0281  0.0281  0.0281
  0.0284  0.0282  0.0284  0.0280  0.0283  0.0278  0.0284  0.0286  0.0283  0.0283  0.0282  0.0284
  0.0294  0.0289  0.0290  0.0283  0.0297  0.0286  0.0291  0.0297  0.0288  0.0290  0.0284  0.0288
  0.0311  0.0301  0.0297  0.0296  0.0325  0.0308  0.0303  0.0314  0.0297  0.0301  0.0287  0.0295
niter,ni,del,rscale     4    3    5.0000    1.2000
parameters
   -2.7882   -8.1436    3.6532   -6.1385  -10.6886   -3.7942
    2.1108   -5.9567    1.1029   23.6379    3.0315  -25.3702
eta,q 0.97188 10.17284
  0.0311  0.0307  0.0294  0.0295  0.0311  0.0299  0.0304  0.0314  0.0297  0.0307  0.0287  0.0294
  0.0295  0.0293  0.0286  0.0285  0.0296  0.0291  0.0292  0.0296  0.0289  0.0292  0.0283  0.0286
  0.0285  0.0284  0.0282  0.0281  0.0286  0.0287  0.0284  0.0284  0.0283  0.0284  0.0281  0.0282
  0.0281  0.0281  0.0281  0.0281  0.0281  0.0281  0.0281  0.0281  0.0281  0.0281  0.0281  0.0281
  0.0284  0.0284  0.0283  0.0281  0.0282  0.0279  0.0284  0.0286  0.0283  0.0284  0.0282  0.0283
  0.0294  0.0291  0.0288  0.0285  0.0294  0.0286  0.0292  0.0297  0.0288  0.0291  0.0284  0.0287
  0.0311  0.0303  0.0295  0.0297  0.0319  0.0307  0.0304  0.0313  0.0297  0.0303  0.0287  0.0293
niter,ni,del,rscale     3    3    5.0000    1.2000
parameters
   -2.7909   -8.1092    3.6227   -6.1686  -10.7539   -3.8366
    2.1184   -5.9645    1.1415   23.7060    2.9533  -25.4030
eta,q 0.97186 10.16689
  0.0311  0.0306  0.0295  0.0296  0.0312  0.0300  0.0304  0.0314  0.0297  0.0306  0.0287  0.0294
  0.0295  0.0292  0.0286  0.0286  0.0296  0.0291  0.0292  0.0296  0.0289  0.0291  0.0283  0.0286
  0.0285  0.0284  0.0282  0.0281  0.0286  0.0287  0.0284  0.0285  0.0283  0.0284  0.0281  0.0282
  0.0281  0.0281  0.0281  0.0281  0.0281  0.0281  0.0281  0.0281  0.0281  0.0281  0.0281  0.0281
  0.0284  0.0284  0.0283  0.0282  0.0282  0.0279  0.0284  0.0286  0.0283  0.0284  0.0283  0.0283
  0.0295  0.0292  0.0288  0.0285  0.0293  0.0286  0.0292  0.0297  0.0288  0.0292  0.0284  0.0287
  0.0311  0.0304  0.0294  0.0297  0.0317  0.0306  0.0304  0.0313  0.0297  0.0304  0.0287  0.0293
niter,ni,del,rscale     2    3    5.0000    1.2000
parameters
   -2.7909   -8.0968    3.6094   -6.1967  -10.7758   -3.8567
    2.1247   -5.9678    1.1571   23.7270    2.9474  -25.4153
eta,q 0.97186 10.16361
  0.0311  0.0305  0.0295  0.0296  0.0312  0.0300  0.0304  0.0314  0.0297  0.0305  0.0288  0.0294
  0.0295  0.0292  0.0287  0.0286  0.0297  0.0291  0.0292  0.0296  0.0289  0.0291  0.0283  0.0286
  0.0285  0.0284  0.0282  0.0282  0.0287  0.0287  0.0284  0.0285  0.0283  0.0283  0.0281  0.0282
  0.0281  0.0281  0.0281  0.0281  0.0281  0.0281  0.0281  0.0281  0.0281  0.0281  0.0281  0.0281
  0.0285  0.0284  0.0284  0.0282  0.0282  0.0279  0.0284  0.0286  0.0283  0.0284  0.0283  0.0283
  0.0295  0.0292  0.0288  0.0285  0.0293  0.0286  0.0292  0.0297  0.0289  0.0292  0.0284  0.0287
  0.0311  0.0304  0.0294  0.0297  0.0317  0.0306  0.0304  0.0313  0.0297  0.0304  0.0287  0.0293
registration optimization eta report
parameter search radius
    2.4000    2.4000    2.4000    8.2800    8.2800    7.2000
    7.2000    7.2000    7.2000    7.2000    7.2000    7.2000
100000*second partial in parameter space
       52.       40.       23.        2.        5.        4.
        4.        6.        3.        4.        1.        2.
  0.0311  0.0305  0.0295  0.0296  0.0312  0.0300  0.0304  0.0314  0.0297  0.0305  0.0288  0.0294
  0.0295  0.0292  0.0287  0.0286  0.0297  0.0291  0.0292  0.0296  0.0289  0.0291  0.0283  0.0286
  0.0285  0.0284  0.0282  0.0282  0.0287  0.0287  0.0284  0.0285  0.0283  0.0283  0.0281  0.0282
  0.0281  0.0281  0.0281  0.0281  0.0281  0.0281  0.0281  0.0281  0.0281  0.0281  0.0281  0.0281
  0.0285  0.0284  0.0284  0.0282  0.0282  0.0279  0.0284  0.0286  0.0283  0.0284  0.0283  0.0283
  0.0295  0.0292  0.0288  0.0285  0.0293  0.0286  0.0292  0.0297  0.0289  0.0292  0.0284  0.0287
  0.0311  0.0304  0.0294  0.0297  0.0317  0.0306  0.0304  0.0313  0.0297  0.0304  0.0287  0.0293
   -2.7909   -8.0968    3.6094   -6.1967  -10.7758   -3.8567
    2.1247   -5.9678    1.1571   23.7270    2.9474  -25.4153
eta,q 0.97186 10.16361

---------------------------------------------------------------------
imgreg_4dfp /opt/freesurfer/average/711-2C_as_mni_average_305 /opt/freesurfer/average/711-2B_as_mni_average_305_mask talsrcimg_g11 none talsrcimg_to_711-2C_as_mni_average_305_t4 2311
---------------------------------------------------------------------

freesurfer imgreg_4dfp.c
/opt/freesurfer/average/711-2C_as_mni_average_305.4dfp.img
       256       256       256         1
  1.000000  1.000000  1.000000
orientation T byte_order littleendian
Reading image: /opt/freesurfer/average/711-2C_as_mni_average_305.4dfp.img
dimensions:      256       256       256
mmppix:       1.0000   -1.0000   -1.0000
center:     128.0000 -129.0000 -129.0000
/opt/freesurfer/average/711-2B_as_mni_average_305_mask.4dfp.img
       256       256       256         1
  1.000000  1.000000  1.000000
orientation T byte_order littleendian
Reading mask: /opt/freesurfer/average/711-2B_as_mni_average_305_mask.4dfp.img (2306576 pixels)
talsrcimg_g11.4dfp.img
       256       256       256         1
  1.000000  1.000000  1.000000
orientation T byte_order littleendian
Reading image: talsrcimg_g11.4dfp.img
dimensions:      256       256       256
mmppix:       1.0000   -1.0000   -1.0000
center:     128.0000 -129.0000 -129.0000
fimgreg.f
image alignment mode   2311 decimal      907 hex
parameters
   -2.7909   -8.0968    3.6094   -6.1967  -10.7758   -3.8567
    2.1247   -5.9678    1.1571   23.7270    2.9474  -25.4153
eta,q 0.97186 10.16361
niter,ni,del,rscale     5    3    5.0000    0.8000
parameters
   -2.7748   -8.1236    3.4913   -6.2629  -10.0619   -2.7714
    2.0963   -5.9692    1.0462   23.5760    3.2874  -25.7187
eta,q 0.97216 10.23362
  0.0295  0.0292  0.0287  0.0284  0.0294  0.0291  0.0290  0.0295  0.0286  0.0290  0.0282  0.0285
  0.0288  0.0286  0.0283  0.0282  0.0288  0.0288  0.0284  0.0286  0.0282  0.0283  0.0280  0.0281
  0.0283  0.0282  0.0282  0.0281  0.0284  0.0285  0.0280  0.0280  0.0279  0.0279  0.0279  0.0279
  0.0281  0.0281  0.0281  0.0281  0.0281  0.0281  0.0279  0.0279  0.0279  0.0279  0.0278  0.0278
  0.0283  0.0283  0.0283  0.0282  0.0281  0.0278  0.0280  0.0281  0.0280  0.0280  0.0279  0.0280
  0.0287  0.0286  0.0285  0.0282  0.0283  0.0280  0.0284  0.0286  0.0282  0.0285  0.0280  0.0282
  0.0295  0.0292  0.0288  0.0284  0.0289  0.0287  0.0290  0.0295  0.0287  0.0291  0.0281  0.0286
niter,ni,del,rscale     4    3    5.0000    0.7000
parameters
   -2.8002   -8.1846    3.7869   -4.8090   -9.8486   -2.0337
    1.9623   -6.0381    0.8381   23.6192    3.6992  -25.5118
eta,q 0.97235 10.36388
  0.0289  0.0286  0.0287  0.0282  0.0288  0.0290  0.0285  0.0290  0.0283  0.0287  0.0280  0.0284
  0.0283  0.0282  0.0283  0.0280  0.0283  0.0287  0.0280  0.0283  0.0279  0.0281  0.0278  0.0280
  0.0280  0.0279  0.0280  0.0279  0.0280  0.0282  0.0277  0.0278  0.0277  0.0278  0.0277  0.0277
  0.0278  0.0278  0.0278  0.0278  0.0278  0.0278  0.0277  0.0277  0.0277  0.0277  0.0276  0.0276
  0.0280  0.0280  0.0278  0.0278  0.0278  0.0277  0.0278  0.0278  0.0278  0.0278  0.0277  0.0277
  0.0283  0.0283  0.0280  0.0278  0.0281  0.0280  0.0281  0.0283  0.0280  0.0281  0.0277  0.0279
  0.0290  0.0288  0.0282  0.0279  0.0287  0.0286  0.0287  0.0291  0.0284  0.0286  0.0279  0.0282
niter,ni,del,rscale     3    3    5.0000    0.6000
parameters
   -2.7797   -8.1899    4.1493   -4.2284   -9.7510   -1.2738
    1.8855   -6.0545    0.7137   23.6490    3.8299  -25.2093
eta,q 0.97250 10.43299
  0.0285  0.0283  0.0284  0.0278  0.0283  0.0288  0.0282  0.0286  0.0280  0.0283  0.0278  0.0281
  0.0281  0.0279  0.0281  0.0277  0.0280  0.0284  0.0278  0.0280  0.0277  0.0278  0.0276  0.0278
  0.0278  0.0277  0.0278  0.0277  0.0277  0.0280  0.0276  0.0276  0.0275  0.0276  0.0275  0.0276
  0.0277  0.0276  0.0276  0.0276  0.0276  0.0276  0.0275  0.0275  0.0275  0.0275  0.0275  0.0275
  0.0277  0.0277  0.0276  0.0276  0.0276  0.0275  0.0276  0.0276  0.0276  0.0276  0.0275  0.0275
  0.0280  0.0280  0.0277  0.0276  0.0278  0.0278  0.0278  0.0280  0.0278  0.0279  0.0276  0.0277
  0.0285  0.0283  0.0278  0.0278  0.0283  0.0282  0.0283  0.0286  0.0281  0.0283  0.0277  0.0279
niter,ni,del,rscale     2    3    5.0000    0.5000
parameters
   -2.7971   -8.1894    4.4955   -3.7802   -9.6586   -0.7210
    1.8239   -6.0800    0.6552   23.6046    3.8178  -24.9179
eta,q 0.97259 10.48307
  0.0281  0.0280  0.0281  0.0277  0.0280  0.0286  0.0279  0.0282  0.0278  0.0280  0.0276  0.0278
  0.0278  0.0277  0.0278  0.0276  0.0277  0.0281  0.0276  0.0278  0.0276  0.0276  0.0275  0.0276
  0.0276  0.0276  0.0276  0.0275  0.0275  0.0277  0.0275  0.0275  0.0274  0.0275  0.0274  0.0275
  0.0275  0.0275  0.0275  0.0275  0.0274  0.0274  0.0274  0.0274  0.0274  0.0274  0.0274  0.0274
  0.0276  0.0275  0.0275  0.0274  0.0274  0.0274  0.0275  0.0275  0.0275  0.0275  0.0274  0.0274
  0.0278  0.0277  0.0275  0.0275  0.0276  0.0276  0.0276  0.0278  0.0276  0.0277  0.0275  0.0275
  0.0281  0.0280  0.0276  0.0276  0.0280  0.0280  0.0279  0.0282  0.0278  0.0280  0.0276  0.0277
niter,ni,del,rscale     1    3    5.0000    0.4000
parameters
   -2.8222   -8.1964    4.7269   -3.5805   -9.5473   -0.4138
    1.7876   -6.0817    0.6289   23.5258    3.7747  -24.7209
eta,q 0.97263 10.50929
  0.0278  0.0277  0.0278  0.0276  0.0277  0.0281  0.0277  0.0279  0.0276  0.0277  0.0275  0.0276
  0.0276  0.0275  0.0276  0.0275  0.0276  0.0278  0.0275  0.0276  0.0275  0.0275  0.0274  0.0275
  0.0274  0.0274  0.0275  0.0274  0.0274  0.0275  0.0274  0.0274  0.0274  0.0274  0.0274  0.0274
  0.0274  0.0274  0.0274  0.0274  0.0274  0.0274  0.0274  0.0274  0.0274  0.0274  0.0274  0.0274
  0.0275  0.0274  0.0274  0.0274  0.0274  0.0274  0.0274  0.0274  0.0274  0.0274  0.0274  0.0274
  0.0276  0.0275  0.0274  0.0274  0.0275  0.0276  0.0275  0.0276  0.0275  0.0276  0.0274  0.0275
  0.0278  0.0277  0.0275  0.0275  0.0277  0.0278  0.0277  0.0279  0.0276  0.0278  0.0275  0.0276
registration optimization eta report
parameter search radius
    0.8000    0.8000    0.8000    2.4000    2.4000    2.4000
    2.4000    2.4000    2.4000    2.4000    2.4000    2.4000
100000*second partial in parameter space
       63.       50.       38.        3.        6.       11.
        6.        9.        4.        6.        2.        4.
  0.0278  0.0277  0.0278  0.0276  0.0277  0.0281  0.0277  0.0279  0.0276  0.0277  0.0275  0.0276
  0.0276  0.0275  0.0276  0.0275  0.0276  0.0278  0.0275  0.0276  0.0275  0.0275  0.0274  0.0275
  0.0274  0.0274  0.0275  0.0274  0.0274  0.0275  0.0274  0.0274  0.0274  0.0274  0.0274  0.0274
  0.0274  0.0274  0.0274  0.0274  0.0274  0.0274  0.0274  0.0274  0.0274  0.0274  0.0274  0.0274
  0.0275  0.0274  0.0274  0.0274  0.0274  0.0274  0.0274  0.0274  0.0274  0.0274  0.0274  0.0274
  0.0276  0.0275  0.0274  0.0274  0.0275  0.0276  0.0275  0.0276  0.0275  0.0276  0.0274  0.0275
  0.0278  0.0277  0.0275  0.0275  0.0277  0.0278  0.0277  0.0279  0.0276  0.0278  0.0275  0.0276
   -2.8222   -8.1964    4.7269   -3.5805   -9.5473   -0.4138
    1.7876   -6.0817    0.6289   23.5258    3.7747  -24.7209
eta,q 0.97263 10.50929

---------------------------------------------------------------------
imgreg_4dfp /opt/freesurfer/average/711-2C_as_mni_average_305 /opt/freesurfer/average/711-2B_as_mni_average_305_mask talsrcimg_g11 none talsrcimg_to_711-2C_as_mni_average_305_t4 2311
---------------------------------------------------------------------

freesurfer imgreg_4dfp.c
/opt/freesurfer/average/711-2C_as_mni_average_305.4dfp.img
       256       256       256         1
  1.000000  1.000000  1.000000
orientation T byte_order littleendian
Reading image: /opt/freesurfer/average/711-2C_as_mni_average_305.4dfp.img
dimensions:      256       256       256
mmppix:       1.0000   -1.0000   -1.0000
center:     128.0000 -129.0000 -129.0000
/opt/freesurfer/average/711-2B_as_mni_average_305_mask.4dfp.img
       256       256       256         1
  1.000000  1.000000  1.000000
orientation T byte_order littleendian
Reading mask: /opt/freesurfer/average/711-2B_as_mni_average_305_mask.4dfp.img (2306576 pixels)
talsrcimg_g11.4dfp.img
       256       256       256         1
  1.000000  1.000000  1.000000
orientation T byte_order littleendian
Reading image: talsrcimg_g11.4dfp.img
dimensions:      256       256       256
mmppix:       1.0000   -1.0000   -1.0000
center:     128.0000 -129.0000 -129.0000
fimgreg.f
image alignment mode   2311 decimal      907 hex
parameters
   -2.8222   -8.1964    4.7269   -3.5805   -9.5473   -0.4138
    1.7876   -6.0817    0.6289   23.5258    3.7747  -24.7209
eta,q 0.97263 10.50930
niter,ni,del,rscale     5    3    5.0000    0.8000
parameters
   -2.8502   -8.1989    4.8336   -4.3233  -10.0673   -0.7332
    1.7918   -6.1473    0.6611   23.4979    3.6251  -24.8190
eta,q 0.97257 10.43778
  0.0289  0.0287  0.0285  0.0278  0.0283  0.0290  0.0286  0.0293  0.0283  0.0288  0.0279  0.0282
  0.0281  0.0279  0.0279  0.0276  0.0279  0.0285  0.0280  0.0283  0.0278  0.0280  0.0276  0.0277
  0.0275  0.0275  0.0275  0.0275  0.0275  0.0277  0.0276  0.0276  0.0275  0.0276  0.0275  0.0275
  0.0274  0.0274  0.0274  0.0274  0.0274  0.0274  0.0274  0.0274  0.0274  0.0274  0.0274  0.0274
  0.0276  0.0275  0.0274  0.0274  0.0275  0.0276  0.0276  0.0277  0.0275  0.0276  0.0275  0.0276
  0.0281  0.0280  0.0277  0.0277  0.0281  0.0284  0.0280  0.0284  0.0278  0.0281  0.0277  0.0278
  0.0290  0.0287  0.0282  0.0284  0.0291  0.0299  0.0286  0.0293  0.0283  0.0287  0.0279  0.0282
niter,ni,del,rscale     4    3    5.0000    0.7000
parameters
   -2.8444   -8.1635    4.7267   -4.2626   -9.9050   -0.6868
    1.7899   -6.1493    0.6778   23.5357    3.6163  -24.8811
eta,q 0.97259 10.44864
  0.0286  0.0284  0.0280  0.0278  0.0283  0.0289  0.0283  0.0289  0.0281  0.0285  0.0278  0.0280
  0.0280  0.0279  0.0277  0.0276  0.0279  0.0283  0.0278  0.0281  0.0277  0.0279  0.0276  0.0277
  0.0276  0.0275  0.0275  0.0275  0.0276  0.0277  0.0275  0.0276  0.0275  0.0275  0.0274  0.0275
  0.0274  0.0274  0.0274  0.0274  0.0274  0.0274  0.0274  0.0274  0.0274  0.0274  0.0274  0.0274
  0.0275  0.0275  0.0275  0.0274  0.0274  0.0275  0.0275  0.0276  0.0275  0.0275  0.0275  0.0275
  0.0279  0.0278  0.0278  0.0275  0.0277  0.0280  0.0278  0.0281  0.0277  0.0279  0.0276  0.0277
  0.0286  0.0283  0.0283  0.0279  0.0283  0.0290  0.0283  0.0289  0.0281  0.0284  0.0278  0.0281
niter,ni,del,rscale     3    3    5.0000    0.6000
parameters
   -2.8395   -8.1721    4.7400   -4.0093   -9.7847   -0.5059
    1.7701   -6.1331    0.6559   23.5383    3.6770  -24.8235
eta,q 0.97261 10.47366
  0.0283  0.0281  0.0280  0.0277  0.0281  0.0287  0.0281  0.0286  0.0279  0.0282  0.0277  0.0279
  0.0278  0.0277  0.0277  0.0276  0.0278  0.0281  0.0277  0.0279  0.0276  0.0277  0.0275  0.0276
  0.0275  0.0275  0.0275  0.0275  0.0275  0.0276  0.0275  0.0275  0.0274  0.0275  0.0274  0.0274
  0.0274  0.0274  0.0274  0.0274  0.0274  0.0274  0.0274  0.0274  0.0274  0.0274  0.0274  0.0274
  0.0275  0.0275  0.0275  0.0274  0.0274  0.0275  0.0275  0.0275  0.0275  0.0275  0.0274  0.0274
  0.0278  0.0277  0.0276  0.0275  0.0276  0.0278  0.0277  0.0279  0.0276  0.0277  0.0275  0.0276
  0.0283  0.0281  0.0279  0.0277  0.0281  0.0285  0.0281  0.0285  0.0279  0.0282  0.0277  0.0279
niter,ni,del,rscale     2    3    5.0000    0.5000
parameters
   -2.8381   -8.1877    4.8092   -3.7695   -9.6762   -0.3331
    1.7526   -6.1141    0.6399   23.5028    3.7183  -24.7302
eta,q 0.97262 10.49673
  0.0280  0.0279  0.0278  0.0276  0.0279  0.0284  0.0279  0.0282  0.0277  0.0279  0.0276  0.0278
  0.0277  0.0276  0.0276  0.0275  0.0277  0.0279  0.0276  0.0278  0.0275  0.0276  0.0275  0.0275
  0.0275  0.0274  0.0275  0.0274  0.0275  0.0275  0.0274  0.0275  0.0274  0.0274  0.0274  0.0274
  0.0274  0.0274  0.0274  0.0274  0.0274  0.0274  0.0274  0.0274  0.0274  0.0274  0.0274  0.0274
  0.0275  0.0274  0.0274  0.0274  0.0274  0.0275  0.0274  0.0275  0.0274  0.0274  0.0274  0.0274
  0.0277  0.0276  0.0275  0.0274  0.0275  0.0277  0.0276  0.0277  0.0275  0.0276  0.0275  0.0275
  0.0280  0.0279  0.0277  0.0276  0.0279  0.0282  0.0279  0.0282  0.0277  0.0279  0.0276  0.0277
niter,ni,del,rscale     1    3    5.0000    0.4000
parameters
   -2.8396   -8.2051    4.8763   -3.6160   -9.5599   -0.2300
    1.7367   -6.1044    0.6347   23.4565    3.7070  -24.6396
eta,q 0.97263 10.51281
  0.0278  0.0277  0.0277  0.0275  0.0277  0.0280  0.0277  0.0279  0.0276  0.0277  0.0275  0.0276
  0.0276  0.0275  0.0275  0.0275  0.0276  0.0277  0.0275  0.0276  0.0275  0.0275  0.0274  0.0275
  0.0274  0.0274  0.0274  0.0274  0.0274  0.0274  0.0274  0.0274  0.0274  0.0274  0.0274  0.0274
  0.0274  0.0274  0.0274  0.0274  0.0274  0.0274  0.0274  0.0274  0.0274  0.0274  0.0274  0.0274
  0.0274  0.0274  0.0274  0.0274  0.0274  0.0274  0.0274  0.0274  0.0274  0.0274  0.0274  0.0274
  0.0276  0.0275  0.0275  0.0274  0.0275  0.0276  0.0275  0.0276  0.0275  0.0275  0.0274  0.0275
  0.0278  0.0277  0.0276  0.0275  0.0277  0.0279  0.0277  0.0279  0.0276  0.0277  0.0275  0.0276
registration optimization eta report
parameter search radius
    0.8000    0.8000    0.8000    2.4000    2.4000    2.4000
    2.4000    2.4000    2.4000    2.4000    2.4000    2.4000
100000*second partial in parameter space
       63.       50.       38.        3.        6.       11.
        6.        9.        4.        6.        2.        4.
  0.0278  0.0277  0.0277  0.0275  0.0277  0.0280  0.0277  0.0279  0.0276  0.0277  0.0275  0.0276
  0.0276  0.0275  0.0275  0.0275  0.0276  0.0277  0.0275  0.0276  0.0275  0.0275  0.0274  0.0275
  0.0274  0.0274  0.0274  0.0274  0.0274  0.0274  0.0274  0.0274  0.0274  0.0274  0.0274  0.0274
  0.0274  0.0274  0.0274  0.0274  0.0274  0.0274  0.0274  0.0274  0.0274  0.0274  0.0274  0.0274
  0.0274  0.0274  0.0274  0.0274  0.0274  0.0274  0.0274  0.0274  0.0274  0.0274  0.0274  0.0274
  0.0276  0.0275  0.0275  0.0274  0.0275  0.0276  0.0275  0.0276  0.0275  0.0275  0.0274  0.0275
  0.0278  0.0277  0.0276  0.0275  0.0277  0.0279  0.0277  0.0279  0.0276  0.0277  0.0275  0.0276
   -2.8396   -8.2051    4.8763   -3.6160   -9.5599   -0.2300
    1.7367   -6.1044    0.6347   23.4565    3.7070  -24.6396
eta,q 0.97263 10.51281

---------------------------------------------------------------------
compute_vox2vox talsrcimg talsrcimg_to_711-2C_as_mni_average_305_t4 /opt/freesurfer/average/711-2C_as_mni_average_305
---------------------------------------------------------------------

freesurfer compute_vox2vox.c
Reading: talsrcimg.4dfp.ifh
Reading: talsrcimg_to_711-2C_as_mni_average_305_t4
Reading: /opt/freesurfer/average/711-2C_as_mni_average_305.4dfp.ifh
Writing: talsrcimg_to_711-2C_as_mni_average_305_t4_vox2vox.txt

start time Sun Mar 8 17:21:12 CET 2026
end		time Sun Mar 8 17:22:39 CET 2026

mpr2mni305 success

avi2talxfm orig_nu.mgz /opt/freesurfer/average/mni305.cor.mgz talsrcimg_to_711-2C_as_mni_average_305_t4_vox2vox.txt transforms/talairach.auto.xfm
avi2talxfm done
mv -f /out/sourcedata/freesurfer/sub-v1s14x0051561_ses-1/mri/talsrcimg_to_711-2C_as_mni_average_305_t4_vox2vox.txt /out/sourcedata/freesurfer/sub-v1s14x0051561_ses-1/mri/transforms/talsrcimg_to_711-2C_as_mni_average_305_t4_vox2vox.txt
lta_convert --src orig_nu.mgz --trg /opt/freesurfer/average/mni305.cor.mgz --inxfm transforms/talairach.auto.xfm --outlta transforms/talairach.auto.xfm.lta --subject fsaverage
7.3.2

--src: orig_nu.mgz src image (geometry).
--trg: /opt/freesurfer/average/mni305.cor.mgz trg image (geometry).
--inmni: transforms/talairach.auto.xfm input MNI/XFM transform.
--outlta: transforms/talairach.auto.xfm.lta output LTA.
--s: fsaverage subject name
 LTA read, type : 1
 1.03507   0.06391  -0.00246   1.86588;
-0.03783   0.93963   0.25672  -22.44148;
 0.00255  -0.24415   1.03914   2.55766;
 0.00000   0.00000   0.00000   1.00000;
setting subject to fsaverage
Writing  LTA to file transforms/talairach.auto.xfm.lta...
lta_convert successful.
 
 
Started at Sun Mar 8 17:21:11 CET 2026
Ended   at Sun Mar  8 17:22:40 CET 2026
talairach_avi done
