status file for recon-all
Sun Mar  8 20:08:40 CET 2026
#@# Tessellate lh Sun Mar  8 20:08:40 CET 2026
#@# Smooth1 lh Sun Mar  8 20:08:43 CET 2026
#@# Inflation1 lh Sun Mar  8 20:08:47 CET 2026
#@# QSphere lh Sun Mar  8 20:09:01 CET 2026
#@# Fix Topology lh Sun Mar  8 20:10:05 CET 2026
#@# Smooth2 lh Sun Mar  8 20:19:10 CET 2026
#@# Inflation2 lh Sun Mar  8 20:19:13 CET 2026
#@# Curv .H and .K lh Sun Mar  8 20:19:29 CET 2026
#@# Sphere lh Sun Mar  8 20:20:20 CET 2026
#@# Surf Reg lh Sun Mar  8 20:25:00 CET 2026
#@# Jacobian white lh Sun Mar  8 20:30:11 CET 2026
#@# AvgCurv lh Sun Mar  8 20:30:12 CET 2026
#@# Cortical Parc lh Sun Mar  8 20:30:12 CET 2026
#@# white curv lh Sun Mar  8 20:36:52 CET 2026
#@# white area lh Sun Mar  8 20:36:54 CET 2026
#@# pial curv lh Sun Mar  8 20:36:55 CET 2026
#@# pial area lh Sun Mar  8 20:36:57 CET 2026
#@# thickness lh Sun Mar  8 20:36:58 CET 2026
#@# area and vertex vol lh Sun Mar  8 20:37:29 CET 2026
#@# Curvature Stats lh Sun Mar  8 20:37:31 CET 2026
#@# Cortical Parc 2 lh Sun Mar  8 20:37:33 CET 2026
#@# Cortical Parc 3 lh Sun Mar  8 20:37:48 CET 2026
#@# WM/GM Contrast lh Sun Mar  8 20:37:59 CET 2026
recon-all -s sub-v1s14x0051570_ses-1 finished without error at Sun Mar  8 20:38:04 CET 2026



#New# invocation of recon-all 



status file for recon-all
Sun Mar  8 21:13:20 CET 2026
#@# white curv lh Sun Mar  8 21:13:20 CET 2026
#@# white area lh Sun Mar  8 21:13:20 CET 2026
#@# pial curv lh Sun Mar  8 21:13:20 CET 2026
#@# pial area lh Sun Mar  8 21:13:20 CET 2026
#@# thickness lh Sun Mar  8 21:13:20 CET 2026
#@# area and vertex vol lh Sun Mar  8 21:13:20 CET 2026
#@# Parcellation Stats lh Sun Mar  8 21:13:20 CET 2026
#@# Parcellation Stats 2 lh Sun Mar  8 21:13:42 CET 2026
#@# Parcellation Stats 3 lh Sun Mar  8 21:13:53 CET 2026
#@# BA_exvivo Labels lh Sun Mar  8 21:14:04 CET 2026
recon-all -s sub-v1s14x0051570_ses-1 finished without error at Sun Mar  8 21:16:49 CET 2026
