status file for recon-all
Sun Mar  8 20:38:06 CET 2026
#@# Tessellate rh Sun Mar  8 20:38:06 CET 2026
#@# Smooth1 rh Sun Mar  8 20:38:10 CET 2026
#@# Inflation1 rh Sun Mar  8 20:38:13 CET 2026
#@# QSphere rh Sun Mar  8 20:38:26 CET 2026
#@# Fix Topology rh Sun Mar  8 20:39:32 CET 2026
#@# Smooth2 rh Sun Mar  8 20:49:54 CET 2026
#@# Inflation2 rh Sun Mar  8 20:49:57 CET 2026
#@# Curv .H and .K rh Sun Mar  8 20:50:12 CET 2026
#@# Sphere rh Sun Mar  8 20:51:03 CET 2026
#@# Surf Reg rh Sun Mar  8 20:55:08 CET 2026
#@# Jacobian white rh Sun Mar  8 21:00:17 CET 2026
#@# AvgCurv rh Sun Mar  8 21:00:18 CET 2026
#@# Cortical Parc rh Sun Mar  8 21:00:20 CET 2026
#@# white curv rh Sun Mar  8 21:07:37 CET 2026
#@# white area rh Sun Mar  8 21:07:39 CET 2026
#@# pial curv rh Sun Mar  8 21:07:40 CET 2026
#@# pial area rh Sun Mar  8 21:07:42 CET 2026
#@# thickness rh Sun Mar  8 21:07:43 CET 2026
#@# area and vertex vol rh Sun Mar  8 21:08:15 CET 2026
#@# Curvature Stats rh Sun Mar  8 21:08:16 CET 2026
#@# Cortical Parc 2 rh Sun Mar  8 21:08:19 CET 2026
#@# Cortical Parc 3 rh Sun Mar  8 21:08:33 CET 2026
#@# WM/GM Contrast rh Sun Mar  8 21:08:44 CET 2026
recon-all -s sub-v1s14x0051570_ses-1 finished without error at Sun Mar  8 21:08:49 CET 2026



#New# invocation of recon-all 



status file for recon-all
Sun Mar  8 21:16:52 CET 2026
#@# white curv rh Sun Mar  8 21:16:52 CET 2026
#@# white area rh Sun Mar  8 21:16:52 CET 2026
#@# pial curv rh Sun Mar  8 21:16:52 CET 2026
#@# pial area rh Sun Mar  8 21:16:52 CET 2026
#@# thickness rh Sun Mar  8 21:16:52 CET 2026
#@# area and vertex vol rh Sun Mar  8 21:16:53 CET 2026
#@# Parcellation Stats rh Sun Mar  8 21:16:53 CET 2026
#@# Parcellation Stats 2 rh Sun Mar  8 21:17:16 CET 2026
#@# Parcellation Stats 3 rh Sun Mar  8 21:17:27 CET 2026
#@# BA_exvivo Labels rh Sun Mar  8 21:17:37 CET 2026
recon-all -s sub-v1s14x0051570_ses-1 finished without error at Sun Mar  8 21:20:22 CET 2026
