status file for recon-all
Sun Mar  8 18:20:31 CET 2026
#@# MotionCor Sun Mar  8 18:20:32 CET 2026
#@# Talairach Sun Mar  8 18:20:43 CET 2026
#@# Talairach Failure Detection Sun Mar  8 18:25:07 CET 2026
#@# Nu Intensity Correction Sun Mar  8 18:25:07 CET 2026
#@# Intensity Normalization Sun Mar  8 18:28:21 CET 2026
recon-all -s sub-v1s14x0051570_ses-1 finished without error at Sun Mar  8 18:29:58 CET 2026



#New# invocation of recon-all 



status file for recon-all
Sun Mar  8 18:37:44 CET 2026
#@# EM Registration Sun Mar  8 18:37:44 CET 2026
recon-all -s sub-v1s14x0051570_ses-1 finished without error at Sun Mar  8 18:39:22 CET 2026



#New# invocation of recon-all 



status file for recon-all
Sun Mar  8 18:39:25 CET 2026
#@# CA Normalize Sun Mar  8 18:39:25 CET 2026
#@# CA Reg Sun Mar  8 18:40:47 CET 2026
#@# SubCort Seg Sun Mar  8 19:29:42 CET 2026
#@# CC Seg Sun Mar  8 20:02:45 CET 2026
#@# Merge ASeg Sun Mar  8 20:03:16 CET 2026
#@# Intensity Normalization2 Sun Mar  8 20:03:16 CET 2026
#@# Mask BFS Sun Mar  8 20:05:29 CET 2026
#@# WM Segmentation Sun Mar  8 20:05:30 CET 2026
#@# Fill Sun Mar  8 20:07:34 CET 2026
recon-all -s sub-v1s14x0051570_ses-1 finished without error at Sun Mar  8 20:08:35 CET 2026



#New# invocation of recon-all 



status file for recon-all
Sun Mar  8 21:08:54 CET 2026
#@# white curv lh Sun Mar  8 21:08:54 CET 2026
#@# white area lh Sun Mar  8 21:08:54 CET 2026
#@# pial curv lh Sun Mar  8 21:08:54 CET 2026
#@# pial area lh Sun Mar  8 21:08:54 CET 2026
#@# thickness lh Sun Mar  8 21:08:54 CET 2026
#@# area and vertex vol lh Sun Mar  8 21:08:54 CET 2026
#@# white curv rh Sun Mar  8 21:08:54 CET 2026
#@# white area rh Sun Mar  8 21:08:54 CET 2026
#@# pial curv rh Sun Mar  8 21:08:54 CET 2026
#@# pial area rh Sun Mar  8 21:08:54 CET 2026
#@# thickness rh Sun Mar  8 21:08:54 CET 2026
#@# area and vertex vol rh Sun Mar  8 21:08:54 CET 2026
#@# Cortical ribbon mask Sun Mar  8 21:08:54 CET 2026
recon-all -s sub-v1s14x0051570_ses-1 finished without error at Sun Mar  8 21:13:16 CET 2026



#New# invocation of recon-all 



status file for recon-all
Sun Mar  8 21:20:26 CET 2026
#@# white curv lh Sun Mar  8 21:20:26 CET 2026
#@# white area lh Sun Mar  8 21:20:26 CET 2026
#@# pial curv lh Sun Mar  8 21:20:26 CET 2026
#@# pial area lh Sun Mar  8 21:20:26 CET 2026
#@# thickness lh Sun Mar  8 21:20:26 CET 2026
#@# area and vertex vol lh Sun Mar  8 21:20:26 CET 2026
#@# white curv rh Sun Mar  8 21:20:26 CET 2026
#@# white area rh Sun Mar  8 21:20:26 CET 2026
#@# pial curv rh Sun Mar  8 21:20:27 CET 2026
#@# pial area rh Sun Mar  8 21:20:27 CET 2026
#@# thickness rh Sun Mar  8 21:20:27 CET 2026
#@# area and vertex vol rh Sun Mar  8 21:20:27 CET 2026
#@# Curvature Stats lh Sun Mar  8 21:20:27 CET 2026
#@# Curvature Stats rh Sun Mar  8 21:20:29 CET 2026
#@# Relabel Hypointensities Sun Mar  8 21:20:32 CET 2026
#@# APas-to-ASeg Sun Mar  8 21:20:47 CET 2026
#@# AParc-to-ASeg aparc Sun Mar  8 21:20:56 CET 2026
#@# AParc-to-ASeg aparc.a2009s Sun Mar  8 21:21:32 CET 2026
#@# AParc-to-ASeg aparc.DKTatlas Sun Mar  8 21:22:09 CET 2026
#@# WMParc Sun Mar  8 21:22:46 CET 2026
#@# ASeg Stats Sun Mar  8 21:26:29 CET 2026
recon-all -s sub-v1s14x0051570_ses-1 finished without error at Sun Mar  8 21:27:11 CET 2026
