/out/sourcedata/freesurfer/sub-v1s14x0051568_ses-1/mri
/opt/freesurfer/bin/talairach_avi
--i orig_nu.mgz --xfm transforms/talairach.auto.xfm
talairach_avi 7.3.2
Linux dna058 5.14.0-427.37.1.el9_4.x86_64 #1 SMP PREEMPT_DYNAMIC Fri Sep 13 12:41:50 EDT 2024 x86_64 x86_64 x86_64 GNU/Linux
Sun Mar  8 17:59:49 CET 2026
mri_convert orig_nu.mgz talsrcimg.img 
reading from orig_nu.mgz...
TR=0.00, TE=0.00, TI=0.00, flip angle=0.00
i_ras = (-1, -1.39698e-09, 0)
j_ras = (0, 7.45058e-09, -1)
k_ras = (-3.49246e-10, 1, 0)
writing to talsrcimg.img...
Analyze Output Matrix
-1.00000   0.00000  -0.00000   136.29233;
-0.00000   0.00000   1.00000  -119.19582;
 0.00000  -1.00000   0.00000   160.71368;
 0.00000   0.00000   0.00000   1.00000;
--------------------
INFO: set hdr.hist.orient to -1
mpr2mni305 talsrcimg
Sun Mar  8 17:59:49 CET 2026
/opt/freesurfer/bin/mpr2mni305 talsrcimg
mpr2mni305 7.3.2
target=711-2C_as_mni_average_305

---------------------------------------------------------------------
analyzeto4dfp talsrcimg -O0 -y
---------------------------------------------------------------------

freesurfer ifh2hdr.c
Sun Mar  8 17:59:50 2026
Writing: talsrcimg.4dfp.hdr
freesurfer analyzeto4dfp.c
Reading: talsrcimg.hdr
header size 348 bytes
hdr.dime.datatype	offset=70	value=2
hdr.dime.bitpix		offset=72	value=8
hdr.hist.orient		offset=252	value=-1
dimensionality     4
dimensions       256       256       256         1
Reading: talsrcimg.img
Writing: talsrcimg.4dfp.img
Writing: talsrcimg.4dfp.ifh
ifh2hdr talsrcimg -r0to250
ori=2

---------------------------------------------------------------------
gauss_4dfp talsrcimg 1.1
---------------------------------------------------------------------

freesurfer gauss_4dfp.c
Reading: talsrcimg.4dfp.img
Writing: talsrcimg_g11.4dfp.img
image dimensions 256 256 256 padded to 288 288 288
processing volume 1freesurfer ifh2hdr.c
Sun Mar  8 17:59:51 2026
Writing: talsrcimg_g11.4dfp.hdr

Writing: talsrcimg_g11.4dfp.ifh
including: talsrcimg.4dfp.img.rec in talsrcimg_g11.4dfp.img.rec

---------------------------------------------------------------------
imgreg_4dfp /opt/freesurfer/average/711-2C_as_mni_average_305 none talsrcimg_g11 none talsrcimg_to_711-2C_as_mni_average_305_t4 4355
---------------------------------------------------------------------

freesurfer imgreg_4dfp.c
/opt/freesurfer/average/711-2C_as_mni_average_305.4dfp.img
       256       256       256         1
  1.000000  1.000000  1.000000
orientation T byte_order littleendian
Reading image: /opt/freesurfer/average/711-2C_as_mni_average_305.4dfp.img
dimensions:      256       256       256
mmppix:       1.0000   -1.0000   -1.0000
center:     128.0000 -129.0000 -129.0000
talsrcimg_g11.4dfp.img
       256       256       256         1
  1.000000  1.000000  1.000000
orientation T byte_order littleendian
Reading image: talsrcimg_g11.4dfp.img
dimensions:      256       256       256
mmppix:       1.0000   -1.0000   -1.0000
center:     128.0000 -129.0000 -129.0000
t4_read: open error in t4_sub.f l:  41 t4_file(1:l)talsrcimg_to_711-2C_as_mni_average_305_t4 
t4_read: transform initialized to I4
rotation matrix determinant  1.000000
image alignment mode   4355 decimal     1103 hex
   -7.5000  -45.0000  -45.0000 8842.8232   18.0654
    0.0000  -45.0000  -45.0000 9172.9570   18.0501
    7.5000  -45.0000  -45.0000 8705.8799   18.0486
   -7.5000  -37.5000  -45.0000 9198.9795   18.0311
    0.0000  -37.5000  -45.0000 9555.2383   18.0176
    7.5000  -37.5000  -45.0000 9048.1045   18.0080
   -7.5000  -30.0000  -45.0000 9814.9072   18.0190
    0.0000  -30.0000  -45.000010200.7754   18.0064
    7.5000  -30.0000  -45.0000 9669.5186   17.9900
   -7.5000  -22.5000  -45.000010435.9482   18.0426
    0.0000  -22.5000  -45.000010836.0430   18.0298
    7.5000  -22.5000  -45.000010293.5068   18.0159
   -7.5000  -15.0000  -45.000010994.7803   18.0772
    0.0000  -15.0000  -45.000011430.1641   18.0638
    7.5000  -15.0000  -45.000010871.2588   18.0576
   -7.5000   -7.5000  -45.000011490.0010   18.0878
    0.0000   -7.5000  -45.000011960.1846   18.0728
    7.5000   -7.5000  -45.000011393.2148   18.0724
   -7.5000    0.0000  -45.000011909.6924   18.0654
    0.0000    0.0000  -45.000012407.3076   18.0501
    7.5000    0.0000  -45.000011816.7432   18.0486
   -7.5000    7.5000  -45.000011289.0879   18.0311
    0.0000    7.5000  -45.000011754.6582   18.0176
    7.5000    7.5000  -45.000011180.4775   18.0080
   -7.5000   15.0000  -45.000010447.1201   18.0190
    0.0000   15.0000  -45.000010851.3193   18.0064
    7.5000   15.0000  -45.000010295.7305   17.9900
   -7.5000   22.5000  -45.0000 9545.5225   18.0401
    0.0000   22.5000  -45.0000 9931.4883   18.0273
    7.5000   22.5000  -45.0000 9420.8770   18.0134
   -7.5000   30.0000  -45.0000 8708.0781   17.8363
    0.0000   30.0000  -45.0000 9033.3818   17.8231
    7.5000   30.0000  -45.0000 8553.1240   17.8170
   -7.5000   37.5000  -45.0000 8064.1138   17.8468
    0.0000   37.5000  -45.0000 8380.9102   17.8320
    7.5000   37.5000  -45.0000 7937.5020   17.8316
   -7.5000   45.0000  -45.0000 7115.7490   17.3904
    0.0000   45.0000  -45.0000 7402.3018   17.3756
    7.5000   45.0000  -45.0000 7021.9272   17.3741
   -7.5000  -45.0000  -37.5000 9485.4307   18.0719
    0.0000  -45.0000  -37.5000 9839.2412   18.0598
    7.5000  -45.0000  -37.5000 9341.7393   18.0614
   -7.5000  -37.5000  -37.5000 9856.7705   18.0301
    0.0000  -37.5000  -37.500010231.0713   18.0195
    7.5000  -37.5000  -37.5000 9689.6250   18.0141
   -7.5000  -30.0000  -37.500010507.2227   18.0110
    0.0000  -30.0000  -37.500010900.2969   18.0014
    7.5000  -30.0000  -37.500010341.9570   17.9878
   -7.5000  -22.5000  -37.500011128.0186   18.0365
    0.0000  -22.5000  -37.500011541.8438   18.0271
    7.5000  -22.5000  -37.500010994.0664   18.0125
   -7.5000  -15.0000  -37.500011683.5225   18.0790
    0.0000  -15.0000  -37.500012127.9521   18.0694
    7.5000  -15.0000  -37.500011560.3564   18.0605
   -7.5000   -7.5000  -37.500012230.0342   18.0953
    0.0000   -7.5000  -37.500012700.8135   18.0839
    7.5000   -7.5000  -37.500012131.9854   18.0830
   -7.5000    0.0000  -37.500012662.2578   18.0719
    0.0000    0.0000  -37.500013167.9580   18.0598
    7.5000    0.0000  -37.500012570.0449   18.0614
   -7.5000    7.5000  -37.500011968.5029   18.0301
    0.0000    7.5000  -37.500012448.9385   18.0195
    7.5000    7.5000  -37.500011872.8613   18.0141
   -7.5000   15.0000  -37.500011038.3584   18.0110
    0.0000   15.0000  -37.500011456.8340   18.0014
    7.5000   15.0000  -37.500010917.8613   17.9878
   -7.5000   22.5000  -37.500010080.5078   18.0340
    0.0000   22.5000  -37.500010452.5869   18.0246
    7.5000   22.5000  -37.5000 9962.9346   18.0100
   -7.5000   30.0000  -37.5000 9133.5996   17.8381
    0.0000   30.0000  -37.5000 9467.4639   17.8286
    7.5000   30.0000  -37.5000 9008.6074   17.8198
   -7.5000   37.5000  -37.5000 8447.6074   17.8541
    0.0000   37.5000  -37.5000 8769.9365   17.8429
    7.5000   37.5000  -37.5000 8341.7285   17.8421
   -7.5000   45.0000  -37.5000 7436.5278   17.3966
    0.0000   45.0000  -37.5000 7727.5654   17.3851
    7.5000   45.0000  -37.5000 7354.1396   17.3867
   -7.5000  -45.0000  -30.000010217.7822   18.8779
    0.0000  -45.0000  -30.000010618.5928   18.8602
    7.5000  -45.0000  -30.000010097.0859   18.8646
   -7.5000  -37.5000  -30.000010613.5732   18.8271
    0.0000  -37.5000  -30.000011031.0215   18.8115
    7.5000  -37.5000  -30.000010478.9912   18.8119
   -7.5000  -30.0000  -30.000011333.0234   18.7971
    0.0000  -30.0000  -30.000011771.7188   18.7874
    7.5000  -30.0000  -30.000011190.5215   18.7828
   -7.5000  -22.5000  -30.000012005.6621   18.8218
    0.0000  -22.5000  -30.000012462.2168   18.8167
    7.5000  -22.5000  -30.000011862.7139   18.8110
   -7.5000  -15.0000  -30.000012600.7363   18.8726
    0.0000  -15.0000  -30.000013054.5713   18.8676
    7.5000  -15.0000  -30.000012457.3818   18.8652
   -7.5000   -7.5000  -30.000013166.4053   18.8987
    0.0000   -7.5000  -30.000013655.2988   18.8870
    7.5000   -7.5000  -30.000013027.1260   18.8897
   -7.5000    0.0000  -30.000013591.5303   18.8779
    0.0000    0.0000  -30.000014084.2529   18.8602
    7.5000    0.0000  -30.000013472.1748   18.8646
   -7.5000    7.5000  -30.000012836.1064   18.8271
    0.0000    7.5000  -30.000013296.6953   18.8115
    7.5000    7.5000  -30.000012732.4023   18.8119
   -7.5000   15.0000  -30.000011812.5928   18.7971
    0.0000   15.0000  -30.000012224.1064   18.7874
    7.5000   15.0000  -30.000011699.8057   18.7828
   -7.5000   22.5000  -30.000010776.2227   18.8173
    0.0000   22.5000  -30.000011125.4893   18.8122
    7.5000   22.5000  -30.000010649.1230   18.8065
   -7.5000   30.0000  -30.0000 9733.9873   18.6229
    0.0000   30.0000  -30.000010049.9248   18.6179
    7.5000   30.0000  -30.0000 9593.3027   18.6156
   -7.5000   37.5000  -30.0000 8978.9424   18.6486
    0.0000   37.5000  -30.0000 9289.6680   18.6371
    7.5000   37.5000  -30.0000 8863.1250   18.6397
   -7.5000   45.0000  -30.0000 7892.1860   18.1860
    0.0000   45.0000  -30.0000 8159.2158   18.1691
    7.5000   45.0000  -30.0000 7803.4395   18.1735
   -7.5000  -45.0000  -22.500010991.5820   19.5407
    0.0000  -45.0000  -22.500011402.0215   19.5135
    7.5000  -45.0000  -22.500010859.1836   19.5184
   -7.5000  -37.5000  -22.500011417.7969   19.4909
    0.0000  -37.5000  -22.500011847.2588   19.4674
    7.5000  -37.5000  -22.500011269.7295   19.4696
   -7.5000  -30.0000  -22.500012185.6191   19.4599
    0.0000  -30.0000  -22.500012639.3711   19.4478
    7.5000  -30.0000  -22.500012017.8818   19.4496
   -7.5000  -22.5000  -22.500012888.8096   19.4817
    0.0000  -22.5000  -22.500013369.4180   19.4781
    7.5000  -22.5000  -22.500012725.3232   19.4829
   -7.5000  -15.0000  -22.500013531.5127   19.5302
    0.0000  -15.0000  -22.500014026.4023   19.5263
    7.5000  -15.0000  -22.500013366.3623   19.5345
   -7.5000   -7.5000  -22.500014116.1729   19.5580
    0.0000   -7.5000  -22.500014637.9922   19.5421
    7.5000   -7.5000  -22.500013948.6230   19.5500
   -7.5000    0.0000  -22.500014505.6855   19.5407
    0.0000    0.0000  -22.500015023.0771   19.5135
    7.5000    0.0000  -22.500014362.0137   19.5184
   -7.5000    7.5000  -22.500013667.8760   19.4909
    0.0000    7.5000  -22.500014160.8252   19.4674
    7.5000    7.5000  -22.500013576.1523   19.4696
   -7.5000   15.0000  -22.500012572.8643   19.4599
    0.0000   15.0000  -22.500012973.8750   19.4478
    7.5000   15.0000  -22.500012462.6387   19.4496
   -7.5000   22.5000  -22.500011438.3281   19.4757
    0.0000   22.5000  -22.500011820.3945   19.4721
    7.5000   22.5000  -22.500011340.2881   19.4769
   -7.5000   30.0000  -22.500010292.4424   19.2747
    0.0000   30.0000  -22.500010624.1602   19.2709
    7.5000   30.0000  -22.500010179.5273   19.2790
   -7.5000   37.5000  -22.5000 9467.0674   19.3022
    0.0000   37.5000  -22.5000 9790.8574   19.2864
    7.5000   37.5000  -22.5000 9379.7139   19.2943
   -7.5000   45.0000  -22.5000 8328.0879   18.8388
    0.0000   45.0000  -22.5000 8623.5176   18.8127
    7.5000   45.0000  -22.5000 8262.8994   18.8175
   -7.5000  -45.0000  -15.000011736.9160   19.9871
    0.0000  -45.0000  -15.000012205.8643   19.9549
    7.5000  -45.0000  -15.000011590.4238   19.9561
   -7.5000  -37.5000  -15.000012200.9307   19.9432
    0.0000  -37.5000  -15.000012677.3535   19.9153
    7.5000  -37.5000  -15.000012032.5703   19.9127
   -7.5000  -30.0000  -15.000012985.6807   19.9176
    0.0000  -30.0000  -15.000013501.8086   19.9027
    7.5000  -30.0000  -15.000012813.8281   19.9021
   -7.5000  -22.5000  -15.000013744.2344   19.9381
    0.0000  -22.5000  -15.000014292.1016   19.9324
    7.5000  -22.5000  -15.000013549.1260   19.9393
   -7.5000  -15.0000  -15.000014420.7617   19.9803
    0.0000  -15.0000  -15.000015021.9346   19.9738
    7.5000  -15.0000  -15.000014242.3691   19.9865
   -7.5000   -7.5000  -15.000015014.0244   20.0037
    0.0000   -7.5000  -15.000015623.4746   19.9837
    7.5000   -7.5000  -15.000014819.6865   19.9927
   -7.5000    0.0000  -15.000015379.2637   19.9871
    0.0000    0.0000  -15.000015978.2881   19.9549
    7.5000    0.0000  -15.000015212.1221   19.9561
   -7.5000    7.5000  -15.000014455.6328   19.9432
    0.0000    7.5000  -15.000015013.2871   19.9153
    7.5000    7.5000  -15.000014375.3330   19.9127
   -7.5000   15.0000  -15.000013249.7793   19.9176
    0.0000   15.0000  -15.000013723.3379   19.9027
    7.5000   15.0000  -15.000013186.2803   19.9021
   -7.5000   22.5000  -15.000012093.7490   19.9310
    0.0000   22.5000  -15.000012499.4355   19.9253
    7.5000   22.5000  -15.000012010.5576   19.9323
   -7.5000   30.0000  -15.000010906.0869   19.7217
    0.0000   30.0000  -15.000011259.2402   19.7153
    7.5000   30.0000  -15.000010776.1943   19.7278
   -7.5000   37.5000  -15.0000 9989.1045   19.7448
    0.0000   37.5000  -15.000010344.5596   19.7251
    7.5000   37.5000  -15.0000 9906.9375   19.7339
   -7.5000   45.0000  -15.0000 8755.7656   19.2808
    0.0000   45.0000  -15.0000 9089.9111   19.2497
    7.5000   45.0000  -15.0000 8718.3369   19.2508
   -7.5000  -45.0000   -7.500012494.6885   20.1756
    0.0000  -45.0000   -7.500013000.4854   20.1478
    7.5000  -45.0000   -7.500012372.9834   20.1451
   -7.5000  -37.5000   -7.500013024.6973   20.1364
    0.0000  -37.5000   -7.500013542.3975   20.1120
    7.5000  -37.5000   -7.500012847.4355   20.1025
   -7.5000  -30.0000   -7.500013864.1748   20.1187
    0.0000  -30.0000   -7.500014442.0947   20.1022
    7.5000  -30.0000   -7.500013650.7666   20.0914
   -7.5000  -22.5000   -7.500014629.1348   20.1423
    0.0000  -22.5000   -7.500015251.5068   20.1306
    7.5000  -22.5000   -7.500014390.9131   20.1270
   -7.5000  -15.0000   -7.500015342.8164   20.1807
    0.0000  -15.0000   -7.500015995.2148   20.1681
    7.5000  -15.0000   -7.500015099.1143   20.1726
   -7.5000   -7.5000   -7.500015938.9004   20.1965
    0.0000   -7.5000   -7.500016610.8906   20.1756
    7.5000   -7.5000   -7.500015718.2227   20.1797
   -7.5000    0.0000   -7.500016264.1514   20.1756
    0.0000    0.0000   -7.500016959.5957   20.1478
    7.5000    0.0000   -7.500016073.6367   20.1451
   -7.5000    7.5000   -7.500015282.4814   20.1364
    0.0000    7.5000   -7.500015889.7588   20.1120
    7.5000    7.5000   -7.500015147.4482   20.1025
   -7.5000   15.0000   -7.500014021.9141   20.1187
    0.0000   15.0000   -7.500014580.3154   20.1022
    7.5000   15.0000   -7.500013928.9951   20.0914
   -7.5000   22.5000   -7.500012826.7852   20.1330
    0.0000   22.5000   -7.500013317.1436   20.1213
    7.5000   22.5000   -7.500012717.5361   20.1177
   -7.5000   30.0000   -7.500011562.0049   19.9190
    0.0000   30.0000   -7.500011963.5479   19.9066
    7.5000   30.0000   -7.500011414.6260   19.9110
   -7.5000   37.5000   -7.500010577.0625   19.9346
    0.0000   37.5000   -7.500010955.8535   19.9139
    7.5000   37.5000   -7.500010458.8457   19.9180
   -7.5000   45.0000   -7.5000 9224.7871   19.4661
    0.0000   45.0000   -7.5000 9565.3516   19.4392
    7.5000   45.0000   -7.5000 9152.2051   19.4365
   -7.5000  -45.0000    0.000013170.9248   20.1909
    0.0000  -45.0000    0.000013717.8613   20.1730
    7.5000  -45.0000    0.000013040.2441   20.1712
   -7.5000  -37.5000    0.000013786.5439   20.1522
    0.0000  -37.5000    0.000014369.3525   20.1367
    7.5000  -37.5000    0.000013588.4482   20.1256
   -7.5000  -30.0000    0.000014780.4297   20.1391
    0.0000  -30.0000    0.000015452.4307   20.1249
    7.5000  -30.0000    0.000014502.5908   20.1062
   -7.5000  -22.5000    0.000015568.3623   20.1665
    0.0000  -22.5000    0.000016298.0547   20.1521
    7.5000  -22.5000    0.000015276.6416   20.1361
   -7.5000  -15.0000    0.000016235.3984   20.2056
    0.0000  -15.0000    0.000016993.3105   20.1904
    7.5000  -15.0000    0.000015945.7695   20.1832
   -7.5000   -7.5000    0.000016781.3711   20.2169
    0.0000   -7.5000    0.000017559.0234   20.1995
    7.5000   -7.5000    0.000016540.1270   20.1989
   -7.5000    0.0000    0.000017106.3184   20.1909
    0.0000    0.0000    0.000017889.8242   20.1730
    7.5000    0.0000    0.000016898.1660   20.1712
   -7.5000    7.5000    0.000016041.5762   20.1522
    0.0000    7.5000    0.000016712.7793   20.1367
    7.5000    7.5000    0.000015851.3359   20.1256
   -7.5000   15.0000    0.000014789.7920   20.1391
    0.0000   15.0000    0.000015370.3896   20.1249
    7.5000   15.0000    0.000014618.2686   20.1062
   -7.5000   22.5000    0.000013518.4434   20.1572
    0.0000   22.5000    0.000014044.6924   20.1428
    7.5000   22.5000    0.000013370.5977   20.1268
   -7.5000   30.0000    0.000012178.2871   19.9441
    0.0000   30.0000    0.000012628.5801   19.9291
    7.5000   30.0000    0.000012009.4668   19.9219
   -7.5000   37.5000    0.000011129.8389   19.9552
    0.0000   37.5000    0.000011538.1387   19.9381
    7.5000   37.5000    0.000010982.9092   19.9375
   -7.5000   45.0000    0.0000 9674.0674   19.4822
    0.0000   45.0000    0.000010040.2939   19.4649
    7.5000   45.0000    0.0000 9582.3818   19.4631
   -7.5000  -45.0000    7.500012814.6875   20.2229
    0.0000  -45.0000    7.500013344.8262   20.2094
    7.5000  -45.0000    7.500012665.3213   20.2111
   -7.5000  -37.5000    7.500013528.4961   20.1761
    0.0000  -37.5000    7.500014085.1182   20.1643
    7.5000  -37.5000    7.500013240.6924   20.1583
   -7.5000  -30.0000    7.500014679.1416   20.1548
    0.0000  -30.0000    7.500015399.3848   20.1440
    7.5000  -30.0000    7.500014229.2773   20.1288
   -7.5000  -22.5000    7.500015472.2139   20.1833
    0.0000  -22.5000    7.500016254.3682   20.1728
    7.5000  -22.5000    7.500015033.6094   20.1564
   -7.5000  -15.0000    7.500015935.3096   20.2309
    0.0000  -15.0000    7.500016685.2656   20.2202
    7.5000  -15.0000    7.500015559.1523   20.2102
   -7.5000   -7.5000    7.500016408.1895   20.2491
    0.0000   -7.5000    7.500017146.0605   20.2363
    7.5000   -7.5000    7.500016070.6396   20.2354
   -7.5000    0.0000    7.500016717.4199   20.2229
    0.0000    0.0000    7.500017452.8359   20.2094
    7.5000    0.0000    7.500016378.2100   20.2111
   -7.5000    7.5000    7.500015677.1416   20.1761
    0.0000    7.5000    7.500016338.4512   20.1643
    7.5000    7.5000    7.500015348.2656   20.1583
   -7.5000   15.0000    7.500014416.4707   20.1548
    0.0000   15.0000    7.500014982.0732   20.1440
    7.5000   15.0000    7.500014147.8799   20.1288
   -7.5000   22.5000    7.500013166.8447   20.1740
    0.0000   22.5000    7.500013670.7441   20.1635
    7.5000   22.5000    7.500012955.3594   20.1471
   -7.5000   30.0000    7.500011845.0234   19.9691
    0.0000   30.0000    7.500012302.6338   19.9585
    7.5000   30.0000    7.500011662.6973   19.9486
   -7.5000   37.5000    7.500010834.5156   19.9870
    0.0000   37.5000    7.500011246.9961   19.9744
    7.5000   37.5000    7.500010675.8154   19.9735
   -7.5000   45.0000    7.5000 9406.7070   19.5131
    0.0000   45.0000    7.5000 9757.6855   19.5002
    7.5000   45.0000    7.5000 9307.7354   19.5020
   -7.5000  -45.0000   15.000012379.6855   20.2717
    0.0000  -45.0000   15.000012885.6973   20.2527
    7.5000  -45.0000   15.000012150.1738   20.2574
   -7.5000  -37.5000   15.000013140.3984   20.2172
    0.0000  -37.5000   15.000013677.0576   20.2004
    7.5000  -37.5000   15.000012718.0283   20.2009
   -7.5000  -30.0000   15.000014276.0244   20.1850
    0.0000  -30.0000   15.000015001.5967   20.1746
    7.5000  -30.0000   15.000013702.4814   20.1697
   -7.5000  -22.5000   15.000015066.8467   20.2116
    0.0000  -22.5000   15.000015807.2783   20.2061
    7.5000  -22.5000   15.000014511.9482   20.1999
   -7.5000  -15.0000   15.000015542.7412   20.2661
    0.0000  -15.0000   15.000016240.8867   20.2607
    7.5000  -15.0000   15.000015049.2441   20.2581
   -7.5000   -7.5000   15.000016019.4541   20.2941
    0.0000   -7.5000   15.000016695.5703   20.2815
    7.5000   -7.5000   15.000015543.4795   20.2844
   -7.5000    0.0000   15.000016227.5684   20.2717
    0.0000    0.0000   15.000016912.3320   20.2527
    7.5000    0.0000   15.000015826.8330   20.2574
   -7.5000    7.5000   15.000015156.6719   20.2172
    0.0000    7.5000   15.000015761.3291   20.2004
    7.5000    7.5000   15.000014780.6533   20.2009
   -7.5000   15.0000   15.000013903.0225   20.1850
    0.0000   15.0000   15.000014437.4951   20.1746
    7.5000   15.0000   15.000013605.4463   20.1697
   -7.5000   22.5000   15.000012655.5820   20.2023
    0.0000   22.5000   15.000013149.7695   20.1967
    7.5000   22.5000   15.000012439.6260   20.1906
   -7.5000   30.0000   15.000011362.9160   20.0038
    0.0000   30.0000   15.000011817.4473   19.9985
    7.5000   30.0000   15.000011190.1797   19.9959
   -7.5000   37.5000   15.000010358.8174   20.0314
    0.0000   37.5000   15.000010768.5625   20.0190
    7.5000   37.5000   15.000010234.0762   20.0219
   -7.5000   45.0000   15.0000 8977.5977   19.5604
    0.0000   45.0000   15.0000 9331.4805   19.5423
    7.5000   45.0000   15.0000 8899.2734   19.5469
   -7.5000  -45.0000   22.500011856.9980   20.2848
    0.0000  -45.0000   22.500012324.2529   20.2566
    7.5000  -45.0000   22.500011587.1367   20.2617
   -7.5000  -37.5000   22.500012491.1455   20.2331
    0.0000  -37.5000   22.500013025.7510   20.2087
    7.5000  -37.5000   22.500012125.2344   20.2110
   -7.5000  -30.0000   22.500013435.3262   20.2009
    0.0000  -30.0000   22.500014060.9932   20.1884
    7.5000  -30.0000   22.500013022.0186   20.1902
   -7.5000  -22.5000   22.500014180.3037   20.2236
    0.0000  -22.5000   22.500014785.9756   20.2199
    7.5000  -22.5000   22.500013766.5771   20.2249
   -7.5000  -15.0000   22.500014757.3721   20.2739
    0.0000  -15.0000   22.500015381.9717   20.2698
    7.5000  -15.0000   22.500014373.1875   20.2783
   -7.5000   -7.5000   22.500015332.0635   20.3028
    0.0000   -7.5000   22.500015960.4990   20.2862
    7.5000   -7.5000   22.500014911.6094   20.2944
   -7.5000    0.0000   22.500015549.5205   20.2848
    0.0000    0.0000   22.500016196.5127   20.2566
    7.5000    0.0000   22.500015168.2412   20.2617
   -7.5000    7.5000   22.500014455.5205   20.2331
    0.0000    7.5000   22.500015053.9219   20.2087
    7.5000    7.5000   22.500014118.9219   20.2110
   -7.5000   15.0000   22.500013242.0381   20.2009
    0.0000   15.0000   22.500013776.0732   20.1884
    7.5000   15.0000   22.500012942.7314   20.1902
   -7.5000   22.5000   22.500012056.1475   20.2143
    0.0000   22.5000   22.500012533.7861   20.2105
    7.5000   22.5000   22.500011833.5312   20.2155
   -7.5000   30.0000   22.500010796.8965   20.0115
    0.0000   30.0000   22.500011233.3721   20.0075
    7.5000   30.0000   22.500010618.1592   20.0159
   -7.5000   37.5000   22.5000 9841.9131   20.0400
    0.0000   37.5000   22.500010222.4570   20.0237
    7.5000   37.5000   22.5000 9707.9268   20.0318
   -7.5000   45.0000   22.5000 8574.5010   19.5731
    0.0000   45.0000   22.5000 8906.0254   19.5460
    7.5000   45.0000   22.5000 8470.3477   19.5510
   -7.5000  -45.0000   30.000011099.3867   20.2614
    0.0000  -45.0000   30.000011561.3867   20.2288
    7.5000  -45.0000   30.000010935.8711   20.2300
   -7.5000  -37.5000   30.000011615.1934   20.2169
    0.0000  -37.5000   30.000012126.7646   20.1887
    7.5000  -37.5000   30.000011452.9531   20.1860
   -7.5000  -30.0000   30.000012380.5830   20.1910
    0.0000  -30.0000   30.000012924.7637   20.1759
    7.5000  -30.0000   30.000012231.5898   20.1753
   -7.5000  -22.5000   30.000013039.9717   20.2117
    0.0000  -22.5000   30.000013538.5166   20.2059
    7.5000  -22.5000   30.000012873.4395   20.2130
   -7.5000  -15.0000   30.000013689.4219   20.2545
    0.0000  -15.0000   30.000014183.5977   20.2479
    7.5000  -15.0000   30.000013487.3516   20.2608
   -7.5000   -7.5000   30.000014279.0156   20.2782
    0.0000   -7.5000   30.000014804.6504   20.2580
    7.5000   -7.5000   30.000014038.7061   20.2670
   -7.5000    0.0000   30.000014570.0000   20.2614
    0.0000    0.0000   30.000015109.4590   20.2288
    7.5000    0.0000   30.000014295.3623   20.2300
   -7.5000    7.5000   30.000013589.2510   20.2169
    0.0000    7.5000   30.000014103.3359   20.1887
    7.5000    7.5000   30.000013323.0596   20.1860
   -7.5000   15.0000   30.000012484.8896   20.1910
    0.0000   15.0000   30.000012976.4639   20.1759
    7.5000   15.0000   30.000012230.8857   20.1753
   -7.5000   22.5000   30.000011367.8486   20.2024
    0.0000   22.5000   30.000011812.1924   20.1966
    7.5000   22.5000   30.000011162.6836   20.2036
   -7.5000   30.0000   30.000010124.2773   19.9924
    0.0000   30.0000   30.000010527.6201   19.9859
    7.5000   30.0000   30.0000 9937.3682   19.9985
   -7.5000   37.5000   30.0000 9217.1738   20.0158
    0.0000   37.5000   30.0000 9595.7227   19.9958
    7.5000   37.5000   30.0000 9074.1738   20.0047
   -7.5000   45.0000   30.0000 8063.9585   19.5506
    0.0000   45.0000   30.0000 8375.1875   19.5190
    7.5000   45.0000   30.0000 7942.3335   19.5202
   -7.5000  -45.0000   37.500010664.8467   20.2399
    0.0000  -45.0000   37.500011108.7158   20.2118
    7.5000  -45.0000   37.500010563.7207   20.2092
   -7.5000  -37.5000   37.500011134.6055   20.2005
    0.0000  -37.5000   37.500011619.6143   20.1760
    7.5000  -37.5000   37.500011016.5811   20.1665
   -7.5000  -30.0000   37.500011878.6094   20.1829
    0.0000  -30.0000   37.500012364.9463   20.1662
    7.5000  -30.0000   37.500011745.2090   20.1554
   -7.5000  -22.5000   37.500012509.8779   20.2065
    0.0000  -22.5000   37.500012987.4795   20.1947
    7.5000  -22.5000   37.500012360.4219   20.1911
   -7.5000  -15.0000   37.500013149.1807   20.2451
    0.0000  -15.0000   37.500013628.9043   20.2324
    7.5000  -15.0000   37.500012962.8887   20.2369
   -7.5000   -7.5000   37.500013752.7773   20.2610
    0.0000   -7.5000   37.500014239.1289   20.2398
    7.5000   -7.5000   37.500013515.4131   20.2439
   -7.5000    0.0000   37.500014048.2676   20.2399
    0.0000    0.0000   37.500014540.9932   20.2118
    7.5000    0.0000   37.500013786.8574   20.2092
   -7.5000    7.5000   37.500013121.0508   20.2005
    0.0000    7.5000   37.500013589.6113   20.1760
    7.5000    7.5000   37.500012852.1777   20.1665
   -7.5000   15.0000   37.500012067.8672   20.1829
    0.0000   15.0000   37.500012515.3789   20.1662
    7.5000   15.0000   37.500011825.0781   20.1554
   -7.5000   22.5000   37.500010979.1064   20.1972
    0.0000   22.5000   37.500011403.5088   20.1853
    7.5000   22.5000   37.500010788.1172   20.1818
   -7.5000   30.0000   37.5000 9738.3008   19.9831
    0.0000   30.0000   37.500010131.2148   19.9705
    7.5000   30.0000   37.5000 9591.7520   19.9750
   -7.5000   37.5000   37.5000 8867.6045   19.9987
    0.0000   37.5000   37.5000 9228.8574   19.9778
    7.5000   37.5000   37.5000 8758.7490   19.9819
   -7.5000   45.0000   37.5000 7778.2373   19.5297
    0.0000   45.0000   37.5000 8077.3530   19.5025
    7.5000   45.0000   37.5000 7669.9263   19.4998
   -7.5000  -45.0000   45.0000 9855.7480   20.4482
    0.0000  -45.0000   45.000010271.6816   20.4290
    7.5000  -45.0000   45.0000 9766.7178   20.4261
   -7.5000  -37.5000   45.000010303.9072   20.4087
    0.0000  -37.5000   45.000010712.9717   20.3920
    7.5000  -37.5000   45.000010168.0664   20.3798
   -7.5000  -30.0000   45.000010962.2979   20.3960
    0.0000  -30.0000   45.000011368.9531   20.3806
    7.5000  -30.0000   45.000010823.3555   20.3608
   -7.5000  -22.5000   45.000011532.1982   20.4247
    0.0000  -22.5000   45.000011952.5527   20.4089
    7.5000  -22.5000   45.000011382.5537   20.3921
   -7.5000  -15.0000   45.000012113.9004   20.4647
    0.0000  -15.0000   45.000012567.3711   20.4480
    7.5000  -15.0000   45.000011977.1602   20.4401
   -7.5000   -7.5000   45.000012666.4980   20.4755
    0.0000   -7.5000   45.000013135.4502   20.4567
    7.5000   -7.5000   45.000012494.8818   20.4552
   -7.5000    0.0000   45.000012984.7705   20.4482
    0.0000    0.0000   45.000013455.6748   20.4290
    7.5000    0.0000   45.000012777.2275   20.4261
   -7.5000    7.5000   45.000012139.1494   20.4087
    0.0000    7.5000   45.000012561.0596   20.3920
    7.5000    7.5000   45.000011909.2207   20.3798
   -7.5000   15.0000   45.000011130.1113   20.3960
    0.0000   15.0000   45.000011538.9248   20.3806
    7.5000   15.0000   45.000010926.3447   20.3608
   -7.5000   22.5000   45.000010126.6104   20.4152
    0.0000   22.5000   45.000010516.5264   20.3995
    7.5000   22.5000   45.0000 9950.1699   20.3826
   -7.5000   30.0000   45.0000 8992.0293   20.1981
    0.0000   30.0000   45.0000 9348.0488   20.1816
    7.5000   30.0000   45.0000 8856.9385   20.1738
   -7.5000   37.5000   45.0000 8195.7773   20.2087
    0.0000   37.5000   45.0000 8521.0771   20.1902
    7.5000   37.5000   45.0000 8090.9814   20.1887
   -7.5000   45.0000   45.0000 7174.3076   19.7391
    0.0000   45.0000   45.0000 7450.9683   19.7206
    7.5000   45.0000   45.0000 7071.9814   19.7177

---------------------------------------------------------------------
imgreg_4dfp /opt/freesurfer/average/711-2C_as_mni_average_305 /opt/freesurfer/average/711-2B_as_mni_average_305_mask talsrcimg_g11 none talsrcimg_to_711-2C_as_mni_average_305_t4 4355
---------------------------------------------------------------------

freesurfer imgreg_4dfp.c
/opt/freesurfer/average/711-2C_as_mni_average_305.4dfp.img
       256       256       256         1
  1.000000  1.000000  1.000000
orientation T byte_order littleendian
Reading image: /opt/freesurfer/average/711-2C_as_mni_average_305.4dfp.img
dimensions:      256       256       256
mmppix:       1.0000   -1.0000   -1.0000
center:     128.0000 -129.0000 -129.0000
/opt/freesurfer/average/711-2B_as_mni_average_305_mask.4dfp.img
       256       256       256         1
  1.000000  1.000000  1.000000
orientation T byte_order littleendian
Reading mask: /opt/freesurfer/average/711-2B_as_mni_average_305_mask.4dfp.img (2306576 pixels)
talsrcimg_g11.4dfp.img
       256       256       256         1
  1.000000  1.000000  1.000000
orientation T byte_order littleendian
Reading image: talsrcimg_g11.4dfp.img
dimensions:      256       256       256
mmppix:       1.0000   -1.0000   -1.0000
center:     128.0000 -129.0000 -129.0000
rotation matrix determinant  1.000000
image alignment mode   4355 decimal     1103 hex
   -7.5000  -45.0000  -45.0000 2201.1223   18.6324
    0.0000  -45.0000  -45.0000 2202.3853   18.6211
    7.5000  -45.0000  -45.0000 2179.6160   18.8892
   -7.5000  -37.5000  -45.0000 2240.4922   17.7195
    0.0000  -37.5000  -45.0000 2244.6458   17.7010
    7.5000  -37.5000  -45.0000 2215.9758   17.9606
   -7.5000  -30.0000  -45.0000 2257.3262   17.1305
    0.0000  -30.0000  -45.0000 2267.7915   17.1070
    7.5000  -30.0000  -45.0000 2239.1340   17.4011
   -7.5000  -22.5000  -45.0000 2267.8943   17.0346
    0.0000  -22.5000  -45.0000 2272.3547   16.9739
    7.5000  -22.5000  -45.0000 2249.2185   17.3033
   -7.5000  -15.0000  -45.0000 2260.4519   17.3484
    0.0000  -15.0000  -45.0000 2265.3730   17.3118
    7.5000  -15.0000  -45.0000 2237.1455   17.5997
   -7.5000   -7.5000  -45.0000 2226.5410   17.9417
    0.0000   -7.5000  -45.0000 2235.2163   17.8750
    7.5000   -7.5000  -45.0000 2206.1392   18.2021
   -7.5000    0.0000  -45.0000 2180.2651   18.8606
    0.0000    0.0000  -45.0000 2191.1843   18.7909
    7.5000    0.0000  -45.0000 2163.0225   19.0853
   -7.5000    7.5000  -45.0000 2119.7314   20.1222
    0.0000    7.5000  -45.0000 2130.8374   20.0123
    7.5000    7.5000  -45.0000 2103.5625   20.3202
   -7.5000   15.0000  -45.0000 2043.2661   21.8624
    0.0000   15.0000  -45.0000 2046.0593   21.7751
    7.5000   15.0000  -45.0000 2023.0002   22.1226
   -7.5000   22.5000  -45.0000 1936.9362   24.1877
    0.0000   22.5000  -45.0000 1947.2965   24.1402
    7.5000   22.5000  -45.0000 1925.1484   24.5683
   -7.5000   30.0000  -45.0000 1824.8527   27.3526
    0.0000   30.0000  -45.0000 1836.1187   27.2915
    7.5000   30.0000  -45.0000 1815.2096   27.7506
   -7.5000   37.5000  -45.0000 1716.4996   31.3307
    0.0000   37.5000  -45.0000 1725.0496   31.2347
    7.5000   37.5000  -45.0000 1706.4611   31.7082
   -7.5000   45.0000  -45.0000 1596.2668   36.6030
    0.0000   45.0000  -45.0000 1605.0574   36.4788
    7.5000   45.0000  -45.0000 1588.6864   37.1502
   -7.5000  -45.0000  -37.5000 2306.4431   17.1554
    0.0000  -45.0000  -37.5000 2308.3506   17.1229
    7.5000  -45.0000  -37.5000 2281.4409   17.3985
   -7.5000  -37.5000  -37.5000 2349.1106   16.3248
    0.0000  -37.5000  -37.5000 2356.1399   16.2595
    7.5000  -37.5000  -37.5000 2321.3245   16.5397
   -7.5000  -30.0000  -37.5000 2366.2705   15.8071
    0.0000  -30.0000  -37.5000 2373.8418   15.7255
    7.5000  -30.0000  -37.5000 2343.9363   16.0253
   -7.5000  -22.5000  -37.5000 2373.0701   15.6763
    0.0000  -22.5000  -37.5000 2379.7168   15.5787
    7.5000  -22.5000  -37.5000 2357.9705   15.8743
   -7.5000  -15.0000  -37.5000 2358.5784   15.9315
    0.0000  -15.0000  -37.5000 2369.1575   15.8532
    7.5000  -15.0000  -37.5000 2345.2983   16.1276
   -7.5000   -7.5000  -37.5000 2331.2910   16.5010
    0.0000   -7.5000  -37.5000 2341.5662   16.3870
    7.5000   -7.5000  -37.5000 2320.7002   16.6808
   -7.5000    0.0000  -37.5000 2284.0059   17.3241
    0.0000    0.0000  -37.5000 2298.7964   17.2050
    7.5000    0.0000  -37.5000 2273.6951   17.5001
   -7.5000    7.5000  -37.5000 2223.3347   18.4890
    0.0000    7.5000  -37.5000 2232.4951   18.3557
    7.5000    7.5000  -37.5000 2206.7107   18.6288
   -7.5000   15.0000  -37.5000 2136.4612   20.0902
    0.0000   15.0000  -37.5000 2145.3044   19.9544
    7.5000   15.0000  -37.5000 2118.8174   20.2537
   -7.5000   22.5000  -37.5000 2031.0072   22.2237
    0.0000   22.5000  -37.5000 2038.2321   22.1222
    7.5000   22.5000  -37.5000 2015.2048   22.4942
   -7.5000   30.0000  -37.5000 1910.7726   25.0564
    0.0000   30.0000  -37.5000 1922.5137   24.9547
    7.5000   30.0000  -37.5000 1899.5304   25.3405
   -7.5000   37.5000  -37.5000 1791.9169   28.7388
    0.0000   37.5000  -37.5000 1804.6879   28.5738
    7.5000   37.5000  -37.5000 1788.8779   28.9464
   -7.5000   45.0000  -37.5000 1660.3663   33.4422
    0.0000   45.0000  -37.5000 1668.7660   33.2374
    7.5000   45.0000  -37.5000 1652.1190   33.8047
   -7.5000  -45.0000  -30.0000 2439.9133   16.4125
    0.0000  -45.0000  -30.0000 2445.9561   16.3419
    7.5000  -45.0000  -30.0000 2420.2969   16.5986
   -7.5000  -37.5000  -30.0000 2491.7119   15.5876
    0.0000  -37.5000  -30.0000 2500.3281   15.5223
    7.5000  -37.5000  -30.0000 2467.5186   15.8250
   -7.5000  -30.0000  -30.0000 2519.3921   15.1188
    0.0000  -30.0000  -30.0000 2528.8953   15.0397
    7.5000  -30.0000  -30.0000 2495.7478   15.3414
   -7.5000  -22.5000  -30.0000 2528.1792   14.9767
    0.0000  -22.5000  -30.0000 2538.9170   14.9104
    7.5000  -22.5000  -30.0000 2511.8606   15.1720
   -7.5000  -15.0000  -30.0000 2512.4324   15.2184
    0.0000  -15.0000  -30.0000 2528.3760   15.1275
    7.5000  -15.0000  -30.0000 2500.8472   15.3903
   -7.5000   -7.5000  -30.0000 2485.0671   15.7184
    0.0000   -7.5000  -30.0000 2501.2908   15.5918
    7.5000   -7.5000  -30.0000 2469.3245   15.8787
   -7.5000    0.0000  -30.0000 2434.1755   16.5552
    0.0000    0.0000  -30.0000 2449.3713   16.3978
    7.5000    0.0000  -30.0000 2422.6995   16.6472
   -7.5000    7.5000  -30.0000 2365.2983   17.6171
    0.0000    7.5000  -30.0000 2375.6282   17.4749
    7.5000    7.5000  -30.0000 2347.1455   17.7539
   -7.5000   15.0000  -30.0000 2274.5198   19.1147
    0.0000   15.0000  -30.0000 2283.1133   18.9834
    7.5000   15.0000  -30.0000 2252.6060   19.2787
   -7.5000   22.5000  -30.0000 2156.0696   21.1587
    0.0000   22.5000  -30.0000 2167.7759   21.0459
    7.5000   22.5000  -30.0000 2140.0005   21.3239
   -7.5000   30.0000  -30.0000 2030.3197   23.8066
    0.0000   30.0000  -30.0000 2041.9182   23.6957
    7.5000   30.0000  -30.0000 2013.4109   23.9635
   -7.5000   37.5000  -30.0000 1900.3151   27.2779
    0.0000   37.5000  -30.0000 1912.3843   27.1449
    7.5000   37.5000  -30.0000 1888.7938   27.4455
   -7.5000   45.0000  -30.0000 1754.8625   31.7450
    0.0000   45.0000  -30.0000 1759.3556   31.6826
    7.5000   45.0000  -30.0000 1745.2148   32.0700
   -7.5000  -45.0000  -22.5000 2550.0325   15.6210
    0.0000  -45.0000  -22.5000 2554.0750   15.5422
    7.5000  -45.0000  -22.5000 2530.4136   15.7857
   -7.5000  -37.5000  -22.5000 2608.2510   14.8342
    0.0000  -37.5000  -22.5000 2614.8704   14.7163
    7.5000  -37.5000  -22.5000 2585.9841   14.9741
   -7.5000  -30.0000  -22.5000 2650.8506   14.3444
    0.0000  -30.0000  -22.5000 2656.7976   14.2295
    7.5000  -30.0000  -22.5000 2621.2144   14.4859
   -7.5000  -22.5000  -22.5000 2662.6506   14.1798
    0.0000  -22.5000  -22.5000 2672.7869   14.0877
    7.5000  -22.5000  -22.5000 2641.5635   14.3449
   -7.5000  -15.0000  -22.5000 2650.9985   14.3823
    0.0000  -15.0000  -22.5000 2668.7859   14.2890
    7.5000  -15.0000  -22.5000 2633.2441   14.5550
   -7.5000   -7.5000  -22.5000 2620.7344   14.8559
    0.0000   -7.5000  -22.5000 2639.8503   14.7182
    7.5000   -7.5000  -22.5000 2600.3965   14.9973
   -7.5000    0.0000  -22.5000 2565.6396   15.6056
    0.0000    0.0000  -22.5000 2584.3210   15.4427
    7.5000    0.0000  -22.5000 2549.3689   15.7028
   -7.5000    7.5000  -22.5000 2485.6895   16.6377
    0.0000    7.5000  -22.5000 2501.5266   16.4856
    7.5000    7.5000  -22.5000 2471.0908   16.7645
   -7.5000   15.0000  -22.5000 2388.9189   18.0746
    0.0000   15.0000  -22.5000 2399.4055   17.9187
    7.5000   15.0000  -22.5000 2364.0430   18.2342
   -7.5000   22.5000  -22.5000 2268.1555   19.9452
    0.0000   22.5000  -22.5000 2283.2944   19.8083
    7.5000   22.5000  -22.5000 2246.9365   20.1473
   -7.5000   30.0000  -22.5000 2124.4136   22.4422
    0.0000   30.0000  -22.5000 2139.6614   22.2968
    7.5000   30.0000  -22.5000 2108.8704   22.6367
   -7.5000   37.5000  -22.5000 1983.0869   25.7134
    0.0000   37.5000  -22.5000 1998.4458   25.5706
    7.5000   37.5000  -22.5000 1971.4775   25.8517
   -7.5000   45.0000  -22.5000 1829.4214   29.9068
    0.0000   45.0000  -22.5000 1842.2303   29.7484
    7.5000   45.0000  -22.5000 1827.0544   30.0756
   -7.5000  -45.0000  -15.0000 2624.4465   14.8569
    0.0000  -45.0000  -15.0000 2633.6921   14.7895
    7.5000  -45.0000  -15.0000 2606.6187   15.0019
   -7.5000  -37.5000  -15.0000 2695.8142   14.0687
    0.0000  -37.5000  -15.0000 2702.2478   13.9805
    7.5000  -37.5000  -15.0000 2672.3154   14.1874
   -7.5000  -30.0000  -15.0000 2739.7705   13.5474
    0.0000  -30.0000  -15.0000 2753.9382   13.4476
    7.5000  -30.0000  -15.0000 2720.0105   13.6836
   -7.5000  -22.5000  -15.0000 2764.6125   13.3610
    0.0000  -22.5000  -15.0000 2777.0432   13.2856
    7.5000  -22.5000  -15.0000 2738.9280   13.5406
   -7.5000  -15.0000  -15.0000 2761.8298   13.5415
    0.0000  -15.0000  -15.0000 2781.0959   13.4830
    7.5000  -15.0000  -15.0000 2735.7251   13.7321
   -7.5000   -7.5000  -15.0000 2731.5452   14.0148
    0.0000   -7.5000  -15.0000 2751.3513   13.8827
    7.5000   -7.5000  -15.0000 2707.5725   14.1179
   -7.5000    0.0000  -15.0000 2666.9189   14.7125
    0.0000    0.0000  -15.0000 2689.2659   14.5581
    7.5000    0.0000  -15.0000 2650.6597   14.7874
   -7.5000    7.5000  -15.0000 2582.2222   15.6939
    0.0000    7.5000  -15.0000 2601.6106   15.5524
    7.5000    7.5000  -15.0000 2566.9915   15.8184
   -7.5000   15.0000  -15.0000 2475.3213   17.0570
    0.0000   15.0000  -15.0000 2487.5305   16.9118
    7.5000   15.0000  -15.0000 2454.4509   17.2275
   -7.5000   22.5000  -15.0000 2348.7346   18.8852
    0.0000   22.5000  -15.0000 2362.4062   18.7295
    7.5000   22.5000  -15.0000 2326.6216   19.0523
   -7.5000   30.0000  -15.0000 2201.5750   21.2151
    0.0000   30.0000  -15.0000 2216.9648   21.0645
    7.5000   30.0000  -15.0000 2181.9604   21.4177
   -7.5000   37.5000  -15.0000 2040.4399   24.1941
    0.0000   37.5000  -15.0000 2059.9829   24.0845
    7.5000   37.5000  -15.0000 2031.1777   24.3919
   -7.5000   45.0000  -15.0000 1879.2465   28.0435
    0.0000   45.0000  -15.0000 1897.9708   27.8586
    7.5000   45.0000  -15.0000 1876.8475   28.2110
   -7.5000  -45.0000   -7.5000 2683.1895   14.1867
    0.0000  -45.0000   -7.5000 2692.3340   14.1365
    7.5000  -45.0000   -7.5000 2669.1572   14.3486
   -7.5000  -37.5000   -7.5000 2764.5645   13.3841
    0.0000  -37.5000   -7.5000 2773.4700   13.3142
    7.5000  -37.5000   -7.5000 2744.7986   13.4939
   -7.5000  -30.0000   -7.5000 2821.1943   12.8753
    0.0000  -30.0000   -7.5000 2836.5266   12.8099
    7.5000  -30.0000   -7.5000 2795.6692   13.0086
   -7.5000  -22.5000   -7.5000 2855.3906   12.6230
    0.0000  -22.5000   -7.5000 2872.8430   12.5730
    7.5000  -22.5000   -7.5000 2823.4353   12.8135
   -7.5000  -15.0000   -7.5000 2853.5039   12.7915
    0.0000  -15.0000   -7.5000 2873.6799   12.7178
    7.5000  -15.0000   -7.5000 2822.6851   12.9603
   -7.5000   -7.5000   -7.5000 2812.9849   13.2438
    0.0000   -7.5000   -7.5000 2836.1438   13.1347
    7.5000   -7.5000   -7.5000 2792.2666   13.3344
   -7.5000    0.0000   -7.5000 2747.7273   13.8821
    0.0000    0.0000   -7.5000 2770.4653   13.7792
    7.5000    0.0000   -7.5000 2732.1956   13.9818
   -7.5000    7.5000   -7.5000 2656.5881   14.8343
    0.0000    7.5000   -7.5000 2674.0793   14.7150
    7.5000    7.5000   -7.5000 2639.1650   14.9609
   -7.5000   15.0000   -7.5000 2544.3435   16.1677
    0.0000   15.0000   -7.5000 2560.9631   16.0486
    7.5000   15.0000   -7.5000 2522.6978   16.3507
   -7.5000   22.5000   -7.5000 2415.9041   17.9336
    0.0000   22.5000   -7.5000 2431.3955   17.7841
    7.5000   22.5000   -7.5000 2392.1267   18.1419
   -7.5000   30.0000   -7.5000 2257.0244   20.1553
    0.0000   30.0000   -7.5000 2271.6750   20.0097
    7.5000   30.0000   -7.5000 2238.2681   20.3670
   -7.5000   37.5000   -7.5000 2088.1431   22.9291
    0.0000   37.5000   -7.5000 2106.7686   22.7816
    7.5000   37.5000   -7.5000 2081.4692   23.1200
   -7.5000   45.0000   -7.5000 1921.6592   26.4210
    0.0000   45.0000   -7.5000 1930.9825   26.2794
    7.5000   45.0000   -7.5000 1914.8173   26.6467
   -7.5000  -45.0000    0.0000 2714.6506   13.7462
    0.0000  -45.0000    0.0000 2729.6309   13.6882
    7.5000  -45.0000    0.0000 2706.6208   13.8970
   -7.5000  -37.5000    0.0000 2811.2173   12.9641
    0.0000  -37.5000    0.0000 2826.8745   12.9029
    7.5000  -37.5000    0.0000 2801.1816   13.0452
   -7.5000  -30.0000    0.0000 2886.2505   12.4303
    0.0000  -30.0000    0.0000 2907.3491   12.4142
    7.5000  -30.0000    0.0000 2865.9404   12.5487
   -7.5000  -22.5000    0.0000 2923.6899   12.1475
    0.0000  -22.5000    0.0000 2951.4636   12.1511
    7.5000  -22.5000    0.0000 2894.2969   12.3430
   -7.5000  -15.0000    0.0000 2917.0659   12.2299
    0.0000  -15.0000    0.0000 2944.2581   12.2059
    7.5000  -15.0000    0.0000 2884.1936   12.4457
   -7.5000   -7.5000    0.0000 2872.2961   12.6248
    0.0000   -7.5000    0.0000 2897.3838   12.5858
    7.5000   -7.5000    0.0000 2852.2812   12.7846
   -7.5000    0.0000    0.0000 2803.9744   13.2660
    0.0000    0.0000    0.0000 2828.6897   13.2153
    7.5000    0.0000    0.0000 2787.4641   13.4142
   -7.5000    7.5000    0.0000 2708.7769   14.2241
    0.0000    7.5000    0.0000 2725.2109   14.1279
    7.5000    7.5000    0.0000 2689.5676   14.3833
   -7.5000   15.0000    0.0000 2592.9988   15.5321
    0.0000   15.0000    0.0000 2606.7998   15.4366
    7.5000   15.0000    0.0000 2569.2402   15.7248
   -7.5000   22.5000    0.0000 2456.1455   17.2065
    0.0000   22.5000    0.0000 2472.1467   17.1105
    7.5000   22.5000    0.0000 2433.2288   17.4685
   -7.5000   30.0000    0.0000 2301.0398   19.3707
    0.0000   30.0000    0.0000 2314.2468   19.2327
    7.5000   30.0000    0.0000 2280.3481   19.6201
   -7.5000   37.5000    0.0000 2125.2393   22.0470
    0.0000   37.5000    0.0000 2140.2988   21.9216
    7.5000   37.5000    0.0000 2114.9392   22.2624
   -7.5000   45.0000    0.0000 1946.0668   25.4288
    0.0000   45.0000    0.0000 1958.4987   25.2858
    7.5000   45.0000    0.0000 1940.6897   25.7139
   -7.5000  -45.0000    7.5000 2732.8970   13.5570
    0.0000  -45.0000    7.5000 2746.7737   13.5090
    7.5000  -45.0000    7.5000 2724.1719   13.6700
   -7.5000  -37.5000    7.5000 2840.9612   12.7720
    0.0000  -37.5000    7.5000 2856.6108   12.7397
    7.5000  -37.5000    7.5000 2829.7139   12.8584
   -7.5000  -30.0000    7.5000 2928.8513   12.2822
    0.0000  -30.0000    7.5000 2952.7856   12.2675
    7.5000  -30.0000    7.5000 2903.0347   12.3474
   -7.5000  -22.5000    7.5000 2976.7131   12.0098
    0.0000  -22.5000    7.5000 3009.0203   12.0269
    7.5000  -22.5000    7.5000 2943.6245   12.1326
   -7.5000  -15.0000    7.5000 2958.9658   11.9363
    0.0000  -15.0000    7.5000 2985.9846   11.9657
    7.5000  -15.0000    7.5000 2920.2798   12.1643
   -7.5000   -7.5000    7.5000 2904.8474   12.2699
    0.0000   -7.5000    7.5000 2929.4851   12.2597
    7.5000   -7.5000    7.5000 2876.8506   12.4815
   -7.5000    0.0000    7.5000 2828.7993   12.9607
    0.0000    0.0000    7.5000 2852.1223   12.9057
    7.5000    0.0000    7.5000 2808.7114   13.1158
   -7.5000    7.5000    7.5000 2735.2173   13.9356
    0.0000    7.5000    7.5000 2754.7422   13.8566
    7.5000    7.5000    7.5000 2712.2512   14.0693
   -7.5000   15.0000    7.5000 2618.0349   15.2335
    0.0000   15.0000    7.5000 2633.4670   15.1182
    7.5000   15.0000    7.5000 2593.2993   15.3790
   -7.5000   22.5000    7.5000 2478.0596   16.9149
    0.0000   22.5000    7.5000 2492.6338   16.7946
    7.5000   22.5000    7.5000 2455.1509   17.0979
   -7.5000   30.0000    7.5000 2319.6001   19.0526
    0.0000   30.0000    7.5000 2332.4319   18.9344
    7.5000   30.0000    7.5000 2303.8684   19.2624
   -7.5000   37.5000    7.5000 2146.8857   21.7163
    0.0000   37.5000    7.5000 2163.0850   21.4985
    7.5000   37.5000    7.5000 2136.7539   21.8781
   -7.5000   45.0000    7.5000 1963.1512   24.9251
    0.0000   45.0000    7.5000 1976.6508   24.7960
    7.5000   45.0000    7.5000 1958.8862   25.1887
   -7.5000  -45.0000   15.0000 2721.9163   13.5864
    0.0000  -45.0000   15.0000 2734.7612   13.5542
    7.5000  -45.0000   15.0000 2711.8926   13.7053
   -7.5000  -37.5000   15.0000 2834.4368   12.8508
    0.0000  -37.5000   15.0000 2850.7432   12.8114
    7.5000  -37.5000   15.0000 2826.8318   12.9058
   -7.5000  -30.0000   15.0000 2929.3745   12.4078
    0.0000  -30.0000   15.0000 2955.5842   12.3874
    7.5000  -30.0000   15.0000 2911.5845   12.3805
   -7.5000  -22.5000   15.0000 2984.9668   12.0715
    0.0000  -22.5000   15.0000 3016.2646   12.1111
    7.5000  -22.5000   15.0000 2948.6426   12.1516
   -7.5000  -15.0000   15.0000 2958.9148   11.9868
    0.0000  -15.0000   15.0000 2989.5142   11.9894
    7.5000  -15.0000   15.0000 2923.4924   12.1768
   -7.5000   -7.5000   15.0000 2906.6985   12.2715
    0.0000   -7.5000   15.0000 2931.8320   12.2455
    7.5000   -7.5000   15.0000 2876.5518   12.4990
   -7.5000    0.0000   15.0000 2820.7800   12.9515
    0.0000    0.0000   15.0000 2842.9475   12.9061
    7.5000    0.0000   15.0000 2801.4041   13.1459
   -7.5000    7.5000   15.0000 2723.6763   13.9087
    0.0000    7.5000   15.0000 2737.5842   13.8619
    7.5000    7.5000   15.0000 2703.9519   14.0854
   -7.5000   15.0000   15.0000 2609.5156   15.2134
    0.0000   15.0000   15.0000 2617.7520   15.1327
    7.5000   15.0000   15.0000 2585.2996   15.3668
   -7.5000   22.5000   15.0000 2468.2112   16.8583
    0.0000   22.5000   15.0000 2482.3713   16.7718
    7.5000   22.5000   15.0000 2451.9590   17.0574
   -7.5000   30.0000   15.0000 2310.3379   18.9646
    0.0000   30.0000   15.0000 2325.4456   18.8634
    7.5000   30.0000   15.0000 2296.4634   19.1440
   -7.5000   37.5000   15.0000 2137.7124   21.5761
    0.0000   37.5000   15.0000 2153.6646   21.3989
    7.5000   37.5000   15.0000 2134.1929   21.6988
   -7.5000   45.0000   15.0000 1954.1541   24.7099
    0.0000   45.0000   15.0000 1969.0338   24.6082
    7.5000   45.0000   15.0000 1960.0840   24.9476
   -7.5000  -45.0000   22.5000 2692.6755   13.8955
    0.0000  -45.0000   22.5000 2704.7830   13.8258
    7.5000  -45.0000   22.5000 2685.1755   13.9814
   -7.5000  -37.5000   22.5000 2800.0505   13.1490
    0.0000  -37.5000   22.5000 2817.4043   13.0937
    7.5000  -37.5000   22.5000 2792.0637   13.1811
   -7.5000  -30.0000   22.5000 2884.8594   12.6287
    0.0000  -30.0000   22.5000 2906.3867   12.6241
    7.5000  -30.0000   22.5000 2871.2983   12.6872
   -7.5000  -22.5000   22.5000 2937.0229   12.2871
    0.0000  -22.5000   22.5000 2964.2346   12.2663
    7.5000  -22.5000   22.5000 2910.4441   12.4163
   -7.5000  -15.0000   22.5000 2923.2783   12.2582
    0.0000  -15.0000   22.5000 2947.4141   12.1981
    7.5000  -15.0000   22.5000 2896.1763   12.4580
   -7.5000   -7.5000   22.5000 2876.9807   12.5994
    0.0000   -7.5000   22.5000 2898.6582   12.5423
    7.5000   -7.5000   22.5000 2850.7336   12.7894
   -7.5000    0.0000   22.5000 2789.2659   13.2738
    0.0000    0.0000   22.5000 2809.4919   13.2077
    7.5000    0.0000   22.5000 2773.6287   13.4455
   -7.5000    7.5000   22.5000 2682.9517   14.2034
    0.0000    7.5000   22.5000 2697.4658   14.1315
    7.5000    7.5000   22.5000 2670.2034   14.3840
   -7.5000   15.0000   22.5000 2568.4958   15.4032
    0.0000   15.0000   22.5000 2583.2478   15.3064
    7.5000   15.0000   22.5000 2551.8345   15.5788
   -7.5000   22.5000   22.5000 2438.8298   16.9785
    0.0000   22.5000   22.5000 2454.3499   16.9012
    7.5000   22.5000   22.5000 2424.6619   17.2235
   -7.5000   30.0000   22.5000 2286.7571   19.0591
    0.0000   30.0000   22.5000 2301.4021   18.9595
    7.5000   30.0000   22.5000 2273.8596   19.2903
   -7.5000   37.5000   22.5000 2116.5242   21.6474
    0.0000   37.5000   22.5000 2129.6375   21.4669
    7.5000   37.5000   22.5000 2115.7639   21.8495
   -7.5000   45.0000   22.5000 1939.6178   24.8540
    0.0000   45.0000   22.5000 1954.7089   24.6622
    7.5000   45.0000   22.5000 1942.5930   25.1246
   -7.5000  -45.0000   30.0000 2648.0657   14.3712
    0.0000  -45.0000   30.0000 2665.2495   14.2845
    7.5000  -45.0000   30.0000 2643.9714   14.5174
   -7.5000  -37.5000   30.0000 2753.9028   13.5591
    0.0000  -37.5000   30.0000 2770.4246   13.4796
    7.5000  -37.5000   30.0000 2749.3530   13.6733
   -7.5000  -30.0000   30.0000 2822.6306   12.9430
    0.0000  -30.0000   30.0000 2844.0522   12.8847
    7.5000  -30.0000   30.0000 2815.1536   13.0961
   -7.5000  -22.5000   30.0000 2863.7864   12.6188
    0.0000  -22.5000   30.0000 2885.4841   12.5115
    7.5000  -22.5000   30.0000 2850.4226   12.8101
   -7.5000  -15.0000   30.0000 2853.1077   12.6975
    0.0000  -15.0000   30.0000 2872.5134   12.5859
    7.5000  -15.0000   30.0000 2838.9246   12.8723
   -7.5000   -7.5000   30.0000 2812.6631   13.0698
    0.0000   -7.5000   30.0000 2829.6375   12.9704
    7.5000   -7.5000   30.0000 2794.9800   13.2301
   -7.5000    0.0000   30.0000 2733.1079   13.7543
    0.0000    0.0000   30.0000 2747.1453   13.6407
    7.5000    0.0000   30.0000 2715.7131   13.9013
   -7.5000    7.5000   30.0000 2628.4048   14.7126
    0.0000    7.5000   30.0000 2641.5676   14.6409
    7.5000    7.5000   30.0000 2613.7456   14.8902
   -7.5000   15.0000   30.0000 2512.2976   15.9410
    0.0000   15.0000   30.0000 2527.6902   15.8732
    7.5000   15.0000   30.0000 2500.5193   16.1243
   -7.5000   22.5000   30.0000 2388.2051   17.4832
    0.0000   22.5000   30.0000 2400.3652   17.4193
    7.5000   22.5000   30.0000 2381.3401   17.6873
   -7.5000   30.0000   30.0000 2239.4231   19.4652
    0.0000   30.0000   30.0000 2246.6003   19.3637
    7.5000   30.0000   30.0000 2230.1333   19.6506
   -7.5000   37.5000   30.0000 2076.4043   21.9809
    0.0000   37.5000   30.0000 2091.2446   21.8040
    7.5000   37.5000   30.0000 2074.6519   22.1543
   -7.5000   45.0000   30.0000 1915.2620   25.1681
    0.0000   45.0000   30.0000 1926.5908   24.9788
    7.5000   45.0000   30.0000 1917.8932   25.3636
   -7.5000  -45.0000   37.5000 2599.1904   15.0215
    0.0000  -45.0000   37.5000 2618.4587   14.9083
    7.5000  -45.0000   37.5000 2601.5659   15.2005
   -7.5000  -37.5000   37.5000 2692.6135   14.1291
    0.0000  -37.5000   37.5000 2714.3896   14.0319
    7.5000  -37.5000   37.5000 2690.6228   14.2804
   -7.5000  -30.0000   37.5000 2751.3445   13.5083
    0.0000  -30.0000   37.5000 2773.8350   13.4069
    7.5000  -30.0000   37.5000 2748.0859   13.6774
   -7.5000  -22.5000   37.5000 2779.2515   13.2295
    0.0000  -22.5000   37.5000 2801.5784   13.1086
    7.5000  -22.5000   37.5000 2770.3586   13.3863
   -7.5000  -15.0000   37.5000 2771.8918   13.3196
    0.0000  -15.0000   37.5000 2787.0911   13.2182
    7.5000  -15.0000   37.5000 2763.9607   13.4495
   -7.5000   -7.5000   37.5000 2728.7317   13.7107
    0.0000   -7.5000   37.5000 2743.3469   13.5994
    7.5000   -7.5000   37.5000 2717.5210   13.8158
   -7.5000    0.0000   37.5000 2661.0354   14.3857
    0.0000    0.0000   37.5000 2672.7388   14.2609
    7.5000    0.0000   37.5000 2648.1821   14.4976
   -7.5000    7.5000   37.5000 2569.6116   15.3349
    0.0000    7.5000   37.5000 2579.0156   15.2149
    7.5000    7.5000   37.5000 2551.7490   15.4584
   -7.5000   15.0000   37.5000 2458.8960   16.6072
    0.0000   15.0000   37.5000 2471.1331   16.5092
    7.5000   15.0000   37.5000 2443.5359   16.7859
   -7.5000   22.5000   37.5000 2325.8843   18.1918
    0.0000   22.5000   37.5000 2344.2178   18.1132
    7.5000   22.5000   37.5000 2324.4563   18.3976
   -7.5000   30.0000   37.5000 2176.4597   20.1647
    0.0000   30.0000   37.5000 2192.7871   20.1065
    7.5000   30.0000   37.5000 2174.3284   20.3813
   -7.5000   37.5000   37.5000 2023.4076   22.5863
    0.0000   37.5000   37.5000 2041.1351   22.4923
    7.5000   37.5000   37.5000 2024.6398   22.8479
   -7.5000   45.0000   37.5000 1880.3082   25.7910
    0.0000   45.0000   37.5000 1890.7477   25.6208
    7.5000   45.0000   37.5000 1877.1998   25.9919
   -7.5000  -45.0000   45.0000 2534.9265   15.9066
    0.0000  -45.0000   45.0000 2556.1011   15.7799
    7.5000  -45.0000   45.0000 2540.6331   16.1018
   -7.5000  -37.5000   45.0000 2619.8296   14.9816
    0.0000  -37.5000   45.0000 2641.5437   14.8420
    7.5000  -37.5000   45.0000 2620.4673   15.1327
   -7.5000  -30.0000   45.0000 2667.8967   14.3377
    0.0000  -30.0000   45.0000 2690.5410   14.1848
    7.5000  -30.0000   45.0000 2664.9851   14.4705
   -7.5000  -22.5000   45.0000 2688.5325   14.0270
    0.0000  -22.5000   45.0000 2705.4951   13.9073
    7.5000  -22.5000   45.0000 2680.8179   14.1593
   -7.5000  -15.0000   45.0000 2677.0364   14.1612
    0.0000  -15.0000   45.0000 2696.8220   14.0507
    7.5000  -15.0000   45.0000 2676.2131   14.2844
   -7.5000   -7.5000   45.0000 2638.3403   14.5538
    0.0000   -7.5000   45.0000 2652.1091   14.4481
    7.5000   -7.5000   45.0000 2635.3721   14.6702
   -7.5000    0.0000   45.0000 2578.3223   15.1829
    0.0000    0.0000   45.0000 2595.8064   15.0619
    7.5000    0.0000   45.0000 2574.5857   15.3087
   -7.5000    7.5000   45.0000 2495.9429   16.1317
    0.0000    7.5000   45.0000 2503.4465   16.0074
    7.5000    7.5000   45.0000 2478.6206   16.2745
   -7.5000   15.0000   45.0000 2384.4683   17.4156
    0.0000   15.0000   45.0000 2395.8547   17.3075
    7.5000   15.0000   45.0000 2368.6558   17.5906
   -7.5000   22.5000   45.0000 2253.5964   19.0859
    0.0000   22.5000   45.0000 2270.6187   19.0034
    7.5000   22.5000   45.0000 2246.3057   19.2804
   -7.5000   30.0000   45.0000 2107.5339   21.1472
    0.0000   30.0000   45.0000 2125.0156   21.0684
    7.5000   30.0000   45.0000 2107.1511   21.3378
   -7.5000   37.5000   45.0000 1967.6102   23.5973
    0.0000   37.5000   45.0000 1981.8239   23.4854
    7.5000   37.5000   45.0000 1969.4678   23.7956
   -7.5000   45.0000   45.0000 1829.8621   26.9399
    0.0000   45.0000   45.0000 1841.7302   26.7452
    7.5000   45.0000   45.0000 1827.0785   27.0725

---------------------------------------------------------------------
imgreg_4dfp /opt/freesurfer/average/711-2C_as_mni_average_305 /opt/freesurfer/average/711-2B_as_mni_average_305_mask talsrcimg_g11 none talsrcimg_to_711-2C_as_mni_average_305_t4 1283
---------------------------------------------------------------------

freesurfer imgreg_4dfp.c
/opt/freesurfer/average/711-2C_as_mni_average_305.4dfp.img
       256       256       256         1
  1.000000  1.000000  1.000000
orientation T byte_order littleendian
Reading image: /opt/freesurfer/average/711-2C_as_mni_average_305.4dfp.img
dimensions:      256       256       256
mmppix:       1.0000   -1.0000   -1.0000
center:     128.0000 -129.0000 -129.0000
/opt/freesurfer/average/711-2B_as_mni_average_305_mask.4dfp.img
       256       256       256         1
  1.000000  1.000000  1.000000
orientation T byte_order littleendian
Reading mask: /opt/freesurfer/average/711-2B_as_mni_average_305_mask.4dfp.img (2306576 pixels)
talsrcimg_g11.4dfp.img
       256       256       256         1
  1.000000  1.000000  1.000000
orientation T byte_order littleendian
Reading image: talsrcimg_g11.4dfp.img
dimensions:      256       256       256
mmppix:       1.0000   -1.0000   -1.0000
center:     128.0000 -129.0000 -129.0000
rotation matrix determinant  1.000000
fimgreg.f
image alignment mode   1283 decimal      503 hex
parameters
    0.0000  -22.5000   15.0000    0.0000    0.0000    0.0000
eta,q 0.94682 12.12718
niter,ni,del,rscale     5    3   12.0000    1.2000
parameter  4  0.670534 ->  0.500000 qaram    1.1500
parameters
   -1.1228  -21.2978   12.5921   -3.4500   -2.4832   -1.6084
eta,q 0.95493 12.07693
  0.0608  0.0662  0.0526  0.0481  0.0481  0.0490
  0.0550  0.0580  0.0507  0.0469  0.0458  0.0464
  0.0518  0.0529  0.0497  0.0476  0.0457  0.0451
  0.0517  0.0512  0.0508  0.0494  0.0470  0.0456
  0.0560  0.0508  0.0541  0.0513  0.0492  0.0478
  0.0625  0.0528  0.0598  0.0539  0.0530  0.0516
  0.0695  0.0570  0.0661  0.0577  0.0575  0.0561
niter,ni,del,rscale     5    3   12.0000    1.2000
parameters
   -0.4962  -19.9563   11.0084   -5.5210   -2.8613   -1.8619
eta,q 0.95685 12.11064
  0.0640  0.0610  0.0495  0.0474  0.0504  0.0496
  0.0550  0.0537  0.0461  0.0462  0.0453  0.0467
  0.0480  0.0479  0.0438  0.0434  0.0431  0.0441
  0.0451  0.0451  0.0445  0.0436  0.0432  0.0431
  0.0466  0.0447  0.0483  0.0476  0.0448  0.0439
  0.0511  0.0470  0.0531  0.0519  0.0476  0.0468
  0.0573  0.0512  0.0581  0.0551  0.0513  0.0515
niter,ni,del,rscale     4    3   12.0000    1.2000
parameters
   -0.4846  -19.1233   10.6254   -6.9964   -2.5114   -2.2733
eta,q 0.95610 12.14366
  0.0601  0.0582  0.0509  0.0464  0.0517  0.0498
  0.0520  0.0519  0.0472  0.0459  0.0469  0.0471
  0.0456  0.0470  0.0442  0.0449  0.0446  0.0447
  0.0431  0.0431  0.0426  0.0427  0.0439  0.0439
  0.0459  0.0433  0.0443  0.0441  0.0442  0.0449
  0.0521  0.0472  0.0484  0.0488  0.0461  0.0479
  0.0597  0.0524  0.0538  0.0535  0.0499  0.0521
niter,ni,del,rscale     3    3   12.0000    1.2000
parameters
   -0.6046  -18.4794   10.2510   -8.0788   -2.2018   -2.5944
eta,q 0.95558 12.12874
  0.0593  0.0569  0.0500  0.0469  0.0511  0.0502
  0.0515  0.0513  0.0466  0.0450  0.0467  0.0477
  0.0456  0.0472  0.0445  0.0452  0.0450  0.0454
  0.0439  0.0439  0.0434  0.0435  0.0444  0.0444
  0.0467  0.0442  0.0446  0.0434  0.0443  0.0453
  0.0525  0.0479  0.0475  0.0468  0.0458  0.0481
  0.0602  0.0530  0.0522  0.0521  0.0499  0.0521
niter,ni,del,rscale     2    3   12.0000    1.2000
parameters
   -0.7289  -18.0983   10.0086   -8.5412   -2.1228   -2.6912
eta,q 0.95542 12.10564
  0.0593  0.0559  0.0504  0.0479  0.0506  0.0505
  0.0512  0.0510  0.0466  0.0453  0.0465  0.0481
  0.0456  0.0473  0.0449  0.0451  0.0450  0.0458
  0.0444  0.0443  0.0442  0.0442  0.0446  0.0446
  0.0473  0.0451  0.0449  0.0435  0.0445  0.0451
  0.0525  0.0488  0.0474  0.0456  0.0464  0.0477
  0.0598  0.0541  0.0516  0.0504  0.0503  0.0517
niter,ni,del,rscale     1    3   12.0000    1.2000
parameters
   -0.7564  -17.9698    9.9057   -8.6584   -2.1161   -2.7052
eta,q 0.95537 12.09661
  0.0598  0.0554  0.0511  0.0484  0.0505  0.0506
  0.0515  0.0506  0.0469  0.0456  0.0465  0.0482
  0.0458  0.0468  0.0451  0.0450  0.0450  0.0459
  0.0446  0.0446  0.0445  0.0445  0.0446  0.0446
  0.0473  0.0458  0.0451  0.0436  0.0447  0.0451
  0.0521  0.0496  0.0474  0.0452  0.0467  0.0475
  0.0593  0.0550  0.0515  0.0496  0.0505  0.0515
registration optimization eta report
parameter search radius
    6.0000    6.0000    6.0000    6.9000    6.0000    6.0000
100000*second partial in parameter space
       41.       29.       19.       10.       17.       18.
  0.0598  0.0554  0.0511  0.0484  0.0505  0.0506
  0.0515  0.0506  0.0469  0.0456  0.0465  0.0482
  0.0458  0.0468  0.0451  0.0450  0.0450  0.0459
  0.0446  0.0446  0.0445  0.0445  0.0446  0.0446
  0.0473  0.0458  0.0451  0.0436  0.0447  0.0451
  0.0521  0.0496  0.0474  0.0452  0.0467  0.0475
  0.0593  0.0550  0.0515  0.0496  0.0505  0.0515
   -0.7564  -17.9698    9.9057   -8.6584   -2.1161   -2.7052
eta,q 0.95537 12.09661

---------------------------------------------------------------------
imgreg_4dfp /opt/freesurfer/average/711-2C_as_mni_average_305 /opt/freesurfer/average/711-2B_as_mni_average_305_mask talsrcimg_g11 none talsrcimg_to_711-2C_as_mni_average_305_t4 3335
---------------------------------------------------------------------

freesurfer imgreg_4dfp.c
/opt/freesurfer/average/711-2C_as_mni_average_305.4dfp.img
       256       256       256         1
  1.000000  1.000000  1.000000
orientation T byte_order littleendian
Reading image: /opt/freesurfer/average/711-2C_as_mni_average_305.4dfp.img
dimensions:      256       256       256
mmppix:       1.0000   -1.0000   -1.0000
center:     128.0000 -129.0000 -129.0000
/opt/freesurfer/average/711-2B_as_mni_average_305_mask.4dfp.img
       256       256       256         1
  1.000000  1.000000  1.000000
orientation T byte_order littleendian
Reading mask: /opt/freesurfer/average/711-2B_as_mni_average_305_mask.4dfp.img (2306576 pixels)
talsrcimg_g11.4dfp.img
       256       256       256         1
  1.000000  1.000000  1.000000
orientation T byte_order littleendian
Reading image: talsrcimg_g11.4dfp.img
dimensions:      256       256       256
mmppix:       1.0000   -1.0000   -1.0000
center:     128.0000 -129.0000 -129.0000
fimgreg.f
image alignment mode   3335 decimal      D07 hex
parameters
   -0.7564  -17.9698    9.9057   -0.1796   -1.2236   -1.2071
    4.1106    4.3569   -4.7164   14.8653   -3.6925  -15.0441
eta,q 0.95618 12.08260
niter,ni,del,rscale     5    3    5.0000    1.2000
parameter  4  0.674436 ->  0.500000 qaram    1.1500
parameter  5  2.248744 ->  0.500000 qaram    1.1500
parameter  6  1.463161 ->  0.500000 qaram    1.1500
parameters
   -0.8848  -18.0355   10.0064   -4.3196   -5.3636   -5.3471
    4.9812    4.4446   -5.1976   13.7284   -1.3855  -12.0623
eta,q 0.96600 11.52927
  0.0465  0.0457  0.0456  0.0429  0.0367  0.0329  0.0374  0.0378  0.0359  0.0362  0.0359  0.0363
  0.0450  0.0446  0.0446  0.0429  0.0383  0.0339  0.0359  0.0360  0.0350  0.0350  0.0351  0.0354
  0.0441  0.0440  0.0440  0.0432  0.0404  0.0361  0.0349  0.0349  0.0345  0.0344  0.0346  0.0348
  0.0438  0.0438  0.0438  0.0438  0.0429  0.0388  0.0344  0.0344  0.0344  0.0344  0.0344  0.0343
  0.0443  0.0441  0.0440  0.0451  0.0459  0.0424  0.0345  0.0347  0.0347  0.0349  0.0343  0.0340
  0.0454  0.0448  0.0445  0.0471  0.0492  0.0464  0.0351  0.0359  0.0353  0.0361  0.0344  0.0341
  0.0472  0.0459  0.0453  0.0497  0.0527  0.0511  0.0362  0.0377  0.0363  0.0378  0.0347  0.0345
niter,ni,del,rscale     7    3    5.0000    1.2000
parameter  5  0.969401 ->  0.500000 qaram    1.3225
parameter  6  0.647419 ->  0.500000 qaram    1.3225
parameters
   -1.1150  -18.1357    9.8320   -5.5982  -10.1246  -10.1081
    5.2632    4.0005   -5.6046   14.4038   -1.8636  -11.1213
eta,q 0.97053 11.01879
  0.0363  0.0361  0.0356  0.0353  0.0312  0.0300  0.0322  0.0327  0.0308  0.0329  0.0302  0.0311
  0.0350  0.0349  0.0347  0.0344  0.0312  0.0296  0.0308  0.0310  0.0301  0.0312  0.0297  0.0303
  0.0342  0.0342  0.0341  0.0339  0.0322  0.0298  0.0299  0.0299  0.0296  0.0301  0.0295  0.0297
  0.0340  0.0340  0.0340  0.0340  0.0339  0.0313  0.0295  0.0295  0.0295  0.0295  0.0295  0.0295
  0.0345  0.0343  0.0343  0.0343  0.0362  0.0342  0.0297  0.0301  0.0297  0.0296  0.0296  0.0295
  0.0357  0.0352  0.0351  0.0351  0.0392  0.0380  0.0305  0.0316  0.0303  0.0304  0.0299  0.0298
  0.0375  0.0366  0.0361  0.0367  0.0426  0.0426  0.0319  0.0336  0.0312  0.0319  0.0304  0.0304
niter,ni,del,rscale     7    3    5.0000    1.2000
parameters
   -1.2945  -18.0643    8.6703   -4.7650  -12.6914  -13.2086
    5.3952    3.7950   -5.4465   14.5436   -2.2342  -11.7515
eta,q 0.97107 10.76274
  0.0320  0.0322  0.0295  0.0314  0.0310  0.0305  0.0314  0.0322  0.0303  0.0317  0.0295  0.0298
  0.0305  0.0307  0.0291  0.0301  0.0297  0.0293  0.0301  0.0305  0.0296  0.0303  0.0292  0.0293
  0.0297  0.0298  0.0291  0.0293  0.0289  0.0290  0.0293  0.0294  0.0291  0.0294  0.0290  0.0290
  0.0295  0.0294  0.0294  0.0290  0.0291  0.0289  0.0290  0.0289  0.0290  0.0289  0.0289  0.0289
  0.0300  0.0297  0.0302  0.0293  0.0304  0.0302  0.0292  0.0294  0.0291  0.0292  0.0290  0.0291
  0.0311  0.0306  0.0312  0.0297  0.0326  0.0333  0.0300  0.0307  0.0295  0.0301  0.0293  0.0295
  0.0329  0.0319  0.0325  0.0306  0.0357  0.0376  0.0313  0.0326  0.0302  0.0315  0.0297  0.0301
niter,ni,del,rscale     6    3    5.0000    1.2000
parameters
   -1.3527  -17.8290    8.0958   -4.8989  -13.0178  -14.0870
    5.3885    3.6994   -5.2610   14.8946   -2.4489  -12.0518
eta,q 0.97108 10.69202
  0.0317  0.0317  0.0296  0.0306  0.0321  0.0320  0.0313  0.0322  0.0303  0.0317  0.0296  0.0298
  0.0301  0.0303  0.0290  0.0295  0.0305  0.0300  0.0300  0.0305  0.0296  0.0303  0.0292  0.0293
  0.0292  0.0293  0.0288  0.0289  0.0293  0.0292  0.0293  0.0294  0.0291  0.0294  0.0290  0.0290
  0.0289  0.0289  0.0289  0.0288  0.0288  0.0288  0.0289  0.0289  0.0289  0.0289  0.0289  0.0289
  0.0293  0.0291  0.0293  0.0292  0.0292  0.0290  0.0292  0.0294  0.0290  0.0291  0.0290  0.0291
  0.0303  0.0297  0.0299  0.0296  0.0306  0.0308  0.0300  0.0306  0.0295  0.0299  0.0292  0.0294
  0.0319  0.0308  0.0307  0.0306  0.0328  0.0340  0.0313  0.0324  0.0302  0.0313  0.0296  0.0300
niter,ni,del,rscale     5    3    5.0000    1.2000
parameters
   -1.3676  -17.7045    8.0095   -5.1226  -13.1961  -14.1565
    5.3833    3.6866   -5.1486   15.1087   -2.5872  -12.1333
eta,q 0.97109 10.66850
  0.0317  0.0314  0.0301  0.0306  0.0322  0.0325  0.0313  0.0323  0.0302  0.0316  0.0296  0.0299
  0.0302  0.0300  0.0294  0.0296  0.0306  0.0304  0.0300  0.0305  0.0295  0.0302  0.0292  0.0293
  0.0292  0.0292  0.0290  0.0290  0.0294  0.0292  0.0292  0.0294  0.0291  0.0293  0.0290  0.0290
  0.0289  0.0289  0.0289  0.0289  0.0289  0.0289  0.0289  0.0289  0.0289  0.0289  0.0289  0.0289
  0.0293  0.0291  0.0291  0.0293  0.0292  0.0288  0.0291  0.0293  0.0290  0.0291  0.0290  0.0290
  0.0302  0.0298  0.0295  0.0298  0.0306  0.0301  0.0300  0.0305  0.0295  0.0300  0.0292  0.0294
  0.0318  0.0309  0.0302  0.0307  0.0327  0.0330  0.0313  0.0323  0.0301  0.0314  0.0296  0.0299
niter,ni,del,rscale     4    3    5.0000    1.2000
parameters
   -1.3706  -17.6502    7.9946   -5.1327  -13.2691  -14.1489
    5.3693    3.6922   -5.0838   15.2067   -2.6342  -12.1693
eta,q 0.97109 10.66606
  0.0317  0.0312  0.0301  0.0308  0.0323  0.0325  0.0313  0.0323  0.0302  0.0315  0.0296  0.0299
  0.0302  0.0299  0.0294  0.0297  0.0307  0.0304  0.0300  0.0305  0.0295  0.0302  0.0292  0.0293
  0.0292  0.0291  0.0290  0.0290  0.0295  0.0292  0.0292  0.0294  0.0291  0.0293  0.0290  0.0290
  0.0289  0.0289  0.0289  0.0289  0.0289  0.0289  0.0289  0.0289  0.0289  0.0289  0.0289  0.0289
  0.0292  0.0292  0.0291  0.0293  0.0292  0.0288  0.0291  0.0293  0.0290  0.0292  0.0290  0.0290
  0.0302  0.0299  0.0295  0.0298  0.0306  0.0300  0.0300  0.0305  0.0295  0.0300  0.0292  0.0294
  0.0317  0.0309  0.0301  0.0306  0.0326  0.0329  0.0313  0.0323  0.0302  0.0314  0.0296  0.0299
niter,ni,del,rscale     3    3    5.0000    1.2000
parameters
   -1.3702  -17.6310    7.9848   -5.1307  -13.2959  -14.1472
    5.3588    3.6961   -5.0560   15.2439   -2.6537  -12.1757
eta,q 0.97109 10.66541
  0.0318  0.0312  0.0302  0.0308  0.0323  0.0325  0.0313  0.0323  0.0302  0.0315  0.0296  0.0299
  0.0302  0.0299  0.0294  0.0297  0.0307  0.0304  0.0300  0.0305  0.0295  0.0302  0.0292  0.0293
  0.0292  0.0291  0.0290  0.0290  0.0295  0.0292  0.0292  0.0294  0.0291  0.0293  0.0290  0.0290
  0.0289  0.0289  0.0289  0.0289  0.0289  0.0289  0.0289  0.0289  0.0289  0.0289  0.0289  0.0289
  0.0293  0.0292  0.0291  0.0293  0.0292  0.0288  0.0291  0.0293  0.0290  0.0292  0.0290  0.0290
  0.0302  0.0299  0.0295  0.0298  0.0305  0.0300  0.0300  0.0305  0.0295  0.0301  0.0292  0.0294
  0.0317  0.0310  0.0301  0.0306  0.0326  0.0329  0.0313  0.0323  0.0302  0.0315  0.0296  0.0299
registration optimization eta report
parameter search radius
    2.4000    2.4000    2.4000    8.2800    9.5220    9.5220
    7.2000    7.2000    7.2000    7.2000    7.2000    7.2000
100000*second partial in parameter space
       49.       38.       21.        3.        4.        4.
        5.        6.        2.        5.        1.        2.
  0.0318  0.0312  0.0302  0.0308  0.0323  0.0325  0.0313  0.0323  0.0302  0.0315  0.0296  0.0299
  0.0302  0.0299  0.0294  0.0297  0.0307  0.0304  0.0300  0.0305  0.0295  0.0302  0.0292  0.0293
  0.0292  0.0291  0.0290  0.0290  0.0295  0.0292  0.0292  0.0294  0.0291  0.0293  0.0290  0.0290
  0.0289  0.0289  0.0289  0.0289  0.0289  0.0289  0.0289  0.0289  0.0289  0.0289  0.0289  0.0289
  0.0293  0.0292  0.0291  0.0293  0.0292  0.0288  0.0291  0.0293  0.0290  0.0292  0.0290  0.0290
  0.0302  0.0299  0.0295  0.0298  0.0305  0.0300  0.0300  0.0305  0.0295  0.0301  0.0292  0.0294
  0.0317  0.0310  0.0301  0.0306  0.0326  0.0329  0.0313  0.0323  0.0302  0.0315  0.0296  0.0299
   -1.3702  -17.6310    7.9848   -5.1307  -13.2959  -14.1472
    5.3588    3.6961   -5.0560   15.2439   -2.6537  -12.1757
eta,q 0.97109 10.66541

---------------------------------------------------------------------
imgreg_4dfp /opt/freesurfer/average/711-2C_as_mni_average_305 /opt/freesurfer/average/711-2B_as_mni_average_305_mask talsrcimg_g11 none talsrcimg_to_711-2C_as_mni_average_305_t4 2311
---------------------------------------------------------------------

freesurfer imgreg_4dfp.c
/opt/freesurfer/average/711-2C_as_mni_average_305.4dfp.img
       256       256       256         1
  1.000000  1.000000  1.000000
orientation T byte_order littleendian
Reading image: /opt/freesurfer/average/711-2C_as_mni_average_305.4dfp.img
dimensions:      256       256       256
mmppix:       1.0000   -1.0000   -1.0000
center:     128.0000 -129.0000 -129.0000
/opt/freesurfer/average/711-2B_as_mni_average_305_mask.4dfp.img
       256       256       256         1
  1.000000  1.000000  1.000000
orientation T byte_order littleendian
Reading mask: /opt/freesurfer/average/711-2B_as_mni_average_305_mask.4dfp.img (2306576 pixels)
talsrcimg_g11.4dfp.img
       256       256       256         1
  1.000000  1.000000  1.000000
orientation T byte_order littleendian
Reading image: talsrcimg_g11.4dfp.img
dimensions:      256       256       256
mmppix:       1.0000   -1.0000   -1.0000
center:     128.0000 -129.0000 -129.0000
fimgreg.f
image alignment mode   2311 decimal      907 hex
parameters
   -1.3702  -17.6310    7.9848   -5.1307  -13.2959  -14.1472
    5.3588    3.6961   -5.0560   15.2439   -2.6537  -12.1757
eta,q 0.97109 10.66541
niter,ni,del,rscale     5    3    5.0000    0.8000
parameters
   -1.3762  -17.6701    7.9165   -5.5535  -12.8405  -12.9628
    5.4823    3.8029   -5.0775   15.5262   -2.4587  -12.5333
eta,q 0.97133 10.73867
  0.0302  0.0299  0.0294  0.0295  0.0300  0.0296  0.0298  0.0304  0.0293  0.0301  0.0291  0.0291
  0.0295  0.0293  0.0291  0.0291  0.0295  0.0292  0.0292  0.0295  0.0290  0.0294  0.0289  0.0288
  0.0290  0.0290  0.0289  0.0289  0.0291  0.0290  0.0288  0.0289  0.0288  0.0289  0.0287  0.0287
  0.0289  0.0289  0.0289  0.0289  0.0289  0.0289  0.0287  0.0287  0.0287  0.0287  0.0287  0.0287
  0.0291  0.0290  0.0290  0.0291  0.0289  0.0286  0.0288  0.0288  0.0287  0.0288  0.0287  0.0288
  0.0295  0.0294  0.0292  0.0294  0.0292  0.0287  0.0291  0.0294  0.0290  0.0292  0.0288  0.0290
  0.0302  0.0299  0.0295  0.0296  0.0297  0.0292  0.0298  0.0303  0.0293  0.0298  0.0290  0.0292
niter,ni,del,rscale     4    3    5.0000    0.7000
parameters
   -1.3965  -17.7076    7.9754   -5.3740  -12.7461  -12.7316
    5.5328    3.8237   -5.0863   15.5480   -2.4608  -12.5937
eta,q 0.97137 10.76916
  0.0297  0.0294  0.0293  0.0293  0.0295  0.0293  0.0295  0.0300  0.0291  0.0297  0.0290  0.0290
  0.0291  0.0290  0.0289  0.0290  0.0291  0.0291  0.0291  0.0293  0.0289  0.0291  0.0288  0.0288
  0.0288  0.0287  0.0287  0.0287  0.0288  0.0289  0.0288  0.0288  0.0287  0.0288  0.0287  0.0287
  0.0287  0.0287  0.0287  0.0287  0.0287  0.0287  0.0286  0.0286  0.0286  0.0286  0.0286  0.0286
  0.0288  0.0288  0.0287  0.0288  0.0287  0.0286  0.0287  0.0288  0.0287  0.0287  0.0287  0.0287
  0.0291  0.0291  0.0289  0.0289  0.0290  0.0288  0.0290  0.0292  0.0289  0.0291  0.0288  0.0288
  0.0297  0.0295  0.0291  0.0292  0.0295  0.0293  0.0295  0.0300  0.0291  0.0296  0.0290  0.0290
niter,ni,del,rscale     3    3    5.0000    0.6000
parameters
   -1.4010  -17.7329    8.0057   -5.4257  -12.6863  -12.3785
    5.5767    3.8491   -5.0911   15.5636   -2.4270  -12.7179
eta,q 0.97140 10.79004
  0.0294  0.0292  0.0291  0.0291  0.0293  0.0292  0.0293  0.0296  0.0290  0.0294  0.0289  0.0289
  0.0290  0.0289  0.0288  0.0288  0.0289  0.0290  0.0289  0.0291  0.0288  0.0290  0.0287  0.0287
  0.0287  0.0287  0.0287  0.0287  0.0287  0.0288  0.0287  0.0287  0.0286  0.0287  0.0286  0.0286
  0.0286  0.0286  0.0286  0.0286  0.0286  0.0286  0.0286  0.0286  0.0286  0.0286  0.0286  0.0286
  0.0287  0.0287  0.0287  0.0287  0.0287  0.0286  0.0287  0.0287  0.0286  0.0287  0.0286  0.0286
  0.0290  0.0289  0.0288  0.0289  0.0289  0.0288  0.0289  0.0291  0.0288  0.0289  0.0287  0.0288
  0.0294  0.0292  0.0290  0.0291  0.0293  0.0291  0.0292  0.0296  0.0290  0.0294  0.0288  0.0289
niter,ni,del,rscale     2    3    5.0000    0.5000
parameters
   -1.4093  -17.7500    8.0716   -5.4781  -12.6189  -12.0565
    5.6288    3.8675   -5.1204   15.5742   -2.4027  -12.7865
eta,q 0.97142 10.80927
  0.0291  0.0290  0.0289  0.0289  0.0291  0.0291  0.0290  0.0293  0.0288  0.0291  0.0288  0.0288
  0.0288  0.0288  0.0288  0.0287  0.0288  0.0289  0.0288  0.0289  0.0287  0.0288  0.0287  0.0287
  0.0287  0.0286  0.0286  0.0286  0.0287  0.0287  0.0286  0.0287  0.0286  0.0286  0.0286  0.0286
  0.0286  0.0286  0.0286  0.0286  0.0286  0.0286  0.0286  0.0286  0.0286  0.0286  0.0286  0.0286
  0.0287  0.0287  0.0286  0.0287  0.0286  0.0286  0.0286  0.0287  0.0286  0.0286  0.0286  0.0286
  0.0288  0.0288  0.0287  0.0288  0.0288  0.0287  0.0288  0.0289  0.0287  0.0288  0.0287  0.0287
  0.0291  0.0290  0.0289  0.0289  0.0290  0.0290  0.0290  0.0293  0.0288  0.0291  0.0288  0.0288
niter,ni,del,rscale     1    3    5.0000    0.4000
parameters
   -1.4197  -17.7668    8.1461   -5.5252  -12.5564  -11.8195
    5.6689    3.8601   -5.1617   15.5720   -2.3750  -12.8113
eta,q 0.97144 10.82337
  0.0289  0.0288  0.0288  0.0288  0.0289  0.0290  0.0289  0.0290  0.0287  0.0289  0.0287  0.0287
  0.0287  0.0287  0.0287  0.0287  0.0287  0.0288  0.0287  0.0288  0.0286  0.0287  0.0286  0.0286
  0.0286  0.0286  0.0286  0.0286  0.0286  0.0286  0.0286  0.0286  0.0286  0.0286  0.0286  0.0286
  0.0286  0.0286  0.0286  0.0286  0.0286  0.0286  0.0286  0.0286  0.0286  0.0286  0.0286  0.0286
  0.0286  0.0286  0.0286  0.0286  0.0286  0.0286  0.0286  0.0286  0.0286  0.0286  0.0286  0.0286
  0.0287  0.0287  0.0286  0.0287  0.0287  0.0287  0.0287  0.0288  0.0286  0.0287  0.0286  0.0286
  0.0289  0.0289  0.0287  0.0288  0.0289  0.0289  0.0289  0.0291  0.0287  0.0289  0.0287  0.0287
registration optimization eta report
parameter search radius
    0.8000    0.8000    0.8000    2.4000    2.4000    2.4000
    2.4000    2.4000    2.4000    2.4000    2.4000    2.4000
100000*second partial in parameter space
       54.       43.       31.        4.        5.        6.
        5.        8.        3.        6.        2.        3.
  0.0289  0.0288  0.0288  0.0288  0.0289  0.0290  0.0289  0.0290  0.0287  0.0289  0.0287  0.0287
  0.0287  0.0287  0.0287  0.0287  0.0287  0.0288  0.0287  0.0288  0.0286  0.0287  0.0286  0.0286
  0.0286  0.0286  0.0286  0.0286  0.0286  0.0286  0.0286  0.0286  0.0286  0.0286  0.0286  0.0286
  0.0286  0.0286  0.0286  0.0286  0.0286  0.0286  0.0286  0.0286  0.0286  0.0286  0.0286  0.0286
  0.0286  0.0286  0.0286  0.0286  0.0286  0.0286  0.0286  0.0286  0.0286  0.0286  0.0286  0.0286
  0.0287  0.0287  0.0286  0.0287  0.0287  0.0287  0.0287  0.0288  0.0286  0.0287  0.0286  0.0286
  0.0289  0.0289  0.0287  0.0288  0.0289  0.0289  0.0289  0.0291  0.0287  0.0289  0.0287  0.0287
   -1.4197  -17.7668    8.1461   -5.5252  -12.5564  -11.8195
    5.6689    3.8601   -5.1617   15.5720   -2.3750  -12.8113
eta,q 0.97144 10.82337

---------------------------------------------------------------------
imgreg_4dfp /opt/freesurfer/average/711-2C_as_mni_average_305 /opt/freesurfer/average/711-2B_as_mni_average_305_mask talsrcimg_g11 none talsrcimg_to_711-2C_as_mni_average_305_t4 2311
---------------------------------------------------------------------

freesurfer imgreg_4dfp.c
/opt/freesurfer/average/711-2C_as_mni_average_305.4dfp.img
       256       256       256         1
  1.000000  1.000000  1.000000
orientation T byte_order littleendian
Reading image: /opt/freesurfer/average/711-2C_as_mni_average_305.4dfp.img
dimensions:      256       256       256
mmppix:       1.0000   -1.0000   -1.0000
center:     128.0000 -129.0000 -129.0000
/opt/freesurfer/average/711-2B_as_mni_average_305_mask.4dfp.img
       256       256       256         1
  1.000000  1.000000  1.000000
orientation T byte_order littleendian
Reading mask: /opt/freesurfer/average/711-2B_as_mni_average_305_mask.4dfp.img (2306576 pixels)
talsrcimg_g11.4dfp.img
       256       256       256         1
  1.000000  1.000000  1.000000
orientation T byte_order littleendian
Reading image: talsrcimg_g11.4dfp.img
dimensions:      256       256       256
mmppix:       1.0000   -1.0000   -1.0000
center:     128.0000 -129.0000 -129.0000
fimgreg.f
image alignment mode   2311 decimal      907 hex
parameters
   -1.4197  -17.7668    8.1461   -5.5252  -12.5564  -11.8195
    5.6689    3.8601   -5.1617   15.5720   -2.3750  -12.8113
eta,q 0.97144 10.82338
niter,ni,del,rscale     5    3    5.0000    0.8000
parameters
   -1.4115  -17.7513    8.2136   -5.1375  -12.7303  -12.5355
    5.5567    3.7902   -5.1523   15.4714   -2.4882  -12.5138
eta,q 0.97137 10.79528
  0.0300  0.0297  0.0294  0.0294  0.0296  0.0293  0.0297  0.0303  0.0293  0.0299  0.0290  0.0292
  0.0292  0.0291  0.0289  0.0290  0.0291  0.0291  0.0291  0.0294  0.0289  0.0292  0.0288  0.0289
  0.0287  0.0287  0.0287  0.0287  0.0287  0.0288  0.0288  0.0288  0.0287  0.0288  0.0287  0.0287
  0.0286  0.0286  0.0286  0.0286  0.0286  0.0286  0.0286  0.0286  0.0286  0.0286  0.0286  0.0286
  0.0287  0.0287  0.0286  0.0287  0.0287  0.0287  0.0288  0.0288  0.0287  0.0288  0.0287  0.0287
  0.0292  0.0290  0.0289  0.0289  0.0291  0.0292  0.0292  0.0294  0.0289  0.0293  0.0288  0.0288
  0.0299  0.0296  0.0293  0.0291  0.0298  0.0303  0.0299  0.0304  0.0293  0.0300  0.0290  0.0291
niter,ni,del,rscale     4    3    5.0000    0.7000
parameters
   -1.4030  -17.7582    8.0636   -5.2871  -12.6855  -12.6179
    5.5565    3.8261   -5.1017   15.4718   -2.4652  -12.5774
eta,q 0.97138 10.78308
  0.0297  0.0295  0.0291  0.0292  0.0295  0.0292  0.0295  0.0300  0.0291  0.0296  0.0289  0.0290
  0.0291  0.0290  0.0288  0.0288  0.0290  0.0291  0.0290  0.0293  0.0289  0.0291  0.0288  0.0288
  0.0287  0.0287  0.0287  0.0286  0.0287  0.0288  0.0287  0.0288  0.0287  0.0288  0.0287  0.0287
  0.0286  0.0286  0.0286  0.0286  0.0286  0.0286  0.0286  0.0286  0.0286  0.0286  0.0286  0.0286
  0.0287  0.0287  0.0287  0.0287  0.0287  0.0286  0.0287  0.0288  0.0287  0.0287  0.0287  0.0287
  0.0291  0.0290  0.0290  0.0289  0.0290  0.0289  0.0290  0.0292  0.0288  0.0291  0.0288  0.0288
  0.0296  0.0295  0.0293  0.0292  0.0295  0.0295  0.0295  0.0300  0.0291  0.0296  0.0289  0.0290
niter,ni,del,rscale     3    3    5.0000    0.6000
parameters
   -1.4030  -17.7554    8.0338   -5.4047  -12.6494  -12.3772
    5.5786    3.8450   -5.1126   15.5264   -2.4053  -12.6991
eta,q 0.97140 10.79281
  0.0294  0.0292  0.0290  0.0290  0.0292  0.0291  0.0292  0.0296  0.0290  0.0294  0.0289  0.0289
  0.0290  0.0289  0.0288  0.0288  0.0289  0.0290  0.0289  0.0291  0.0288  0.0290  0.0287  0.0287
  0.0287  0.0287  0.0287  0.0286  0.0287  0.0288  0.0287  0.0287  0.0286  0.0287  0.0286  0.0286
  0.0286  0.0286  0.0286  0.0286  0.0286  0.0286  0.0286  0.0286  0.0286  0.0286  0.0286  0.0286
  0.0287  0.0287  0.0287  0.0287  0.0287  0.0286  0.0287  0.0287  0.0286  0.0287  0.0286  0.0287
  0.0290  0.0289  0.0288  0.0289  0.0289  0.0288  0.0289  0.0291  0.0288  0.0289  0.0287  0.0288
  0.0294  0.0292  0.0291  0.0290  0.0293  0.0292  0.0292  0.0296  0.0290  0.0293  0.0288  0.0289
niter,ni,del,rscale     2    3    5.0000    0.5000
parameters
   -1.4102  -17.7606    8.0738   -5.4739  -12.6061  -12.0669
    5.6252    3.8625   -5.1448   15.5570   -2.3874  -12.7904
eta,q 0.97143 10.80944
  0.0291  0.0290  0.0289  0.0289  0.0290  0.0291  0.0290  0.0293  0.0288  0.0291  0.0288  0.0288
  0.0288  0.0288  0.0287  0.0287  0.0288  0.0289  0.0288  0.0289  0.0287  0.0288  0.0287  0.0287
  0.0287  0.0286  0.0286  0.0286  0.0287  0.0287  0.0286  0.0287  0.0286  0.0286  0.0286  0.0286
  0.0286  0.0286  0.0286  0.0286  0.0286  0.0286  0.0286  0.0286  0.0286  0.0286  0.0286  0.0286
  0.0287  0.0287  0.0286  0.0287  0.0286  0.0286  0.0286  0.0287  0.0286  0.0286  0.0286  0.0286
  0.0288  0.0288  0.0287  0.0288  0.0288  0.0287  0.0288  0.0289  0.0287  0.0288  0.0287  0.0287
  0.0291  0.0290  0.0289  0.0289  0.0290  0.0290  0.0290  0.0293  0.0289  0.0291  0.0288  0.0288
niter,ni,del,rscale     1    3    5.0000    0.4000
parameters
   -1.4160  -17.7669    8.1409   -5.5288  -12.5691  -11.8347
    5.6656    3.8644   -5.1612   15.5785   -2.3862  -12.8155
eta,q 0.97144 10.82182
  0.0289  0.0289  0.0288  0.0288  0.0289  0.0290  0.0289  0.0291  0.0287  0.0289  0.0287  0.0287
  0.0287  0.0287  0.0287  0.0287  0.0287  0.0288  0.0287  0.0288  0.0286  0.0287  0.0286  0.0286
  0.0286  0.0286  0.0286  0.0286  0.0286  0.0286  0.0286  0.0286  0.0286  0.0286  0.0286  0.0286
  0.0286  0.0286  0.0286  0.0286  0.0286  0.0286  0.0286  0.0286  0.0286  0.0286  0.0286  0.0286
  0.0286  0.0286  0.0286  0.0286  0.0286  0.0286  0.0286  0.0286  0.0286  0.0286  0.0286  0.0286
  0.0287  0.0287  0.0286  0.0287  0.0287  0.0287  0.0287  0.0288  0.0286  0.0287  0.0286  0.0286
  0.0289  0.0289  0.0287  0.0288  0.0289  0.0289  0.0289  0.0290  0.0287  0.0289  0.0287  0.0287
registration optimization eta report
parameter search radius
    0.8000    0.8000    0.8000    2.4000    2.4000    2.4000
    2.4000    2.4000    2.4000    2.4000    2.4000    2.4000
100000*second partial in parameter space
       54.       44.       31.        4.        5.        6.
        5.        8.        3.        6.        2.        2.
  0.0289  0.0289  0.0288  0.0288  0.0289  0.0290  0.0289  0.0291  0.0287  0.0289  0.0287  0.0287
  0.0287  0.0287  0.0287  0.0287  0.0287  0.0288  0.0287  0.0288  0.0286  0.0287  0.0286  0.0286
  0.0286  0.0286  0.0286  0.0286  0.0286  0.0286  0.0286  0.0286  0.0286  0.0286  0.0286  0.0286
  0.0286  0.0286  0.0286  0.0286  0.0286  0.0286  0.0286  0.0286  0.0286  0.0286  0.0286  0.0286
  0.0286  0.0286  0.0286  0.0286  0.0286  0.0286  0.0286  0.0286  0.0286  0.0286  0.0286  0.0286
  0.0287  0.0287  0.0286  0.0287  0.0287  0.0287  0.0287  0.0288  0.0286  0.0287  0.0286  0.0286
  0.0289  0.0289  0.0287  0.0288  0.0289  0.0289  0.0289  0.0290  0.0287  0.0289  0.0287  0.0287
   -1.4160  -17.7669    8.1409   -5.5288  -12.5691  -11.8347
    5.6656    3.8644   -5.1612   15.5785   -2.3862  -12.8155
eta,q 0.97144 10.82182

---------------------------------------------------------------------
compute_vox2vox talsrcimg talsrcimg_to_711-2C_as_mni_average_305_t4 /opt/freesurfer/average/711-2C_as_mni_average_305
---------------------------------------------------------------------

freesurfer compute_vox2vox.c
Reading: talsrcimg.4dfp.ifh
Reading: talsrcimg_to_711-2C_as_mni_average_305_t4
Reading: /opt/freesurfer/average/711-2C_as_mni_average_305.4dfp.ifh
Writing: talsrcimg_to_711-2C_as_mni_average_305_t4_vox2vox.txt

start time Sun Mar 8 17:59:49 CET 2026
end		time Sun Mar 8 18:01:19 CET 2026

mpr2mni305 success

avi2talxfm orig_nu.mgz /opt/freesurfer/average/mni305.cor.mgz talsrcimg_to_711-2C_as_mni_average_305_t4_vox2vox.txt transforms/talairach.auto.xfm
avi2talxfm done
mv -f /out/sourcedata/freesurfer/sub-v1s14x0051568_ses-1/mri/talsrcimg_to_711-2C_as_mni_average_305_t4_vox2vox.txt /out/sourcedata/freesurfer/sub-v1s14x0051568_ses-1/mri/transforms/talsrcimg_to_711-2C_as_mni_average_305_t4_vox2vox.txt
lta_convert --src orig_nu.mgz --trg /opt/freesurfer/average/mni305.cor.mgz --inxfm transforms/talairach.auto.xfm --outlta transforms/talairach.auto.xfm.lta --subject fsaverage
7.3.2

--src: orig_nu.mgz src image (geometry).
--trg: /opt/freesurfer/average/mni305.cor.mgz trg image (geometry).
--inmni: transforms/talairach.auto.xfm input MNI/XFM transform.
--outlta: transforms/talairach.auto.xfm.lta output LTA.
--s: fsaverage subject name
 LTA read, type : 1
 1.05369  -0.03326  -0.07316  -4.60797;
 0.03661   1.10444   0.15951  -22.15473;
 0.05568  -0.19875   1.11102  -12.45439;
 0.00000   0.00000   0.00000   1.00000;
setting subject to fsaverage
Writing  LTA to file transforms/talairach.auto.xfm.lta...
lta_convert successful.
 
 
Started at Sun Mar 8 17:59:49 CET 2026
Ended   at Sun Mar  8 18:01:19 CET 2026
talairach_avi done
