/out/sourcedata/freesurfer/sub-v1s14x0051578_ses-1/mri
/opt/freesurfer/bin/talairach_avi
--i orig_nu.mgz --xfm transforms/talairach.auto.xfm
talairach_avi 7.3.2
Linux dna070 5.14.0-427.37.1.el9_4.x86_64 #1 SMP PREEMPT_DYNAMIC Fri Sep 13 12:41:50 EDT 2024 x86_64 x86_64 x86_64 GNU/Linux
Sun Mar  8 19:21:37 CET 2026
mri_convert orig_nu.mgz talsrcimg.img 
reading from orig_nu.mgz...
TR=0.00, TE=0.00, TI=0.00, flip angle=0.00
i_ras = (-1, 9.31323e-10, 3.72529e-09)
j_ras = (0, 0, -1)
k_ras = (-9.31323e-10, 1, 0)
writing to talsrcimg.img...
Analyze Output Matrix
-1.00000   0.00000  -0.00000   133.82211;
 0.00000   0.00000   1.00000  -115.43607;
 0.00000  -1.00000   0.00000   159.84523;
 0.00000   0.00000   0.00000   1.00000;
--------------------
INFO: set hdr.hist.orient to -1
mpr2mni305 talsrcimg
Sun Mar  8 19:21:37 CET 2026
/opt/freesurfer/bin/mpr2mni305 talsrcimg
mpr2mni305 7.3.2
target=711-2C_as_mni_average_305

---------------------------------------------------------------------
analyzeto4dfp talsrcimg -O0 -y
---------------------------------------------------------------------

freesurfer ifh2hdr.c
Sun Mar  8 19:21:37 2026
Writing: talsrcimg.4dfp.hdr
freesurfer analyzeto4dfp.c
Reading: talsrcimg.hdr
header size 348 bytes
hdr.dime.datatype	offset=70	value=2
hdr.dime.bitpix		offset=72	value=8
hdr.hist.orient		offset=252	value=-1
dimensionality     4
dimensions       256       256       256         1
Reading: talsrcimg.img
Writing: talsrcimg.4dfp.img
Writing: talsrcimg.4dfp.ifh
ifh2hdr talsrcimg -r0to233
ori=2

---------------------------------------------------------------------
gauss_4dfp talsrcimg 1.1
---------------------------------------------------------------------

freesurfer gauss_4dfp.c
Reading: talsrcimg.4dfp.img
Writing: talsrcimg_g11.4dfp.img
image dimensions 256 256 256 padded to 288 288 288
processing volume 1freesurfer ifh2hdr.c
Sun Mar  8 19:21:39 2026
Writing: talsrcimg_g11.4dfp.hdr

Writing: talsrcimg_g11.4dfp.ifh
including: talsrcimg.4dfp.img.rec in talsrcimg_g11.4dfp.img.rec

---------------------------------------------------------------------
imgreg_4dfp /opt/freesurfer/average/711-2C_as_mni_average_305 none talsrcimg_g11 none talsrcimg_to_711-2C_as_mni_average_305_t4 4355
---------------------------------------------------------------------

freesurfer imgreg_4dfp.c
/opt/freesurfer/average/711-2C_as_mni_average_305.4dfp.img
       256       256       256         1
  1.000000  1.000000  1.000000
orientation T byte_order littleendian
Reading image: /opt/freesurfer/average/711-2C_as_mni_average_305.4dfp.img
dimensions:      256       256       256
mmppix:       1.0000   -1.0000   -1.0000
center:     128.0000 -129.0000 -129.0000
talsrcimg_g11.4dfp.img
       256       256       256         1
  1.000000  1.000000  1.000000
orientation T byte_order littleendian
Reading image: talsrcimg_g11.4dfp.img
dimensions:      256       256       256
mmppix:       1.0000   -1.0000   -1.0000
center:     128.0000 -129.0000 -129.0000
t4_read: open error in t4_sub.f l:  41 t4_file(1:l)talsrcimg_to_711-2C_as_mni_average_305_t4 
t4_read: transform initialized to I4
rotation matrix determinant  1.000000
image alignment mode   4355 decimal     1103 hex
   -7.5000  -45.0000  -45.0000 8688.3779   20.8103
    0.0000  -45.0000  -45.0000 8995.9893   20.7983
    7.5000  -45.0000  -45.0000 8533.4756   20.7625
   -7.5000  -37.5000  -45.0000 8941.6895   20.7590
    0.0000  -37.5000  -45.0000 9265.9766   20.7579
    7.5000  -37.5000  -45.0000 8785.6240   20.7394
   -7.5000  -30.0000  -45.0000 9515.8594   20.7072
    0.0000  -30.0000  -45.0000 9876.2627   20.7189
    7.5000  -30.0000  -45.0000 9379.0576   20.7209
   -7.5000  -22.5000  -45.000010059.7197   20.7085
    0.0000  -22.5000  -45.000010445.8613   20.7208
    7.5000  -22.5000  -45.0000 9907.0527   20.7264
   -7.5000  -15.0000  -45.000010526.0146   20.7574
    0.0000  -15.0000  -45.000010936.0605   20.7585
    7.5000  -15.0000  -45.000010373.6904   20.7486
   -7.5000   -7.5000  -45.000010922.3408   20.8072
    0.0000   -7.5000  -45.000011352.3740   20.7969
    7.5000   -7.5000  -45.000010795.6992   20.7660
   -7.5000    0.0000  -45.000011260.3574   20.8103
    0.0000    0.0000  -45.000011685.0674   20.7983
    7.5000    0.0000  -45.000011126.5176   20.7625
   -7.5000    7.5000  -45.000010515.8184   20.7590
    0.0000    7.5000  -45.000010892.0332   20.7579
    7.5000    7.5000  -45.000010359.1328   20.7394
   -7.5000   15.0000  -45.0000 9608.6934   20.7072
    0.0000   15.0000  -45.0000 9955.6826   20.7189
    7.5000   15.0000  -45.0000 9475.5547   20.7209
   -7.5000   22.5000  -45.0000 8719.4062   20.7056
    0.0000   22.5000  -45.0000 9010.9492   20.7180
    7.5000   22.5000  -45.0000 8566.1943   20.7236
   -7.5000   30.0000  -45.0000 7845.7764   20.4807
    0.0000   30.0000  -45.0000 8083.9731   20.4818
    7.5000   30.0000  -45.0000 7689.2256   20.4721
   -7.5000   37.5000  -45.0000 7186.1094   20.5299
    0.0000   37.5000  -45.0000 7393.2520   20.5197
    7.5000   37.5000  -45.0000 7035.6035   20.4893
   -7.5000   45.0000  -45.0000 6296.6421   20.0589
    0.0000   45.0000  -45.0000 6476.9189   20.0472
    7.5000   45.0000  -45.0000 6151.1812   20.0131
   -7.5000  -45.0000  -37.5000 9324.9756   20.6478
    0.0000  -45.0000  -37.5000 9658.3936   20.6268
    7.5000  -45.0000  -37.5000 9124.4873   20.5877
   -7.5000  -37.5000  -37.5000 9579.7520   20.6026
    0.0000  -37.5000  -37.5000 9920.5557   20.5952
    7.5000  -37.5000  -37.5000 9367.7012   20.5726
   -7.5000  -30.0000  -37.500010169.8408   20.5598
    0.0000  -30.0000  -37.500010561.7363   20.5670
    7.5000  -30.0000  -37.5000 9950.0029   20.5640
   -7.5000  -22.5000  -37.500010752.6240   20.5618
    0.0000  -22.5000  -37.500011157.7852   20.5694
    7.5000  -22.5000  -37.500010509.9297   20.5709
   -7.5000  -15.0000  -37.500011240.7432   20.6041
    0.0000  -15.0000  -37.500011675.4570   20.5985
    7.5000  -15.0000  -37.500011021.7734   20.5860
   -7.5000   -7.5000  -37.500011702.2734   20.6474
    0.0000   -7.5000  -37.500012146.4844   20.6277
    7.5000   -7.5000  -37.500011479.2646   20.5942
   -7.5000    0.0000  -37.500012009.1299   20.6478
    0.0000    0.0000  -37.500012442.0635   20.6268
    7.5000    0.0000  -37.500011790.0811   20.5877
   -7.5000    7.5000  -37.500011162.3145   20.6026
    0.0000    7.5000  -37.500011561.9307   20.5952
    7.5000    7.5000  -37.500010966.8828   20.5726
   -7.5000   15.0000  -37.500010189.6162   20.5598
    0.0000   15.0000  -37.500010549.8975   20.5670
    7.5000   15.0000  -37.500010009.1270   20.5640
   -7.5000   22.5000  -37.5000 9204.7041   20.5589
    0.0000   22.5000  -37.5000 9552.4619   20.5666
    7.5000   22.5000  -37.5000 9055.9844   20.5680
   -7.5000   30.0000  -37.5000 8263.9434   20.3295
    0.0000   30.0000  -37.5000 8532.8418   20.3240
    7.5000   30.0000  -37.5000 8118.6792   20.3117
   -7.5000   37.5000  -37.5000 7588.9390   20.3722
    0.0000   37.5000  -37.5000 7801.4155   20.3529
    7.5000   37.5000  -37.5000 7420.6729   20.3197
   -7.5000   45.0000  -37.5000 6638.2402   19.9030
    0.0000   45.0000  -37.5000 6824.4531   19.8824
    7.5000   45.0000  -37.5000 6491.2056   19.8450
   -7.5000  -45.0000  -30.000010105.0576   21.3847
    0.0000  -45.0000  -30.000010460.5889   21.3595
    7.5000  -45.0000  -30.0000 9872.8848   21.3290
   -7.5000  -37.5000  -30.000010399.3652   21.3452
    0.0000  -37.5000  -30.000010771.1631   21.3339
    7.5000  -37.5000  -30.000010144.2510   21.3185
   -7.5000  -30.0000  -30.000011040.6084   21.3123
    0.0000  -30.0000  -30.000011447.2900   21.3172
    7.5000  -30.0000  -30.000010772.9834   21.3198
   -7.5000  -22.5000  -30.000011625.2119   21.3163
    0.0000  -22.5000  -30.000012053.6064   21.3240
    7.5000  -22.5000  -30.000011357.8711   21.3320
   -7.5000  -15.0000  -30.000012147.8984   21.3530
    0.0000  -15.0000  -30.000012608.1484   21.3479
    7.5000  -15.0000  -30.000011883.6562   21.3436
   -7.5000   -7.5000  -30.000012651.5176   21.3882
    0.0000   -7.5000  -30.000013133.1191   21.3667
    7.5000   -7.5000  -30.000012368.7822   21.3420
   -7.5000    0.0000  -30.000012979.2725   21.3847
    0.0000    0.0000  -30.000013440.9424   21.3595
    7.5000    0.0000  -30.000012688.5918   21.3290
   -7.5000    7.5000  -30.000012048.0234   21.3452
    0.0000    7.5000  -30.000012478.9814   21.3339
    7.5000    7.5000  -30.000011765.6602   21.3185
   -7.5000   15.0000  -30.000010939.6865   21.3123
    0.0000   15.0000  -30.000011331.4131   21.3172
    7.5000   15.0000  -30.000010717.5732   21.3198
   -7.5000   22.5000  -30.0000 9876.3906   21.3112
    0.0000   22.5000  -30.000010257.8496   21.3189
    7.5000   22.5000  -30.0000 9700.1680   21.3268
   -7.5000   30.0000  -30.0000 8853.3066   21.0704
    0.0000   30.0000  -30.0000 9158.4014   21.0655
    7.5000   30.0000  -30.0000 8688.3838   21.0611
   -7.5000   37.5000  -30.0000 8132.2388   21.1052
    0.0000   37.5000  -30.0000 8370.1309   21.0840
    7.5000   37.5000  -30.0000 7949.9443   21.0596
   -7.5000   45.0000  -30.0000 7106.0205   20.6287
    0.0000   45.0000  -30.0000 7301.0078   20.6041
    7.5000   45.0000  -30.0000 6941.6045   20.5747
   -7.5000  -45.0000  -22.500010893.0449   22.1005
    0.0000  -45.0000  -22.500011299.0732   22.0833
    7.5000  -45.0000  -22.500010665.6475   22.0659
   -7.5000  -37.5000  -22.500011219.0693   22.0663
    0.0000  -37.5000  -22.500011610.2705   22.0592
    7.5000  -37.5000  -22.500010964.0859   22.0566
   -7.5000  -30.0000  -22.500011900.9502   22.0369
    0.0000  -30.0000  -22.500012331.7148   22.0441
    7.5000  -30.0000  -22.500011629.8574   22.0597
   -7.5000  -22.5000  -22.500012525.6621   22.0402
    0.0000  -22.5000  -22.500012993.7695   22.0519
    7.5000  -22.5000  -22.500012221.2832   22.0727
   -7.5000  -15.0000  -22.500013062.8252   22.0724
    0.0000  -15.0000  -22.500013571.7617   22.0748
    7.5000  -15.0000  -22.500012785.0996   22.0831
   -7.5000   -7.5000  -22.500013595.6250   22.1033
    0.0000   -7.5000  -22.500014138.1377   22.0912
    7.5000   -7.5000  -22.500013318.8643   22.0796
   -7.5000    0.0000  -22.500013914.4502   22.1005
    0.0000    0.0000  -22.500014447.0859   22.0833
    7.5000    0.0000  -22.500013628.7227   22.0659
   -7.5000    7.5000  -22.500012924.1270   22.0663
    0.0000    7.5000  -22.500013386.7119   22.0592
    7.5000    7.5000  -22.500012608.6680   22.0566
   -7.5000   15.0000  -22.500011721.5850   22.0369
    0.0000   15.0000  -22.500012165.1348   22.0441
    7.5000   15.0000  -22.500011495.0049   22.0597
   -7.5000   22.5000  -22.500010580.9365   22.0334
    0.0000   22.5000  -22.500010993.0352   22.0451
    7.5000   22.5000  -22.500010389.5859   22.0659
   -7.5000   30.0000  -22.5000 9460.8574   21.7837
    0.0000   30.0000  -22.5000 9803.6504   21.7861
    7.5000   30.0000  -22.5000 9287.3574   21.7943
   -7.5000   37.5000  -22.5000 8688.4551   21.8142
    0.0000   37.5000  -22.5000 8971.2588   21.8022
    7.5000   37.5000  -22.5000 8494.4639   21.7908
   -7.5000   45.0000  -22.5000 7592.0645   21.3346
    0.0000   45.0000  -22.5000 7805.0850   21.3179
    7.5000   45.0000  -22.5000 7432.4614   21.3011
   -7.5000  -45.0000  -15.000011713.4902   22.6236
    0.0000  -45.0000  -15.000012140.9619   22.6172
    7.5000  -45.0000  -15.000011475.5293   22.6054
   -7.5000  -37.5000  -15.000012041.6592   22.5845
    0.0000  -37.5000  -15.000012465.3086   22.5852
    7.5000  -37.5000  -15.000011766.1621   22.5898
   -7.5000  -30.0000  -15.000012785.4326   22.5462
    0.0000  -30.0000  -15.000013229.5059   22.5586
    7.5000  -30.0000  -15.000012455.8555   22.5835
   -7.5000  -22.5000  -15.000013452.8857   22.5473
    0.0000  -22.5000  -15.000013927.4971   22.5640
    7.5000  -22.5000  -15.000013096.0293   22.5934
   -7.5000  -15.0000  -15.000014034.4736   22.5847
    0.0000  -15.0000  -15.000014564.0918   22.5942
    7.5000  -15.0000  -15.000013712.9697   22.6087
   -7.5000   -7.5000  -15.000014562.1055   22.6226
    0.0000   -7.5000  -15.000015122.2061   22.6208
    7.5000   -7.5000  -15.000014268.2646   22.6143
   -7.5000    0.0000  -15.000014862.3828   22.6236
    0.0000    0.0000  -15.000015433.8955   22.6172
    7.5000    0.0000  -15.000014542.3242   22.6054
   -7.5000    7.5000  -15.000013767.7549   22.5845
    0.0000    7.5000  -15.000014286.7646   22.5852
    7.5000    7.5000  -15.000013470.4580   22.5898
   -7.5000   15.0000  -15.000012480.0410   22.5462
    0.0000   15.0000  -15.000012954.9600   22.5586
    7.5000   15.0000  -15.000012243.3506   22.5835
   -7.5000   22.5000  -15.000011271.2695   22.5393
    0.0000   22.5000  -15.000011688.6631   22.5560
    7.5000   22.5000  -15.000011071.4727   22.5854
   -7.5000   30.0000  -15.000010069.1406   22.2924
    0.0000   30.0000  -15.000010434.5625   22.3018
    7.5000   30.0000  -15.0000 9896.1133   22.3161
   -7.5000   37.5000  -15.0000 9239.0078   22.3298
    0.0000   37.5000  -15.0000 9547.7578   22.3280
    7.5000   37.5000  -15.0000 9069.0723   22.3216
   -7.5000   45.0000  -15.0000 8076.8442   21.8516
    0.0000   45.0000  -15.0000 8332.2539   21.8455
    7.5000   45.0000  -15.0000 7929.7329   21.8342
   -7.5000  -45.0000   -7.500012550.9229   22.8993
    0.0000  -45.0000   -7.500013004.8809   22.8946
    7.5000  -45.0000   -7.500012302.3555   22.8730
   -7.5000  -37.5000   -7.500012899.4346   22.8475
    0.0000  -37.5000   -7.500013365.4336   22.8511
    7.5000  -37.5000   -7.500012626.0186   22.8479
   -7.5000  -30.0000   -7.500013681.1348   22.7933
    0.0000  -30.0000   -7.500014141.8584   22.8086
    7.5000  -30.0000   -7.500013337.7373   22.8269
   -7.5000  -22.5000   -7.500014394.7168   22.7931
    0.0000  -22.5000   -7.500014864.7090   22.8103
    7.5000  -22.5000   -7.500013991.7490   22.8320
   -7.5000  -15.0000   -7.500015013.7324   22.8428
    0.0000  -15.0000   -7.500015552.7783   22.8510
    7.5000  -15.0000   -7.500014654.5234   22.8557
   -7.5000   -7.5000   -7.500015551.0186   22.8946
    0.0000   -7.5000   -7.500016128.2900   22.8927
    7.5000   -7.5000   -7.500015213.2178   22.8756
   -7.5000    0.0000   -7.500015813.4023   22.8993
    0.0000    0.0000   -7.500016389.6074   22.8946
    7.5000    0.0000   -7.500015473.2891   22.8730
   -7.5000    7.5000   -7.500014669.0781   22.8475
    0.0000    7.5000   -7.500015203.5957   22.8511
    7.5000    7.5000   -7.500014374.0762   22.8479
   -7.5000   15.0000   -7.500013317.0381   22.7933
    0.0000   15.0000   -7.500013825.1279   22.8086
    7.5000   15.0000   -7.500013069.6084   22.8269
   -7.5000   22.5000   -7.500012037.7559   22.7826
    0.0000   22.5000   -7.500012473.1162   22.7998
    7.5000   22.5000   -7.500011795.0049   22.8215
   -7.5000   30.0000   -7.500010751.2451   22.5465
    0.0000   30.0000   -7.500011131.1133   22.5547
    7.5000   30.0000   -7.500010531.8535   22.5593
   -7.5000   37.5000   -7.5000 9841.6396   22.5977
    0.0000   37.5000   -7.500010181.8164   22.5958
    7.5000   37.5000   -7.5000 9650.7061   22.5790
   -7.5000   45.0000   -7.5000 8599.8125   22.1216
    0.0000   45.0000   -7.5000 8882.3730   22.1171
    7.5000   45.0000   -7.5000 8433.7568   22.0965
   -7.5000  -45.0000    0.000013341.9053   22.9614
    0.0000  -45.0000    0.000013805.2617   22.9497
    7.5000  -45.0000    0.000013073.6738   22.9120
   -7.5000  -37.5000    0.000013735.2998   22.9044
    0.0000  -37.5000    0.000014216.0225   22.9049
    7.5000  -37.5000    0.000013435.2832   22.8864
   -7.5000  -30.0000    0.000014547.0312   22.8455
    0.0000  -30.0000    0.000015039.0664   22.8595
    7.5000  -30.0000    0.000014194.4199   22.8629
   -7.5000  -22.5000    0.000015237.9580   22.8454
    0.0000  -22.5000    0.000015700.5557   22.8593
    7.5000  -22.5000    0.000014835.5391   22.8661
   -7.5000  -15.0000    0.000015906.0098   22.8994
    0.0000  -15.0000    0.000016407.0000   22.9008
    7.5000  -15.0000    0.000015483.6436   22.8903
   -7.5000   -7.5000    0.000016475.0723   22.9563
    0.0000   -7.5000    0.000017026.3086   22.9457
    7.5000   -7.5000    0.000016082.9795   22.9127
   -7.5000    0.0000    0.000016771.4395   22.9614
    0.0000    0.0000    0.000017328.1777   22.9497
    7.5000    0.0000    0.000016329.8545   22.9120
   -7.5000    7.5000    0.000015536.0732   22.9044
    0.0000    7.5000    0.000016076.6826   22.9049
    7.5000    7.5000    0.000015178.7871   22.8864
   -7.5000   15.0000    0.000014141.5254   22.8455
    0.0000   15.0000    0.000014654.6777   22.8595
    7.5000   15.0000    0.000013835.2441   22.8629
   -7.5000   22.5000    0.000012775.7617   22.8348
    0.0000   22.5000    0.000013240.6445   22.8488
    7.5000   22.5000    0.000012495.7432   22.8555
   -7.5000   30.0000    0.000011385.4668   22.6031
    0.0000   30.0000    0.000011781.0781   22.6044
    7.5000   30.0000    0.000011123.2207   22.5940
   -7.5000   37.5000    0.000010398.7070   22.6592
    0.0000   37.5000    0.000010756.7939   22.6487
    7.5000   37.5000    0.000010155.3135   22.6161
   -7.5000   45.0000    0.0000 9056.8789   22.1837
    0.0000   45.0000    0.0000 9361.9648   22.1724
    7.5000   45.0000    0.0000 8872.8281   22.1363
   -7.5000  -45.0000    7.500013074.9590   22.9641
    0.0000  -45.0000    7.500013502.3154   22.9414
    7.5000  -45.0000    7.500012794.2598   22.8986
   -7.5000  -37.5000    7.500013522.4902   22.9129
    0.0000  -37.5000    7.500013959.5947   22.9055
    7.5000  -37.5000    7.500013170.0312   22.8809
   -7.5000  -30.0000    7.500014469.4180   22.8644
    0.0000  -30.0000    7.500014900.3301   22.8734
    7.5000  -30.0000    7.500014009.9854   22.8703
   -7.5000  -22.5000    7.500015161.1064   22.8665
    0.0000  -22.5000    7.500015535.4570   22.8760
    7.5000  -22.5000    7.500014690.7686   22.8778
   -7.5000  -15.0000    7.500015721.8506   22.9143
    0.0000  -15.0000    7.500016140.1934   22.9090
    7.5000  -15.0000    7.500015243.8037   22.8953
   -7.5000   -7.5000    7.500016241.0312   22.9634
    0.0000   -7.5000    7.500016688.1660   22.9423
    7.5000   -7.5000    7.500015740.0596   22.9055
   -7.5000    0.0000    7.500016445.0996   22.9641
    0.0000    0.0000    7.500016909.8828   22.9414
    7.5000    0.0000    7.500015908.7197   22.8986
   -7.5000    7.5000    7.500015202.9697   22.9129
    0.0000    7.5000    7.500015658.2881   22.9055
    7.5000    7.5000    7.500014728.9092   22.8809
   -7.5000   15.0000    7.500013841.6250   22.8644
    0.0000   15.0000    7.500014315.4600   22.8734
    7.5000   15.0000    7.500013481.1787   22.8703
   -7.5000   22.5000    7.500012502.1514   22.8560
    0.0000   22.5000    7.500012944.7676   22.8655
    7.5000   22.5000    7.500012183.1035   22.8672
   -7.5000   30.0000    7.500011164.1992   22.6177
    0.0000   30.0000    7.500011520.4814   22.6125
    7.5000   30.0000    7.500010835.9375   22.5990
   -7.5000   37.5000    7.500010162.8867   22.6662
    0.0000   37.5000    7.500010502.1670   22.6454
    7.5000   37.5000    7.5000 9901.3613   22.6091
   -7.5000   45.0000    7.5000 8824.9053   22.1876
    0.0000   45.0000    7.5000 9114.9121   22.1653
    7.5000   45.0000    7.5000 8640.7812   22.1242
   -7.5000  -45.0000   15.000012702.2002   22.9561
    0.0000  -45.0000   15.000013099.2520   22.9290
    7.5000  -45.0000   15.000012394.6709   22.8964
   -7.5000  -37.5000   15.000013206.3135   22.9141
    0.0000  -37.5000   15.000013631.4736   22.9018
    7.5000  -37.5000   15.000012742.3066   22.8851
   -7.5000  -30.0000   15.000014255.2461   22.8788
    0.0000  -30.0000   15.000014684.1699   22.8839
    7.5000  -30.0000   15.000013602.2324   22.8867
   -7.5000  -22.5000   15.000015038.5957   22.8831
    0.0000  -22.5000   15.000015429.4248   22.8912
    7.5000  -22.5000   15.000014327.2363   22.8997
   -7.5000  -15.0000   15.000015568.3701   22.9222
    0.0000  -15.0000   15.000015916.0098   22.9167
    7.5000  -15.0000   15.000014879.5586   22.9121
   -7.5000   -7.5000   15.000015870.1680   22.9599
    0.0000   -7.5000   15.000016262.9883   22.9368
    7.5000   -7.5000   15.000015275.5557   22.9103
   -7.5000    0.0000   15.000015933.6621   22.9561
    0.0000    0.0000   15.000016359.1064   22.9290
    7.5000    0.0000   15.000015386.6221   22.8964
   -7.5000    7.5000   15.000014679.8740   22.9141
    0.0000    7.5000   15.000015078.5166   22.9018
    7.5000    7.5000   15.000014218.9629   22.8851
   -7.5000   15.0000   15.000013384.4297   22.8788
    0.0000   15.0000   15.000013788.7646   22.8839
    7.5000   15.0000   15.000013017.5977   22.8867
   -7.5000   22.5000   15.000012111.1270   22.8726
    0.0000   22.5000   15.000012515.2695   22.8807
    7.5000   22.5000   15.000011796.8350   22.8891
   -7.5000   30.0000   15.000010812.7119   22.6255
    0.0000   30.0000   15.000011165.7383   22.6202
    7.5000   30.0000   15.000010513.7236   22.6155
   -7.5000   37.5000   15.0000 9870.7188   22.6627
    0.0000   37.5000   15.000010207.5723   22.6399
    7.5000   37.5000   15.0000 9593.3408   22.6138
   -7.5000   45.0000   15.0000 8551.4932   22.1805
    0.0000   45.0000   15.0000 8835.0352   22.1540
    7.5000   45.0000   15.0000 8345.5439   22.1224
   -7.5000  -45.0000   22.500012224.3945   22.9421
    0.0000  -45.0000   22.500012622.3721   22.9243
    7.5000  -45.0000   22.500011895.4961   22.9062
   -7.5000  -37.5000   22.500012678.6172   22.9065
    0.0000  -37.5000   22.500013113.8174   22.8992
    7.5000  -37.5000   22.500012234.2314   22.8965
   -7.5000  -30.0000   22.500013514.6260   22.8761
    0.0000  -30.0000   22.500013966.7793   22.8836
    7.5000  -30.0000   22.500013009.2451   22.8998
   -7.5000  -22.5000   22.500014206.4551   22.8795
    0.0000  -22.5000   22.500014624.5781   22.8916
    7.5000  -22.5000   22.500013680.4648   22.9133
   -7.5000  -15.0000   22.500014798.0439   22.9129
    0.0000  -15.0000   22.500015176.6357   22.9154
    7.5000  -15.0000   22.500014267.6611   22.9240
   -7.5000   -7.5000   22.500015211.4170   22.9450
    0.0000   -7.5000   22.500015634.7588   22.9324
    7.5000   -7.5000   22.500014719.7480   22.9204
   -7.5000    0.0000   22.500015259.8965   22.9421
    0.0000    0.0000   22.500015685.5195   22.9243
    7.5000    0.0000   22.500014783.0068   22.9062
   -7.5000    7.5000   22.500014062.9990   22.9065
    0.0000    7.5000   22.500014453.3447   22.8992
    7.5000    7.5000   22.500013634.2617   22.8965
   -7.5000   15.0000   22.500012829.3262   22.8761
    0.0000   15.0000   22.500013206.6670   22.8836
    7.5000   15.0000   22.500012455.6211   22.8998
   -7.5000   22.5000   22.500011610.7168   22.8689
    0.0000   22.5000   22.500011989.9873   22.8811
    7.5000   22.5000   22.500011299.1934   22.9027
   -7.5000   30.0000   22.500010331.0029   22.6164
    0.0000   30.0000   22.500010669.1299   22.6188
    7.5000   30.0000   22.500010059.2090   22.6273
   -7.5000   37.5000   22.5000 9417.8135   22.6481
    0.0000   37.5000   22.5000 9745.7822   22.6356
    7.5000   37.5000   22.5000 9191.7178   22.6238
   -7.5000   45.0000   22.5000 8197.5439   22.1663
    0.0000   45.0000   22.5000 8436.1973   22.1489
    7.5000   45.0000   22.5000 7984.9160   22.1314
   -7.5000  -45.0000   30.000011515.7363   22.9451
    0.0000  -45.0000   30.000011919.6699   22.9385
    7.5000  -45.0000   30.000011240.3613   22.9263
   -7.5000  -37.5000   30.000011877.8506   22.9056
    0.0000  -37.5000   30.000012327.2988   22.9062
    7.5000  -37.5000   30.000011578.1250   22.9107
   -7.5000  -30.0000   30.000012564.6758   22.8668
    0.0000  -30.0000   30.000013033.1064   22.8793
    7.5000  -30.0000   30.000012300.7607   22.9045
   -7.5000  -22.5000   30.000013186.7617   22.8679
    0.0000  -22.5000   30.000013651.3340   22.8847
    7.5000  -22.5000   30.000012917.6025   22.9144
   -7.5000  -15.0000   30.000013786.6426   22.9057
    0.0000  -15.0000   30.000014244.0596   22.9152
    7.5000  -15.0000   30.000013491.5986   22.9298
   -7.5000   -7.5000   30.000014267.5342   22.9440
    0.0000   -7.5000   30.000014724.8906   22.9421
    7.5000   -7.5000   30.000013948.7314   22.9353
   -7.5000    0.0000   30.000014366.4287   22.9451
    0.0000    0.0000   30.000014795.5996   22.9385
    7.5000    0.0000   30.000014018.9863   22.9263
   -7.5000    7.5000   30.000013271.0645   22.9056
    0.0000    7.5000   30.000013677.2363   22.9062
    7.5000    7.5000   30.000012939.3086   22.9107
   -7.5000   15.0000   30.000012122.6484   22.8668
    0.0000   15.0000   30.000012501.7861   22.8793
    7.5000   15.0000   30.000011803.6035   22.9045
   -7.5000   22.5000   30.000010962.6982   22.8574
    0.0000   22.5000   30.000011337.1455   22.8741
    7.5000   22.5000   30.000010673.1924   22.9039
   -7.5000   30.0000   30.0000 9734.2168   22.6093
    0.0000   30.0000   30.000010070.0596   22.6186
    7.5000   30.0000   30.0000 9487.3428   22.6330
   -7.5000   37.5000   30.0000 8873.9385   22.6471
    0.0000   37.5000   30.0000 9173.8252   22.6452
    7.5000   37.5000   30.0000 8655.9668   22.6385
   -7.5000   45.0000   30.0000 7720.7344   22.1680
    0.0000   45.0000   30.0000 7950.4888   22.1617
    7.5000   45.0000   30.0000 7524.9517   22.1501
   -7.5000  -45.0000   37.500011200.3496   23.1606
    0.0000  -45.0000   37.500011628.4971   23.1559
    7.5000  -45.0000   37.500010976.8623   23.1342
   -7.5000  -37.5000   37.500011517.4404   23.1070
    0.0000  -37.5000   37.500011960.5381   23.1108
    7.5000  -37.5000   37.500011301.1289   23.1077
   -7.5000  -30.0000   37.500012171.3789   23.0523
    0.0000  -30.0000   37.500012627.8447   23.0681
    7.5000  -30.0000   37.500011990.2354   23.0869
   -7.5000  -22.5000   37.500012796.5234   23.0536
    0.0000  -22.5000   37.500013254.3770   23.0713
    7.5000  -22.5000   37.500012618.8975   23.0936
   -7.5000  -15.0000   37.500013389.2109   23.1052
    0.0000  -15.0000   37.500013870.2119   23.1136
    7.5000  -15.0000   37.500013190.2178   23.1187
   -7.5000   -7.5000   37.500013868.4102   23.1574
    0.0000   -7.5000   37.500014359.2900   23.1553
    7.5000   -7.5000   37.500013646.5713   23.1384
   -7.5000    0.0000   37.500013957.2061   23.1606
    0.0000    0.0000   37.500014411.9336   23.1559
    7.5000    0.0000   37.500013683.4834   23.1342
   -7.5000    7.5000   37.500012902.4551   23.1070
    0.0000    7.5000   37.500013317.4443   23.1108
    7.5000    7.5000   37.500012641.4658   23.1077
   -7.5000   15.0000   37.500011818.9053   23.0523
    0.0000   15.0000   37.500012187.0361   23.0681
    7.5000   15.0000   37.500011550.2637   23.0869
   -7.5000   22.5000   37.500010652.2969   23.0430
    0.0000   22.5000   37.500011003.9189   23.0606
    7.5000   22.5000   37.500010406.8291   23.0830
   -7.5000   30.0000   37.5000 9422.2666   22.8062
    0.0000   30.0000   37.5000 9744.8809   22.8145
    7.5000   30.0000   37.5000 9222.6953   22.8195
   -7.5000   37.5000   37.5000 8590.7031   22.8577
    0.0000   37.5000   37.5000 8879.9521   22.8557
    7.5000   37.5000   37.5000 8411.3623   22.8389
   -7.5000   45.0000   37.5000 7465.6514   22.3762
    0.0000   45.0000   37.5000 7705.0137   22.3716
    7.5000   45.0000   37.5000 7323.1221   22.3510
   -7.5000  -45.0000   45.000010397.6592   23.3402
    0.0000  -45.0000   45.000010819.4717   23.3281
    7.5000  -45.0000   45.000010215.1514   23.2960
   -7.5000  -37.5000   45.000010674.3447   23.2828
    0.0000  -37.5000   45.000011083.6338   23.2834
    7.5000  -37.5000   45.000010504.5947   23.2707
   -7.5000  -30.0000   45.000011279.9258   23.2229
    0.0000  -30.0000   45.000011703.8496   23.2378
    7.5000  -30.0000   45.000011116.3848   23.2475
   -7.5000  -22.5000   45.000011853.4297   23.2222
    0.0000  -22.5000   45.000012279.7842   23.2374
    7.5000  -22.5000   45.000011693.2695   23.2507
   -7.5000  -15.0000   45.000012392.9297   23.2767
    0.0000  -15.0000   45.000012855.8271   23.2789
    7.5000  -15.0000   45.000012231.3750   23.2749
   -7.5000   -7.5000   45.000012856.6494   23.3345
    0.0000   -7.5000   45.000013312.2383   23.3238
    7.5000   -7.5000   45.000012670.0820   23.2969
   -7.5000    0.0000   45.000012935.3799   23.3402
    0.0000    0.0000   45.000013386.5322   23.3281
    7.5000    0.0000   45.000012709.5928   23.2960
   -7.5000    7.5000   45.000011970.1016   23.2828
    0.0000    7.5000   45.000012359.3203   23.2834
    7.5000    7.5000   45.000011733.6152   23.2707
   -7.5000   15.0000   45.000010957.0518   23.2229
    0.0000   15.0000   45.000011324.3311   23.2378
    7.5000   15.0000   45.000010750.1260   23.2475
   -7.5000   22.5000   45.0000 9841.2217   23.2115
    0.0000   22.5000   45.000010170.2871   23.2266
    7.5000   22.5000   45.0000 9660.1504   23.2400
   -7.5000   30.0000   45.0000 8678.1738   22.9734
    0.0000   30.0000   45.0000 9001.2930   22.9756
    7.5000   30.0000   45.0000 8537.8535   22.9716
   -7.5000   37.5000   45.0000 7898.2944   23.0305
    0.0000   37.5000   45.0000 8167.2812   23.0200
    7.5000   37.5000   45.0000 7791.2656   22.9934
   -7.5000   45.0000   45.0000 6877.7656   22.5612
    0.0000   45.0000   45.0000 7102.3618   22.5493
    7.5000   45.0000   45.0000 6781.3569   22.5187

---------------------------------------------------------------------
imgreg_4dfp /opt/freesurfer/average/711-2C_as_mni_average_305 /opt/freesurfer/average/711-2B_as_mni_average_305_mask talsrcimg_g11 none talsrcimg_to_711-2C_as_mni_average_305_t4 4355
---------------------------------------------------------------------

freesurfer imgreg_4dfp.c
/opt/freesurfer/average/711-2C_as_mni_average_305.4dfp.img
       256       256       256         1
  1.000000  1.000000  1.000000
orientation T byte_order littleendian
Reading image: /opt/freesurfer/average/711-2C_as_mni_average_305.4dfp.img
dimensions:      256       256       256
mmppix:       1.0000   -1.0000   -1.0000
center:     128.0000 -129.0000 -129.0000
/opt/freesurfer/average/711-2B_as_mni_average_305_mask.4dfp.img
       256       256       256         1
  1.000000  1.000000  1.000000
orientation T byte_order littleendian
Reading mask: /opt/freesurfer/average/711-2B_as_mni_average_305_mask.4dfp.img (2306576 pixels)
talsrcimg_g11.4dfp.img
       256       256       256         1
  1.000000  1.000000  1.000000
orientation T byte_order littleendian
Reading image: talsrcimg_g11.4dfp.img
dimensions:      256       256       256
mmppix:       1.0000   -1.0000   -1.0000
center:     128.0000 -129.0000 -129.0000
rotation matrix determinant  1.000000
image alignment mode   4355 decimal     1103 hex
   -7.5000  -45.0000  -45.0000 2200.3430   20.8422
    0.0000  -45.0000  -45.0000 2196.1421   20.8525
    7.5000  -45.0000  -45.0000 2176.3618   21.1667
   -7.5000  -37.5000  -45.0000 2228.4585   20.0579
    0.0000  -37.5000  -45.0000 2225.9058   20.0749
    7.5000  -37.5000  -45.0000 2202.7058   20.4191
   -7.5000  -30.0000  -45.0000 2236.5364   19.6788
    0.0000  -30.0000  -45.0000 2242.3767   19.6720
    7.5000  -30.0000  -45.0000 2218.6643   20.0743
   -7.5000  -22.5000  -45.0000 2231.4587   19.8130
    0.0000  -22.5000  -45.0000 2239.8093   19.8020
    7.5000  -22.5000  -45.0000 2212.1980   20.1949
   -7.5000  -15.0000  -45.0000 2209.7734   20.5002
    0.0000  -15.0000  -45.0000 2214.1152   20.4664
    7.5000  -15.0000  -45.0000 2184.4001   20.8391
   -7.5000   -7.5000  -45.0000 2162.9797   21.5255
    0.0000   -7.5000  -45.0000 2172.7759   21.4501
    7.5000   -7.5000  -45.0000 2143.5964   21.7972
   -7.5000    0.0000  -45.0000 2109.4084   22.8742
    0.0000    0.0000  -45.0000 2115.6211   22.7880
    7.5000    0.0000  -45.0000 2087.1921   23.1917
   -7.5000    7.5000  -45.0000 2041.6438   24.6791
    0.0000    7.5000  -45.0000 2046.0189   24.6050
    7.5000    7.5000  -45.0000 2017.6082   25.0440
   -7.5000   15.0000  -45.0000 1949.4417   27.0281
    0.0000   15.0000  -45.0000 1954.6906   27.0073
    7.5000   15.0000  -45.0000 1926.1278   27.6209
   -7.5000   22.5000  -45.0000 1840.7161   30.4526
    0.0000   22.5000  -45.0000 1848.5551   30.4058
    7.5000   22.5000  -45.0000 1819.2775   31.1171
   -7.5000   30.0000  -45.0000 1723.0421   35.0750
    0.0000   30.0000  -45.0000 1729.9139   34.9720
    7.5000   30.0000  -45.0000 1707.7783   35.5996
   -7.5000   37.5000  -45.0000 1600.4728   41.2119
    0.0000   37.5000  -45.0000 1606.4497   41.1947
    7.5000   37.5000  -45.0000 1582.7150   41.8827
   -7.5000   45.0000  -45.0000 1473.2833   49.9898
    0.0000   45.0000  -45.0000 1484.3187   49.9642
    7.5000   45.0000  -45.0000 1456.7908   50.8639
   -7.5000  -45.0000  -37.5000 2310.6206   19.1430
    0.0000  -45.0000  -37.5000 2306.6982   19.1950
    7.5000  -45.0000  -37.5000 2278.0115   19.4391
   -7.5000  -37.5000  -37.5000 2330.5029   18.5140
    0.0000  -37.5000  -37.5000 2328.7185   18.5212
    7.5000  -37.5000  -37.5000 2299.5022   18.7603
   -7.5000  -30.0000  -37.5000 2340.4929   18.1292
    0.0000  -30.0000  -37.5000 2341.0439   18.1416
    7.5000  -30.0000  -37.5000 2310.9294   18.4327
   -7.5000  -22.5000  -37.5000 2338.4370   18.1641
    0.0000  -22.5000  -37.5000 2343.3586   18.1846
    7.5000  -22.5000  -37.5000 2311.5149   18.4920
   -7.5000  -15.0000  -37.5000 2315.3384   18.7105
    0.0000  -15.0000  -37.5000 2321.1138   18.7236
    7.5000  -15.0000  -37.5000 2287.1321   19.0626
   -7.5000   -7.5000  -37.5000 2272.9387   19.6627
    0.0000   -7.5000  -37.5000 2279.2720   19.6171
    7.5000   -7.5000  -37.5000 2245.6116   19.9503
   -7.5000    0.0000  -37.5000 2215.7524   20.9069
    0.0000    0.0000  -37.5000 2219.3555   20.8667
    7.5000    0.0000  -37.5000 2186.3848   21.2129
   -7.5000    7.5000  -37.5000 2137.1423   22.5696
    0.0000    7.5000  -37.5000 2141.9683   22.5083
    7.5000    7.5000  -37.5000 2107.2100   22.8855
   -7.5000   15.0000  -37.5000 2041.8336   24.7019
    0.0000   15.0000  -37.5000 2043.9945   24.6894
    7.5000   15.0000  -37.5000 2010.7120   25.1847
   -7.5000   22.5000  -37.5000 1927.1830   27.7940
    0.0000   22.5000  -37.5000 1935.7396   27.7266
    7.5000   22.5000  -37.5000 1900.2217   28.2973
   -7.5000   30.0000  -37.5000 1800.3033   31.8820
    0.0000   30.0000  -37.5000 1805.8250   31.7622
    7.5000   30.0000  -37.5000 1782.3503   32.3097
   -7.5000   37.5000  -37.5000 1671.4845   37.3851
    0.0000   37.5000  -37.5000 1676.0436   37.2772
    7.5000   37.5000  -37.5000 1651.4698   37.8827
   -7.5000   45.0000  -37.5000 1536.3566   45.0233
    0.0000   45.0000  -37.5000 1543.5731   44.8967
    7.5000   45.0000  -37.5000 1518.0059   45.5833
   -7.5000  -45.0000  -30.0000 2455.8057   18.2638
    0.0000  -45.0000  -30.0000 2449.9780   18.2575
    7.5000  -45.0000  -30.0000 2414.3113   18.5173
   -7.5000  -37.5000  -30.0000 2484.4290   17.6042
    0.0000  -37.5000  -30.0000 2484.5640   17.5991
    7.5000  -37.5000  -30.0000 2443.6814   17.8392
   -7.5000  -30.0000  -30.0000 2495.2693   17.2781
    0.0000  -30.0000  -30.0000 2498.2102   17.3245
    7.5000  -30.0000  -30.0000 2465.2598   17.5726
   -7.5000  -22.5000  -30.0000 2488.9722   17.2948
    0.0000  -22.5000  -30.0000 2493.5420   17.3385
    7.5000  -22.5000  -30.0000 2459.5991   17.6258
   -7.5000  -15.0000  -30.0000 2466.4919   17.7457
    0.0000  -15.0000  -30.0000 2472.0027   17.7805
    7.5000  -15.0000  -30.0000 2434.6191   18.1116
   -7.5000   -7.5000  -30.0000 2424.2666   18.5792
    0.0000   -7.5000  -30.0000 2431.9905   18.5901
    7.5000   -7.5000  -30.0000 2390.2986   18.9193
   -7.5000    0.0000  -30.0000 2361.6865   19.7566
    0.0000    0.0000  -30.0000 2365.3855   19.7692
    7.5000    0.0000  -30.0000 2326.4919   20.1219
   -7.5000    7.5000  -30.0000 2277.0759   21.3093
    0.0000    7.5000  -30.0000 2283.0645   21.3451
    7.5000    7.5000  -30.0000 2241.0210   21.7006
   -7.5000   15.0000  -30.0000 2170.7322   23.4485
    0.0000   15.0000  -30.0000 2171.1799   23.4582
    7.5000   15.0000  -30.0000 2133.8760   23.8838
   -7.5000   22.5000  -30.0000 2048.0569   26.3248
    0.0000   22.5000  -30.0000 2056.4136   26.2948
    7.5000   22.5000  -30.0000 2015.4552   26.7427
   -7.5000   30.0000  -30.0000 1910.3832   30.0807
    0.0000   30.0000  -30.0000 1919.0529   30.0414
    7.5000   30.0000  -30.0000 1885.8621   30.5431
   -7.5000   37.5000  -30.0000 1774.6932   35.1229
    0.0000   37.5000  -30.0000 1780.8959   35.0824
    7.5000   37.5000  -30.0000 1755.4651   35.6489
   -7.5000   45.0000  -30.0000 1623.2833   41.9029
    0.0000   45.0000  -30.0000 1631.2981   41.8271
    7.5000   45.0000  -30.0000 1606.6171   42.6992
   -7.5000  -45.0000  -22.5000 2563.4458   17.3095
    0.0000  -45.0000  -22.5000 2562.6494   17.3025
    7.5000  -45.0000  -22.5000 2522.8521   17.5523
   -7.5000  -37.5000  -22.5000 2607.6584   16.5983
    0.0000  -37.5000  -22.5000 2606.7690   16.5829
    7.5000  -37.5000  -22.5000 2569.3826   16.8439
   -7.5000  -30.0000  -22.5000 2627.0889   16.2552
    0.0000  -30.0000  -22.5000 2629.2639   16.2871
    7.5000  -30.0000  -22.5000 2590.9619   16.5064
   -7.5000  -22.5000  -22.5000 2624.7678   16.2217
    0.0000  -22.5000  -22.5000 2631.3118   16.2782
    7.5000  -22.5000  -22.5000 2590.2168   16.5542
   -7.5000  -15.0000  -22.5000 2597.1765   16.6532
    0.0000  -15.0000  -22.5000 2604.6399   16.7057
    7.5000  -15.0000  -22.5000 2565.8032   16.9860
   -7.5000   -7.5000  -22.5000 2551.9783   17.4417
    0.0000   -7.5000  -22.5000 2562.6777   17.4612
    7.5000   -7.5000  -22.5000 2517.6538   17.7690
   -7.5000    0.0000  -22.5000 2484.3499   18.5245
    0.0000    0.0000  -22.5000 2493.0615   18.5610
    7.5000    0.0000  -22.5000 2452.0718   18.8970
   -7.5000    7.5000  -22.5000 2395.7744   20.0167
    0.0000    7.5000  -22.5000 2399.9255   20.0630
    7.5000    7.5000  -22.5000 2356.4573   20.4220
   -7.5000   15.0000  -22.5000 2276.9080   22.0304
    0.0000   15.0000  -22.5000 2279.9502   22.0631
    7.5000   15.0000  -22.5000 2241.7827   22.4705
   -7.5000   22.5000  -22.5000 2143.8254   24.6963
    0.0000   22.5000  -22.5000 2152.3364   24.6960
    7.5000   22.5000  -22.5000 2116.7954   25.1251
   -7.5000   30.0000  -22.5000 1998.8091   28.1723
    0.0000   30.0000  -22.5000 2007.4905   28.1938
    7.5000   30.0000  -22.5000 1976.3859   28.5977
   -7.5000   37.5000  -22.5000 1855.9817   32.7979
    0.0000   37.5000  -22.5000 1860.3514   32.7117
    7.5000   37.5000  -22.5000 1831.6888   33.2618
   -7.5000   45.0000  -22.5000 1697.2993   38.9403
    0.0000   45.0000  -22.5000 1701.2894   38.9497
    7.5000   45.0000  -22.5000 1681.1576   39.6709
   -7.5000  -45.0000  -15.0000 2641.3208   16.3580
    0.0000  -45.0000  -15.0000 2643.7603   16.3417
    7.5000  -45.0000  -15.0000 2605.3977   16.6012
   -7.5000  -37.5000  -15.0000 2697.6909   15.6510
    0.0000  -37.5000  -15.0000 2700.6584   15.6155
    7.5000  -37.5000  -15.0000 2657.9292   15.8921
   -7.5000  -30.0000  -15.0000 2730.8767   15.2504
    0.0000  -30.0000  -15.0000 2732.3777   15.2497
    7.5000  -30.0000  -15.0000 2689.6919   15.4896
   -7.5000  -22.5000  -15.0000 2739.1392   15.2122
    0.0000  -22.5000  -15.0000 2742.0076   15.2428
    7.5000  -22.5000  -15.0000 2695.8755   15.4949
   -7.5000  -15.0000  -15.0000 2708.6433   15.5924
    0.0000  -15.0000  -15.0000 2718.0049   15.6393
    7.5000  -15.0000  -15.0000 2674.4302   15.9186
   -7.5000   -7.5000  -15.0000 2662.2690   16.3656
    0.0000   -7.5000  -15.0000 2668.9441   16.3714
    7.5000   -7.5000  -15.0000 2624.1104   16.6553
   -7.5000    0.0000  -15.0000 2582.5022   17.4009
    0.0000    0.0000  -15.0000 2589.3291   17.4178
    7.5000    0.0000  -15.0000 2544.1262   17.7308
   -7.5000    7.5000  -15.0000 2482.5945   18.8208
    0.0000    7.5000  -15.0000 2488.1003   18.8519
    7.5000    7.5000  -15.0000 2443.5342   19.1937
   -7.5000   15.0000  -15.0000 2353.0305   20.7256
    0.0000   15.0000  -15.0000 2357.9753   20.7631
    7.5000   15.0000  -15.0000 2317.9951   21.1656
   -7.5000   22.5000  -15.0000 2219.5083   23.2504
    0.0000   22.5000  -15.0000 2221.5991   23.2953
    7.5000   22.5000  -15.0000 2187.7874   23.7232
   -7.5000   30.0000  -15.0000 2063.6863   26.4354
    0.0000   30.0000  -15.0000 2069.1846   26.5016
    7.5000   30.0000  -15.0000 2038.2042   26.9480
   -7.5000   37.5000  -15.0000 1911.0220   30.7426
    0.0000   37.5000  -15.0000 1914.1160   30.7371
    7.5000   37.5000  -15.0000 1887.9559   31.2585
   -7.5000   45.0000  -15.0000 1747.2006   36.5162
    0.0000   45.0000  -15.0000 1756.7498   36.4434
    7.5000   45.0000  -15.0000 1730.7828   37.1564
   -7.5000  -45.0000   -7.5000 2705.3882   15.4825
    0.0000  -45.0000   -7.5000 2711.1157   15.4788
    7.5000  -45.0000   -7.5000 2671.5696   15.7616
   -7.5000  -37.5000   -7.5000 2768.1235   14.7781
    0.0000  -37.5000   -7.5000 2773.1079   14.7752
    7.5000  -37.5000   -7.5000 2728.4644   15.0337
   -7.5000  -30.0000   -7.5000 2814.5691   14.3377
    0.0000  -30.0000   -7.5000 2815.0405   14.3559
    7.5000  -30.0000   -7.5000 2766.6165   14.6238
   -7.5000  -22.5000   -7.5000 2832.3118   14.2494
    0.0000  -22.5000   -7.5000 2832.1921   14.2867
    7.5000  -22.5000   -7.5000 2779.6018   14.5527
   -7.5000  -15.0000   -7.5000 2799.7771   14.6540
    0.0000  -15.0000   -7.5000 2808.2708   14.6738
    7.5000  -15.0000   -7.5000 2760.9832   14.9381
   -7.5000   -7.5000   -7.5000 2747.3037   15.4045
    0.0000   -7.5000   -7.5000 2750.2632   15.4123
    7.5000   -7.5000   -7.5000 2703.1843   15.6667
   -7.5000    0.0000   -7.5000 2655.2815   16.3987
    0.0000    0.0000   -7.5000 2659.4863   16.4133
    7.5000    0.0000   -7.5000 2615.2537   16.7049
   -7.5000    7.5000   -7.5000 2548.4158   17.7665
    0.0000    7.5000   -7.5000 2552.3933   17.8174
    7.5000    7.5000   -7.5000 2509.3882   18.1545
   -7.5000   15.0000   -7.5000 2415.4785   19.5755
    0.0000   15.0000   -7.5000 2422.0266   19.6313
    7.5000   15.0000   -7.5000 2378.7253   20.0315
   -7.5000   22.5000   -7.5000 2276.9592   21.9854
    0.0000   22.5000   -7.5000 2279.6567   22.0681
    7.5000   22.5000   -7.5000 2240.6377   22.4380
   -7.5000   30.0000   -7.5000 2116.8540   25.0840
    0.0000   30.0000   -7.5000 2117.9265   25.1282
    7.5000   30.0000   -7.5000 2084.3616   25.5505
   -7.5000   37.5000   -7.5000 1950.8455   29.1076
    0.0000   37.5000   -7.5000 1954.2770   29.1495
    7.5000   37.5000   -7.5000 1926.1639   29.6104
   -7.5000   45.0000   -7.5000 1786.7844   34.5617
    0.0000   45.0000   -7.5000 1795.1237   34.5763
    7.5000   45.0000   -7.5000 1766.5233   35.1495
   -7.5000  -45.0000    0.0000 2751.2683   14.8656
    0.0000  -45.0000    0.0000 2759.1475   14.8350
    7.5000  -45.0000    0.0000 2714.9832   15.1527
   -7.5000  -37.5000    0.0000 2826.1567   14.1313
    0.0000  -37.5000    0.0000 2832.7817   14.1037
    7.5000  -37.5000    0.0000 2786.1333   14.4076
   -7.5000  -30.0000    0.0000 2881.9885   13.6840
    0.0000  -30.0000    0.0000 2889.3020   13.6855
    7.5000  -30.0000    0.0000 2827.4690   13.9905
   -7.5000  -22.5000    0.0000 2909.0674   13.5455
    0.0000  -22.5000    0.0000 2904.6331   13.5524
    7.5000  -22.5000    0.0000 2838.8977   13.9151
   -7.5000  -15.0000    0.0000 2873.7153   13.9165
    0.0000  -15.0000    0.0000 2876.3865   13.9272
    7.5000  -15.0000    0.0000 2820.6746   14.2202
   -7.5000   -7.5000    0.0000 2809.7268   14.6778
    0.0000   -7.5000    0.0000 2813.8188   14.6779
    7.5000   -7.5000    0.0000 2761.5359   14.9596
   -7.5000    0.0000    0.0000 2713.3276   15.6819
    0.0000    0.0000    0.0000 2715.6348   15.6963
    7.5000    0.0000    0.0000 2665.8828   16.0080
   -7.5000    7.5000    0.0000 2598.4019   16.9955
    0.0000    7.5000    0.0000 2604.0515   17.0263
    7.5000    7.5000    0.0000 2557.8157   17.3841
   -7.5000   15.0000    0.0000 2462.5718   18.7899
    0.0000   15.0000    0.0000 2467.2153   18.8267
    7.5000   15.0000    0.0000 2423.5464   19.2267
   -7.5000   22.5000    0.0000 2318.3901   21.1106
    0.0000   22.5000    0.0000 2321.6589   21.2019
    7.5000   22.5000    0.0000 2279.0281   21.6194
   -7.5000   30.0000    0.0000 2150.8315   24.1025
    0.0000   30.0000    0.0000 2153.9683   24.1704
    7.5000   30.0000    0.0000 2119.8284   24.6052
   -7.5000   37.5000    0.0000 1983.1743   27.9742
    0.0000   37.5000    0.0000 1987.8348   27.9786
    7.5000   37.5000    0.0000 1952.7949   28.4704
   -7.5000   45.0000    0.0000 1813.3241   33.0110
    0.0000   45.0000    0.0000 1818.5697   32.9786
    7.5000   45.0000    0.0000 1787.7386   33.5865
   -7.5000  -45.0000    7.5000 2776.1626   14.4444
    0.0000  -45.0000    7.5000 2785.1841   14.3765
    7.5000  -45.0000    7.5000 2735.3860   14.7369
   -7.5000  -37.5000    7.5000 2866.8914   13.7224
    0.0000  -37.5000    7.5000 2874.3525   13.6562
    7.5000  -37.5000    7.5000 2820.0134   13.9853
   -7.5000  -30.0000    7.5000 2937.0762   13.3600
    0.0000  -30.0000    7.5000 2945.3770   13.3344
    7.5000  -30.0000    7.5000 2873.3232   13.6377
   -7.5000  -22.5000    7.5000 2970.7759   13.2554
    0.0000  -22.5000    7.5000 2968.0232   13.2222
    7.5000  -22.5000    7.5000 2891.3772   13.6101
   -7.5000  -15.0000    7.5000 2937.6372   13.4994
    0.0000  -15.0000    7.5000 2933.7798   13.4858
    7.5000  -15.0000    7.5000 2859.4304   13.8689
   -7.5000   -7.5000    7.5000 2858.6729   14.1771
    0.0000   -7.5000    7.5000 2860.0813   14.1482
    7.5000   -7.5000    7.5000 2799.3677   14.4942
   -7.5000    0.0000    7.5000 2755.7454   15.1543
    0.0000    0.0000    7.5000 2758.2988   15.1374
    7.5000    0.0000    7.5000 2704.0391   15.4689
   -7.5000    7.5000    7.5000 2633.8672   16.5318
    0.0000    7.5000    7.5000 2638.0583   16.5456
    7.5000    7.5000    7.5000 2586.4866   16.8968
   -7.5000   15.0000    7.5000 2489.9048   18.3260
    0.0000   15.0000    7.5000 2492.1768   18.3656
    7.5000   15.0000    7.5000 2448.1670   18.7188
   -7.5000   22.5000    7.5000 2340.9375   20.5541
    0.0000   22.5000    7.5000 2345.6350   20.6032
    7.5000   22.5000    7.5000 2300.8384   21.0255
   -7.5000   30.0000    7.5000 2180.6804   23.4644
    0.0000   30.0000    7.5000 2178.0774   23.5225
    7.5000   30.0000    7.5000 2141.6187   23.9447
   -7.5000   37.5000    7.5000 2003.3335   27.1962
    0.0000   37.5000    7.5000 2010.2258   27.1739
    7.5000   37.5000    7.5000 1973.0161   27.6922
   -7.5000   45.0000    7.5000 1827.6477   31.9906
    0.0000   45.0000    7.5000 1833.2407   31.9147
    7.5000   45.0000    7.5000 1805.6428   32.5933
   -7.5000  -45.0000   15.0000 2781.4048   14.3054
    0.0000  -45.0000   15.0000 2787.9346   14.2130
    7.5000  -45.0000   15.0000 2733.1843   14.6015
   -7.5000  -37.5000   15.0000 2884.6689   13.5849
    0.0000  -37.5000   15.0000 2892.6279   13.5214
    7.5000  -37.5000   15.0000 2827.1050   13.8662
   -7.5000  -30.0000   15.0000 2968.2537   13.2813
    0.0000  -30.0000   15.0000 2975.8840   13.2697
    7.5000  -30.0000   15.0000 2888.2065   13.5067
   -7.5000  -22.5000   15.0000 3008.2439   13.2559
    0.0000  -22.5000   15.0000 3013.8054   13.2384
    7.5000  -22.5000   15.0000 2914.0364   13.5084
   -7.5000  -15.0000   15.0000 2969.0483   13.4336
    0.0000  -15.0000   15.0000 2966.3181   13.4081
    7.5000  -15.0000   15.0000 2883.6799   13.7487
   -7.5000   -7.5000   15.0000 2882.9431   13.9283
    0.0000   -7.5000   15.0000 2881.6587   13.8934
    7.5000   -7.5000   15.0000 2816.9341   14.2846
   -7.5000    0.0000   15.0000 2772.8853   14.8791
    0.0000    0.0000   15.0000 2773.7383   14.8567
    7.5000    0.0000   15.0000 2720.6421   15.2223
   -7.5000    7.5000   15.0000 2647.4470   16.2405
    0.0000    7.5000   15.0000 2647.7104   16.2504
    7.5000    7.5000   15.0000 2602.9446   16.6118
   -7.5000   15.0000   15.0000 2502.4116   18.0148
    0.0000   15.0000   15.0000 2502.1304   18.0629
    7.5000   15.0000   15.0000 2458.4636   18.4499
   -7.5000   22.5000   15.0000 2347.6189   20.2601
    0.0000   22.5000   15.0000 2349.9138   20.3261
    7.5000   22.5000   15.0000 2306.8787   20.7644
   -7.5000   30.0000   15.0000 2183.7402   23.0924
    0.0000   30.0000   15.0000 2183.4395   23.1791
    7.5000   30.0000   15.0000 2149.6941   23.6192
   -7.5000   37.5000   15.0000 2009.3713   26.6665
    0.0000   37.5000   15.0000 2018.9767   26.6726
    7.5000   37.5000   15.0000 1982.1328   27.1826
   -7.5000   45.0000   15.0000 1833.5146   31.3426
    0.0000   45.0000   15.0000 1836.2386   31.3984
    7.5000   45.0000   15.0000 1808.9834   31.8956
   -7.5000  -45.0000   22.5000 2770.4189   14.3895
    0.0000  -45.0000   22.5000 2774.4348   14.3589
    7.5000  -45.0000   22.5000 2721.5217   14.7417
   -7.5000  -37.5000   22.5000 2881.3457   13.6786
    0.0000  -37.5000   22.5000 2884.4875   13.6285
    7.5000  -37.5000   22.5000 2820.3630   13.9709
   -7.5000  -30.0000   22.5000 2972.3745   13.2674
    0.0000  -30.0000   22.5000 2977.4973   13.2856
    7.5000  -30.0000   22.5000 2888.1060   13.5730
   -7.5000  -22.5000   22.5000 3014.8765   13.1310
    0.0000  -22.5000   22.5000 3008.9302   13.1795
    7.5000  -22.5000   22.5000 2910.3174   13.5204
   -7.5000  -15.0000   22.5000 2970.3750   13.4311
    0.0000  -15.0000   22.5000 2960.5759   13.4490
    7.5000  -15.0000   22.5000 2879.1741   13.8140
   -7.5000   -7.5000   22.5000 2874.2280   14.0560
    0.0000   -7.5000   22.5000 2875.3718   14.0550
    7.5000   -7.5000   22.5000 2811.5032   14.4064
   -7.5000    0.0000   22.5000 2762.2397   14.9558
    0.0000    0.0000   22.5000 2763.6553   14.9605
    7.5000    0.0000   22.5000 2711.3447   15.3170
   -7.5000    7.5000   22.5000 2636.3000   16.2652
    0.0000    7.5000   22.5000 2637.1294   16.2701
    7.5000    7.5000   22.5000 2592.5757   16.6276
   -7.5000   15.0000   22.5000 2491.4167   17.9779
    0.0000   15.0000   22.5000 2488.8376   18.0213
    7.5000   15.0000   22.5000 2451.5942   18.4034
   -7.5000   22.5000   22.5000 2335.4607   20.1603
    0.0000   22.5000   22.5000 2338.6951   20.2389
    7.5000   22.5000   22.5000 2304.1226   20.6689
   -7.5000   30.0000   22.5000 2170.4578   22.9182
    0.0000   30.0000   22.5000 2176.4448   22.9799
    7.5000   30.0000   22.5000 2146.4370   23.4693
   -7.5000   37.5000   22.5000 1996.7601   26.4386
    0.0000   37.5000   22.5000 2008.7671   26.4500
    7.5000   37.5000   22.5000 1975.2808   27.0093
   -7.5000   45.0000   22.5000 1828.1749   31.0326
    0.0000   45.0000   22.5000 1829.1239   31.0552
    7.5000   45.0000   22.5000 1803.6520   31.6884
   -7.5000  -45.0000   30.0000 2749.1724   14.7080
    0.0000  -45.0000   30.0000 2751.1165   14.6836
    7.5000  -45.0000   30.0000 2699.8635   15.1133
   -7.5000  -37.5000   30.0000 2858.4812   13.9610
    0.0000  -37.5000   30.0000 2860.4233   13.9403
    7.5000  -37.5000   30.0000 2798.1675   14.3084
   -7.5000  -30.0000   30.0000 2936.2209   13.4855
    0.0000  -30.0000   30.0000 2940.2185   13.5284
    7.5000  -30.0000   30.0000 2862.2122   13.8984
   -7.5000  -22.5000   30.0000 2960.4490   13.3644
    0.0000  -22.5000   30.0000 2959.7708   13.3952
    7.5000  -22.5000   30.0000 2877.4905   13.8311
   -7.5000  -15.0000   30.0000 2922.2471   13.7115
    0.0000  -15.0000   30.0000 2918.6526   13.7481
    7.5000  -15.0000   30.0000 2844.3843   14.1351
   -7.5000   -7.5000   30.0000 2836.9302   14.3957
    0.0000   -7.5000   30.0000 2835.8665   14.4038
    7.5000   -7.5000   30.0000 2776.3005   14.7548
   -7.5000    0.0000   30.0000 2725.3325   15.3232
    0.0000    0.0000   30.0000 2724.8591   15.3353
    7.5000    0.0000   30.0000 2679.5906   15.6806
   -7.5000    7.5000   30.0000 2600.4236   16.5666
    0.0000    7.5000   30.0000 2604.8538   16.5828
    7.5000    7.5000   30.0000 2561.1943   16.9297
   -7.5000   15.0000   30.0000 2461.3684   18.1814
    0.0000   15.0000   30.0000 2462.8896   18.2350
    7.5000   15.0000   30.0000 2425.3655   18.5973
   -7.5000   22.5000   30.0000 2308.8220   20.2755
    0.0000   22.5000   30.0000 2314.5635   20.3701
    7.5000   22.5000   30.0000 2278.5107   20.8212
   -7.5000   30.0000   30.0000 2140.6562   23.0534
    0.0000   30.0000   30.0000 2146.9829   23.1187
    7.5000   30.0000   30.0000 2117.2664   23.5826
   -7.5000   37.5000   30.0000 1967.1041   26.5283
    0.0000   37.5000   30.0000 1978.8020   26.5561
    7.5000   37.5000   30.0000 1952.1237   27.0878
   -7.5000   45.0000   30.0000 1809.8342   31.0757
    0.0000   45.0000   30.0000 1810.5498   31.1430
    7.5000   45.0000   30.0000 1789.7192   31.7897
   -7.5000  -45.0000   37.5000 2716.4045   15.2411
    0.0000  -45.0000   37.5000 2714.2747   15.2328
    7.5000  -45.0000   37.5000 2661.0220   15.6850
   -7.5000  -37.5000   37.5000 2816.6958   14.4723
    0.0000  -37.5000   37.5000 2815.0112   14.4976
    7.5000  -37.5000   37.5000 2754.3071   14.8858
   -7.5000  -30.0000   37.5000 2878.3528   13.9836
    0.0000  -30.0000   37.5000 2881.4385   13.9911
    7.5000  -30.0000   37.5000 2809.2380   14.4364
   -7.5000  -22.5000   37.5000 2890.5508   13.8989
    0.0000  -22.5000   37.5000 2890.3267   13.9009
    7.5000  -22.5000   37.5000 2821.9199   14.3703
   -7.5000  -15.0000   37.5000 2851.6914   14.2529
    0.0000  -15.0000   37.5000 2853.1987   14.2469
    7.5000  -15.0000   37.5000 2787.0034   14.6559
   -7.5000   -7.5000   37.5000 2773.5293   14.9393
    0.0000   -7.5000   37.5000 2774.8174   14.9451
    7.5000   -7.5000   37.5000 2719.9629   15.3080
   -7.5000    0.0000   37.5000 2668.9458   15.8606
    0.0000    0.0000   37.5000 2665.5742   15.8764
    7.5000    0.0000   37.5000 2625.7568   16.2345
   -7.5000    7.5000   37.5000 2552.2515   17.0642
    0.0000    7.5000   37.5000 2550.2866   17.1219
    7.5000    7.5000   37.5000 2513.6843   17.4986
   -7.5000   15.0000   37.5000 2415.9705   18.6745
    0.0000   15.0000   37.5000 2416.9136   18.7345
    7.5000   15.0000   37.5000 2382.3794   19.1123
   -7.5000   22.5000   37.5000 2268.6335   20.7503
    0.0000   22.5000   37.5000 2272.4646   20.8296
    7.5000   22.5000   37.5000 2239.6060   21.2233
   -7.5000   30.0000   37.5000 2101.9141   23.5055
    0.0000   30.0000   37.5000 2107.6558   23.5377
    7.5000   30.0000   37.5000 2078.3093   23.9782
   -7.5000   37.5000   37.5000 1934.9308   26.9887
    0.0000   37.5000   37.5000 1938.4962   27.0603
    7.5000   37.5000   37.5000 1916.2250   27.5333
   -7.5000   45.0000   37.5000 1775.7512   31.4848
    0.0000   45.0000   37.5000 1776.0867   31.5106
    7.5000   45.0000   37.5000 1758.4186   32.1300
   -7.5000  -45.0000   45.0000 2671.6667   15.9730
    0.0000  -45.0000   45.0000 2664.9937   16.0093
    7.5000  -45.0000   45.0000 2612.0542   16.4531
   -7.5000  -37.5000   45.0000 2759.6243   15.1731
    0.0000  -37.5000   45.0000 2756.9724   15.1974
    7.5000  -37.5000   45.0000 2694.5791   15.6481
   -7.5000  -30.0000   45.0000 2809.0396   14.7002
    0.0000  -30.0000   45.0000 2806.3247   14.7140
    7.5000  -30.0000   45.0000 2740.1387   15.1697
   -7.5000  -22.5000   45.0000 2811.1599   14.6418
    0.0000  -22.5000   45.0000 2807.5986   14.6359
    7.5000  -22.5000   45.0000 2749.2336   15.0768
   -7.5000  -15.0000   45.0000 2769.7483   15.0016
    0.0000  -15.0000   45.0000 2771.7119   14.9767
    7.5000  -15.0000   45.0000 2711.2292   15.3609
   -7.5000   -7.5000   45.0000 2699.9072   15.6706
    0.0000   -7.5000   45.0000 2696.7883   15.6500
    7.5000   -7.5000   45.0000 2648.7056   16.0329
   -7.5000    0.0000   45.0000 2597.5078   16.5931
    0.0000    0.0000   45.0000 2597.4304   16.5975
    7.5000    0.0000   45.0000 2557.7856   16.9704
   -7.5000    7.5000   45.0000 2490.0254   17.7907
    0.0000    7.5000   45.0000 2485.8608   17.8140
    7.5000    7.5000   45.0000 2448.8650   18.2166
   -7.5000   15.0000   45.0000 2357.5527   19.3841
    0.0000   15.0000   45.0000 2361.6228   19.4430
    7.5000   15.0000   45.0000 2330.2686   19.8401
   -7.5000   22.5000   45.0000 2207.6963   21.4964
    0.0000   22.5000   45.0000 2211.6619   21.5631
    7.5000   22.5000   45.0000 2185.8386   21.9800
   -7.5000   30.0000   45.0000 2049.6899   24.2191
    0.0000   30.0000   45.0000 2058.2275   24.3057
    7.5000   30.0000   45.0000 2024.4185   24.7794
   -7.5000   37.5000   45.0000 1892.8097   27.7374
    0.0000   37.5000   45.0000 1895.3175   27.8053
    7.5000   37.5000   45.0000 1873.1135   28.2607
   -7.5000   45.0000   45.0000 1737.1366   32.4181
    0.0000   45.0000   45.0000 1741.4008   32.4095
    7.5000   45.0000   45.0000 1722.3657   32.9406

---------------------------------------------------------------------
imgreg_4dfp /opt/freesurfer/average/711-2C_as_mni_average_305 /opt/freesurfer/average/711-2B_as_mni_average_305_mask talsrcimg_g11 none talsrcimg_to_711-2C_as_mni_average_305_t4 1283
---------------------------------------------------------------------

freesurfer imgreg_4dfp.c
/opt/freesurfer/average/711-2C_as_mni_average_305.4dfp.img
       256       256       256         1
  1.000000  1.000000  1.000000
orientation T byte_order littleendian
Reading image: /opt/freesurfer/average/711-2C_as_mni_average_305.4dfp.img
dimensions:      256       256       256
mmppix:       1.0000   -1.0000   -1.0000
center:     128.0000 -129.0000 -129.0000
/opt/freesurfer/average/711-2B_as_mni_average_305_mask.4dfp.img
       256       256       256         1
  1.000000  1.000000  1.000000
orientation T byte_order littleendian
Reading mask: /opt/freesurfer/average/711-2B_as_mni_average_305_mask.4dfp.img (2306576 pixels)
talsrcimg_g11.4dfp.img
       256       256       256         1
  1.000000  1.000000  1.000000
orientation T byte_order littleendian
Reading image: talsrcimg_g11.4dfp.img
dimensions:      256       256       256
mmppix:       1.0000   -1.0000   -1.0000
center:     128.0000 -129.0000 -129.0000
rotation matrix determinant  1.000000
fimgreg.f
image alignment mode   1283 decimal      503 hex
parameters
   -7.5000  -22.5000   22.5000    0.0000    0.0000    0.0000
eta,q 0.94747 13.13938
niter,ni,del,rscale     5    3   12.0000    1.2000
parameter  1 -1.050346 -> -0.500000 qaram    1.1500
parameter  3  0.548830 ->  0.500000 qaram    1.1500
parameter  4  0.717130 ->  0.500000 qaram    1.1500
parameter  5 -0.553211 -> -0.500000 qaram    1.1500
parameter  6  0.642129 ->  0.500000 qaram    1.1500
parameters
   -4.0500  -22.7558   19.0500   -3.4500    3.4500   -3.4500
eta,q 0.96043 13.17107
  0.0766  0.0589  0.0486  0.0476  0.0585  0.0413
  0.0696  0.0548  0.0483  0.0454  0.0534  0.0397
  0.0630  0.0511  0.0486  0.0455  0.0489  0.0401
  0.0568  0.0497  0.0498  0.0486  0.0451  0.0423
  0.0519  0.0509  0.0526  0.0517  0.0426  0.0456
  0.0490  0.0549  0.0582  0.0535  0.0425  0.0495
  0.0503  0.0617  0.0658  0.0563  0.0449  0.0535
niter,ni,del,rscale     7    3   12.0000    1.2000
parameters
   -4.5415  -21.8679   17.3807   -4.2183    3.3278   -3.4731
eta,q 0.96184 13.16150
  0.0620  0.0582  0.0454  0.0463  0.0505  0.0470
  0.0522  0.0509  0.0411  0.0427  0.0442  0.0430
  0.0430  0.0446  0.0383  0.0399  0.0396  0.0398
  0.0396  0.0394  0.0386  0.0380  0.0382  0.0382
  0.0455  0.0394  0.0426  0.0410  0.0403  0.0395
  0.0570  0.0443  0.0495  0.0458  0.0450  0.0429
  0.0689  0.0509  0.0566  0.0504  0.0511  0.0474
niter,ni,del,rscale     6    3   12.0000    1.2000
parameters
   -4.6650  -21.5345   17.1238   -4.6494    3.3054   -3.4442
eta,q 0.96142 13.16747
  0.0623  0.0546  0.0499  0.0470  0.0508  0.0470
  0.0530  0.0476  0.0438  0.0433  0.0444  0.0432
  0.0434  0.0418  0.0403  0.0406  0.0401  0.0401
  0.0382  0.0382  0.0382  0.0383  0.0386  0.0386
  0.0418  0.0401  0.0396  0.0400  0.0401  0.0397
  0.0529  0.0451  0.0449  0.0449  0.0449  0.0429
  0.0657  0.0519  0.0523  0.0498  0.0508  0.0471
niter,ni,del,rscale     5    3   12.0000    1.2000
parameters
   -4.6988  -21.3685   17.0491   -4.8447    3.2875   -3.4124
eta,q 0.96121 13.16885
  0.0628  0.0539  0.0507  0.0475  0.0509  0.0470
  0.0536  0.0470  0.0444  0.0438  0.0445  0.0433
  0.0441  0.0415  0.0407  0.0410  0.0403  0.0403
  0.0386  0.0386  0.0386  0.0386  0.0388  0.0388
  0.0414  0.0407  0.0395  0.0396  0.0402  0.0399
  0.0523  0.0457  0.0446  0.0443  0.0450  0.0430
  0.0653  0.0526  0.0519  0.0493  0.0508  0.0471
niter,ni,del,rscale     4    3   12.0000    1.2000
parameters
   -4.7047  -21.2951   17.0163   -4.9263    3.2739   -3.3935
eta,q 0.96112 13.16932
  0.0629  0.0535  0.0510  0.0478  0.0510  0.0469
  0.0539  0.0467  0.0445  0.0441  0.0445  0.0433
  0.0444  0.0414  0.0409  0.0412  0.0404  0.0403
  0.0388  0.0388  0.0388  0.0388  0.0389  0.0389
  0.0414  0.0410  0.0396  0.0394  0.0402  0.0400
  0.0522  0.0461  0.0446  0.0440  0.0450  0.0430
  0.0652  0.0530  0.0518  0.0491  0.0508  0.0471
niter,ni,del,rscale     3    3   12.0000    1.2000
parameters
   -4.7056  -21.2654   17.0004   -4.9608    3.2660   -3.3848
eta,q 0.96108 13.16969
  0.0629  0.0534  0.0511  0.0479  0.0510  0.0469
  0.0539  0.0466  0.0446  0.0442  0.0445  0.0433
  0.0445  0.0414  0.0410  0.0413  0.0404  0.0404
  0.0389  0.0389  0.0389  0.0389  0.0389  0.0389
  0.0414  0.0412  0.0396  0.0393  0.0403  0.0400
  0.0522  0.0463  0.0446  0.0439  0.0450  0.0430
  0.0652  0.0532  0.0518  0.0490  0.0508  0.0471
registration optimization eta report
parameter search radius
    6.9000    6.0000    6.9000    6.9000    6.9000    6.9000
100000*second partial in parameter space
       51.       39.       26.       20.       25.       16.
  0.0629  0.0534  0.0511  0.0479  0.0510  0.0469
  0.0539  0.0466  0.0446  0.0442  0.0445  0.0433
  0.0445  0.0414  0.0410  0.0413  0.0404  0.0404
  0.0389  0.0389  0.0389  0.0389  0.0389  0.0389
  0.0414  0.0412  0.0396  0.0393  0.0403  0.0400
  0.0522  0.0463  0.0446  0.0439  0.0450  0.0430
  0.0652  0.0532  0.0518  0.0490  0.0508  0.0471
   -4.7056  -21.2654   17.0004   -4.9608    3.2660   -3.3848
eta,q 0.96108 13.16969

---------------------------------------------------------------------
imgreg_4dfp /opt/freesurfer/average/711-2C_as_mni_average_305 /opt/freesurfer/average/711-2B_as_mni_average_305_mask talsrcimg_g11 none talsrcimg_to_711-2C_as_mni_average_305_t4 3335
---------------------------------------------------------------------

freesurfer imgreg_4dfp.c
/opt/freesurfer/average/711-2C_as_mni_average_305.4dfp.img
       256       256       256         1
  1.000000  1.000000  1.000000
orientation T byte_order littleendian
Reading image: /opt/freesurfer/average/711-2C_as_mni_average_305.4dfp.img
dimensions:      256       256       256
mmppix:       1.0000   -1.0000   -1.0000
center:     128.0000 -129.0000 -129.0000
/opt/freesurfer/average/711-2B_as_mni_average_305_mask.4dfp.img
       256       256       256         1
  1.000000  1.000000  1.000000
orientation T byte_order littleendian
Reading mask: /opt/freesurfer/average/711-2B_as_mni_average_305_mask.4dfp.img (2306576 pixels)
talsrcimg_g11.4dfp.img
       256       256       256         1
  1.000000  1.000000  1.000000
orientation T byte_order littleendian
Reading image: talsrcimg_g11.4dfp.img
dimensions:      256       256       256
mmppix:       1.0000   -1.0000   -1.0000
center:     128.0000 -129.0000 -129.0000
fimgreg.f
image alignment mode   3335 decimal      D07 hex
parameters
   -4.7056  -21.2654   17.0004   -0.3366   -0.5775   -0.5364
    6.3739   -5.1553   -5.8946    8.9674    5.6972   -8.6333
eta,q 0.95999 13.19652
niter,ni,del,rscale     5    3    5.0000    1.2000
parameter  4  1.175881 ->  0.500000 qaram    1.1500
parameter  5  1.375012 ->  0.500000 qaram    1.1500
parameters
   -4.9470  -20.7993   17.1846   -4.4766   -4.7175   -2.9327
    6.7662   -4.6900   -4.2560    8.3610    2.1223   -6.8291
eta,q 0.96781 12.50089
  0.0427  0.0435  0.0416  0.0351  0.0315  0.0332  0.0357  0.0365  0.0353  0.0349  0.0325  0.0341
  0.0410  0.0418  0.0407  0.0359  0.0324  0.0328  0.0342  0.0345  0.0341  0.0334  0.0323  0.0333
  0.0401  0.0406  0.0401  0.0374  0.0340  0.0327  0.0331  0.0333  0.0332  0.0326  0.0323  0.0327
  0.0400  0.0400  0.0399  0.0398  0.0362  0.0328  0.0327  0.0327  0.0326  0.0325  0.0325  0.0323
  0.0406  0.0399  0.0399  0.0430  0.0392  0.0331  0.0328  0.0328  0.0325  0.0329  0.0327  0.0322
  0.0419  0.0405  0.0404  0.0470  0.0428  0.0342  0.0337  0.0338  0.0329  0.0341  0.0331  0.0324
  0.0440  0.0416  0.0412  0.0516  0.0467  0.0361  0.0352  0.0357  0.0337  0.0358  0.0337  0.0329
niter,ni,del,rscale     6    3    5.0000    1.2000
parameter  4  0.887282 ->  0.500000 qaram    1.3225
parameter  5  0.748708 ->  0.500000 qaram    1.3225
parameters
   -4.9475  -20.5906   17.6285   -9.2376   -9.4785   -4.7499
    5.9445   -4.2789   -4.2073    8.6859    3.1530   -5.7302
eta,q 0.97134 11.76525
  0.0354  0.0354  0.0341  0.0295  0.0288  0.0297  0.0303  0.0325  0.0302  0.0316  0.0297  0.0300
  0.0337  0.0337  0.0332  0.0303  0.0288  0.0290  0.0293  0.0306  0.0293  0.0300  0.0292  0.0294
  0.0325  0.0326  0.0325  0.0311  0.0293  0.0288  0.0288  0.0293  0.0288  0.0290  0.0289  0.0289
  0.0322  0.0322  0.0322  0.0321  0.0305  0.0289  0.0288  0.0287  0.0287  0.0287  0.0287  0.0287
  0.0326  0.0323  0.0322  0.0341  0.0326  0.0294  0.0291  0.0289  0.0289  0.0289  0.0287  0.0287
  0.0337  0.0331  0.0325  0.0371  0.0354  0.0300  0.0300  0.0300  0.0294  0.0297  0.0289  0.0289
  0.0354  0.0344  0.0331  0.0410  0.0391  0.0310  0.0312  0.0318  0.0301  0.0311  0.0293  0.0294
niter,ni,del,rscale     7    3    5.0000    1.2000
parameter  4  0.661532 ->  0.500000 qaram    1.5209
parameters
   -4.9275  -20.3136   17.7902  -14.7127  -12.4512   -4.5271
    5.6788   -4.0352   -4.8044    9.2487    3.6557   -6.5249
eta,q 0.97351 11.19932
  0.0313  0.0315  0.0301  0.0277  0.0283  0.0287  0.0290  0.0311  0.0280  0.0296  0.0277  0.0273
  0.0299  0.0300  0.0293  0.0269  0.0270  0.0276  0.0277  0.0289  0.0271  0.0280  0.0271  0.0268
  0.0290  0.0291  0.0288  0.0274  0.0266  0.0269  0.0268  0.0273  0.0266  0.0269  0.0267  0.0265
  0.0287  0.0287  0.0286  0.0286  0.0269  0.0266  0.0266  0.0266  0.0266  0.0265  0.0265  0.0265
  0.0289  0.0287  0.0287  0.0298  0.0280  0.0268  0.0270  0.0270  0.0269  0.0267  0.0266  0.0267
  0.0298  0.0293  0.0291  0.0315  0.0300  0.0275  0.0279  0.0284  0.0275  0.0275  0.0269  0.0271
  0.0313  0.0304  0.0297  0.0342  0.0329  0.0284  0.0294  0.0306  0.0285  0.0287  0.0275  0.0276
niter,ni,del,rscale     7    3    5.0000    1.2000
parameters
   -4.8744  -20.0486   17.5879  -14.7104  -12.8047   -4.5498
    5.7819   -3.9722   -5.0479    9.7749    3.6938   -7.0716
eta,q 0.97356 11.18182
  0.0301  0.0293  0.0276  0.0314  0.0295  0.0285  0.0291  0.0308  0.0280  0.0294  0.0276  0.0272
  0.0282  0.0278  0.0269  0.0289  0.0279  0.0274  0.0278  0.0286  0.0271  0.0279  0.0270  0.0268
  0.0270  0.0269  0.0265  0.0271  0.0268  0.0267  0.0268  0.0271  0.0266  0.0269  0.0266  0.0265
  0.0265  0.0265  0.0265  0.0265  0.0265  0.0265  0.0265  0.0265  0.0265  0.0265  0.0265  0.0264
  0.0268  0.0266  0.0267  0.0276  0.0269  0.0268  0.0268  0.0270  0.0267  0.0267  0.0266  0.0266
  0.0280  0.0272  0.0272  0.0292  0.0281  0.0275  0.0276  0.0285  0.0273  0.0274  0.0269  0.0270
  0.0298  0.0282  0.0280  0.0310  0.0302  0.0284  0.0290  0.0307  0.0282  0.0286  0.0275  0.0275
niter,ni,del,rscale     6    3    5.0000    1.2000
parameters
   -4.8463  -19.9216   17.5089  -14.8033  -12.9871   -4.5175
    5.8204   -3.9198   -5.1366   10.0704    3.7031   -7.3519
eta,q 0.97358 11.16965
  0.0300  0.0289  0.0277  0.0313  0.0296  0.0285  0.0290  0.0308  0.0280  0.0292  0.0275  0.0273
  0.0281  0.0275  0.0270  0.0288  0.0279  0.0274  0.0277  0.0286  0.0271  0.0277  0.0269  0.0268
  0.0269  0.0267  0.0265  0.0270  0.0268  0.0267  0.0268  0.0270  0.0266  0.0268  0.0266  0.0265
  0.0264  0.0264  0.0264  0.0264  0.0264  0.0264  0.0264  0.0264  0.0264  0.0264  0.0264  0.0264
  0.0268  0.0267  0.0267  0.0276  0.0268  0.0267  0.0267  0.0269  0.0266  0.0267  0.0266  0.0266
  0.0280  0.0273  0.0271  0.0293  0.0279  0.0275  0.0276  0.0285  0.0272  0.0275  0.0269  0.0269
  0.0298  0.0283  0.0278  0.0311  0.0300  0.0284  0.0290  0.0307  0.0281  0.0287  0.0275  0.0274
niter,ni,del,rscale     5    3    5.0000    1.2000
parameters
   -4.8264  -19.8435   17.4749  -14.8732  -13.0909   -4.5006
    5.8322   -3.8804   -5.1785   10.2432    3.6998   -7.5164
eta,q 0.97358 11.16199
  0.0299  0.0288  0.0277  0.0313  0.0296  0.0285  0.0290  0.0308  0.0280  0.0291  0.0275  0.0273
  0.0281  0.0274  0.0270  0.0289  0.0280  0.0274  0.0277  0.0286  0.0271  0.0276  0.0269  0.0268
  0.0269  0.0267  0.0265  0.0270  0.0268  0.0267  0.0267  0.0270  0.0266  0.0267  0.0265  0.0265
  0.0264  0.0264  0.0264  0.0264  0.0264  0.0264  0.0264  0.0264  0.0264  0.0264  0.0264  0.0264
  0.0268  0.0267  0.0266  0.0276  0.0268  0.0267  0.0267  0.0270  0.0266  0.0267  0.0266  0.0266
  0.0280  0.0274  0.0271  0.0293  0.0279  0.0275  0.0276  0.0285  0.0272  0.0275  0.0269  0.0269
  0.0298  0.0284  0.0278  0.0311  0.0299  0.0284  0.0290  0.0307  0.0280  0.0288  0.0275  0.0274
niter,ni,del,rscale     4    3    5.0000    1.2000
parameters
   -4.8123  -19.7954   17.4530  -14.9192  -13.1575   -4.4903
    5.8291   -3.8548   -5.2059   10.3469    3.6991   -7.6239
eta,q 0.97358 11.15685
  0.0299  0.0287  0.0277  0.0314  0.0296  0.0285  0.0290  0.0308  0.0280  0.0290  0.0275  0.0273
  0.0280  0.0274  0.0270  0.0289  0.0280  0.0274  0.0277  0.0286  0.0271  0.0276  0.0269  0.0268
  0.0268  0.0266  0.0265  0.0270  0.0268  0.0267  0.0267  0.0270  0.0266  0.0267  0.0265  0.0265
  0.0264  0.0264  0.0264  0.0264  0.0264  0.0264  0.0264  0.0264  0.0264  0.0264  0.0264  0.0264
  0.0268  0.0267  0.0266  0.0275  0.0268  0.0267  0.0267  0.0270  0.0266  0.0267  0.0265  0.0265
  0.0280  0.0274  0.0271  0.0293  0.0278  0.0275  0.0276  0.0285  0.0272  0.0275  0.0269  0.0269
  0.0298  0.0284  0.0277  0.0311  0.0298  0.0284  0.0291  0.0307  0.0280  0.0288  0.0275  0.0273
niter,ni,del,rscale     3    3    5.0000    1.2000
parameters
   -4.8039  -19.7647   17.4401  -14.9468  -13.2015   -4.4840
    5.8298   -3.8378   -5.2234   10.4151    3.6966   -7.6838
eta,q 0.97358 11.15366
  0.0299  0.0286  0.0277  0.0314  0.0296  0.0285  0.0290  0.0308  0.0280  0.0290  0.0275  0.0273
  0.0280  0.0274  0.0270  0.0289  0.0280  0.0274  0.0277  0.0286  0.0271  0.0276  0.0269  0.0268
  0.0268  0.0266  0.0265  0.0271  0.0268  0.0267  0.0267  0.0270  0.0266  0.0267  0.0265  0.0265
  0.0264  0.0264  0.0264  0.0264  0.0264  0.0264  0.0264  0.0264  0.0264  0.0264  0.0264  0.0264
  0.0268  0.0267  0.0266  0.0275  0.0268  0.0267  0.0267  0.0270  0.0266  0.0267  0.0266  0.0265
  0.0280  0.0274  0.0271  0.0293  0.0278  0.0275  0.0276  0.0285  0.0272  0.0276  0.0269  0.0269
  0.0299  0.0284  0.0277  0.0311  0.0298  0.0284  0.0291  0.0307  0.0280  0.0289  0.0275  0.0273
niter,ni,del,rscale     2    3    5.0000    1.2000
parameters
   -4.7977  -19.7474   17.4324  -14.9607  -13.2236   -4.4831
    5.8341   -3.8253   -5.2345   10.4586    3.6916   -7.7165
eta,q 0.97358 11.15207
  0.0299  0.0286  0.0278  0.0314  0.0296  0.0285  0.0290  0.0308  0.0280  0.0290  0.0275  0.0273
  0.0280  0.0273  0.0270  0.0289  0.0280  0.0274  0.0277  0.0286  0.0271  0.0276  0.0269  0.0268
  0.0268  0.0266  0.0265  0.0271  0.0268  0.0267  0.0267  0.0270  0.0266  0.0267  0.0265  0.0266
  0.0264  0.0264  0.0264  0.0264  0.0264  0.0264  0.0264  0.0264  0.0264  0.0264  0.0264  0.0264
  0.0268  0.0267  0.0266  0.0275  0.0268  0.0267  0.0267  0.0270  0.0266  0.0267  0.0265  0.0265
  0.0280  0.0274  0.0271  0.0293  0.0278  0.0275  0.0276  0.0285  0.0272  0.0276  0.0269  0.0269
  0.0299  0.0284  0.0277  0.0311  0.0298  0.0284  0.0291  0.0308  0.0280  0.0289  0.0275  0.0273
registration optimization eta report
parameter search radius
    2.4000    2.4000    2.4000   10.9503    9.5220    7.2000
    7.2000    7.2000    7.2000    7.2000    7.2000    7.2000
100000*second partial in parameter space
       60.       36.       23.        4.        4.        4.
        5.        8.        3.        5.        2.        2.
  0.0299  0.0286  0.0278  0.0314  0.0296  0.0285  0.0290  0.0308  0.0280  0.0290  0.0275  0.0273
  0.0280  0.0273  0.0270  0.0289  0.0280  0.0274  0.0277  0.0286  0.0271  0.0276  0.0269  0.0268
  0.0268  0.0266  0.0265  0.0271  0.0268  0.0267  0.0267  0.0270  0.0266  0.0267  0.0265  0.0266
  0.0264  0.0264  0.0264  0.0264  0.0264  0.0264  0.0264  0.0264  0.0264  0.0264  0.0264  0.0264
  0.0268  0.0267  0.0266  0.0275  0.0268  0.0267  0.0267  0.0270  0.0266  0.0267  0.0265  0.0265
  0.0280  0.0274  0.0271  0.0293  0.0278  0.0275  0.0276  0.0285  0.0272  0.0276  0.0269  0.0269
  0.0299  0.0284  0.0277  0.0311  0.0298  0.0284  0.0291  0.0308  0.0280  0.0289  0.0275  0.0273
   -4.7977  -19.7474   17.4324  -14.9607  -13.2236   -4.4831
    5.8341   -3.8253   -5.2345   10.4586    3.6916   -7.7165
eta,q 0.97358 11.15207

---------------------------------------------------------------------
imgreg_4dfp /opt/freesurfer/average/711-2C_as_mni_average_305 /opt/freesurfer/average/711-2B_as_mni_average_305_mask talsrcimg_g11 none talsrcimg_to_711-2C_as_mni_average_305_t4 2311
---------------------------------------------------------------------

freesurfer imgreg_4dfp.c
/opt/freesurfer/average/711-2C_as_mni_average_305.4dfp.img
       256       256       256         1
  1.000000  1.000000  1.000000
orientation T byte_order littleendian
Reading image: /opt/freesurfer/average/711-2C_as_mni_average_305.4dfp.img
dimensions:      256       256       256
mmppix:       1.0000   -1.0000   -1.0000
center:     128.0000 -129.0000 -129.0000
/opt/freesurfer/average/711-2B_as_mni_average_305_mask.4dfp.img
       256       256       256         1
  1.000000  1.000000  1.000000
orientation T byte_order littleendian
Reading mask: /opt/freesurfer/average/711-2B_as_mni_average_305_mask.4dfp.img (2306576 pixels)
talsrcimg_g11.4dfp.img
       256       256       256         1
  1.000000  1.000000  1.000000
orientation T byte_order littleendian
Reading image: talsrcimg_g11.4dfp.img
dimensions:      256       256       256
mmppix:       1.0000   -1.0000   -1.0000
center:     128.0000 -129.0000 -129.0000
fimgreg.f
image alignment mode   2311 decimal      907 hex
parameters
   -4.7977  -19.7474   17.4324  -14.9607  -13.2236   -4.4831
    5.8341   -3.8253   -5.2345   10.4586    3.6916   -7.7165
eta,q 0.97359 11.15207
niter,ni,del,rscale     5    3    5.0000    0.8000
parameters
   -4.7878  -19.7997   17.3871  -15.4285  -12.9479   -4.5592
    5.8870   -3.8180   -5.2619   10.2118    3.7161   -7.6915
eta,q 0.97361 11.13407
  0.0280  0.0273  0.0270  0.0276  0.0274  0.0274  0.0277  0.0285  0.0271  0.0274  0.0269  0.0268
  0.0272  0.0268  0.0267  0.0269  0.0269  0.0269  0.0270  0.0274  0.0267  0.0268  0.0266  0.0266
  0.0266  0.0265  0.0265  0.0265  0.0265  0.0265  0.0265  0.0267  0.0265  0.0265  0.0264  0.0265
  0.0264  0.0264  0.0264  0.0264  0.0264  0.0264  0.0264  0.0264  0.0264  0.0264  0.0264  0.0264
  0.0266  0.0266  0.0265  0.0267  0.0265  0.0265  0.0265  0.0266  0.0265  0.0266  0.0265  0.0264
  0.0271  0.0269  0.0267  0.0273  0.0267  0.0269  0.0269  0.0274  0.0267  0.0270  0.0266  0.0266
  0.0280  0.0274  0.0270  0.0281  0.0271  0.0274  0.0276  0.0285  0.0271  0.0276  0.0269  0.0268
niter,ni,del,rscale     4    3    5.0000    0.7000
parameters
   -4.7780  -19.8440   17.3539  -15.4574  -12.8540   -4.6321
    5.8950   -3.8227   -5.2811   10.1018    3.7136   -7.6628
eta,q 0.97361 11.13309
  0.0276  0.0271  0.0269  0.0275  0.0271  0.0272  0.0274  0.0280  0.0270  0.0272  0.0268  0.0267
  0.0270  0.0267  0.0266  0.0269  0.0267  0.0268  0.0268  0.0272  0.0266  0.0268  0.0266  0.0266
  0.0265  0.0264  0.0264  0.0265  0.0265  0.0265  0.0265  0.0266  0.0265  0.0265  0.0264  0.0264
  0.0264  0.0264  0.0264  0.0264  0.0264  0.0264  0.0264  0.0264  0.0264  0.0264  0.0264  0.0264
  0.0265  0.0265  0.0265  0.0265  0.0265  0.0265  0.0265  0.0266  0.0265  0.0265  0.0264  0.0264
  0.0269  0.0268  0.0266  0.0269  0.0267  0.0268  0.0268  0.0272  0.0267  0.0268  0.0266  0.0266
  0.0276  0.0272  0.0269  0.0275  0.0270  0.0272  0.0274  0.0281  0.0270  0.0273  0.0268  0.0267
niter,ni,del,rscale     3    3    5.0000    0.6000
parameters
   -4.7781  -19.8776   17.3284  -15.4474  -12.8205   -4.6639
    5.9000   -3.8165   -5.2672   10.0320    3.6845   -7.6347
eta,q 0.97361 11.13279
  0.0273  0.0269  0.0267  0.0272  0.0269  0.0270  0.0271  0.0276  0.0268  0.0270  0.0267  0.0267
  0.0268  0.0266  0.0265  0.0268  0.0266  0.0267  0.0267  0.0270  0.0266  0.0267  0.0265  0.0265
  0.0265  0.0264  0.0264  0.0265  0.0264  0.0265  0.0265  0.0265  0.0264  0.0265  0.0264  0.0264
  0.0264  0.0264  0.0264  0.0264  0.0264  0.0264  0.0264  0.0264  0.0264  0.0264  0.0264  0.0264
  0.0265  0.0265  0.0264  0.0265  0.0265  0.0265  0.0265  0.0265  0.0264  0.0265  0.0264  0.0264
  0.0268  0.0267  0.0266  0.0268  0.0266  0.0267  0.0267  0.0270  0.0266  0.0267  0.0265  0.0265
  0.0273  0.0270  0.0268  0.0272  0.0269  0.0270  0.0271  0.0276  0.0268  0.0271  0.0267  0.0267
niter,ni,del,rscale     2    3    5.0000    0.5000
parameters
   -4.7761  -19.9035   17.3198  -15.4310  -12.8235   -4.6689
    5.8811   -3.8141   -5.2763    9.9944    3.6531   -7.6018
eta,q 0.97361 11.13248
  0.0270  0.0268  0.0266  0.0270  0.0267  0.0268  0.0269  0.0273  0.0267  0.0268  0.0266  0.0266
  0.0267  0.0265  0.0265  0.0267  0.0265  0.0266  0.0266  0.0268  0.0265  0.0266  0.0265  0.0265
  0.0265  0.0264  0.0264  0.0265  0.0264  0.0264  0.0264  0.0265  0.0264  0.0264  0.0264  0.0264
  0.0264  0.0264  0.0264  0.0264  0.0264  0.0264  0.0264  0.0264  0.0264  0.0264  0.0264  0.0264
  0.0265  0.0264  0.0264  0.0265  0.0264  0.0264  0.0265  0.0265  0.0264  0.0264  0.0264  0.0264
  0.0267  0.0266  0.0265  0.0267  0.0266  0.0266  0.0266  0.0268  0.0265  0.0266  0.0265  0.0265
  0.0270  0.0268  0.0266  0.0270  0.0267  0.0268  0.0269  0.0273  0.0267  0.0269  0.0266  0.0266
niter,ni,del,rscale     1    3    5.0000    0.4000
parameters
   -4.7726  -19.9141   17.3180  -15.4074  -12.8313   -4.6507
    5.8568   -3.8015   -5.2591    9.9876    3.5874   -7.6115
eta,q 0.97361 11.13374
  0.0268  0.0266  0.0266  0.0268  0.0266  0.0267  0.0267  0.0270  0.0266  0.0267  0.0265  0.0265
  0.0266  0.0265  0.0265  0.0266  0.0265  0.0265  0.0265  0.0267  0.0265  0.0265  0.0264  0.0264
  0.0264  0.0264  0.0264  0.0264  0.0264  0.0264  0.0264  0.0265  0.0264  0.0264  0.0264  0.0264
  0.0264  0.0264  0.0264  0.0264  0.0264  0.0264  0.0264  0.0264  0.0264  0.0264  0.0264  0.0264
  0.0264  0.0264  0.0264  0.0264  0.0264  0.0264  0.0264  0.0264  0.0264  0.0264  0.0264  0.0264
  0.0266  0.0265  0.0265  0.0266  0.0265  0.0265  0.0265  0.0266  0.0265  0.0265  0.0265  0.0265
  0.0268  0.0266  0.0265  0.0268  0.0266  0.0267  0.0267  0.0270  0.0266  0.0267  0.0265  0.0265
registration optimization eta report
parameter search radius
    0.8000    0.8000    0.8000    2.4000    2.4000    2.4000
    2.4000    2.4000    2.4000    2.4000    2.4000    2.4000
100000*second partial in parameter space
       63.       38.       25.        7.        4.        5.
        5.       10.        3.        5.        2.        2.
  0.0268  0.0266  0.0266  0.0268  0.0266  0.0267  0.0267  0.0270  0.0266  0.0267  0.0265  0.0265
  0.0266  0.0265  0.0265  0.0266  0.0265  0.0265  0.0265  0.0267  0.0265  0.0265  0.0264  0.0264
  0.0264  0.0264  0.0264  0.0264  0.0264  0.0264  0.0264  0.0265  0.0264  0.0264  0.0264  0.0264
  0.0264  0.0264  0.0264  0.0264  0.0264  0.0264  0.0264  0.0264  0.0264  0.0264  0.0264  0.0264
  0.0264  0.0264  0.0264  0.0264  0.0264  0.0264  0.0264  0.0264  0.0264  0.0264  0.0264  0.0264
  0.0266  0.0265  0.0265  0.0266  0.0265  0.0265  0.0265  0.0266  0.0265  0.0265  0.0265  0.0265
  0.0268  0.0266  0.0265  0.0268  0.0266  0.0267  0.0267  0.0270  0.0266  0.0267  0.0265  0.0265
   -4.7726  -19.9141   17.3180  -15.4074  -12.8313   -4.6507
    5.8568   -3.8015   -5.2591    9.9876    3.5874   -7.6115
eta,q 0.97361 11.13374

---------------------------------------------------------------------
imgreg_4dfp /opt/freesurfer/average/711-2C_as_mni_average_305 /opt/freesurfer/average/711-2B_as_mni_average_305_mask talsrcimg_g11 none talsrcimg_to_711-2C_as_mni_average_305_t4 2311
---------------------------------------------------------------------

freesurfer imgreg_4dfp.c
/opt/freesurfer/average/711-2C_as_mni_average_305.4dfp.img
       256       256       256         1
  1.000000  1.000000  1.000000
orientation T byte_order littleendian
Reading image: /opt/freesurfer/average/711-2C_as_mni_average_305.4dfp.img
dimensions:      256       256       256
mmppix:       1.0000   -1.0000   -1.0000
center:     128.0000 -129.0000 -129.0000
/opt/freesurfer/average/711-2B_as_mni_average_305_mask.4dfp.img
       256       256       256         1
  1.000000  1.000000  1.000000
orientation T byte_order littleendian
Reading mask: /opt/freesurfer/average/711-2B_as_mni_average_305_mask.4dfp.img (2306576 pixels)
talsrcimg_g11.4dfp.img
       256       256       256         1
  1.000000  1.000000  1.000000
orientation T byte_order littleendian
Reading image: talsrcimg_g11.4dfp.img
dimensions:      256       256       256
mmppix:       1.0000   -1.0000   -1.0000
center:     128.0000 -129.0000 -129.0000
fimgreg.f
image alignment mode   2311 decimal      907 hex
parameters
   -4.7726  -19.9141   17.3180  -15.4074  -12.8313   -4.6507
    5.8568   -3.8015   -5.2591    9.9876    3.5874   -7.6115
eta,q 0.97361 11.13373
niter,ni,del,rscale     5    3    5.0000    0.8000
parameters
   -4.7792  -19.8766   17.3543  -15.4344  -12.7618   -4.6428
    5.8926   -3.8103   -5.2341   10.0521    3.7112   -7.6384
eta,q 0.97361 11.13853
  0.0280  0.0274  0.0271  0.0278  0.0273  0.0274  0.0277  0.0285  0.0271  0.0276  0.0269  0.0268
  0.0271  0.0268  0.0267  0.0271  0.0268  0.0269  0.0270  0.0274  0.0267  0.0269  0.0266  0.0266
  0.0266  0.0265  0.0265  0.0266  0.0265  0.0265  0.0265  0.0267  0.0265  0.0265  0.0264  0.0265
  0.0264  0.0264  0.0264  0.0264  0.0264  0.0264  0.0264  0.0264  0.0264  0.0264  0.0264  0.0264
  0.0266  0.0265  0.0265  0.0266  0.0265  0.0265  0.0265  0.0266  0.0265  0.0265  0.0264  0.0265
  0.0271  0.0268  0.0267  0.0271  0.0268  0.0269  0.0269  0.0274  0.0267  0.0269  0.0266  0.0266
  0.0280  0.0273  0.0270  0.0278  0.0272  0.0274  0.0276  0.0285  0.0271  0.0275  0.0269  0.0268
niter,ni,del,rscale     4    3    5.0000    0.7000
parameters
   -4.7808  -19.8806   17.3400  -15.4406  -12.7807   -4.6614
    5.8939   -3.8266   -5.2752   10.0325    3.7232   -7.6169
eta,q 0.97361 11.13595
  0.0276  0.0271  0.0269  0.0275  0.0271  0.0272  0.0274  0.0280  0.0270  0.0273  0.0268  0.0267
  0.0269  0.0267  0.0266  0.0269  0.0267  0.0268  0.0268  0.0272  0.0266  0.0268  0.0266  0.0266
  0.0265  0.0265  0.0264  0.0265  0.0265  0.0265  0.0265  0.0266  0.0264  0.0265  0.0264  0.0264
  0.0264  0.0264  0.0264  0.0264  0.0264  0.0264  0.0264  0.0264  0.0264  0.0264  0.0264  0.0264
  0.0265  0.0265  0.0265  0.0265  0.0265  0.0265  0.0265  0.0266  0.0265  0.0265  0.0264  0.0264
  0.0269  0.0267  0.0266  0.0269  0.0267  0.0268  0.0268  0.0272  0.0267  0.0268  0.0266  0.0266
  0.0276  0.0271  0.0269  0.0275  0.0271  0.0272  0.0274  0.0281  0.0270  0.0273  0.0268  0.0267
niter,ni,del,rscale     3    3    5.0000    0.6000
parameters
   -4.7816  -19.8914   17.3294  -15.4410  -12.7967   -4.6685
    5.8920   -3.8248   -5.2740   10.0013    3.7005   -7.6078
eta,q 0.97361 11.13400
  0.0273  0.0269  0.0267  0.0272  0.0269  0.0270  0.0271  0.0276  0.0268  0.0270  0.0267  0.0267
  0.0268  0.0266  0.0265  0.0268  0.0266  0.0267  0.0267  0.0270  0.0266  0.0267  0.0265  0.0265
  0.0265  0.0264  0.0264  0.0265  0.0264  0.0265  0.0265  0.0265  0.0264  0.0265  0.0264  0.0264
  0.0264  0.0264  0.0264  0.0264  0.0264  0.0264  0.0264  0.0264  0.0264  0.0264  0.0264  0.0264
  0.0265  0.0265  0.0264  0.0265  0.0265  0.0265  0.0265  0.0265  0.0264  0.0265  0.0264  0.0264
  0.0268  0.0266  0.0266  0.0268  0.0266  0.0267  0.0267  0.0270  0.0266  0.0267  0.0265  0.0265
  0.0273  0.0269  0.0267  0.0273  0.0269  0.0270  0.0271  0.0276  0.0268  0.0271  0.0267  0.0267
registration optimization eta report
parameter search radius
    1.2000    1.2000    1.2000    3.6000    3.6000    3.6000
    3.6000    3.6000    3.6000    3.6000    3.6000    3.6000
100000*second partial in parameter space
       62.       38.       25.        7.        4.        5.
        6.        9.        3.        5.        2.        2.
  0.0273  0.0269  0.0267  0.0272  0.0269  0.0270  0.0271  0.0276  0.0268  0.0270  0.0267  0.0267
  0.0268  0.0266  0.0265  0.0268  0.0266  0.0267  0.0267  0.0270  0.0266  0.0267  0.0265  0.0265
  0.0265  0.0264  0.0264  0.0265  0.0264  0.0265  0.0265  0.0265  0.0264  0.0265  0.0264  0.0264
  0.0264  0.0264  0.0264  0.0264  0.0264  0.0264  0.0264  0.0264  0.0264  0.0264  0.0264  0.0264
  0.0265  0.0265  0.0264  0.0265  0.0265  0.0265  0.0265  0.0265  0.0264  0.0265  0.0264  0.0264
  0.0268  0.0266  0.0266  0.0268  0.0266  0.0267  0.0267  0.0270  0.0266  0.0267  0.0265  0.0265
  0.0273  0.0269  0.0267  0.0273  0.0269  0.0270  0.0271  0.0276  0.0268  0.0271  0.0267  0.0267
   -4.7816  -19.8914   17.3294  -15.4410  -12.7967   -4.6685
    5.8920   -3.8248   -5.2740   10.0013    3.7005   -7.6078
eta,q 0.97361 11.13400

---------------------------------------------------------------------
compute_vox2vox talsrcimg talsrcimg_to_711-2C_as_mni_average_305_t4 /opt/freesurfer/average/711-2C_as_mni_average_305
---------------------------------------------------------------------

freesurfer compute_vox2vox.c
Reading: talsrcimg.4dfp.ifh
Reading: talsrcimg_to_711-2C_as_mni_average_305_t4
Reading: /opt/freesurfer/average/711-2C_as_mni_average_305.4dfp.ifh
Writing: talsrcimg_to_711-2C_as_mni_average_305_t4_vox2vox.txt

start time Sun Mar 8 19:21:37 CET 2026
end		time Sun Mar 8 19:21:51 CET 2026

mpr2mni305 success

avi2talxfm orig_nu.mgz /opt/freesurfer/average/mni305.cor.mgz talsrcimg_to_711-2C_as_mni_average_305_t4_vox2vox.txt transforms/talairach.auto.xfm
avi2talxfm done
mv -f /out/sourcedata/freesurfer/sub-v1s14x0051578_ses-1/mri/talsrcimg_to_711-2C_as_mni_average_305_t4_vox2vox.txt /out/sourcedata/freesurfer/sub-v1s14x0051578_ses-1/mri/transforms/talsrcimg_to_711-2C_as_mni_average_305_t4_vox2vox.txt
lta_convert --src orig_nu.mgz --trg /opt/freesurfer/average/mni305.cor.mgz --inxfm transforms/talairach.auto.xfm --outlta transforms/talairach.auto.xfm.lta --subject fsaverage
7.3.2

--src: orig_nu.mgz src image (geometry).
--trg: /opt/freesurfer/average/mni305.cor.mgz trg image (geometry).
--inmni: transforms/talairach.auto.xfm input MNI/XFM transform.
--outlta: transforms/talairach.auto.xfm.lta output LTA.
--s: fsaverage subject name
 LTA read, type : 1
 1.17554   0.05499  -0.07463  -0.87413;
-0.03960   1.03761   0.09320  -33.03667;
 0.07564  -0.11568   1.13154  -8.93982;
 0.00000   0.00000   0.00000   1.00000;
setting subject to fsaverage
Writing  LTA to file transforms/talairach.auto.xfm.lta...
lta_convert successful.
 
 
Started at Sun Mar 8 19:21:37 CET 2026
Ended   at Sun Mar  8 19:21:51 CET 2026
talairach_avi done
