/out/sourcedata/freesurfer/sub-v1s14x0051564_ses-1/mri
/opt/freesurfer/bin/talairach_avi
--i orig_nu.mgz --xfm transforms/talairach.auto.xfm
talairach_avi 7.3.2
Linux dna060 5.14.0-427.37.1.el9_4.x86_64 #1 SMP PREEMPT_DYNAMIC Fri Sep 13 12:41:50 EDT 2024 x86_64 x86_64 x86_64 GNU/Linux
Sun Mar  8 17:35:00 CET 2026
mri_convert orig_nu.mgz talsrcimg.img 
reading from orig_nu.mgz...
TR=0.00, TE=0.00, TI=0.00, flip angle=0.00
i_ras = (-1, 4.65661e-10, 0)
j_ras = (0, 0, -1)
k_ras = (4.65661e-10, 1, 0)
writing to talsrcimg.img...
Analyze Output Matrix
-1.00000   0.00000   0.00000   129.29605;
 0.00000   0.00000   1.00000  -112.10659;
 0.00000  -1.00000   0.00000   127.30658;
 0.00000   0.00000   0.00000   1.00000;
--------------------
INFO: set hdr.hist.orient to -1
mpr2mni305 talsrcimg
Sun Mar  8 17:35:01 CET 2026
/opt/freesurfer/bin/mpr2mni305 talsrcimg
mpr2mni305 7.3.2
target=711-2C_as_mni_average_305

---------------------------------------------------------------------
analyzeto4dfp talsrcimg -O0 -y
---------------------------------------------------------------------

freesurfer ifh2hdr.c
Sun Mar  8 17:35:01 2026
Writing: talsrcimg.4dfp.hdr
freesurfer analyzeto4dfp.c
Reading: talsrcimg.hdr
header size 348 bytes
hdr.dime.datatype	offset=70	value=2
hdr.dime.bitpix		offset=72	value=8
hdr.hist.orient		offset=252	value=-1
dimensionality     4
dimensions       256       256       256         1
Reading: talsrcimg.img
Writing: talsrcimg.4dfp.img
Writing: talsrcimg.4dfp.ifh
ifh2hdr talsrcimg -r0to255
ori=2

---------------------------------------------------------------------
gauss_4dfp talsrcimg 1.1
---------------------------------------------------------------------

freesurfer gauss_4dfp.c
Reading: talsrcimg.4dfp.img
Writing: talsrcimg_g11.4dfp.img
image dimensions 256 256 256 padded to 288 288 288
processing volume 1freesurfer ifh2hdr.c
Sun Mar  8 17:35:03 2026
Writing: talsrcimg_g11.4dfp.hdr

Writing: talsrcimg_g11.4dfp.ifh
including: talsrcimg.4dfp.img.rec in talsrcimg_g11.4dfp.img.rec

---------------------------------------------------------------------
imgreg_4dfp /opt/freesurfer/average/711-2C_as_mni_average_305 none talsrcimg_g11 none talsrcimg_to_711-2C_as_mni_average_305_t4 4355
---------------------------------------------------------------------

freesurfer imgreg_4dfp.c
/opt/freesurfer/average/711-2C_as_mni_average_305.4dfp.img
       256       256       256         1
  1.000000  1.000000  1.000000
orientation T byte_order littleendian
Reading image: /opt/freesurfer/average/711-2C_as_mni_average_305.4dfp.img
dimensions:      256       256       256
mmppix:       1.0000   -1.0000   -1.0000
center:     128.0000 -129.0000 -129.0000
talsrcimg_g11.4dfp.img
       256       256       256         1
  1.000000  1.000000  1.000000
orientation T byte_order littleendian
Reading image: talsrcimg_g11.4dfp.img
dimensions:      256       256       256
mmppix:       1.0000   -1.0000   -1.0000
center:     128.0000 -129.0000 -129.0000
t4_read: open error in t4_sub.f l:  41 t4_file(1:l)talsrcimg_to_711-2C_as_mni_average_305_t4 
t4_read: transform initialized to I4
rotation matrix determinant  1.000000
image alignment mode   4355 decimal     1103 hex
   -7.5000  -45.0000  -45.0000 8814.8877   17.6845
    0.0000  -45.0000  -45.0000 9220.8047   17.6390
    7.5000  -45.0000  -45.0000 8825.8467   17.6008
   -7.5000  -37.5000  -45.0000 9331.9668   17.6698
    0.0000  -37.5000  -45.0000 9754.0938   17.6266
    7.5000  -37.5000  -45.0000 9321.4355   17.5897
   -7.5000  -30.0000  -45.000010122.2715   17.6532
    0.0000  -30.0000  -45.000010588.6064   17.6055
    7.5000  -30.0000  -45.000010099.0039   17.5759
   -7.5000  -22.5000  -45.000010870.8340   17.6557
    0.0000  -22.5000  -45.000011355.6592   17.5985
    7.5000  -22.5000  -45.000010847.9551   17.5729
   -7.5000  -15.0000  -45.000011557.3633   17.6748
    0.0000  -15.0000  -45.000012037.6895   17.6136
    7.5000  -15.0000  -45.000011510.2490   17.5852
   -7.5000   -7.5000  -45.000012123.5771   17.6869
    0.0000   -7.5000  -45.000012656.4326   17.6332
    7.5000   -7.5000  -45.000012087.7666   17.5992
   -7.5000    0.0000  -45.000012594.3896   17.6844
    0.0000    0.0000  -45.000013140.8066   17.6390
    7.5000    0.0000  -45.000012557.1357   17.6008
   -7.5000    7.5000  -45.000012091.4053   17.6698
    0.0000    7.5000  -45.000012623.0996   17.6266
    7.5000    7.5000  -45.000012054.7148   17.5897
   -7.5000   15.0000  -45.000011449.1807   17.6532
    0.0000   15.0000  -45.000011978.9277   17.6055
    7.5000   15.0000  -45.000011433.6318   17.5759
   -7.5000   22.5000  -45.000010684.0996   17.6533
    0.0000   22.5000  -45.000011173.4570   17.5961
    7.5000   22.5000  -45.000010658.7012   17.5705
   -7.5000   30.0000  -45.0000 9764.8701   17.4393
    0.0000   30.0000  -45.000010203.9141   17.3789
    7.5000   30.0000  -45.0000 9741.2041   17.3508
   -7.5000   37.5000  -45.0000 9199.3682   17.4552
    0.0000   37.5000  -45.0000 9577.6543   17.4021
    7.5000   37.5000  -45.0000 9168.0059   17.3686
   -7.5000   45.0000  -45.0000 8327.0723   17.0743
    0.0000   45.0000  -45.0000 8678.0049   17.0307
    7.5000   45.0000  -45.0000 8317.5469   16.9942
   -7.5000  -45.0000  -37.5000 9340.9414   17.6185
    0.0000  -45.0000  -37.5000 9798.3652   17.5853
    7.5000  -45.0000  -37.5000 9347.3301   17.5587
   -7.5000  -37.5000  -37.5000 9885.8164   17.6074
    0.0000  -37.5000  -37.500010353.2041   17.5754
    7.5000  -37.5000  -37.5000 9873.3496   17.5463
   -7.5000  -30.0000  -37.500010723.2891   17.5961
    0.0000  -30.0000  -37.500011212.0986   17.5604
    7.5000  -30.0000  -37.500010684.7822   17.5371
   -7.5000  -22.5000  -37.500011515.8291   17.6009
    0.0000  -22.5000  -37.500012034.0332   17.5580
    7.5000  -22.5000  -37.500011478.1719   17.5420
   -7.5000  -15.0000  -37.500012194.7100   17.6168
    0.0000  -15.0000  -37.500012740.1484   17.5708
    7.5000  -15.0000  -37.500012145.6982   17.5561
   -7.5000   -7.5000  -37.500012780.4619   17.6231
    0.0000   -7.5000  -37.500013371.6592   17.5832
    7.5000   -7.5000  -37.500012716.0459   17.5637
   -7.5000    0.0000  -37.500013253.6230   17.6185
    0.0000    0.0000  -37.500013865.1455   17.5853
    7.5000    0.0000  -37.500013203.1650   17.5587
   -7.5000    7.5000  -37.500012694.0166   17.6074
    0.0000    7.5000  -37.500013283.1992   17.5754
    7.5000    7.5000  -37.500012656.5342   17.5463
   -7.5000   15.0000  -37.500012021.3320   17.5961
    0.0000   15.0000  -37.500012602.1348   17.5604
    7.5000   15.0000  -37.500012004.6631   17.5371
   -7.5000   22.5000  -37.500011225.8027   17.5985
    0.0000   22.5000  -37.500011752.2910   17.5556
    7.5000   22.5000  -37.500011201.3154   17.5396
   -7.5000   30.0000  -37.500010252.1025   17.3820
    0.0000   30.0000  -37.500010703.3828   17.3367
    7.5000   30.0000  -37.500010217.6504   17.3222
   -7.5000   37.5000  -37.5000 9617.4502   17.3922
    0.0000   37.5000  -37.500010043.5049   17.3527
    7.5000   37.5000  -37.5000 9599.0654   17.3335
   -7.5000   45.0000  -37.5000 8703.2070   17.0092
    0.0000   45.0000  -37.5000 9088.7041   16.9769
    7.5000   45.0000  -37.5000 8693.9141   16.9515
   -7.5000  -45.0000  -30.000010030.4746   18.3319
    0.0000  -45.0000  -30.000010498.2373   18.3212
    7.5000  -45.0000  -30.000010014.1016   18.3082
   -7.5000  -37.5000  -30.000010582.8770   18.3205
    0.0000  -37.5000  -30.000011072.9541   18.3102
    7.5000  -37.5000  -30.000010555.8174   18.2916
   -7.5000  -30.0000  -30.000011473.2119   18.3137
    0.0000  -30.0000  -30.000012001.6387   18.2976
    7.5000  -30.0000  -30.000011438.2949   18.2819
   -7.5000  -22.5000  -30.000012329.7715   18.3230
    0.0000  -22.5000  -30.000012855.6484   18.2997
    7.5000  -22.5000  -30.000012259.3838   18.2919
   -7.5000  -15.0000  -30.000013060.4707   18.3392
    0.0000  -15.0000  -30.000013632.4385   18.3143
    7.5000  -15.0000  -30.000012969.0381   18.3118
   -7.5000   -7.5000  -30.000013707.0225   18.3411
    0.0000   -7.5000  -30.000014320.9004   18.3232
    7.5000   -7.5000  -30.000013603.1836   18.3184
   -7.5000    0.0000  -30.000014174.5918   18.3319
    0.0000    0.0000  -30.000014836.5449   18.3212
    7.5000    0.0000  -30.000014084.9521   18.3082
   -7.5000    7.5000  -30.000013568.7979   18.3205
    0.0000    7.5000  -30.000014176.0176   18.3102
    7.5000    7.5000  -30.000013493.6689   18.2916
   -7.5000   15.0000  -30.000012829.3154   18.3137
    0.0000   15.0000  -30.000013415.8643   18.2976
    7.5000   15.0000  -30.000012759.2568   18.2819
   -7.5000   22.5000  -30.000011973.8779   18.3186
    0.0000   22.5000  -30.000012503.6729   18.2953
    7.5000   22.5000  -30.000011913.3887   18.2875
   -7.5000   30.0000  -30.000010920.8848   18.0965
    0.0000   30.0000  -30.000011410.8838   18.0720
    7.5000   30.0000  -30.000010871.3730   18.0695
   -7.5000   37.5000  -30.000010217.1943   18.1029
    0.0000   37.5000  -30.000010666.7109   18.0852
    7.5000   37.5000  -30.000010184.0039   18.0804
   -7.5000   45.0000  -30.0000 9243.3535   17.7097
    0.0000   45.0000  -30.0000 9634.5928   17.6987
    7.5000   45.0000  -30.0000 9203.8613   17.6858
   -7.5000  -45.0000  -22.500010677.9756   18.9513
    0.0000  -45.0000  -22.500011160.1025   18.9530
    7.5000  -45.0000  -22.500010636.1992   18.9434
   -7.5000  -37.5000  -22.500011252.0479   18.9330
    0.0000  -37.5000  -22.500011755.3506   18.9354
    7.5000  -37.5000  -22.500011199.1660   18.9218
   -7.5000  -30.0000  -22.500012216.3643   18.9233
    0.0000  -30.0000  -22.500012766.4424   18.9173
    7.5000  -30.0000  -22.500012158.2520   18.9047
   -7.5000  -22.5000  -22.500013117.5635   18.9367
    0.0000  -22.5000  -22.500013696.5186   18.9203
    7.5000  -22.5000  -22.500013045.5010   18.9122
   -7.5000  -15.0000  -22.500013887.1689   18.9598
    0.0000  -15.0000  -22.500014502.6553   18.9422
    7.5000  -15.0000  -22.500013789.7598   18.9383
   -7.5000   -7.5000  -22.500014566.2041   18.9646
    0.0000   -7.5000  -22.500015219.0742   18.9566
    7.5000   -7.5000  -22.500014464.6016   18.9524
   -7.5000    0.0000  -22.500015084.3770   18.9513
    0.0000    0.0000  -22.500015761.1299   18.9530
    7.5000    0.0000  -22.500014962.9766   18.9434
   -7.5000    7.5000  -22.500014415.1660   18.9330
    0.0000    7.5000  -22.500015050.9189   18.9354
    7.5000    7.5000  -22.500014306.0850   18.9218
   -7.5000   15.0000  -22.500013601.0947   18.9233
    0.0000   15.0000  -22.500014203.1016   18.9173
    7.5000   15.0000  -22.500013502.8721   18.9047
   -7.5000   22.5000  -22.500012689.1191   18.9308
    0.0000   22.5000  -22.500013223.8242   18.9145
    7.5000   22.5000  -22.500012591.0000   18.9064
   -7.5000   30.0000  -22.500011570.1592   18.7118
    0.0000   30.0000  -22.500012085.0820   18.6944
    7.5000   30.0000  -22.500011515.6816   18.6906
   -7.5000   37.5000  -22.500010833.4688   18.7218
    0.0000   37.5000  -22.500011310.2715   18.7139
    7.5000   37.5000  -22.500010789.5840   18.7097
   -7.5000   45.0000  -22.5000 9776.3857   18.3216
    0.0000   45.0000  -22.500010189.1797   18.3226
    7.5000   45.0000  -22.5000 9726.3789   18.3126
   -7.5000  -45.0000  -15.000011313.8545   19.4205
    0.0000  -45.0000  -15.000011803.6289   19.4120
    7.5000  -45.0000  -15.000011261.3066   19.3918
   -7.5000  -37.5000  -15.000011905.2900   19.3951
    0.0000  -37.5000  -15.000012420.5762   19.3881
    7.5000  -37.5000  -15.000011845.9395   19.3679
   -7.5000  -30.0000  -15.000012933.6689   19.3784
    0.0000  -30.0000  -15.000013512.4707   19.3621
    7.5000  -30.0000  -15.000012860.5820   19.3441
   -7.5000  -22.5000  -15.000013886.1377   19.3924
    0.0000  -22.5000  -15.000014522.2666   19.3633
    7.5000  -22.5000  -15.000013828.7217   19.3456
   -7.5000  -15.0000  -15.000014689.1787   19.4226
    0.0000  -15.0000  -15.000015378.1865   19.3919
    7.5000  -15.0000  -15.000014639.6689   19.3736
   -7.5000   -7.5000  -15.000015435.6699   19.4340
    0.0000   -7.5000  -15.000016100.4385   19.4146
    7.5000   -7.5000  -15.000015287.6865   19.3960
   -7.5000    0.0000  -15.000015986.8711   19.4205
    0.0000    0.0000  -15.000016668.0020   19.4120
    7.5000    0.0000  -15.000015805.8193   19.3918
   -7.5000    7.5000  -15.000015206.5264   19.3951
    0.0000    7.5000  -15.000015874.6865   19.3881
    7.5000    7.5000  -15.000015075.2754   19.3679
   -7.5000   15.0000  -15.000014289.0908   19.3784
    0.0000   15.0000  -15.000014924.4844   19.3621
    7.5000   15.0000  -15.000014179.0537   19.3441
   -7.5000   22.5000  -15.000013298.0508   19.3855
    0.0000   22.5000  -15.000013890.7061   19.3565
    7.5000   22.5000  -15.000013230.4629   19.3388
   -7.5000   30.0000  -15.000012168.9219   19.1713
    0.0000   30.0000  -15.000012725.2393   19.1409
    7.5000   30.0000  -15.000012128.5586   19.1229
   -7.5000   37.5000  -15.000011429.6787   19.1880
    0.0000   37.5000  -15.000011948.0713   19.1689
    7.5000   37.5000  -15.000011392.8623   19.1506
   -7.5000   45.0000  -15.000010323.4707   18.7876
    0.0000   45.0000  -15.000010767.2529   18.7792
    7.5000   45.0000  -15.000010266.4131   18.7589
   -7.5000  -45.0000   -7.500011935.1582   19.6767
    0.0000  -45.0000   -7.500012466.9209   19.6413
    7.5000  -45.0000   -7.500011889.1162   19.6039
   -7.5000  -37.5000   -7.500012545.1387   19.6532
    0.0000  -37.5000   -7.500013099.2881   19.6201
    7.5000  -37.5000   -7.500012484.5264   19.5856
   -7.5000  -30.0000   -7.500013616.1777   19.6332
    0.0000  -30.0000   -7.500014216.6416   19.5928
    7.5000  -30.0000   -7.500013546.2832   19.5638
   -7.5000  -22.5000   -7.500014629.8203   19.6421
    0.0000  -22.5000   -7.500015328.6689   19.5887
    7.5000  -22.5000   -7.500014591.4668   19.5602
   -7.5000  -15.0000   -7.500015558.4902   19.6706
    0.0000  -15.0000   -7.500016306.5195   19.6138
    7.5000  -15.0000   -7.500015531.5342   19.5810
   -7.5000   -7.5000   -7.500016359.8887   19.6852
    0.0000   -7.5000   -7.500017028.1582   19.6391
    7.5000   -7.5000   -7.500016199.2959   19.6031
   -7.5000    0.0000   -7.500016915.2520   19.6766
    0.0000    0.0000   -7.500017590.8555   19.6413
    7.5000    0.0000   -7.500016725.8574   19.6038
   -7.5000    7.5000   -7.500016054.8926   19.6532
    0.0000    7.5000   -7.500016750.5645   19.6201
    7.5000    7.5000   -7.500015913.6641   19.5856
   -7.5000   15.0000   -7.500015085.0068   19.6332
    0.0000   15.0000   -7.500015739.8613   19.5928
    7.5000   15.0000   -7.500014953.7852   19.5638
   -7.5000   22.5000   -7.500014025.5469   19.6331
    0.0000   22.5000   -7.500014639.1494   19.5797
    7.5000   22.5000   -7.500013893.7217   19.5511
   -7.5000   30.0000   -7.500012857.0264   19.4155
    0.0000   30.0000   -7.500013436.4951   19.3595
    7.5000   30.0000   -7.500012774.6465   19.3271
   -7.5000   37.5000   -7.500012080.0723   19.4350
    0.0000   37.5000   -7.500012643.6807   19.3894
    7.5000   37.5000   -7.500012025.1094   19.3539
   -7.5000   45.0000   -7.500010918.3711   19.0407
    0.0000   45.0000   -7.500011410.3682   19.0067
    7.5000   45.0000   -7.500010846.4268   18.9702
   -7.5000  -45.0000    0.000012452.7539   19.7320
    0.0000  -45.0000    0.000013027.6289   19.6811
    7.5000  -45.0000    0.000012444.6729   19.6384
   -7.5000  -37.5000    0.000013104.9365   19.7149
    0.0000  -37.5000    0.000013680.5127   19.6666
    7.5000  -37.5000    0.000013049.3389   19.6256
   -7.5000  -30.0000    0.000014219.8672   19.6965
    0.0000  -30.0000    0.000014815.4180   19.6434
    7.5000  -30.0000    0.000014137.0273   19.6105
   -7.5000  -22.5000    0.000015340.1523   19.7005
    0.0000  -22.5000    0.000016038.4258   19.6365
    7.5000  -22.5000    0.000015287.6699   19.6079
   -7.5000  -15.0000    0.000016462.0410   19.7228
    0.0000  -15.0000    0.000017281.2969   19.6542
    7.5000  -15.0000    0.000016402.1836   19.6221
   -7.5000   -7.5000    0.000017395.3066   19.7359
    0.0000   -7.5000    0.000018184.5312   19.6757
    7.5000   -7.5000    0.000017217.0254   19.6374
   -7.5000    0.0000    0.000017923.1543   19.7320
    0.0000    0.0000    0.000018666.1484   19.6811
    7.5000    0.0000    0.000017670.7734   19.6384
   -7.5000    7.5000    0.000016926.6191   19.7149
    0.0000    7.5000    0.000017623.4238   19.6666
    7.5000    7.5000    0.000016683.8535   19.6256
   -7.5000   15.0000    0.000015878.1377   19.6965
    0.0000   15.0000    0.000016551.7656   19.6434
    7.5000   15.0000    0.000015628.8838   19.6105
   -7.5000   22.5000    0.000014708.4629   19.6914
    0.0000   22.5000    0.000015363.0635   19.6275
    7.5000   22.5000    0.000014510.7119   19.5988
   -7.5000   30.0000    0.000013461.1455   19.4675
    0.0000   30.0000    0.000014076.6680   19.3998
    7.5000   30.0000    0.000013327.4102   19.3681
   -7.5000   37.5000    0.000012649.0615   19.4849
    0.0000   37.5000    0.000013246.9717   19.4254
    7.5000   37.5000    0.000012560.9062   19.3877
   -7.5000   45.0000    0.000011410.6748   19.0959
    0.0000   45.0000    0.000011939.5059   19.0469
    7.5000   45.0000    0.000011333.7588   19.0060
   -7.5000  -45.0000    7.500012050.8730   19.7151
    0.0000  -45.0000    7.500012615.7803   19.6779
    7.5000  -45.0000    7.500012037.0127   19.6482
   -7.5000  -37.5000    7.500012670.7920   19.7025
    0.0000  -37.5000    7.500013230.6670   19.6668
    7.5000  -37.5000    7.500012603.2568   19.6342
   -7.5000  -30.0000    7.500013753.8545   19.6900
    0.0000  -30.0000    7.500014361.3574   19.6500
    7.5000  -30.0000    7.500013654.5430   19.6240
   -7.5000  -22.5000    7.500014955.2568   19.6954
    0.0000  -22.5000    7.500015680.6406   19.6474
    7.5000  -22.5000    7.500014790.5020   19.6295
   -7.5000  -15.0000    7.500016153.1992   19.7132
    0.0000  -15.0000    7.500017101.5352   19.6618
    7.5000  -15.0000    7.500015919.4551   19.6454
   -7.5000   -7.5000    7.500017033.0508   19.7203
    0.0000   -7.5000    7.500017977.2305   19.6756
    7.5000   -7.5000    7.500016766.8242   19.6539
   -7.5000    0.0000    7.500017432.6953   19.7150
    0.0000    0.0000    7.500018301.8086   19.6779
    7.5000    0.0000    7.500017163.4336   19.6482
   -7.5000    7.5000    7.500016468.3066   19.7025
    0.0000    7.5000    7.500017208.2695   19.6668
    7.5000    7.5000    7.500016179.9756   19.6342
   -7.5000   15.0000    7.500015424.3379   19.6900
    0.0000   15.0000    7.500016079.3955   19.6500
    7.5000   15.0000    7.500015132.5771   19.6240
   -7.5000   22.5000    7.500014274.7090   19.6863
    0.0000   22.5000    7.500014861.8672   19.6383
    7.5000   22.5000    7.500014019.7646   19.6204
   -7.5000   30.0000    7.500013036.8740   19.4581
    0.0000   30.0000    7.500013585.4131   19.4073
    7.5000   30.0000    7.500012850.4170   19.3911
   -7.5000   37.5000    7.500012233.3691   19.4694
    0.0000   37.5000    7.500012757.6660   19.4253
    7.5000   37.5000    7.500012124.8789   19.4038
   -7.5000   45.0000    7.500011030.8721   19.0780
    0.0000   45.0000    7.500011521.2686   19.0419
    7.5000   45.0000    7.500010951.8984   19.0134
   -7.5000  -45.0000   15.000011559.9814   19.6854
    0.0000  -45.0000   15.000012104.6973   19.6740
    7.5000  -45.0000   15.000011495.9219   19.6600
   -7.5000  -37.5000   15.000012168.7666   19.6732
    0.0000  -37.5000   15.000012734.2412   19.6621
    7.5000  -37.5000   15.000012065.0068   19.6422
   -7.5000  -30.0000   15.000013214.2734   19.6659
    0.0000  -30.0000   15.000013822.7021   19.6486
    7.5000  -30.0000   15.000013072.3447   19.6317
   -7.5000  -22.5000   15.000014317.1738   19.6759
    0.0000  -22.5000   15.000015038.6660   19.6509
    7.5000  -22.5000   15.000014135.2695   19.6425
   -7.5000  -15.0000   15.000015302.8945   19.6933
    0.0000  -15.0000   15.000016171.1084   19.6666
    7.5000  -15.0000   15.000015107.8447   19.6639
   -7.5000   -7.5000   15.000015987.1270   19.6954
    0.0000   -7.5000   15.000016826.3887   19.6761
    7.5000   -7.5000   15.000015824.7705   19.6709
   -7.5000    0.0000   15.000016432.4199   19.6854
    0.0000    0.0000   15.000017221.6113   19.6739
    7.5000    0.0000   15.000016263.7725   19.6600
   -7.5000    7.5000   15.000015653.4131   19.6732
    0.0000    7.5000   15.000016361.2666   19.6621
    7.5000    7.5000   15.000015445.2559   19.6422
   -7.5000   15.0000   15.000014714.1084   19.6659
    0.0000   15.0000   15.000015325.4844   19.6486
    7.5000   15.0000   15.000014480.7939   19.6317
   -7.5000   22.5000   15.000013608.1924   19.6668
    0.0000   22.5000   15.000014156.3994   19.6418
    7.5000   22.5000   15.000013379.4473   19.6335
   -7.5000   30.0000   15.000012431.2637   19.4384
    0.0000   30.0000   15.000012910.7764   19.4121
    7.5000   30.0000   15.000012231.4219   19.4094
   -7.5000   37.5000   15.000011660.2295   19.4453
    0.0000   37.5000   15.000012117.0654   19.4263
    7.5000   37.5000   15.000011518.4736   19.4211
   -7.5000   45.0000   15.000010512.7158   19.0481
    0.0000   45.0000   15.000010958.7764   19.0363
    7.5000   45.0000   15.000010414.9893   19.0224
   -7.5000  -45.0000   22.500010856.5947   19.6792
    0.0000  -45.0000   22.500011385.4482   19.6808
    7.5000  -45.0000   22.500010800.7168   19.6707
   -7.5000  -37.5000   22.500011424.5762   19.6601
    0.0000  -37.5000   22.500011977.3154   19.6625
    7.5000  -37.5000   22.500011351.1895   19.6483
   -7.5000  -30.0000   22.500012405.2168   19.6498
    0.0000  -30.0000   22.500012983.2178   19.6435
    7.5000  -30.0000   22.500012304.9756   19.6303
   -7.5000  -22.5000   22.500013418.5312   19.6636
    0.0000  -22.5000   22.500014074.5293   19.6465
    7.5000  -22.5000   22.500013294.2471   19.6380
   -7.5000  -15.0000   22.500014252.7266   19.6876
    0.0000  -15.0000   22.500014991.7471   19.6693
    7.5000  -15.0000   22.500014187.0430   19.6651
   -7.5000   -7.5000   22.500014884.5000   19.6928
    0.0000   -7.5000   22.500015567.5723   19.6844
    7.5000   -7.5000   22.500014852.0195   19.6799
   -7.5000    0.0000   22.500015407.9756   19.6791
    0.0000    0.0000   22.500016058.4512   19.6808
    7.5000    0.0000   22.500015326.4814   19.6707
   -7.5000    7.5000   22.500014704.6973   19.6601
    0.0000    7.5000   22.500015317.4268   19.6625
    7.5000    7.5000   22.500014587.7168   19.6483
   -7.5000   15.0000   22.500013816.2979   19.6498
    0.0000   15.0000   22.500014364.1865   19.6435
    7.5000   15.0000   22.500013673.6455   19.6303
   -7.5000   22.5000   22.500012766.5059   19.6545
    0.0000   22.5000   22.500013262.8691   19.6375
    7.5000   22.5000   22.500012615.2305   19.6289
   -7.5000   30.0000   22.500011671.1768   19.4328
    0.0000   30.0000   22.500012124.3984   19.4147
    7.5000   30.0000   22.500011508.7441   19.4106
   -7.5000   37.5000   22.500010964.1074   19.4433
    0.0000   37.5000   22.500011404.0859   19.4351
    7.5000   37.5000   22.500010835.4199   19.4306
   -7.5000   45.0000   22.5000 9879.3633   19.0418
    0.0000   45.0000   22.500010293.4736   19.0428
    7.5000   45.0000   22.5000 9782.6416   19.0322
   -7.5000  -45.0000   30.000010084.5381   19.8760
    0.0000  -45.0000   30.000010543.9561   19.8673
    7.5000  -45.0000   30.000010039.7930   19.8464
   -7.5000  -37.5000   30.000010609.5518   19.8496
    0.0000  -37.5000   30.000011091.6104   19.8426
    7.5000  -37.5000   30.000010578.4863   19.8216
   -7.5000  -30.0000   30.000011517.3877   19.8321
    0.0000  -30.0000   30.000012016.6025   19.8155
    7.5000  -30.0000   30.000011469.1123   19.7966
   -7.5000  -22.5000   30.000012448.0986   19.8463
    0.0000  -22.5000   30.000013020.4658   19.8164
    7.5000  -22.5000   30.000012403.1553   19.7979
   -7.5000  -15.0000   30.000013222.2549   19.8776
    0.0000  -15.0000   30.000013827.9922   19.8459
    7.5000  -15.0000   30.000013211.2832   19.8270
   -7.5000   -7.5000   30.000013809.4307   19.8896
    0.0000   -7.5000   30.000014401.8252   19.8698
    7.5000   -7.5000   30.000013816.6797   19.8505
   -7.5000    0.0000   30.000014328.3623   19.8759
    0.0000    0.0000   30.000014925.7334   19.8673
    7.5000    0.0000   30.000014294.4424   19.8464
   -7.5000    7.5000   30.000013703.4189   19.8496
    0.0000    7.5000   30.000014261.0400   19.8426
    7.5000    7.5000   30.000013626.8633   19.8216
   -7.5000   15.0000   30.000012859.1289   19.8321
    0.0000   15.0000   30.000013375.2422   19.8155
    7.5000   15.0000   30.000012768.2881   19.7966
   -7.5000   22.5000   30.000011891.9883   19.8371
    0.0000   22.5000   30.000012351.6709   19.8073
    7.5000   22.5000   30.000011775.0947   19.7887
   -7.5000   30.0000   30.000010856.6904   19.6203
    0.0000   30.0000   30.000011273.0088   19.5891
    7.5000   30.0000   30.000010732.0908   19.5704
   -7.5000   37.5000   30.000010218.3145   19.6379
    0.0000   37.5000   30.000010630.0322   19.6184
    7.5000   37.5000   30.000010117.4492   19.5994
   -7.5000   45.0000   30.0000 9180.3086   19.2340
    0.0000   45.0000   30.0000 9538.3477   19.2255
    7.5000   45.0000   30.0000 9096.3398   19.2044
   -7.5000  -45.0000   37.5000 9664.6562   20.2484
    0.0000  -45.0000   37.500010121.6953   20.2141
    7.5000  -45.0000   37.5000 9644.6182   20.1768
   -7.5000  -37.5000   37.500010157.1533   20.2252
    0.0000  -37.5000   37.500010631.5518   20.1937
    7.5000  -37.5000   37.500010153.6660   20.1595
   -7.5000  -30.0000   37.500011073.0664   20.2034
    0.0000  -30.0000   37.500011583.4414   20.1644
    7.5000  -30.0000   37.500011059.1973   20.1361
   -7.5000  -22.5000   37.500011972.8379   20.2102
    0.0000  -22.5000   37.500012523.4580   20.1572
    7.5000  -22.5000   37.500011957.7988   20.1297
   -7.5000  -15.0000   37.500012695.1113   20.2384
    0.0000  -15.0000   37.500013252.9922   20.1815
    7.5000  -15.0000   37.500012681.6963   20.1495
   -7.5000   -7.5000   37.500013251.1680   20.2548
    0.0000   -7.5000   37.500013816.0264   20.2090
    7.5000   -7.5000   37.500013239.2461   20.1733
   -7.5000    0.0000   37.500013742.2783   20.2483
    0.0000    0.0000   37.500014309.8770   20.2141
    7.5000    0.0000   37.500013717.2148   20.1768
   -7.5000    7.5000   37.500013159.6309   20.2252
    0.0000    7.5000   37.500013708.1074   20.1937
    7.5000    7.5000   37.500013109.8320   20.1595
   -7.5000   15.0000   37.500012381.7344   20.2034
    0.0000   15.0000   37.500012903.4463   20.1644
    7.5000   15.0000   37.500012317.5713   20.1361
   -7.5000   22.5000   37.500011466.3506   20.2009
    0.0000   22.5000   37.500011941.5391   20.1479
    7.5000   22.5000   37.500011374.2686   20.1204
   -7.5000   30.0000   37.500010484.2529   19.9765
    0.0000   30.0000   37.500010903.9736   19.9203
    7.5000   30.0000   37.500010375.3525   19.8887
   -7.5000   37.5000   37.5000 9854.6504   19.9980
    0.0000   37.5000   37.500010252.6182   19.9528
    7.5000   37.5000   37.5000 9761.6885   19.9176
   -7.5000   45.0000   37.5000 8843.6064   19.5975
    0.0000   45.0000   37.5000 9200.3262   19.5645
    7.5000   45.0000   37.5000 8786.4893   19.5282
   -7.5000  -45.0000   45.0000 8839.6455   20.6786
    0.0000  -45.0000   45.0000 9261.0254   20.6316
    7.5000  -45.0000   45.0000 8852.2363   20.5909
   -7.5000  -37.5000   45.0000 9339.4150   20.6587
    0.0000  -37.5000   45.0000 9778.6924   20.6167
    7.5000  -37.5000   45.0000 9346.4980   20.5783
   -7.5000  -30.0000   45.000010168.5674   20.6364
    0.0000  -30.0000   45.000010640.2393   20.5901
    7.5000  -30.0000   45.000010174.2334   20.5600
   -7.5000  -22.5000   45.000010978.6318   20.6402
    0.0000  -22.5000   45.000011488.4570   20.5801
    7.5000  -22.5000   45.000010969.9990   20.5535
   -7.5000  -15.0000   45.000011646.8232   20.6659
    0.0000  -15.0000   45.000012154.8242   20.5986
    7.5000  -15.0000   45.000011631.3623   20.5674
   -7.5000   -7.5000   45.000012182.8613   20.6821
    0.0000   -7.5000   45.000012712.6367   20.6235
    7.5000   -7.5000   45.000012166.0400   20.5864
   -7.5000    0.0000   45.000012622.0840   20.6786
    0.0000    0.0000   45.000013165.4189   20.6316
    7.5000    0.0000   45.000012606.6221   20.5909
   -7.5000    7.5000   45.000012086.4043   20.6587
    0.0000    7.5000   45.000012609.0186   20.6167
    7.5000    7.5000   45.000012063.1377   20.5783
   -7.5000   15.0000   45.000011384.8867   20.6364
    0.0000   15.0000   45.000011891.8184   20.5901
    7.5000   15.0000   45.000011376.0654   20.5600
   -7.5000   22.5000   45.000010555.8721   20.6306
    0.0000   22.5000   45.000011013.5791   20.5705
    7.5000   22.5000   45.000010507.2324   20.5439
   -7.5000   30.0000   45.0000 9640.3408   20.3967
    0.0000   30.0000   45.000010044.6709   20.3302
    7.5000   30.0000   45.0000 9564.8086   20.2994
   -7.5000   37.5000   45.0000 9045.1152   20.4161
    0.0000   37.5000   45.0000 9432.9209   20.3582
    7.5000   37.5000   45.0000 8986.0449   20.3216
   -7.5000   45.0000   45.0000 8127.2334   20.0121
    0.0000   45.0000   45.0000 8475.1113   19.9670
    7.5000   45.0000   45.0000 8100.7793   19.9282

---------------------------------------------------------------------
imgreg_4dfp /opt/freesurfer/average/711-2C_as_mni_average_305 /opt/freesurfer/average/711-2B_as_mni_average_305_mask talsrcimg_g11 none talsrcimg_to_711-2C_as_mni_average_305_t4 4355
---------------------------------------------------------------------

freesurfer imgreg_4dfp.c
/opt/freesurfer/average/711-2C_as_mni_average_305.4dfp.img
       256       256       256         1
  1.000000  1.000000  1.000000
orientation T byte_order littleendian
Reading image: /opt/freesurfer/average/711-2C_as_mni_average_305.4dfp.img
dimensions:      256       256       256
mmppix:       1.0000   -1.0000   -1.0000
center:     128.0000 -129.0000 -129.0000
/opt/freesurfer/average/711-2B_as_mni_average_305_mask.4dfp.img
       256       256       256         1
  1.000000  1.000000  1.000000
orientation T byte_order littleendian
Reading mask: /opt/freesurfer/average/711-2B_as_mni_average_305_mask.4dfp.img (2306576 pixels)
talsrcimg_g11.4dfp.img
       256       256       256         1
  1.000000  1.000000  1.000000
orientation T byte_order littleendian
Reading image: talsrcimg_g11.4dfp.img
dimensions:      256       256       256
mmppix:       1.0000   -1.0000   -1.0000
center:     128.0000 -129.0000 -129.0000
rotation matrix determinant  1.000000
image alignment mode   4355 decimal     1103 hex
   -7.5000  -45.0000  -45.0000 2259.8677   18.1633
    0.0000  -45.0000  -45.0000 2279.7170   18.0075
    7.5000  -45.0000  -45.0000 2270.5220   18.0795
   -7.5000  -37.5000  -45.0000 2329.2319   17.0276
    0.0000  -37.5000  -45.0000 2346.9216   16.8524
    7.5000  -37.5000  -45.0000 2334.5176   16.9242
   -7.5000  -30.0000  -45.0000 2367.9033   16.2675
    0.0000  -30.0000  -45.0000 2390.9568   16.1029
    7.5000  -30.0000  -45.0000 2374.9402   16.1927
   -7.5000  -22.5000  -45.0000 2388.4512   15.8844
    0.0000  -22.5000  -45.0000 2412.9675   15.6985
    7.5000  -22.5000  -45.0000 2399.4551   15.7761
   -7.5000  -15.0000  -45.0000 2399.0173   15.7213
    0.0000  -15.0000  -45.0000 2421.1255   15.5038
    7.5000  -15.0000  -45.0000 2407.1770   15.5954
   -7.5000   -7.5000  -45.0000 2399.3086   15.8291
    0.0000   -7.5000  -45.0000 2423.7524   15.6358
    7.5000   -7.5000  -45.0000 2410.9141   15.6999
   -7.5000    0.0000  -45.0000 2379.4609   16.2817
    0.0000    0.0000  -45.0000 2404.9795   16.0872
    7.5000    0.0000  -45.0000 2392.9487   16.1704
   -7.5000    7.5000  -45.0000 2340.1692   16.9715
    0.0000    7.5000  -45.0000 2368.3276   16.7833
    7.5000    7.5000  -45.0000 2355.6401   16.8407
   -7.5000   15.0000  -45.0000 2283.4814   17.9184
    0.0000   15.0000  -45.0000 2312.1047   17.7109
    7.5000   15.0000  -45.0000 2298.4919   17.7626
   -7.5000   22.5000  -45.0000 2211.6604   19.1384
    0.0000   22.5000  -45.0000 2237.8059   18.8849
    7.5000   22.5000  -45.0000 2220.5120   18.9856
   -7.5000   30.0000  -45.0000 2120.9048   20.8468
    0.0000   30.0000  -45.0000 2142.8533   20.5421
    7.5000   30.0000  -45.0000 2125.6704   20.7293
   -7.5000   37.5000  -45.0000 2013.6003   23.1627
    0.0000   37.5000  -45.0000 2030.2510   22.8177
    7.5000   37.5000  -45.0000 2018.4709   23.0346
   -7.5000   45.0000  -45.0000 1887.5387   26.2275
    0.0000   45.0000  -45.0000 1913.4773   25.8643
    7.5000   45.0000  -45.0000 1898.7644   26.0786
   -7.5000  -45.0000  -37.5000 2351.9592   17.0122
    0.0000  -45.0000  -37.5000 2372.3423   16.9277
    7.5000  -45.0000  -37.5000 2356.0691   16.9593
   -7.5000  -37.5000  -37.5000 2428.7515   15.8645
    0.0000  -37.5000  -37.5000 2446.6284   15.7646
    7.5000  -37.5000  -37.5000 2430.3254   15.8434
   -7.5000  -30.0000  -37.5000 2465.7241   15.1446
    0.0000  -30.0000  -37.5000 2489.6074   15.0025
    7.5000  -30.0000  -37.5000 2471.3254   15.0793
   -7.5000  -22.5000  -37.5000 2490.8008   14.7511
    0.0000  -22.5000  -37.5000 2516.6418   14.5582
    7.5000  -22.5000  -37.5000 2498.6311   14.6676
   -7.5000  -15.0000  -37.5000 2499.4519   14.5925
    0.0000  -15.0000  -37.5000 2525.0051   14.4021
    7.5000  -15.0000  -37.5000 2509.7229   14.5176
   -7.5000   -7.5000  -37.5000 2499.3735   14.6774
    0.0000   -7.5000  -37.5000 2525.6018   14.5015
    7.5000   -7.5000  -37.5000 2510.1780   14.5787
   -7.5000    0.0000  -37.5000 2480.4136   15.0846
    0.0000    0.0000  -37.5000 2509.6355   14.9057
    7.5000    0.0000  -37.5000 2495.5588   14.9858
   -7.5000    7.5000  -37.5000 2441.3188   15.6810
    0.0000    7.5000  -37.5000 2471.2898   15.5193
    7.5000    7.5000  -37.5000 2455.9539   15.5714
   -7.5000   15.0000  -37.5000 2383.7546   16.5071
    0.0000   15.0000  -37.5000 2413.6138   16.3770
    7.5000   15.0000  -37.5000 2393.2712   16.4253
   -7.5000   22.5000  -37.5000 2308.0750   17.6266
    0.0000   22.5000  -37.5000 2335.7632   17.4693
    7.5000   22.5000  -37.5000 2314.0115   17.5636
   -7.5000   30.0000  -37.5000 2210.8604   19.1849
    0.0000   30.0000  -37.5000 2233.1284   19.0049
    7.5000   30.0000  -37.5000 2215.1536   19.1551
   -7.5000   37.5000  -37.5000 2093.7654   21.3072
    0.0000   37.5000  -37.5000 2118.1013   21.0866
    7.5000   37.5000  -37.5000 2096.3586   21.2724
   -7.5000   45.0000  -37.5000 1968.1869   24.0918
    0.0000   45.0000  -37.5000 1994.4996   23.8247
    7.5000   45.0000  -37.5000 1974.3763   24.0089
   -7.5000  -45.0000  -30.0000 2475.2100   16.5411
    0.0000  -45.0000  -30.0000 2495.8049   16.4494
    7.5000  -45.0000  -30.0000 2476.6091   16.5246
   -7.5000  -37.5000  -30.0000 2559.7693   15.3702
    0.0000  -37.5000  -30.0000 2577.2224   15.2815
    7.5000  -37.5000  -30.0000 2557.7417   15.3505
   -7.5000  -30.0000  -30.0000 2601.9619   14.6384
    0.0000  -30.0000  -30.0000 2623.2561   14.5221
    7.5000  -30.0000  -30.0000 2605.3296   14.5851
   -7.5000  -22.5000  -30.0000 2637.0249   14.1984
    0.0000  -22.5000  -30.0000 2653.9167   14.0777
    7.5000  -22.5000  -30.0000 2638.5840   14.1625
   -7.5000  -15.0000  -30.0000 2650.7161   14.0352
    0.0000  -15.0000  -30.0000 2671.2856   13.9034
    7.5000  -15.0000  -30.0000 2653.1104   14.0213
   -7.5000   -7.5000  -30.0000 2651.7615   14.1311
    0.0000   -7.5000  -30.0000 2675.3108   14.0093
    7.5000   -7.5000  -30.0000 2654.8308   14.1102
   -7.5000    0.0000  -30.0000 2631.0020   14.4784
    0.0000    0.0000  -30.0000 2663.2278   14.3719
    7.5000    0.0000  -30.0000 2639.0791   14.4544
   -7.5000    7.5000  -30.0000 2594.5769   15.0294
    0.0000    7.5000  -30.0000 2622.1470   14.9092
    7.5000    7.5000  -30.0000 2601.9978   15.0104
   -7.5000   15.0000  -30.0000 2532.7380   15.7888
    0.0000   15.0000  -30.0000 2562.7854   15.6547
    7.5000   15.0000  -30.0000 2538.0420   15.7583
   -7.5000   22.5000  -30.0000 2451.0149   16.8669
    0.0000   22.5000  -30.0000 2473.4412   16.7201
    7.5000   22.5000  -30.0000 2449.6729   16.8272
   -7.5000   30.0000  -30.0000 2341.1592   18.3563
    0.0000   30.0000  -30.0000 2363.0137   18.1908
    7.5000   30.0000  -30.0000 2339.5676   18.3695
   -7.5000   37.5000  -30.0000 2213.3711   20.3135
    0.0000   37.5000  -30.0000 2236.1240   20.1808
    7.5000   37.5000  -30.0000 2214.4207   20.3688
   -7.5000   45.0000  -30.0000 2082.8640   22.9639
    0.0000   45.0000  -30.0000 2102.1533   22.7865
    7.5000   45.0000  -30.0000 2086.4675   22.9667
   -7.5000  -45.0000  -22.5000 2561.3579   16.0326
    0.0000  -45.0000  -22.5000 2583.4487   15.9361
    7.5000  -45.0000  -22.5000 2564.9902   16.0048
   -7.5000  -37.5000  -22.5000 2649.1519   14.8404
    0.0000  -37.5000  -22.5000 2667.2971   14.7364
    7.5000  -37.5000  -22.5000 2649.3364   14.8178
   -7.5000  -30.0000  -22.5000 2706.2139   14.0251
    0.0000  -30.0000  -22.5000 2728.9636   13.9234
    7.5000  -30.0000  -22.5000 2710.9932   13.9914
   -7.5000  -22.5000  -22.5000 2745.7966   13.5868
    0.0000  -22.5000  -22.5000 2767.2595   13.4736
    7.5000  -22.5000  -22.5000 2748.9856   13.5614
   -7.5000  -15.0000  -22.5000 2766.5266   13.4001
    0.0000  -15.0000  -22.5000 2787.0032   13.2916
    7.5000  -15.0000  -22.5000 2768.2966   13.3872
   -7.5000   -7.5000  -22.5000 2771.5271   13.4595
    0.0000   -7.5000  -22.5000 2797.3884   13.3697
    7.5000   -7.5000  -22.5000 2772.8418   13.4624
   -7.5000    0.0000  -22.5000 2754.8516   13.8050
    0.0000    0.0000  -22.5000 2785.6228   13.7058
    7.5000    0.0000  -22.5000 2757.0266   13.8178
   -7.5000    7.5000  -22.5000 2716.1172   14.3308
    0.0000    7.5000  -22.5000 2746.2773   14.2204
    7.5000    7.5000  -22.5000 2720.2041   14.3262
   -7.5000   15.0000  -22.5000 2647.9565   15.0210
    0.0000   15.0000  -22.5000 2678.7966   14.8873
    7.5000   15.0000  -22.5000 2653.2766   15.0048
   -7.5000   22.5000  -22.5000 2562.3379   16.0263
    0.0000   22.5000  -22.5000 2587.0627   15.9010
    7.5000   22.5000  -22.5000 2561.5562   16.0377
   -7.5000   30.0000  -22.5000 2441.4512   17.4748
    0.0000   30.0000  -22.5000 2464.3767   17.3417
    7.5000   30.0000  -22.5000 2440.2737   17.4940
   -7.5000   37.5000  -22.5000 2310.8792   19.3622
    0.0000   37.5000  -22.5000 2334.0979   19.2456
    7.5000   37.5000  -22.5000 2308.9465   19.4186
   -7.5000   45.0000  -22.5000 2170.6562   21.8293
    0.0000   45.0000  -22.5000 2188.0901   21.6922
    7.5000   45.0000  -22.5000 2174.0999   21.8986
   -7.5000  -45.0000  -15.0000 2602.2747   15.6140
    0.0000  -45.0000  -15.0000 2624.7283   15.4718
    7.5000  -45.0000  -15.0000 2608.9907   15.5755
   -7.5000  -37.5000  -15.0000 2696.4753   14.3842
    0.0000  -37.5000  -15.0000 2719.1553   14.2420
    7.5000  -37.5000  -15.0000 2703.9233   14.3462
   -7.5000  -30.0000  -15.0000 2772.9263   13.5211
    0.0000  -30.0000  -15.0000 2798.1199   13.3926
    7.5000  -30.0000  -15.0000 2776.1797   13.4801
   -7.5000  -22.5000  -15.0000 2818.1909   13.0104
    0.0000  -22.5000  -15.0000 2845.3457   12.8986
    7.5000  -22.5000  -15.0000 2828.8379   12.9876
   -7.5000  -15.0000  -15.0000 2842.9001   12.8127
    0.0000  -15.0000  -15.0000 2873.9861   12.6883
    7.5000  -15.0000  -15.0000 2852.6477   12.7936
   -7.5000   -7.5000  -15.0000 2859.6079   12.8525
    0.0000   -7.5000  -15.0000 2892.0955   12.7033
    7.5000   -7.5000  -15.0000 2859.7820   12.8152
   -7.5000    0.0000  -15.0000 2844.6230   13.1764
    0.0000    0.0000  -15.0000 2875.8550   13.0487
    7.5000    0.0000  -15.0000 2842.7917   13.1438
   -7.5000    7.5000  -15.0000 2796.2705   13.6792
    0.0000    7.5000  -15.0000 2834.0679   13.5507
    7.5000    7.5000  -15.0000 2803.1860   13.6422
   -7.5000   15.0000  -15.0000 2723.2429   14.3147
    0.0000   15.0000  -15.0000 2760.0015   14.1943
    7.5000   15.0000  -15.0000 2732.8149   14.2948
   -7.5000   22.5000  -15.0000 2630.4272   15.2856
    0.0000   22.5000  -15.0000 2660.3333   15.1599
    7.5000   22.5000  -15.0000 2635.6978   15.3018
   -7.5000   30.0000  -15.0000 2511.7449   16.6683
    0.0000   30.0000  -15.0000 2537.8955   16.5464
    7.5000   30.0000  -15.0000 2510.2639   16.6949
   -7.5000   37.5000  -15.0000 2375.8997   18.5771
    0.0000   37.5000  -15.0000 2402.5652   18.4320
    7.5000   37.5000  -15.0000 2378.0029   18.5743
   -7.5000   45.0000  -15.0000 2228.7671   20.9668
    0.0000   45.0000  -15.0000 2248.2766   20.7889
    7.5000   45.0000  -15.0000 2229.7690   20.9774
   -7.5000  -45.0000   -7.5000 2615.4844   15.2723
    0.0000  -45.0000   -7.5000 2641.3269   15.0757
    7.5000  -45.0000   -7.5000 2624.9934   15.2025
   -7.5000  -37.5000   -7.5000 2709.9614   14.0419
    0.0000  -37.5000   -7.5000 2741.0073   13.8447
    7.5000  -37.5000   -7.5000 2725.5300   13.9505
   -7.5000  -30.0000   -7.5000 2797.4836   13.1220
    0.0000  -30.0000   -7.5000 2829.1409   12.9655
    7.5000  -30.0000   -7.5000 2812.4019   13.0686
   -7.5000  -22.5000   -7.5000 2858.1455   12.5775
    0.0000  -22.5000   -7.5000 2894.1084   12.4245
    7.5000  -22.5000   -7.5000 2871.4941   12.5371
   -7.5000  -15.0000   -7.5000 2893.4109   12.3503
    0.0000  -15.0000   -7.5000 2932.4771   12.2110
    7.5000  -15.0000   -7.5000 2908.4011   12.3373
   -7.5000   -7.5000   -7.5000 2914.7603   12.3838
    0.0000   -7.5000   -7.5000 2951.8423   12.1955
    7.5000   -7.5000   -7.5000 2918.3201   12.3531
   -7.5000    0.0000   -7.5000 2904.1084   12.6437
    0.0000    0.0000   -7.5000 2938.9954   12.4427
    7.5000    0.0000   -7.5000 2901.4705   12.6153
   -7.5000    7.5000   -7.5000 2855.2803   13.1217
    0.0000    7.5000   -7.5000 2894.0227   12.9428
    7.5000    7.5000   -7.5000 2862.7700   13.0753
   -7.5000   15.0000   -7.5000 2781.8364   13.7525
    0.0000   15.0000   -7.5000 2816.2493   13.6068
    7.5000   15.0000   -7.5000 2789.2324   13.7290
   -7.5000   22.5000   -7.5000 2683.7136   14.6981
    0.0000   22.5000   -7.5000 2714.3208   14.5162
    7.5000   22.5000   -7.5000 2686.1704   14.6923
   -7.5000   30.0000   -7.5000 2558.0364   16.1038
    0.0000   30.0000   -7.5000 2587.4392   15.9090
    7.5000   30.0000   -7.5000 2557.5679   16.0790
   -7.5000   37.5000   -7.5000 2419.3652   17.9614
    0.0000   37.5000   -7.5000 2448.3794   17.7543
    7.5000   37.5000   -7.5000 2419.4248   17.9326
   -7.5000   45.0000   -7.5000 2270.0620   20.2579
    0.0000   45.0000   -7.5000 2290.7368   20.0605
    7.5000   45.0000   -7.5000 2268.0427   20.2381
   -7.5000  -45.0000    0.0000 2605.9402   15.1123
    0.0000  -45.0000    0.0000 2631.1321   14.9005
    7.5000  -45.0000    0.0000 2622.5647   15.0549
   -7.5000  -37.5000    0.0000 2709.3843   13.8713
    0.0000  -37.5000    0.0000 2737.3140   13.6512
    7.5000  -37.5000    0.0000 2724.1299   13.7906
   -7.5000  -30.0000    0.0000 2800.7637   12.9658
    0.0000  -30.0000    0.0000 2831.2998   12.7751
    7.5000  -30.0000    0.0000 2817.3975   12.9167
   -7.5000  -22.5000    0.0000 2874.0581   12.4154
    0.0000  -22.5000    0.0000 2909.7471   12.2202
    7.5000  -22.5000    0.0000 2891.9573   12.3356
   -7.5000  -15.0000    0.0000 2927.2429   12.1719
    0.0000  -15.0000    0.0000 2969.7173   12.0120
    7.5000  -15.0000    0.0000 2942.7576   12.1184
   -7.5000   -7.5000    0.0000 2950.2366   12.2151
    0.0000   -7.5000    0.0000 2994.8481   12.0312
    7.5000   -7.5000    0.0000 2956.5166   12.1746
   -7.5000    0.0000    0.0000 2934.5996   12.4030
    0.0000    0.0000    0.0000 2972.6575   12.2127
    7.5000    0.0000    0.0000 2928.9929   12.3710
   -7.5000    7.5000    0.0000 2888.5884   12.7592
    0.0000    7.5000    0.0000 2921.9177   12.5829
    7.5000    7.5000    0.0000 2885.1709   12.7287
   -7.5000   15.0000    0.0000 2813.7129   13.3871
    0.0000   15.0000    0.0000 2844.8904   13.2229
    7.5000   15.0000    0.0000 2811.2212   13.3649
   -7.5000   22.5000    0.0000 2711.9949   14.3907
    0.0000   22.5000    0.0000 2741.6846   14.2070
    7.5000   22.5000    0.0000 2710.7654   14.3405
   -7.5000   30.0000    0.0000 2582.9031   15.7511
    0.0000   30.0000    0.0000 2610.3647   15.5674
    7.5000   30.0000    0.0000 2579.9238   15.7162
   -7.5000   37.5000    0.0000 2443.0063   17.5318
    0.0000   37.5000    0.0000 2468.6926   17.3538
    7.5000   37.5000    0.0000 2440.7371   17.4897
   -7.5000   45.0000    0.0000 2286.7280   19.7806
    0.0000   45.0000    0.0000 2307.4397   19.6110
    7.5000   45.0000    0.0000 2288.1565   19.7436
   -7.5000  -45.0000    7.5000 2584.5825   15.1679
    0.0000  -45.0000    7.5000 2609.0557   14.9541
    7.5000  -45.0000    7.5000 2600.2947   15.1191
   -7.5000  -37.5000    7.5000 2686.7368   13.9212
    0.0000  -37.5000    7.5000 2712.6772   13.7159
    7.5000  -37.5000    7.5000 2703.2986   13.8750
   -7.5000  -30.0000    7.5000 2785.1787   13.0241
    0.0000  -30.0000    7.5000 2815.9961   12.8444
    7.5000  -30.0000    7.5000 2800.1577   12.9730
   -7.5000  -22.5000    7.5000 2874.3645   12.4437
    0.0000  -22.5000    7.5000 2910.4158   12.2818
    7.5000  -22.5000    7.5000 2885.9487   12.3920
   -7.5000  -15.0000    7.5000 2939.7100   12.2083
    0.0000  -15.0000    7.5000 2980.5220   12.0959
    7.5000  -15.0000    7.5000 2944.3850   12.1399
   -7.5000   -7.5000    7.5000 2965.8596   12.2155
    0.0000   -7.5000    7.5000 3016.1392   12.1260
    7.5000   -7.5000    7.5000 2966.4199   12.1731
   -7.5000    0.0000    7.5000 2944.0520   12.2984
    0.0000    0.0000    7.5000 2988.7019   12.1840
    7.5000    0.0000    7.5000 2937.7720   12.3227
   -7.5000    7.5000    7.5000 2894.6934   12.6287
    0.0000    7.5000    7.5000 2924.8147   12.4827
    7.5000    7.5000    7.5000 2886.1592   12.6498
   -7.5000   15.0000    7.5000 2822.1562   13.2900
    0.0000   15.0000    7.5000 2845.0125   13.1276
    7.5000   15.0000    7.5000 2808.7153   13.3026
   -7.5000   22.5000    7.5000 2718.4619   14.2870
    0.0000   22.5000    7.5000 2740.5608   14.1202
    7.5000   22.5000    7.5000 2710.7888   14.2701
   -7.5000   30.0000    7.5000 2588.2102   15.6144
    0.0000   30.0000    7.5000 2613.2644   15.4466
    7.5000   30.0000    7.5000 2584.7805   15.5906
   -7.5000   37.5000    7.5000 2445.9795   17.3381
    0.0000   37.5000    7.5000 2468.0876   17.1736
    7.5000   37.5000    7.5000 2444.4910   17.3428
   -7.5000   45.0000    7.5000 2287.9517   19.5785
    0.0000   45.0000    7.5000 2311.7971   19.4173
    7.5000   45.0000    7.5000 2288.9263   19.5699
   -7.5000  -45.0000   15.0000 2544.8899   15.5471
    0.0000  -45.0000   15.0000 2568.1638   15.3433
    7.5000  -45.0000   15.0000 2559.8896   15.5008
   -7.5000  -37.5000   15.0000 2650.4302   14.2498
    0.0000  -37.5000   15.0000 2675.1418   14.0754
    7.5000  -37.5000   15.0000 2664.2964   14.2117
   -7.5000  -30.0000   15.0000 2755.9773   13.2878
    0.0000  -30.0000   15.0000 2786.4900   13.1400
    7.5000  -30.0000   15.0000 2764.2556   13.2797
   -7.5000  -22.5000   15.0000 2850.8186   12.6408
    0.0000  -22.5000   15.0000 2885.9604   12.5062
    7.5000  -22.5000   15.0000 2859.4958   12.6414
   -7.5000  -15.0000   15.0000 2918.5889   12.3398
    0.0000  -15.0000   15.0000 2959.2339   12.2536
    7.5000  -15.0000   15.0000 2921.1470   12.3219
   -7.5000   -7.5000   15.0000 2951.9399   12.1902
    0.0000   -7.5000   15.0000 3000.0881   12.1312
    7.5000   -7.5000   15.0000 2947.6724   12.2399
   -7.5000    0.0000   15.0000 2933.1235   12.2799
    0.0000    0.0000   15.0000 2970.1853   12.1693
    7.5000    0.0000   15.0000 2923.5708   12.3847
   -7.5000    7.5000   15.0000 2882.9429   12.7623
    0.0000    7.5000   15.0000 2911.0571   12.6292
    7.5000    7.5000   15.0000 2869.6448   12.8279
   -7.5000   15.0000   15.0000 2802.3047   13.5086
    0.0000   15.0000   15.0000 2822.4646   13.3675
    7.5000   15.0000   15.0000 2787.6064   13.5442
   -7.5000   22.5000   15.0000 2692.7561   14.5428
    0.0000   22.5000   15.0000 2711.4045   14.3792
    7.5000   22.5000   15.0000 2680.9854   14.5260
   -7.5000   30.0000   15.0000 2564.2949   15.8608
    0.0000   30.0000   15.0000 2582.5088   15.6778
    7.5000   30.0000   15.0000 2559.9846   15.8120
   -7.5000   37.5000   15.0000 2425.5576   17.5103
    0.0000   37.5000   15.0000 2447.1125   17.2934
    7.5000   37.5000   15.0000 2424.5376   17.4716
   -7.5000   45.0000   15.0000 2272.5874   19.6276
    0.0000   45.0000   15.0000 2297.7695   19.4202
    7.5000   45.0000   15.0000 2273.3679   19.5878
   -7.5000  -45.0000   22.5000 2503.6677   16.0700
    0.0000  -45.0000   22.5000 2526.4912   15.8804
    7.5000  -45.0000   22.5000 2506.6821   16.0706
   -7.5000  -37.5000   22.5000 2610.4175   14.7164
    0.0000  -37.5000   22.5000 2635.6560   14.5475
    7.5000  -37.5000   22.5000 2617.6621   14.7376
   -7.5000  -30.0000   22.5000 2712.3403   13.7280
    0.0000  -30.0000   22.5000 2744.8230   13.5334
    7.5000  -30.0000   22.5000 2719.5061   13.7334
   -7.5000  -22.5000   22.5000 2809.0789   13.0610
    0.0000  -22.5000   22.5000 2846.7478   12.8910
    7.5000  -22.5000   22.5000 2813.1836   13.0701
   -7.5000  -15.0000   22.5000 2874.0020   12.6817
    0.0000  -15.0000   22.5000 2920.3130   12.5506
    7.5000  -15.0000   22.5000 2878.4783   12.7046
   -7.5000   -7.5000   22.5000 2909.3533   12.4771
    0.0000   -7.5000   22.5000 2952.0979   12.3166
    7.5000   -7.5000   22.5000 2904.9131   12.5786
   -7.5000    0.0000   22.5000 2900.3445   12.6245
    0.0000    0.0000   22.5000 2933.4211   12.4477
    7.5000    0.0000   22.5000 2889.9507   12.7159
   -7.5000    7.5000   22.5000 2848.8333   13.1302
    0.0000    7.5000   22.5000 2877.3015   12.9801
    7.5000    7.5000   22.5000 2840.3489   13.1755
   -7.5000   15.0000   22.5000 2761.9785   13.8942
    0.0000   15.0000   22.5000 2785.2961   13.7296
    7.5000   15.0000   22.5000 2758.0918   13.9026
   -7.5000   22.5000   22.5000 2649.4065   14.9410
    0.0000   22.5000   22.5000 2668.1409   14.7745
    7.5000   22.5000   22.5000 2645.2817   14.9122
   -7.5000   30.0000   22.5000 2523.8513   16.2619
    0.0000   30.0000   22.5000 2541.0859   16.1159
    7.5000   30.0000   22.5000 2519.2136   16.2552
   -7.5000   37.5000   22.5000 2389.9336   17.8996
    0.0000   37.5000   22.5000 2408.9246   17.7664
    7.5000   37.5000   22.5000 2388.7380   17.8959
   -7.5000   45.0000   22.5000 2234.9014   19.9854
    0.0000   45.0000   22.5000 2254.8086   19.7972
    7.5000   45.0000   22.5000 2236.1509   19.9707
   -7.5000  -45.0000   30.0000 2458.4841   16.7673
    0.0000  -45.0000   30.0000 2477.0222   16.5608
    7.5000  -45.0000   30.0000 2454.9373   16.8081
   -7.5000  -37.5000   30.0000 2564.0425   15.3612
    0.0000  -37.5000   30.0000 2587.5151   15.1450
    7.5000  -37.5000   30.0000 2566.3655   15.4011
   -7.5000  -30.0000   30.0000 2661.4231   14.3127
    0.0000  -30.0000   30.0000 2688.3499   14.1159
    7.5000  -30.0000   30.0000 2665.9045   14.3695
   -7.5000  -22.5000   30.0000 2754.4004   13.6694
    0.0000  -22.5000   30.0000 2783.0686   13.4723
    7.5000  -22.5000   30.0000 2754.0762   13.6992
   -7.5000  -15.0000   30.0000 2818.0647   13.2187
    0.0000  -15.0000   30.0000 2855.5881   13.0481
    7.5000  -15.0000   30.0000 2819.3462   13.2641
   -7.5000   -7.5000   30.0000 2843.8679   13.0410
    0.0000   -7.5000   30.0000 2878.2136   12.8479
    7.5000   -7.5000   30.0000 2840.7444   13.1207
   -7.5000    0.0000   30.0000 2827.7185   13.2475
    0.0000    0.0000   30.0000 2860.3240   13.0582
    7.5000    0.0000   30.0000 2829.3718   13.2911
   -7.5000    7.5000   30.0000 2779.7139   13.7651
    0.0000    7.5000   30.0000 2805.6580   13.5908
    7.5000    7.5000   30.0000 2779.9187   13.7557
   -7.5000   15.0000   30.0000 2698.6123   14.4795
    0.0000   15.0000   30.0000 2721.8352   14.3069
    7.5000   15.0000   30.0000 2699.1770   14.4632
   -7.5000   22.5000   30.0000 2598.2739   15.4722
    0.0000   22.5000   30.0000 2614.2966   15.2876
    7.5000   22.5000   30.0000 2591.8701   15.4410
   -7.5000   30.0000   30.0000 2473.5840   16.8196
    0.0000   30.0000   30.0000 2489.3469   16.6517
    7.5000   30.0000   30.0000 2467.9443   16.8038
   -7.5000   37.5000   30.0000 2340.6555   18.4618
    0.0000   37.5000   30.0000 2361.6790   18.3143
    7.5000   37.5000   30.0000 2341.1594   18.4520
   -7.5000   45.0000   30.0000 2182.5837   20.5537
    0.0000   45.0000   30.0000 2198.9661   20.3630
    7.5000   45.0000   30.0000 2183.5383   20.5110
   -7.5000  -45.0000   37.5000 2400.3267   17.6742
    0.0000  -45.0000   37.5000 2420.6921   17.4471
    7.5000  -45.0000   37.5000 2397.6040   17.7294
   -7.5000  -37.5000   37.5000 2506.2126   16.2151
    0.0000  -37.5000   37.5000 2528.8140   15.9927
    7.5000  -37.5000   37.5000 2503.5227   16.2687
   -7.5000  -30.0000   37.5000 2603.6355   15.1625
    0.0000  -30.0000   37.5000 2630.5310   14.9471
    7.5000  -30.0000   37.5000 2602.2007   15.2194
   -7.5000  -22.5000   37.5000 2690.0989   14.4587
    0.0000  -22.5000   37.5000 2718.7859   14.2311
    7.5000  -22.5000   37.5000 2689.8125   14.4828
   -7.5000  -15.0000   37.5000 2744.9475   13.9592
    0.0000  -15.0000   37.5000 2778.9333   13.7291
    7.5000  -15.0000   37.5000 2742.7444   13.9948
   -7.5000   -7.5000   37.5000 2759.7847   13.7985
    0.0000   -7.5000   37.5000 2789.4451   13.6080
    7.5000   -7.5000   37.5000 2758.0930   13.8273
   -7.5000    0.0000   37.5000 2740.9731   14.0486
    0.0000    0.0000   37.5000 2769.3035   13.8571
    7.5000    0.0000   37.5000 2746.1797   14.0404
   -7.5000    7.5000   37.5000 2692.4238   14.5602
    0.0000    7.5000   37.5000 2719.7034   14.3816
    7.5000    7.5000   37.5000 2698.4890   14.5085
   -7.5000   15.0000   37.5000 2618.8069   15.2603
    0.0000   15.0000   37.5000 2643.0671   15.0846
    7.5000   15.0000   37.5000 2621.8582   15.2030
   -7.5000   22.5000   37.5000 2529.3999   16.2233
    0.0000   22.5000   37.5000 2547.9382   16.0221
    7.5000   22.5000   37.5000 2523.0508   16.1500
   -7.5000   30.0000   37.5000 2414.3486   17.5485
    0.0000   30.0000   37.5000 2431.0264   17.3513
    7.5000   30.0000   37.5000 2409.8931   17.5211
   -7.5000   37.5000   37.5000 2276.0566   19.2459
    0.0000   37.5000   37.5000 2297.6316   19.0473
    7.5000   37.5000   37.5000 2276.7051   19.2152
   -7.5000   45.0000   37.5000 2119.3064   21.3449
    0.0000   45.0000   37.5000 2141.1118   21.1640
    7.5000   45.0000   37.5000 2121.1990   21.3146
   -7.5000  -45.0000   45.0000 2328.1042   18.8339
    0.0000  -45.0000   45.0000 2351.7537   18.5851
    7.5000  -45.0000   45.0000 2331.0881   18.9230
   -7.5000  -37.5000   45.0000 2440.3574   17.3430
    0.0000  -37.5000   45.0000 2463.4248   17.0859
    7.5000  -37.5000   45.0000 2433.6353   17.4303
   -7.5000  -30.0000   45.0000 2531.7319   16.2330
    0.0000  -30.0000   45.0000 2556.7100   15.9894
    7.5000  -30.0000   45.0000 2529.0359   16.3006
   -7.5000  -22.5000   45.0000 2608.0579   15.4352
    0.0000  -22.5000   45.0000 2636.8789   15.2092
    7.5000  -22.5000   45.0000 2605.0417   15.4716
   -7.5000  -15.0000   45.0000 2657.7937   14.9398
    0.0000  -15.0000   45.0000 2686.9678   14.7021
    7.5000  -15.0000   45.0000 2651.8674   14.9484
   -7.5000   -7.5000   45.0000 2670.6692   14.7571
    0.0000   -7.5000   45.0000 2694.1367   14.5739
    7.5000   -7.5000   45.0000 2666.0671   14.7602
   -7.5000    0.0000   45.0000 2642.0063   15.0065
    0.0000    0.0000   45.0000 2670.9087   14.7928
    7.5000    0.0000   45.0000 2647.4121   14.9567
   -7.5000    7.5000   45.0000 2594.4246   15.5077
    0.0000    7.5000   45.0000 2622.4238   15.2876
    7.5000    7.5000   45.0000 2602.6643   15.4399
   -7.5000   15.0000   45.0000 2531.0210   16.1983
    0.0000   15.0000   45.0000 2556.3169   15.9909
    7.5000   15.0000   45.0000 2538.0735   16.1094
   -7.5000   22.5000   45.0000 2457.4021   17.1159
    0.0000   22.5000   45.0000 2475.3826   16.9006
    7.5000   22.5000   45.0000 2448.8652   17.0686
   -7.5000   30.0000   45.0000 2347.0422   18.4802
    0.0000   30.0000   45.0000 2362.3726   18.2755
    7.5000   30.0000   45.0000 2337.5229   18.4491
   -7.5000   37.5000   45.0000 2207.4106   20.2262
    0.0000   37.5000   45.0000 2227.6663   20.0489
    7.5000   37.5000   45.0000 2202.2520   20.2027
   -7.5000   45.0000   45.0000 2053.5735   22.4067
    0.0000   45.0000   45.0000 2076.7639   22.1907
    7.5000   45.0000   45.0000 2055.1572   22.3842

---------------------------------------------------------------------
imgreg_4dfp /opt/freesurfer/average/711-2C_as_mni_average_305 /opt/freesurfer/average/711-2B_as_mni_average_305_mask talsrcimg_g11 none talsrcimg_to_711-2C_as_mni_average_305_t4 1283
---------------------------------------------------------------------

freesurfer imgreg_4dfp.c
/opt/freesurfer/average/711-2C_as_mni_average_305.4dfp.img
       256       256       256         1
  1.000000  1.000000  1.000000
orientation T byte_order littleendian
Reading image: /opt/freesurfer/average/711-2C_as_mni_average_305.4dfp.img
dimensions:      256       256       256
mmppix:       1.0000   -1.0000   -1.0000
center:     128.0000 -129.0000 -129.0000
/opt/freesurfer/average/711-2B_as_mni_average_305_mask.4dfp.img
       256       256       256         1
  1.000000  1.000000  1.000000
orientation T byte_order littleendian
Reading mask: /opt/freesurfer/average/711-2B_as_mni_average_305_mask.4dfp.img (2306576 pixels)
talsrcimg_g11.4dfp.img
       256       256       256         1
  1.000000  1.000000  1.000000
orientation T byte_order littleendian
Reading image: talsrcimg_g11.4dfp.img
dimensions:      256       256       256
mmppix:       1.0000   -1.0000   -1.0000
center:     128.0000 -129.0000 -129.0000
rotation matrix determinant  1.000000
fimgreg.f
image alignment mode   1283 decimal      503 hex
parameters
    0.0000   -7.5000    7.5000    0.0000    0.0000    0.0000
eta,q 0.94671 12.14602
niter,ni,del,rscale     5    3   12.0000    1.2000
parameter  4  1.973013 ->  0.500000 qaram    1.1500
parameters
    0.1197   -7.0730    8.5525   -3.4500    0.7020   -1.5807
eta,q 0.95121 12.10546
  0.0689  0.0619  0.0585  0.0472  0.0564  0.0516
  0.0616  0.0580  0.0560  0.0488  0.0530  0.0494
  0.0551  0.0543  0.0534  0.0508  0.0503  0.0487
  0.0523  0.0522  0.0523  0.0526  0.0494  0.0495
  0.0545  0.0529  0.0532  0.0552  0.0499  0.0508
  0.0606  0.0555  0.0543  0.0588  0.0511  0.0528
  0.0679  0.0602  0.0551  0.0620  0.0537  0.0555
niter,ni,del,rscale     5    3   12.0000    1.2000
parameter  4  1.138462 ->  0.500000 qaram    1.3225
parameters
   -0.4516   -6.8861    8.4374   -7.4175    1.5621   -1.7751
eta,q 0.95400 12.16448
  0.0609  0.0605  0.0533  0.0444  0.0534  0.0500
  0.0542  0.0548  0.0497  0.0457  0.0500  0.0481
  0.0494  0.0506  0.0483  0.0464  0.0470  0.0466
  0.0488  0.0484  0.0484  0.0484  0.0458  0.0460
  0.0523  0.0500  0.0484  0.0507  0.0464  0.0466
  0.0585  0.0546  0.0506  0.0536  0.0476  0.0485
  0.0654  0.0587  0.0533  0.0578  0.0500  0.0506
niter,ni,del,rscale     5    3   12.0000    1.2000
parameter  4  0.617458 ->  0.500000 qaram    1.5209
parameters
   -0.8038   -5.5917    7.8966  -11.9801    2.6256   -2.4954
eta,q 0.95767 12.03712
  0.0588  0.0587  0.0482  0.0447  0.0517  0.0462
  0.0522  0.0528  0.0460  0.0424  0.0478  0.0443
  0.0471  0.0487  0.0451  0.0432  0.0443  0.0428
  0.0460  0.0458  0.0451  0.0449  0.0423  0.0423
  0.0490  0.0453  0.0457  0.0476  0.0425  0.0432
  0.0546  0.0480  0.0468  0.0504  0.0440  0.0460
  0.0617  0.0510  0.0497  0.0531  0.0472  0.0487
niter,ni,del,rscale     5    3   12.0000    1.2000
parameters
   -1.1487   -3.1920    7.3582  -14.2489    3.6950   -2.6901
eta,q 0.96125 12.04448
  0.0555  0.0576  0.0463  0.0469  0.0502  0.0443
  0.0488  0.0501  0.0438  0.0404  0.0456  0.0414
  0.0439  0.0451  0.0420  0.0390  0.0416  0.0392
  0.0423  0.0424  0.0410  0.0411  0.0393  0.0388
  0.0448  0.0411  0.0424  0.0454  0.0389  0.0394
  0.0511  0.0413  0.0451  0.0486  0.0411  0.0415
  0.0589  0.0438  0.0488  0.0524  0.0449  0.0454
niter,ni,del,rscale     4    3   12.0000    1.2000
parameters
   -1.5965   -2.1348    6.7648  -15.7008    3.9835   -2.7039
eta,q 0.96347 12.05354
  0.0543  0.0532  0.0457  0.0473  0.0464  0.0432
  0.0460  0.0461  0.0414  0.0405  0.0416  0.0398
  0.0400  0.0417  0.0375  0.0370  0.0380  0.0373
  0.0388  0.0386  0.0375  0.0371  0.0365  0.0365
  0.0427  0.0375  0.0405  0.0424  0.0377  0.0374
  0.0503  0.0403  0.0440  0.0483  0.0407  0.0396
  0.0586  0.0461  0.0487  0.0520  0.0446  0.0435
niter,ni,del,rscale     3    3   12.0000    1.2000
parameters
   -1.5438   -1.5904    6.2451  -16.6329    3.9224   -2.7821
eta,q 0.96407 12.04347
  0.0560  0.0516  0.0458  0.0477  0.0448  0.0425
  0.0470  0.0443  0.0403  0.0416  0.0400  0.0389
  0.0395  0.0395  0.0364  0.0369  0.0368  0.0366
  0.0365  0.0365  0.0363  0.0360  0.0359  0.0359
  0.0392  0.0371  0.0394  0.0395  0.0376  0.0369
  0.0465  0.0415  0.0438  0.0468  0.0408  0.0392
  0.0554  0.0471  0.0480  0.0520  0.0446  0.0428
niter,ni,del,rscale     2    3   12.0000    1.2000
parameters
   -1.4373   -1.3304    5.8979  -17.1024    3.8572   -2.8405
eta,q 0.96425 12.03785
  0.0557  0.0505  0.0463  0.0485  0.0446  0.0423
  0.0465  0.0432  0.0401  0.0426  0.0397  0.0386
  0.0388  0.0382  0.0363  0.0373  0.0366  0.0364
  0.0359  0.0359  0.0359  0.0357  0.0358  0.0358
  0.0384  0.0374  0.0386  0.0380  0.0374  0.0368
  0.0454  0.0421  0.0431  0.0451  0.0405  0.0389
  0.0545  0.0480  0.0475  0.0510  0.0444  0.0424
niter,ni,del,rscale     1    3   12.0000    1.2000
parameters
   -1.3788   -1.2525    5.7034  -17.3059    3.8316   -2.8465
eta,q 0.96430 12.03604
  0.0552  0.0499  0.0468  0.0490  0.0446  0.0423
  0.0459  0.0425  0.0403  0.0432  0.0397  0.0385
  0.0384  0.0375  0.0363  0.0376  0.0365  0.0364
  0.0358  0.0358  0.0358  0.0357  0.0357  0.0357
  0.0383  0.0378  0.0382  0.0374  0.0372  0.0367
  0.0453  0.0426  0.0425  0.0442  0.0403  0.0388
  0.0545  0.0486  0.0469  0.0504  0.0441  0.0421
registration optimization eta report
parameter search radius
    6.0000    6.0000    6.0000    9.1253    6.0000    6.0000
100000*second partial in parameter space
       52.       37.       30.       17.       24.       18.
  0.0552  0.0499  0.0468  0.0490  0.0446  0.0423
  0.0459  0.0425  0.0403  0.0432  0.0397  0.0385
  0.0384  0.0375  0.0363  0.0376  0.0365  0.0364
  0.0358  0.0358  0.0358  0.0357  0.0357  0.0357
  0.0383  0.0378  0.0382  0.0374  0.0372  0.0367
  0.0453  0.0426  0.0425  0.0442  0.0403  0.0388
  0.0545  0.0486  0.0469  0.0504  0.0441  0.0421
   -1.3788   -1.2525    5.7034  -17.3059    3.8316   -2.8465
eta,q 0.96430 12.03604

---------------------------------------------------------------------
imgreg_4dfp /opt/freesurfer/average/711-2C_as_mni_average_305 /opt/freesurfer/average/711-2B_as_mni_average_305_mask talsrcimg_g11 none talsrcimg_to_711-2C_as_mni_average_305_t4 3335
---------------------------------------------------------------------

freesurfer imgreg_4dfp.c
/opt/freesurfer/average/711-2C_as_mni_average_305.4dfp.img
       256       256       256         1
  1.000000  1.000000  1.000000
orientation T byte_order littleendian
Reading image: /opt/freesurfer/average/711-2C_as_mni_average_305.4dfp.img
dimensions:      256       256       256
mmppix:       1.0000   -1.0000   -1.0000
center:     128.0000 -129.0000 -129.0000
/opt/freesurfer/average/711-2B_as_mni_average_305_mask.4dfp.img
       256       256       256         1
  1.000000  1.000000  1.000000
orientation T byte_order littleendian
Reading mask: /opt/freesurfer/average/711-2B_as_mni_average_305_mask.4dfp.img (2306576 pixels)
talsrcimg_g11.4dfp.img
       256       256       256         1
  1.000000  1.000000  1.000000
orientation T byte_order littleendian
Reading image: talsrcimg_g11.4dfp.img
dimensions:      256       256       256
mmppix:       1.0000   -1.0000   -1.0000
center:     128.0000 -129.0000 -129.0000
fimgreg.f
image alignment mode   3335 decimal      D07 hex
parameters
   -1.3788   -1.2525    5.7034   -0.3466   -4.7435   -4.7404
    6.7266   -4.8948   -4.9550   30.0274    6.6824  -29.6807
eta,q 0.96268 12.15837
niter,ni,del,rscale     5    3    5.0000    1.2000
parameter  4  1.186360 ->  0.500000 qaram    1.1500
parameter  5  1.573295 ->  0.500000 qaram    1.1500
parameter 10  0.585404 ->  0.500000 qaram    1.1500
parameters
   -1.4184   -0.5646    5.0336   -4.4866   -8.8835   -7.8594
    6.6228   -3.5785   -4.4077   25.8874    7.8325  -30.9310
eta,q 0.97026 11.55481
  0.0401  0.0404  0.0379  0.0332  0.0298  0.0311  0.0332  0.0354  0.0326  0.0300  0.0306  0.0304
  0.0386  0.0391  0.0372  0.0337  0.0306  0.0309  0.0319  0.0334  0.0315  0.0298  0.0302  0.0300
  0.0376  0.0380  0.0369  0.0350  0.0318  0.0307  0.0310  0.0318  0.0308  0.0299  0.0299  0.0298
  0.0373  0.0373  0.0371  0.0369  0.0340  0.0309  0.0307  0.0307  0.0305  0.0305  0.0298  0.0297
  0.0377  0.0371  0.0377  0.0394  0.0370  0.0319  0.0311  0.0306  0.0307  0.0317  0.0297  0.0300
  0.0387  0.0374  0.0385  0.0425  0.0399  0.0338  0.0320  0.0314  0.0312  0.0337  0.0299  0.0304
  0.0403  0.0383  0.0397  0.0461  0.0427  0.0366  0.0333  0.0331  0.0320  0.0362  0.0302  0.0310
niter,ni,del,rscale     7    3    5.0000    1.2000
parameter  4  0.533348 ->  0.500000 qaram    1.3225
parameter  5  0.625409 ->  0.500000 qaram    1.3225
parameter  6  1.031065 ->  0.500000 qaram    1.1500
parameters
   -1.2537   -0.6518    4.7909   -9.2476  -13.6445  -11.9994
    5.9525   -3.6894   -4.5363   25.6253    7.1073  -31.7425
eta,q 0.97298 10.78096
  0.0336  0.0318  0.0306  0.0294  0.0284  0.0272  0.0287  0.0303  0.0287  0.0303  0.0274  0.0276
  0.0316  0.0306  0.0301  0.0293  0.0281  0.0270  0.0277  0.0286  0.0278  0.0286  0.0271  0.0272
  0.0303  0.0299  0.0298  0.0292  0.0284  0.0274  0.0272  0.0274  0.0272  0.0275  0.0270  0.0270
  0.0297  0.0297  0.0297  0.0297  0.0292  0.0281  0.0271  0.0270  0.0270  0.0270  0.0270  0.0270
  0.0300  0.0300  0.0299  0.0312  0.0306  0.0286  0.0274  0.0275  0.0273  0.0275  0.0271  0.0272
  0.0310  0.0308  0.0304  0.0335  0.0328  0.0292  0.0282  0.0287  0.0279  0.0289  0.0273  0.0274
  0.0327  0.0321  0.0310  0.0367  0.0358  0.0304  0.0294  0.0305  0.0288  0.0307  0.0276  0.0280
niter,ni,del,rscale     7    3    5.0000    1.2000
parameters
   -1.1203   -0.4595    4.6484  -12.5107  -15.9167  -12.9561
    5.9505   -3.4651   -4.4147   26.6092    6.8887  -30.5993
eta,q 0.97356 10.41471
  0.0299  0.0298  0.0281  0.0275  0.0283  0.0286  0.0286  0.0303  0.0284  0.0304  0.0271  0.0274
  0.0284  0.0284  0.0274  0.0266  0.0273  0.0274  0.0275  0.0285  0.0274  0.0286  0.0268  0.0269
  0.0274  0.0274  0.0271  0.0267  0.0267  0.0267  0.0268  0.0272  0.0268  0.0273  0.0265  0.0266
  0.0270  0.0270  0.0270  0.0270  0.0267  0.0266  0.0266  0.0266  0.0266  0.0265  0.0265  0.0265
  0.0272  0.0272  0.0272  0.0274  0.0275  0.0274  0.0268  0.0269  0.0268  0.0266  0.0265  0.0265
  0.0280  0.0279  0.0277  0.0287  0.0291  0.0285  0.0275  0.0281  0.0274  0.0275  0.0268  0.0266
  0.0293  0.0290  0.0283  0.0310  0.0314  0.0292  0.0286  0.0299  0.0283  0.0291  0.0272  0.0269
niter,ni,del,rscale     6    3    5.0000    1.2000
parameters
   -1.1689   -0.2733    4.4972  -12.4602  -16.3656  -13.2567
    5.8992   -3.4759   -4.3805   26.8474    6.8659  -30.8854
eta,q 0.97357 10.39309
  0.0291  0.0291  0.0275  0.0291  0.0289  0.0289  0.0286  0.0301  0.0283  0.0297  0.0272  0.0271
  0.0276  0.0277  0.0268  0.0274  0.0276  0.0276  0.0274  0.0282  0.0273  0.0281  0.0268  0.0267
  0.0267  0.0268  0.0265  0.0264  0.0268  0.0267  0.0267  0.0270  0.0267  0.0270  0.0265  0.0265
  0.0264  0.0264  0.0264  0.0264  0.0264  0.0264  0.0264  0.0264  0.0264  0.0264  0.0264  0.0264
  0.0268  0.0266  0.0267  0.0269  0.0267  0.0270  0.0267  0.0269  0.0267  0.0267  0.0265  0.0265
  0.0278  0.0273  0.0271  0.0275  0.0279  0.0282  0.0275  0.0282  0.0273  0.0278  0.0268  0.0267
  0.0293  0.0283  0.0278  0.0289  0.0296  0.0290  0.0286  0.0302  0.0283  0.0295  0.0272  0.0272
niter,ni,del,rscale     5    3    5.0000    1.2000
parameters
   -1.1440   -0.1987    4.4114  -12.4828  -16.4736  -13.3489
    5.8956   -3.4590   -4.3842   26.9892    6.8471  -31.0124
eta,q 0.97357 10.38698
  0.0292  0.0288  0.0276  0.0291  0.0290  0.0290  0.0286  0.0301  0.0283  0.0296  0.0272  0.0271
  0.0277  0.0275  0.0269  0.0274  0.0277  0.0277  0.0274  0.0282  0.0273  0.0280  0.0268  0.0267
  0.0268  0.0267  0.0265  0.0264  0.0269  0.0268  0.0267  0.0270  0.0267  0.0269  0.0265  0.0265
  0.0264  0.0264  0.0264  0.0264  0.0264  0.0264  0.0264  0.0264  0.0264  0.0264  0.0264  0.0264
  0.0267  0.0267  0.0266  0.0269  0.0266  0.0269  0.0267  0.0269  0.0267  0.0267  0.0265  0.0265
  0.0277  0.0274  0.0271  0.0275  0.0277  0.0281  0.0274  0.0282  0.0273  0.0278  0.0267  0.0267
  0.0291  0.0285  0.0277  0.0289  0.0294  0.0289  0.0286  0.0301  0.0283  0.0295  0.0272  0.0272
niter,ni,del,rscale     4    3    5.0000    1.2000
parameters
   -1.1337   -0.1653    4.3812  -12.4904  -16.5352  -13.3748
    5.8981   -3.4500   -4.3935   27.0585    6.8451  -31.0472
eta,q 0.97358 10.38429
  0.0292  0.0287  0.0276  0.0292  0.0291  0.0291  0.0286  0.0301  0.0283  0.0295  0.0272  0.0271
  0.0277  0.0275  0.0269  0.0274  0.0278  0.0277  0.0274  0.0282  0.0273  0.0280  0.0268  0.0267
  0.0267  0.0267  0.0265  0.0264  0.0269  0.0268  0.0267  0.0270  0.0267  0.0269  0.0265  0.0265
  0.0264  0.0264  0.0264  0.0264  0.0264  0.0264  0.0264  0.0264  0.0264  0.0264  0.0264  0.0264
  0.0268  0.0267  0.0266  0.0269  0.0266  0.0269  0.0267  0.0268  0.0267  0.0267  0.0265  0.0265
  0.0277  0.0274  0.0270  0.0275  0.0277  0.0280  0.0274  0.0282  0.0273  0.0278  0.0267  0.0267
  0.0291  0.0285  0.0277  0.0289  0.0293  0.0288  0.0286  0.0301  0.0283  0.0296  0.0272  0.0272
niter,ni,del,rscale     3    3    5.0000    1.2000
parameters
   -1.1305   -0.1511    4.3678  -12.5039  -16.5642  -13.3912
    5.8977   -3.4433   -4.3928   27.0848    6.8355  -31.0786
eta,q 0.97358 10.38230
  0.0292  0.0287  0.0277  0.0292  0.0291  0.0291  0.0286  0.0301  0.0283  0.0295  0.0272  0.0271
  0.0277  0.0274  0.0269  0.0274  0.0278  0.0277  0.0274  0.0282  0.0273  0.0280  0.0268  0.0267
  0.0267  0.0267  0.0265  0.0264  0.0269  0.0268  0.0267  0.0270  0.0267  0.0269  0.0265  0.0265
  0.0264  0.0264  0.0264  0.0264  0.0264  0.0264  0.0264  0.0264  0.0264  0.0264  0.0264  0.0264
  0.0268  0.0267  0.0266  0.0269  0.0266  0.0269  0.0267  0.0268  0.0267  0.0267  0.0265  0.0265
  0.0277  0.0274  0.0270  0.0275  0.0277  0.0280  0.0274  0.0282  0.0273  0.0278  0.0267  0.0267
  0.0291  0.0286  0.0276  0.0289  0.0293  0.0288  0.0286  0.0301  0.0283  0.0296  0.0272  0.0272
registration optimization eta report
parameter search radius
    2.4000    2.4000    2.4000    9.5220    9.5220    8.2800
    7.2000    7.2000    7.2000    8.2800    7.2000    7.2000
100000*second partial in parameter space
       47.       38.       21.        3.        3.        4.
        4.        7.        4.        5.        1.        1.
  0.0292  0.0287  0.0277  0.0292  0.0291  0.0291  0.0286  0.0301  0.0283  0.0295  0.0272  0.0271
  0.0277  0.0274  0.0269  0.0274  0.0278  0.0277  0.0274  0.0282  0.0273  0.0280  0.0268  0.0267
  0.0267  0.0267  0.0265  0.0264  0.0269  0.0268  0.0267  0.0270  0.0267  0.0269  0.0265  0.0265
  0.0264  0.0264  0.0264  0.0264  0.0264  0.0264  0.0264  0.0264  0.0264  0.0264  0.0264  0.0264
  0.0268  0.0267  0.0266  0.0269  0.0266  0.0269  0.0267  0.0268  0.0267  0.0267  0.0265  0.0265
  0.0277  0.0274  0.0270  0.0275  0.0277  0.0280  0.0274  0.0282  0.0273  0.0278  0.0267  0.0267
  0.0291  0.0286  0.0276  0.0289  0.0293  0.0288  0.0286  0.0301  0.0283  0.0296  0.0272  0.0272
   -1.1305   -0.1511    4.3678  -12.5039  -16.5642  -13.3912
    5.8977   -3.4433   -4.3928   27.0848    6.8355  -31.0786
eta,q 0.97358 10.38230

---------------------------------------------------------------------
imgreg_4dfp /opt/freesurfer/average/711-2C_as_mni_average_305 /opt/freesurfer/average/711-2B_as_mni_average_305_mask talsrcimg_g11 none talsrcimg_to_711-2C_as_mni_average_305_t4 2311
---------------------------------------------------------------------

freesurfer imgreg_4dfp.c
/opt/freesurfer/average/711-2C_as_mni_average_305.4dfp.img
       256       256       256         1
  1.000000  1.000000  1.000000
orientation T byte_order littleendian
Reading image: /opt/freesurfer/average/711-2C_as_mni_average_305.4dfp.img
dimensions:      256       256       256
mmppix:       1.0000   -1.0000   -1.0000
center:     128.0000 -129.0000 -129.0000
/opt/freesurfer/average/711-2B_as_mni_average_305_mask.4dfp.img
       256       256       256         1
  1.000000  1.000000  1.000000
orientation T byte_order littleendian
Reading mask: /opt/freesurfer/average/711-2B_as_mni_average_305_mask.4dfp.img (2306576 pixels)
talsrcimg_g11.4dfp.img
       256       256       256         1
  1.000000  1.000000  1.000000
orientation T byte_order littleendian
Reading image: talsrcimg_g11.4dfp.img
dimensions:      256       256       256
mmppix:       1.0000   -1.0000   -1.0000
center:     128.0000 -129.0000 -129.0000
fimgreg.f
image alignment mode   2311 decimal      907 hex
parameters
   -1.1305   -0.1511    4.3678  -12.5039  -16.5642  -13.3912
    5.8977   -3.4433   -4.3928   27.0848    6.8355  -31.0786
eta,q 0.97358 10.38230
niter,ni,del,rscale     5    3    5.0000    0.8000
parameters
   -1.1419   -0.1659    4.3132  -13.5696  -16.0128  -13.6428
    5.8470   -3.3386   -4.4654   27.2365    6.9829  -30.8131
eta,q 0.97373 10.33118
  0.0277  0.0274  0.0269  0.0268  0.0272  0.0273  0.0273  0.0282  0.0271  0.0275  0.0267  0.0266
  0.0270  0.0269  0.0266  0.0264  0.0268  0.0268  0.0268  0.0272  0.0267  0.0269  0.0265  0.0264
  0.0265  0.0265  0.0265  0.0263  0.0265  0.0264  0.0264  0.0266  0.0264  0.0265  0.0263  0.0263
  0.0264  0.0264  0.0264  0.0264  0.0263  0.0263  0.0263  0.0263  0.0263  0.0263  0.0263  0.0263
  0.0266  0.0266  0.0265  0.0267  0.0263  0.0264  0.0264  0.0265  0.0264  0.0264  0.0263  0.0263
  0.0270  0.0269  0.0267  0.0269  0.0265  0.0269  0.0268  0.0271  0.0267  0.0267  0.0264  0.0264
  0.0277  0.0274  0.0270  0.0272  0.0269  0.0276  0.0274  0.0281  0.0272  0.0274  0.0266  0.0265
niter,ni,del,rscale     4    3    5.0000    0.7000
parameters
   -1.1571   -0.1495    4.1950  -13.6428  -15.9428  -13.7262
    5.8701   -3.3465   -4.4886   27.2948    6.9806  -30.9300
eta,q 0.97374 10.32841
  0.0273  0.0271  0.0266  0.0270  0.0269  0.0272  0.0271  0.0277  0.0270  0.0272  0.0266  0.0265
  0.0267  0.0266  0.0264  0.0265  0.0266  0.0267  0.0267  0.0270  0.0266  0.0267  0.0264  0.0264
  0.0264  0.0264  0.0263  0.0263  0.0264  0.0264  0.0264  0.0265  0.0263  0.0264  0.0263  0.0263
  0.0263  0.0263  0.0263  0.0263  0.0263  0.0263  0.0263  0.0263  0.0263  0.0263  0.0263  0.0263
  0.0264  0.0264  0.0264  0.0264  0.0263  0.0264  0.0264  0.0264  0.0263  0.0264  0.0263  0.0263
  0.0268  0.0266  0.0265  0.0267  0.0265  0.0267  0.0267  0.0270  0.0266  0.0267  0.0264  0.0264
  0.0273  0.0270  0.0268  0.0269  0.0269  0.0273  0.0271  0.0277  0.0270  0.0272  0.0266  0.0265
niter,ni,del,rscale     3    3    5.0000    0.6000
parameters
   -1.1584   -0.1382    4.1601  -13.8078  -15.8494  -13.6978
    5.8665   -3.3268   -4.5139   27.3153    7.0310  -30.8964
eta,q 0.97375 10.32355
  0.0270  0.0269  0.0266  0.0268  0.0267  0.0270  0.0269  0.0274  0.0268  0.0269  0.0265  0.0264
  0.0266  0.0265  0.0264  0.0264  0.0265  0.0266  0.0265  0.0268  0.0265  0.0266  0.0264  0.0263
  0.0263  0.0263  0.0263  0.0263  0.0263  0.0264  0.0263  0.0264  0.0263  0.0263  0.0263  0.0263
  0.0263  0.0263  0.0263  0.0263  0.0263  0.0263  0.0263  0.0263  0.0263  0.0263  0.0263  0.0263
  0.0264  0.0263  0.0263  0.0264  0.0263  0.0263  0.0263  0.0264  0.0263  0.0263  0.0263  0.0263
  0.0266  0.0265  0.0264  0.0266  0.0264  0.0266  0.0265  0.0268  0.0265  0.0266  0.0263  0.0263
  0.0270  0.0268  0.0266  0.0268  0.0267  0.0270  0.0269  0.0274  0.0268  0.0269  0.0265  0.0264
niter,ni,del,rscale     2    3    5.0000    0.5000
parameters
   -1.1581   -0.1406    4.1391  -13.9434  -15.7645  -13.6421
    5.8527   -3.3182   -4.5335   27.3011    7.0836  -30.8937
eta,q 0.97376 10.32084
  0.0268  0.0267  0.0265  0.0266  0.0266  0.0268  0.0267  0.0270  0.0266  0.0267  0.0264  0.0264
  0.0265  0.0264  0.0263  0.0264  0.0264  0.0265  0.0264  0.0266  0.0264  0.0265  0.0263  0.0263
  0.0263  0.0263  0.0263  0.0263  0.0263  0.0263  0.0263  0.0263  0.0263  0.0263  0.0263  0.0263
  0.0262  0.0262  0.0263  0.0263  0.0262  0.0262  0.0262  0.0262  0.0262  0.0262  0.0262  0.0262
  0.0263  0.0263  0.0263  0.0263  0.0263  0.0263  0.0263  0.0263  0.0263  0.0263  0.0263  0.0263
  0.0265  0.0264  0.0264  0.0265  0.0264  0.0265  0.0265  0.0266  0.0264  0.0265  0.0263  0.0263
  0.0268  0.0267  0.0265  0.0266  0.0266  0.0268  0.0267  0.0270  0.0266  0.0267  0.0264  0.0264
niter,ni,del,rscale     1    3    5.0000    0.4000
parameters
   -1.1586   -0.1429    4.1343  -14.0641  -15.6752  -13.5652
    5.8451   -3.2972   -4.5569   27.2628    7.0703  -30.9060
eta,q 0.97376 10.32003
  0.0266  0.0265  0.0264  0.0265  0.0265  0.0266  0.0265  0.0268  0.0265  0.0265  0.0263  0.0263
  0.0264  0.0264  0.0263  0.0263  0.0264  0.0264  0.0264  0.0265  0.0263  0.0264  0.0263  0.0263
  0.0263  0.0263  0.0263  0.0263  0.0263  0.0263  0.0263  0.0263  0.0263  0.0263  0.0263  0.0262
  0.0262  0.0262  0.0262  0.0262  0.0262  0.0262  0.0262  0.0262  0.0262  0.0262  0.0262  0.0262
  0.0263  0.0263  0.0263  0.0263  0.0263  0.0263  0.0263  0.0263  0.0263  0.0263  0.0263  0.0262
  0.0264  0.0264  0.0263  0.0264  0.0263  0.0264  0.0264  0.0265  0.0263  0.0264  0.0263  0.0263
  0.0266  0.0265  0.0264  0.0265  0.0265  0.0266  0.0265  0.0268  0.0265  0.0266  0.0263  0.0263
registration optimization eta report
parameter search radius
    0.8000    0.8000    0.8000    2.4000    2.4000    2.4000
    2.4000    2.4000    2.4000    2.4000    2.4000    2.4000
100000*second partial in parameter space
       56.       41.       23.        5.        4.        6.
        5.        9.        4.        5.        2.        1.
  0.0266  0.0265  0.0264  0.0265  0.0265  0.0266  0.0265  0.0268  0.0265  0.0265  0.0263  0.0263
  0.0264  0.0264  0.0263  0.0263  0.0264  0.0264  0.0264  0.0265  0.0263  0.0264  0.0263  0.0263
  0.0263  0.0263  0.0263  0.0263  0.0263  0.0263  0.0263  0.0263  0.0263  0.0263  0.0263  0.0262
  0.0262  0.0262  0.0262  0.0262  0.0262  0.0262  0.0262  0.0262  0.0262  0.0262  0.0262  0.0262
  0.0263  0.0263  0.0263  0.0263  0.0263  0.0263  0.0263  0.0263  0.0263  0.0263  0.0263  0.0262
  0.0264  0.0264  0.0263  0.0264  0.0263  0.0264  0.0264  0.0265  0.0263  0.0264  0.0263  0.0263
  0.0266  0.0265  0.0264  0.0265  0.0265  0.0266  0.0265  0.0268  0.0265  0.0266  0.0263  0.0263
   -1.1586   -0.1429    4.1343  -14.0641  -15.6752  -13.5652
    5.8451   -3.2972   -4.5569   27.2628    7.0703  -30.9060
eta,q 0.97376 10.32003

---------------------------------------------------------------------
imgreg_4dfp /opt/freesurfer/average/711-2C_as_mni_average_305 /opt/freesurfer/average/711-2B_as_mni_average_305_mask talsrcimg_g11 none talsrcimg_to_711-2C_as_mni_average_305_t4 2311
---------------------------------------------------------------------

freesurfer imgreg_4dfp.c
/opt/freesurfer/average/711-2C_as_mni_average_305.4dfp.img
       256       256       256         1
  1.000000  1.000000  1.000000
orientation T byte_order littleendian
Reading image: /opt/freesurfer/average/711-2C_as_mni_average_305.4dfp.img
dimensions:      256       256       256
mmppix:       1.0000   -1.0000   -1.0000
center:     128.0000 -129.0000 -129.0000
/opt/freesurfer/average/711-2B_as_mni_average_305_mask.4dfp.img
       256       256       256         1
  1.000000  1.000000  1.000000
orientation T byte_order littleendian
Reading mask: /opt/freesurfer/average/711-2B_as_mni_average_305_mask.4dfp.img (2306576 pixels)
talsrcimg_g11.4dfp.img
       256       256       256         1
  1.000000  1.000000  1.000000
orientation T byte_order littleendian
Reading image: talsrcimg_g11.4dfp.img
dimensions:      256       256       256
mmppix:       1.0000   -1.0000   -1.0000
center:     128.0000 -129.0000 -129.0000
fimgreg.f
image alignment mode   2311 decimal      907 hex
parameters
   -1.1586   -0.1429    4.1343  -14.0641  -15.6752  -13.5652
    5.8451   -3.2972   -4.5569   27.2628    7.0703  -30.9060
eta,q 0.97376 10.32004
niter,ni,del,rscale     5    3    5.0000    0.8000
parameters
   -1.1506   -0.1399    4.1879  -13.5575  -16.0413  -13.7638
    5.8907   -3.3644   -4.4940   27.2955    6.9873  -30.9435
eta,q 0.97373 10.32802
  0.0276  0.0273  0.0269  0.0274  0.0269  0.0274  0.0274  0.0281  0.0272  0.0274  0.0266  0.0266
  0.0269  0.0267  0.0265  0.0268  0.0266  0.0268  0.0268  0.0271  0.0267  0.0268  0.0264  0.0264
  0.0264  0.0264  0.0263  0.0264  0.0264  0.0264  0.0264  0.0265  0.0264  0.0264  0.0263  0.0263
  0.0262  0.0262  0.0262  0.0262  0.0263  0.0263  0.0263  0.0263  0.0263  0.0263  0.0263  0.0263
  0.0264  0.0264  0.0263  0.0264  0.0263  0.0264  0.0264  0.0265  0.0264  0.0264  0.0263  0.0263
  0.0269  0.0267  0.0265  0.0266  0.0267  0.0269  0.0268  0.0272  0.0267  0.0268  0.0264  0.0264
  0.0276  0.0273  0.0268  0.0269  0.0273  0.0276  0.0273  0.0282  0.0272  0.0274  0.0267  0.0266
niter,ni,del,rscale     4    3    5.0000    0.7000
parameters
   -1.1539   -0.1307    4.1660  -13.6354  -15.9704  -13.7545
    5.8744   -3.3452   -4.4892   27.3316    7.0059  -30.9736
eta,q 0.97374 10.32765
  0.0273  0.0271  0.0267  0.0270  0.0269  0.0272  0.0271  0.0277  0.0270  0.0272  0.0266  0.0265
  0.0267  0.0266  0.0265  0.0265  0.0266  0.0267  0.0266  0.0270  0.0266  0.0267  0.0264  0.0264
  0.0264  0.0264  0.0263  0.0263  0.0264  0.0264  0.0264  0.0265  0.0263  0.0264  0.0263  0.0263
  0.0263  0.0263  0.0263  0.0263  0.0263  0.0263  0.0263  0.0263  0.0263  0.0263  0.0263  0.0263
  0.0264  0.0264  0.0263  0.0264  0.0263  0.0263  0.0264  0.0264  0.0264  0.0264  0.0263  0.0263
  0.0268  0.0266  0.0265  0.0267  0.0265  0.0267  0.0267  0.0269  0.0266  0.0267  0.0264  0.0264
  0.0273  0.0270  0.0267  0.0269  0.0269  0.0272  0.0271  0.0277  0.0270  0.0272  0.0266  0.0265
niter,ni,del,rscale     3    3    5.0000    0.6000
parameters
   -1.1549   -0.1292    4.1501  -13.8052  -15.8747  -13.7075
    5.8712   -3.3300   -4.5066   27.3384    7.0335  -30.9527
eta,q 0.97375 10.32338
  0.0270  0.0268  0.0266  0.0268  0.0267  0.0270  0.0269  0.0274  0.0268  0.0269  0.0265  0.0264
  0.0266  0.0265  0.0264  0.0264  0.0265  0.0266  0.0265  0.0268  0.0265  0.0266  0.0264  0.0263
  0.0263  0.0263  0.0263  0.0263  0.0263  0.0264  0.0263  0.0264  0.0263  0.0263  0.0263  0.0263
  0.0263  0.0263  0.0263  0.0263  0.0263  0.0263  0.0263  0.0263  0.0263  0.0263  0.0263  0.0263
  0.0264  0.0263  0.0263  0.0264  0.0263  0.0263  0.0263  0.0264  0.0263  0.0263  0.0263  0.0263
  0.0266  0.0265  0.0264  0.0266  0.0264  0.0266  0.0265  0.0268  0.0265  0.0266  0.0263  0.0263
  0.0270  0.0268  0.0266  0.0268  0.0267  0.0270  0.0269  0.0274  0.0268  0.0269  0.0265  0.0264
niter,ni,del,rscale     2    3    5.0000    0.5000
parameters
   -1.1595   -0.1343    4.1426  -13.9433  -15.7796  -13.6396
    5.8538   -3.3156   -4.5257   27.3147    7.0355  -30.9354
eta,q 0.97376 10.32111
  0.0268  0.0267  0.0265  0.0266  0.0266  0.0268  0.0267  0.0270  0.0266  0.0267  0.0264  0.0264
  0.0265  0.0264  0.0263  0.0264  0.0264  0.0265  0.0264  0.0266  0.0264  0.0265  0.0263  0.0263
  0.0263  0.0263  0.0263  0.0263  0.0263  0.0263  0.0263  0.0264  0.0263  0.0263  0.0263  0.0263
  0.0263  0.0263  0.0263  0.0263  0.0262  0.0262  0.0262  0.0262  0.0262  0.0262  0.0262  0.0262
  0.0263  0.0263  0.0263  0.0263  0.0263  0.0263  0.0263  0.0263  0.0263  0.0263  0.0263  0.0263
  0.0265  0.0264  0.0264  0.0265  0.0264  0.0265  0.0265  0.0266  0.0264  0.0265  0.0263  0.0263
  0.0268  0.0267  0.0265  0.0266  0.0266  0.0268  0.0267  0.0270  0.0266  0.0267  0.0264  0.0264
niter,ni,del,rscale     1    3    5.0000    0.4000
parameters
   -1.1607   -0.1415    4.1355  -14.0628  -15.6768  -13.5753
    5.8461   -3.2851   -4.5595   27.2825    7.0846  -30.9190
eta,q 0.97376 10.32022
  0.0266  0.0265  0.0264  0.0265  0.0265  0.0266  0.0265  0.0268  0.0265  0.0266  0.0263  0.0263
  0.0264  0.0264  0.0263  0.0263  0.0264  0.0264  0.0264  0.0265  0.0263  0.0264  0.0263  0.0263
  0.0263  0.0263  0.0263  0.0263  0.0263  0.0263  0.0263  0.0263  0.0263  0.0263  0.0262  0.0262
  0.0262  0.0262  0.0262  0.0262  0.0262  0.0262  0.0262  0.0262  0.0262  0.0262  0.0262  0.0262
  0.0263  0.0263  0.0263  0.0263  0.0263  0.0263  0.0263  0.0263  0.0263  0.0263  0.0262  0.0262
  0.0264  0.0264  0.0263  0.0264  0.0263  0.0264  0.0264  0.0265  0.0263  0.0264  0.0263  0.0263
  0.0266  0.0265  0.0264  0.0265  0.0265  0.0266  0.0265  0.0268  0.0265  0.0266  0.0263  0.0263
registration optimization eta report
parameter search radius
    0.8000    0.8000    0.8000    2.4000    2.4000    2.4000
    2.4000    2.4000    2.4000    2.4000    2.4000    2.4000
100000*second partial in parameter space
       55.       41.       23.        5.        4.        6.
        5.        9.        4.        6.        2.        2.
  0.0266  0.0265  0.0264  0.0265  0.0265  0.0266  0.0265  0.0268  0.0265  0.0266  0.0263  0.0263
  0.0264  0.0264  0.0263  0.0263  0.0264  0.0264  0.0264  0.0265  0.0263  0.0264  0.0263  0.0263
  0.0263  0.0263  0.0263  0.0263  0.0263  0.0263  0.0263  0.0263  0.0263  0.0263  0.0262  0.0262
  0.0262  0.0262  0.0262  0.0262  0.0262  0.0262  0.0262  0.0262  0.0262  0.0262  0.0262  0.0262
  0.0263  0.0263  0.0263  0.0263  0.0263  0.0263  0.0263  0.0263  0.0263  0.0263  0.0262  0.0262
  0.0264  0.0264  0.0263  0.0264  0.0263  0.0264  0.0264  0.0265  0.0263  0.0264  0.0263  0.0263
  0.0266  0.0265  0.0264  0.0265  0.0265  0.0266  0.0265  0.0268  0.0265  0.0266  0.0263  0.0263
   -1.1607   -0.1415    4.1355  -14.0628  -15.6768  -13.5753
    5.8461   -3.2851   -4.5595   27.2825    7.0846  -30.9190
eta,q 0.97376 10.32022

---------------------------------------------------------------------
compute_vox2vox talsrcimg talsrcimg_to_711-2C_as_mni_average_305_t4 /opt/freesurfer/average/711-2C_as_mni_average_305
---------------------------------------------------------------------

freesurfer compute_vox2vox.c
Reading: talsrcimg.4dfp.ifh
Reading: talsrcimg_to_711-2C_as_mni_average_305_t4
Reading: /opt/freesurfer/average/711-2C_as_mni_average_305.4dfp.ifh
Writing: talsrcimg_to_711-2C_as_mni_average_305_t4_vox2vox.txt

start time Sun Mar 8 17:35:01 CET 2026
end		time Sun Mar 8 17:36:26 CET 2026

mpr2mni305 success

avi2talxfm orig_nu.mgz /opt/freesurfer/average/mni305.cor.mgz talsrcimg_to_711-2C_as_mni_average_305_t4_vox2vox.txt transforms/talairach.auto.xfm
avi2talxfm done
mv -f /out/sourcedata/freesurfer/sub-v1s14x0051564_ses-1/mri/talsrcimg_to_711-2C_as_mni_average_305_t4_vox2vox.txt /out/sourcedata/freesurfer/sub-v1s14x0051564_ses-1/mri/transforms/talsrcimg_to_711-2C_as_mni_average_305_t4_vox2vox.txt
lta_convert --src orig_nu.mgz --trg /opt/freesurfer/average/mni305.cor.mgz --inxfm transforms/talairach.auto.xfm --outlta transforms/talairach.auto.xfm.lta --subject fsaverage
7.3.2

--src: orig_nu.mgz src image (geometry).
--trg: /opt/freesurfer/average/mni305.cor.mgz trg image (geometry).
--inmni: transforms/talairach.auto.xfm input MNI/XFM transform.
--outlta: transforms/talairach.auto.xfm.lta output LTA.
--s: fsaverage subject name
 LTA read, type : 1
 1.15548   0.06203  -0.05737  -0.34857;
-0.06486   1.03356   0.38347  -21.05347;
 0.08346  -0.33105   1.05874   8.64537;
 0.00000   0.00000   0.00000   1.00000;
setting subject to fsaverage
Writing  LTA to file transforms/talairach.auto.xfm.lta...
lta_convert successful.
 
 
Started at Sun Mar 8 17:35:00 CET 2026
Ended   at Sun Mar  8 17:36:27 CET 2026
talairach_avi done
