status file for recon-all
Sun Mar  8 20:32:02 CET 2026
#@# Tessellate rh Sun Mar  8 20:32:02 CET 2026
#@# Smooth1 rh Sun Mar  8 20:32:04 CET 2026
#@# Inflation1 rh Sun Mar  8 20:32:06 CET 2026
#@# QSphere rh Sun Mar  8 20:32:15 CET 2026
#@# Fix Topology rh Sun Mar  8 20:33:02 CET 2026
#@# Smooth2 rh Sun Mar  8 20:39:43 CET 2026
#@# Inflation2 rh Sun Mar  8 20:39:45 CET 2026
#@# Curv .H and .K rh Sun Mar  8 20:39:55 CET 2026
#@# Sphere rh Sun Mar  8 20:40:39 CET 2026
#@# Surf Reg rh Sun Mar  8 20:43:04 CET 2026
#@# Jacobian white rh Sun Mar  8 20:46:07 CET 2026
#@# AvgCurv rh Sun Mar  8 20:46:08 CET 2026
#@# Cortical Parc rh Sun Mar  8 20:46:08 CET 2026
#@# white curv rh Sun Mar  8 20:52:23 CET 2026
#@# white area rh Sun Mar  8 20:52:24 CET 2026
#@# pial curv rh Sun Mar  8 20:52:25 CET 2026
#@# pial area rh Sun Mar  8 20:52:26 CET 2026
#@# thickness rh Sun Mar  8 20:52:27 CET 2026
#@# area and vertex vol rh Sun Mar  8 20:52:50 CET 2026
#@# Curvature Stats rh Sun Mar  8 20:52:51 CET 2026
#@# Cortical Parc 2 rh Sun Mar  8 20:52:53 CET 2026
#@# Cortical Parc 3 rh Sun Mar  8 20:53:04 CET 2026
#@# WM/GM Contrast rh Sun Mar  8 20:53:13 CET 2026
recon-all -s sub-v1s14x0051575_ses-1 finished without error at Sun Mar  8 20:53:15 CET 2026



#New# invocation of recon-all 



status file for recon-all
Sun Mar  8 21:02:29 CET 2026
#@# white curv rh Sun Mar  8 21:02:29 CET 2026
#@# white area rh Sun Mar  8 21:02:29 CET 2026
#@# pial curv rh Sun Mar  8 21:02:29 CET 2026
#@# pial area rh Sun Mar  8 21:02:29 CET 2026
#@# thickness rh Sun Mar  8 21:02:29 CET 2026
#@# area and vertex vol rh Sun Mar  8 21:02:29 CET 2026
#@# Parcellation Stats rh Sun Mar  8 21:02:29 CET 2026
#@# Parcellation Stats 2 rh Sun Mar  8 21:02:48 CET 2026
#@# Parcellation Stats 3 rh Sun Mar  8 21:02:58 CET 2026
#@# BA_exvivo Labels rh Sun Mar  8 21:03:08 CET 2026
recon-all -s sub-v1s14x0051575_ses-1 finished without error at Sun Mar  8 21:05:12 CET 2026
