status file for recon-all
Sun Mar  8 20:06:15 CET 2026
#@# Tessellate lh Sun Mar  8 20:06:15 CET 2026
#@# Smooth1 lh Sun Mar  8 20:06:18 CET 2026
#@# Inflation1 lh Sun Mar  8 20:06:21 CET 2026
#@# QSphere lh Sun Mar  8 20:06:30 CET 2026
#@# Fix Topology lh Sun Mar  8 20:07:19 CET 2026
#@# Smooth2 lh Sun Mar  8 20:14:19 CET 2026
#@# Inflation2 lh Sun Mar  8 20:14:22 CET 2026
#@# Curv .H and .K lh Sun Mar  8 20:14:32 CET 2026
#@# Sphere lh Sun Mar  8 20:15:18 CET 2026
#@# Surf Reg lh Sun Mar  8 20:19:31 CET 2026
#@# Jacobian white lh Sun Mar  8 20:24:15 CET 2026
#@# AvgCurv lh Sun Mar  8 20:24:16 CET 2026
#@# Cortical Parc lh Sun Mar  8 20:24:16 CET 2026
#@# white curv lh Sun Mar  8 20:31:05 CET 2026
#@# white area lh Sun Mar  8 20:31:06 CET 2026
#@# pial curv lh Sun Mar  8 20:31:07 CET 2026
#@# pial area lh Sun Mar  8 20:31:08 CET 2026
#@# thickness lh Sun Mar  8 20:31:09 CET 2026
#@# area and vertex vol lh Sun Mar  8 20:31:33 CET 2026
#@# Curvature Stats lh Sun Mar  8 20:31:34 CET 2026
#@# Cortical Parc 2 lh Sun Mar  8 20:31:36 CET 2026
#@# Cortical Parc 3 lh Sun Mar  8 20:31:48 CET 2026
#@# WM/GM Contrast lh Sun Mar  8 20:31:57 CET 2026
recon-all -s sub-v1s14x0051575_ses-1 finished without error at Sun Mar  8 20:32:00 CET 2026



#New# invocation of recon-all 



status file for recon-all
Sun Mar  8 20:59:34 CET 2026
#@# white curv lh Sun Mar  8 20:59:34 CET 2026
#@# white area lh Sun Mar  8 20:59:34 CET 2026
#@# pial curv lh Sun Mar  8 20:59:34 CET 2026
#@# pial area lh Sun Mar  8 20:59:34 CET 2026
#@# thickness lh Sun Mar  8 20:59:34 CET 2026
#@# area and vertex vol lh Sun Mar  8 20:59:34 CET 2026
#@# Parcellation Stats lh Sun Mar  8 20:59:34 CET 2026
#@# Parcellation Stats 2 lh Sun Mar  8 20:59:54 CET 2026
#@# Parcellation Stats 3 lh Sun Mar  8 21:00:05 CET 2026
#@# BA_exvivo Labels lh Sun Mar  8 21:00:15 CET 2026
recon-all -s sub-v1s14x0051575_ses-1 finished without error at Sun Mar  8 21:02:26 CET 2026
