status file for recon-all
Sun Mar  8 18:52:10 CET 2026
#@# MotionCor Sun Mar  8 18:52:11 CET 2026
#@# Talairach Sun Mar  8 18:52:17 CET 2026
#@# Talairach Failure Detection Sun Mar  8 18:55:07 CET 2026
#@# Nu Intensity Correction Sun Mar  8 18:55:07 CET 2026
#@# Intensity Normalization Sun Mar  8 18:57:51 CET 2026
recon-all -s sub-v1s14x0051575_ses-1 finished without error at Sun Mar  8 18:59:06 CET 2026



#New# invocation of recon-all 



status file for recon-all
Sun Mar  8 19:05:33 CET 2026
#@# EM Registration Sun Mar  8 19:05:33 CET 2026
recon-all -s sub-v1s14x0051575_ses-1 finished without error at Sun Mar  8 19:06:56 CET 2026



#New# invocation of recon-all 



status file for recon-all
Sun Mar  8 19:06:58 CET 2026
#@# CA Normalize Sun Mar  8 19:06:58 CET 2026
#@# CA Reg Sun Mar  8 19:07:50 CET 2026
#@# SubCort Seg Sun Mar  8 19:37:02 CET 2026
#@# CC Seg Sun Mar  8 20:01:44 CET 2026
#@# Merge ASeg Sun Mar  8 20:02:17 CET 2026
#@# Intensity Normalization2 Sun Mar  8 20:02:17 CET 2026
#@# Mask BFS Sun Mar  8 20:03:53 CET 2026
#@# WM Segmentation Sun Mar  8 20:03:53 CET 2026
#@# Fill Sun Mar  8 20:05:33 CET 2026
recon-all -s sub-v1s14x0051575_ses-1 finished without error at Sun Mar  8 20:06:12 CET 2026



#New# invocation of recon-all 



status file for recon-all
Sun Mar  8 20:53:20 CET 2026
#@# white curv lh Sun Mar  8 20:53:20 CET 2026
#@# white area lh Sun Mar  8 20:53:20 CET 2026
#@# pial curv lh Sun Mar  8 20:53:20 CET 2026
#@# pial area lh Sun Mar  8 20:53:20 CET 2026
#@# thickness lh Sun Mar  8 20:53:20 CET 2026
#@# area and vertex vol lh Sun Mar  8 20:53:20 CET 2026
#@# white curv rh Sun Mar  8 20:53:20 CET 2026
#@# white area rh Sun Mar  8 20:53:20 CET 2026
#@# pial curv rh Sun Mar  8 20:53:20 CET 2026
#@# pial area rh Sun Mar  8 20:53:20 CET 2026
#@# thickness rh Sun Mar  8 20:53:20 CET 2026
#@# area and vertex vol rh Sun Mar  8 20:53:20 CET 2026
#@# Cortical ribbon mask Sun Mar  8 20:53:20 CET 2026
recon-all -s sub-v1s14x0051575_ses-1 finished without error at Sun Mar  8 20:59:30 CET 2026



#New# invocation of recon-all 



status file for recon-all
Sun Mar  8 21:05:16 CET 2026
#@# white curv lh Sun Mar  8 21:05:16 CET 2026
#@# white area lh Sun Mar  8 21:05:16 CET 2026
#@# pial curv lh Sun Mar  8 21:05:16 CET 2026
#@# pial area lh Sun Mar  8 21:05:16 CET 2026
#@# thickness lh Sun Mar  8 21:05:16 CET 2026
#@# area and vertex vol lh Sun Mar  8 21:05:16 CET 2026
#@# white curv rh Sun Mar  8 21:05:16 CET 2026
#@# white area rh Sun Mar  8 21:05:16 CET 2026
#@# pial curv rh Sun Mar  8 21:05:16 CET 2026
#@# pial area rh Sun Mar  8 21:05:16 CET 2026
#@# thickness rh Sun Mar  8 21:05:16 CET 2026
#@# area and vertex vol rh Sun Mar  8 21:05:16 CET 2026
#@# Curvature Stats lh Sun Mar  8 21:05:16 CET 2026
#@# Curvature Stats rh Sun Mar  8 21:05:18 CET 2026
#@# Relabel Hypointensities Sun Mar  8 21:05:20 CET 2026
#@# APas-to-ASeg Sun Mar  8 21:05:31 CET 2026
#@# AParc-to-ASeg aparc Sun Mar  8 21:05:38 CET 2026
#@# AParc-to-ASeg aparc.a2009s Sun Mar  8 21:06:01 CET 2026
#@# AParc-to-ASeg aparc.DKTatlas Sun Mar  8 21:06:25 CET 2026
#@# WMParc Sun Mar  8 21:06:48 CET 2026
#@# ASeg Stats Sun Mar  8 21:08:44 CET 2026
recon-all -s sub-v1s14x0051575_ses-1 finished without error at Sun Mar  8 21:09:04 CET 2026
