status file for recon-all
Sun Mar  8 19:18:54 CET 2026
#@# MotionCor Sun Mar  8 19:18:56 CET 2026
#@# Talairach Sun Mar  8 19:19:01 CET 2026
#@# Talairach Failure Detection Sun Mar  8 19:21:53 CET 2026
#@# Nu Intensity Correction Sun Mar  8 19:21:53 CET 2026
#@# Intensity Normalization Sun Mar  8 19:24:38 CET 2026
recon-all -s sub-v1s14x0051578_ses-1 finished without error at Sun Mar  8 19:25:43 CET 2026



#New# invocation of recon-all 



status file for recon-all
Sun Mar  8 19:32:06 CET 2026
#@# EM Registration Sun Mar  8 19:32:06 CET 2026
recon-all -s sub-v1s14x0051578_ses-1 finished without error at Sun Mar  8 19:33:22 CET 2026



#New# invocation of recon-all 



status file for recon-all
Sun Mar  8 19:33:24 CET 2026
#@# CA Normalize Sun Mar  8 19:33:24 CET 2026
#@# CA Reg Sun Mar  8 19:34:16 CET 2026
#@# SubCort Seg Sun Mar  8 20:07:06 CET 2026
#@# CC Seg Sun Mar  8 20:32:00 CET 2026
#@# Merge ASeg Sun Mar  8 20:32:24 CET 2026
#@# Intensity Normalization2 Sun Mar  8 20:32:24 CET 2026
#@# Mask BFS Sun Mar  8 20:33:52 CET 2026
#@# WM Segmentation Sun Mar  8 20:33:53 CET 2026
#@# Fill Sun Mar  8 20:35:36 CET 2026
recon-all -s sub-v1s14x0051578_ses-1 finished without error at Sun Mar  8 20:36:14 CET 2026



#New# invocation of recon-all 



status file for recon-all
Sun Mar  8 21:17:46 CET 2026
#@# white curv lh Sun Mar  8 21:17:46 CET 2026
#@# white area lh Sun Mar  8 21:17:46 CET 2026
#@# pial curv lh Sun Mar  8 21:17:46 CET 2026
#@# pial area lh Sun Mar  8 21:17:46 CET 2026
#@# thickness lh Sun Mar  8 21:17:46 CET 2026
#@# area and vertex vol lh Sun Mar  8 21:17:46 CET 2026
#@# white curv rh Sun Mar  8 21:17:46 CET 2026
#@# white area rh Sun Mar  8 21:17:46 CET 2026
#@# pial curv rh Sun Mar  8 21:17:46 CET 2026
#@# pial area rh Sun Mar  8 21:17:46 CET 2026
#@# thickness rh Sun Mar  8 21:17:46 CET 2026
#@# area and vertex vol rh Sun Mar  8 21:17:46 CET 2026
#@# Cortical ribbon mask Sun Mar  8 21:17:46 CET 2026
recon-all -s sub-v1s14x0051578_ses-1 finished without error at Sun Mar  8 21:22:39 CET 2026



#New# invocation of recon-all 



status file for recon-all
Sun Mar  8 21:28:08 CET 2026
#@# white curv lh Sun Mar  8 21:28:08 CET 2026
#@# white area lh Sun Mar  8 21:28:08 CET 2026
#@# pial curv lh Sun Mar  8 21:28:08 CET 2026
#@# pial area lh Sun Mar  8 21:28:08 CET 2026
#@# thickness lh Sun Mar  8 21:28:08 CET 2026
#@# area and vertex vol lh Sun Mar  8 21:28:08 CET 2026
#@# white curv rh Sun Mar  8 21:28:08 CET 2026
#@# white area rh Sun Mar  8 21:28:08 CET 2026
#@# pial curv rh Sun Mar  8 21:28:08 CET 2026
#@# pial area rh Sun Mar  8 21:28:08 CET 2026
#@# thickness rh Sun Mar  8 21:28:08 CET 2026
#@# area and vertex vol rh Sun Mar  8 21:28:08 CET 2026
#@# Curvature Stats lh Sun Mar  8 21:28:08 CET 2026
#@# Curvature Stats rh Sun Mar  8 21:28:10 CET 2026
#@# Relabel Hypointensities Sun Mar  8 21:28:12 CET 2026
#@# APas-to-ASeg Sun Mar  8 21:28:23 CET 2026
#@# AParc-to-ASeg aparc Sun Mar  8 21:28:29 CET 2026
#@# AParc-to-ASeg aparc.a2009s Sun Mar  8 21:28:53 CET 2026
#@# AParc-to-ASeg aparc.DKTatlas Sun Mar  8 21:29:17 CET 2026
#@# WMParc Sun Mar  8 21:29:41 CET 2026
#@# ASeg Stats Sun Mar  8 21:31:21 CET 2026
recon-all -s sub-v1s14x0051578_ses-1 finished without error at Sun Mar  8 21:31:38 CET 2026
