status file for recon-all
Sun Mar  8 20:57:12 CET 2026
#@# Tessellate rh Sun Mar  8 20:57:12 CET 2026
#@# Smooth1 rh Sun Mar  8 20:57:14 CET 2026
#@# Inflation1 rh Sun Mar  8 20:57:17 CET 2026
#@# QSphere rh Sun Mar  8 20:57:25 CET 2026
#@# Fix Topology rh Sun Mar  8 20:58:06 CET 2026
#@# Smooth2 rh Sun Mar  8 21:04:24 CET 2026
#@# Inflation2 rh Sun Mar  8 21:04:27 CET 2026
#@# Curv .H and .K rh Sun Mar  8 21:04:36 CET 2026
#@# Sphere rh Sun Mar  8 21:05:20 CET 2026
#@# Surf Reg rh Sun Mar  8 21:07:39 CET 2026
#@# Jacobian white rh Sun Mar  8 21:10:44 CET 2026
#@# AvgCurv rh Sun Mar  8 21:10:44 CET 2026
#@# Cortical Parc rh Sun Mar  8 21:10:45 CET 2026
#@# white curv rh Sun Mar  8 21:16:50 CET 2026
#@# white area rh Sun Mar  8 21:16:51 CET 2026
#@# pial curv rh Sun Mar  8 21:16:52 CET 2026
#@# pial area rh Sun Mar  8 21:16:53 CET 2026
#@# thickness rh Sun Mar  8 21:16:54 CET 2026
#@# area and vertex vol rh Sun Mar  8 21:17:17 CET 2026
#@# Curvature Stats rh Sun Mar  8 21:17:18 CET 2026
#@# Cortical Parc 2 rh Sun Mar  8 21:17:20 CET 2026
#@# Cortical Parc 3 rh Sun Mar  8 21:17:31 CET 2026
#@# WM/GM Contrast rh Sun Mar  8 21:17:39 CET 2026
recon-all -s sub-v1s14x0051578_ses-1 finished without error at Sun Mar  8 21:17:41 CET 2026



#New# invocation of recon-all 



status file for recon-all
Sun Mar  8 21:25:23 CET 2026
#@# white curv rh Sun Mar  8 21:25:23 CET 2026
#@# white area rh Sun Mar  8 21:25:23 CET 2026
#@# pial curv rh Sun Mar  8 21:25:23 CET 2026
#@# pial area rh Sun Mar  8 21:25:23 CET 2026
#@# thickness rh Sun Mar  8 21:25:23 CET 2026
#@# area and vertex vol rh Sun Mar  8 21:25:23 CET 2026
#@# Parcellation Stats rh Sun Mar  8 21:25:23 CET 2026
#@# Parcellation Stats 2 rh Sun Mar  8 21:25:42 CET 2026
#@# Parcellation Stats 3 rh Sun Mar  8 21:25:52 CET 2026
#@# BA_exvivo Labels rh Sun Mar  8 21:26:02 CET 2026
recon-all -s sub-v1s14x0051578_ses-1 finished without error at Sun Mar  8 21:28:03 CET 2026
