/out/sourcedata/freesurfer/sub-v1s14x0051577_ses-1/mri
/opt/freesurfer/bin/talairach_avi
--i orig_nu.mgz --xfm transforms/talairach.auto.xfm
talairach_avi 7.3.2
Linux dna075 5.14.0-427.37.1.el9_4.x86_64 #1 SMP PREEMPT_DYNAMIC Fri Sep 13 12:41:50 EDT 2024 x86_64 x86_64 x86_64 GNU/Linux
Sun Mar  8 19:08:15 CET 2026
mri_convert orig_nu.mgz talsrcimg.img 
reading from orig_nu.mgz...
TR=0.00, TE=0.00, TI=0.00, flip angle=0.00
i_ras = (-1, 2.64845e-09, 0)
j_ras = (0, 0, -1)
k_ras = (-8.44011e-10, 1, -1.49012e-08)
writing to talsrcimg.img...
Analyze Output Matrix
-1.00000   0.00000  -0.00000   128.24590;
 0.00000   0.00000   1.00000  -120.10416;
 0.00000  -1.00000  -0.00000   154.57422;
 0.00000   0.00000   0.00000   1.00000;
--------------------
INFO: set hdr.hist.orient to -1
mpr2mni305 talsrcimg
Sun Mar  8 19:08:15 CET 2026
/opt/freesurfer/bin/mpr2mni305 talsrcimg
mpr2mni305 7.3.2
target=711-2C_as_mni_average_305

---------------------------------------------------------------------
analyzeto4dfp talsrcimg -O0 -y
---------------------------------------------------------------------

freesurfer ifh2hdr.c
Sun Mar  8 19:08:16 2026
Writing: talsrcimg.4dfp.hdr
freesurfer analyzeto4dfp.c
Reading: talsrcimg.hdr
header size 348 bytes
hdr.dime.datatype	offset=70	value=2
hdr.dime.bitpix		offset=72	value=8
hdr.hist.orient		offset=252	value=-1
dimensionality     4
dimensions       256       256       256         1
Reading: talsrcimg.img
Writing: talsrcimg.4dfp.img
Writing: talsrcimg.4dfp.ifh
ifh2hdr talsrcimg -r0to246
ori=2

---------------------------------------------------------------------
gauss_4dfp talsrcimg 1.1
---------------------------------------------------------------------

freesurfer gauss_4dfp.c
Reading: talsrcimg.4dfp.img
Writing: talsrcimg_g11.4dfp.img
image dimensions 256 256 256 padded to 288 288 288
processing volume 1freesurfer ifh2hdr.c
Sun Mar  8 19:08:17 2026
Writing: talsrcimg_g11.4dfp.hdr

Writing: talsrcimg_g11.4dfp.ifh
including: talsrcimg.4dfp.img.rec in talsrcimg_g11.4dfp.img.rec

---------------------------------------------------------------------
imgreg_4dfp /opt/freesurfer/average/711-2C_as_mni_average_305 none talsrcimg_g11 none talsrcimg_to_711-2C_as_mni_average_305_t4 4355
---------------------------------------------------------------------

freesurfer imgreg_4dfp.c
/opt/freesurfer/average/711-2C_as_mni_average_305.4dfp.img
       256       256       256         1
  1.000000  1.000000  1.000000
orientation T byte_order littleendian
Reading image: /opt/freesurfer/average/711-2C_as_mni_average_305.4dfp.img
dimensions:      256       256       256
mmppix:       1.0000   -1.0000   -1.0000
center:     128.0000 -129.0000 -129.0000
talsrcimg_g11.4dfp.img
       256       256       256         1
  1.000000  1.000000  1.000000
orientation T byte_order littleendian
Reading image: talsrcimg_g11.4dfp.img
dimensions:      256       256       256
mmppix:       1.0000   -1.0000   -1.0000
center:     128.0000 -129.0000 -129.0000
t4_read: open error in t4_sub.f l:  41 t4_file(1:l)talsrcimg_to_711-2C_as_mni_average_305_t4 
t4_read: transform initialized to I4
rotation matrix determinant  1.000000
image alignment mode   4355 decimal     1103 hex
   -7.5000  -45.0000  -45.0000 8541.1680   16.6257
    0.0000  -45.0000  -45.0000 8927.4570   16.6252
    7.5000  -45.0000  -45.0000 8499.1387   16.6482
   -7.5000  -37.5000  -45.0000 8832.3271   16.6095
    0.0000  -37.5000  -45.0000 9222.1064   16.6090
    7.5000  -37.5000  -45.0000 8801.4756   16.6319
   -7.5000  -30.0000  -45.0000 9442.1885   16.6414
    0.0000  -30.0000  -45.0000 9867.3535   16.6437
    7.5000  -30.0000  -45.0000 9413.1045   16.6698
   -7.5000  -22.5000  -45.000010011.9658   16.6916
    0.0000  -22.5000  -45.000010460.6338   16.6975
    7.5000  -22.5000  -45.0000 9963.7871   16.7263
   -7.5000  -15.0000  -45.000010480.8584   16.7117
    0.0000  -15.0000  -45.000010937.9590   16.7199
    7.5000  -15.0000  -45.000010438.8975   16.7499
   -7.5000   -7.5000  -45.000010873.0342   16.6775
    0.0000   -7.5000  -45.000011345.2695   16.6822
    7.5000   -7.5000  -45.000010821.7295   16.7096
   -7.5000    0.0000  -45.000011189.8652   16.6257
    0.0000    0.0000  -45.000011672.4785   16.6252
    7.5000    0.0000  -45.000011109.8135   16.6482
   -7.5000    7.5000  -45.000010460.8271   16.6095
    0.0000    7.5000  -45.000010933.4199   16.6090
    7.5000    7.5000  -45.000010383.0039   16.6319
   -7.5000   15.0000  -45.0000 9606.2070   16.6414
    0.0000   15.0000  -45.000010040.4668   16.6437
    7.5000   15.0000  -45.0000 9528.5068   16.6698
   -7.5000   22.5000  -45.0000 8793.3906   16.6893
    0.0000   22.5000  -45.0000 9178.7822   16.6952
    7.5000   22.5000  -45.0000 8701.1318   16.7240
   -7.5000   30.0000  -45.0000 8012.7793   16.4890
    0.0000   30.0000  -45.0000 8366.0664   16.4970
    7.5000   30.0000  -45.0000 7927.0854   16.5267
   -7.5000   37.5000  -45.0000 7392.8511   16.4732
    0.0000   37.5000  -45.0000 7735.6689   16.4776
    7.5000   37.5000  -45.0000 7313.7925   16.5047
   -7.5000   45.0000  -45.0000 6532.1445   16.1515
    0.0000   45.0000  -45.0000 6801.0874   16.1504
    7.5000   45.0000  -45.0000 6426.9819   16.1718
   -7.5000  -45.0000  -37.5000 9157.9414   16.4651
    0.0000  -45.0000  -37.5000 9574.1543   16.4531
    7.5000  -45.0000  -37.5000 9091.9131   16.4645
   -7.5000  -37.5000  -37.5000 9459.0146   16.4571
    0.0000  -37.5000  -37.5000 9887.5146   16.4455
    7.5000  -37.5000  -37.5000 9386.7539   16.4593
   -7.5000  -30.0000  -37.500010086.3662   16.4947
    0.0000  -30.0000  -37.500010539.4688   16.4872
    7.5000  -30.0000  -37.500010020.5029   16.5050
   -7.5000  -22.5000  -37.500010681.1182   16.5411
    0.0000  -22.5000  -37.500011161.6680   16.5387
    7.5000  -22.5000  -37.500010611.1924   16.5580
   -7.5000  -15.0000  -37.500011196.0625   16.5513
    0.0000  -15.0000  -37.500011677.8975   16.5509
    7.5000  -15.0000  -37.500011151.1572   16.5701
   -7.5000   -7.5000  -37.500011608.6260   16.5127
    0.0000   -7.5000  -37.500012113.1406   16.5069
    7.5000   -7.5000  -37.500011555.8408   16.5223
   -7.5000    0.0000  -37.500011917.8242   16.4651
    0.0000    0.0000  -37.500012444.7197   16.4531
    7.5000    0.0000  -37.500011838.3809   16.4645
   -7.5000    7.5000  -37.500011130.6240   16.4571
    0.0000    7.5000  -37.500011619.1934   16.4455
    7.5000    7.5000  -37.500011044.1973   16.4593
   -7.5000   15.0000  -37.500010191.5596   16.4947
    0.0000   15.0000  -37.500010661.5312   16.4872
    7.5000   15.0000  -37.500010132.6445   16.5050
   -7.5000   22.5000  -37.5000 9316.4268   16.5389
    0.0000   22.5000  -37.5000 9737.4199   16.5364
    7.5000   22.5000  -37.5000 9245.9346   16.5557
   -7.5000   30.0000  -37.5000 8464.0703   16.3307
    0.0000   30.0000  -37.5000 8827.2783   16.3303
    7.5000   30.0000  -37.5000 8389.6221   16.3493
   -7.5000   37.5000  -37.5000 7812.2666   16.3092
    0.0000   37.5000  -37.5000 8154.6860   16.3034
    7.5000   37.5000  -37.5000 7730.8096   16.3185
   -7.5000   45.0000  -37.5000 6875.2090   15.9928
    0.0000   45.0000  -37.5000 7171.6875   15.9808
    7.5000   45.0000  -37.5000 6798.5498   15.9910
   -7.5000  -45.0000  -30.0000 9938.4717   17.0406
    0.0000  -45.0000  -30.000010369.9463   17.0320
    7.5000  -45.0000  -30.0000 9855.1289   17.0433
   -7.5000  -37.5000  -30.000010274.2139   17.0361
    0.0000  -37.5000  -30.000010704.4414   17.0288
    7.5000  -37.5000  -30.000010175.8955   17.0426
   -7.5000  -30.0000  -30.000010948.3818   17.0782
    0.0000  -30.0000  -30.000011420.3887   17.0753
    7.5000  -30.0000  -30.000010859.0352   17.0917
   -7.5000  -22.5000  -30.000011586.4785   17.1262
    0.0000  -22.5000  -30.000012082.9463   17.1278
    7.5000  -22.5000  -30.000011494.0137   17.1447
   -7.5000  -15.0000  -30.000012116.9521   17.1314
    0.0000  -15.0000  -30.000012629.4990   17.1338
    7.5000  -15.0000  -30.000012043.3135   17.1509
   -7.5000   -7.5000  -30.000012560.6846   17.0878
    0.0000   -7.5000  -30.000013086.9209   17.0845
    7.5000   -7.5000  -30.000012473.9434   17.0987
   -7.5000    0.0000  -30.000012861.6943   17.0406
    0.0000    0.0000  -30.000013407.0664   17.0320
    7.5000    0.0000  -30.000012775.6670   17.0433
   -7.5000    7.5000  -30.000011986.0059   17.0361
    0.0000    7.5000  -30.000012490.8994   17.0288
    7.5000    7.5000  -30.000011900.4062   17.0426
   -7.5000   15.0000  -30.000010979.3594   17.0782
    0.0000   15.0000  -30.000011429.7588   17.0753
    7.5000   15.0000  -30.000010884.5430   17.0917
   -7.5000   22.5000  -30.0000 9997.7178   17.1221
    0.0000   22.5000  -30.000010430.6826   17.1237
    7.5000   22.5000  -30.0000 9912.4189   17.1406
   -7.5000   30.0000  -30.0000 9057.8574   16.9047
    0.0000   30.0000  -30.0000 9438.5938   16.9071
    7.5000   30.0000  -30.0000 8968.8701   16.9240
   -7.5000   37.5000  -30.0000 8350.2021   16.8785
    0.0000   37.5000  -30.0000 8711.0342   16.8751
    7.5000   37.5000  -30.0000 8261.9512   16.8891
   -7.5000   45.0000  -30.0000 7322.7212   16.5618
    0.0000   45.0000  -30.0000 7634.9951   16.5534
    7.5000   45.0000  -30.0000 7257.6230   16.5633
   -7.5000  -45.0000  -22.500010758.1621   17.5543
    0.0000  -45.0000  -22.500011202.2510   17.5637
    7.5000  -45.0000  -22.500010662.5400   17.5911
   -7.5000  -37.5000  -22.500011117.8037   17.5510
    0.0000  -37.5000  -22.500011589.0273   17.5614
    7.5000  -37.5000  -22.500011004.6475   17.5885
   -7.5000  -30.0000  -22.500011826.0791   17.5953
    0.0000  -30.0000  -22.500012330.6309   17.6089
    7.5000  -30.0000  -22.500011731.1299   17.6367
   -7.5000  -22.5000  -22.500012483.7852   17.6457
    0.0000  -22.5000  -22.500012998.7100   17.6626
    7.5000  -22.5000  -22.500012383.4980   17.6915
   -7.5000  -15.0000  -22.500013061.4434   17.6497
    0.0000  -15.0000  -22.500013588.8506   17.6675
    7.5000  -15.0000  -22.500012940.8750   17.6983
   -7.5000   -7.5000  -22.500013514.9102   17.6027
    0.0000   -7.5000  -22.500014076.8125   17.6161
    7.5000   -7.5000  -22.500013400.6973   17.6460
   -7.5000    0.0000  -22.500013840.6709   17.5543
    0.0000    0.0000  -22.500014392.5195   17.5637
    7.5000    0.0000  -22.500013698.8340   17.5911
   -7.5000    7.5000  -22.500012895.4170   17.5510
    0.0000    7.5000  -22.500013421.5098   17.5614
    7.5000    7.5000  -22.500012769.8799   17.5885
   -7.5000   15.0000  -22.500011757.9961   17.5953
    0.0000   15.0000  -22.500012255.3037   17.6089
    7.5000   15.0000  -22.500011675.1006   17.6367
   -7.5000   22.5000  -22.500010694.5830   17.6402
    0.0000   22.5000  -22.500011168.0967   17.6572
    7.5000   22.5000  -22.500010613.4238   17.6861
   -7.5000   30.0000  -22.5000 9647.0654   17.4189
    0.0000   30.0000  -22.500010050.2881   17.4365
    7.5000   30.0000  -22.5000 9566.2754   17.4668
   -7.5000   37.5000  -22.5000 8901.6123   17.3903
    0.0000   37.5000  -22.5000 9277.3945   17.4036
    7.5000   37.5000  -22.5000 8810.6309   17.4331
   -7.5000   45.0000  -22.5000 7787.8203   17.0733
    0.0000   45.0000  -22.5000 8106.3408   17.0824
    7.5000   45.0000  -22.5000 7716.6719   17.1076
   -7.5000  -45.0000  -15.000011581.0889   17.9660
    0.0000  -45.0000  -15.000012071.2119   17.9898
    7.5000  -45.0000  -15.000011477.7061   18.0313
   -7.5000  -37.5000  -15.000011959.7930   17.9584
    0.0000  -37.5000  -15.000012475.3428   17.9824
    7.5000  -37.5000  -15.000011842.1445   18.0218
   -7.5000  -30.0000  -15.000012729.1484   17.9998
    0.0000  -30.0000  -15.000013259.4678   18.0261
    7.5000  -30.0000  -15.000012593.1475   18.0659
   -7.5000  -22.5000  -15.000013439.0049   18.0526
    0.0000  -22.5000  -15.000014012.6729   18.0813
    7.5000  -22.5000  -15.000013294.5537   18.1237
   -7.5000  -15.0000  -15.000014045.5244   18.0627
    0.0000  -15.0000  -15.000014647.0127   18.0926
    7.5000  -15.0000  -15.000013901.8887   18.1374
   -7.5000   -7.5000  -15.000014513.7441   18.0174
    0.0000   -7.5000  -15.000015117.5889   18.0446
    7.5000   -7.5000  -15.000014366.5771   18.0891
   -7.5000    0.0000  -15.000014819.7168   17.9660
    0.0000    0.0000  -15.000015407.4883   17.9898
    7.5000    0.0000  -15.000014668.7520   18.0313
   -7.5000    7.5000  -15.000013806.5283   17.9584
    0.0000    7.5000  -15.000014355.9150   17.9824
    7.5000    7.5000  -15.000013691.4570   18.0218
   -7.5000   15.0000  -15.000012576.2510   17.9998
    0.0000   15.0000  -15.000013097.9414   18.0261
    7.5000   15.0000  -15.000012500.4805   18.0659
   -7.5000   22.5000  -15.000011427.9678   18.0463
    0.0000   22.5000  -15.000011901.3789   18.0749
    7.5000   22.5000  -15.000011363.3018   18.1173
   -7.5000   30.0000  -15.000010287.3955   17.8289
    0.0000   30.0000  -15.000010701.6416   17.8584
    7.5000   30.0000  -15.000010193.2393   17.9027
   -7.5000   37.5000  -15.0000 9461.1602   17.8034
    0.0000   37.5000  -15.0000 9856.5596   17.8303
    7.5000   37.5000  -15.0000 9363.0996   17.8743
   -7.5000   45.0000  -15.0000 8290.9512   17.4855
    0.0000   45.0000  -15.0000 8624.4170   17.5085
    7.5000   45.0000  -15.0000 8208.1211   17.5474
   -7.5000  -45.0000   -7.500012469.5938   18.1911
    0.0000  -45.0000   -7.500013000.6162   18.2098
    7.5000  -45.0000   -7.500012333.9102   18.2498
   -7.5000  -37.5000   -7.500012867.4385   18.1778
    0.0000  -37.5000   -7.500013426.1465   18.1962
    7.5000  -37.5000   -7.500012724.1572   18.2342
   -7.5000  -30.0000   -7.500013651.7998   18.2145
    0.0000  -30.0000   -7.500014271.7656   18.2351
    7.5000  -30.0000   -7.500013507.7441   18.2748
   -7.5000  -22.5000   -7.500014429.9180   18.2679
    0.0000  -22.5000   -7.500015110.9697   18.2912
    7.5000  -22.5000   -7.500014282.2529   18.3339
   -7.5000  -15.0000   -7.500015082.9229   18.2854
    0.0000  -15.0000   -7.500015793.2490   18.3108
    7.5000  -15.0000   -7.500014947.7793   18.3556
   -7.5000   -7.5000   -7.500015531.0889   18.2453
    0.0000   -7.5000   -7.500016229.6523   18.2682
    7.5000   -7.5000   -7.500015403.9180   18.3120
   -7.5000    0.0000   -7.500015799.6943   18.1911
    0.0000    0.0000   -7.500016509.6445   18.2098
    7.5000    0.0000   -7.500015676.3193   18.2498
   -7.5000    7.5000   -7.500014718.5469   18.1778
    0.0000    7.5000   -7.500015350.5596   18.1962
    7.5000    7.5000   -7.500014623.5244   18.2342
   -7.5000   15.0000   -7.500013423.3066   18.2145
    0.0000   15.0000   -7.500014000.7686   18.2351
    7.5000   15.0000   -7.500013325.0938   18.2748
   -7.5000   22.5000   -7.500012205.1357   18.2594
    0.0000   22.5000   -7.500012712.2637   18.2827
    7.5000   22.5000   -7.500012132.6357   18.3255
   -7.5000   30.0000   -7.500010977.1328   18.0483
    0.0000   30.0000   -7.500011442.0146   18.0733
    7.5000   30.0000   -7.500010894.3975   18.1176
   -7.5000   37.5000   -7.500010085.0127   18.0284
    0.0000   37.5000   -7.500010507.3594   18.0510
    7.5000   37.5000   -7.5000 9986.8877   18.0944
   -7.5000   45.0000   -7.5000 8839.2266   17.7091
    0.0000   45.0000   -7.5000 9195.7666   17.7268
    7.5000   45.0000   -7.5000 8748.5137   17.7645
   -7.5000  -45.0000    0.000013253.8320   18.2547
    0.0000  -45.0000    0.000013840.4229   18.2556
    7.5000  -45.0000    0.000013140.6270   18.2821
   -7.5000  -37.5000    0.000013709.3623   18.2393
    0.0000  -37.5000    0.000014341.9385   18.2401
    7.5000  -37.5000    0.000013591.9814   18.2667
   -7.5000  -30.0000    0.000014546.3613   18.2743
    0.0000  -30.0000    0.000015240.2031   18.2786
    7.5000  -30.0000    0.000014416.0645   18.3085
   -7.5000  -22.5000    0.000015326.9434   18.3267
    0.0000  -22.5000    0.000016074.3867   18.3352
    7.5000  -22.5000    0.000015201.4092   18.3676
   -7.5000  -15.0000    0.000016035.0410   18.3464
    0.0000  -15.0000    0.000016773.9258   18.3574
    7.5000  -15.0000    0.000015917.1885   18.3906
   -7.5000   -7.5000    0.000016500.5938   18.3093
    0.0000   -7.5000    0.000017269.0918   18.3161
    7.5000   -7.5000    0.000016400.1367   18.3468
   -7.5000    0.0000    0.000016738.4336   18.2547
    0.0000    0.0000    0.000017527.7656   18.2556
    7.5000    0.0000    0.000016633.0020   18.2821
   -7.5000    7.5000    0.000015609.4541   18.2393
    0.0000    7.5000    0.000016312.4639   18.2401
    7.5000    7.5000    0.000015499.8340   18.2667
   -7.5000   15.0000    0.000014251.7520   18.2743
    0.0000   15.0000    0.000014917.7178   18.2786
    7.5000   15.0000    0.000014162.8623   18.3085
   -7.5000   22.5000    0.000012950.5039   18.3182
    0.0000   22.5000    0.000013542.4629   18.3268
    7.5000   22.5000    0.000012866.1055   18.3592
   -7.5000   30.0000    0.000011639.9824   18.1089
    0.0000   30.0000    0.000012185.9531   18.1199
    7.5000   30.0000    0.000011559.0742   18.1526
   -7.5000   37.5000    0.000010670.2949   18.0916
    0.0000   37.5000    0.000011174.5791   18.0981
    7.5000   37.5000    0.000010571.9014   18.1285
   -7.5000   45.0000    0.0000 9345.8682   17.7723
    0.0000   45.0000    0.0000 9764.0400   17.7726
    7.5000   45.0000    0.0000 9245.1396   17.7973
   -7.5000  -45.0000    7.500013008.5605   18.2629
    0.0000  -45.0000    7.500013604.5703   18.2507
    7.5000  -45.0000    7.500012919.2900   18.2636
   -7.5000  -37.5000    7.500013521.0859   18.2517
    0.0000  -37.5000    7.500014188.2246   18.2403
    7.5000  -37.5000    7.500013422.7949   18.2558
   -7.5000  -30.0000    7.500014442.4658   18.2908
    0.0000  -30.0000    7.500015181.9814   18.2842
    7.5000  -30.0000    7.500014315.4316   18.3038
   -7.5000  -22.5000    7.500015186.9717   18.3422
    0.0000  -22.5000    7.500015946.1816   18.3410
    7.5000  -22.5000    7.500015067.5791   18.3619
   -7.5000  -15.0000    7.500015805.8037   18.3556
    0.0000  -15.0000    7.500016584.1855   18.3564
    7.5000  -15.0000    7.500015697.0928   18.3771
   -7.5000   -7.5000    7.500016229.1895   18.3153
    0.0000   -7.5000    7.500017018.0488   18.3099
    7.5000   -7.5000    7.500016105.9551   18.3267
   -7.5000    0.0000    7.500016443.0195   18.2629
    0.0000    0.0000    7.500017251.5137   18.2507
    7.5000    0.0000    7.500016280.6445   18.2636
   -7.5000    7.5000    7.500015323.5586   18.2517
    0.0000    7.5000    7.500016041.9189   18.2403
    7.5000    7.5000    7.500015180.8379   18.2558
   -7.5000   15.0000    7.500014012.9082   18.2908
    0.0000   15.0000    7.500014677.9287   18.2842
    7.5000   15.0000    7.500013897.7744   18.3038
   -7.5000   22.5000    7.500012740.8770   18.3337
    0.0000   22.5000    7.500013359.7236   18.3326
    7.5000   22.5000    7.500012658.4287   18.3535
   -7.5000   30.0000    7.500011470.4072   18.1181
    0.0000   30.0000    7.500012057.3389   18.1189
    7.5000   30.0000    7.500011399.5830   18.1392
   -7.5000   37.5000    7.500010527.3506   18.0966
    0.0000   37.5000    7.500011022.2891   18.0910
    7.5000   37.5000    7.500010428.4551   18.1076
   -7.5000   45.0000    7.5000 9175.6670   17.7792
    0.0000   45.0000    7.5000 9607.6641   17.7671
    7.5000   45.0000    7.5000 9092.6377   17.7786
   -7.5000  -45.0000   15.000012618.4482   18.2462
    0.0000  -45.0000   15.000013194.3408   18.2376
    7.5000  -45.0000   15.000012566.8936   18.2503
   -7.5000  -37.5000   15.000013187.3594   18.2415
    0.0000  -37.5000   15.000013853.7783   18.2340
    7.5000  -37.5000   15.000013068.3711   18.2493
   -7.5000  -30.0000   15.000014256.9805   18.2863
    0.0000  -30.0000   15.000015129.5938   18.2834
    7.5000  -30.0000   15.000014047.6963   18.3015
   -7.5000  -22.5000   15.000015083.4023   18.3374
    0.0000  -22.5000   15.000015994.4180   18.3396
    7.5000  -22.5000   15.000014876.0635   18.3581
   -7.5000  -15.0000   15.000015535.1514   18.3429
    0.0000  -15.0000   15.000016400.2070   18.3462
    7.5000  -15.0000   15.000015398.1533   18.3650
   -7.5000   -7.5000   15.000015806.5312   18.2965
    0.0000   -7.5000   15.000016635.4570   18.2937
    7.5000   -7.5000   15.000015679.1328   18.3094
   -7.5000    0.0000   15.000015928.2256   18.2462
    0.0000    0.0000   15.000016722.4434   18.2376
    7.5000    0.0000   15.000015801.0283   18.2503
   -7.5000    7.5000   15.000014829.3262   18.2415
    0.0000    7.5000   15.000015534.3164   18.2340
    7.5000    7.5000   15.000014708.4102   18.2493
   -7.5000   15.0000   15.000013591.1514   18.2863
    0.0000   15.0000   15.000014224.0088   18.2834
    7.5000   15.0000   15.000013500.4727   18.3015
   -7.5000   22.5000   15.000012393.7412   18.3289
    0.0000   22.5000   15.000012977.3438   18.3311
    7.5000   22.5000   15.000012319.6309   18.3496
   -7.5000   30.0000   15.000011153.7236   18.1055
    0.0000   30.0000   15.000011703.3662   18.1088
    7.5000   30.0000   15.000011082.2305   18.1273
   -7.5000   37.5000   15.000010214.9180   18.0776
    0.0000   37.5000   15.000010706.4854   18.0748
    7.5000   37.5000   15.000010137.9766   18.0903
   -7.5000   45.0000   15.0000 8891.1221   17.7618
    0.0000   45.0000   15.0000 9314.4414   17.7533
    7.5000   45.0000   15.0000 8820.9385   17.7645
   -7.5000  -45.0000   22.500012132.6680   18.2227
    0.0000  -45.0000   22.500012714.4346   18.2324
    7.5000  -45.0000   22.500012096.3506   18.2609
   -7.5000  -37.5000   22.500012647.0762   18.2193
    0.0000  -37.5000   22.500013306.3789   18.2300
    7.5000  -37.5000   22.500012549.4658   18.2582
   -7.5000  -30.0000   22.500013648.8389   18.2652
    0.0000  -30.0000   22.500014552.8242   18.2794
    7.5000  -30.0000   22.500013544.9531   18.3082
   -7.5000  -22.5000   22.500014464.5527   18.3175
    0.0000  -22.5000   22.500015394.8906   18.3351
    7.5000  -22.5000   22.500014378.2070   18.3651
   -7.5000  -15.0000   22.500014935.0381   18.3217
    0.0000  -15.0000   22.500015794.3262   18.3402
    7.5000  -15.0000   22.500014882.6543   18.3721
   -7.5000   -7.5000   22.500015252.6572   18.2729
    0.0000   -7.5000   22.500016081.0996   18.2868
    7.5000   -7.5000   22.500015190.1953   18.3178
   -7.5000    0.0000   22.500015301.6846   18.2227
    0.0000    0.0000   22.500016069.4043   18.2324
    7.5000    0.0000   22.500015231.1260   18.2609
   -7.5000    7.5000   22.500014232.8984   18.2193
    0.0000    7.5000   22.500014892.0059   18.2300
    7.5000    7.5000   22.500014138.1191   18.2582
   -7.5000   15.0000   22.500013038.1455   18.2652
    0.0000   15.0000   22.500013622.8057   18.2794
    7.5000   15.0000   22.500012953.2295   18.3082
   -7.5000   22.5000   22.500011879.2900   18.3091
    0.0000   22.5000   22.500012431.8652   18.3267
    7.5000   22.5000   22.500011811.0078   18.3566
   -7.5000   30.0000   22.500010684.4463   18.0846
    0.0000   30.0000   22.500011203.0459   18.1029
    7.5000   30.0000   22.500010635.1875   18.1344
   -7.5000   37.5000   22.5000 9828.3457   18.0550
    0.0000   37.5000   22.500010280.0400   18.0688
    7.5000   37.5000   22.5000 9750.2822   18.0994
   -7.5000   45.0000   22.5000 8576.4844   17.7387
    0.0000   45.0000   22.5000 8964.3594   17.7482
    7.5000   45.0000   22.5000 8493.2607   17.7744
   -7.5000  -45.0000   30.000011496.7871   18.2125
    0.0000  -45.0000   30.000012032.5625   18.2367
    7.5000  -45.0000   30.000011475.4902   18.2787
   -7.5000  -37.5000   30.000011937.1699   18.2048
    0.0000  -37.5000   30.000012551.4902   18.2292
    7.5000  -37.5000   30.000011915.4541   18.2691
   -7.5000  -30.0000   30.000012808.5898   18.2469
    0.0000  -30.0000   30.000013480.6924   18.2735
    7.5000  -30.0000   30.000012777.8311   18.3139
   -7.5000  -22.5000   30.000013485.6484   18.3004
    0.0000  -22.5000   30.000014098.7705   18.3295
    7.5000  -22.5000   30.000013446.1660   18.3724
   -7.5000  -15.0000   30.000014018.0850   18.3106
    0.0000  -15.0000   30.000014624.0098   18.3409
    7.5000  -15.0000   30.000013981.0420   18.3864
   -7.5000   -7.5000   30.000014461.4521   18.2647
    0.0000   -7.5000   30.000015128.6035   18.2922
    7.5000   -7.5000   30.000014418.2891   18.3373
   -7.5000    0.0000   30.000014573.3066   18.2125
    0.0000    0.0000   30.000015229.1211   18.2367
    7.5000    0.0000   30.000014510.3359   18.2787
   -7.5000    7.5000   30.000013561.9062   18.2048
    0.0000    7.5000   30.000014142.4053   18.2292
    7.5000    7.5000   30.000013459.4590   18.2691
   -7.5000   15.0000   30.000012392.0820   18.2469
    0.0000   15.0000   30.000012944.6826   18.2735
    7.5000   15.0000   30.000012296.9336   18.3139
   -7.5000   22.5000   30.000011256.4678   18.2920
    0.0000   22.5000   30.000011788.6445   18.3210
    7.5000   22.5000   30.000011191.6680   18.3640
   -7.5000   30.0000   30.000010105.7832   18.0736
    0.0000   30.0000   30.000010601.5234   18.1035
    7.5000   30.0000   30.000010065.1826   18.1484
   -7.5000   37.5000   30.0000 9279.0645   18.0478
    0.0000   37.5000   30.0000 9712.6611   18.0750
    7.5000   37.5000   30.0000 9207.5342   18.1196
   -7.5000   45.0000   30.0000 8102.2227   17.7301
    0.0000   45.0000   30.0000 8450.8076   17.7535
    7.5000   45.0000   30.0000 8014.4736   17.7929
   -7.5000  -45.0000   37.500011259.1006   18.3058
    0.0000  -45.0000   37.500011736.8125   18.3250
    7.5000  -45.0000   37.500011218.0918   18.3653
   -7.5000  -37.5000   37.500011684.7832   18.2923
    0.0000  -37.5000   37.500012224.0293   18.3113
    7.5000  -37.5000   37.500011664.2559   18.3498
   -7.5000  -30.0000   37.500012480.4834   18.3293
    0.0000  -30.0000   37.500013030.1436   18.3504
    7.5000  -30.0000   37.500012434.0830   18.3907
   -7.5000  -22.5000   37.500013126.8594   18.3831
    0.0000  -22.5000   37.500013628.7207   18.4069
    7.5000  -22.5000   37.500013036.3018   18.4502
   -7.5000  -15.0000   37.500013703.8418   18.4008
    0.0000  -15.0000   37.500014228.4922   18.4266
    7.5000  -15.0000   37.500013611.7402   18.4719
   -7.5000   -7.5000   37.500014148.0508   18.3606
    0.0000   -7.5000   37.500014739.0752   18.3838
    7.5000   -7.5000   37.500014057.0625   18.4279
   -7.5000    0.0000   37.500014262.1836   18.3058
    0.0000    0.0000   37.500014867.1895   18.3250
    7.5000    0.0000   37.500014167.9893   18.3653
   -7.5000    7.5000   37.500013255.5908   18.2923
    0.0000    7.5000   37.500013795.4561   18.3113
    7.5000    7.5000   37.500013146.8789   18.3498
   -7.5000   15.0000   37.500012141.4619   18.3293
    0.0000   15.0000   37.500012658.8340   18.3504
    7.5000   15.0000   37.500012037.3613   18.3907
   -7.5000   22.5000   37.500011016.7012   18.3746
    0.0000   22.5000   37.500011518.5117   18.3984
    7.5000   22.5000   37.500010955.6094   18.4417
   -7.5000   30.0000   37.5000 9863.4619   18.1627
    0.0000   30.0000   37.500010318.5996   18.1882
    7.5000   30.0000   37.5000 9822.6455   18.2328
   -7.5000   37.5000   37.5000 9017.3682   18.1429
    0.0000   37.5000   37.5000 9428.5762   18.1658
    7.5000   37.5000   37.5000 8963.0996   18.2095
   -7.5000   45.0000   37.5000 7908.4399   17.8229
    0.0000   45.0000   37.5000 8238.6201   17.8410
    7.5000   45.0000   37.5000 7821.3711   17.8791
   -7.5000  -45.0000   45.000010475.5410   18.4151
    0.0000  -45.0000   45.000010934.9609   18.4160
    7.5000  -45.0000   45.000010454.2119   18.4437
   -7.5000  -37.5000   45.000010899.9258   18.3993
    0.0000  -37.5000   45.000011376.0283   18.4002
    7.5000  -37.5000   45.000010879.2285   18.4280
   -7.5000  -30.0000   45.000011575.4424   18.4338
    0.0000  -30.0000   45.000012036.1055   18.4385
    7.5000  -30.0000   45.000011538.6797   18.4695
   -7.5000  -22.5000   45.000012143.7412   18.4860
    0.0000  -22.5000   45.000012615.7910   18.4952
    7.5000  -22.5000   45.000012085.9238   18.5287
   -7.5000  -15.0000   45.000012706.7734   18.5060
    0.0000  -15.0000   45.000013216.5518   18.5177
    7.5000  -15.0000   45.000012634.2129   18.5521
   -7.5000   -7.5000   45.000013130.6738   18.4696
    0.0000   -7.5000   45.000013665.6680   18.4766
    7.5000   -7.5000   45.000013052.5508   18.5087
   -7.5000    0.0000   45.000013263.2783   18.4151
    0.0000    0.0000   45.000013795.1094   18.4160
    7.5000    0.0000   45.000013170.6562   18.4437
   -7.5000    7.5000   45.000012304.5996   18.3993
    0.0000    7.5000   45.000012808.2910   18.4002
    7.5000    7.5000   45.000012227.7334   18.4280
   -7.5000   15.0000   45.000011283.0488   18.4338
    0.0000   15.0000   45.000011775.3447   18.4385
    7.5000   15.0000   45.000011205.9541   18.4695
   -7.5000   22.5000   45.000010258.6221   18.4775
    0.0000   22.5000   45.000010719.6328   18.4867
    7.5000   22.5000   45.000010201.5781   18.5201
   -7.5000   30.0000   45.0000 9155.6777   18.2649
    0.0000   30.0000   45.0000 9554.6143   18.2764
    7.5000   30.0000   45.0000 9088.0615   18.3105
   -7.5000   37.5000   45.0000 8358.0391   18.2487
    0.0000   37.5000   45.0000 8713.2432   18.2555
    7.5000   37.5000   45.0000 8292.5801   18.2872
   -7.5000   45.0000   45.0000 7332.8516   17.9394
    0.0000   45.0000   45.0000 7621.2959   17.9397
    7.5000   45.0000   45.0000 7238.5166   17.9656

---------------------------------------------------------------------
imgreg_4dfp /opt/freesurfer/average/711-2C_as_mni_average_305 /opt/freesurfer/average/711-2B_as_mni_average_305_mask talsrcimg_g11 none talsrcimg_to_711-2C_as_mni_average_305_t4 4355
---------------------------------------------------------------------

freesurfer imgreg_4dfp.c
/opt/freesurfer/average/711-2C_as_mni_average_305.4dfp.img
       256       256       256         1
  1.000000  1.000000  1.000000
orientation T byte_order littleendian
Reading image: /opt/freesurfer/average/711-2C_as_mni_average_305.4dfp.img
dimensions:      256       256       256
mmppix:       1.0000   -1.0000   -1.0000
center:     128.0000 -129.0000 -129.0000
/opt/freesurfer/average/711-2B_as_mni_average_305_mask.4dfp.img
       256       256       256         1
  1.000000  1.000000  1.000000
orientation T byte_order littleendian
Reading mask: /opt/freesurfer/average/711-2B_as_mni_average_305_mask.4dfp.img (2306576 pixels)
talsrcimg_g11.4dfp.img
       256       256       256         1
  1.000000  1.000000  1.000000
orientation T byte_order littleendian
Reading image: talsrcimg_g11.4dfp.img
dimensions:      256       256       256
mmppix:       1.0000   -1.0000   -1.0000
center:     128.0000 -129.0000 -129.0000
rotation matrix determinant  1.000000
image alignment mode   4355 decimal     1103 hex
   -7.5000  -45.0000  -45.0000 2188.2378   17.3197
    0.0000  -45.0000  -45.0000 2199.7368   17.2686
    7.5000  -45.0000  -45.0000 2182.2488   17.4776
   -7.5000  -37.5000  -45.0000 2214.9402   16.7457
    0.0000  -37.5000  -45.0000 2222.5249   16.7101
    7.5000  -37.5000  -45.0000 2205.1721   16.9399
   -7.5000  -30.0000  -45.0000 2222.2776   16.5589
    0.0000  -30.0000  -45.0000 2231.1660   16.4937
    7.5000  -30.0000  -45.0000 2209.1348   16.7410
   -7.5000  -22.5000  -45.0000 2217.7505   16.7650
    0.0000  -22.5000  -45.0000 2229.2065   16.6777
    7.5000  -22.5000  -45.0000 2200.8672   16.9413
   -7.5000  -15.0000  -45.0000 2187.7249   17.2152
    0.0000  -15.0000  -45.0000 2201.6726   17.1732
    7.5000  -15.0000  -45.0000 2173.3777   17.4173
   -7.5000   -7.5000  -45.0000 2145.0396   17.9297
    0.0000   -7.5000  -45.0000 2158.0190   17.8814
    7.5000   -7.5000  -45.0000 2134.5024   18.1143
   -7.5000    0.0000  -45.0000 2093.0679   18.9575
    0.0000    0.0000  -45.0000 2103.1116   18.8880
    7.5000    0.0000  -45.0000 2079.0310   19.1521
   -7.5000    7.5000  -45.0000 2026.9768   20.3808
    0.0000    7.5000  -45.0000 2035.7289   20.3084
    7.5000    7.5000  -45.0000 2013.0625   20.6059
   -7.5000   15.0000  -45.0000 1938.1290   22.3208
    0.0000   15.0000  -45.0000 1947.9181   22.2555
    7.5000   15.0000  -45.0000 1926.9791   22.6179
   -7.5000   22.5000  -45.0000 1835.5980   25.0126
    0.0000   22.5000  -45.0000 1842.9832   24.9118
    7.5000   22.5000  -45.0000 1823.7543   25.4431
   -7.5000   30.0000  -45.0000 1728.5991   28.7803
    0.0000   30.0000  -45.0000 1732.7494   28.5638
    7.5000   30.0000  -45.0000 1720.4033   29.0818
   -7.5000   37.5000  -45.0000 1610.1127   33.7732
    0.0000   37.5000  -45.0000 1621.1470   33.5599
    7.5000   37.5000  -45.0000 1605.0043   34.3429
   -7.5000   45.0000  -45.0000 1499.7632   40.8746
    0.0000   45.0000  -45.0000 1507.1329   40.6876
    7.5000   45.0000  -45.0000 1489.1617   41.5432
   -7.5000  -45.0000  -37.5000 2296.8232   15.9150
    0.0000  -45.0000  -37.5000 2311.1167   15.8359
    7.5000  -45.0000  -37.5000 2284.8721   16.0369
   -7.5000  -37.5000  -37.5000 2321.4880   15.3947
    0.0000  -37.5000  -37.5000 2333.7488   15.3114
    7.5000  -37.5000  -37.5000 2303.9312   15.5085
   -7.5000  -30.0000  -37.5000 2327.5537   15.1780
    0.0000  -30.0000  -37.5000 2339.0776   15.0969
    7.5000  -30.0000  -37.5000 2313.5801   15.2797
   -7.5000  -22.5000  -37.5000 2324.8582   15.2802
    0.0000  -22.5000  -37.5000 2335.7317   15.1602
    7.5000  -22.5000  -37.5000 2308.9719   15.3748
   -7.5000  -15.0000  -37.5000 2299.4319   15.6809
    0.0000  -15.0000  -37.5000 2312.6062   15.5703
    7.5000  -15.0000  -37.5000 2290.3235   15.8030
   -7.5000   -7.5000  -37.5000 2257.1116   16.3497
    0.0000   -7.5000  -37.5000 2273.8088   16.2559
    7.5000   -7.5000  -37.5000 2249.5491   16.4728
   -7.5000    0.0000  -37.5000 2201.8179   17.2627
    0.0000    0.0000  -37.5000 2213.9688   17.2025
    7.5000    0.0000  -37.5000 2187.8115   17.3945
   -7.5000    7.5000  -37.5000 2130.1409   18.5196
    0.0000    7.5000  -37.5000 2138.6143   18.4508
    7.5000    7.5000  -37.5000 2115.6555   18.6890
   -7.5000   15.0000  -37.5000 2037.5029   20.2922
    0.0000   15.0000  -37.5000 2045.3369   20.2092
    7.5000   15.0000  -37.5000 2024.9156   20.4992
   -7.5000   22.5000  -37.5000 1932.2919   22.6813
    0.0000   22.5000  -37.5000 1937.2766   22.6234
    7.5000   22.5000  -37.5000 1920.0903   22.9907
   -7.5000   30.0000  -37.5000 1812.0004   25.9967
    0.0000   30.0000  -37.5000 1815.8959   25.8891
    7.5000   30.0000  -37.5000 1804.0251   26.2415
   -7.5000   37.5000  -37.5000 1685.7988   30.2918
    0.0000   37.5000  -37.5000 1696.2190   30.0932
    7.5000   37.5000  -37.5000 1678.9727   30.7001
   -7.5000   45.0000  -37.5000 1559.9446   36.4455
    0.0000   45.0000  -37.5000 1570.3695   36.2022
    7.5000   45.0000  -37.5000 1553.9989   37.0139
   -7.5000  -45.0000  -30.0000 2442.7329   15.1774
    0.0000  -45.0000  -30.0000 2459.4956   15.1001
    7.5000  -45.0000  -30.0000 2428.0596   15.3006
   -7.5000  -37.5000  -30.0000 2469.4949   14.6765
    0.0000  -37.5000  -30.0000 2483.3894   14.5733
    7.5000  -37.5000  -30.0000 2453.1174   14.7771
   -7.5000  -30.0000  -30.0000 2478.3091   14.4460
    0.0000  -30.0000  -30.0000 2494.0964   14.3370
    7.5000  -30.0000  -30.0000 2467.2373   14.5443
   -7.5000  -22.5000  -30.0000 2479.7261   14.5006
    0.0000  -22.5000  -30.0000 2490.4062   14.3914
    7.5000  -22.5000  -30.0000 2464.1042   14.5895
   -7.5000  -15.0000  -30.0000 2450.9290   14.8493
    0.0000  -15.0000  -30.0000 2464.1926   14.7319
    7.5000  -15.0000  -30.0000 2439.5146   14.9601
   -7.5000   -7.5000  -30.0000 2410.0581   15.4075
    0.0000   -7.5000  -30.0000 2425.9333   15.3123
    7.5000   -7.5000  -30.0000 2397.8274   15.5525
   -7.5000    0.0000  -30.0000 2350.4749   16.2488
    0.0000    0.0000  -30.0000 2365.0562   16.1875
    7.5000    0.0000  -30.0000 2335.6614   16.4253
   -7.5000    7.5000  -30.0000 2272.7632   17.4391
    0.0000    7.5000  -30.0000 2283.3577   17.3685
    7.5000    7.5000  -30.0000 2252.8472   17.5967
   -7.5000   15.0000  -30.0000 2174.3337   19.1031
    0.0000   15.0000  -30.0000 2182.3293   19.0138
    7.5000   15.0000  -30.0000 2153.9751   19.2802
   -7.5000   22.5000  -30.0000 2054.4277   21.3662
    0.0000   22.5000  -30.0000 2066.0408   21.2797
    7.5000   22.5000  -30.0000 2037.0779   21.5769
   -7.5000   30.0000  -30.0000 1924.6915   24.3605
    0.0000   30.0000  -30.0000 1931.0602   24.2704
    7.5000   30.0000  -30.0000 1912.1206   24.5993
   -7.5000   37.5000  -30.0000 1794.0764   28.2857
    0.0000   37.5000  -30.0000 1800.5961   28.1770
    7.5000   37.5000  -30.0000 1782.1002   28.6483
   -7.5000   45.0000  -30.0000 1650.0941   33.7033
    0.0000   45.0000  -30.0000 1658.0668   33.6377
    7.5000   45.0000  -30.0000 1641.0469   34.3292
   -7.5000  -45.0000  -22.5000 2559.1099   14.4297
    0.0000  -45.0000  -22.5000 2570.0723   14.3451
    7.5000  -45.0000  -22.5000 2544.2195   14.5474
   -7.5000  -37.5000  -22.5000 2599.6138   13.8569
    0.0000  -37.5000  -22.5000 2613.4612   13.7721
    7.5000  -37.5000  -22.5000 2580.1812   13.9860
   -7.5000  -30.0000  -22.5000 2611.1223   13.6189
    0.0000  -30.0000  -22.5000 2625.7791   13.5450
    7.5000  -30.0000  -22.5000 2596.8635   13.7464
   -7.5000  -22.5000  -22.5000 2609.3640   13.6251
    0.0000  -22.5000  -22.5000 2620.0242   13.5502
    7.5000  -22.5000  -22.5000 2595.0269   13.7644
   -7.5000  -15.0000  -22.5000 2584.8821   13.9367
    0.0000  -15.0000  -22.5000 2592.8831   13.8331
    7.5000  -15.0000  -22.5000 2564.7849   14.0445
   -7.5000   -7.5000  -22.5000 2543.9805   14.4321
    0.0000   -7.5000  -22.5000 2556.1094   14.3341
    7.5000   -7.5000  -22.5000 2525.5750   14.5709
   -7.5000    0.0000  -22.5000 2480.3030   15.2351
    0.0000    0.0000  -22.5000 2491.2400   15.1476
    7.5000    0.0000  -22.5000 2461.7769   15.4089
   -7.5000    7.5000  -22.5000 2391.7358   16.3646
    0.0000    7.5000  -22.5000 2404.1082   16.2782
    7.5000    7.5000  -22.5000 2372.8577   16.5079
   -7.5000   15.0000  -22.5000 2283.5908   17.8869
    0.0000   15.0000  -22.5000 2298.0457   17.7863
    7.5000   15.0000  -22.5000 2267.6477   18.0701
   -7.5000   22.5000  -22.5000 2154.9409   19.9934
    0.0000   22.5000  -22.5000 2171.8608   19.9048
    7.5000   22.5000  -22.5000 2140.7632   20.1949
   -7.5000   30.0000  -22.5000 2019.9740   22.7720
    0.0000   30.0000  -22.5000 2030.9041   22.7175
    7.5000   30.0000  -22.5000 2008.9351   23.0148
   -7.5000   37.5000  -22.5000 1884.8004   26.4387
    0.0000   37.5000  -22.5000 1893.4532   26.3782
    7.5000   37.5000  -22.5000 1869.0012   26.7415
   -7.5000   45.0000  -22.5000 1730.3966   31.3505
    0.0000   45.0000  -22.5000 1731.4700   31.3006
    7.5000   45.0000  -22.5000 1721.2579   31.7872
   -7.5000  -45.0000  -15.0000 2641.5637   13.6684
    0.0000  -45.0000  -15.0000 2651.7502   13.6037
    7.5000  -45.0000  -15.0000 2625.7903   13.7993
   -7.5000  -37.5000  -15.0000 2689.0964   13.0917
    0.0000  -37.5000  -15.0000 2703.0503   13.0163
    7.5000  -37.5000  -15.0000 2671.0967   13.1921
   -7.5000  -30.0000  -15.0000 2717.7012   12.7800
    0.0000  -30.0000  -15.0000 2728.8506   12.7167
    7.5000  -30.0000  -15.0000 2698.5615   12.9083
   -7.5000  -22.5000  -15.0000 2717.4038   12.7957
    0.0000  -22.5000  -15.0000 2732.4321   12.7126
    7.5000  -22.5000  -15.0000 2698.0007   12.9221
   -7.5000  -15.0000  -15.0000 2698.2532   13.0818
    0.0000  -15.0000  -15.0000 2709.1345   12.9942
    7.5000  -15.0000  -15.0000 2675.6763   13.2032
   -7.5000   -7.5000  -15.0000 2655.2751   13.5552
    0.0000   -7.5000  -15.0000 2665.3958   13.4489
    7.5000   -7.5000  -15.0000 2633.1433   13.6669
   -7.5000    0.0000  -15.0000 2586.8889   14.3204
    0.0000    0.0000  -15.0000 2596.8948   14.2123
    7.5000    0.0000  -15.0000 2565.3337   14.4335
   -7.5000    7.5000  -15.0000 2486.8799   15.3669
    0.0000    7.5000  -15.0000 2500.5354   15.2610
    7.5000    7.5000  -15.0000 2473.0020   15.4895
   -7.5000   15.0000  -15.0000 2367.8057   16.8286
    0.0000   15.0000  -15.0000 2385.1309   16.7139
    7.5000   15.0000  -15.0000 2355.0752   16.9626
   -7.5000   22.5000  -15.0000 2235.4375   18.8068
    0.0000   22.5000  -15.0000 2251.5693   18.7176
    7.5000   22.5000  -15.0000 2225.5615   18.9920
   -7.5000   30.0000  -15.0000 2092.1753   21.3866
    0.0000   30.0000  -15.0000 2100.8276   21.3101
    7.5000   30.0000  -15.0000 2080.5269   21.6016
   -7.5000   37.5000  -15.0000 1946.2991   24.7736
    0.0000   37.5000  -15.0000 1956.4834   24.7195
    7.5000   37.5000  -15.0000 1931.9468   25.0638
   -7.5000   45.0000  -15.0000 1786.1819   29.3717
    0.0000   45.0000  -15.0000 1790.6287   29.2922
    7.5000   45.0000  -15.0000 1777.5387   29.6763
   -7.5000  -45.0000   -7.5000 2703.5725   12.9660
    0.0000  -45.0000   -7.5000 2717.0828   12.9073
    7.5000  -45.0000   -7.5000 2687.0205   13.0823
   -7.5000  -37.5000   -7.5000 2761.6733   12.3763
    0.0000  -37.5000   -7.5000 2774.0469   12.3045
    7.5000  -37.5000   -7.5000 2741.0154   12.4592
   -7.5000  -30.0000   -7.5000 2799.5547   12.0279
    0.0000  -30.0000   -7.5000 2818.3235   11.9652
    7.5000  -30.0000   -7.5000 2781.0938   12.1341
   -7.5000  -22.5000   -7.5000 2812.1123   12.0160
    0.0000  -22.5000   -7.5000 2833.9268   11.9282
    7.5000  -22.5000   -7.5000 2790.1843   12.1067
   -7.5000  -15.0000   -7.5000 2791.0188   12.2867
    0.0000  -15.0000   -7.5000 2812.6958   12.1940
    7.5000  -15.0000   -7.5000 2771.5859   12.3846
   -7.5000   -7.5000   -7.5000 2738.6497   12.7689
    0.0000   -7.5000   -7.5000 2757.3652   12.6426
    7.5000   -7.5000   -7.5000 2723.6616   12.8483
   -7.5000    0.0000   -7.5000 2666.7375   13.4734
    0.0000    0.0000   -7.5000 2683.8135   13.3569
    7.5000    0.0000   -7.5000 2649.8943   13.5474
   -7.5000    7.5000   -7.5000 2566.1118   14.4918
    0.0000    7.5000   -7.5000 2582.0413   14.3730
    7.5000    7.5000   -7.5000 2552.4919   14.5903
   -7.5000   15.0000   -7.5000 2439.3486   15.8760
    0.0000   15.0000   -7.5000 2456.1787   15.7698
    7.5000   15.0000   -7.5000 2427.8972   16.0103
   -7.5000   22.5000   -7.5000 2303.4661   17.7517
    0.0000   22.5000   -7.5000 2316.9607   17.6519
    7.5000   22.5000   -7.5000 2293.5232   17.8926
   -7.5000   30.0000   -7.5000 2149.5212   20.1532
    0.0000   30.0000   -7.5000 2161.6689   20.0774
    7.5000   30.0000   -7.5000 2139.5298   20.3509
   -7.5000   37.5000   -7.5000 1991.2568   23.2530
    0.0000   37.5000   -7.5000 1999.8784   23.2066
    7.5000   37.5000   -7.5000 1981.0037   23.5381
   -7.5000   45.0000   -7.5000 1832.6211   27.4970
    0.0000   45.0000   -7.5000 1833.8081   27.3982
    7.5000   45.0000   -7.5000 1822.5117   27.8124
   -7.5000  -45.0000    0.0000 2746.0203   12.4507
    0.0000  -45.0000    0.0000 2761.1445   12.3697
    7.5000  -45.0000    0.0000 2733.1604   12.5220
   -7.5000  -37.5000    0.0000 2816.8655   11.8192
    0.0000  -37.5000    0.0000 2833.7319   11.7429
    7.5000  -37.5000    0.0000 2802.0476   11.9112
   -7.5000  -30.0000    0.0000 2865.0972   11.4868
    0.0000  -30.0000    0.0000 2888.4512   11.4055
    7.5000  -30.0000    0.0000 2846.2095   11.5672
   -7.5000  -22.5000    0.0000 2881.3582   11.4078
    0.0000  -22.5000    0.0000 2910.6338   11.3080
    7.5000  -22.5000    0.0000 2857.6943   11.5161
   -7.5000  -15.0000    0.0000 2864.1274   11.6476
    0.0000  -15.0000    0.0000 2888.1729   11.5372
    7.5000  -15.0000    0.0000 2844.9407   11.7540
   -7.5000   -7.5000    0.0000 2807.0627   12.1279
    0.0000   -7.5000    0.0000 2829.9392   12.0029
    7.5000   -7.5000    0.0000 2794.2437   12.2091
   -7.5000    0.0000    0.0000 2730.0178   12.8141
    0.0000    0.0000    0.0000 2750.7278   12.6869
    7.5000    0.0000    0.0000 2713.7070   12.8961
   -7.5000    7.5000    0.0000 2629.4851   13.8129
    0.0000    7.5000    0.0000 2646.0769   13.6803
    7.5000    7.5000    0.0000 2611.3115   13.9046
   -7.5000   15.0000    0.0000 2495.0454   15.1555
    0.0000   15.0000    0.0000 2516.2534   15.0390
    7.5000   15.0000    0.0000 2485.5876   15.2622
   -7.5000   22.5000    0.0000 2349.5618   16.9418
    0.0000   22.5000    0.0000 2369.8501   16.8018
    7.5000   22.5000    0.0000 2345.1453   17.0461
   -7.5000   30.0000    0.0000 2194.0691   19.2305
    0.0000   30.0000    0.0000 2210.5449   19.1301
    7.5000   30.0000    0.0000 2183.3894   19.3980
   -7.5000   37.5000    0.0000 2025.7104   22.1512
    0.0000   37.5000    0.0000 2041.3695   22.0862
    7.5000   37.5000    0.0000 2018.3899   22.3656
   -7.5000   45.0000    0.0000 1857.1349   26.0191
    0.0000   45.0000    0.0000 1866.9515   25.9092
    7.5000   45.0000    0.0000 1851.4374   26.2734
   -7.5000  -45.0000    7.5000 2773.5171   12.0899
    0.0000  -45.0000    7.5000 2785.9841   12.0105
    7.5000  -45.0000    7.5000 2761.5320   12.1510
   -7.5000  -37.5000    7.5000 2860.7100   11.4684
    0.0000  -37.5000    7.5000 2876.6609   11.3912
    7.5000  -37.5000    7.5000 2849.3423   11.5326
   -7.5000  -30.0000    7.5000 2918.3870   11.1737
    0.0000  -30.0000    7.5000 2943.2986   11.1032
    7.5000  -30.0000    7.5000 2904.6721   11.2340
   -7.5000  -22.5000    7.5000 2941.5503   11.0527
    0.0000  -22.5000    7.5000 2973.4468   10.9723
    7.5000  -22.5000    7.5000 2919.1685   11.1662
   -7.5000  -15.0000    7.5000 2918.4534   11.2080
    0.0000  -15.0000    7.5000 2947.3770   11.1137
    7.5000  -15.0000    7.5000 2896.8132   11.3271
   -7.5000   -7.5000    7.5000 2857.6021   11.6332
    0.0000   -7.5000    7.5000 2880.2654   11.5247
    7.5000   -7.5000    7.5000 2841.4189   11.6984
   -7.5000    0.0000    7.5000 2776.1963   12.3108
    0.0000    0.0000    7.5000 2800.8650   12.1931
    7.5000    0.0000    7.5000 2762.1770   12.3415
   -7.5000    7.5000    7.5000 2665.9302   13.3308
    0.0000    7.5000    7.5000 2685.3079   13.2154
    7.5000    7.5000    7.5000 2655.8179   13.3711
   -7.5000   15.0000    7.5000 2532.6350   14.6876
    0.0000   15.0000    7.5000 2551.8169   14.5615
    7.5000   15.0000    7.5000 2524.0059   14.7313
   -7.5000   22.5000    7.5000 2387.2163   16.4286
    0.0000   22.5000    7.5000 2403.7725   16.3073
    7.5000   22.5000    7.5000 2379.0171   16.4926
   -7.5000   30.0000    7.5000 2227.1394   18.6307
    0.0000   30.0000    7.5000 2243.3401   18.5427
    7.5000   30.0000    7.5000 2220.4771   18.7463
   -7.5000   37.5000    7.5000 2056.5681   21.4377
    0.0000   37.5000    7.5000 2065.2456   21.3147
    7.5000   37.5000    7.5000 2049.9402   21.5609
   -7.5000   45.0000    7.5000 1872.4137   25.0277
    0.0000   45.0000    7.5000 1887.7605   24.8826
    7.5000   45.0000    7.5000 1870.8145   25.2747
   -7.5000  -45.0000   15.0000 2775.0864   11.9111
    0.0000  -45.0000   15.0000 2788.9812   11.8418
    7.5000  -45.0000   15.0000 2767.5571   11.9924
   -7.5000  -37.5000   15.0000 2876.8765   11.3451
    0.0000  -37.5000   15.0000 2898.9753   11.2766
    7.5000  -37.5000   15.0000 2869.1875   11.3969
   -7.5000  -30.0000   15.0000 2951.0559   11.0870
    0.0000  -30.0000   15.0000 2978.6409   11.0649
    7.5000  -30.0000   15.0000 2936.8228   11.1085
   -7.5000  -22.5000   15.0000 2982.6604   10.9887
    0.0000  -22.5000   15.0000 3022.8948   10.9645
    7.5000  -22.5000   15.0000 2962.6787   11.0394
   -7.5000  -15.0000   15.0000 2951.4678   11.0158
    0.0000  -15.0000   15.0000 2985.9075   10.9593
    7.5000  -15.0000   15.0000 2933.7761   11.1372
   -7.5000   -7.5000   15.0000 2889.2170   11.3075
    0.0000   -7.5000   15.0000 2913.2024   11.2388
    7.5000   -7.5000   15.0000 2872.6274   11.4268
   -7.5000    0.0000   15.0000 2798.4556   11.9987
    0.0000    0.0000   15.0000 2819.4326   11.9064
    7.5000    0.0000   15.0000 2786.7808   12.0699
   -7.5000    7.5000   15.0000 2681.2683   13.0513
    0.0000    7.5000   15.0000 2702.0520   12.9439
    7.5000    7.5000   15.0000 2673.2505   13.1209
   -7.5000   15.0000   15.0000 2548.8433   14.4197
    0.0000   15.0000   15.0000 2564.1064   14.3187
    7.5000   15.0000   15.0000 2539.3782   14.5047
   -7.5000   22.5000   15.0000 2400.2981   16.1174
    0.0000   22.5000   15.0000 2415.2126   16.0313
    7.5000   22.5000   15.0000 2392.4587   16.2108
   -7.5000   30.0000   15.0000 2244.2576   18.2402
    0.0000   30.0000   15.0000 2257.4626   18.1688
    7.5000   30.0000   15.0000 2233.0959   18.3802
   -7.5000   37.5000   15.0000 2069.4600   20.9390
    0.0000   37.5000   15.0000 2082.0750   20.8877
    7.5000   37.5000   15.0000 2065.5442   21.0942
   -7.5000   45.0000   15.0000 1886.3480   24.4497
    0.0000   45.0000   15.0000 1900.8276   24.4348
    7.5000   45.0000   15.0000 1887.8362   24.6932
   -7.5000  -45.0000   22.5000 2759.5701   11.9348
    0.0000  -45.0000   22.5000 2773.8499   11.9006
    7.5000  -45.0000   22.5000 2749.1692   12.0930
   -7.5000  -37.5000   22.5000 2871.3921   11.3588
    0.0000  -37.5000   22.5000 2891.7124   11.3171
    7.5000  -37.5000   22.5000 2856.9382   11.4783
   -7.5000  -30.0000   22.5000 2953.0007   11.0964
    0.0000  -30.0000   22.5000 2986.8328   11.0692
    7.5000  -30.0000   22.5000 2939.9580   11.1671
   -7.5000  -22.5000   22.5000 2992.8752   11.0024
    0.0000  -22.5000   22.5000 3039.4971   10.9909
    7.5000  -22.5000   22.5000 2975.2795   11.0958
   -7.5000  -15.0000   22.5000 2956.4329   11.0826
    0.0000  -15.0000   22.5000 2991.8806   11.0195
    7.5000  -15.0000   22.5000 2941.2205   11.2164
   -7.5000   -7.5000   22.5000 2889.1272   11.4027
    0.0000   -7.5000   22.5000 2920.6672   11.2932
    7.5000   -7.5000   22.5000 2875.1128   11.5271
   -7.5000    0.0000   22.5000 2795.3125   12.0219
    0.0000    0.0000   22.5000 2817.1213   11.9215
    7.5000    0.0000   22.5000 2784.3989   12.1338
   -7.5000    7.5000   22.5000 2679.4705   12.9903
    0.0000    7.5000   22.5000 2698.4526   12.8867
    7.5000    7.5000   22.5000 2675.4453   13.0856
   -7.5000   15.0000   22.5000 2548.9724   14.2955
    0.0000   15.0000   22.5000 2561.9307   14.1980
    7.5000   15.0000   22.5000 2544.2410   14.4086
   -7.5000   22.5000   22.5000 2400.6841   15.9766
    0.0000   22.5000   22.5000 2413.3364   15.8870
    7.5000   22.5000   22.5000 2394.6719   16.1089
   -7.5000   30.0000   22.5000 2238.0203   18.0848
    0.0000   30.0000   22.5000 2253.1177   17.9952
    7.5000   30.0000   22.5000 2229.4333   18.2613
   -7.5000   37.5000   22.5000 2068.3384   20.7993
    0.0000   37.5000   22.5000 2082.4075   20.7448
    7.5000   37.5000   22.5000 2064.7258   20.9896
   -7.5000   45.0000   22.5000 1891.5920   24.2389
    0.0000   45.0000   22.5000 1903.8833   24.2580
    7.5000   45.0000   22.5000 1886.5037   24.5094
   -7.5000  -45.0000   30.0000 2729.4238   12.1505
    0.0000  -45.0000   30.0000 2747.8696   12.0599
    7.5000  -45.0000   30.0000 2723.4844   12.2971
   -7.5000  -37.5000   30.0000 2842.4539   11.5184
    0.0000  -37.5000   30.0000 2866.7827   11.4238
    7.5000  -37.5000   30.0000 2835.8918   11.6366
   -7.5000  -30.0000   30.0000 2926.2810   11.1896
    0.0000  -30.0000   30.0000 2962.4202   11.1247
    7.5000  -30.0000   30.0000 2920.0469   11.3029
   -7.5000  -22.5000   30.0000 2966.2056   11.0818
    0.0000  -22.5000   30.0000 3010.5791   10.9513
    7.5000  -22.5000   30.0000 2956.7471   11.2020
   -7.5000  -15.0000   30.0000 2931.4983   11.2345
    0.0000  -15.0000   30.0000 2967.9619   11.0440
    7.5000  -15.0000   30.0000 2924.8132   11.3420
   -7.5000   -7.5000   30.0000 2868.9121   11.6442
    0.0000   -7.5000   30.0000 2902.1753   11.4908
    7.5000   -7.5000   30.0000 2860.9031   11.7298
   -7.5000    0.0000   30.0000 2770.6709   12.3204
    0.0000    0.0000   30.0000 2790.0486   12.1845
    7.5000    0.0000   30.0000 2761.5439   12.4127
   -7.5000    7.5000   30.0000 2658.1992   13.2606
    0.0000    7.5000   30.0000 2668.0586   13.1616
    7.5000    7.5000   30.0000 2650.2158   13.3733
   -7.5000   15.0000   30.0000 2525.5400   14.5043
    0.0000   15.0000   30.0000 2535.5916   14.4309
    7.5000   15.0000   30.0000 2516.9663   14.6343
   -7.5000   22.5000   30.0000 2377.0706   16.1299
    0.0000   22.5000   30.0000 2391.9341   16.0231
    7.5000   22.5000   30.0000 2372.6741   16.2514
   -7.5000   30.0000   30.0000 2212.5679   18.1817
    0.0000   30.0000   30.0000 2231.0525   18.1217
    7.5000   30.0000   30.0000 2214.0029   18.3339
   -7.5000   37.5000   30.0000 2049.2012   20.7790
    0.0000   37.5000   30.0000 2067.5288   20.7521
    7.5000   37.5000   30.0000 2051.3865   20.9803
   -7.5000   45.0000   30.0000 1878.3751   24.1722
    0.0000   45.0000   30.0000 1887.3889   24.0863
    7.5000   45.0000   30.0000 1873.3291   24.4103
   -7.5000  -45.0000   37.5000 2692.9402   12.5784
    0.0000  -45.0000   37.5000 2712.6624   12.4232
    7.5000  -45.0000   37.5000 2691.7473   12.6842
   -7.5000  -37.5000   37.5000 2801.0530   11.9300
    0.0000  -37.5000   37.5000 2825.4631   11.7797
    7.5000  -37.5000   37.5000 2797.7737   12.0162
   -7.5000  -30.0000   37.5000 2873.6843   11.5588
    0.0000  -30.0000   37.5000 2904.8044   11.4457
    7.5000  -30.0000   37.5000 2868.7346   11.6675
   -7.5000  -22.5000   37.5000 2909.8057   11.4390
    0.0000  -22.5000   37.5000 2941.6567   11.2541
    7.5000  -22.5000   37.5000 2899.2959   11.5218
   -7.5000  -15.0000   37.5000 2883.2234   11.5898
    0.0000  -15.0000   37.5000 2910.5059   11.4333
    7.5000  -15.0000   37.5000 2876.9746   11.6659
   -7.5000   -7.5000   37.5000 2823.2581   12.0150
    0.0000   -7.5000   37.5000 2853.5469   11.8712
    7.5000   -7.5000   37.5000 2818.1636   12.0900
   -7.5000    0.0000   37.5000 2729.0242   12.7052
    0.0000    0.0000   37.5000 2750.7798   12.5518
    7.5000    0.0000   37.5000 2720.2073   12.7706
   -7.5000    7.5000   37.5000 2618.0293   13.6571
    0.0000    7.5000   37.5000 2631.5894   13.5309
    7.5000    7.5000   37.5000 2609.3115   13.7705
   -7.5000   15.0000   37.5000 2485.1899   14.8964
    0.0000   15.0000   37.5000 2499.9814   14.7998
    7.5000   15.0000   37.5000 2481.0486   15.0262
   -7.5000   22.5000   37.5000 2340.4224   16.4720
    0.0000   22.5000   37.5000 2357.1648   16.3571
    7.5000   22.5000   37.5000 2340.4417   16.5832
   -7.5000   30.0000   37.5000 2178.9963   18.4924
    0.0000   30.0000   37.5000 2194.3979   18.4018
    7.5000   30.0000   37.5000 2181.9360   18.6146
   -7.5000   37.5000   37.5000 2015.4824   21.0890
    0.0000   37.5000   37.5000 2028.5537   21.0037
    7.5000   37.5000   37.5000 2013.2994   21.2568
   -7.5000   45.0000   37.5000 1856.7876   24.4416
    0.0000   45.0000   37.5000 1862.4136   24.2995
    7.5000   45.0000   37.5000 1848.3713   24.6158
   -7.5000  -45.0000   45.0000 2641.5876   13.2309
    0.0000  -45.0000   45.0000 2667.0193   13.0282
    7.5000  -45.0000   45.0000 2644.6548   13.2997
   -7.5000  -37.5000   45.0000 2742.7720   12.5710
    0.0000  -37.5000   45.0000 2770.4500   12.3955
    7.5000  -37.5000   45.0000 2745.6995   12.6398
   -7.5000  -30.0000   45.0000 2801.7285   12.1701
    0.0000  -30.0000   45.0000 2833.9705   11.9659
    7.5000  -30.0000   45.0000 2805.5703   12.2196
   -7.5000  -22.5000   45.0000 2829.0195   11.9902
    0.0000  -22.5000   45.0000 2856.8005   11.7989
    7.5000  -22.5000   45.0000 2825.2808   12.0396
   -7.5000  -15.0000   45.0000 2805.9460   12.1715
    0.0000  -15.0000   45.0000 2833.4929   12.0183
    7.5000  -15.0000   45.0000 2803.8186   12.2132
   -7.5000   -7.5000   45.0000 2750.2080   12.5680
    0.0000   -7.5000   45.0000 2777.3569   12.4278
    7.5000   -7.5000   45.0000 2748.3125   12.6333
   -7.5000    0.0000   45.0000 2664.4165   13.2450
    0.0000    0.0000   45.0000 2686.2510   13.0872
    7.5000    0.0000   45.0000 2660.5298   13.3030
   -7.5000    7.5000   45.0000 2561.2097   14.1819
    0.0000    7.5000   45.0000 2575.7810   14.0369
    7.5000    7.5000   45.0000 2555.5356   14.2709
   -7.5000   15.0000   45.0000 2434.5093   15.4194
    0.0000   15.0000   45.0000 2450.8945   15.3027
    7.5000   15.0000   45.0000 2430.7080   15.5350
   -7.5000   22.5000   45.0000 2291.2434   17.0295
    0.0000   22.5000   45.0000 2309.5923   16.8953
    7.5000   22.5000   45.0000 2293.1846   17.1069
   -7.5000   30.0000   45.0000 2132.0881   19.0348
    0.0000   30.0000   45.0000 2144.8325   18.9165
    7.5000   30.0000   45.0000 2131.9519   19.1232
   -7.5000   37.5000   45.0000 1973.1544   21.5744
    0.0000   37.5000   45.0000 1984.9196   21.4888
    7.5000   37.5000   45.0000 1970.1068   21.7110
   -7.5000   45.0000   45.0000 1817.8816   24.9886
    0.0000   45.0000   45.0000 1828.4608   24.8644
    7.5000   45.0000   45.0000 1813.1547   25.1347

---------------------------------------------------------------------
imgreg_4dfp /opt/freesurfer/average/711-2C_as_mni_average_305 /opt/freesurfer/average/711-2B_as_mni_average_305_mask talsrcimg_g11 none talsrcimg_to_711-2C_as_mni_average_305_t4 1283
---------------------------------------------------------------------

freesurfer imgreg_4dfp.c
/opt/freesurfer/average/711-2C_as_mni_average_305.4dfp.img
       256       256       256         1
  1.000000  1.000000  1.000000
orientation T byte_order littleendian
Reading image: /opt/freesurfer/average/711-2C_as_mni_average_305.4dfp.img
dimensions:      256       256       256
mmppix:       1.0000   -1.0000   -1.0000
center:     128.0000 -129.0000 -129.0000
/opt/freesurfer/average/711-2B_as_mni_average_305_mask.4dfp.img
       256       256       256         1
  1.000000  1.000000  1.000000
orientation T byte_order littleendian
Reading mask: /opt/freesurfer/average/711-2B_as_mni_average_305_mask.4dfp.img (2306576 pixels)
talsrcimg_g11.4dfp.img
       256       256       256         1
  1.000000  1.000000  1.000000
orientation T byte_order littleendian
Reading image: talsrcimg_g11.4dfp.img
dimensions:      256       256       256
mmppix:       1.0000   -1.0000   -1.0000
center:     128.0000 -129.0000 -129.0000
rotation matrix determinant  1.000000
fimgreg.f
image alignment mode   1283 decimal      503 hex
parameters
    0.0000  -22.5000   22.5000    0.0000    0.0000    0.0000
eta,q 0.95285 10.99554
niter,ni,del,rscale     5    3   12.0000    1.2000
parameter  4  0.695129 ->  0.500000 qaram    1.1500
parameters
   -0.9466  -23.5555   21.8896   -3.4500   -0.6888    0.3298
eta,q 0.95710 10.90135
  0.0572  0.0520  0.0508  0.0443  0.0499  0.0492
  0.0499  0.0464  0.0484  0.0433  0.0450  0.0461
  0.0462  0.0454  0.0462  0.0442  0.0426  0.0438
  0.0469  0.0459  0.0456  0.0457  0.0434  0.0429
  0.0516  0.0479  0.0469  0.0483  0.0451  0.0435
  0.0572  0.0521  0.0499  0.0515  0.0486  0.0451
  0.0632  0.0568  0.0538  0.0555  0.0526  0.0480
niter,ni,del,rscale     5    3   12.0000    1.2000
parameter  4  0.551025 ->  0.500000 qaram    1.3225
parameters
   -0.6295  -22.0364   20.3876   -7.4175   -1.5313    0.1263
eta,q 0.96082 11.02465
  0.0601  0.0589  0.0451  0.0422  0.0469  0.0455
  0.0514  0.0502  0.0434  0.0401  0.0416  0.0421
  0.0452  0.0450  0.0426  0.0399  0.0390  0.0399
  0.0429  0.0429  0.0425  0.0426  0.0398  0.0392
  0.0444  0.0425  0.0434  0.0453  0.0425  0.0399
  0.0495  0.0443  0.0468  0.0486  0.0460  0.0425
  0.0566  0.0473  0.0524  0.0527  0.0508  0.0466
niter,ni,del,rscale     5    3   12.0000    1.2000
parameters
   -0.2435  -20.0646   18.9018   -9.3025   -1.8649    0.3541
eta,q 0.96382 11.03819
  0.0590  0.0567  0.0408  0.0431  0.0451  0.0442
  0.0500  0.0505  0.0381  0.0395  0.0404  0.0404
  0.0428  0.0442  0.0370  0.0366  0.0367  0.0375
  0.0392  0.0391  0.0372  0.0370  0.0364  0.0362
  0.0408  0.0372  0.0390  0.0413  0.0382  0.0367
  0.0471  0.0386  0.0429  0.0467  0.0419  0.0394
  0.0547  0.0442  0.0480  0.0505  0.0470  0.0434
niter,ni,del,rscale     4    3   12.0000    1.2000
parameters
   -0.2370  -19.5118   18.2299   -9.9777   -1.9724    0.5087
eta,q 0.96419 11.04935
  0.0552  0.0522  0.0416  0.0451  0.0451  0.0439
  0.0458  0.0459  0.0378  0.0409  0.0403  0.0400
  0.0388  0.0399  0.0360  0.0374  0.0367  0.0370
  0.0362  0.0362  0.0358  0.0357  0.0359  0.0358
  0.0389  0.0366  0.0369  0.0380  0.0373  0.0365
  0.0462  0.0413  0.0402  0.0437  0.0407  0.0392
  0.0548  0.0484  0.0450  0.0487  0.0457  0.0434
niter,ni,del,rscale     3    3   12.0000    1.2000
parameters
   -0.2819  -19.3046   18.0119  -10.2145   -1.9751    0.5597
eta,q 0.96419 11.05233
  0.0545  0.0510  0.0429  0.0463  0.0453  0.0437
  0.0455  0.0447  0.0384  0.0416  0.0404  0.0397
  0.0386  0.0391  0.0363  0.0380  0.0368  0.0369
  0.0358  0.0358  0.0357  0.0357  0.0358  0.0358
  0.0384  0.0373  0.0363  0.0373  0.0371  0.0366
  0.0460  0.0425  0.0393  0.0424  0.0403  0.0393
  0.0551  0.0500  0.0442  0.0479  0.0453  0.0436
niter,ni,del,rscale     2    3   12.0000    1.2000
parameters
   -0.3014  -19.2398   17.9353  -10.2871   -1.9712    0.5718
eta,q 0.96416 11.05298
  0.0547  0.0505  0.0435  0.0467  0.0453  0.0436
  0.0457  0.0442  0.0387  0.0418  0.0404  0.0396
  0.0387  0.0387  0.0365  0.0382  0.0368  0.0368
  0.0358  0.0358  0.0358  0.0358  0.0358  0.0358
  0.0382  0.0375  0.0362  0.0371  0.0371  0.0366
  0.0458  0.0431  0.0391  0.0420  0.0403  0.0394
  0.0551  0.0507  0.0440  0.0476  0.0453  0.0437
niter,ni,del,rscale     1    3   12.0000    1.2000
parameters
   -0.3076  -19.2235   17.9109  -10.3081   -1.9696    0.5743
eta,q 0.96415 11.05330
  0.0548  0.0503  0.0437  0.0469  0.0453  0.0435
  0.0457  0.0440  0.0388  0.0419  0.0404  0.0396
  0.0388  0.0386  0.0365  0.0383  0.0368  0.0368
  0.0358  0.0358  0.0358  0.0358  0.0358  0.0358
  0.0382  0.0377  0.0362  0.0370  0.0371  0.0366
  0.0457  0.0433  0.0390  0.0418  0.0403  0.0394
  0.0551  0.0509  0.0439  0.0475  0.0453  0.0437
registration optimization eta report
parameter search radius
    6.0000    6.0000    6.0000    7.9350    6.0000    6.0000
100000*second partial in parameter space
       52.       40.       23.       17.       26.       22.
  0.0548  0.0503  0.0437  0.0469  0.0453  0.0435
  0.0457  0.0440  0.0388  0.0419  0.0404  0.0396
  0.0388  0.0386  0.0365  0.0383  0.0368  0.0368
  0.0358  0.0358  0.0358  0.0358  0.0358  0.0358
  0.0382  0.0377  0.0362  0.0370  0.0371  0.0366
  0.0457  0.0433  0.0390  0.0418  0.0403  0.0394
  0.0551  0.0509  0.0439  0.0475  0.0453  0.0437
   -0.3076  -19.2235   17.9109  -10.3081   -1.9696    0.5743
eta,q 0.96415 11.05330

---------------------------------------------------------------------
imgreg_4dfp /opt/freesurfer/average/711-2C_as_mni_average_305 /opt/freesurfer/average/711-2B_as_mni_average_305_mask talsrcimg_g11 none talsrcimg_to_711-2C_as_mni_average_305_t4 3335
---------------------------------------------------------------------

freesurfer imgreg_4dfp.c
/opt/freesurfer/average/711-2C_as_mni_average_305.4dfp.img
       256       256       256         1
  1.000000  1.000000  1.000000
orientation T byte_order littleendian
Reading image: /opt/freesurfer/average/711-2C_as_mni_average_305.4dfp.img
dimensions:      256       256       256
mmppix:       1.0000   -1.0000   -1.0000
center:     128.0000 -129.0000 -129.0000
/opt/freesurfer/average/711-2B_as_mni_average_305_mask.4dfp.img
       256       256       256         1
  1.000000  1.000000  1.000000
orientation T byte_order littleendian
Reading mask: /opt/freesurfer/average/711-2B_as_mni_average_305_mask.4dfp.img (2306576 pixels)
talsrcimg_g11.4dfp.img
       256       256       256         1
  1.000000  1.000000  1.000000
orientation T byte_order littleendian
Reading image: talsrcimg_g11.4dfp.img
dimensions:      256       256       256
mmppix:       1.0000   -1.0000   -1.0000
center:     128.0000 -129.0000 -129.0000
fimgreg.f
image alignment mode   3335 decimal      D07 hex
parameters
   -0.3076  -19.2235   17.9109   -0.0641   -1.6251   -1.6722
   -1.6010    3.2019    1.0016   17.9272   -3.4369  -17.8836
eta,q 0.96219 11.09940
niter,ni,del,rscale     5    3    5.0000    1.2000
parameter  4  1.001743 ->  0.500000 qaram    1.1500
parameter  5  1.650172 ->  0.500000 qaram    1.1500
parameter  6  0.956162 ->  0.500000 qaram    1.1500
parameter 12 -0.848346 -> -0.500000 qaram    1.1500
parameters
   -0.1811  -18.9502   17.8969   -4.2041   -5.7651   -5.8122
   -0.8161    3.4935    0.9748   17.8509   -3.9544  -13.7436
eta,q 0.96951 10.35965
  0.0411  0.0406  0.0390  0.0354  0.0311  0.0313  0.0340  0.0352  0.0330  0.0342  0.0320  0.0340
  0.0394  0.0391  0.0382  0.0359  0.0323  0.0312  0.0326  0.0333  0.0321  0.0326  0.0316  0.0329
  0.0383  0.0382  0.0378  0.0365  0.0339  0.0319  0.0317  0.0319  0.0315  0.0316  0.0313  0.0320
  0.0378  0.0378  0.0378  0.0378  0.0360  0.0327  0.0313  0.0313  0.0313  0.0313  0.0313  0.0313
  0.0380  0.0379  0.0380  0.0397  0.0385  0.0332  0.0314  0.0316  0.0315  0.0316  0.0314  0.0307
  0.0390  0.0385  0.0384  0.0422  0.0415  0.0343  0.0320  0.0327  0.0321  0.0327  0.0317  0.0304
  0.0406  0.0395  0.0389  0.0450  0.0451  0.0363  0.0330  0.0347  0.0331  0.0343  0.0323  0.0306
niter,ni,del,rscale     7    3    5.0000    1.2000
parameter  4  0.819468 ->  0.500000 qaram    1.3225
parameter  5  1.037186 ->  0.500000 qaram    1.3225
parameters
   -0.2423  -19.0993   18.4599   -8.9651  -10.5261   -6.3399
   -0.6594    3.2883    0.9932   17.5448   -5.2467  -13.7218
eta,q 0.97333  9.74636
  0.0333  0.0327  0.0330  0.0289  0.0263  0.0296  0.0294  0.0308  0.0285  0.0295  0.0273  0.0283
  0.0318  0.0314  0.0318  0.0290  0.0266  0.0280  0.0280  0.0286  0.0275  0.0279  0.0269  0.0274
  0.0308  0.0307  0.0310  0.0296  0.0275  0.0270  0.0271  0.0272  0.0269  0.0270  0.0267  0.0269
  0.0305  0.0305  0.0305  0.0304  0.0291  0.0267  0.0267  0.0267  0.0267  0.0267  0.0267  0.0267
  0.0309  0.0309  0.0304  0.0316  0.0313  0.0275  0.0270  0.0273  0.0269  0.0271  0.0269  0.0269
  0.0320  0.0318  0.0307  0.0336  0.0339  0.0287  0.0279  0.0290  0.0275  0.0282  0.0273  0.0275
  0.0337  0.0333  0.0314  0.0362  0.0371  0.0301  0.0292  0.0313  0.0285  0.0300  0.0278  0.0281
niter,ni,del,rscale     7    3    5.0000    1.2000
parameters
   -0.2253  -19.1198   18.5101  -10.8121  -13.4533   -6.4918
   -0.7876    3.4117    1.0044   17.8947   -5.8203  -14.0985
eta,q 0.97410  9.48176
  0.0299  0.0292  0.0284  0.0288  0.0280  0.0291  0.0287  0.0304  0.0276  0.0291  0.0266  0.0272
  0.0281  0.0277  0.0275  0.0271  0.0265  0.0274  0.0272  0.0281  0.0267  0.0275  0.0262  0.0264
  0.0271  0.0269  0.0269  0.0263  0.0259  0.0263  0.0262  0.0265  0.0261  0.0264  0.0260  0.0260
  0.0267  0.0267  0.0267  0.0267  0.0263  0.0259  0.0259  0.0259  0.0259  0.0259  0.0259  0.0259
  0.0270  0.0270  0.0268  0.0277  0.0277  0.0265  0.0263  0.0264  0.0261  0.0262  0.0261  0.0262
  0.0281  0.0279  0.0274  0.0290  0.0300  0.0278  0.0274  0.0279  0.0267  0.0271  0.0264  0.0267
  0.0298  0.0292  0.0282  0.0310  0.0327  0.0291  0.0288  0.0301  0.0276  0.0285  0.0268  0.0273
niter,ni,del,rscale     6    3    5.0000    1.2000
parameters
   -0.1963  -18.8498   18.4899  -10.9828  -13.7632   -6.5701
   -0.8154    3.4909    1.0495   18.2581   -5.9622  -14.3329
eta,q 0.97415  9.45980
  0.0293  0.0289  0.0273  0.0295  0.0295  0.0291  0.0287  0.0303  0.0275  0.0290  0.0266  0.0272
  0.0275  0.0274  0.0265  0.0275  0.0277  0.0274  0.0272  0.0280  0.0266  0.0274  0.0262  0.0264
  0.0263  0.0264  0.0260  0.0262  0.0263  0.0263  0.0262  0.0264  0.0261  0.0263  0.0259  0.0260
  0.0259  0.0259  0.0259  0.0259  0.0259  0.0259  0.0259  0.0259  0.0259  0.0259  0.0259  0.0258
  0.0262  0.0260  0.0261  0.0266  0.0264  0.0264  0.0262  0.0264  0.0260  0.0261  0.0260  0.0261
  0.0273  0.0267  0.0266  0.0279  0.0279  0.0278  0.0272  0.0279  0.0266  0.0270  0.0263  0.0266
  0.0292  0.0278  0.0274  0.0295  0.0302  0.0290  0.0287  0.0301  0.0275  0.0285  0.0267  0.0272
niter,ni,del,rscale     5    3    5.0000    1.2000
parameters
   -0.1790  -18.7624   18.4276  -11.0454  -13.8963   -6.6000
   -0.8386    3.5266    1.0287   18.4264   -5.9976  -14.4711
eta,q 0.97415  9.45124
  0.0292  0.0285  0.0272  0.0295  0.0296  0.0291  0.0287  0.0302  0.0275  0.0289  0.0267  0.0272
  0.0274  0.0271  0.0265  0.0276  0.0278  0.0274  0.0272  0.0280  0.0266  0.0273  0.0262  0.0264
  0.0263  0.0262  0.0260  0.0262  0.0264  0.0263  0.0262  0.0264  0.0261  0.0262  0.0259  0.0260
  0.0258  0.0259  0.0259  0.0259  0.0259  0.0258  0.0258  0.0259  0.0259  0.0259  0.0259  0.0258
  0.0262  0.0261  0.0260  0.0266  0.0264  0.0264  0.0262  0.0264  0.0260  0.0262  0.0260  0.0260
  0.0273  0.0269  0.0266  0.0278  0.0278  0.0277  0.0272  0.0279  0.0266  0.0271  0.0262  0.0266
  0.0291  0.0281  0.0274  0.0294  0.0300  0.0290  0.0287  0.0302  0.0275  0.0286  0.0266  0.0272
niter,ni,del,rscale     4    3    5.0000    1.2000
parameters
   -0.1715  -18.7230   18.3997  -11.0697  -13.9633   -6.6075
   -0.8452    3.5432    1.0078   18.5076   -6.0122  -14.5515
eta,q 0.97414  9.44769
  0.0292  0.0284  0.0273  0.0296  0.0297  0.0291  0.0287  0.0302  0.0275  0.0288  0.0267  0.0272
  0.0274  0.0270  0.0265  0.0276  0.0278  0.0274  0.0272  0.0280  0.0266  0.0272  0.0262  0.0264
  0.0263  0.0261  0.0260  0.0262  0.0264  0.0263  0.0262  0.0264  0.0261  0.0262  0.0259  0.0260
  0.0258  0.0258  0.0259  0.0259  0.0259  0.0259  0.0259  0.0259  0.0259  0.0259  0.0259  0.0259
  0.0262  0.0261  0.0260  0.0266  0.0263  0.0264  0.0262  0.0264  0.0260  0.0262  0.0260  0.0260
  0.0273  0.0269  0.0265  0.0278  0.0277  0.0277  0.0272  0.0279  0.0266  0.0272  0.0262  0.0266
  0.0292  0.0282  0.0273  0.0294  0.0299  0.0289  0.0287  0.0302  0.0275  0.0287  0.0266  0.0272
niter,ni,del,rscale     3    3    5.0000    1.2000
parameters
   -0.1670  -18.7054   18.3843  -11.0837  -13.9959   -6.6139
   -0.8528    3.5526    1.0024   18.5492   -6.0187  -14.5838
eta,q 0.97414  9.44571
  0.0292  0.0283  0.0273  0.0296  0.0297  0.0292  0.0287  0.0302  0.0275  0.0288  0.0267  0.0273
  0.0274  0.0269  0.0265  0.0276  0.0279  0.0274  0.0272  0.0280  0.0266  0.0272  0.0262  0.0264
  0.0263  0.0261  0.0260  0.0262  0.0264  0.0263  0.0262  0.0264  0.0261  0.0262  0.0259  0.0260
  0.0259  0.0259  0.0259  0.0259  0.0259  0.0259  0.0259  0.0259  0.0259  0.0259  0.0259  0.0259
  0.0262  0.0261  0.0260  0.0266  0.0263  0.0264  0.0262  0.0264  0.0260  0.0262  0.0260  0.0260
  0.0273  0.0270  0.0265  0.0278  0.0277  0.0277  0.0272  0.0279  0.0266  0.0272  0.0262  0.0266
  0.0292  0.0282  0.0273  0.0294  0.0299  0.0289  0.0287  0.0302  0.0275  0.0287  0.0266  0.0272
registration optimization eta report
parameter search radius
    2.4000    2.4000    2.4000    9.5220    9.5220    8.2800
    7.2000    7.2000    7.2000    7.2000    7.2000    8.2800
100000*second partial in parameter space
       57.       42.       25.        4.        4.        5.
        5.        8.        3.        6.        2.        2.
  0.0292  0.0283  0.0273  0.0296  0.0297  0.0292  0.0287  0.0302  0.0275  0.0288  0.0267  0.0273
  0.0274  0.0269  0.0265  0.0276  0.0279  0.0274  0.0272  0.0280  0.0266  0.0272  0.0262  0.0264
  0.0263  0.0261  0.0260  0.0262  0.0264  0.0263  0.0262  0.0264  0.0261  0.0262  0.0259  0.0260
  0.0259  0.0259  0.0259  0.0259  0.0259  0.0259  0.0259  0.0259  0.0259  0.0259  0.0259  0.0259
  0.0262  0.0261  0.0260  0.0266  0.0263  0.0264  0.0262  0.0264  0.0260  0.0262  0.0260  0.0260
  0.0273  0.0270  0.0265  0.0278  0.0277  0.0277  0.0272  0.0279  0.0266  0.0272  0.0262  0.0266
  0.0292  0.0282  0.0273  0.0294  0.0299  0.0289  0.0287  0.0302  0.0275  0.0287  0.0266  0.0272
   -0.1670  -18.7054   18.3843  -11.0837  -13.9959   -6.6139
   -0.8528    3.5526    1.0024   18.5492   -6.0187  -14.5838
eta,q 0.97414  9.44571

---------------------------------------------------------------------
imgreg_4dfp /opt/freesurfer/average/711-2C_as_mni_average_305 /opt/freesurfer/average/711-2B_as_mni_average_305_mask talsrcimg_g11 none talsrcimg_to_711-2C_as_mni_average_305_t4 2311
---------------------------------------------------------------------

freesurfer imgreg_4dfp.c
/opt/freesurfer/average/711-2C_as_mni_average_305.4dfp.img
       256       256       256         1
  1.000000  1.000000  1.000000
orientation T byte_order littleendian
Reading image: /opt/freesurfer/average/711-2C_as_mni_average_305.4dfp.img
dimensions:      256       256       256
mmppix:       1.0000   -1.0000   -1.0000
center:     128.0000 -129.0000 -129.0000
/opt/freesurfer/average/711-2B_as_mni_average_305_mask.4dfp.img
       256       256       256         1
  1.000000  1.000000  1.000000
orientation T byte_order littleendian
Reading mask: /opt/freesurfer/average/711-2B_as_mni_average_305_mask.4dfp.img (2306576 pixels)
talsrcimg_g11.4dfp.img
       256       256       256         1
  1.000000  1.000000  1.000000
orientation T byte_order littleendian
Reading image: talsrcimg_g11.4dfp.img
dimensions:      256       256       256
mmppix:       1.0000   -1.0000   -1.0000
center:     128.0000 -129.0000 -129.0000
fimgreg.f
image alignment mode   2311 decimal      907 hex
parameters
   -0.1670  -18.7054   18.3843  -11.0837  -13.9959   -6.6139
   -0.8528    3.5526    1.0024   18.5492   -6.0187  -14.5838
eta,q 0.97414  9.44571
niter,ni,del,rscale     5    3    5.0000    0.8000
parameters
   -0.1542  -18.7236   18.3732  -11.5031  -13.7839   -6.8527
   -0.9327    3.5638    1.0241   18.4373   -6.1808  -14.7187
eta,q 0.97416  9.42541
  0.0274  0.0269  0.0265  0.0268  0.0271  0.0271  0.0271  0.0279  0.0266  0.0271  0.0262  0.0263
  0.0266  0.0263  0.0261  0.0262  0.0264  0.0264  0.0264  0.0268  0.0262  0.0264  0.0260  0.0260
  0.0260  0.0260  0.0259  0.0259  0.0260  0.0260  0.0260  0.0261  0.0259  0.0260  0.0259  0.0259
  0.0259  0.0259  0.0259  0.0259  0.0258  0.0258  0.0258  0.0258  0.0258  0.0258  0.0258  0.0258
  0.0260  0.0260  0.0259  0.0261  0.0259  0.0260  0.0260  0.0261  0.0259  0.0260  0.0259  0.0259
  0.0265  0.0264  0.0262  0.0266  0.0263  0.0266  0.0265  0.0268  0.0262  0.0265  0.0260  0.0261
  0.0273  0.0270  0.0265  0.0272  0.0269  0.0273  0.0272  0.0279  0.0266  0.0272  0.0262  0.0263
niter,ni,del,rscale     4    3    5.0000    0.7000
parameters
   -0.1396  -18.7064   18.3004  -11.5533  -13.7798   -6.9506
   -0.9525    3.5877    1.0619   18.4735   -6.2037  -14.7662
eta,q 0.97416  9.41953
  0.0270  0.0267  0.0263  0.0268  0.0267  0.0269  0.0269  0.0275  0.0264  0.0269  0.0261  0.0262
  0.0264  0.0262  0.0260  0.0262  0.0262  0.0263  0.0263  0.0266  0.0261  0.0263  0.0260  0.0260
  0.0260  0.0259  0.0259  0.0259  0.0259  0.0260  0.0260  0.0260  0.0259  0.0259  0.0259  0.0259
  0.0258  0.0258  0.0258  0.0258  0.0258  0.0258  0.0258  0.0258  0.0258  0.0258  0.0258  0.0258
  0.0260  0.0259  0.0259  0.0260  0.0259  0.0260  0.0260  0.0260  0.0259  0.0260  0.0259  0.0259
  0.0263  0.0262  0.0261  0.0263  0.0262  0.0264  0.0263  0.0266  0.0261  0.0263  0.0260  0.0260
  0.0270  0.0267  0.0264  0.0268  0.0267  0.0270  0.0269  0.0274  0.0264  0.0268  0.0261  0.0262
niter,ni,del,rscale     3    3    5.0000    0.6000
parameters
   -0.1359  -18.6995   18.2613  -11.5839  -13.7954   -6.9617
   -0.9614    3.5805    1.0771   18.4822   -6.2358  -14.7614
eta,q 0.97417  9.41663
  0.0267  0.0265  0.0262  0.0265  0.0265  0.0266  0.0266  0.0271  0.0263  0.0266  0.0260  0.0261
  0.0262  0.0261  0.0260  0.0262  0.0261  0.0262  0.0262  0.0264  0.0260  0.0262  0.0259  0.0260
  0.0259  0.0259  0.0259  0.0259  0.0259  0.0260  0.0259  0.0260  0.0259  0.0259  0.0259  0.0259
  0.0258  0.0258  0.0258  0.0258  0.0258  0.0258  0.0258  0.0258  0.0258  0.0258  0.0258  0.0258
  0.0259  0.0259  0.0259  0.0259  0.0259  0.0259  0.0259  0.0260  0.0259  0.0259  0.0259  0.0259
  0.0262  0.0261  0.0260  0.0262  0.0261  0.0262  0.0262  0.0264  0.0260  0.0262  0.0259  0.0259
  0.0267  0.0264  0.0262  0.0266  0.0265  0.0267  0.0266  0.0270  0.0263  0.0266  0.0260  0.0261
niter,ni,del,rscale     2    3    5.0000    0.5000
parameters
   -0.1339  -18.6959   18.2666  -11.5985  -13.7999   -6.9202
   -0.9671    3.5683    1.1082   18.4719   -6.2411  -14.7035
eta,q 0.97416  9.41685
  0.0264  0.0263  0.0261  0.0263  0.0263  0.0264  0.0264  0.0267  0.0261  0.0264  0.0260  0.0260
  0.0261  0.0260  0.0260  0.0261  0.0260  0.0261  0.0261  0.0262  0.0260  0.0261  0.0259  0.0259
  0.0259  0.0259  0.0259  0.0259  0.0259  0.0259  0.0259  0.0259  0.0259  0.0259  0.0259  0.0259
  0.0258  0.0258  0.0258  0.0258  0.0258  0.0258  0.0258  0.0258  0.0258  0.0258  0.0258  0.0258
  0.0259  0.0259  0.0259  0.0259  0.0259  0.0259  0.0259  0.0259  0.0259  0.0259  0.0259  0.0258
  0.0261  0.0260  0.0259  0.0261  0.0260  0.0261  0.0261  0.0262  0.0260  0.0261  0.0259  0.0259
  0.0264  0.0263  0.0261  0.0263  0.0263  0.0264  0.0264  0.0267  0.0261  0.0264  0.0260  0.0260
niter,ni,del,rscale     1    3    5.0000    0.4000
parameters
   -0.1333  -18.7055   18.2835  -11.6206  -13.8111   -6.8839
   -0.9647    3.5436    1.1331   18.4404   -6.2082  -14.5683
eta,q 0.97417  9.41510
  0.0262  0.0261  0.0260  0.0262  0.0261  0.0262  0.0262  0.0264  0.0260  0.0262  0.0259  0.0260
  0.0260  0.0260  0.0259  0.0260  0.0260  0.0260  0.0260  0.0261  0.0259  0.0260  0.0259  0.0259
  0.0259  0.0259  0.0259  0.0259  0.0259  0.0259  0.0259  0.0259  0.0259  0.0259  0.0258  0.0259
  0.0258  0.0258  0.0258  0.0258  0.0258  0.0258  0.0258  0.0258  0.0258  0.0258  0.0258  0.0258
  0.0259  0.0259  0.0259  0.0259  0.0259  0.0259  0.0259  0.0259  0.0258  0.0259  0.0258  0.0258
  0.0260  0.0260  0.0259  0.0260  0.0260  0.0260  0.0260  0.0261  0.0259  0.0260  0.0259  0.0259
  0.0262  0.0261  0.0260  0.0262  0.0261  0.0262  0.0262  0.0264  0.0260  0.0262  0.0259  0.0259
registration optimization eta report
parameter search radius
    0.8000    0.8000    0.8000    2.4000    2.4000    2.4000
    2.4000    2.4000    2.4000    2.4000    2.4000    2.4000
100000*second partial in parameter space
       60.       43.       26.        6.        5.        6.
        6.        9.        3.        6.        2.        2.
  0.0262  0.0261  0.0260  0.0262  0.0261  0.0262  0.0262  0.0264  0.0260  0.0262  0.0259  0.0260
  0.0260  0.0260  0.0259  0.0260  0.0260  0.0260  0.0260  0.0261  0.0259  0.0260  0.0259  0.0259
  0.0259  0.0259  0.0259  0.0259  0.0259  0.0259  0.0259  0.0259  0.0259  0.0259  0.0258  0.0259
  0.0258  0.0258  0.0258  0.0258  0.0258  0.0258  0.0258  0.0258  0.0258  0.0258  0.0258  0.0258
  0.0259  0.0259  0.0259  0.0259  0.0259  0.0259  0.0259  0.0259  0.0258  0.0259  0.0258  0.0258
  0.0260  0.0260  0.0259  0.0260  0.0260  0.0260  0.0260  0.0261  0.0259  0.0260  0.0259  0.0259
  0.0262  0.0261  0.0260  0.0262  0.0261  0.0262  0.0262  0.0264  0.0260  0.0262  0.0259  0.0259
   -0.1333  -18.7055   18.2835  -11.6206  -13.8111   -6.8839
   -0.9647    3.5436    1.1331   18.4404   -6.2082  -14.5683
eta,q 0.97417  9.41510

---------------------------------------------------------------------
imgreg_4dfp /opt/freesurfer/average/711-2C_as_mni_average_305 /opt/freesurfer/average/711-2B_as_mni_average_305_mask talsrcimg_g11 none talsrcimg_to_711-2C_as_mni_average_305_t4 2311
---------------------------------------------------------------------

freesurfer imgreg_4dfp.c
/opt/freesurfer/average/711-2C_as_mni_average_305.4dfp.img
       256       256       256         1
  1.000000  1.000000  1.000000
orientation T byte_order littleendian
Reading image: /opt/freesurfer/average/711-2C_as_mni_average_305.4dfp.img
dimensions:      256       256       256
mmppix:       1.0000   -1.0000   -1.0000
center:     128.0000 -129.0000 -129.0000
/opt/freesurfer/average/711-2B_as_mni_average_305_mask.4dfp.img
       256       256       256         1
  1.000000  1.000000  1.000000
orientation T byte_order littleendian
Reading mask: /opt/freesurfer/average/711-2B_as_mni_average_305_mask.4dfp.img (2306576 pixels)
talsrcimg_g11.4dfp.img
       256       256       256         1
  1.000000  1.000000  1.000000
orientation T byte_order littleendian
Reading image: talsrcimg_g11.4dfp.img
dimensions:      256       256       256
mmppix:       1.0000   -1.0000   -1.0000
center:     128.0000 -129.0000 -129.0000
fimgreg.f
image alignment mode   2311 decimal      907 hex
parameters
   -0.1333  -18.7055   18.2835  -11.6206  -13.8111   -6.8839
   -0.9647    3.5436    1.1331   18.4404   -6.2082  -14.5683
eta,q 0.97417  9.41510
niter,ni,del,rscale     5    3    5.0000    0.8000
parameters
   -0.1476  -18.6993   18.3031  -11.5382  -13.7721   -6.9782
   -0.9603    3.5817    1.0728   18.4718   -6.2018  -14.7763
eta,q 0.97416  9.41969
  0.0273  0.0269  0.0265  0.0271  0.0270  0.0271  0.0272  0.0280  0.0266  0.0272  0.0262  0.0263
  0.0265  0.0263  0.0261  0.0264  0.0264  0.0265  0.0264  0.0268  0.0262  0.0264  0.0260  0.0260
  0.0260  0.0259  0.0259  0.0260  0.0260  0.0260  0.0260  0.0261  0.0259  0.0260  0.0259  0.0259
  0.0258  0.0258  0.0258  0.0258  0.0258  0.0258  0.0258  0.0258  0.0258  0.0258  0.0258  0.0258
  0.0260  0.0260  0.0259  0.0260  0.0260  0.0260  0.0260  0.0261  0.0259  0.0260  0.0259  0.0259
  0.0265  0.0263  0.0261  0.0264  0.0263  0.0265  0.0264  0.0268  0.0262  0.0264  0.0260  0.0261
  0.0274  0.0269  0.0265  0.0270  0.0270  0.0273  0.0272  0.0279  0.0266  0.0271  0.0262  0.0263
niter,ni,del,rscale     4    3    5.0000    0.7000
parameters
   -0.1396  -18.6941   18.2559  -11.5590  -13.7852   -6.9925
   -0.9643    3.5906    1.0700   18.5087   -6.2433  -14.8159
eta,q 0.97416  9.41797
  0.0270  0.0267  0.0263  0.0268  0.0267  0.0269  0.0269  0.0275  0.0264  0.0269  0.0261  0.0262
  0.0264  0.0262  0.0260  0.0263  0.0262  0.0264  0.0263  0.0266  0.0261  0.0263  0.0260  0.0260
  0.0260  0.0259  0.0259  0.0259  0.0259  0.0260  0.0260  0.0260  0.0259  0.0260  0.0259  0.0259
  0.0258  0.0258  0.0258  0.0258  0.0258  0.0258  0.0258  0.0258  0.0258  0.0258  0.0258  0.0258
  0.0260  0.0259  0.0259  0.0260  0.0259  0.0259  0.0260  0.0260  0.0259  0.0260  0.0259  0.0259
  0.0263  0.0262  0.0261  0.0263  0.0262  0.0263  0.0263  0.0266  0.0261  0.0263  0.0260  0.0260
  0.0270  0.0267  0.0264  0.0268  0.0267  0.0269  0.0269  0.0274  0.0264  0.0268  0.0261  0.0262
niter,ni,del,rscale     3    3    5.0000    0.6000
parameters
   -0.1358  -18.6912   18.2437  -11.5871  -13.8066   -6.9794
   -0.9649    3.5871    1.0878   18.5044   -6.2443  -14.7751
eta,q 0.97416  9.41546
  0.0267  0.0265  0.0262  0.0265  0.0265  0.0266  0.0266  0.0271  0.0263  0.0266  0.0260  0.0261
  0.0262  0.0261  0.0260  0.0262  0.0261  0.0262  0.0262  0.0264  0.0260  0.0262  0.0259  0.0260
  0.0259  0.0259  0.0259  0.0259  0.0259  0.0260  0.0259  0.0260  0.0259  0.0259  0.0259  0.0259
  0.0258  0.0258  0.0258  0.0258  0.0258  0.0258  0.0258  0.0258  0.0258  0.0258  0.0258  0.0258
  0.0259  0.0259  0.0259  0.0259  0.0259  0.0259  0.0259  0.0260  0.0259  0.0259  0.0259  0.0259
  0.0262  0.0261  0.0260  0.0262  0.0261  0.0262  0.0262  0.0264  0.0260  0.0262  0.0259  0.0259
  0.0267  0.0265  0.0262  0.0266  0.0265  0.0267  0.0266  0.0270  0.0263  0.0266  0.0260  0.0261
niter,ni,del,rscale     2    3    5.0000    0.5000
parameters
   -0.1327  -18.6942   18.2548  -11.5946  -13.8160   -6.9425
   -0.9712    3.5728    1.1053   18.4900   -6.2589  -14.7261
eta,q 0.97416  9.41564
  0.0264  0.0263  0.0261  0.0263  0.0263  0.0264  0.0264  0.0267  0.0261  0.0264  0.0260  0.0260
  0.0261  0.0260  0.0260  0.0261  0.0260  0.0261  0.0261  0.0262  0.0260  0.0261  0.0259  0.0259
  0.0259  0.0259  0.0259  0.0259  0.0259  0.0259  0.0259  0.0259  0.0259  0.0259  0.0259  0.0259
  0.0258  0.0258  0.0258  0.0258  0.0258  0.0258  0.0258  0.0258  0.0258  0.0258  0.0258  0.0258
  0.0259  0.0259  0.0259  0.0259  0.0259  0.0259  0.0259  0.0259  0.0259  0.0259  0.0259  0.0258
  0.0261  0.0260  0.0259  0.0261  0.0260  0.0261  0.0261  0.0262  0.0260  0.0261  0.0259  0.0259
  0.0264  0.0263  0.0261  0.0263  0.0263  0.0264  0.0264  0.0267  0.0261  0.0264  0.0260  0.0260
niter,ni,del,rscale     1    3    5.0000    0.4000
parameters
   -0.1328  -18.6969   18.2828  -11.6140  -13.8344   -6.8860
   -0.9694    3.5522    1.1219   18.4632   -6.2310  -14.6051
eta,q 0.97417  9.41481
  0.0262  0.0261  0.0260  0.0262  0.0261  0.0262  0.0262  0.0264  0.0260  0.0262  0.0259  0.0260
  0.0260  0.0260  0.0259  0.0260  0.0260  0.0260  0.0260  0.0261  0.0259  0.0260  0.0259  0.0259
  0.0259  0.0259  0.0259  0.0259  0.0259  0.0259  0.0259  0.0259  0.0259  0.0259  0.0258  0.0259
  0.0258  0.0258  0.0258  0.0258  0.0258  0.0258  0.0258  0.0258  0.0258  0.0258  0.0258  0.0258
  0.0259  0.0259  0.0259  0.0259  0.0259  0.0259  0.0259  0.0259  0.0259  0.0259  0.0258  0.0258
  0.0260  0.0260  0.0259  0.0260  0.0260  0.0260  0.0260  0.0261  0.0259  0.0260  0.0259  0.0259
  0.0262  0.0261  0.0260  0.0262  0.0261  0.0262  0.0262  0.0264  0.0260  0.0262  0.0259  0.0259
registration optimization eta report
parameter search radius
    0.8000    0.8000    0.8000    2.4000    2.4000    2.4000
    2.4000    2.4000    2.4000    2.4000    2.4000    2.4000
100000*second partial in parameter space
       60.       44.       25.        6.        5.        6.
        6.        9.        3.        6.        2.        2.
  0.0262  0.0261  0.0260  0.0262  0.0261  0.0262  0.0262  0.0264  0.0260  0.0262  0.0259  0.0260
  0.0260  0.0260  0.0259  0.0260  0.0260  0.0260  0.0260  0.0261  0.0259  0.0260  0.0259  0.0259
  0.0259  0.0259  0.0259  0.0259  0.0259  0.0259  0.0259  0.0259  0.0259  0.0259  0.0258  0.0259
  0.0258  0.0258  0.0258  0.0258  0.0258  0.0258  0.0258  0.0258  0.0258  0.0258  0.0258  0.0258
  0.0259  0.0259  0.0259  0.0259  0.0259  0.0259  0.0259  0.0259  0.0259  0.0259  0.0258  0.0258
  0.0260  0.0260  0.0259  0.0260  0.0260  0.0260  0.0260  0.0261  0.0259  0.0260  0.0259  0.0259
  0.0262  0.0261  0.0260  0.0262  0.0261  0.0262  0.0262  0.0264  0.0260  0.0262  0.0259  0.0259
   -0.1328  -18.6969   18.2828  -11.6140  -13.8344   -6.8860
   -0.9694    3.5522    1.1219   18.4632   -6.2310  -14.6051
eta,q 0.97417  9.41481

---------------------------------------------------------------------
compute_vox2vox talsrcimg talsrcimg_to_711-2C_as_mni_average_305_t4 /opt/freesurfer/average/711-2C_as_mni_average_305
---------------------------------------------------------------------

freesurfer compute_vox2vox.c
Reading: talsrcimg.4dfp.ifh
Reading: talsrcimg_to_711-2C_as_mni_average_305_t4
Reading: /opt/freesurfer/average/711-2C_as_mni_average_305.4dfp.ifh
Writing: talsrcimg_to_711-2C_as_mni_average_305_t4_vox2vox.txt

start time Sun Mar 8 19:08:15 CET 2026
end		time Sun Mar 8 19:08:29 CET 2026

mpr2mni305 success

avi2talxfm orig_nu.mgz /opt/freesurfer/average/mni305.cor.mgz talsrcimg_to_711-2C_as_mni_average_305_t4_vox2vox.txt transforms/talairach.auto.xfm
avi2talxfm done
mv -f /out/sourcedata/freesurfer/sub-v1s14x0051577_ses-1/mri/talsrcimg_to_711-2C_as_mni_average_305_t4_vox2vox.txt /out/sourcedata/freesurfer/sub-v1s14x0051577_ses-1/mri/transforms/talsrcimg_to_711-2C_as_mni_average_305_t4_vox2vox.txt
lta_convert --src orig_nu.mgz --trg /opt/freesurfer/average/mni305.cor.mgz --inxfm transforms/talairach.auto.xfm --outlta transforms/talairach.auto.xfm.lta --subject fsaverage
7.3.2

--src: orig_nu.mgz src image (geometry).
--trg: /opt/freesurfer/average/mni305.cor.mgz trg image (geometry).
--inmni: transforms/talairach.auto.xfm input MNI/XFM transform.
--outlta: transforms/talairach.auto.xfm.lta output LTA.
--s: fsaverage subject name
 LTA read, type : 1
 1.12823  -0.04408   0.00522   2.11850;
 0.07081   1.03627   0.17644  -29.27864;
-0.02986  -0.22147   1.12268  -1.94963;
 0.00000   0.00000   0.00000   1.00000;
setting subject to fsaverage
Writing  LTA to file transforms/talairach.auto.xfm.lta...
lta_convert successful.
 
 
Started at Sun Mar 8 19:08:15 CET 2026
Ended   at Sun Mar  8 19:08:29 CET 2026
talairach_avi done
