status file for recon-all
Sun Mar  8 19:45:44 CET 2026
#@# Tessellate rh Sun Mar  8 19:45:44 CET 2026
#@# Smooth1 rh Sun Mar  8 19:45:48 CET 2026
#@# Inflation1 rh Sun Mar  8 19:45:51 CET 2026
#@# QSphere rh Sun Mar  8 19:46:09 CET 2026
#@# Fix Topology rh Sun Mar  8 19:47:51 CET 2026
#@# Smooth2 rh Sun Mar  8 19:56:09 CET 2026
#@# Inflation2 rh Sun Mar  8 19:56:13 CET 2026
#@# Curv .H and .K rh Sun Mar  8 19:56:29 CET 2026
#@# Sphere rh Sun Mar  8 19:57:21 CET 2026
#@# Surf Reg rh Sun Mar  8 20:02:03 CET 2026
#@# Jacobian white rh Sun Mar  8 20:06:50 CET 2026
#@# AvgCurv rh Sun Mar  8 20:06:52 CET 2026
#@# Cortical Parc rh Sun Mar  8 20:06:53 CET 2026
#@# white curv rh Sun Mar  8 20:14:44 CET 2026
#@# white area rh Sun Mar  8 20:14:46 CET 2026
#@# pial curv rh Sun Mar  8 20:14:47 CET 2026
#@# pial area rh Sun Mar  8 20:14:49 CET 2026
#@# thickness rh Sun Mar  8 20:14:50 CET 2026
#@# area and vertex vol rh Sun Mar  8 20:15:23 CET 2026
#@# Curvature Stats rh Sun Mar  8 20:15:25 CET 2026
#@# Cortical Parc 2 rh Sun Mar  8 20:15:28 CET 2026
#@# Cortical Parc 3 rh Sun Mar  8 20:15:44 CET 2026
#@# WM/GM Contrast rh Sun Mar  8 20:15:55 CET 2026
recon-all -s sub-v1s14x0051558_ses-1 finished without error at Sun Mar  8 20:16:00 CET 2026



#New# invocation of recon-all 



status file for recon-all
Sun Mar  8 20:28:26 CET 2026
#@# white curv rh Sun Mar  8 20:28:26 CET 2026
#@# white area rh Sun Mar  8 20:28:26 CET 2026
#@# pial curv rh Sun Mar  8 20:28:26 CET 2026
#@# pial area rh Sun Mar  8 20:28:26 CET 2026
#@# thickness rh Sun Mar  8 20:28:26 CET 2026
#@# area and vertex vol rh Sun Mar  8 20:28:26 CET 2026
#@# Parcellation Stats rh Sun Mar  8 20:28:26 CET 2026
#@# Parcellation Stats 2 rh Sun Mar  8 20:28:48 CET 2026
#@# Parcellation Stats 3 rh Sun Mar  8 20:28:59 CET 2026
#@# BA_exvivo Labels rh Sun Mar  8 20:29:11 CET 2026
recon-all -s sub-v1s14x0051558_ses-1 finished without error at Sun Mar  8 20:32:11 CET 2026
