status file for recon-all
Sun Mar  8 19:06:05 CET 2026
#@# Tessellate lh Sun Mar  8 19:06:05 CET 2026
#@# Smooth1 lh Sun Mar  8 19:06:09 CET 2026
#@# Inflation1 lh Sun Mar  8 19:06:13 CET 2026
#@# QSphere lh Sun Mar  8 19:06:29 CET 2026
#@# Fix Topology lh Sun Mar  8 19:07:55 CET 2026
#@# Smooth2 lh Sun Mar  8 19:18:46 CET 2026
#@# Inflation2 lh Sun Mar  8 19:18:50 CET 2026
#@# Curv .H and .K lh Sun Mar  8 19:19:08 CET 2026
#@# Sphere lh Sun Mar  8 19:20:01 CET 2026
#@# Surf Reg lh Sun Mar  8 19:28:58 CET 2026
#@# Jacobian white lh Sun Mar  8 19:36:50 CET 2026
#@# AvgCurv lh Sun Mar  8 19:36:52 CET 2026
#@# Cortical Parc lh Sun Mar  8 19:36:53 CET 2026
#@# white curv lh Sun Mar  8 19:44:23 CET 2026
#@# white area lh Sun Mar  8 19:44:25 CET 2026
#@# pial curv lh Sun Mar  8 19:44:26 CET 2026
#@# pial area lh Sun Mar  8 19:44:29 CET 2026
#@# thickness lh Sun Mar  8 19:44:30 CET 2026
#@# area and vertex vol lh Sun Mar  8 19:45:03 CET 2026
#@# Curvature Stats lh Sun Mar  8 19:45:05 CET 2026
#@# Cortical Parc 2 lh Sun Mar  8 19:45:08 CET 2026
#@# Cortical Parc 3 lh Sun Mar  8 19:45:23 CET 2026
#@# WM/GM Contrast lh Sun Mar  8 19:45:36 CET 2026
recon-all -s sub-v1s14x0051558_ses-1 finished without error at Sun Mar  8 19:45:42 CET 2026



#New# invocation of recon-all 



status file for recon-all
Sun Mar  8 20:24:38 CET 2026
#@# white curv lh Sun Mar  8 20:24:38 CET 2026
#@# white area lh Sun Mar  8 20:24:38 CET 2026
#@# pial curv lh Sun Mar  8 20:24:38 CET 2026
#@# pial area lh Sun Mar  8 20:24:38 CET 2026
#@# thickness lh Sun Mar  8 20:24:38 CET 2026
#@# area and vertex vol lh Sun Mar  8 20:24:38 CET 2026
#@# Parcellation Stats lh Sun Mar  8 20:24:38 CET 2026
#@# Parcellation Stats 2 lh Sun Mar  8 20:25:01 CET 2026
#@# Parcellation Stats 3 lh Sun Mar  8 20:25:12 CET 2026
#@# BA_exvivo Labels lh Sun Mar  8 20:25:25 CET 2026
recon-all -s sub-v1s14x0051558_ses-1 finished without error at Sun Mar  8 20:28:24 CET 2026
