status file for recon-all
Sun Mar  8 17:15:17 CET 2026
#@# MotionCor Sun Mar  8 17:15:19 CET 2026
#@# Talairach Sun Mar  8 17:15:29 CET 2026
#@# Talairach Failure Detection Sun Mar  8 17:20:03 CET 2026
#@# Nu Intensity Correction Sun Mar  8 17:20:03 CET 2026
#@# Intensity Normalization Sun Mar  8 17:23:17 CET 2026
recon-all -s sub-v1s14x0051558_ses-1 finished without error at Sun Mar  8 17:24:51 CET 2026



#New# invocation of recon-all 



status file for recon-all
Sun Mar  8 17:32:09 CET 2026
#@# EM Registration Sun Mar  8 17:32:09 CET 2026
recon-all -s sub-v1s14x0051558_ses-1 finished without error at Sun Mar  8 17:34:21 CET 2026



#New# invocation of recon-all 



status file for recon-all
Sun Mar  8 17:34:23 CET 2026
#@# CA Normalize Sun Mar  8 17:34:23 CET 2026
#@# CA Reg Sun Mar  8 17:35:45 CET 2026
#@# SubCort Seg Sun Mar  8 18:26:35 CET 2026
#@# CC Seg Sun Mar  8 18:59:48 CET 2026
#@# Merge ASeg Sun Mar  8 19:00:30 CET 2026
#@# Intensity Normalization2 Sun Mar  8 19:00:30 CET 2026
#@# Mask BFS Sun Mar  8 19:02:50 CET 2026
#@# WM Segmentation Sun Mar  8 19:02:50 CET 2026
#@# Fill Sun Mar  8 19:04:55 CET 2026
recon-all -s sub-v1s14x0051558_ses-1 finished without error at Sun Mar  8 19:06:00 CET 2026



#New# invocation of recon-all 



status file for recon-all
Sun Mar  8 20:16:04 CET 2026
#@# white curv lh Sun Mar  8 20:16:04 CET 2026
#@# white area lh Sun Mar  8 20:16:04 CET 2026
#@# pial curv lh Sun Mar  8 20:16:04 CET 2026
#@# pial area lh Sun Mar  8 20:16:04 CET 2026
#@# thickness lh Sun Mar  8 20:16:04 CET 2026
#@# area and vertex vol lh Sun Mar  8 20:16:04 CET 2026
#@# white curv rh Sun Mar  8 20:16:04 CET 2026
#@# white area rh Sun Mar  8 20:16:04 CET 2026
#@# pial curv rh Sun Mar  8 20:16:04 CET 2026
#@# pial area rh Sun Mar  8 20:16:04 CET 2026
#@# thickness rh Sun Mar  8 20:16:04 CET 2026
#@# area and vertex vol rh Sun Mar  8 20:16:04 CET 2026
#@# Cortical ribbon mask Sun Mar  8 20:16:04 CET 2026
recon-all -s sub-v1s14x0051558_ses-1 finished without error at Sun Mar  8 20:24:34 CET 2026



#New# invocation of recon-all 



status file for recon-all
Sun Mar  8 20:32:16 CET 2026
#@# white curv lh Sun Mar  8 20:32:16 CET 2026
#@# white area lh Sun Mar  8 20:32:16 CET 2026
#@# pial curv lh Sun Mar  8 20:32:16 CET 2026
#@# pial area lh Sun Mar  8 20:32:16 CET 2026
#@# thickness lh Sun Mar  8 20:32:16 CET 2026
#@# area and vertex vol lh Sun Mar  8 20:32:16 CET 2026
#@# white curv rh Sun Mar  8 20:32:16 CET 2026
#@# white area rh Sun Mar  8 20:32:16 CET 2026
#@# pial curv rh Sun Mar  8 20:32:16 CET 2026
#@# pial area rh Sun Mar  8 20:32:16 CET 2026
#@# thickness rh Sun Mar  8 20:32:16 CET 2026
#@# area and vertex vol rh Sun Mar  8 20:32:16 CET 2026
#@# Curvature Stats lh Sun Mar  8 20:32:16 CET 2026
#@# Curvature Stats rh Sun Mar  8 20:32:19 CET 2026
#@# Relabel Hypointensities Sun Mar  8 20:32:22 CET 2026
#@# APas-to-ASeg Sun Mar  8 20:32:37 CET 2026
#@# AParc-to-ASeg aparc Sun Mar  8 20:32:47 CET 2026
#@# AParc-to-ASeg aparc.a2009s Sun Mar  8 20:33:32 CET 2026
#@# AParc-to-ASeg aparc.DKTatlas Sun Mar  8 20:34:17 CET 2026
#@# WMParc Sun Mar  8 20:35:04 CET 2026
#@# ASeg Stats Sun Mar  8 20:39:15 CET 2026
recon-all -s sub-v1s14x0051558_ses-1 finished without error at Sun Mar  8 20:39:57 CET 2026
