/out/sourcedata/freesurfer/sub-v1s14x0051572_ses-1/mri
/opt/freesurfer/bin/talairach_avi
--i orig_nu.mgz --xfm transforms/talairach.auto.xfm
talairach_avi 7.3.2
Linux dna078 5.14.0-427.37.1.el9_4.x86_64 #1 SMP PREEMPT_DYNAMIC Fri Sep 13 12:41:50 EDT 2024 x86_64 x86_64 x86_64 GNU/Linux
Sun Mar  8 18:50:48 CET 2026
mri_convert orig_nu.mgz talsrcimg.img 
reading from orig_nu.mgz...
TR=0.00, TE=0.00, TI=0.00, flip angle=0.00
i_ras = (-1, -8.73115e-10, 0)
j_ras = (-4.65661e-10, 7.45058e-09, -1)
k_ras = (9.31323e-10, 1, 0)
writing to talsrcimg.img...
Analyze Output Matrix
-1.00000  -0.00000   0.00000   128.70740;
-0.00000   0.00000   1.00000  -114.20539;
 0.00000  -1.00000   0.00000   157.00525;
 0.00000   0.00000   0.00000   1.00000;
--------------------
INFO: set hdr.hist.orient to -1
mpr2mni305 talsrcimg
Sun Mar  8 18:50:48 CET 2026
/opt/freesurfer/bin/mpr2mni305 talsrcimg
mpr2mni305 7.3.2
target=711-2C_as_mni_average_305

---------------------------------------------------------------------
analyzeto4dfp talsrcimg -O0 -y
---------------------------------------------------------------------

freesurfer ifh2hdr.c
Sun Mar  8 18:50:49 2026
Writing: talsrcimg.4dfp.hdr
freesurfer analyzeto4dfp.c
Reading: talsrcimg.hdr
header size 348 bytes
hdr.dime.datatype	offset=70	value=2
hdr.dime.bitpix		offset=72	value=8
hdr.hist.orient		offset=252	value=-1
dimensionality     4
dimensions       256       256       256         1
Reading: talsrcimg.img
Writing: talsrcimg.4dfp.img
Writing: talsrcimg.4dfp.ifh
ifh2hdr talsrcimg -r0to233
ori=2

---------------------------------------------------------------------
gauss_4dfp talsrcimg 1.1
---------------------------------------------------------------------

freesurfer gauss_4dfp.c
Reading: talsrcimg.4dfp.img
Writing: talsrcimg_g11.4dfp.img
image dimensions 256 256 256 padded to 288 288 288
processing volume 1freesurfer ifh2hdr.c
Sun Mar  8 18:50:50 2026
Writing: talsrcimg_g11.4dfp.hdr

Writing: talsrcimg_g11.4dfp.ifh
including: talsrcimg.4dfp.img.rec in talsrcimg_g11.4dfp.img.rec

---------------------------------------------------------------------
imgreg_4dfp /opt/freesurfer/average/711-2C_as_mni_average_305 none talsrcimg_g11 none talsrcimg_to_711-2C_as_mni_average_305_t4 4355
---------------------------------------------------------------------

freesurfer imgreg_4dfp.c
/opt/freesurfer/average/711-2C_as_mni_average_305.4dfp.img
       256       256       256         1
  1.000000  1.000000  1.000000
orientation T byte_order littleendian
Reading image: /opt/freesurfer/average/711-2C_as_mni_average_305.4dfp.img
dimensions:      256       256       256
mmppix:       1.0000   -1.0000   -1.0000
center:     128.0000 -129.0000 -129.0000
talsrcimg_g11.4dfp.img
       256       256       256         1
  1.000000  1.000000  1.000000
orientation T byte_order littleendian
Reading image: talsrcimg_g11.4dfp.img
dimensions:      256       256       256
mmppix:       1.0000   -1.0000   -1.0000
center:     128.0000 -129.0000 -129.0000
t4_read: open error in t4_sub.f l:  41 t4_file(1:l)talsrcimg_to_711-2C_as_mni_average_305_t4 
t4_read: transform initialized to I4
rotation matrix determinant  1.000000
image alignment mode   4355 decimal     1103 hex
   -7.5000  -45.0000  -45.0000 9178.7549   22.4787
    0.0000  -45.0000  -45.0000 9592.0957   22.4758
    7.5000  -45.0000  -45.0000 9091.7930   22.4644
   -7.5000  -37.5000  -45.0000 9445.9307   22.4360
    0.0000  -37.5000  -45.0000 9868.5869   22.4351
    7.5000  -37.5000  -45.0000 9352.5176   22.4272
   -7.5000  -30.0000  -45.000010057.4014   22.4147
    0.0000  -30.0000  -45.000010506.4619   22.4141
    7.5000  -30.0000  -45.0000 9949.0527   22.4159
   -7.5000  -22.5000  -45.000010626.3008   22.4442
    0.0000  -22.5000  -45.000011058.5947   22.4410
    7.5000  -22.5000  -45.000010493.1562   22.4475
   -7.5000  -15.0000  -45.000011109.3037   22.4924
    0.0000  -15.0000  -45.000011555.6113   22.4849
    7.5000  -15.0000  -45.000010995.7939   22.4865
   -7.5000   -7.5000  -45.000011505.3516   22.5055
    0.0000   -7.5000  -45.000011986.6807   22.4986
    7.5000   -7.5000  -45.000011405.4453   22.4921
   -7.5000    0.0000  -45.000011860.3662   22.4787
    0.0000    0.0000  -45.000012343.9297   22.4758
    7.5000    0.0000  -45.000011753.7393   22.4644
   -7.5000    7.5000  -45.000011130.3535   22.4360
    0.0000    7.5000  -45.000011562.9922   22.4351
    7.5000    7.5000  -45.000010999.9170   22.4272
   -7.5000   15.0000  -45.000010227.5762   22.4147
    0.0000   15.0000  -45.000010605.6006   22.4141
    7.5000   15.0000  -45.000010078.8994   22.4159
   -7.5000   22.5000  -45.0000 9276.2373   22.4411
    0.0000   22.5000  -45.0000 9592.6475   22.4380
    7.5000   22.5000  -45.0000 9113.5176   22.4444
   -7.5000   30.0000  -45.0000 8331.1533   22.1927
    0.0000   30.0000  -45.0000 8609.1777   22.1853
    7.5000   30.0000  -45.0000 8187.2065   22.1869
   -7.5000   37.5000  -45.0000 7632.5322   22.2056
    0.0000   37.5000  -45.0000 7873.3740   22.1988
    7.5000   37.5000  -45.0000 7508.0264   22.1924
   -7.5000   45.0000  -45.0000 6685.6948   21.7328
    0.0000   45.0000  -45.0000 6903.9917   21.7312
    7.5000   45.0000  -45.0000 6588.5547   21.7199
   -7.5000  -45.0000  -37.5000 9775.9541   22.3977
    0.0000  -45.0000  -37.500010224.6680   22.3961
    7.5000  -45.0000  -37.5000 9671.8584   22.3765
   -7.5000  -37.5000  -37.500010058.9297   22.3690
    0.0000  -37.5000  -37.500010509.6074   22.3703
    7.5000  -37.5000  -37.5000 9945.8467   22.3583
   -7.5000  -30.0000  -37.500010691.5166   22.3441
    0.0000  -30.0000  -37.500011164.0898   22.3450
    7.5000  -30.0000  -37.500010549.8779   22.3451
   -7.5000  -22.5000  -37.500011304.7188   22.3548
    0.0000  -22.5000  -37.500011763.8105   22.3512
    7.5000  -22.5000  -37.500011136.7412   22.3538
   -7.5000  -15.0000  -37.500011823.7441   22.3874
    0.0000  -15.0000  -37.500012289.4775   22.3798
    7.5000  -15.0000  -37.500011675.9883   22.3742
   -7.5000   -7.5000  -37.500012247.4277   22.4053
    0.0000   -7.5000  -37.500012753.8789   22.3993
    7.5000   -7.5000  -37.500012114.3398   22.3836
   -7.5000    0.0000  -37.500012555.7451   22.3977
    0.0000    0.0000  -37.500013068.0029   22.3961
    7.5000    0.0000  -37.500012403.4229   22.3765
   -7.5000    7.5000  -37.500011756.4775   22.3690
    0.0000    7.5000  -37.500012228.5605   22.3703
    7.5000    7.5000  -37.500011608.7207   22.3583
   -7.5000   15.0000  -37.500010745.9229   22.3441
    0.0000   15.0000  -37.500011165.4180   22.3450
    7.5000   15.0000  -37.500010606.8262   22.3451
   -7.5000   22.5000  -37.5000 9744.6113   22.3518
    0.0000   22.5000  -37.500010110.9521   22.3481
    7.5000   22.5000  -37.5000 9594.1953   22.3508
   -7.5000   30.0000  -37.5000 8743.1514   22.0891
    0.0000   30.0000  -37.5000 9050.9258   22.0815
    7.5000   30.0000  -37.5000 8603.3428   22.0761
   -7.5000   37.5000  -37.5000 8007.0405   22.1068
    0.0000   37.5000  -37.5000 8275.9033   22.1008
    7.5000   37.5000  -37.5000 7878.4648   22.0854
   -7.5000   45.0000  -37.5000 7002.6694   21.6531
    0.0000   45.0000  -37.5000 7224.8774   21.6530
    7.5000   45.0000  -37.5000 6894.0327   21.6340
   -7.5000  -45.0000  -30.000010536.8193   23.3614
    0.0000  -45.0000  -30.000011018.4111   23.3717
    7.5000  -45.0000  -30.000010437.0518   23.3469
   -7.5000  -37.5000  -30.000010862.7285   23.3378
    0.0000  -37.5000  -30.000011347.9375   23.3477
    7.5000  -37.5000  -30.000010731.4463   23.3311
   -7.5000  -30.0000  -30.000011541.8184   23.3086
    0.0000  -30.0000  -30.000012030.8965   23.3132
    7.5000  -30.0000  -30.000011347.3164   23.3098
   -7.5000  -22.5000  -30.000012160.0000   23.3100
    0.0000  -22.5000  -30.000012666.7666   23.3085
    7.5000  -22.5000  -30.000011964.0781   23.3079
   -7.5000  -15.0000  -30.000012750.6543   23.3368
    0.0000  -15.0000  -30.000013237.3018   23.3352
    7.5000  -15.0000  -30.000012559.8174   23.3259
   -7.5000   -7.5000  -30.000013182.6455   23.3589
    0.0000   -7.5000  -30.000013705.1934   23.3639
    7.5000   -7.5000  -30.000012981.5518   23.3434
   -7.5000    0.0000  -30.000013485.3760   23.3614
    0.0000    0.0000  -30.000014024.4922   23.3717
    7.5000    0.0000  -30.000013292.1182   23.3469
   -7.5000    7.5000  -30.000012592.2686   23.3378
    0.0000    7.5000  -30.000013103.7139   23.3477
    7.5000    7.5000  -30.000012429.4932   23.3311
   -7.5000   15.0000  -30.000011465.3887   23.3086
    0.0000   15.0000  -30.000011942.6250   23.3132
    7.5000   15.0000  -30.000011329.6182   23.3098
   -7.5000   22.5000  -30.000010387.8213   23.3044
    0.0000   22.5000  -30.000010799.9248   23.3029
    7.5000   22.5000  -30.000010240.4541   23.3023
   -7.5000   30.0000  -30.0000 9285.5527   23.0280
    0.0000   30.0000  -30.0000 9648.1865   23.0265
    7.5000   30.0000  -30.0000 9145.3291   23.0173
   -7.5000   37.5000  -30.0000 8501.0020   23.0498
    0.0000   37.5000  -30.0000 8809.0039   23.0548
    7.5000   37.5000  -30.0000 8378.8936   23.0346
   -7.5000   45.0000  -30.0000 7422.3237   22.6008
    0.0000   45.0000  -30.0000 7664.7607   22.6122
    7.5000   45.0000  -30.0000 7321.7402   22.5883
   -7.5000  -45.0000  -22.500011313.1582   24.1944
    0.0000  -45.0000  -22.500011800.5732   24.2161
    7.5000  -45.0000  -22.500011192.4619   24.1941
   -7.5000  -37.5000  -22.500011631.3877   24.1616
    0.0000  -37.5000  -22.500012166.6387   24.1796
    7.5000  -37.5000  -22.500011485.2012   24.1625
   -7.5000  -30.0000  -22.500012343.2051   24.1366
    0.0000  -30.0000  -22.500012872.9912   24.1448
    7.5000  -30.0000  -22.500012112.2090   24.1384
   -7.5000  -22.5000  -22.500013007.3447   24.1534
    0.0000  -22.5000  -22.500013554.5166   24.1549
    7.5000  -22.5000  -22.500012762.2207   24.1521
   -7.5000  -15.0000  -22.500013620.8789   24.1911
    0.0000  -15.0000  -22.500014179.0508   24.1955
    7.5000  -15.0000  -22.500013390.7363   24.1869
   -7.5000   -7.5000  -22.500014069.3477   24.2072
    0.0000   -7.5000  -22.500014628.5703   24.2219
    7.5000   -7.5000  -22.500013827.8975   24.2046
   -7.5000    0.0000  -22.500014342.1396   24.1944
    0.0000    0.0000  -22.500014933.2197   24.2161
    7.5000    0.0000  -22.500014121.6230   24.1941
   -7.5000    7.5000  -22.500013357.5996   24.1616
    0.0000    7.5000  -22.500013920.7744   24.1796
    7.5000    7.5000  -22.500013169.6914   24.1625
   -7.5000   15.0000  -22.500012181.4834   24.1366
    0.0000   15.0000  -22.500012686.5684   24.1448
    7.5000   15.0000  -22.500012018.7178   24.1384
   -7.5000   22.5000  -22.500011021.6387   24.1459
    0.0000   22.5000  -22.500011469.6172   24.1474
    7.5000   22.5000  -22.500010885.1396   24.1447
   -7.5000   30.0000  -22.5000 9857.9580   23.8747
    0.0000   30.0000  -22.500010227.3936   23.8790
    7.5000   30.0000  -22.5000 9708.8047   23.8705
   -7.5000   37.5000  -22.5000 8981.9307   23.8906
    0.0000   37.5000  -22.5000 9331.8604   23.9051
    7.5000   37.5000  -22.5000 8874.1875   23.8881
   -7.5000   45.0000  -22.5000 7838.3535   23.4244
    0.0000   45.0000  -22.5000 8121.8452   23.4465
    7.5000   45.0000  -22.5000 7751.0732   23.4256
   -7.5000  -45.0000  -15.000012060.7275   24.7833
    0.0000  -45.0000  -15.000012585.2744   24.8061
    7.5000  -45.0000  -15.000011943.0410   24.7926
   -7.5000  -37.5000  -15.000012391.9365   24.7384
    0.0000  -37.5000  -15.000012960.2178   24.7567
    7.5000  -37.5000  -15.000012254.7471   24.7438
   -7.5000  -30.0000  -15.000013099.9072   24.7215
    0.0000  -30.0000  -15.000013685.0283   24.7301
    7.5000  -30.0000  -15.000012903.0107   24.7243
   -7.5000  -22.5000  -15.000013817.9775   24.7601
    0.0000  -22.5000  -15.000014397.5430   24.7633
    7.5000  -22.5000  -15.000013575.6367   24.7625
   -7.5000  -15.0000  -15.000014478.1582   24.8122
    0.0000  -15.0000  -15.000015070.5596   24.8177
    7.5000  -15.0000  -15.000014233.5273   24.8148
   -7.5000   -7.5000  -15.000014912.6660   24.8185
    0.0000   -7.5000  -15.000015501.5332   24.8339
    7.5000   -7.5000  -15.000014684.0713   24.8254
   -7.5000    0.0000  -15.000015131.1445   24.7833
    0.0000    0.0000  -15.000015752.5693   24.8061
    7.5000    0.0000  -15.000014916.0234   24.7926
   -7.5000    7.5000  -15.000014107.2197   24.7384
    0.0000    7.5000  -15.000014690.5889   24.7567
    7.5000    7.5000  -15.000013924.8760   24.7438
   -7.5000   15.0000  -15.000012876.1152   24.7215
    0.0000   15.0000  -15.000013411.8389   24.7301
    7.5000   15.0000  -15.000012710.8232   24.7243
   -7.5000   22.5000  -15.000011642.9854   24.7513
    0.0000   22.5000  -15.000012118.2588   24.7545
    7.5000   22.5000  -15.000011508.0293   24.7537
   -7.5000   30.0000  -15.000010436.2949   24.4910
    0.0000   30.0000  -15.000010832.0166   24.4965
    7.5000   30.0000  -15.000010289.0811   24.4937
   -7.5000   37.5000  -15.0000 9514.8564   24.4974
    0.0000   37.5000  -15.0000 9872.1582   24.5126
    7.5000   37.5000  -15.0000 9370.0879   24.5042
   -7.5000   45.0000  -15.0000 8269.4346   24.0101
    0.0000   45.0000  -15.0000 8572.8477   24.0330
    7.5000   45.0000  -15.0000 8166.3506   24.0202
   -7.5000  -45.0000   -7.500012763.0244   25.0506
    0.0000  -45.0000   -7.500013336.9688   25.0596
    7.5000  -45.0000   -7.500012660.1807   25.0512
   -7.5000  -37.5000   -7.500013174.7295   24.9992
    0.0000  -37.5000   -7.500013783.5557   25.0062
    7.5000  -37.5000   -7.500013052.2197   24.9979
   -7.5000  -30.0000   -7.500013927.4199   24.9829
    0.0000  -30.0000   -7.500014510.1670   24.9857
    7.5000  -30.0000   -7.500013741.3477   24.9849
   -7.5000  -22.5000   -7.500014638.0264   25.0283
    0.0000  -22.5000   -7.500015189.5127   25.0283
    7.5000  -22.5000   -7.500014382.9014   25.0336
   -7.5000  -15.0000   -7.500015325.9102   25.0874
    0.0000  -15.0000   -7.500015904.5410   25.0862
    7.5000  -15.0000   -7.500015084.8857   25.0896
   -7.5000   -7.5000   -7.500015772.6416   25.0933
    0.0000   -7.5000   -7.500016389.7520   25.0969
    7.5000   -7.5000   -7.500015556.1973   25.0940
   -7.5000    0.0000   -7.500015979.3154   25.0506
    0.0000    0.0000   -7.500016630.8906   25.0596
    7.5000    0.0000   -7.500015761.4961   25.0512
   -7.5000    7.5000   -7.500014935.4307   24.9992
    0.0000    7.5000   -7.500015525.5781   25.0062
    7.5000    7.5000   -7.500014727.9658   24.9979
   -7.5000   15.0000   -7.500013647.8057   24.9829
    0.0000   15.0000   -7.500014196.4023   24.9857
    7.5000   15.0000   -7.500013432.6152   24.9849
   -7.5000   22.5000   -7.500012379.4727   25.0167
    0.0000   22.5000   -7.500012835.0947   25.0168
    7.5000   22.5000   -7.500012178.8486   25.0220
   -7.5000   30.0000   -7.500011095.3721   24.7620
    0.0000   30.0000   -7.500011498.0068   24.7609
    7.5000   30.0000   -7.500010877.9756   24.7642
   -7.5000   37.5000   -7.500010098.7891   24.7679
    0.0000   37.5000   -7.500010478.7314   24.7715
    7.5000   37.5000   -7.5000 9909.1016   24.7686
   -7.5000   45.0000   -7.5000 8753.5078   24.2746
    0.0000   45.0000   -7.5000 9082.1455   24.2843
    7.5000   45.0000   -7.5000 8622.1953   24.2761
   -7.5000  -45.0000    0.000013372.9443   25.0699
    0.0000  -45.0000    0.000013952.8740   25.0652
    7.5000  -45.0000    0.000013273.6514   25.0525
   -7.5000  -37.5000    0.000013868.1367   25.0232
    0.0000  -37.5000    0.000014515.3721   25.0210
    7.5000  -37.5000    0.000013740.9375   25.0124
   -7.5000  -30.0000    0.000014789.5254   25.0015
    0.0000  -30.0000    0.000015384.8838   25.0001
    7.5000  -30.0000    0.000014587.2070   25.0021
   -7.5000  -22.5000    0.000015554.6035   25.0357
    0.0000  -22.5000    0.000016056.2344   25.0316
    7.5000  -22.5000    0.000015256.8643   25.0383
   -7.5000  -15.0000    0.000016246.2070   25.0889
    0.0000  -15.0000    0.000016773.1309   25.0797
    7.5000  -15.0000    0.000015915.5791   25.0808
   -7.5000   -7.5000    0.000016702.1895   25.1013
    0.0000   -7.5000    0.000017288.9297   25.0924
    7.5000   -7.5000    0.000016395.5176   25.0847
   -7.5000    0.0000    0.000016892.9570   25.0699
    0.0000    0.0000    0.000017525.8984   25.0652
    7.5000    0.0000    0.000016570.2988   25.0525
   -7.5000    7.5000    0.000015778.2100   25.0232
    0.0000    7.5000    0.000016359.0977   25.0210
    7.5000    7.5000    0.000015458.5459   25.0124
   -7.5000   15.0000    0.000014404.1045   25.0015
    0.0000   15.0000    0.000014963.0459   25.0001
    7.5000   15.0000    0.000014126.0166   25.0021
   -7.5000   22.5000    0.000013078.7266   25.0242
    0.0000   22.5000    0.000013557.9561   25.0201
    7.5000   22.5000    0.000012802.6729   25.0267
   -7.5000   30.0000    0.000011725.1631   24.7642
    0.0000   30.0000    0.000012141.6650   24.7551
    7.5000   30.0000    0.000011447.9307   24.7562
   -7.5000   37.5000    0.000010650.0400   24.7765
    0.0000   37.5000    0.000011040.6016   24.7678
    7.5000   37.5000    0.000010435.3955   24.7601
   -7.5000   45.0000    0.0000 9230.1016   24.2947
    0.0000   45.0000    0.0000 9556.6982   24.2915
    7.5000   45.0000    0.0000 9068.7041   24.2789
   -7.5000  -45.0000    7.500012933.0137   25.0627
    0.0000  -45.0000    7.500013494.2100   25.0608
    7.5000  -45.0000    7.500012868.1768   25.0389
   -7.5000  -37.5000    7.500013477.9863   25.0306
    0.0000  -37.5000    7.500014104.9951   25.0320
    7.5000  -37.5000    7.500013343.6846   25.0185
   -7.5000  -30.0000    7.500014540.3564   25.0027
    0.0000  -30.0000    7.500015178.1543   25.0037
    7.5000  -30.0000    7.500014263.1689   25.0037
   -7.5000  -22.5000    7.500015436.7676   25.0146
    0.0000  -22.5000    7.500015997.0830   25.0105
    7.5000  -22.5000    7.500015040.5156   25.0135
   -7.5000  -15.0000    7.500016020.5693   25.0511
    0.0000  -15.0000    7.500016572.5176   25.0425
    7.5000  -15.0000    7.500015610.2051   25.0363
   -7.5000   -7.5000    7.500016384.8086   25.0711
    0.0000   -7.5000    7.500016937.4941   25.0643
    7.5000   -7.5000    7.500015983.4355   25.0468
   -7.5000    0.0000    7.500016508.6270   25.0627
    0.0000    0.0000    7.500017050.7656   25.0608
    7.5000    0.0000    7.500016121.7441   25.0389
   -7.5000    7.5000    7.500015351.7373   25.0306
    0.0000    7.5000    7.500015891.1953   25.0320
    7.5000    7.5000    7.500014992.0039   25.0185
   -7.5000   15.0000    7.500013984.0137   25.0027
    0.0000   15.0000    7.500014510.5713   25.0037
    7.5000   15.0000    7.500013690.1260   25.0037
   -7.5000   22.5000    7.500012657.5049   25.0031
    0.0000   22.5000    7.500013124.6748   24.9990
    7.5000   22.5000    7.500012407.6670   25.0020
   -7.5000   30.0000    7.500011319.5527   24.7269
    0.0000   30.0000    7.500011739.1123   24.7184
    7.5000   30.0000    7.500011076.0078   24.7122
   -7.5000   37.5000    7.500010315.0371   24.7467
    0.0000   37.5000    7.500010691.6260   24.7400
    7.5000   37.5000    7.500010106.9717   24.7227
   -7.5000   45.0000    7.5000 8934.4219   24.2865
    0.0000   45.0000    7.5000 9248.4170   24.2864
    7.5000   45.0000    7.5000 8786.2012   24.2650
   -7.5000  -45.0000   15.000012437.0205   25.0863
    0.0000  -45.0000   15.000012973.6924   25.0973
    7.5000  -45.0000   15.000012317.4102   25.0707
   -7.5000  -37.5000   15.000012935.2090   25.0610
    0.0000  -37.5000   15.000013517.7568   25.0716
    7.5000  -37.5000   15.000012727.8877   25.0538
   -7.5000  -30.0000   15.000013905.7578   25.0296
    0.0000  -30.0000   15.000014529.5762   25.0345
    7.5000  -30.0000   15.000013593.7607   25.0309
   -7.5000  -22.5000   15.000014662.9355   25.0311
    0.0000  -22.5000   15.000015299.3223   25.0294
    7.5000  -22.5000   15.000014344.6406   25.0288
   -7.5000  -15.0000   15.000015174.0186   25.0598
    0.0000  -15.0000   15.000015798.4883   25.0582
    7.5000  -15.0000   15.000014893.3242   25.0482
   -7.5000   -7.5000   15.000015592.1211   25.0836
    0.0000   -7.5000   15.000016202.8262   25.0890
    7.5000   -7.5000   15.000015290.7529   25.0670
   -7.5000    0.0000   15.000015735.3018   25.0863
    0.0000    0.0000   15.000016320.9189   25.0973
    7.5000    0.0000   15.000015417.4023   25.0707
   -7.5000    7.5000   15.000014618.4258   25.0610
    0.0000    7.5000   15.000015166.7656   25.0716
    7.5000    7.5000   15.000014352.1650   25.0538
   -7.5000   15.0000   15.000013327.4346   25.0296
    0.0000   15.0000   15.000013831.8467   25.0345
    7.5000   15.0000   15.000013124.3467   25.0309
   -7.5000   22.5000   15.000012040.8887   25.0195
    0.0000   22.5000   15.000012486.1660   25.0179
    7.5000   22.5000   15.000011858.0566   25.0173
   -7.5000   30.0000   15.000010776.3154   24.7355
    0.0000   30.0000   15.000011188.5947   24.7339
    7.5000   30.0000   15.000010608.3047   24.7240
   -7.5000   37.5000   15.0000 9835.0254   24.7590
    0.0000   37.5000   15.000010200.8330   24.7643
    7.5000   37.5000   15.0000 9690.6699   24.7426
   -7.5000   45.0000   15.0000 8516.2432   24.3088
    0.0000   45.0000   15.0000 8835.6553   24.3211
    7.5000   45.0000   15.0000 8415.5938   24.2955
   -7.5000  -45.0000   22.500011768.9961   25.1158
    0.0000  -45.0000   22.500012275.2227   25.1383
    7.5000  -45.0000   22.500011672.1270   25.1155
   -7.5000  -37.5000   22.500012213.8135   25.0817
    0.0000  -37.5000   22.500012736.9189   25.1004
    7.5000  -37.5000   22.500012081.7051   25.0826
   -7.5000  -30.0000   22.500013039.0605   25.0558
    0.0000  -30.0000   22.500013600.2979   25.0643
    7.5000  -30.0000   22.500012901.1533   25.0576
   -7.5000  -22.5000   22.500013693.9062   25.0732
    0.0000  -22.5000   22.500014246.3965   25.0747
    7.5000  -22.5000   22.500013585.2373   25.0719
   -7.5000  -15.0000   22.500014276.4863   25.1124
    0.0000  -15.0000   22.500014816.0537   25.1169
    7.5000  -15.0000   22.500014107.3506   25.1080
   -7.5000   -7.5000   22.500014734.8965   25.1291
    0.0000   -7.5000   22.500015282.2383   25.1443
    7.5000   -7.5000   22.500014510.4014   25.1264
   -7.5000    0.0000   22.500014879.8184   25.1158
    0.0000    0.0000   22.500015398.5557   25.1383
    7.5000    0.0000   22.500014654.4902   25.1155
   -7.5000    7.5000   22.500013812.3184   25.0817
    0.0000    7.5000   22.500014322.0371   25.1004
    7.5000    7.5000   22.500013593.2432   25.0826
   -7.5000   15.0000   22.500012595.6855   25.0558
    0.0000   15.0000   22.500013070.5332   25.0643
    7.5000   15.0000   22.500012400.1562   25.0576
   -7.5000   22.5000   22.500011359.7168   25.0616
    0.0000   22.5000   22.500011792.6982   25.0632
    7.5000   22.5000   22.500011199.0293   25.0603
   -7.5000   30.0000   22.500010137.1191   24.7874
    0.0000   30.0000   22.500010541.7393   24.7919
    7.5000   30.0000   22.500010018.3271   24.7830
   -7.5000   37.5000   22.5000 9215.0547   24.8039
    0.0000   37.5000   22.5000 9583.5830   24.8190
    7.5000   37.5000   22.5000 9144.3828   24.8013
   -7.5000   45.0000   22.5000 7988.9854   24.3376
    0.0000   45.0000   22.5000 8279.9922   24.3605
    7.5000   45.0000   22.5000 7918.1035   24.3388
   -7.5000  -45.0000   30.000010964.6934   25.2335
    0.0000  -45.0000   30.000011408.5088   25.2571
    7.5000  -45.0000   30.000010905.7734   25.2439
   -7.5000  -37.5000   30.000011395.4961   25.1880
    0.0000  -37.5000   30.000011862.3604   25.2070
    7.5000  -37.5000   30.000011307.2969   25.1944
   -7.5000  -30.0000   30.000012102.9023   25.1710
    0.0000  -30.0000   30.000012612.7656   25.1799
    7.5000  -30.0000   30.000012032.0371   25.1746
   -7.5000  -22.5000   30.000012693.8066   25.2101
    0.0000  -22.5000   30.000013190.1328   25.2134
    7.5000  -22.5000   30.000012636.6904   25.2132
   -7.5000  -15.0000   30.000013281.7412   25.2628
    0.0000  -15.0000   30.000013799.2578   25.2686
    7.5000  -15.0000   30.000013181.7666   25.2662
   -7.5000   -7.5000   30.000013767.2939   25.2692
    0.0000   -7.5000   30.000014293.3135   25.2851
    7.5000   -7.5000   30.000013606.2295   25.2770
   -7.5000    0.0000   30.000013895.8135   25.2335
    0.0000    0.0000   30.000014418.6182   25.2571
    7.5000    0.0000   30.000013750.3066   25.2439
   -7.5000    7.5000   30.000012898.6445   25.1880
    0.0000    7.5000   30.000013373.0840   25.2070
    7.5000    7.5000   30.000012742.7646   25.1944
   -7.5000   15.0000   30.000011771.1709   25.1710
    0.0000   15.0000   30.000012188.5928   25.1799
    7.5000   15.0000   30.000011593.3857   25.1746
   -7.5000   22.5000   30.000010618.2412   25.1984
    0.0000   22.5000   30.000010998.0498   25.2018
    7.5000   22.5000   30.000010458.5986   25.2016
   -7.5000   30.0000   30.0000 9432.7725   24.9359
    0.0000   30.0000   30.0000 9789.3320   24.9416
    7.5000   30.0000   30.0000 9337.3789   24.9392
   -7.5000   37.5000   30.0000 8533.2656   24.9422
    0.0000   37.5000   30.0000 8847.5664   24.9580
    7.5000   37.5000   30.0000 8484.8594   24.9499
   -7.5000   45.0000   30.0000 7404.7485   24.4532
    0.0000   45.0000   30.0000 7654.5020   24.4769
    7.5000   45.0000   30.0000 7355.5420   24.4645
   -7.5000  -45.0000   37.500010586.3174   25.5557
    0.0000  -45.0000   37.500011049.5586   25.5661
    7.5000  -45.0000   37.500010520.2197   25.5573
   -7.5000  -37.5000   37.500010992.9414   25.5025
    0.0000  -37.5000   37.500011460.8701   25.5109
    7.5000  -37.5000   37.500010915.0322   25.5020
   -7.5000  -30.0000   37.500011661.9473   25.4849
    0.0000  -30.0000   37.500012145.3535   25.4888
    7.5000  -30.0000   37.500011597.4590   25.4875
   -7.5000  -22.5000   37.500012220.0537   25.5313
    0.0000  -22.5000   37.500012685.4814   25.5320
    7.5000  -22.5000   37.500012132.2305   25.5368
   -7.5000  -15.0000   37.500012794.2744   25.5924
    0.0000  -15.0000   37.500013296.3604   25.5917
    7.5000  -15.0000   37.500012699.0850   25.5947
   -7.5000   -7.5000   37.500013274.3770   25.5992
    0.0000   -7.5000   37.500013788.4834   25.6037
    7.5000   -7.5000   37.500013170.3076   25.6004
   -7.5000    0.0000   37.500013423.9023   25.5557
    0.0000    0.0000   37.500013937.8369   25.5661
    7.5000    0.0000   37.500013304.3486   25.5573
   -7.5000    7.5000   37.500012447.3984   25.5025
    0.0000    7.5000   37.500012923.8809   25.5109
    7.5000    7.5000   37.500012320.6836   25.5020
   -7.5000   15.0000   37.500011375.2549   25.4849
    0.0000   15.0000   37.500011783.1758   25.4888
    7.5000   15.0000   37.500011214.5957   25.4875
   -7.5000   22.5000   37.500010265.7490   25.5195
    0.0000   22.5000   37.500010629.1855   25.5202
    7.5000   22.5000   37.500010122.6416   25.5251
   -7.5000   30.0000   37.5000 9083.8047   25.2612
    0.0000   30.0000   37.5000 9401.4336   25.2605
    7.5000   30.0000   37.5000 8979.2100   25.2634
   -7.5000   37.5000   37.5000 8237.2578   25.2680
    0.0000   37.5000   37.5000 8515.8506   25.2724
    7.5000   37.5000   37.5000 8152.4756   25.2692
   -7.5000   45.0000   37.5000 7147.1445   24.7684
    0.0000   45.0000   37.5000 7375.7695   24.7795
    7.5000   45.0000   37.5000 7090.3140   24.7709
   -7.5000  -45.0000   45.0000 9790.3418   25.9490
    0.0000  -45.0000   45.000010218.4502   25.9457
    7.5000  -45.0000   45.0000 9717.8047   25.9319
   -7.5000  -37.5000   45.000010135.9883   25.8988
    0.0000  -37.5000   45.000010571.0283   25.8992
    7.5000  -37.5000   45.000010074.1572   25.8896
   -7.5000  -30.0000   45.000010744.2627   25.8730
    0.0000  -30.0000   45.000011189.7549   25.8742
    7.5000  -30.0000   45.000010669.9053   25.8750
   -7.5000  -22.5000   45.000011270.1562   25.9073
    0.0000  -22.5000   45.000011715.3271   25.9041
    7.5000  -22.5000   45.000011177.7500   25.9091
   -7.5000  -15.0000   45.000011794.0938   25.9642
    0.0000  -15.0000   45.000012271.2783   25.9541
    7.5000  -15.0000   45.000011716.8721   25.9531
   -7.5000   -7.5000   45.000012258.7607   25.9801
    0.0000   -7.5000   45.000012742.0244   25.9706
    7.5000   -7.5000   45.000012176.7480   25.9612
   -7.5000    0.0000   45.000012380.6738   25.9490
    0.0000    0.0000   45.000012891.9473   25.9457
    7.5000    0.0000   45.000012308.8232   25.9319
   -7.5000    7.5000   45.000011481.1504   25.8988
    0.0000    7.5000   45.000011937.4932   25.8992
    7.5000    7.5000   45.000011373.7627   25.8896
   -7.5000   15.0000   45.000010459.7764   25.8730
    0.0000   15.0000   45.000010859.9336   25.8742
    7.5000   15.0000   45.000010331.8926   25.8750
   -7.5000   22.5000   45.0000 9441.6309   25.8953
    0.0000   22.5000   45.0000 9797.1289   25.8921
    7.5000   22.5000   45.0000 9326.8428   25.8971
   -7.5000   30.0000   45.0000 8361.1680   25.6260
    0.0000   30.0000   45.0000 8651.2656   25.6160
    7.5000   30.0000   45.0000 8255.8896   25.6150
   -7.5000   37.5000   45.0000 7610.0479   25.6416
    0.0000   37.5000   45.0000 7858.6113   25.6323
    7.5000   37.5000   45.0000 7535.6396   25.6230
   -7.5000   45.0000   45.0000 6620.5615   25.1507
    0.0000   45.0000   45.0000 6816.0283   25.1489
    7.5000   45.0000   45.0000 6567.3555   25.1353

---------------------------------------------------------------------
imgreg_4dfp /opt/freesurfer/average/711-2C_as_mni_average_305 /opt/freesurfer/average/711-2B_as_mni_average_305_mask talsrcimg_g11 none talsrcimg_to_711-2C_as_mni_average_305_t4 4355
---------------------------------------------------------------------

freesurfer imgreg_4dfp.c
/opt/freesurfer/average/711-2C_as_mni_average_305.4dfp.img
       256       256       256         1
  1.000000  1.000000  1.000000
orientation T byte_order littleendian
Reading image: /opt/freesurfer/average/711-2C_as_mni_average_305.4dfp.img
dimensions:      256       256       256
mmppix:       1.0000   -1.0000   -1.0000
center:     128.0000 -129.0000 -129.0000
/opt/freesurfer/average/711-2B_as_mni_average_305_mask.4dfp.img
       256       256       256         1
  1.000000  1.000000  1.000000
orientation T byte_order littleendian
Reading mask: /opt/freesurfer/average/711-2B_as_mni_average_305_mask.4dfp.img (2306576 pixels)
talsrcimg_g11.4dfp.img
       256       256       256         1
  1.000000  1.000000  1.000000
orientation T byte_order littleendian
Reading image: talsrcimg_g11.4dfp.img
dimensions:      256       256       256
mmppix:       1.0000   -1.0000   -1.0000
center:     128.0000 -129.0000 -129.0000
rotation matrix determinant  1.000000
image alignment mode   4355 decimal     1103 hex
   -7.5000  -45.0000  -45.0000 2285.7878   20.9491
    0.0000  -45.0000  -45.0000 2302.4241   20.8900
    7.5000  -45.0000  -45.0000 2280.0410   21.0845
   -7.5000  -37.5000  -45.0000 2320.8677   20.1449
    0.0000  -37.5000  -45.0000 2336.8083   20.1112
    7.5000  -37.5000  -45.0000 2307.6987   20.2940
   -7.5000  -30.0000  -45.0000 2335.4646   19.8340
    0.0000  -30.0000  -45.0000 2348.9910   19.7414
    7.5000  -30.0000  -45.0000 2319.8948   19.9377
   -7.5000  -22.5000  -45.0000 2334.1838   19.9521
    0.0000  -22.5000  -45.0000 2344.4976   19.8128
    7.5000  -22.5000  -45.0000 2318.4041   20.0932
   -7.5000  -15.0000  -45.0000 2308.1179   20.5034
    0.0000  -15.0000  -45.0000 2320.1506   20.4729
    7.5000  -15.0000  -45.0000 2295.7725   20.7320
   -7.5000   -7.5000  -45.0000 2260.1934   21.5632
    0.0000   -7.5000  -45.0000 2278.2964   21.5208
    7.5000   -7.5000  -45.0000 2249.5728   21.7885
   -7.5000    0.0000  -45.0000 2199.2876   22.8438
    0.0000    0.0000  -45.0000 2212.0593   22.8497
    7.5000    0.0000  -45.0000 2186.3694   23.1493
   -7.5000    7.5000  -45.0000 2125.5193   24.5710
    0.0000    7.5000  -45.0000 2136.1643   24.4917
    7.5000    7.5000  -45.0000 2109.7410   24.8460
   -7.5000   15.0000  -45.0000 2030.7789   26.8688
    0.0000   15.0000  -45.0000 2036.7588   26.8015
    7.5000   15.0000  -45.0000 2011.0105   27.2972
   -7.5000   22.5000  -45.0000 1920.9790   30.1344
    0.0000   22.5000  -45.0000 1925.3066   30.0637
    7.5000   22.5000  -45.0000 1897.3491   30.6671
   -7.5000   30.0000  -45.0000 1795.9774   34.6013
    0.0000   30.0000  -45.0000 1806.7838   34.4510
    7.5000   30.0000  -45.0000 1777.9910   34.9873
   -7.5000   37.5000  -45.0000 1672.5422   40.1983
    0.0000   37.5000  -45.0000 1675.7618   39.9029
    7.5000   37.5000  -45.0000 1654.9332   40.6136
   -7.5000   45.0000  -45.0000 1545.9293   47.9108
    0.0000   45.0000  -45.0000 1552.2006   47.5490
    7.5000   45.0000  -45.0000 1531.0554   48.5787
   -7.5000  -45.0000  -37.5000 2388.8550   19.3643
    0.0000  -45.0000  -37.5000 2404.2446   19.3567
    7.5000  -45.0000  -37.5000 2375.9514   19.5159
   -7.5000  -37.5000  -37.5000 2418.7207   18.6315
    0.0000  -37.5000  -37.5000 2434.2573   18.6328
    7.5000  -37.5000  -37.5000 2407.0291   18.8539
   -7.5000  -30.0000  -37.5000 2433.7175   18.3347
    0.0000  -30.0000  -37.5000 2449.3750   18.2763
    7.5000  -30.0000  -37.5000 2424.1909   18.4891
   -7.5000  -22.5000  -37.5000 2434.9902   18.4000
    0.0000  -22.5000  -37.5000 2447.5020   18.3030
    7.5000  -22.5000  -37.5000 2421.4766   18.5446
   -7.5000  -15.0000  -37.5000 2411.8625   18.8804
    0.0000  -15.0000  -37.5000 2421.7610   18.8442
    7.5000  -15.0000  -37.5000 2395.7520   19.0716
   -7.5000   -7.5000  -37.5000 2368.8716   19.7968
    0.0000   -7.5000  -37.5000 2387.3694   19.7688
    7.5000   -7.5000  -37.5000 2352.4041   20.0203
   -7.5000    0.0000  -37.5000 2298.8706   21.0226
    0.0000    0.0000  -37.5000 2311.4736   20.9963
    7.5000    0.0000  -37.5000 2282.1711   21.2601
   -7.5000    7.5000  -37.5000 2219.2590   22.5103
    0.0000    7.5000  -37.5000 2230.1453   22.4746
    7.5000    7.5000  -37.5000 2202.8528   22.7784
   -7.5000   15.0000  -37.5000 2116.5076   24.5797
    0.0000   15.0000  -37.5000 2124.4602   24.5546
    7.5000   15.0000  -37.5000 2098.7163   24.9452
   -7.5000   22.5000  -37.5000 2008.5015   27.5066
    0.0000   22.5000  -37.5000 2015.5435   27.4459
    7.5000   22.5000  -37.5000 1983.0388   27.8609
   -7.5000   30.0000  -37.5000 1875.0283   31.4472
    0.0000   30.0000  -37.5000 1886.5331   31.3653
    7.5000   30.0000  -37.5000 1854.3287   31.7158
   -7.5000   37.5000  -37.5000 1745.7039   36.4836
    0.0000   37.5000  -37.5000 1751.3071   36.2949
    7.5000   37.5000  -37.5000 1724.7377   36.8530
   -7.5000   45.0000  -37.5000 1608.2593   43.3921
    0.0000   45.0000  -37.5000 1612.9763   43.1145
    7.5000   45.0000  -37.5000 1592.6694   43.9508
   -7.5000  -45.0000  -30.0000 2521.6875   18.6470
    0.0000  -45.0000  -30.0000 2538.8201   18.6495
    7.5000  -45.0000  -30.0000 2509.9275   18.7722
   -7.5000  -37.5000  -30.0000 2569.6047   17.9452
    0.0000  -37.5000  -30.0000 2582.9932   17.9205
    7.5000  -37.5000  -30.0000 2551.0066   18.1102
   -7.5000  -30.0000  -30.0000 2589.1172   17.6287
    0.0000  -30.0000  -30.0000 2598.9775   17.6090
    7.5000  -30.0000  -30.0000 2565.4712   17.7998
   -7.5000  -22.5000  -30.0000 2584.9436   17.6445
    0.0000  -22.5000  -30.0000 2597.3840   17.6316
    7.5000  -22.5000  -30.0000 2564.7542   17.8018
   -7.5000  -15.0000  -30.0000 2563.9507   18.1016
    0.0000  -15.0000  -30.0000 2568.5295   18.0529
    7.5000  -15.0000  -30.0000 2542.7849   18.2642
   -7.5000   -7.5000  -30.0000 2516.3452   18.9043
    0.0000   -7.5000  -30.0000 2528.1460   18.8654
    7.5000   -7.5000  -30.0000 2493.4617   19.0863
   -7.5000    0.0000  -30.0000 2443.4778   20.0367
    0.0000    0.0000  -30.0000 2454.3669   20.0579
    7.5000    0.0000  -30.0000 2423.2935   20.2781
   -7.5000    7.5000  -30.0000 2354.4409   21.4764
    0.0000    7.5000  -30.0000 2363.6567   21.4480
    7.5000    7.5000  -30.0000 2332.0217   21.7527
   -7.5000   15.0000  -30.0000 2243.2073   23.4201
    0.0000   15.0000  -30.0000 2251.3533   23.4071
    7.5000   15.0000  -30.0000 2219.6113   23.7509
   -7.5000   22.5000  -30.0000 2126.6660   26.1368
    0.0000   22.5000  -30.0000 2131.2107   26.0973
    7.5000   22.5000  -30.0000 2098.9263   26.4686
   -7.5000   30.0000  -30.0000 1987.9374   29.7696
    0.0000   30.0000  -30.0000 1997.1721   29.7651
    7.5000   30.0000  -30.0000 1965.2802   30.0924
   -7.5000   37.5000  -30.0000 1846.9860   34.5736
    0.0000   37.5000  -30.0000 1852.3943   34.4972
    7.5000   37.5000  -30.0000 1822.4519   34.9313
   -7.5000   45.0000  -30.0000 1702.0303   41.1355
    0.0000   45.0000  -30.0000 1706.4102   40.8226
    7.5000   45.0000  -30.0000 1683.1520   41.5300
   -7.5000  -45.0000  -22.5000 2625.7305   17.8655
    0.0000  -45.0000  -22.5000 2641.6709   17.8382
    7.5000  -45.0000  -22.5000 2614.5471   17.9796
   -7.5000  -37.5000  -22.5000 2677.0977   17.1608
    0.0000  -37.5000  -22.5000 2700.3562   17.1360
    7.5000  -37.5000  -22.5000 2664.0835   17.2618
   -7.5000  -30.0000  -22.5000 2709.5234   16.7920
    0.0000  -30.0000  -22.5000 2722.5149   16.7800
    7.5000  -30.0000  -22.5000 2681.6375   16.9062
   -7.5000  -22.5000  -22.5000 2707.3752   16.8062
    0.0000  -22.5000  -22.5000 2722.1619   16.7888
    7.5000  -22.5000  -22.5000 2682.2380   16.9417
   -7.5000  -15.0000  -22.5000 2684.5090   17.2601
    0.0000  -15.0000  -22.5000 2700.1086   17.2329
    7.5000  -15.0000  -22.5000 2659.9739   17.4091
   -7.5000   -7.5000  -22.5000 2635.2053   17.9932
    0.0000   -7.5000  -22.5000 2647.0491   17.9430
    7.5000   -7.5000  -22.5000 2612.5007   18.1467
   -7.5000    0.0000  -22.5000 2560.8540   18.9895
    0.0000    0.0000  -22.5000 2574.7190   18.9781
    7.5000    0.0000  -22.5000 2539.3477   19.2080
   -7.5000    7.5000  -22.5000 2464.3213   20.3734
    0.0000    7.5000  -22.5000 2473.4810   20.3436
    7.5000    7.5000  -22.5000 2442.2969   20.6011
   -7.5000   15.0000  -22.5000 2347.4993   22.2587
    0.0000   15.0000  -22.5000 2354.3542   22.2170
    7.5000   15.0000  -22.5000 2324.3584   22.4866
   -7.5000   22.5000  -22.5000 2220.2405   24.8404
    0.0000   22.5000  -22.5000 2226.8752   24.7782
    7.5000   22.5000  -22.5000 2195.3198   25.0877
   -7.5000   30.0000  -22.5000 2075.2227   28.2001
    0.0000   30.0000  -22.5000 2074.1699   28.2199
    7.5000   30.0000  -22.5000 2049.1113   28.5231
   -7.5000   37.5000  -22.5000 1923.7567   32.7476
    0.0000   37.5000  -22.5000 1927.1293   32.6046
    7.5000   37.5000  -22.5000 1902.1317   33.0186
   -7.5000   45.0000  -22.5000 1767.9773   38.8260
    0.0000   45.0000  -22.5000 1777.9071   38.5774
    7.5000   45.0000  -22.5000 1755.6979   39.1889
   -7.5000  -45.0000  -15.0000 2696.9495   17.1196
    0.0000  -45.0000  -15.0000 2715.3818   17.0893
    7.5000  -45.0000  -15.0000 2687.2695   17.2615
   -7.5000  -37.5000  -15.0000 2752.8596   16.3858
    0.0000  -37.5000  -15.0000 2777.8237   16.3358
    7.5000  -37.5000  -15.0000 2739.4712   16.4853
   -7.5000  -30.0000  -15.0000 2789.1873   15.9697
    0.0000  -30.0000  -15.0000 2816.4436   15.8980
    7.5000  -30.0000  -15.0000 2767.7996   16.0714
   -7.5000  -22.5000  -15.0000 2802.9993   15.9372
    0.0000  -22.5000  -15.0000 2822.1431   15.8840
    7.5000  -22.5000  -15.0000 2779.7385   16.0517
   -7.5000  -15.0000  -15.0000 2778.4985   16.4001
    0.0000  -15.0000  -15.0000 2798.8596   16.3482
    7.5000  -15.0000  -15.0000 2757.7373   16.5137
   -7.5000   -7.5000  -15.0000 2724.9570   17.0861
    0.0000   -7.5000  -15.0000 2740.1350   17.0455
    7.5000   -7.5000  -15.0000 2706.2363   17.2304
   -7.5000    0.0000  -15.0000 2646.4412   18.0173
    0.0000    0.0000  -15.0000 2660.1704   17.9808
    7.5000    0.0000  -15.0000 2626.8267   18.2088
   -7.5000    7.5000  -15.0000 2545.8701   19.3142
    0.0000    7.5000  -15.0000 2555.4375   19.3027
    7.5000    7.5000  -15.0000 2523.6543   19.5584
   -7.5000   15.0000  -15.0000 2424.8154   21.1706
    0.0000   15.0000  -15.0000 2434.7644   21.1415
    7.5000   15.0000  -15.0000 2401.0237   21.4211
   -7.5000   22.5000  -15.0000 2293.0413   23.6443
    0.0000   22.5000  -15.0000 2297.6582   23.6382
    7.5000   22.5000  -15.0000 2268.8665   23.8983
   -7.5000   30.0000  -15.0000 2140.1069   26.8858
    0.0000   30.0000  -15.0000 2140.4668   26.8340
    7.5000   30.0000  -15.0000 2117.5503   27.1489
   -7.5000   37.5000  -15.0000 1981.4733   31.1429
    0.0000   37.5000  -15.0000 1984.6147   30.9722
    7.5000   37.5000  -15.0000 1954.9255   31.4583
   -7.5000   45.0000  -15.0000 1814.9385   36.7472
    0.0000   45.0000  -15.0000 1822.2816   36.4691
    7.5000   45.0000  -15.0000 1803.7646   37.0935
   -7.5000  -45.0000   -7.5000 2744.7271   16.4092
    0.0000  -45.0000   -7.5000 2763.9104   16.3465
    7.5000  -45.0000   -7.5000 2732.9211   16.5849
   -7.5000  -37.5000   -7.5000 2807.4841   15.6856
    0.0000  -37.5000   -7.5000 2835.9373   15.6137
    7.5000  -37.5000   -7.5000 2796.6455   15.8272
   -7.5000  -30.0000   -7.5000 2852.1655   15.2543
    0.0000  -30.0000   -7.5000 2883.3892   15.1477
    7.5000  -30.0000   -7.5000 2830.3889   15.3963
   -7.5000  -22.5000   -7.5000 2875.1565   15.1273
    0.0000  -22.5000   -7.5000 2896.3120   15.0111
    7.5000  -22.5000   -7.5000 2842.7812   15.3053
   -7.5000  -15.0000   -7.5000 2852.3132   15.5438
    0.0000  -15.0000   -7.5000 2866.8215   15.4524
    7.5000  -15.0000   -7.5000 2821.8723   15.7034
   -7.5000   -7.5000   -7.5000 2793.4297   16.2113
    0.0000   -7.5000   -7.5000 2810.8743   16.1688
    7.5000   -7.5000   -7.5000 2772.5178   16.3977
   -7.5000    0.0000   -7.5000 2713.2629   17.1084
    0.0000    0.0000   -7.5000 2727.7913   17.0721
    7.5000    0.0000   -7.5000 2686.4426   17.3399
   -7.5000    7.5000   -7.5000 2607.4377   18.3919
    0.0000    7.5000   -7.5000 2617.7776   18.3664
    7.5000    7.5000   -7.5000 2577.9968   18.6829
   -7.5000   15.0000   -7.5000 2481.0137   20.1932
    0.0000   15.0000   -7.5000 2491.1970   20.1709
    7.5000   15.0000   -7.5000 2449.3613   20.4865
   -7.5000   22.5000   -7.5000 2346.2805   22.6306
    0.0000   22.5000   -7.5000 2348.5925   22.5820
    7.5000   22.5000   -7.5000 2317.9517   22.9157
   -7.5000   30.0000   -7.5000 2187.3862   25.7054
    0.0000   30.0000   -7.5000 2188.8054   25.6751
    7.5000   30.0000   -7.5000 2159.5010   26.0411
   -7.5000   37.5000   -7.5000 2020.8097   29.6509
    0.0000   37.5000   -7.5000 2027.9686   29.5387
    7.5000   37.5000   -7.5000 1996.3368   30.0131
   -7.5000   45.0000   -7.5000 1847.1312   34.7672
    0.0000   45.0000   -7.5000 1856.3635   34.5230
    7.5000   45.0000   -7.5000 1832.7949   35.2207
   -7.5000  -45.0000    0.0000 2770.4182   15.9362
    0.0000  -45.0000    0.0000 2789.3701   15.8463
    7.5000  -45.0000    0.0000 2757.6084   16.1543
   -7.5000  -37.5000    0.0000 2853.4087   15.2132
    0.0000  -37.5000    0.0000 2879.6318   15.1234
    7.5000  -37.5000    0.0000 2835.4856   15.3960
   -7.5000  -30.0000    0.0000 2908.7180   14.8128
    0.0000  -30.0000    0.0000 2941.5554   14.6948
    7.5000  -30.0000    0.0000 2880.2300   14.9973
   -7.5000  -22.5000    0.0000 2939.6748   14.6767
    0.0000  -22.5000    0.0000 2955.6287   14.5093
    7.5000  -22.5000    0.0000 2889.6768   14.8921
   -7.5000  -15.0000    0.0000 2908.6042   14.9831
    0.0000  -15.0000    0.0000 2921.1602   14.8404
    7.5000  -15.0000    0.0000 2860.3049   15.2058
   -7.5000   -7.5000    0.0000 2845.9055   15.6220
    0.0000   -7.5000    0.0000 2859.7727   15.4951
    7.5000   -7.5000    0.0000 2811.5327   15.8107
   -7.5000    0.0000    0.0000 2759.8042   16.4894
    0.0000    0.0000    0.0000 2776.7830   16.4169
    7.5000    0.0000    0.0000 2728.8115   16.6984
   -7.5000    7.5000    0.0000 2644.8374   17.8069
    0.0000    7.5000    0.0000 2657.8801   17.7514
    7.5000    7.5000    0.0000 2616.8818   18.0359
   -7.5000   15.0000    0.0000 2517.0327   19.5948
    0.0000   15.0000    0.0000 2529.0376   19.5853
    7.5000   15.0000    0.0000 2485.6111   19.8549
   -7.5000   22.5000    0.0000 2378.9766   21.9542
    0.0000   22.5000    0.0000 2385.0376   21.9501
    7.5000   22.5000    0.0000 2348.1089   22.2149
   -7.5000   30.0000    0.0000 2221.4280   24.9727
    0.0000   30.0000    0.0000 2223.9500   24.9065
    7.5000   30.0000    0.0000 2192.4990   25.2603
   -7.5000   37.5000    0.0000 2045.3525   28.7765
    0.0000   37.5000    0.0000 2053.8206   28.6364
    7.5000   37.5000    0.0000 2026.2853   29.0693
   -7.5000   45.0000    0.0000 1864.9937   33.6357
    0.0000   45.0000    0.0000 1873.2338   33.3500
    7.5000   45.0000    0.0000 1851.4342   34.0665
   -7.5000  -45.0000    7.5000 2772.5471   15.7066
    0.0000  -45.0000    7.5000 2795.6853   15.6016
    7.5000  -45.0000    7.5000 2758.5598   16.0070
   -7.5000  -37.5000    7.5000 2871.7744   15.0299
    0.0000  -37.5000    7.5000 2902.5288   14.9217
    7.5000  -37.5000    7.5000 2849.4678   15.2400
   -7.5000  -30.0000    7.5000 2944.2781   14.6614
    0.0000  -30.0000    7.5000 2978.7012   14.5463
    7.5000  -30.0000    7.5000 2909.6416   14.8095
   -7.5000  -22.5000    7.5000 2981.5461   14.5928
    0.0000  -22.5000    7.5000 3002.9934   14.4331
    7.5000  -22.5000    7.5000 2925.7817   14.7361
   -7.5000  -15.0000    7.5000 2944.3152   14.8095
    0.0000  -15.0000    7.5000 2955.1421   14.6764
    7.5000  -15.0000    7.5000 2887.0286   14.9637
   -7.5000   -7.5000    7.5000 2879.8547   15.3087
    0.0000   -7.5000    7.5000 2889.3289   15.1928
    7.5000   -7.5000    7.5000 2833.5010   15.4752
   -7.5000    0.0000    7.5000 2779.8274   16.2298
    0.0000    0.0000    7.5000 2790.5007   16.1380
    7.5000    0.0000    7.5000 2751.7466   16.4292
   -7.5000    7.5000    7.5000 2658.2441   17.5473
    0.0000    7.5000    7.5000 2672.7266   17.4875
    7.5000    7.5000    7.5000 2634.8608   17.7212
   -7.5000   15.0000    7.5000 2529.9294   19.3116
    0.0000   15.0000    7.5000 2539.6548   19.2876
    7.5000   15.0000    7.5000 2501.0481   19.5193
   -7.5000   22.5000    7.5000 2389.0583   21.6262
    0.0000   22.5000    7.5000 2393.2927   21.6076
    7.5000   22.5000    7.5000 2360.1467   21.8380
   -7.5000   30.0000    7.5000 2225.2979   24.5854
    0.0000   30.0000    7.5000 2232.6384   24.5623
    7.5000   30.0000    7.5000 2201.0547   24.8027
   -7.5000   37.5000    7.5000 2056.4609   28.3542
    0.0000   37.5000    7.5000 2064.0115   28.2284
    7.5000   37.5000    7.5000 2033.8726   28.5823
   -7.5000   45.0000    7.5000 1873.1450   33.1376
    0.0000   45.0000    7.5000 1880.7141   32.9373
    7.5000   45.0000    7.5000 1861.8667   33.4844
   -7.5000  -45.0000   15.0000 2757.5217   15.8701
    0.0000  -45.0000   15.0000 2779.5176   15.7722
    7.5000  -45.0000   15.0000 2737.1514   16.1366
   -7.5000  -37.5000   15.0000 2856.1318   15.1529
    0.0000  -37.5000   15.0000 2884.7046   15.0573
    7.5000  -37.5000   15.0000 2834.1885   15.3434
   -7.5000  -30.0000   15.0000 2936.8328   14.7645
    0.0000  -30.0000   15.0000 2970.4998   14.6755
    7.5000  -30.0000   15.0000 2897.6194   14.9070
   -7.5000  -22.5000   15.0000 2981.9722   14.5969
    0.0000  -22.5000   15.0000 3006.4900   14.5251
    7.5000  -22.5000   15.0000 2922.5842   14.7803
   -7.5000  -15.0000   15.0000 2939.7412   14.7538
    0.0000  -15.0000   15.0000 2952.5493   14.7150
    7.5000  -15.0000   15.0000 2885.8062   14.9833
   -7.5000   -7.5000   15.0000 2870.0591   15.3342
    0.0000   -7.5000   15.0000 2874.7007   15.2879
    7.5000   -7.5000   15.0000 2819.9985   15.5788
   -7.5000    0.0000   15.0000 2770.3521   16.3701
    0.0000    0.0000   15.0000 2774.4275   16.3048
    7.5000    0.0000   15.0000 2731.9121   16.5370
   -7.5000    7.5000   15.0000 2646.4629   17.7512
    0.0000    7.5000   15.0000 2655.3042   17.6768
    7.5000    7.5000   15.0000 2623.8721   17.8757
   -7.5000   15.0000   15.0000 2516.5381   19.4606
    0.0000   15.0000   15.0000 2525.5002   19.3962
    7.5000   15.0000   15.0000 2494.4358   19.5981
   -7.5000   22.5000   15.0000 2376.3809   21.6724
    0.0000   22.5000   15.0000 2382.9832   21.5971
    7.5000   22.5000   15.0000 2351.3206   21.8354
   -7.5000   30.0000   15.0000 2211.5933   24.5283
    0.0000   30.0000   15.0000 2222.0535   24.4662
    7.5000   30.0000   15.0000 2193.2437   24.7139
   -7.5000   37.5000   15.0000 2042.7401   28.2377
    0.0000   37.5000   15.0000 2054.6365   28.0472
    7.5000   37.5000   15.0000 2029.5022   28.4157
   -7.5000   45.0000   15.0000 1866.9661   32.9990
    0.0000   45.0000   15.0000 1881.2823   32.7967
    7.5000   45.0000   15.0000 1858.1599   33.2485
   -7.5000  -45.0000   22.5000 2725.3684   16.2679
    0.0000  -45.0000   22.5000 2746.3467   16.1619
    7.5000  -45.0000   22.5000 2702.0703   16.5636
   -7.5000  -37.5000   22.5000 2827.0466   15.4670
    0.0000  -37.5000   22.5000 2855.7588   15.3542
    7.5000  -37.5000   22.5000 2803.7175   15.7149
   -7.5000  -30.0000   22.5000 2901.0596   15.0272
    0.0000  -30.0000   22.5000 2931.4360   14.9380
    7.5000  -30.0000   22.5000 2867.8152   15.2604
   -7.5000  -22.5000   22.5000 2946.8821   14.8139
    0.0000  -22.5000   22.5000 2965.9949   14.7452
    7.5000  -22.5000   22.5000 2897.1658   15.1163
   -7.5000  -15.0000   22.5000 2911.9043   15.0613
    0.0000  -15.0000   22.5000 2920.7883   14.9902
    7.5000  -15.0000   22.5000 2860.6897   15.3489
   -7.5000   -7.5000   22.5000 2838.7195   15.7490
    0.0000   -7.5000   22.5000 2847.5823   15.6609
    7.5000   -7.5000   22.5000 2794.8987   15.9296
   -7.5000    0.0000   22.5000 2742.4626   16.7538
    0.0000    0.0000   22.5000 2746.4673   16.6764
    7.5000    0.0000   22.5000 2707.2209   16.9083
   -7.5000    7.5000   22.5000 2616.9546   18.1344
    0.0000    7.5000   22.5000 2625.1804   18.0637
    7.5000    7.5000   22.5000 2592.7625   18.2927
   -7.5000   15.0000   22.5000 2486.6248   19.8590
    0.0000   15.0000   22.5000 2491.6404   19.8075
    7.5000   15.0000   22.5000 2461.8425   20.0234
   -7.5000   22.5000   22.5000 2344.9817   22.0550
    0.0000   22.5000   22.5000 2350.2554   22.0000
    7.5000   22.5000   22.5000 2317.6345   22.2403
   -7.5000   30.0000   22.5000 2183.1833   24.8613
    0.0000   30.0000   22.5000 2195.1694   24.7789
    7.5000   30.0000   22.5000 2163.9077   25.0415
   -7.5000   37.5000   22.5000 2015.6483   28.4908
    0.0000   37.5000   22.5000 2029.9639   28.3913
    7.5000   37.5000   22.5000 2007.4203   28.7138
   -7.5000   45.0000   22.5000 1846.2388   33.1863
    0.0000   45.0000   22.5000 1853.0055   32.9619
    7.5000   45.0000   22.5000 1839.7740   33.4267
   -7.5000  -45.0000   30.0000 2679.7300   16.8382
    0.0000  -45.0000   30.0000 2696.2632   16.7318
    7.5000  -45.0000   30.0000 2658.0286   17.2044
   -7.5000  -37.5000   30.0000 2781.0247   16.0477
    0.0000  -37.5000   30.0000 2800.2432   15.9203
    7.5000  -37.5000   30.0000 2754.7185   16.3146
   -7.5000  -30.0000   30.0000 2843.4536   15.5755
    0.0000  -30.0000   30.0000 2866.3440   15.5105
    7.5000  -30.0000   30.0000 2810.6768   15.8561
   -7.5000  -22.5000   30.0000 2875.3479   15.3796
    0.0000  -22.5000   30.0000 2889.8657   15.2976
    7.5000  -22.5000   30.0000 2834.5977   15.7178
   -7.5000  -15.0000   30.0000 2840.7117   15.6825
    0.0000  -15.0000   30.0000 2855.4814   15.5995
    7.5000  -15.0000   30.0000 2805.6833   15.9443
   -7.5000   -7.5000   30.0000 2781.8047   16.3691
    0.0000   -7.5000   30.0000 2790.9309   16.2904
    7.5000   -7.5000   30.0000 2742.1926   16.5460
   -7.5000    0.0000   30.0000 2687.1821   17.3460
    0.0000    0.0000   30.0000 2695.4458   17.2918
    7.5000    0.0000   30.0000 2659.4937   17.5312
   -7.5000    7.5000   30.0000 2571.3386   18.6796
    0.0000    7.5000   30.0000 2580.7805   18.6470
    7.5000    7.5000   30.0000 2548.5527   18.9022
   -7.5000   15.0000   30.0000 2439.5400   20.4166
    0.0000   15.0000   30.0000 2444.4453   20.3746
    7.5000   15.0000   30.0000 2414.6458   20.6202
   -7.5000   22.5000   30.0000 2297.0251   22.6444
    0.0000   22.5000   30.0000 2305.1372   22.5805
    7.5000   22.5000   30.0000 2273.1750   22.8733
   -7.5000   30.0000   30.0000 2138.8206   25.4401
    0.0000   30.0000   30.0000 2148.7849   25.3499
    7.5000   30.0000   30.0000 2123.7463   25.6712
   -7.5000   37.5000   30.0000 1971.9069   29.0019
    0.0000   37.5000   30.0000 1982.5500   28.8586
    7.5000   37.5000   30.0000 1966.2977   29.2366
   -7.5000   45.0000   30.0000 1814.4844   33.5629
    0.0000   45.0000   30.0000 1818.1599   33.4480
    7.5000   45.0000   30.0000 1806.8811   33.9303
   -7.5000  -45.0000   37.5000 2626.3206   17.6783
    0.0000  -45.0000   37.5000 2645.0918   17.5763
    7.5000  -45.0000   37.5000 2602.8999   18.0246
   -7.5000  -37.5000   37.5000 2720.6008   16.8603
    0.0000  -37.5000   37.5000 2739.8281   16.7437
    7.5000  -37.5000   37.5000 2692.4373   17.1253
   -7.5000  -30.0000   37.5000 2774.3518   16.3377
    0.0000  -30.0000   37.5000 2787.7156   16.2476
    7.5000  -30.0000   37.5000 2737.7197   16.6255
   -7.5000  -22.5000   37.5000 2791.4919   16.1515
    0.0000  -22.5000   37.5000 2799.3132   16.0614
    7.5000  -22.5000   37.5000 2748.9592   16.4519
   -7.5000  -15.0000   37.5000 2763.6260   16.4710
    0.0000  -15.0000   37.5000 2775.9399   16.3811
    7.5000  -15.0000   37.5000 2732.0854   16.6522
   -7.5000   -7.5000   37.5000 2704.9705   17.1627
    0.0000   -7.5000   37.5000 2714.2993   17.0994
    7.5000   -7.5000   37.5000 2676.5747   17.3477
   -7.5000    0.0000   37.5000 2621.9895   18.1298
    0.0000    0.0000   37.5000 2629.8982   18.0638
    7.5000    0.0000   37.5000 2596.7380   18.3106
   -7.5000    7.5000   37.5000 2509.6270   19.4589
    0.0000    7.5000   37.5000 2519.5996   19.4245
    7.5000    7.5000   37.5000 2489.8159   19.6870
   -7.5000   15.0000   37.5000 2384.9158   21.2094
    0.0000   15.0000   37.5000 2392.9248   21.1927
    7.5000   15.0000   37.5000 2362.0427   21.4419
   -7.5000   22.5000   37.5000 2240.8789   23.3956
    0.0000   22.5000   37.5000 2251.0464   23.3544
    7.5000   22.5000   37.5000 2221.4871   23.6662
   -7.5000   30.0000   37.5000 2083.7212   26.1905
    0.0000   30.0000   37.5000 2093.6003   26.1614
    7.5000   30.0000   37.5000 2072.0569   26.5213
   -7.5000   37.5000   37.5000 1930.0884   29.7605
    0.0000   37.5000   37.5000 1937.1570   29.6269
    7.5000   37.5000   37.5000 1918.4567   30.0959
   -7.5000   45.0000   37.5000 1776.4860   34.3974
    0.0000   45.0000   37.5000 1782.6531   34.2815
    7.5000   45.0000   37.5000 1771.1770   34.8267
   -7.5000  -45.0000   45.0000 2559.6665   18.7958
    0.0000  -45.0000   45.0000 2577.0852   18.6714
    7.5000  -45.0000   45.0000 2535.1538   19.1036
   -7.5000  -37.5000   45.0000 2644.6301   17.8731
    0.0000  -37.5000   45.0000 2662.6514   17.7720
    7.5000  -37.5000   45.0000 2618.1084   18.1616
   -7.5000  -30.0000   45.0000 2691.4299   17.2884
    0.0000  -30.0000   45.0000 2703.1174   17.2011
    7.5000  -30.0000   45.0000 2654.1335   17.5735
   -7.5000  -22.5000   45.0000 2698.2080   17.1553
    0.0000  -22.5000   45.0000 2707.3008   17.0323
    7.5000  -22.5000   45.0000 2659.6084   17.3802
   -7.5000  -15.0000   45.0000 2673.2122   17.4711
    0.0000  -15.0000   45.0000 2683.9836   17.3525
    7.5000  -15.0000   45.0000 2644.3403   17.6058
   -7.5000   -7.5000   45.0000 2625.4575   18.1433
    0.0000   -7.5000   45.0000 2632.1404   18.0387
    7.5000   -7.5000   45.0000 2602.1484   18.2904
   -7.5000    0.0000   45.0000 2543.4856   19.0430
    0.0000    0.0000   45.0000 2554.2214   18.9684
    7.5000    0.0000   45.0000 2523.0010   19.2230
   -7.5000    7.5000   45.0000 2443.4126   20.3860
    0.0000    7.5000   45.0000 2453.7021   20.3429
    7.5000    7.5000   45.0000 2418.3489   20.5738
   -7.5000   15.0000   45.0000 2320.7034   22.1329
    0.0000   15.0000   45.0000 2329.2292   22.1273
    7.5000   15.0000   45.0000 2294.6443   22.3503
   -7.5000   22.5000   45.0000 2177.6721   24.3572
    0.0000   22.5000   45.0000 2189.0256   24.3168
    7.5000   22.5000   45.0000 2160.9460   24.6497
   -7.5000   30.0000   45.0000 2027.9388   27.3143
    0.0000   30.0000   45.0000 2035.4928   27.1596
    7.5000   30.0000   45.0000 2014.7419   27.5641
   -7.5000   37.5000   45.0000 1878.1957   30.9332
    0.0000   37.5000   45.0000 1885.1100   30.7518
    7.5000   37.5000   45.0000 1873.1571   31.1999
   -7.5000   45.0000   45.0000 1734.6780   35.6768
    0.0000   45.0000   45.0000 1736.6812   35.4284
    7.5000   45.0000   45.0000 1732.2714   35.9612

---------------------------------------------------------------------
imgreg_4dfp /opt/freesurfer/average/711-2C_as_mni_average_305 /opt/freesurfer/average/711-2B_as_mni_average_305_mask talsrcimg_g11 none talsrcimg_to_711-2C_as_mni_average_305_t4 1283
---------------------------------------------------------------------

freesurfer imgreg_4dfp.c
/opt/freesurfer/average/711-2C_as_mni_average_305.4dfp.img
       256       256       256         1
  1.000000  1.000000  1.000000
orientation T byte_order littleendian
Reading image: /opt/freesurfer/average/711-2C_as_mni_average_305.4dfp.img
dimensions:      256       256       256
mmppix:       1.0000   -1.0000   -1.0000
center:     128.0000 -129.0000 -129.0000
/opt/freesurfer/average/711-2B_as_mni_average_305_mask.4dfp.img
       256       256       256         1
  1.000000  1.000000  1.000000
orientation T byte_order littleendian
Reading mask: /opt/freesurfer/average/711-2B_as_mni_average_305_mask.4dfp.img (2306576 pixels)
talsrcimg_g11.4dfp.img
       256       256       256         1
  1.000000  1.000000  1.000000
orientation T byte_order littleendian
Reading image: talsrcimg_g11.4dfp.img
dimensions:      256       256       256
mmppix:       1.0000   -1.0000   -1.0000
center:     128.0000 -129.0000 -129.0000
rotation matrix determinant  1.000000
fimgreg.f
image alignment mode   1283 decimal      503 hex
parameters
    0.0000  -22.5000   15.0000    0.0000    0.0000    0.0000
eta,q 0.94261 14.54995
niter,ni,del,rscale     5    3   12.0000    1.2000
parameter  4  1.139588 ->  0.500000 qaram    1.1500
parameters
   -1.5302  -23.9064   12.2387   -3.4500    1.5212    1.2459
eta,q 0.94871 14.37765
  0.0634  0.0610  0.0548  0.0509  0.0599  0.0574
  0.0587  0.0554  0.0545  0.0518  0.0551  0.0545
  0.0568  0.0546  0.0551  0.0531  0.0534  0.0528
  0.0565  0.0562  0.0552  0.0546  0.0521  0.0518
  0.0605  0.0582  0.0561  0.0565  0.0518  0.0512
  0.0681  0.0624  0.0592  0.0596  0.0525  0.0519
  0.0768  0.0681  0.0649  0.0634  0.0543  0.0542
niter,ni,del,rscale     5    3   12.0000    1.2000
parameter  4  0.693691 ->  0.500000 qaram    1.3225
parameters
   -2.2692  -22.5466   10.1566   -7.4175    2.3502    0.8275
eta,q 0.95271 14.48714
  0.0622  0.0643  0.0520  0.0479  0.0566  0.0516
  0.0549  0.0575  0.0491  0.0476  0.0527  0.0492
  0.0518  0.0528  0.0497  0.0480  0.0493  0.0477
  0.0513  0.0513  0.0512  0.0496  0.0476  0.0473
  0.0539  0.0513  0.0515  0.0521  0.0477  0.0481
  0.0606  0.0522  0.0537  0.0558  0.0496  0.0502
  0.0685  0.0558  0.0582  0.0601  0.0531  0.0530
niter,ni,del,rscale     5    3   12.0000    1.2000
parameter  4  0.702678 ->  0.500000 qaram    1.5209
parameters
   -2.5291  -20.7153    9.3825  -11.9801    2.7540    0.3024
eta,q 0.95621 14.70669
  0.0628  0.0605  0.0522  0.0441  0.0547  0.0496
  0.0547  0.0550  0.0473  0.0438  0.0500  0.0467
  0.0489  0.0504  0.0460  0.0449  0.0461  0.0444
  0.0473  0.0473  0.0468  0.0464  0.0439  0.0438
  0.0496  0.0468  0.0483  0.0480  0.0445  0.0453
  0.0568  0.0478  0.0507  0.0512  0.0479  0.0485
  0.0658  0.0509  0.0547  0.0566  0.0526  0.0518
niter,ni,del,rscale     5    3   12.0000    1.2000
parameters
   -2.8610  -19.1953    8.6831  -12.8010    3.0138    0.0688
eta,q 0.95820 14.63719
  0.0630  0.0600  0.0512  0.0509  0.0529  0.0488
  0.0531  0.0536  0.0462  0.0442  0.0480  0.0455
  0.0456  0.0479  0.0429  0.0416  0.0438  0.0427
  0.0438  0.0436  0.0426  0.0424  0.0418  0.0418
  0.0484  0.0428  0.0451  0.0450  0.0432  0.0431
  0.0573  0.0451  0.0498  0.0479  0.0467  0.0462
  0.0662  0.0500  0.0558  0.0526  0.0513  0.0500
niter,ni,del,rscale     4    3   12.0000    1.2000
parameters
   -2.8558  -19.0016    8.4685  -13.0354    3.0534    0.0160
eta,q 0.95837 14.62053
  0.0636  0.0557  0.0528  0.0524  0.0520  0.0489
  0.0533  0.0491  0.0472  0.0453  0.0471  0.0457
  0.0448  0.0441  0.0430  0.0417  0.0432  0.0428
  0.0418  0.0418  0.0418  0.0417  0.0416  0.0416
  0.0453  0.0430  0.0439  0.0443  0.0434  0.0426
  0.0537  0.0474  0.0484  0.0472  0.0470  0.0456
  0.0631  0.0546  0.0543  0.0520  0.0516  0.0494
niter,ni,del,rscale     3    3   12.0000    1.2000
parameters
   -2.8242  -18.9175    8.4009  -13.1229    3.0342    0.0067
eta,q 0.95842 14.61476
  0.0635  0.0553  0.0534  0.0528  0.0518  0.0489
  0.0532  0.0486  0.0476  0.0457  0.0468  0.0457
  0.0446  0.0437  0.0433  0.0417  0.0430  0.0428
  0.0416  0.0416  0.0416  0.0416  0.0416  0.0416
  0.0451  0.0430  0.0436  0.0441  0.0434  0.0425
  0.0533  0.0477  0.0480  0.0470  0.0471  0.0454
  0.0627  0.0550  0.0539  0.0518  0.0516  0.0493
niter,ni,del,rscale     2    3   12.0000    1.2000
parameters
   -2.8024  -18.8847    8.3786  -13.1516    3.0137    0.0041
eta,q 0.95844 14.61302
  0.0634  0.0551  0.0536  0.0530  0.0517  0.0489
  0.0530  0.0484  0.0477  0.0458  0.0468  0.0457
  0.0445  0.0436  0.0433  0.0418  0.0429  0.0428
  0.0416  0.0416  0.0416  0.0416  0.0416  0.0416
  0.0450  0.0430  0.0435  0.0441  0.0434  0.0425
  0.0532  0.0478  0.0479  0.0469  0.0471  0.0454
  0.0626  0.0552  0.0537  0.0517  0.0516  0.0492
registration optimization eta report
parameter search radius
    6.0000    6.0000    6.0000    9.1253    6.0000    6.0000
100000*second partial in parameter space
       58.       37.       33.       13.       27.       20.
  0.0634  0.0551  0.0536  0.0530  0.0517  0.0489
  0.0530  0.0484  0.0477  0.0458  0.0468  0.0457
  0.0445  0.0436  0.0433  0.0418  0.0429  0.0428
  0.0416  0.0416  0.0416  0.0416  0.0416  0.0416
  0.0450  0.0430  0.0435  0.0441  0.0434  0.0425
  0.0532  0.0478  0.0479  0.0469  0.0471  0.0454
  0.0626  0.0552  0.0537  0.0517  0.0516  0.0492
   -2.8024  -18.8847    8.3786  -13.1516    3.0137    0.0041
eta,q 0.95844 14.61302

---------------------------------------------------------------------
imgreg_4dfp /opt/freesurfer/average/711-2C_as_mni_average_305 /opt/freesurfer/average/711-2B_as_mni_average_305_mask talsrcimg_g11 none talsrcimg_to_711-2C_as_mni_average_305_t4 3335
---------------------------------------------------------------------

freesurfer imgreg_4dfp.c
/opt/freesurfer/average/711-2C_as_mni_average_305.4dfp.img
       256       256       256         1
  1.000000  1.000000  1.000000
orientation T byte_order littleendian
Reading image: /opt/freesurfer/average/711-2C_as_mni_average_305.4dfp.img
dimensions:      256       256       256
mmppix:       1.0000   -1.0000   -1.0000
center:     128.0000 -129.0000 -129.0000
/opt/freesurfer/average/711-2B_as_mni_average_305_mask.4dfp.img
       256       256       256         1
  1.000000  1.000000  1.000000
orientation T byte_order littleendian
Reading mask: /opt/freesurfer/average/711-2B_as_mni_average_305_mask.4dfp.img (2306576 pixels)
talsrcimg_g11.4dfp.img
       256       256       256         1
  1.000000  1.000000  1.000000
orientation T byte_order littleendian
Reading image: talsrcimg_g11.4dfp.img
dimensions:      256       256       256
mmppix:       1.0000   -1.0000   -1.0000
center:     128.0000 -129.0000 -129.0000
fimgreg.f
image alignment mode   3335 decimal      D07 hex
parameters
   -2.8024  -18.8847    8.3786   -0.1383   -2.6228   -2.7575
    1.1893   -5.1211    0.0071   22.7525    5.2574  -22.7214
eta,q 0.95788 14.67546
niter,ni,del,rscale     5    3    5.0000    1.2000
parameter  4  1.596557 ->  0.500000 qaram    1.1500
parameter  5  2.022833 ->  0.500000 qaram    1.1500
parameters
   -2.8520  -18.4936    8.3351   -4.2783   -6.7628   -5.1722
    1.3206   -4.3430   -0.0127   22.7144    4.2604  -20.2943
eta,q 0.96748 13.97906
  0.0450  0.0449  0.0438  0.0356  0.0311  0.0342  0.0361  0.0382  0.0349  0.0360  0.0335  0.0352
  0.0434  0.0435  0.0428  0.0369  0.0326  0.0335  0.0343  0.0358  0.0337  0.0345  0.0331  0.0341
  0.0425  0.0426  0.0422  0.0391  0.0347  0.0329  0.0332  0.0340  0.0330  0.0332  0.0328  0.0333
  0.0421  0.0421  0.0421  0.0421  0.0374  0.0331  0.0329  0.0329  0.0327  0.0327  0.0327  0.0327
  0.0424  0.0421  0.0423  0.0455  0.0406  0.0341  0.0333  0.0330  0.0330  0.0331  0.0330  0.0325
  0.0435  0.0426  0.0429  0.0495  0.0442  0.0367  0.0343  0.0343  0.0337  0.0343  0.0334  0.0327
  0.0453  0.0435  0.0439  0.0543  0.0480  0.0397  0.0358  0.0366  0.0349  0.0363  0.0341  0.0332
niter,ni,del,rscale     6    3    5.0000    1.2000
parameter  4  0.887547 ->  0.500000 qaram    1.3225
parameter  5  0.924498 ->  0.500000 qaram    1.3225
parameters
   -2.7449  -18.3585    8.3254   -9.0393  -11.5238   -6.1524
    1.1469   -4.4121   -0.3300   23.0919    3.1779  -21.0979
eta,q 0.97183 13.25755
  0.0365  0.0356  0.0345  0.0297  0.0277  0.0294  0.0308  0.0320  0.0298  0.0315  0.0288  0.0292
  0.0345  0.0340  0.0334  0.0301  0.0279  0.0289  0.0293  0.0299  0.0289  0.0299  0.0284  0.0285
  0.0331  0.0329  0.0327  0.0310  0.0288  0.0286  0.0284  0.0287  0.0284  0.0288  0.0282  0.0282
  0.0325  0.0325  0.0325  0.0325  0.0303  0.0281  0.0283  0.0283  0.0282  0.0282  0.0282  0.0282
  0.0328  0.0328  0.0328  0.0351  0.0328  0.0281  0.0287  0.0287  0.0285  0.0283  0.0284  0.0284
  0.0340  0.0336  0.0334  0.0386  0.0359  0.0290  0.0296  0.0300  0.0291  0.0293  0.0287  0.0289
  0.0360  0.0350  0.0345  0.0427  0.0395  0.0314  0.0309  0.0322  0.0300  0.0311  0.0292  0.0297
niter,ni,del,rscale     7    3    5.0000    1.2000
parameter  4  0.509216 ->  0.500000 qaram    1.5209
parameters
   -2.5998  -18.3640    8.3188  -14.5145  -15.2469   -6.7619
    1.5005   -4.4262    0.1149   22.8504    1.6606  -22.2887
eta,q 0.97343 12.49884
  0.0318  0.0308  0.0297  0.0279  0.0280  0.0278  0.0297  0.0306  0.0285  0.0293  0.0271  0.0273
  0.0300  0.0292  0.0288  0.0272  0.0269  0.0270  0.0281  0.0285  0.0276  0.0278  0.0268  0.0268
  0.0288  0.0283  0.0283  0.0274  0.0266  0.0268  0.0271  0.0271  0.0269  0.0269  0.0266  0.0266
  0.0282  0.0281  0.0281  0.0281  0.0272  0.0266  0.0267  0.0266  0.0267  0.0266  0.0266  0.0266
  0.0283  0.0285  0.0283  0.0294  0.0286  0.0266  0.0269  0.0271  0.0268  0.0270  0.0268  0.0268
  0.0293  0.0293  0.0289  0.0316  0.0310  0.0271  0.0278  0.0285  0.0273  0.0280  0.0272  0.0273
  0.0311  0.0306  0.0297  0.0349  0.0343  0.0287  0.0291  0.0306  0.0281  0.0297  0.0277  0.0279
niter,ni,del,rscale     7    3    5.0000    1.2000
parameters
   -2.6720  -18.0678    8.4258  -14.1990  -15.7611   -6.4166
    1.4676   -4.4426    0.3861   23.3709    1.5484  -22.3802
eta,q 0.97350 12.52159
  0.0297  0.0295  0.0279  0.0312  0.0297  0.0282  0.0292  0.0306  0.0282  0.0298  0.0272  0.0275
  0.0280  0.0280  0.0272  0.0288  0.0281  0.0271  0.0278  0.0284  0.0274  0.0281  0.0268  0.0269
  0.0269  0.0270  0.0267  0.0271  0.0270  0.0267  0.0269  0.0270  0.0268  0.0270  0.0266  0.0265
  0.0266  0.0266  0.0265  0.0265  0.0265  0.0265  0.0265  0.0265  0.0265  0.0265  0.0265  0.0265
  0.0271  0.0267  0.0267  0.0272  0.0271  0.0265  0.0269  0.0270  0.0267  0.0267  0.0266  0.0266
  0.0283  0.0272  0.0270  0.0285  0.0284  0.0268  0.0279  0.0284  0.0272  0.0275  0.0269  0.0270
  0.0301  0.0283  0.0277  0.0306  0.0306  0.0280  0.0293  0.0306  0.0280  0.0290  0.0273  0.0275
niter,ni,del,rscale     6    3    5.0000    1.2000
parameters
   -2.6951  -17.9868    8.4770  -14.1385  -15.8641   -6.2735
    1.4318   -4.4630    0.4022   23.5037    1.5353  -22.3980
eta,q 0.97351 12.53081
  0.0298  0.0290  0.0279  0.0310  0.0299  0.0281  0.0292  0.0305  0.0281  0.0295  0.0273  0.0276
  0.0280  0.0276  0.0271  0.0286  0.0282  0.0271  0.0278  0.0284  0.0273  0.0278  0.0268  0.0269
  0.0269  0.0268  0.0266  0.0270  0.0270  0.0267  0.0268  0.0270  0.0267  0.0268  0.0266  0.0265
  0.0265  0.0265  0.0265  0.0265  0.0265  0.0265  0.0265  0.0265  0.0265  0.0265  0.0265  0.0265
  0.0269  0.0268  0.0266  0.0272  0.0269  0.0264  0.0269  0.0270  0.0267  0.0268  0.0266  0.0266
  0.0281  0.0275  0.0271  0.0286  0.0282  0.0268  0.0278  0.0284  0.0272  0.0277  0.0269  0.0270
  0.0299  0.0286  0.0277  0.0307  0.0302  0.0282  0.0293  0.0306  0.0281  0.0293  0.0273  0.0275
niter,ni,del,rscale     5    3    5.0000    1.2000
parameters
   -2.7004  -17.9700    8.4960  -14.1164  -15.8804   -6.2464
    1.4272   -4.4680    0.4091   23.5302    1.5549  -22.3966
eta,q 0.97350 12.53359
  0.0298  0.0288  0.0278  0.0309  0.0300  0.0280  0.0292  0.0306  0.0281  0.0294  0.0273  0.0276
  0.0280  0.0275  0.0271  0.0285  0.0283  0.0271  0.0278  0.0284  0.0273  0.0278  0.0268  0.0269
  0.0269  0.0267  0.0266  0.0269  0.0270  0.0267  0.0268  0.0270  0.0267  0.0268  0.0266  0.0265
  0.0265  0.0265  0.0265  0.0265  0.0265  0.0265  0.0265  0.0265  0.0265  0.0265  0.0265  0.0265
  0.0269  0.0268  0.0267  0.0272  0.0269  0.0264  0.0268  0.0270  0.0267  0.0268  0.0266  0.0266
  0.0280  0.0275  0.0271  0.0286  0.0281  0.0268  0.0278  0.0284  0.0272  0.0278  0.0269  0.0270
  0.0298  0.0287  0.0277  0.0308  0.0302  0.0283  0.0292  0.0306  0.0281  0.0294  0.0273  0.0275
registration optimization eta report
parameter search radius
    2.4000    2.4000    2.4000   10.9503    9.5220    7.2000
    7.2000    7.2000    7.2000    7.2000    7.2000    7.2000
100000*second partial in parameter space
       57.       39.       22.        4.        4.        3.
        5.        8.        3.        6.        1.        2.
  0.0298  0.0288  0.0278  0.0309  0.0300  0.0280  0.0292  0.0306  0.0281  0.0294  0.0273  0.0276
  0.0280  0.0275  0.0271  0.0285  0.0283  0.0271  0.0278  0.0284  0.0273  0.0278  0.0268  0.0269
  0.0269  0.0267  0.0266  0.0269  0.0270  0.0267  0.0268  0.0270  0.0267  0.0268  0.0266  0.0265
  0.0265  0.0265  0.0265  0.0265  0.0265  0.0265  0.0265  0.0265  0.0265  0.0265  0.0265  0.0265
  0.0269  0.0268  0.0267  0.0272  0.0269  0.0264  0.0268  0.0270  0.0267  0.0268  0.0266  0.0266
  0.0280  0.0275  0.0271  0.0286  0.0281  0.0268  0.0278  0.0284  0.0272  0.0278  0.0269  0.0270
  0.0298  0.0287  0.0277  0.0308  0.0302  0.0283  0.0292  0.0306  0.0281  0.0294  0.0273  0.0275
   -2.7004  -17.9700    8.4960  -14.1164  -15.8804   -6.2464
    1.4272   -4.4680    0.4091   23.5302    1.5549  -22.3966
eta,q 0.97350 12.53359

---------------------------------------------------------------------
imgreg_4dfp /opt/freesurfer/average/711-2C_as_mni_average_305 /opt/freesurfer/average/711-2B_as_mni_average_305_mask talsrcimg_g11 none talsrcimg_to_711-2C_as_mni_average_305_t4 2311
---------------------------------------------------------------------

freesurfer imgreg_4dfp.c
/opt/freesurfer/average/711-2C_as_mni_average_305.4dfp.img
       256       256       256         1
  1.000000  1.000000  1.000000
orientation T byte_order littleendian
Reading image: /opt/freesurfer/average/711-2C_as_mni_average_305.4dfp.img
dimensions:      256       256       256
mmppix:       1.0000   -1.0000   -1.0000
center:     128.0000 -129.0000 -129.0000
/opt/freesurfer/average/711-2B_as_mni_average_305_mask.4dfp.img
       256       256       256         1
  1.000000  1.000000  1.000000
orientation T byte_order littleendian
Reading mask: /opt/freesurfer/average/711-2B_as_mni_average_305_mask.4dfp.img (2306576 pixels)
talsrcimg_g11.4dfp.img
       256       256       256         1
  1.000000  1.000000  1.000000
orientation T byte_order littleendian
Reading image: talsrcimg_g11.4dfp.img
dimensions:      256       256       256
mmppix:       1.0000   -1.0000   -1.0000
center:     128.0000 -129.0000 -129.0000
fimgreg.f
image alignment mode   2311 decimal      907 hex
parameters
   -2.7004  -17.9700    8.4960  -14.1164  -15.8804   -6.2464
    1.4272   -4.4680    0.4091   23.5302    1.5549  -22.3966
eta,q 0.97350 12.53359
niter,ni,del,rscale     5    3    5.0000    0.8000
parameters
   -2.7038  -18.0029    8.4565  -14.5097  -15.5673   -5.3561
    1.3646   -4.4342    0.4945   23.7090    1.6567  -22.6587
eta,q 0.97362 12.58548
  0.0280  0.0275  0.0270  0.0273  0.0276  0.0271  0.0277  0.0284  0.0272  0.0278  0.0268  0.0268
  0.0272  0.0269  0.0267  0.0268  0.0270  0.0268  0.0270  0.0273  0.0268  0.0270  0.0266  0.0265
  0.0267  0.0266  0.0265  0.0265  0.0267  0.0267  0.0265  0.0266  0.0265  0.0266  0.0265  0.0264
  0.0265  0.0265  0.0265  0.0265  0.0265  0.0265  0.0264  0.0264  0.0264  0.0264  0.0264  0.0264
  0.0267  0.0266  0.0266  0.0267  0.0265  0.0264  0.0266  0.0266  0.0265  0.0265  0.0264  0.0265
  0.0272  0.0270  0.0268  0.0271  0.0268  0.0265  0.0270  0.0273  0.0267  0.0269  0.0265  0.0266
  0.0280  0.0276  0.0271  0.0276  0.0274  0.0268  0.0278  0.0283  0.0271  0.0276  0.0268  0.0269
niter,ni,del,rscale     4    3    5.0000    0.7000
parameters
   -2.7011  -18.0209    8.5343  -14.4843  -15.5301   -5.0409
    1.3455   -4.4296    0.4731   23.8006    1.7405  -22.6721
eta,q 0.97365 12.61062
  0.0276  0.0272  0.0269  0.0272  0.0272  0.0269  0.0274  0.0279  0.0270  0.0274  0.0267  0.0267
  0.0269  0.0267  0.0266  0.0267  0.0267  0.0267  0.0268  0.0271  0.0266  0.0268  0.0265  0.0265
  0.0265  0.0265  0.0264  0.0265  0.0265  0.0265  0.0265  0.0265  0.0264  0.0265  0.0264  0.0264
  0.0264  0.0264  0.0264  0.0264  0.0264  0.0264  0.0264  0.0264  0.0264  0.0264  0.0264  0.0264
  0.0265  0.0265  0.0264  0.0265  0.0265  0.0263  0.0265  0.0265  0.0264  0.0264  0.0264  0.0264
  0.0269  0.0268  0.0266  0.0268  0.0267  0.0265  0.0268  0.0270  0.0266  0.0268  0.0265  0.0265
  0.0276  0.0272  0.0268  0.0271  0.0272  0.0269  0.0274  0.0279  0.0270  0.0273  0.0267  0.0267
niter,ni,del,rscale     3    3    5.0000    0.6000
parameters
   -2.7007  -18.0274    8.5728  -14.4827  -15.4952   -4.7147
    1.3394   -4.4218    0.4608   23.8849    1.7925  -22.7068
eta,q 0.97367 12.63455
  0.0272  0.0269  0.0268  0.0269  0.0269  0.0268  0.0271  0.0275  0.0268  0.0271  0.0266  0.0266
  0.0268  0.0266  0.0265  0.0266  0.0266  0.0266  0.0267  0.0269  0.0265  0.0267  0.0265  0.0264
  0.0265  0.0264  0.0264  0.0264  0.0264  0.0265  0.0264  0.0265  0.0264  0.0264  0.0264  0.0263
  0.0264  0.0264  0.0264  0.0264  0.0264  0.0263  0.0263  0.0263  0.0263  0.0263  0.0263  0.0263
  0.0265  0.0264  0.0264  0.0264  0.0264  0.0263  0.0264  0.0265  0.0264  0.0264  0.0264  0.0264
  0.0268  0.0266  0.0265  0.0266  0.0266  0.0265  0.0267  0.0268  0.0265  0.0266  0.0264  0.0265
  0.0272  0.0269  0.0267  0.0269  0.0269  0.0267  0.0271  0.0275  0.0268  0.0271  0.0266  0.0266
niter,ni,del,rscale     2    3    5.0000    0.5000
parameters
   -2.7023  -18.0388    8.6297  -14.4988  -15.4758   -4.4209
    1.3489   -4.4091    0.4453   23.9674    1.8292  -22.7390
eta,q 0.97368 12.65375
  0.0270  0.0267  0.0266  0.0267  0.0267  0.0267  0.0269  0.0271  0.0266  0.0269  0.0265  0.0265
  0.0266  0.0265  0.0265  0.0265  0.0265  0.0266  0.0266  0.0267  0.0265  0.0266  0.0264  0.0264
  0.0264  0.0264  0.0264  0.0264  0.0264  0.0264  0.0264  0.0264  0.0264  0.0264  0.0263  0.0263
  0.0263  0.0263  0.0263  0.0263  0.0263  0.0263  0.0263  0.0263  0.0263  0.0263  0.0263  0.0263
  0.0264  0.0264  0.0264  0.0264  0.0264  0.0263  0.0264  0.0264  0.0264  0.0264  0.0263  0.0264
  0.0266  0.0265  0.0264  0.0265  0.0265  0.0264  0.0266  0.0267  0.0265  0.0265  0.0264  0.0264
  0.0270  0.0268  0.0266  0.0267  0.0267  0.0266  0.0269  0.0271  0.0266  0.0268  0.0265  0.0265
niter,ni,del,rscale     1    3    5.0000    0.4000
parameters
   -2.7036  -18.0453    8.6718  -14.5145  -15.4473   -4.2214
    1.3616   -4.4037    0.4515   24.0402    1.8208  -22.8023
eta,q 0.97369 12.66837
  0.0267  0.0266  0.0265  0.0266  0.0266  0.0266  0.0267  0.0268  0.0265  0.0267  0.0264  0.0264
  0.0265  0.0264  0.0264  0.0264  0.0265  0.0265  0.0265  0.0265  0.0264  0.0265  0.0264  0.0264
  0.0264  0.0263  0.0263  0.0263  0.0263  0.0264  0.0264  0.0264  0.0263  0.0264  0.0263  0.0263
  0.0263  0.0263  0.0263  0.0263  0.0263  0.0263  0.0263  0.0263  0.0263  0.0263  0.0263  0.0263
  0.0264  0.0264  0.0263  0.0264  0.0263  0.0263  0.0264  0.0264  0.0263  0.0263  0.0263  0.0263
  0.0265  0.0264  0.0264  0.0264  0.0264  0.0264  0.0265  0.0265  0.0264  0.0264  0.0264  0.0264
  0.0267  0.0266  0.0265  0.0266  0.0266  0.0265  0.0267  0.0268  0.0265  0.0266  0.0264  0.0264
registration optimization eta report
parameter search radius
    0.8000    0.8000    0.8000    2.4000    2.4000    2.4000
    2.4000    2.4000    2.4000    2.4000    2.4000    2.4000
100000*second partial in parameter space
       63.       42.       28.        5.        5.        4.
        6.        9.        4.        6.        2.        2.
  0.0267  0.0266  0.0265  0.0266  0.0266  0.0266  0.0267  0.0268  0.0265  0.0267  0.0264  0.0264
  0.0265  0.0264  0.0264  0.0264  0.0265  0.0265  0.0265  0.0265  0.0264  0.0265  0.0264  0.0264
  0.0264  0.0263  0.0263  0.0263  0.0263  0.0264  0.0264  0.0264  0.0263  0.0264  0.0263  0.0263
  0.0263  0.0263  0.0263  0.0263  0.0263  0.0263  0.0263  0.0263  0.0263  0.0263  0.0263  0.0263
  0.0264  0.0264  0.0263  0.0264  0.0263  0.0263  0.0264  0.0264  0.0263  0.0263  0.0263  0.0263
  0.0265  0.0264  0.0264  0.0264  0.0264  0.0264  0.0265  0.0265  0.0264  0.0264  0.0264  0.0264
  0.0267  0.0266  0.0265  0.0266  0.0266  0.0265  0.0267  0.0268  0.0265  0.0266  0.0264  0.0264
   -2.7036  -18.0453    8.6718  -14.5145  -15.4473   -4.2214
    1.3616   -4.4037    0.4515   24.0402    1.8208  -22.8023
eta,q 0.97369 12.66837

---------------------------------------------------------------------
imgreg_4dfp /opt/freesurfer/average/711-2C_as_mni_average_305 /opt/freesurfer/average/711-2B_as_mni_average_305_mask talsrcimg_g11 none talsrcimg_to_711-2C_as_mni_average_305_t4 2311
---------------------------------------------------------------------

freesurfer imgreg_4dfp.c
/opt/freesurfer/average/711-2C_as_mni_average_305.4dfp.img
       256       256       256         1
  1.000000  1.000000  1.000000
orientation T byte_order littleendian
Reading image: /opt/freesurfer/average/711-2C_as_mni_average_305.4dfp.img
dimensions:      256       256       256
mmppix:       1.0000   -1.0000   -1.0000
center:     128.0000 -129.0000 -129.0000
/opt/freesurfer/average/711-2B_as_mni_average_305_mask.4dfp.img
       256       256       256         1
  1.000000  1.000000  1.000000
orientation T byte_order littleendian
Reading mask: /opt/freesurfer/average/711-2B_as_mni_average_305_mask.4dfp.img (2306576 pixels)
talsrcimg_g11.4dfp.img
       256       256       256         1
  1.000000  1.000000  1.000000
orientation T byte_order littleendian
Reading image: talsrcimg_g11.4dfp.img
dimensions:      256       256       256
mmppix:       1.0000   -1.0000   -1.0000
center:     128.0000 -129.0000 -129.0000
fimgreg.f
image alignment mode   2311 decimal      907 hex
parameters
   -2.7036  -18.0453    8.6718  -14.5145  -15.4473   -4.2214
    1.3616   -4.4037    0.4515   24.0402    1.8208  -22.8023
eta,q 0.97369 12.66837
niter,ni,del,rscale     5    3    5.0000    0.8000
parameters
   -2.7028  -18.0080    8.7208  -14.3233  -15.5882   -4.8942
    1.3502   -4.4478    0.3973   23.8232    1.7542  -22.3938
eta,q 0.97365 12.62300
  0.0279  0.0275  0.0271  0.0274  0.0273  0.0269  0.0277  0.0283  0.0271  0.0276  0.0267  0.0269
  0.0270  0.0268  0.0267  0.0268  0.0268  0.0267  0.0270  0.0272  0.0267  0.0269  0.0265  0.0266
  0.0265  0.0264  0.0264  0.0264  0.0264  0.0265  0.0265  0.0266  0.0264  0.0265  0.0264  0.0264
  0.0263  0.0263  0.0263  0.0263  0.0263  0.0263  0.0263  0.0263  0.0263  0.0263  0.0263  0.0264
  0.0265  0.0264  0.0264  0.0264  0.0264  0.0264  0.0265  0.0266  0.0264  0.0265  0.0264  0.0264
  0.0270  0.0268  0.0266  0.0267  0.0268  0.0268  0.0270  0.0273  0.0267  0.0270  0.0265  0.0265
  0.0279  0.0273  0.0270  0.0272  0.0274  0.0278  0.0277  0.0284  0.0272  0.0278  0.0268  0.0267
niter,ni,del,rscale     4    3    5.0000    0.7000
parameters
   -2.7015  -18.0268    8.6424  -14.4109  -15.5113   -4.8631
    1.3428   -4.4426    0.4300   23.7960    1.7777  -22.5333
eta,q 0.97366 12.62520
  0.0276  0.0272  0.0268  0.0271  0.0271  0.0269  0.0274  0.0279  0.0270  0.0273  0.0266  0.0267
  0.0269  0.0267  0.0265  0.0267  0.0267  0.0267  0.0268  0.0270  0.0266  0.0268  0.0265  0.0265
  0.0265  0.0264  0.0264  0.0264  0.0265  0.0265  0.0265  0.0265  0.0264  0.0265  0.0264  0.0263
  0.0264  0.0264  0.0264  0.0263  0.0263  0.0263  0.0263  0.0263  0.0263  0.0263  0.0263  0.0263
  0.0265  0.0265  0.0264  0.0265  0.0264  0.0264  0.0265  0.0265  0.0264  0.0264  0.0264  0.0264
  0.0269  0.0267  0.0266  0.0267  0.0267  0.0265  0.0268  0.0270  0.0266  0.0268  0.0265  0.0265
  0.0276  0.0272  0.0269  0.0271  0.0271  0.0270  0.0274  0.0279  0.0269  0.0274  0.0267  0.0267
niter,ni,del,rscale     3    3    5.0000    0.6000
parameters
   -2.7024  -18.0359    8.6246  -14.4641  -15.4707   -4.6628
    1.3370   -4.4269    0.4548   23.8700    1.8340  -22.6393
eta,q 0.97367 12.63915
  0.0272  0.0269  0.0267  0.0269  0.0269  0.0268  0.0271  0.0275  0.0268  0.0271  0.0266  0.0266
  0.0268  0.0266  0.0265  0.0266  0.0266  0.0266  0.0267  0.0269  0.0265  0.0267  0.0265  0.0264
  0.0264  0.0264  0.0264  0.0264  0.0264  0.0265  0.0264  0.0265  0.0264  0.0264  0.0264  0.0263
  0.0263  0.0263  0.0263  0.0263  0.0263  0.0263  0.0263  0.0263  0.0263  0.0263  0.0263  0.0263
  0.0265  0.0264  0.0264  0.0264  0.0264  0.0263  0.0264  0.0265  0.0264  0.0264  0.0263  0.0264
  0.0267  0.0266  0.0265  0.0266  0.0266  0.0265  0.0267  0.0268  0.0265  0.0266  0.0264  0.0265
  0.0272  0.0269  0.0267  0.0269  0.0269  0.0268  0.0271  0.0275  0.0268  0.0271  0.0266  0.0266
niter,ni,del,rscale     2    3    5.0000    0.5000
parameters
   -2.7016  -18.0424    8.6403  -14.4905  -15.4618   -4.4160
    1.3458   -4.4114    0.4373   23.9557    1.8579  -22.7329
eta,q 0.97368 12.65523
  0.0270  0.0267  0.0266  0.0267  0.0267  0.0267  0.0269  0.0271  0.0266  0.0269  0.0265  0.0265
  0.0266  0.0265  0.0265  0.0265  0.0265  0.0266  0.0266  0.0267  0.0265  0.0266  0.0264  0.0264
  0.0264  0.0264  0.0264  0.0264  0.0264  0.0264  0.0264  0.0264  0.0264  0.0264  0.0263  0.0263
  0.0263  0.0263  0.0263  0.0263  0.0263  0.0263  0.0263  0.0263  0.0263  0.0263  0.0263  0.0263
  0.0264  0.0264  0.0264  0.0264  0.0264  0.0263  0.0264  0.0264  0.0264  0.0264  0.0263  0.0264
  0.0266  0.0265  0.0264  0.0265  0.0265  0.0264  0.0266  0.0267  0.0265  0.0265  0.0264  0.0264
  0.0270  0.0267  0.0266  0.0267  0.0267  0.0266  0.0269  0.0271  0.0266  0.0268  0.0265  0.0265
niter,ni,del,rscale     1    3    5.0000    0.4000
parameters
   -2.7009  -18.0462    8.6780  -14.5246  -15.4497   -4.2262
    1.3590   -4.4070    0.4460   24.0382    1.8252  -22.8058
eta,q 0.97369 12.66711
  0.0267  0.0266  0.0265  0.0266  0.0266  0.0266  0.0267  0.0268  0.0265  0.0267  0.0264  0.0264
  0.0265  0.0264  0.0264  0.0264  0.0264  0.0265  0.0265  0.0265  0.0264  0.0265  0.0264  0.0264
  0.0264  0.0263  0.0263  0.0263  0.0263  0.0264  0.0264  0.0264  0.0263  0.0264  0.0263  0.0263
  0.0263  0.0263  0.0263  0.0263  0.0263  0.0263  0.0263  0.0263  0.0263  0.0263  0.0263  0.0263
  0.0264  0.0263  0.0263  0.0264  0.0264  0.0263  0.0264  0.0264  0.0263  0.0263  0.0263  0.0263
  0.0265  0.0264  0.0264  0.0265  0.0264  0.0264  0.0265  0.0265  0.0264  0.0264  0.0264  0.0264
  0.0267  0.0266  0.0265  0.0266  0.0266  0.0265  0.0267  0.0268  0.0265  0.0266  0.0264  0.0264
registration optimization eta report
parameter search radius
    0.8000    0.8000    0.8000    2.4000    2.4000    2.4000
    2.4000    2.4000    2.4000    2.4000    2.4000    2.4000
100000*second partial in parameter space
       63.       42.       27.        5.        4.        4.
        6.        9.        4.        6.        2.        2.
  0.0267  0.0266  0.0265  0.0266  0.0266  0.0266  0.0267  0.0268  0.0265  0.0267  0.0264  0.0264
  0.0265  0.0264  0.0264  0.0264  0.0264  0.0265  0.0265  0.0265  0.0264  0.0265  0.0264  0.0264
  0.0264  0.0263  0.0263  0.0263  0.0263  0.0264  0.0264  0.0264  0.0263  0.0264  0.0263  0.0263
  0.0263  0.0263  0.0263  0.0263  0.0263  0.0263  0.0263  0.0263  0.0263  0.0263  0.0263  0.0263
  0.0264  0.0263  0.0263  0.0264  0.0264  0.0263  0.0264  0.0264  0.0263  0.0263  0.0263  0.0263
  0.0265  0.0264  0.0264  0.0265  0.0264  0.0264  0.0265  0.0265  0.0264  0.0264  0.0264  0.0264
  0.0267  0.0266  0.0265  0.0266  0.0266  0.0265  0.0267  0.0268  0.0265  0.0266  0.0264  0.0264
   -2.7009  -18.0462    8.6780  -14.5246  -15.4497   -4.2262
    1.3590   -4.4070    0.4460   24.0382    1.8252  -22.8058
eta,q 0.97369 12.66711

---------------------------------------------------------------------
compute_vox2vox talsrcimg talsrcimg_to_711-2C_as_mni_average_305_t4 /opt/freesurfer/average/711-2C_as_mni_average_305
---------------------------------------------------------------------

freesurfer compute_vox2vox.c
Reading: talsrcimg.4dfp.ifh
Reading: talsrcimg_to_711-2C_as_mni_average_305_t4
Reading: /opt/freesurfer/average/711-2C_as_mni_average_305.4dfp.ifh
Writing: talsrcimg_to_711-2C_as_mni_average_305_t4_vox2vox.txt

start time Sun Mar 8 18:50:48 CET 2026
end		time Sun Mar 8 18:51:02 CET 2026

mpr2mni305 success

avi2talxfm orig_nu.mgz /opt/freesurfer/average/mni305.cor.mgz talsrcimg_to_711-2C_as_mni_average_305_t4_vox2vox.txt transforms/talairach.auto.xfm
avi2talxfm done
mv -f /out/sourcedata/freesurfer/sub-v1s14x0051572_ses-1/mri/talsrcimg_to_711-2C_as_mni_average_305_t4_vox2vox.txt /out/sourcedata/freesurfer/sub-v1s14x0051572_ses-1/mri/transforms/talsrcimg_to_711-2C_as_mni_average_305_t4_vox2vox.txt
lta_convert --src orig_nu.mgz --trg /opt/freesurfer/average/mni305.cor.mgz --inxfm transforms/talairach.auto.xfm --outlta transforms/talairach.auto.xfm.lta --subject fsaverage
7.3.2

--src: orig_nu.mgz src image (geometry).
--trg: /opt/freesurfer/average/mni305.cor.mgz trg image (geometry).
--inmni: transforms/talairach.auto.xfm input MNI/XFM transform.
--outlta: transforms/talairach.auto.xfm.lta output LTA.
--s: fsaverage subject name
 LTA read, type : 1
 1.16878   0.05479  -0.00401   2.30747;
-0.02224   0.97688   0.26385  -25.64728;
 0.00016  -0.27802   1.10773  -4.78357;
 0.00000   0.00000   0.00000   1.00000;
setting subject to fsaverage
Writing  LTA to file transforms/talairach.auto.xfm.lta...
lta_convert successful.
 
 
Started at Sun Mar 8 18:50:48 CET 2026
Ended   at Sun Mar  8 18:51:02 CET 2026
talairach_avi done
