/out/sourcedata/freesurfer/sub-v1s14x0051558_ses-1/mri
/opt/freesurfer/bin/talairach_avi
--i orig_nu.mgz --xfm transforms/talairach.auto.xfm
talairach_avi 7.3.2
Linux dna003 5.14.0-427.37.1.el9_4.x86_64 #1 SMP PREEMPT_DYNAMIC Fri Sep 13 12:41:50 EDT 2024 x86_64 x86_64 x86_64 GNU/Linux
Sun Mar  8 17:18:25 CET 2026
mri_convert orig_nu.mgz talsrcimg.img 
reading from orig_nu.mgz...
TR=0.00, TE=0.00, TI=0.00, flip angle=0.00
i_ras = (-1, 1.62981e-09, -2.32831e-10)
j_ras = (-2.32831e-10, 0, -1)
k_ras = (2.32831e-10, 1, 0)
writing to talsrcimg.img...
Analyze Output Matrix
-1.00000  -0.00000   0.00000   128.66406;
 0.00000   0.00000   1.00000  -119.62656;
-0.00000  -1.00000   0.00000   192.19820;
 0.00000   0.00000   0.00000   1.00000;
--------------------
INFO: set hdr.hist.orient to -1
mpr2mni305 talsrcimg
Sun Mar  8 17:18:25 CET 2026
/opt/freesurfer/bin/mpr2mni305 talsrcimg
mpr2mni305 7.3.2
target=711-2C_as_mni_average_305

---------------------------------------------------------------------
analyzeto4dfp talsrcimg -O0 -y
---------------------------------------------------------------------

freesurfer ifh2hdr.c
Sun Mar  8 17:18:26 2026
Writing: talsrcimg.4dfp.hdr
freesurfer analyzeto4dfp.c
Reading: talsrcimg.hdr
header size 348 bytes
hdr.dime.datatype	offset=70	value=2
hdr.dime.bitpix		offset=72	value=8
hdr.hist.orient		offset=252	value=-1
dimensionality     4
dimensions       256       256       256         1
Reading: talsrcimg.img
Writing: talsrcimg.4dfp.img
Writing: talsrcimg.4dfp.ifh
ifh2hdr talsrcimg -r0to230
ori=2

---------------------------------------------------------------------
gauss_4dfp talsrcimg 1.1
---------------------------------------------------------------------

freesurfer gauss_4dfp.c
Reading: talsrcimg.4dfp.img
Writing: talsrcimg_g11.4dfp.img
image dimensions 256 256 256 padded to 288 288 288
processing volume 1freesurfer ifh2hdr.c
Sun Mar  8 17:18:27 2026
Writing: talsrcimg_g11.4dfp.hdr

Writing: talsrcimg_g11.4dfp.ifh
including: talsrcimg.4dfp.img.rec in talsrcimg_g11.4dfp.img.rec

---------------------------------------------------------------------
imgreg_4dfp /opt/freesurfer/average/711-2C_as_mni_average_305 none talsrcimg_g11 none talsrcimg_to_711-2C_as_mni_average_305_t4 4355
---------------------------------------------------------------------

freesurfer imgreg_4dfp.c
/opt/freesurfer/average/711-2C_as_mni_average_305.4dfp.img
       256       256       256         1
  1.000000  1.000000  1.000000
orientation T byte_order littleendian
Reading image: /opt/freesurfer/average/711-2C_as_mni_average_305.4dfp.img
dimensions:      256       256       256
mmppix:       1.0000   -1.0000   -1.0000
center:     128.0000 -129.0000 -129.0000
talsrcimg_g11.4dfp.img
       256       256       256         1
  1.000000  1.000000  1.000000
orientation T byte_order littleendian
Reading image: talsrcimg_g11.4dfp.img
dimensions:      256       256       256
mmppix:       1.0000   -1.0000   -1.0000
center:     128.0000 -129.0000 -129.0000
t4_read: open error in t4_sub.f l:  41 t4_file(1:l)talsrcimg_to_711-2C_as_mni_average_305_t4 
t4_read: transform initialized to I4
rotation matrix determinant  1.000000
image alignment mode   4355 decimal     1103 hex
   -7.5000  -45.0000  -45.0000 9040.5195   19.1353
    0.0000  -45.0000  -45.0000 9497.9570   19.1234
    7.5000  -45.0000  -45.0000 9046.8789   19.1705
   -7.5000  -37.5000  -45.0000 9225.1885   19.1229
    0.0000  -37.5000  -45.0000 9666.1758   19.1212
    7.5000  -37.5000  -45.0000 9218.4561   19.1633
   -7.5000  -30.0000  -45.0000 9751.6621   19.1072
    0.0000  -30.0000  -45.000010205.3789   19.1122
    7.5000  -30.0000  -45.0000 9761.2012   19.1531
   -7.5000  -22.5000  -45.000010210.5693   19.1084
    0.0000  -22.5000  -45.000010693.7412   19.1104
    7.5000  -22.5000  -45.000010212.7188   19.1567
   -7.5000  -15.0000  -45.000010576.4062   19.1228
    0.0000  -15.0000  -45.000011085.5342   19.1158
    7.5000  -15.0000  -45.000010564.1143   19.1678
   -7.5000   -7.5000  -45.000010847.6953   19.1340
    0.0000   -7.5000  -45.000011343.6836   19.1198
    7.5000   -7.5000  -45.000010815.5020   19.1714
   -7.5000    0.0000  -45.000010954.7734   19.1353
    0.0000    0.0000  -45.000011446.7900   19.1234
    7.5000    0.0000  -45.000010946.8965   19.1705
   -7.5000    7.5000  -45.000010062.6777   19.1229
    0.0000    7.5000  -45.000010512.5596   19.1212
    7.5000    7.5000  -45.000010037.8096   19.1633
   -7.5000   15.0000  -45.0000 9162.0898   19.1072
    0.0000   15.0000  -45.0000 9552.2979   19.1122
    7.5000   15.0000  -45.0000 9136.3496   19.1531
   -7.5000   22.5000  -45.0000 8159.5654   19.1058
    0.0000   22.5000  -45.0000 8492.8350   19.1078
    7.5000   22.5000  -45.0000 8112.0068   19.1541
   -7.5000   30.0000  -45.0000 7146.0029   18.8680
    0.0000   30.0000  -45.0000 7425.3833   18.8610
    7.5000   30.0000  -45.0000 7083.4731   18.9123
   -7.5000   37.5000  -45.0000 6416.8022   18.9229
    0.0000   37.5000  -45.0000 6652.1289   18.9088
    7.5000   37.5000  -45.0000 6342.0068   18.9604
   -7.5000   45.0000  -45.0000 5509.6055   18.7344
    0.0000   45.0000  -45.0000 5713.0469   18.7217
    7.5000   45.0000  -45.0000 5451.7563   18.7674
   -7.5000  -45.0000  -37.5000 9627.7832   19.0807
    0.0000  -45.0000  -37.500010130.7695   19.0757
    7.5000  -45.0000  -37.5000 9621.6924   19.1148
   -7.5000  -37.5000  -37.5000 9792.0020   19.0639
    0.0000  -37.5000  -37.500010277.0859   19.0689
    7.5000  -37.5000  -37.5000 9791.9941   19.1076
   -7.5000  -30.0000  -37.500010326.1738   19.0357
    0.0000  -30.0000  -37.500010834.0137   19.0469
    7.5000  -30.0000  -37.500010324.6709   19.0869
   -7.5000  -22.5000  -37.500010811.7910   19.0278
    0.0000  -22.5000  -37.500011344.5225   19.0347
    7.5000  -22.5000  -37.500010803.8721   19.0776
   -7.5000  -15.0000  -37.500011203.6582   19.0440
    0.0000  -15.0000  -37.500011753.4160   19.0412
    7.5000  -15.0000  -37.500011177.7041   19.0850
   -7.5000   -7.5000  -37.500011445.0254   19.0687
    0.0000   -7.5000  -37.500011989.6348   19.0602
    7.5000   -7.5000  -37.500011406.8174   19.1015
   -7.5000    0.0000  -37.500011496.4189   19.0807
    0.0000    0.0000  -37.500012017.0381   19.0757
    7.5000    0.0000  -37.500011480.6094   19.1148
   -7.5000    7.5000  -37.500010556.5703   19.0639
    0.0000    7.5000  -37.500011041.0361   19.0689
    7.5000    7.5000  -37.500010556.0752   19.1076
   -7.5000   15.0000  -37.5000 9610.7666   19.0357
    0.0000   15.0000  -37.500010010.9248   19.0469
    7.5000   15.0000  -37.5000 9585.7148   19.0869
   -7.5000   22.5000  -37.5000 8525.3262   19.0252
    0.0000   22.5000  -37.5000 8881.3105   19.0321
    7.5000   22.5000  -37.5000 8493.6416   19.0749
   -7.5000   30.0000  -37.5000 7452.3936   18.7902
    0.0000   30.0000  -37.5000 7730.3525   18.7875
    7.5000   30.0000  -37.5000 7408.4492   18.8307
   -7.5000   37.5000  -37.5000 6677.0391   18.8597
    0.0000   37.5000  -37.5000 6907.0537   18.8511
    7.5000   37.5000  -37.5000 6620.5020   18.8924
   -7.5000   45.0000  -37.5000 5728.0254   18.6823
    0.0000   45.0000  -37.5000 5916.6948   18.6763
    7.5000   45.0000  -37.5000 5670.8574   18.7153
   -7.5000  -45.0000  -30.000010403.8574   19.8291
    0.0000  -45.0000  -30.000010936.5791   19.8358
    7.5000  -45.0000  -30.000010419.8438   19.8758
   -7.5000  -37.5000  -30.000010562.5752   19.8138
    0.0000  -37.5000  -30.000011098.6348   19.8267
    7.5000  -37.5000  -30.000010558.7393   19.8686
   -7.5000  -30.0000  -30.000011090.2891   19.7879
    0.0000  -30.0000  -30.000011651.1572   19.8047
    7.5000  -30.0000  -30.000011096.0293   19.8494
   -7.5000  -22.5000  -30.000011601.9121   19.7787
    0.0000  -22.5000  -30.000012187.6270   19.7923
    7.5000  -22.5000  -30.000011605.8369   19.8387
   -7.5000  -15.0000  -30.000012009.3701   19.7906
    0.0000  -15.0000  -30.000012620.2520   19.7977
    7.5000  -15.0000  -30.000011993.8340   19.8424
   -7.5000   -7.5000  -30.000012225.7764   19.8151
    0.0000   -7.5000  -30.000012825.3564   19.8192
    7.5000   -7.5000  -30.000012208.3604   19.8604
   -7.5000    0.0000  -30.000012281.5479   19.8291
    0.0000    0.0000  -30.000012850.2080   19.8358
    7.5000    0.0000  -30.000012268.3574   19.8758
   -7.5000    7.5000  -30.000011292.6348   19.8138
    0.0000    7.5000  -30.000011806.0303   19.8267
    7.5000    7.5000  -30.000011271.1660   19.8686
   -7.5000   15.0000  -30.000010232.9375   19.7879
    0.0000   15.0000  -30.000010657.3701   19.8047
    7.5000   15.0000  -30.000010195.7295   19.8494
   -7.5000   22.5000  -30.0000 9057.0566   19.7740
    0.0000   22.5000  -30.0000 9448.3193   19.7875
    7.5000   22.5000  -30.0000 9019.4746   19.8340
   -7.5000   30.0000  -30.0000 7886.5645   19.5288
    0.0000   30.0000  -30.0000 8201.5000   19.5358
    7.5000   30.0000  -30.0000 7849.2217   19.5798
   -7.5000   37.5000  -30.0000 7054.7358   19.6005
    0.0000   37.5000  -30.0000 7313.5049   19.6042
    7.5000   37.5000  -30.0000 7005.0171   19.6451
   -7.5000   45.0000  -30.0000 6056.0244   19.4315
    0.0000   45.0000  -30.0000 6243.3042   19.4365
    7.5000   45.0000  -30.0000 5993.4805   19.4779
   -7.5000  -45.0000  -22.500011181.0586   20.4416
    0.0000  -45.0000  -22.500011763.5498   20.4551
    7.5000  -45.0000  -22.500011191.7930   20.5029
   -7.5000  -37.5000  -22.500011324.9307   20.4343
    0.0000  -37.5000  -22.500011926.7666   20.4507
    7.5000  -37.5000  -22.500011317.2471   20.4978
   -7.5000  -30.0000  -22.500011844.7754   20.4251
    0.0000  -30.0000  -22.500012473.9863   20.4438
    7.5000  -30.0000  -22.500011858.5156   20.4930
   -7.5000  -22.5000  -22.500012395.3340   20.4232
    0.0000  -22.5000  -22.500013050.6699   20.4415
    7.5000  -22.5000  -22.500012394.9355   20.4941
   -7.5000  -15.0000  -22.500012827.7012   20.4272
    0.0000  -15.0000  -22.500013506.3477   20.4430
    7.5000  -15.0000  -22.500012827.5312   20.4961
   -7.5000   -7.5000  -22.500013010.5518   20.4365
    0.0000   -7.5000  -22.500013663.1094   20.4498
    7.5000   -7.5000  -22.500013008.7803   20.5002
   -7.5000    0.0000  -22.500013042.3418   20.4416
    0.0000    0.0000  -22.500013662.5117   20.4551
    7.5000    0.0000  -22.500013027.9707   20.5029
   -7.5000    7.5000  -22.500011989.7891   20.4343
    0.0000    7.5000  -22.500012540.9980   20.4507
    7.5000    7.5000  -22.500011976.9004   20.4978
   -7.5000   15.0000  -22.500010847.6084   20.4251
    0.0000   15.0000  -22.500011308.8887   20.4438
    7.5000   15.0000  -22.500010801.3545   20.4930
   -7.5000   22.5000  -22.5000 9588.2705   20.4169
    0.0000   22.5000  -22.500010010.0322   20.4352
    7.5000   22.5000  -22.5000 9548.0176   20.4878
   -7.5000   30.0000  -22.5000 8350.5557   20.1600
    0.0000   30.0000  -22.5000 8689.8809   20.1756
    7.5000   30.0000  -22.5000 8315.5088   20.2280
   -7.5000   37.5000  -22.5000 7442.1777   20.2179
    0.0000   37.5000  -22.5000 7726.2383   20.2311
    7.5000   37.5000  -22.5000 7411.2256   20.2807
   -7.5000   45.0000  -22.5000 6390.4263   20.0462
    0.0000   45.0000  -22.5000 6603.8945   20.0572
    7.5000   45.0000  -22.5000 6346.0322   20.1066
   -7.5000  -45.0000  -15.000011895.2891   20.9182
    0.0000  -45.0000  -15.000012537.8379   20.9266
    7.5000  -45.0000  -15.000011920.9033   20.9829
   -7.5000  -37.5000  -15.000012031.7646   20.9145
    0.0000  -37.5000  -15.000012697.3154   20.9267
    7.5000  -37.5000  -15.000012069.0146   20.9782
   -7.5000  -30.0000  -15.000012592.0791   20.9177
    0.0000  -30.0000  -15.000013290.0020   20.9339
    7.5000  -30.0000  -15.000012623.8369   20.9858
   -7.5000  -22.5000  -15.000013155.2617   20.9251
    0.0000  -22.5000  -15.000013897.9795   20.9424
    7.5000  -22.5000  -15.000013188.3311   21.0006
   -7.5000  -15.0000  -15.000013600.9053   20.9278
    0.0000  -15.0000  -15.000014349.4619   20.9427
    7.5000  -15.0000  -15.000013613.2832   21.0057
   -7.5000   -7.5000  -15.000013787.2363   20.9241
    0.0000   -7.5000  -15.000014506.6035   20.9339
    7.5000   -7.5000  -15.000013807.7930   20.9956
   -7.5000    0.0000  -15.000013757.8174   20.9182
    0.0000    0.0000  -15.000014460.1582   20.9266
    7.5000    0.0000  -15.000013768.2920   20.9829
   -7.5000    7.5000  -15.000012613.5498   20.9145
    0.0000    7.5000  -15.000013240.7744   20.9267
    7.5000    7.5000  -15.000012625.5322   20.9782
   -7.5000   15.0000  -15.000011415.7090   20.9177
    0.0000   15.0000  -15.000011955.6660   20.9339
    7.5000   15.0000  -15.000011404.3877   20.9858
   -7.5000   22.5000  -15.000010101.9775   20.9177
    0.0000   22.5000  -15.000010566.6201   20.9350
    7.5000   22.5000  -15.000010090.4434   20.9932
   -7.5000   30.0000  -15.0000 8803.9795   20.6569
    0.0000   30.0000  -15.0000 9166.7314   20.6717
    7.5000   30.0000  -15.0000 8759.1299   20.7338
   -7.5000   37.5000  -15.0000 7860.8101   20.7019
    0.0000   37.5000  -15.0000 8172.2495   20.7121
    7.5000   37.5000  -15.0000 7803.0815   20.7728
   -7.5000   45.0000  -15.0000 6722.7979   20.5240
    0.0000   45.0000  -15.0000 6954.9351   20.5296
    7.5000   45.0000  -15.0000 6671.5210   20.5865
   -7.5000  -45.0000   -7.500012653.6709   21.2245
    0.0000  -45.0000   -7.500013331.9404   21.2191
    7.5000  -45.0000   -7.500012695.8037   21.2776
   -7.5000  -37.5000   -7.500012751.3291   21.2162
    0.0000  -37.5000   -7.500013460.8955   21.2189
    7.5000  -37.5000   -7.500012834.6494   21.2701
   -7.5000  -30.0000   -7.500013338.5811   21.2131
    0.0000  -30.0000   -7.500014076.1387   21.2224
    7.5000  -30.0000   -7.500013409.1367   21.2722
   -7.5000  -22.5000   -7.500013912.5049   21.2216
    0.0000  -22.5000   -7.500014683.0840   21.2304
    7.5000  -22.5000   -7.500013988.0176   21.2875
   -7.5000  -15.0000   -7.500014372.1641   21.2317
    0.0000  -15.0000   -7.500015154.5635   21.2339
    7.5000  -15.0000   -7.500014430.5322   21.2986
   -7.5000   -7.5000   -7.500014569.2422   21.2315
    0.0000   -7.5000   -7.500015340.2891   21.2260
    7.5000   -7.5000   -7.500014605.9648   21.2907
   -7.5000    0.0000   -7.500014531.4355   21.2245
    0.0000    0.0000   -7.500015288.7100   21.2191
    7.5000    0.0000   -7.500014560.7119   21.2776
   -7.5000    7.5000   -7.500013338.1338   21.2162
    0.0000    7.5000   -7.500014029.3271   21.2189
    7.5000    7.5000   -7.500013377.6318   21.2701
   -7.5000   15.0000   -7.500012038.2246   21.2131
    0.0000   15.0000   -7.500012650.6123   21.2224
    7.5000   15.0000   -7.500012054.9941   21.2722
   -7.5000   22.5000   -7.500010635.7695   21.2118
    0.0000   22.5000   -7.500011158.2275   21.2206
    7.5000   22.5000   -7.500010625.5195   21.2776
   -7.5000   30.0000   -7.5000 9271.2734   20.9563
    0.0000   30.0000   -7.5000 9665.9521   20.9585
    7.5000   30.0000   -7.5000 9221.6562   21.0224
   -7.5000   37.5000   -7.5000 8271.1553   21.0040
    0.0000   37.5000   -7.5000 8597.7793   20.9991
    7.5000   37.5000   -7.5000 8204.5830   21.0632
   -7.5000   45.0000   -7.5000 7062.7969   20.8264
    0.0000   45.0000   -7.5000 7301.3701   20.8190
    7.5000   45.0000   -7.5000 6980.0146   20.8765
   -7.5000  -45.0000    0.000013416.4238   21.3407
    0.0000  -45.0000    0.000014136.3848   21.3279
    7.5000  -45.0000    0.000013464.9346   21.3797
   -7.5000  -37.5000    0.000013481.0391   21.3261
    0.0000  -37.5000    0.000014230.6934   21.3250
    7.5000  -37.5000    0.000013606.0049   21.3714
   -7.5000  -30.0000    0.000014008.6875   21.3064
    0.0000  -30.0000    0.000014768.1025   21.3131
    7.5000  -30.0000    0.000014181.3984   21.3582
   -7.5000  -22.5000    0.000014570.8564   21.3064
    0.0000  -22.5000    0.000015332.8477   21.3098
    7.5000  -22.5000    0.000014710.6455   21.3607
   -7.5000  -15.0000    0.000015080.0625   21.3232
    0.0000  -15.0000    0.000015874.7129   21.3161
    7.5000  -15.0000    0.000015178.1543   21.3731
   -7.5000   -7.5000    0.000015272.4814   21.3378
    0.0000   -7.5000    0.000016068.7334   21.3223
    7.5000   -7.5000    0.000015328.5547   21.3790
   -7.5000    0.0000    0.000015239.9834   21.3407
    0.0000    0.0000    0.000016029.4707   21.3279
    7.5000    0.0000    0.000015282.8945   21.3797
   -7.5000    7.5000    0.000014023.3555   21.3261
    0.0000    7.5000    0.000014743.7598   21.3250
    7.5000    7.5000    0.000014048.4482   21.3714
   -7.5000   15.0000    0.000012648.2393   21.3064
    0.0000   15.0000    0.000013277.6367   21.3131
    7.5000   15.0000    0.000012644.2510   21.3582
   -7.5000   22.5000    0.000011153.5156   21.2966
    0.0000   22.5000    0.000011690.0127   21.3000
    7.5000   22.5000    0.000011122.4834   21.3509
   -7.5000   30.0000    0.0000 9668.0469   21.0472
    0.0000   30.0000    0.000010093.4150   21.0402
    7.5000   30.0000    0.0000 9608.9092   21.0965
   -7.5000   37.5000    0.0000 8579.7832   21.1104
    0.0000   37.5000    0.0000 8927.1025   21.0951
    7.5000   37.5000    0.0000 8495.4541   21.1518
   -7.5000   45.0000    0.0000 7339.1274   20.9415
    0.0000   45.0000    0.0000 7578.0200   20.9278
    7.5000   45.0000    0.0000 7224.5298   20.9782
   -7.5000  -45.0000    7.500013207.9658   21.3517
    0.0000  -45.0000    7.500013948.6113   21.3461
    7.5000  -45.0000    7.500013285.0273   21.3898
   -7.5000  -37.5000    7.500013329.2744   21.3329
    0.0000  -37.5000    7.500014051.4023   21.3385
    7.5000  -37.5000    7.500013498.1318   21.3817
   -7.5000  -30.0000    7.500013767.4346   21.3012
    0.0000  -30.0000    7.500014469.1543   21.3138
    7.5000  -30.0000    7.500013983.0781   21.3585
   -7.5000  -22.5000    7.500014268.2910   21.2924
    0.0000  -22.5000    7.500014973.5977   21.3001
    7.5000  -22.5000    7.500014411.1387   21.3481
   -7.5000  -15.0000    7.500014732.5957   21.3105
    0.0000  -15.0000    7.500015451.0186   21.3074
    7.5000  -15.0000    7.500014782.9316   21.3564
   -7.5000   -7.5000    7.500014881.6260   21.3382
    0.0000   -7.5000    7.500015607.9551   21.3287
    7.5000   -7.5000    7.500014868.9033   21.3749
   -7.5000    0.0000    7.500014774.4287   21.3517
    0.0000    0.0000    7.500015497.6719   21.3461
    7.5000    0.0000    7.500014752.5537   21.3898
   -7.5000    7.5000    7.500013569.9170   21.3329
    0.0000    7.5000    7.500014239.9150   21.3385
    7.5000    7.5000    7.500013552.4463   21.3817
   -7.5000   15.0000    7.500012251.4775   21.3012
    0.0000   15.0000    7.500012856.3242   21.3138
    7.5000   15.0000    7.500012223.0273   21.3585
   -7.5000   22.5000    7.500010814.1396   21.2826
    0.0000   22.5000    7.500011332.2158   21.2902
    7.5000   22.5000    7.500010787.6338   21.3382
   -7.5000   30.0000    7.5000 9383.8105   21.0347
    0.0000   30.0000    7.5000 9795.1924   21.0317
    7.5000   30.0000    7.5000 9323.5605   21.0800
   -7.5000   37.5000    7.5000 8311.7441   21.1126
    0.0000   37.5000    7.5000 8607.2598   21.1029
    7.5000   37.5000    7.5000 8214.1953   21.1492
   -7.5000   45.0000    7.5000 7060.4600   20.9551
    0.0000   45.0000    7.5000 7285.6768   20.9484
    7.5000   45.0000    7.5000 6956.3198   20.9921
   -7.5000  -45.0000   15.000012781.6631   21.2932
    0.0000  -45.0000   15.000013435.1641   21.3003
    7.5000  -45.0000   15.000012746.3457   21.3434
   -7.5000  -37.5000   15.000012997.0215   21.2767
    0.0000  -37.5000   15.000013657.9824   21.2907
    7.5000  -37.5000   15.000012957.6416   21.3356
   -7.5000  -30.0000   15.000013502.9951   21.2490
    0.0000  -30.0000   15.000014151.7178   21.2670
    7.5000  -30.0000   15.000013480.8652   21.3150
   -7.5000  -22.5000   15.000013926.9512   21.2391
    0.0000  -22.5000   15.000014581.2402   21.2536
    7.5000  -22.5000   15.000013918.2539   21.3035
   -7.5000  -15.0000   15.000014266.2969   21.2519
    0.0000  -15.0000   15.000014886.4541   21.2595
    7.5000  -15.0000   15.000014246.5723   21.3075
   -7.5000   -7.5000   15.000014354.4658   21.2782
    0.0000   -7.5000   15.000014956.8760   21.2826
    7.5000   -7.5000   15.000014329.6553   21.3267
   -7.5000    0.0000   15.000014240.7656   21.2932
    0.0000    0.0000   15.000014826.8184   21.3003
    7.5000    0.0000   15.000014197.0635   21.3434
   -7.5000    7.5000   15.000013053.4893   21.2767
    0.0000    7.5000   15.000013647.3643   21.2907
    7.5000    7.5000   15.000013058.8428   21.3356
   -7.5000   15.0000   15.000011745.2793   21.2490
    0.0000   15.0000   15.000012299.3135   21.2670
    7.5000   15.0000   15.000011746.6074   21.3150
   -7.5000   22.5000   15.000010368.8877   21.2293
    0.0000   22.5000   15.000010840.0596   21.2439
    7.5000   22.5000   15.000010336.8730   21.2937
   -7.5000   30.0000   15.0000 8957.2412   20.9768
    0.0000   30.0000   15.0000 9337.8916   20.9844
    7.5000   30.0000   15.0000 8894.1328   21.0317
   -7.5000   37.5000   15.0000 7897.2358   21.0539
    0.0000   37.5000   15.0000 8177.4375   21.0579
    7.5000   37.5000   15.0000 7809.8853   21.1018
   -7.5000   45.0000   15.0000 6708.1113   20.9000
    0.0000   45.0000   15.0000 6906.7080   20.9054
    7.5000   45.0000   15.0000 6607.8662   20.9499
   -7.5000  -45.0000   22.500012099.9180   21.2201
    0.0000  -45.0000   22.500012660.7627   21.2340
    7.5000  -45.0000   22.500012073.0645   21.2837
   -7.5000  -37.5000   22.500012236.2588   21.2124
    0.0000  -37.5000   22.500012760.8809   21.2294
    7.5000  -37.5000   22.500012181.2734   21.2783
   -7.5000  -30.0000   22.500012774.1816   21.2029
    0.0000  -30.0000   22.500013338.8555   21.2223
    7.5000  -30.0000   22.500012741.8975   21.2734
   -7.5000  -22.5000   22.500013261.9463   21.2009
    0.0000  -22.5000   22.500013870.8193   21.2199
    7.5000  -22.5000   22.500013263.3730   21.2745
   -7.5000  -15.0000   22.500013606.0215   21.2050
    0.0000  -15.0000   22.500014201.7012   21.2215
    7.5000  -15.0000   22.500013615.8125   21.2765
   -7.5000   -7.5000   22.500013731.8721   21.2147
    0.0000   -7.5000   22.500014315.1836   21.2285
    7.5000   -7.5000   22.500013723.0586   21.2808
   -7.5000    0.0000   22.500013583.5996   21.2201
    0.0000    0.0000   22.500014141.3125   21.2340
    7.5000    0.0000   22.500013543.5996   21.2837
   -7.5000    7.5000   22.500012406.4824   21.2124
    0.0000    7.5000   22.500012958.1719   21.2294
    7.5000    7.5000   22.500012424.6904   21.2783
   -7.5000   15.0000   22.500011132.7334   21.2029
    0.0000   15.0000   22.500011624.5127   21.2223
    7.5000   15.0000   22.500011136.1094   21.2734
   -7.5000   22.5000   22.5000 9831.5352   21.1911
    0.0000   22.5000   22.500010251.5273   21.2101
    7.5000   22.5000   22.5000 9791.8779   21.2647
   -7.5000   30.0000   22.5000 8511.8740   20.9306
    0.0000   30.0000   22.5000 8841.9209   20.9469
    7.5000   30.0000   22.5000 8451.2812   21.0012
   -7.5000   37.5000   22.5000 7498.1636   20.9908
    0.0000   37.5000   22.5000 7750.7427   21.0045
    7.5000   37.5000   22.5000 7406.2383   21.0560
   -7.5000   45.0000   22.5000 6348.2300   20.8276
    0.0000   45.0000   22.5000 6548.8140   20.8390
    7.5000   45.0000   22.5000 6257.0889   20.8903
   -7.5000  -45.0000   30.000011273.3076   21.2054
    0.0000  -45.0000   30.000011740.1318   21.2138
    7.5000  -45.0000   30.000011276.5566   21.2710
   -7.5000  -37.5000   30.000011385.3301   21.2016
    0.0000  -37.5000   30.000011853.7861   21.2140
    7.5000  -37.5000   30.000011380.1729   21.2662
   -7.5000  -30.0000   30.000011897.0684   21.2049
    0.0000  -30.0000   30.000012388.8477   21.2213
    7.5000  -30.0000   30.000011899.2881   21.2739
   -7.5000  -22.5000   30.000012367.2090   21.2123
    0.0000  -22.5000   30.000012872.8936   21.2299
    7.5000  -22.5000   30.000012354.5400   21.2889
   -7.5000  -15.0000   30.000012771.5420   21.2151
    0.0000  -15.0000   30.000013283.5273   21.2302
    7.5000  -15.0000   30.000012740.7344   21.2940
   -7.5000   -7.5000   30.000012941.8438   21.2114
    0.0000   -7.5000   30.000013484.0889   21.2213
    7.5000   -7.5000   30.000012919.3027   21.2838
   -7.5000    0.0000   30.000012792.6338   21.2054
    0.0000    0.0000   30.000013355.0107   21.2138
    7.5000    0.0000   30.000012780.5059   21.2710
   -7.5000    7.5000   30.000011671.6855   21.2016
    0.0000    7.5000   30.000012205.6826   21.2140
    7.5000    7.5000   30.000011681.6914   21.2662
   -7.5000   15.0000   30.000010456.8848   21.2049
    0.0000   15.0000   30.000010906.2227   21.2213
    7.5000   15.0000   30.000010429.9043   21.2739
   -7.5000   22.5000   30.0000 9189.1064   21.2026
    0.0000   22.5000   30.0000 9586.5410   21.2201
    7.5000   22.5000   30.0000 9146.8496   21.2791
   -7.5000   30.0000   30.0000 7973.6582   20.9405
    0.0000   30.0000   30.0000 8268.2705   20.9554
    7.5000   30.0000   30.0000 7890.2036   21.0184
   -7.5000   37.5000   30.0000 7022.1431   20.9861
    0.0000   37.5000   30.0000 7248.0117   20.9964
    7.5000   37.5000   30.0000 6914.6089   21.0580
   -7.5000   45.0000   30.0000 5955.6084   20.8112
    0.0000   45.0000   30.0000 6128.8657   20.8169
    7.5000   45.0000   30.0000 5851.6543   20.8746
   -7.5000  -45.0000   37.500010881.0625   21.4014
    0.0000  -45.0000   37.500011375.0410   21.3954
    7.5000  -45.0000   37.500010904.8213   21.4544
   -7.5000  -37.5000   37.500011008.8018   21.3934
    0.0000  -37.5000   37.500011485.0869   21.3957
    7.5000  -37.5000   37.500011015.8320   21.4471
   -7.5000  -30.0000   37.500011515.6787   21.3909
    0.0000  -30.0000   37.500011989.1025   21.3999
    7.5000  -30.0000   37.500011511.8066   21.4499
   -7.5000  -22.5000   37.500011972.0479   21.3998
    0.0000  -22.5000   37.500012453.2764   21.4083
    7.5000  -22.5000   37.500011945.0898   21.4659
   -7.5000  -15.0000   37.500012384.0664   21.4096
    0.0000  -15.0000   37.500012876.3848   21.4115
    7.5000  -15.0000   37.500012317.2500   21.4770
   -7.5000   -7.5000   37.500012581.2070   21.4087
    0.0000   -7.5000   37.500013107.0430   21.4028
    7.5000   -7.5000   37.500012529.4951   21.4682
   -7.5000    0.0000   37.500012455.2246   21.4014
    0.0000    0.0000   37.500012983.0039   21.3954
    7.5000    0.0000   37.500012419.0869   21.4544
   -7.5000    7.5000   37.500011376.0820   21.3934
    0.0000    7.5000   37.500011845.4316   21.3957
    7.5000    7.5000   37.500011321.5889   21.4471
   -7.5000   15.0000   37.500010121.6279   21.3909
    0.0000   15.0000   37.500010516.6113   21.3999
    7.5000   15.0000   37.500010054.9756   21.4499
   -7.5000   22.5000   37.5000 8883.3066   21.3899
    0.0000   22.5000   37.5000 9222.3320   21.3984
    7.5000   22.5000   37.5000 8829.6230   21.4560
   -7.5000   30.0000   37.5000 7706.1768   21.1326
    0.0000   30.0000   37.5000 7989.0020   21.1344
    7.5000   30.0000   37.5000 7639.9536   21.1991
   -7.5000   37.5000   37.5000 6793.5020   21.1803
    0.0000   37.5000   37.5000 7029.3169   21.1748
    7.5000   37.5000   37.5000 6725.6860   21.2397
   -7.5000   45.0000   37.5000 5765.8042   21.0039
    0.0000   45.0000   37.5000 5943.9854   20.9960
    7.5000   45.0000   37.5000 5675.7607   21.0539
   -7.5000  -45.0000   45.0000 9986.2334   21.6158
    0.0000  -45.0000   45.000010470.5586   21.6030
    7.5000  -45.0000   45.000010008.2266   21.6580
   -7.5000  -37.5000   45.000010115.9062   21.6005
    0.0000  -37.5000   45.000010564.3115   21.6001
    7.5000  -37.5000   45.000010116.4336   21.6493
   -7.5000  -30.0000   45.000010605.0752   21.5818
    0.0000  -30.0000   45.000011049.8154   21.5899
    7.5000  -30.0000   45.000010584.8633   21.6380
   -7.5000  -22.5000   45.000011033.1602   21.5840
    0.0000  -22.5000   45.000011475.3867   21.5887
    7.5000  -22.5000   45.000010994.5195   21.6433
   -7.5000  -15.0000   45.000011416.8945   21.6017
    0.0000  -15.0000   45.000011887.9785   21.5954
    7.5000  -15.0000   45.000011371.1650   21.6564
   -7.5000   -7.5000   45.000011596.5322   21.6149
    0.0000   -7.5000   45.000012107.4873   21.5996
    7.5000   -7.5000   45.000011571.7676   21.6599
   -7.5000    0.0000   45.000011497.8818   21.6158
    0.0000    0.0000   45.000012001.8467   21.6030
    7.5000    0.0000   45.000011466.7812   21.6580
   -7.5000    7.5000   45.000010506.1182   21.6005
    0.0000    7.5000   45.000010954.6680   21.6001
    7.5000    7.5000   45.000010455.4141   21.6493
   -7.5000   15.0000   45.0000 9344.0830   21.5818
    0.0000   15.0000   45.0000 9723.7217   21.5899
    7.5000   15.0000   45.0000 9292.6875   21.6380
   -7.5000   22.5000   45.0000 8229.6094   21.5740
    0.0000   22.5000   45.0000 8538.9336   21.5787
    7.5000   22.5000   45.0000 8154.3740   21.6332
   -7.5000   30.0000   45.0000 7158.6025   21.3203
    0.0000   30.0000   45.0000 7410.3921   21.3141
    7.5000   30.0000   45.0000 7076.6133   21.3742
   -7.5000   37.5000   45.0000 6320.9604   21.3819
    0.0000   37.5000   45.0000 6526.5635   21.3668
    7.5000   37.5000   45.0000 6234.7446   21.4270
   -7.5000   45.0000   45.0000 5357.9805   21.2198
    0.0000   45.0000   45.0000 5522.3276   21.2060
    7.5000   45.0000   45.0000 5274.1768   21.2595

---------------------------------------------------------------------
imgreg_4dfp /opt/freesurfer/average/711-2C_as_mni_average_305 /opt/freesurfer/average/711-2B_as_mni_average_305_mask talsrcimg_g11 none talsrcimg_to_711-2C_as_mni_average_305_t4 4355
---------------------------------------------------------------------

freesurfer imgreg_4dfp.c
/opt/freesurfer/average/711-2C_as_mni_average_305.4dfp.img
       256       256       256         1
  1.000000  1.000000  1.000000
orientation T byte_order littleendian
Reading image: /opt/freesurfer/average/711-2C_as_mni_average_305.4dfp.img
dimensions:      256       256       256
mmppix:       1.0000   -1.0000   -1.0000
center:     128.0000 -129.0000 -129.0000
/opt/freesurfer/average/711-2B_as_mni_average_305_mask.4dfp.img
       256       256       256         1
  1.000000  1.000000  1.000000
orientation T byte_order littleendian
Reading mask: /opt/freesurfer/average/711-2B_as_mni_average_305_mask.4dfp.img (2306576 pixels)
talsrcimg_g11.4dfp.img
       256       256       256         1
  1.000000  1.000000  1.000000
orientation T byte_order littleendian
Reading image: talsrcimg_g11.4dfp.img
dimensions:      256       256       256
mmppix:       1.0000   -1.0000   -1.0000
center:     128.0000 -129.0000 -129.0000
rotation matrix determinant  1.000000
image alignment mode   4355 decimal     1103 hex
   -7.5000  -52.5000  -45.0000 2190.8616   17.1761
    0.0000  -52.5000  -45.0000 2206.7104   17.0886
    7.5000  -52.5000  -45.0000 2191.9373   17.2128
   -7.5000  -45.0000  -45.0000 2217.8862   16.5407
    0.0000  -45.0000  -45.0000 2232.7712   16.4381
    7.5000  -45.0000  -45.0000 2215.7568   16.5807
   -7.5000  -37.5000  -45.0000 2233.7922   16.3284
    0.0000  -37.5000  -45.0000 2247.5957   16.1874
    7.5000  -37.5000  -45.0000 2228.0352   16.3663
   -7.5000  -30.0000  -45.0000 2223.6658   16.6532
    0.0000  -30.0000  -45.0000 2239.3438   16.5107
    7.5000  -30.0000  -45.0000 2215.8381   16.6931
   -7.5000  -22.5000  -45.0000 2191.9260   17.2802
    0.0000  -22.5000  -45.0000 2209.2141   17.1528
    7.5000  -22.5000  -45.0000 2184.2830   17.3843
   -7.5000  -15.0000  -45.0000 2146.6724   18.2998
    0.0000  -15.0000  -45.0000 2166.4529   18.1325
    7.5000  -15.0000  -45.0000 2137.8015   18.3739
   -7.5000   -7.5000  -45.0000 2077.5920   19.6527
    0.0000   -7.5000  -45.0000 2092.2578   19.4940
    7.5000   -7.5000  -45.0000 2068.1042   19.7649
   -7.5000    0.0000  -45.0000 1991.0343   21.4032
    0.0000    0.0000  -45.0000 2002.6449   21.1836
    7.5000    0.0000  -45.0000 1981.7932   21.5962
   -7.5000    7.5000  -45.0000 1883.8225   23.8599
    0.0000    7.5000  -45.0000 1898.4801   23.6360
    7.5000    7.5000  -45.0000 1873.7616   24.0751
   -7.5000   15.0000  -45.0000 1766.5894   27.2334
    0.0000   15.0000  -45.0000 1784.0249   26.9502
    7.5000   15.0000  -45.0000 1763.1467   27.3646
   -7.5000   22.5000  -45.0000 1658.4498   31.5861
    0.0000   22.5000  -45.0000 1671.7345   31.3299
    7.5000   22.5000  -45.0000 1652.0472   31.8873
   -7.5000   30.0000  -45.0000 1534.9414   37.7235
    0.0000   30.0000  -45.0000 1544.3021   37.3627
    7.5000   30.0000  -45.0000 1525.9321   38.2253
   -7.5000   37.5000  -45.0000 1404.4612   46.8486
    0.0000   37.5000  -45.0000 1422.3739   46.5131
    7.5000   37.5000  -45.0000 1399.5312   47.4637
   -7.5000  -52.5000  -37.5000 2293.9329   15.8707
    0.0000  -52.5000  -37.5000 2313.0020   15.7504
    7.5000  -52.5000  -37.5000 2286.7441   15.8613
   -7.5000  -45.0000  -37.5000 2320.2043   15.3056
    0.0000  -45.0000  -37.5000 2338.8696   15.2112
    7.5000  -45.0000  -37.5000 2317.2349   15.3083
   -7.5000  -37.5000  -37.5000 2335.1553   15.0758
    0.0000  -37.5000  -37.5000 2346.7524   14.9645
    7.5000  -37.5000  -37.5000 2329.5081   15.1025
   -7.5000  -30.0000  -37.5000 2324.3774   15.2637
    0.0000  -30.0000  -37.5000 2345.4434   15.1404
    7.5000  -30.0000  -37.5000 2321.0908   15.3027
   -7.5000  -22.5000  -37.5000 2297.6931   15.8240
    0.0000  -22.5000  -37.5000 2315.5378   15.7167
    7.5000  -22.5000  -37.5000 2291.4170   15.8895
   -7.5000  -15.0000  -37.5000 2245.4797   16.7531
    0.0000  -15.0000  -37.5000 2267.4973   16.6101
    7.5000  -15.0000  -37.5000 2238.3748   16.8167
   -7.5000   -7.5000  -37.5000 2172.1008   18.0299
    0.0000   -7.5000  -37.5000 2191.2024   17.8574
    7.5000   -7.5000  -37.5000 2164.8208   18.0801
   -7.5000    0.0000  -37.5000 2076.5652   19.6832
    0.0000    0.0000  -37.5000 2089.0251   19.5149
    7.5000    0.0000  -37.5000 2068.3435   19.7878
   -7.5000    7.5000  -37.5000 1967.1423   21.9126
    0.0000    7.5000  -37.5000 1982.3451   21.7194
    7.5000    7.5000  -37.5000 1958.5846   22.0291
   -7.5000   15.0000  -37.5000 1849.3114   24.8381
    0.0000   15.0000  -37.5000 1862.7311   24.6312
    7.5000   15.0000  -37.5000 1843.6876   24.9713
   -7.5000   22.5000  -37.5000 1724.9200   28.7961
    0.0000   22.5000  -37.5000 1741.3252   28.4937
    7.5000   22.5000  -37.5000 1724.5076   28.9844
   -7.5000   30.0000  -37.5000 1593.1915   34.1587
    0.0000   30.0000  -37.5000 1600.5529   33.9429
    7.5000   30.0000  -37.5000 1588.1487   34.5610
   -7.5000   37.5000  -37.5000 1457.7650   42.1049
    0.0000   37.5000  -37.5000 1471.7980   41.7123
    7.5000   37.5000  -37.5000 1453.0643   42.4930
   -7.5000  -52.5000  -30.0000 2434.3669   15.1576
    0.0000  -52.5000  -30.0000 2452.7710   15.0409
    7.5000  -52.5000  -30.0000 2432.3306   15.1368
   -7.5000  -45.0000  -30.0000 2470.4961   14.5822
    0.0000  -45.0000  -30.0000 2488.5938   14.5128
    7.5000  -45.0000  -30.0000 2468.6384   14.6309
   -7.5000  -37.5000  -30.0000 2490.0691   14.3905
    0.0000  -37.5000  -30.0000 2502.5183   14.2846
    7.5000  -37.5000  -30.0000 2483.9670   14.4147
   -7.5000  -30.0000  -30.0000 2482.4072   14.5126
    0.0000  -30.0000  -30.0000 2499.6465   14.4046
    7.5000  -30.0000  -30.0000 2477.2009   14.5469
   -7.5000  -22.5000  -30.0000 2450.6772   15.0193
    0.0000  -22.5000  -30.0000 2470.7073   14.9018
    7.5000  -22.5000  -30.0000 2444.9490   15.0643
   -7.5000  -15.0000  -30.0000 2392.9900   15.9039
    0.0000  -15.0000  -30.0000 2415.8293   15.7898
    7.5000  -15.0000  -30.0000 2383.9092   15.9518
   -7.5000   -7.5000  -30.0000 2312.9387   17.0818
    0.0000   -7.5000  -30.0000 2331.8579   16.9576
    7.5000   -7.5000  -30.0000 2303.8833   17.1444
   -7.5000    0.0000  -30.0000 2207.8699   18.6585
    0.0000    0.0000  -30.0000 2223.3450   18.5235
    7.5000    0.0000  -30.0000 2201.9487   18.7766
   -7.5000    7.5000  -30.0000 2091.6936   20.7334
    0.0000    7.5000  -30.0000 2107.9753   20.6100
    7.5000    7.5000  -30.0000 2083.8323   20.8428
   -7.5000   15.0000  -30.0000 1964.5485   23.4767
    0.0000   15.0000  -30.0000 1978.2939   23.3119
    7.5000   15.0000  -30.0000 1955.8646   23.6130
   -7.5000   22.5000  -30.0000 1828.6324   27.1721
    0.0000   22.5000  -30.0000 1847.3971   26.9587
    7.5000   22.5000  -30.0000 1820.3083   27.3422
   -7.5000   30.0000  -30.0000 1679.9596   32.2522
    0.0000   30.0000  -30.0000 1692.4377   31.9785
    7.5000   30.0000  -30.0000 1675.3108   32.4712
   -7.5000   37.5000  -30.0000 1541.9171   39.4498
    0.0000   37.5000  -30.0000 1555.0814   39.0976
    7.5000   37.5000  -30.0000 1535.0348   39.8772
   -7.5000  -52.5000  -22.5000 2547.7207   14.3439
    0.0000  -52.5000  -22.5000 2563.1333   14.2747
    7.5000  -52.5000  -22.5000 2545.8540   14.3690
   -7.5000  -45.0000  -22.5000 2597.0115   13.7892
    0.0000  -45.0000  -22.5000 2615.8181   13.7025
    7.5000  -45.0000  -22.5000 2590.9175   13.8153
   -7.5000  -37.5000  -22.5000 2624.3560   13.5773
    0.0000  -37.5000  -22.5000 2640.2131   13.5019
    7.5000  -37.5000  -22.5000 2613.0046   13.6033
   -7.5000  -30.0000  -22.5000 2616.4763   13.6754
    0.0000  -30.0000  -22.5000 2637.4875   13.5939
    7.5000  -30.0000  -22.5000 2610.8804   13.6992
   -7.5000  -22.5000  -22.5000 2584.1289   14.1712
    0.0000  -22.5000  -22.5000 2607.4568   14.0575
    7.5000  -22.5000  -22.5000 2574.0940   14.1941
   -7.5000  -15.0000  -22.5000 2520.0042   15.0006
    0.0000  -15.0000  -22.5000 2546.2251   14.8685
    7.5000  -15.0000  -22.5000 2513.4807   15.0172
   -7.5000   -7.5000  -22.5000 2430.6643   16.1191
    0.0000   -7.5000  -22.5000 2450.7805   15.9929
    7.5000   -7.5000  -22.5000 2425.8398   16.1453
   -7.5000    0.0000  -22.5000 2319.2444   17.6333
    0.0000    0.0000  -22.5000 2337.2637   17.4793
    7.5000    0.0000  -22.5000 2313.7253   17.6986
   -7.5000    7.5000  -22.5000 2195.9778   19.5420
    0.0000    7.5000  -22.5000 2212.8994   19.4160
    7.5000    7.5000  -22.5000 2193.0381   19.6725
   -7.5000   15.0000  -22.5000 2054.6726   22.0976
    0.0000   15.0000  -22.5000 2070.8037   21.9640
    7.5000   15.0000  -22.5000 2050.6191   22.2377
   -7.5000   22.5000  -22.5000 1908.7986   25.5464
    0.0000   22.5000  -22.5000 1924.0535   25.3797
    7.5000   22.5000  -22.5000 1900.3180   25.7021
   -7.5000   30.0000  -22.5000 1759.0026   30.2202
    0.0000   30.0000  -22.5000 1768.4258   29.9973
    7.5000   30.0000  -22.5000 1754.1029   30.4190
   -7.5000   37.5000  -22.5000 1606.6570   36.8289
    0.0000   37.5000  -22.5000 1624.8499   36.4835
    7.5000   37.5000  -22.5000 1605.5281   37.0987
   -7.5000  -52.5000  -15.0000 2631.0510   13.6263
    0.0000  -52.5000  -15.0000 2646.9680   13.5471
    7.5000  -52.5000  -15.0000 2628.4214   13.6690
   -7.5000  -45.0000  -15.0000 2688.5725   13.0638
    0.0000  -45.0000  -15.0000 2711.0024   12.9862
    7.5000  -45.0000  -15.0000 2680.7534   13.0845
   -7.5000  -37.5000  -15.0000 2723.8542   12.8080
    0.0000  -37.5000  -15.0000 2746.0908   12.7427
    7.5000  -37.5000  -15.0000 2719.0637   12.8410
   -7.5000  -30.0000  -15.0000 2723.0808   12.9208
    0.0000  -30.0000  -15.0000 2751.0747   12.8449
    7.5000  -30.0000  -15.0000 2719.2661   12.9436
   -7.5000  -22.5000  -15.0000 2684.3933   13.4240
    0.0000  -22.5000  -15.0000 2717.2390   13.3014
    7.5000  -22.5000  -15.0000 2683.4851   13.4057
   -7.5000  -15.0000  -15.0000 2618.6028   14.1655
    0.0000  -15.0000  -15.0000 2643.8384   14.0404
    7.5000  -15.0000  -15.0000 2613.4392   14.1566
   -7.5000   -7.5000  -15.0000 2522.9019   15.2576
    0.0000   -7.5000  -15.0000 2541.2073   15.1404
    7.5000   -7.5000  -15.0000 2517.6182   15.2830
   -7.5000    0.0000  -15.0000 2400.2185   16.6983
    0.0000    0.0000  -15.0000 2418.3391   16.5939
    7.5000    0.0000  -15.0000 2394.0303   16.7736
   -7.5000    7.5000  -15.0000 2261.4827   18.5548
    0.0000    7.5000  -15.0000 2280.8447   18.4533
    7.5000    7.5000  -15.0000 2259.9744   18.6442
   -7.5000   15.0000  -15.0000 2119.0125   20.9630
    0.0000   15.0000  -15.0000 2136.7090   20.8286
    7.5000   15.0000  -15.0000 2114.4563   21.0939
   -7.5000   22.5000  -15.0000 1963.4399   24.1890
    0.0000   22.5000  -15.0000 1981.5786   24.0655
    7.5000   22.5000  -15.0000 1962.2368   24.3453
   -7.5000   30.0000  -15.0000 1807.0573   28.5335
    0.0000   30.0000  -15.0000 1818.3724   28.2751
    7.5000   30.0000  -15.0000 1800.3972   28.7575
   -7.5000   37.5000  -15.0000 1648.3870   34.5869
    0.0000   37.5000  -15.0000 1671.2679   34.2875
    7.5000   37.5000  -15.0000 1649.0640   34.8033
   -7.5000  -52.5000   -7.5000 2692.5271   13.0577
    0.0000  -52.5000   -7.5000 2717.1848   12.9497
    7.5000  -52.5000   -7.5000 2694.4946   13.0957
   -7.5000  -45.0000   -7.5000 2761.4226   12.4933
    0.0000  -45.0000   -7.5000 2792.0425   12.3966
    7.5000  -45.0000   -7.5000 2759.6995   12.5313
   -7.5000  -37.5000   -7.5000 2804.9260   12.1915
    0.0000  -37.5000   -7.5000 2840.1821   12.1010
    7.5000  -37.5000   -7.5000 2806.8848   12.2331
   -7.5000  -30.0000   -7.5000 2814.6277   12.2615
    0.0000  -30.0000   -7.5000 2846.8418   12.1630
    7.5000  -30.0000   -7.5000 2814.0879   12.2867
   -7.5000  -22.5000   -7.5000 2765.5657   12.7450
    0.0000  -22.5000   -7.5000 2799.7207   12.6316
    7.5000  -22.5000   -7.5000 2769.7458   12.7285
   -7.5000  -15.0000   -7.5000 2688.4971   13.4840
    0.0000  -15.0000   -7.5000 2716.1360   13.3623
    7.5000  -15.0000   -7.5000 2687.5793   13.4888
   -7.5000   -7.5000   -7.5000 2582.7471   14.5687
    0.0000   -7.5000   -7.5000 2608.7014   14.4351
    7.5000   -7.5000   -7.5000 2583.2957   14.5930
   -7.5000    0.0000   -7.5000 2454.9434   15.9743
    0.0000    0.0000   -7.5000 2476.9021   15.8499
    7.5000    0.0000   -7.5000 2453.6895   16.0390
   -7.5000    7.5000   -7.5000 2314.7300   17.7849
    0.0000    7.5000   -7.5000 2336.6357   17.6583
    7.5000    7.5000   -7.5000 2313.4648   17.8568
   -7.5000   15.0000   -7.5000 2163.9924   20.0710
    0.0000   15.0000   -7.5000 2183.3984   19.9521
    7.5000   15.0000   -7.5000 2161.2305   20.1741
   -7.5000   22.5000   -7.5000 2001.6359   23.1438
    0.0000   22.5000   -7.5000 2020.1317   22.9621
    7.5000   22.5000   -7.5000 2000.6492   23.2497
   -7.5000   30.0000   -7.5000 1835.8849   27.1035
    0.0000   30.0000   -7.5000 1850.5045   26.8380
    7.5000   30.0000   -7.5000 1836.2980   27.2997
   -7.5000   37.5000   -7.5000 1674.1099   32.5216
    0.0000   37.5000   -7.5000 1694.3198   32.2013
    7.5000   37.5000   -7.5000 1674.5907   32.7809
   -7.5000  -52.5000    0.0000 2735.4854   12.7138
    0.0000  -52.5000    0.0000 2768.2925   12.5497
    7.5000  -52.5000    0.0000 2742.7324   12.7243
   -7.5000  -45.0000    0.0000 2820.3328   12.1598
    0.0000  -45.0000    0.0000 2863.9250   12.0207
    7.5000  -45.0000    0.0000 2826.1418   12.1709
   -7.5000  -37.5000    0.0000 2871.8542   11.8494
    0.0000  -37.5000    0.0000 2922.1709   11.7064
    7.5000  -37.5000    0.0000 2878.9282   11.8912
   -7.5000  -30.0000    0.0000 2875.9773   11.8250
    0.0000  -30.0000    0.0000 2921.9446   11.7125
    7.5000  -30.0000    0.0000 2885.6765   11.8969
   -7.5000  -22.5000    0.0000 2821.0378   12.2434
    0.0000  -22.5000    0.0000 2858.9260   12.1114
    7.5000  -22.5000    0.0000 2828.4644   12.2780
   -7.5000  -15.0000    0.0000 2737.2910   12.9969
    0.0000  -15.0000    0.0000 2774.0339   12.8378
    7.5000  -15.0000    0.0000 2740.5308   13.0213
   -7.5000   -7.5000    0.0000 2624.2515   14.0786
    0.0000   -7.5000    0.0000 2655.5984   13.9286
    7.5000   -7.5000    0.0000 2625.1367   14.1140
   -7.5000    0.0000    0.0000 2486.9209   15.4905
    0.0000    0.0000    0.0000 2513.1741   15.3596
    7.5000    0.0000    0.0000 2488.3418   15.5489
   -7.5000    7.5000    0.0000 2346.5369   17.2370
    0.0000    7.5000    0.0000 2368.0933   17.1387
    7.5000    7.5000    0.0000 2344.2185   17.3216
   -7.5000   15.0000    0.0000 2193.8228   19.4867
    0.0000   15.0000    0.0000 2212.4722   19.3533
    7.5000   15.0000    0.0000 2192.6909   19.5812
   -7.5000   22.5000    0.0000 2031.2621   22.3024
    0.0000   22.5000    0.0000 2051.2102   22.1536
    7.5000   22.5000    0.0000 2026.9352   22.4754
   -7.5000   30.0000    0.0000 1851.1383   25.9855
    0.0000   30.0000    0.0000 1869.8955   25.7594
    7.5000   30.0000    0.0000 1849.8794   26.2210
   -7.5000   37.5000    0.0000 1689.4431   31.0187
    0.0000   37.5000    0.0000 1701.9653   30.7456
    7.5000   37.5000    0.0000 1682.8248   31.2639
   -7.5000  -52.5000    7.5000 2759.8123   12.5277
    0.0000  -52.5000    7.5000 2796.0603   12.2915
    7.5000  -52.5000    7.5000 2770.9580   12.4904
   -7.5000  -45.0000    7.5000 2862.3777   12.0238
    0.0000  -45.0000    7.5000 2911.3457   11.8371
    7.5000  -45.0000    7.5000 2870.2441   11.9959
   -7.5000  -37.5000    7.5000 2922.0781   11.7369
    0.0000  -37.5000    7.5000 2984.1282   11.6080
    7.5000  -37.5000    7.5000 2933.5762   11.7853
   -7.5000  -30.0000    7.5000 2915.2888   11.6500
    0.0000  -30.0000    7.5000 2972.7422   11.5058
    7.5000  -30.0000    7.5000 2933.0588   11.7605
   -7.5000  -22.5000    7.5000 2852.3633   12.0028
    0.0000  -22.5000    7.5000 2894.7073   11.8304
    7.5000  -22.5000    7.5000 2863.8279   12.0335
   -7.5000  -15.0000    7.5000 2760.4133   12.7130
    0.0000  -15.0000    7.5000 2794.9082   12.5284
    7.5000  -15.0000    7.5000 2766.6755   12.6995
   -7.5000   -7.5000    7.5000 2643.6992   13.7904
    0.0000   -7.5000    7.5000 2672.5981   13.6263
    7.5000   -7.5000    7.5000 2645.6272   13.7703
   -7.5000    0.0000    7.5000 2500.5479   15.2111
    0.0000    0.0000    7.5000 2526.2690   15.0710
    7.5000    0.0000    7.5000 2505.2053   15.2129
   -7.5000    7.5000    7.5000 2354.0918   16.9344
    0.0000    7.5000    7.5000 2377.0066   16.8128
    7.5000    7.5000    7.5000 2357.9771   16.9661
   -7.5000   15.0000    7.5000 2206.9998   19.1320
    0.0000   15.0000    7.5000 2227.6106   18.9952
    7.5000   15.0000    7.5000 2205.2761   19.2066
   -7.5000   22.5000    7.5000 2041.8773   21.9278
    0.0000   22.5000    7.5000 2063.3450   21.7338
    7.5000   22.5000    7.5000 2043.7640   22.0008
   -7.5000   30.0000    7.5000 1864.2542   25.4629
    0.0000   30.0000    7.5000 1883.1475   25.2415
    7.5000   30.0000    7.5000 1863.7448   25.6089
   -7.5000   37.5000    7.5000 1695.4786   30.2386
    0.0000   37.5000    7.5000 1706.3417   29.8476
    7.5000   37.5000    7.5000 1693.8712   30.4816
   -7.5000  -52.5000   15.0000 2755.7693   12.5282
    0.0000  -52.5000   15.0000 2796.0686   12.2595
    7.5000  -52.5000   15.0000 2770.2209   12.4617
   -7.5000  -45.0000   15.0000 2866.7097   12.0356
    0.0000  -45.0000   15.0000 2917.6416   11.8524
    7.5000  -45.0000   15.0000 2879.1992   11.9739
   -7.5000  -37.5000   15.0000 2926.7546   11.7715
    0.0000  -37.5000   15.0000 2995.4194   11.6143
    7.5000  -37.5000   15.0000 2944.1199   11.7362
   -7.5000  -30.0000   15.0000 2912.9863   11.7639
    0.0000  -30.0000   15.0000 2973.3982   11.5797
    7.5000  -30.0000   15.0000 2935.1221   11.7220
   -7.5000  -22.5000   15.0000 2857.9087   11.9967
    0.0000  -22.5000   15.0000 2903.7783   11.8308
    7.5000  -22.5000   15.0000 2871.0457   12.0003
   -7.5000  -15.0000   15.0000 2760.1536   12.6302
    0.0000  -15.0000   15.0000 2787.5771   12.4814
    7.5000  -15.0000   15.0000 2763.5544   12.6502
   -7.5000   -7.5000   15.0000 2634.1499   13.6825
    0.0000   -7.5000   15.0000 2655.4338   13.5336
    7.5000   -7.5000   15.0000 2637.5264   13.7051
   -7.5000    0.0000   15.0000 2497.3120   15.1004
    0.0000    0.0000   15.0000 2515.1296   14.9631
    7.5000    0.0000   15.0000 2499.6812   15.1302
   -7.5000    7.5000   15.0000 2346.7568   16.8180
    0.0000    7.5000   15.0000 2366.3103   16.6832
    7.5000    7.5000   15.0000 2352.6174   16.8825
   -7.5000   15.0000   15.0000 2188.8113   18.9572
    0.0000   15.0000   15.0000 2214.3906   18.8670
    7.5000   15.0000   15.0000 2196.4167   19.0720
   -7.5000   22.5000   15.0000 2029.9635   21.6181
    0.0000   22.5000   15.0000 2049.0454   21.5227
    7.5000   22.5000   15.0000 2032.8160   21.7690
   -7.5000   30.0000   15.0000 1857.6265   25.0926
    0.0000   30.0000   15.0000 1875.5781   24.9125
    7.5000   30.0000   15.0000 1861.7910   25.2703
   -7.5000   37.5000   15.0000 1698.9752   29.8262
    0.0000   37.5000   15.0000 1708.8243   29.5423
    7.5000   37.5000   15.0000 1695.2847   30.0900
   -7.5000  -52.5000   22.5000 2726.9731   12.8391
    0.0000  -52.5000   22.5000 2766.7114   12.6093
    7.5000  -52.5000   22.5000 2749.7329   12.7752
   -7.5000  -45.0000   22.5000 2829.4092   12.2762
    0.0000  -45.0000   22.5000 2878.9097   12.0801
    7.5000  -45.0000   22.5000 2849.5886   12.2430
   -7.5000  -37.5000   22.5000 2884.1602   11.9639
    0.0000  -37.5000   22.5000 2940.3906   11.7466
    7.5000  -37.5000   22.5000 2903.1792   11.9178
   -7.5000  -30.0000   22.5000 2876.0942   11.9825
    0.0000  -30.0000   22.5000 2926.6360   11.7844
    7.5000  -30.0000   22.5000 2898.1624   11.9407
   -7.5000  -22.5000   22.5000 2820.3628   12.3060
    0.0000  -22.5000   22.5000 2860.2227   12.1448
    7.5000  -22.5000   22.5000 2838.7317   12.2791
   -7.5000  -15.0000   22.5000 2717.5266   12.9512
    0.0000  -15.0000   22.5000 2746.8994   12.8162
    7.5000  -15.0000   22.5000 2725.4158   12.9733
   -7.5000   -7.5000   22.5000 2602.4216   13.8954
    0.0000   -7.5000   22.5000 2622.7087   13.7624
    7.5000   -7.5000   22.5000 2601.3584   13.9537
   -7.5000    0.0000   22.5000 2468.6797   15.2007
    0.0000    0.0000   22.5000 2486.6277   15.0822
    7.5000    0.0000   22.5000 2471.7417   15.2949
   -7.5000    7.5000   22.5000 2321.4766   16.8754
    0.0000    7.5000   22.5000 2343.7065   16.7388
    7.5000    7.5000   22.5000 2332.3687   16.9493
   -7.5000   15.0000   22.5000 2164.1619   18.9624
    0.0000   15.0000   22.5000 2185.8438   18.8351
    7.5000   15.0000   22.5000 2174.9751   19.0667
   -7.5000   22.5000   22.5000 2004.8076   21.6836
    0.0000   22.5000   22.5000 2024.9346   21.4818
    7.5000   22.5000   22.5000 2008.8717   21.7492
   -7.5000   30.0000   22.5000 1841.2118   25.2512
    0.0000   30.0000   22.5000 1859.3843   24.9603
    7.5000   30.0000   22.5000 1844.2445   25.3591
   -7.5000   37.5000   22.5000 1684.5874   29.8933
    0.0000   37.5000   22.5000 1694.8817   29.5319
    7.5000   37.5000   22.5000 1677.9116   29.9962
   -7.5000  -52.5000   30.0000 2673.0327   13.3382
    0.0000  -52.5000   30.0000 2719.1077   13.0821
    7.5000  -52.5000   30.0000 2707.0298   13.2923
   -7.5000  -45.0000   30.0000 2763.2727   12.7292
    0.0000  -45.0000   30.0000 2810.3083   12.4706
    7.5000  -45.0000   30.0000 2791.9592   12.6812
   -7.5000  -37.5000   30.0000 2809.6733   12.4186
    0.0000  -37.5000   30.0000 2860.0579   12.1651
    7.5000  -37.5000   30.0000 2834.9216   12.3672
   -7.5000  -30.0000   30.0000 2803.0278   12.4207
    0.0000  -30.0000   30.0000 2848.7251   12.2063
    7.5000  -30.0000   30.0000 2826.0215   12.3983
   -7.5000  -22.5000   30.0000 2752.2498   12.7179
    0.0000  -22.5000   30.0000 2791.6689   12.5238
    7.5000  -22.5000   30.0000 2771.9993   12.6840
   -7.5000  -15.0000   30.0000 2655.2891   13.4138
    0.0000  -15.0000   30.0000 2687.4165   13.2085
    7.5000  -15.0000   30.0000 2667.1653   13.4011
   -7.5000   -7.5000   30.0000 2544.5540   14.3821
    0.0000   -7.5000   30.0000 2570.0896   14.2120
    7.5000   -7.5000   30.0000 2551.7576   14.4025
   -7.5000    0.0000   30.0000 2413.3257   15.6436
    0.0000    0.0000   30.0000 2435.9590   15.5148
    7.5000    0.0000   30.0000 2424.9192   15.7450
   -7.5000    7.5000   30.0000 2276.3733   17.2852
    0.0000    7.5000   30.0000 2296.1587   17.1384
    7.5000    7.5000   30.0000 2286.2188   17.3248
   -7.5000   15.0000   30.0000 2126.5232   19.3352
    0.0000   15.0000   30.0000 2140.9404   19.1952
    7.5000   15.0000   30.0000 2131.9192   19.4007
   -7.5000   22.5000   30.0000 1965.5438   22.0525
    0.0000   22.5000   30.0000 1984.8975   21.8021
    7.5000   22.5000   30.0000 1973.2250   22.0903
   -7.5000   30.0000   30.0000 1813.3717   25.4634
    0.0000   30.0000   30.0000 1826.2216   25.1792
    7.5000   30.0000   30.0000 1815.8268   25.5400
   -7.5000   37.5000   30.0000 1655.2673   30.1469
    0.0000   37.5000   30.0000 1667.0319   29.7754
    7.5000   37.5000   30.0000 1656.3445   30.2301
   -7.5000  -52.5000   37.5000 2605.8936   14.0681
    0.0000  -52.5000   37.5000 2659.3811   13.7806
    7.5000  -52.5000   37.5000 2643.9236   13.9925
   -7.5000  -45.0000   37.5000 2680.5300   13.4484
    0.0000  -45.0000   37.5000 2734.8403   13.1735
    7.5000  -45.0000   37.5000 2717.7759   13.3706
   -7.5000  -37.5000   37.5000 2720.8970   13.1017
    0.0000  -37.5000   37.5000 2766.6377   12.8697
    7.5000  -37.5000   37.5000 2746.1689   13.0547
   -7.5000  -30.0000   37.5000 2711.5476   13.0588
    0.0000  -30.0000   37.5000 2749.5923   12.8688
    7.5000  -30.0000   37.5000 2734.2839   13.0461
   -7.5000  -22.5000   37.5000 2664.3320   13.3392
    0.0000  -22.5000   37.5000 2699.2771   13.1476
    7.5000  -22.5000   37.5000 2686.5767   13.3159
   -7.5000  -15.0000   37.5000 2580.2800   14.0099
    0.0000  -15.0000   37.5000 2607.1008   13.8151
    7.5000  -15.0000   37.5000 2589.6340   13.9961
   -7.5000   -7.5000   37.5000 2478.2603   14.9696
    0.0000   -7.5000   37.5000 2502.9485   14.8030
    7.5000   -7.5000   37.5000 2485.2668   14.9957
   -7.5000    0.0000   37.5000 2352.3345   16.2582
    0.0000    0.0000   37.5000 2376.9067   16.1024
    7.5000    0.0000   37.5000 2364.5403   16.3442
   -7.5000    7.5000   37.5000 2219.2146   17.9592
    0.0000    7.5000   37.5000 2236.1016   17.8052
    7.5000    7.5000   37.5000 2226.8147   18.0101
   -7.5000   15.0000   37.5000 2068.8252   19.9905
    0.0000   15.0000   37.5000 2084.9639   19.8292
    7.5000   15.0000   37.5000 2075.2178   20.0552
   -7.5000   22.5000   37.5000 1920.6748   22.5929
    0.0000   22.5000   37.5000 1934.9380   22.4105
    7.5000   22.5000   37.5000 1926.7006   22.6459
   -7.5000   30.0000   37.5000 1773.3271   26.0582
    0.0000   30.0000   37.5000 1785.5896   25.8177
    7.5000   30.0000   37.5000 1776.8660   26.1857
   -7.5000   37.5000   37.5000 1615.9568   30.9452
    0.0000   37.5000   37.5000 1626.2244   30.5232
    7.5000   37.5000   37.5000 1618.8304   30.9562
   -7.5000  -52.5000   45.0000 2525.2832   15.0160
    0.0000  -52.5000   45.0000 2579.2166   14.7595
    7.5000  -52.5000   45.0000 2563.5984   14.9361
   -7.5000  -45.0000   45.0000 2589.7864   14.3700
    0.0000  -45.0000   45.0000 2642.4924   14.1273
    7.5000  -45.0000   45.0000 2625.4299   14.2897
   -7.5000  -37.5000   45.0000 2622.1714   14.0093
    0.0000  -37.5000   45.0000 2661.4036   13.7869
    7.5000  -37.5000   45.0000 2649.6960   13.9440
   -7.5000  -30.0000   45.0000 2616.9717   13.9250
    0.0000  -30.0000   45.0000 2651.3755   13.7407
    7.5000  -30.0000   45.0000 2642.2224   13.8894
   -7.5000  -22.5000   45.0000 2576.0188   14.1866
    0.0000  -22.5000   45.0000 2604.0603   14.0011
    7.5000  -22.5000   45.0000 2594.8047   14.1577
   -7.5000  -15.0000   45.0000 2494.2439   14.8104
    0.0000  -15.0000   45.0000 2522.6167   14.6275
    7.5000  -15.0000   45.0000 2505.4097   14.8083
   -7.5000   -7.5000   45.0000 2396.8633   15.7258
    0.0000   -7.5000   45.0000 2425.3770   15.5588
    7.5000   -7.5000   45.0000 2406.1150   15.7796
   -7.5000    0.0000   45.0000 2281.7778   17.0399
    0.0000    0.0000   45.0000 2305.0132   16.8759
    7.5000    0.0000   45.0000 2291.4209   17.0770
   -7.5000    7.5000   45.0000 2151.4692   18.8077
    0.0000    7.5000   45.0000 2174.9568   18.6813
    7.5000    7.5000   45.0000 2160.4832   18.8346
   -7.5000   15.0000   45.0000 2005.8860   20.8779
    0.0000   15.0000   45.0000 2025.2767   20.7351
    7.5000   15.0000   45.0000 2015.6711   20.9493
   -7.5000   22.5000   45.0000 1868.2792   23.5881
    0.0000   22.5000   45.0000 1880.4487   23.3494
    7.5000   22.5000   45.0000 1868.7355   23.6359
   -7.5000   30.0000   45.0000 1727.7806   27.1682
    0.0000   30.0000   45.0000 1738.7814   26.9214
    7.5000   30.0000   45.0000 1727.1538   27.2800
   -7.5000   37.5000   45.0000 1570.4666   32.3042
    0.0000   37.5000   45.0000 1583.7219   31.8767
    7.5000   37.5000   45.0000 1574.8914   32.2882

---------------------------------------------------------------------
imgreg_4dfp /opt/freesurfer/average/711-2C_as_mni_average_305 /opt/freesurfer/average/711-2B_as_mni_average_305_mask talsrcimg_g11 none talsrcimg_to_711-2C_as_mni_average_305_t4 1283
---------------------------------------------------------------------

freesurfer imgreg_4dfp.c
/opt/freesurfer/average/711-2C_as_mni_average_305.4dfp.img
       256       256       256         1
  1.000000  1.000000  1.000000
orientation T byte_order littleendian
Reading image: /opt/freesurfer/average/711-2C_as_mni_average_305.4dfp.img
dimensions:      256       256       256
mmppix:       1.0000   -1.0000   -1.0000
center:     128.0000 -129.0000 -129.0000
/opt/freesurfer/average/711-2B_as_mni_average_305_mask.4dfp.img
       256       256       256         1
  1.000000  1.000000  1.000000
orientation T byte_order littleendian
Reading mask: /opt/freesurfer/average/711-2B_as_mni_average_305_mask.4dfp.img (2306576 pixels)
talsrcimg_g11.4dfp.img
       256       256       256         1
  1.000000  1.000000  1.000000
orientation T byte_order littleendian
Reading image: talsrcimg_g11.4dfp.img
dimensions:      256       256       256
mmppix:       1.0000   -1.0000   -1.0000
center:     128.0000 -129.0000 -129.0000
rotation matrix determinant  1.000000
fimgreg.f
image alignment mode   1283 decimal      503 hex
parameters
    0.0000  -37.5000   15.0000    0.0000    0.0000    0.0000
eta,q 0.93995 11.63897
niter,ni,del,rscale     5    3   12.0000    1.2000
parameter  2 -0.793827 -> -0.500000 qaram    1.1500
parameter  4  1.724197 ->  0.500000 qaram    1.1500
parameter  5  0.538376 ->  0.500000 qaram    1.1500
parameters
    0.3693  -34.0500   12.6021   -3.4500   -3.4500    0.6093
eta,q 0.95007 11.47275
  0.0812  0.0759  0.0611  0.0511  0.0530  0.0575
  0.0713  0.0700  0.0574  0.0523  0.0503  0.0538
  0.0641  0.0658  0.0561  0.0546  0.0505  0.0513
  0.0625  0.0625  0.0580  0.0560  0.0529  0.0501
  0.0647  0.0594  0.0632  0.0571  0.0567  0.0500
  0.0695  0.0575  0.0693  0.0602  0.0611  0.0517
  0.0761  0.0594  0.0753  0.0641  0.0659  0.0553
niter,ni,del,rscale     7    3   12.0000    1.2000
parameter  4  0.701772 ->  0.500000 qaram    1.3225
parameters
    1.3064  -33.7443   11.4852   -7.4175   -3.7924    0.2472
eta,q 0.95397 11.48839
  0.0767  0.0677  0.0569  0.0488  0.0590  0.0533
  0.0647  0.0588  0.0515  0.0461  0.0513  0.0491
  0.0546  0.0522  0.0495  0.0471  0.0467  0.0467
  0.0499  0.0498  0.0498  0.0493  0.0462  0.0460
  0.0509  0.0522  0.0526  0.0522  0.0492  0.0472
  0.0563  0.0574  0.0578  0.0545  0.0545  0.0506
  0.0640  0.0643  0.0642  0.0569  0.0601  0.0553
niter,ni,del,rscale     7    3   12.0000    1.2000
parameters
    1.5906  -32.7478   10.8843   -7.2379   -4.0171    0.3811
eta,q 0.95369 11.47841
  0.0690  0.0752  0.0569  0.0569  0.0595  0.0537
  0.0577  0.0632  0.0508  0.0516  0.0518  0.0502
  0.0489  0.0508  0.0471  0.0466  0.0470  0.0477
  0.0460  0.0461  0.0465  0.0464  0.0465  0.0463
  0.0491  0.0484  0.0488  0.0487  0.0493  0.0468
  0.0559  0.0546  0.0546  0.0518  0.0543  0.0494
  0.0642  0.0621  0.0618  0.0548  0.0597  0.0535
niter,ni,del,rscale     6    3   12.0000    1.2000
parameters
    1.6429  -32.5904   10.8363   -7.2894   -4.1000    0.4098
eta,q 0.95361 11.47816
  0.0673  0.0700  0.0591  0.0564  0.0601  0.0535
  0.0564  0.0565  0.0525  0.0509  0.0525  0.0501
  0.0485  0.0474  0.0480  0.0464  0.0474  0.0477
  0.0463  0.0463  0.0465  0.0465  0.0464  0.0464
  0.0499  0.0506  0.0479  0.0489  0.0491  0.0469
  0.0571  0.0577  0.0527  0.0521  0.0541  0.0497
  0.0654  0.0651  0.0596  0.0552  0.0594  0.0538
niter,ni,del,rscale     5    3   12.0000    1.2000
parameters
    1.6615  -32.5554   10.8160   -7.3178   -4.1300    0.4196
eta,q 0.95359 11.47833
  0.0672  0.0692  0.0592  0.0564  0.0603  0.0534
  0.0563  0.0557  0.0527  0.0510  0.0527  0.0501
  0.0485  0.0471  0.0480  0.0464  0.0475  0.0477
  0.0464  0.0464  0.0464  0.0464  0.0464  0.0464
  0.0501  0.0510  0.0479  0.0488  0.0490  0.0470
  0.0573  0.0581  0.0527  0.0520  0.0540  0.0498
  0.0656  0.0656  0.0595  0.0551  0.0593  0.0538
registration optimization eta report
parameter search radius
    6.0000    6.9000    6.0000    7.9350    6.9000    6.0000
100000*second partial in parameter space
       54.       44.       36.       15.       28.       20.
  0.0672  0.0692  0.0592  0.0564  0.0603  0.0534
  0.0563  0.0557  0.0527  0.0510  0.0527  0.0501
  0.0485  0.0471  0.0480  0.0464  0.0475  0.0477
  0.0464  0.0464  0.0464  0.0464  0.0464  0.0464
  0.0501  0.0510  0.0479  0.0488  0.0490  0.0470
  0.0573  0.0581  0.0527  0.0520  0.0540  0.0498
  0.0656  0.0656  0.0595  0.0551  0.0593  0.0538
    1.6615  -32.5554   10.8160   -7.3178   -4.1300    0.4196
eta,q 0.95359 11.47833

---------------------------------------------------------------------
imgreg_4dfp /opt/freesurfer/average/711-2C_as_mni_average_305 /opt/freesurfer/average/711-2B_as_mni_average_305_mask talsrcimg_g11 none talsrcimg_to_711-2C_as_mni_average_305_t4 3335
---------------------------------------------------------------------

freesurfer imgreg_4dfp.c
/opt/freesurfer/average/711-2C_as_mni_average_305.4dfp.img
       256       256       256         1
  1.000000  1.000000  1.000000
orientation T byte_order littleendian
Reading image: /opt/freesurfer/average/711-2C_as_mni_average_305.4dfp.img
dimensions:      256       256       256
mmppix:       1.0000   -1.0000   -1.0000
center:     128.0000 -129.0000 -129.0000
/opt/freesurfer/average/711-2B_as_mni_average_305_mask.4dfp.img
       256       256       256         1
  1.000000  1.000000  1.000000
orientation T byte_order littleendian
Reading mask: /opt/freesurfer/average/711-2B_as_mni_average_305_mask.4dfp.img (2306576 pixels)
talsrcimg_g11.4dfp.img
       256       256       256         1
  1.000000  1.000000  1.000000
orientation T byte_order littleendian
Reading image: talsrcimg_g11.4dfp.img
dimensions:      256       256       256
mmppix:       1.0000   -1.0000   -1.0000
center:     128.0000 -129.0000 -129.0000
fimgreg.f
image alignment mode   3335 decimal      D07 hex
parameters
    1.6615  -32.5554   10.8160   -0.2623   -0.8239   -1.0721
   -1.6437    7.0498    0.7304   12.7892   -7.2019  -12.7042
eta,q 0.95184 11.61116
niter,ni,del,rscale     5    3    5.0000    1.2000
parameter  4  1.314165 ->  0.500000 qaram    1.1500
parameter  5  2.010077 ->  0.500000 qaram    1.1500
parameter  6  0.685186 ->  0.500000 qaram    1.1500
parameter 12 -0.608120 -> -0.500000 qaram    1.1500
parameters
    1.5988  -32.4011   10.3425   -4.4023   -4.9639   -5.2121
   -1.4486    6.9705    0.8556   11.4970   -5.1627   -8.5642
eta,q 0.96398 10.92111
  0.0515  0.0508  0.0495  0.0422  0.0360  0.0369  0.0392  0.0408  0.0388  0.0385  0.0382  0.0386
  0.0496  0.0494  0.0486  0.0433  0.0379  0.0365  0.0377  0.0386  0.0376  0.0375  0.0374  0.0378
  0.0485  0.0485  0.0481  0.0451  0.0405  0.0369  0.0368  0.0371  0.0368  0.0367  0.0368  0.0370
  0.0482  0.0482  0.0481  0.0481  0.0437  0.0385  0.0365  0.0365  0.0365  0.0365  0.0365  0.0364
  0.0486  0.0483  0.0487  0.0521  0.0472  0.0416  0.0367  0.0370  0.0367  0.0373  0.0364  0.0361
  0.0499  0.0490  0.0498  0.0565  0.0514  0.0454  0.0376  0.0385  0.0375  0.0388  0.0366  0.0360
  0.0519  0.0502  0.0512  0.0615  0.0562  0.0501  0.0389  0.0412  0.0387  0.0409  0.0370  0.0363
niter,ni,del,rscale     7    3    5.0000    1.2000
parameter  4  0.677522 ->  0.500000 qaram    1.3225
parameter  5  1.227616 ->  0.500000 qaram    1.3225
parameters
    1.6955  -32.7238   10.0701   -9.1633   -9.7249   -8.7977
   -0.8587    6.4724    1.0806    9.5826   -6.1847   -9.2111
eta,q 0.96910 10.07608
  0.0398  0.0381  0.0374  0.0343  0.0301  0.0315  0.0339  0.0344  0.0331  0.0324  0.0314  0.0322
  0.0378  0.0368  0.0365  0.0345  0.0309  0.0311  0.0326  0.0327  0.0321  0.0314  0.0311  0.0313
  0.0365  0.0360  0.0360  0.0349  0.0325  0.0313  0.0317  0.0315  0.0315  0.0310  0.0309  0.0309
  0.0360  0.0360  0.0359  0.0359  0.0345  0.0313  0.0313  0.0312  0.0312  0.0312  0.0310  0.0309
  0.0363  0.0366  0.0363  0.0379  0.0375  0.0322  0.0314  0.0318  0.0314  0.0320  0.0311  0.0312
  0.0374  0.0378  0.0371  0.0413  0.0411  0.0351  0.0320  0.0332  0.0319  0.0332  0.0313  0.0318
  0.0393  0.0395  0.0383  0.0457  0.0452  0.0386  0.0332  0.0355  0.0329  0.0352  0.0318  0.0324
niter,ni,del,rscale     7    3    5.0000    1.2000
parameter  5  0.588658 ->  0.500000 qaram    1.5209
parameters
    1.8510  -33.0524    9.7273  -13.5163  -15.2000  -10.2335
   -1.5669    6.6213    0.4084    9.1191   -6.1106   -9.4717
eta,q 0.97152  9.39569
  0.0342  0.0327  0.0317  0.0309  0.0294  0.0305  0.0305  0.0325  0.0297  0.0307  0.0294  0.0296
  0.0326  0.0315  0.0311  0.0301  0.0289  0.0291  0.0293  0.0305  0.0290  0.0293  0.0289  0.0289
  0.0314  0.0309  0.0308  0.0302  0.0290  0.0285  0.0286  0.0291  0.0286  0.0286  0.0286  0.0285
  0.0309  0.0309  0.0308  0.0308  0.0301  0.0289  0.0286  0.0285  0.0285  0.0285  0.0285  0.0285
  0.0311  0.0314  0.0310  0.0319  0.0323  0.0294  0.0290  0.0289  0.0288  0.0288  0.0286  0.0287
  0.0320  0.0325  0.0316  0.0338  0.0350  0.0302  0.0300  0.0302  0.0293  0.0298  0.0289  0.0291
  0.0335  0.0339  0.0324  0.0369  0.0388  0.0324  0.0313  0.0323  0.0302  0.0313  0.0293  0.0296
niter,ni,del,rscale     7    3    5.0000    1.2000
parameters
    1.7575  -32.8226    9.8688  -13.7972  -15.7750  -10.2036
   -1.4055    6.5520    0.3447    9.3510   -6.0063   -9.5342
eta,q 0.97158  9.35338
  0.0312  0.0308  0.0299  0.0316  0.0325  0.0312  0.0309  0.0322  0.0298  0.0311  0.0293  0.0295
  0.0296  0.0295  0.0292  0.0297  0.0303  0.0297  0.0296  0.0303  0.0290  0.0296  0.0289  0.0289
  0.0287  0.0288  0.0287  0.0286  0.0288  0.0286  0.0287  0.0289  0.0285  0.0287  0.0285  0.0285
  0.0285  0.0285  0.0285  0.0284  0.0284  0.0284  0.0284  0.0284  0.0284  0.0284  0.0284  0.0284
  0.0289  0.0286  0.0285  0.0291  0.0289  0.0291  0.0287  0.0289  0.0286  0.0287  0.0286  0.0286
  0.0300  0.0291  0.0289  0.0301  0.0309  0.0297  0.0295  0.0303  0.0291  0.0294  0.0288  0.0290
  0.0316  0.0300  0.0296  0.0317  0.0337  0.0310  0.0307  0.0324  0.0298  0.0307  0.0293  0.0295
niter,ni,del,rscale     6    3    5.0000    1.2000
parameters
    1.7292  -32.7439    9.8732  -13.8284  -15.8382  -10.1864
   -1.3764    6.5328    0.3318    9.4449   -5.9732   -9.6227
eta,q 0.97157  9.35026
  0.0313  0.0304  0.0297  0.0317  0.0329  0.0312  0.0309  0.0323  0.0298  0.0310  0.0293  0.0295
  0.0297  0.0293  0.0290  0.0299  0.0306  0.0297  0.0295  0.0303  0.0290  0.0295  0.0288  0.0289
  0.0287  0.0287  0.0286  0.0286  0.0290  0.0286  0.0287  0.0289  0.0285  0.0287  0.0285  0.0285
  0.0284  0.0284  0.0284  0.0284  0.0284  0.0284  0.0284  0.0284  0.0284  0.0284  0.0284  0.0284
  0.0288  0.0286  0.0286  0.0290  0.0287  0.0291  0.0287  0.0289  0.0286  0.0287  0.0286  0.0286
  0.0298  0.0292  0.0290  0.0300  0.0305  0.0297  0.0296  0.0303  0.0290  0.0295  0.0288  0.0290
  0.0314  0.0301  0.0297  0.0316  0.0332  0.0310  0.0308  0.0324  0.0298  0.0308  0.0293  0.0295
niter,ni,del,rscale     5    3    5.0000    1.2000
parameters
    1.7233  -32.7226    9.8654  -13.8295  -15.8609  -10.1811
   -1.3780    6.5284    0.3172    9.4882   -5.9728   -9.6656
eta,q 0.97157  9.34978
  0.0314  0.0303  0.0297  0.0318  0.0329  0.0312  0.0308  0.0323  0.0298  0.0309  0.0293  0.0295
  0.0297  0.0292  0.0290  0.0299  0.0306  0.0297  0.0295  0.0303  0.0290  0.0295  0.0288  0.0289
  0.0287  0.0286  0.0286  0.0287  0.0290  0.0286  0.0287  0.0289  0.0285  0.0287  0.0285  0.0285
  0.0284  0.0284  0.0284  0.0284  0.0284  0.0284  0.0284  0.0284  0.0284  0.0284  0.0284  0.0284
  0.0288  0.0286  0.0286  0.0290  0.0287  0.0291  0.0288  0.0289  0.0286  0.0287  0.0286  0.0286
  0.0298  0.0292  0.0290  0.0300  0.0304  0.0297  0.0296  0.0303  0.0290  0.0295  0.0288  0.0290
  0.0313  0.0302  0.0297  0.0316  0.0332  0.0310  0.0308  0.0324  0.0298  0.0308  0.0293  0.0295
registration optimization eta report
parameter search radius
    2.4000    2.4000    2.4000    9.5220   10.9503    8.2800
    7.2000    7.2000    7.2000    7.2000    7.2000    8.2800
100000*second partial in parameter space
       51.       32.       22.        4.        4.        4.
        5.        7.        3.        5.        2.        2.
  0.0314  0.0303  0.0297  0.0318  0.0329  0.0312  0.0308  0.0323  0.0298  0.0309  0.0293  0.0295
  0.0297  0.0292  0.0290  0.0299  0.0306  0.0297  0.0295  0.0303  0.0290  0.0295  0.0288  0.0289
  0.0287  0.0286  0.0286  0.0287  0.0290  0.0286  0.0287  0.0289  0.0285  0.0287  0.0285  0.0285
  0.0284  0.0284  0.0284  0.0284  0.0284  0.0284  0.0284  0.0284  0.0284  0.0284  0.0284  0.0284
  0.0288  0.0286  0.0286  0.0290  0.0287  0.0291  0.0288  0.0289  0.0286  0.0287  0.0286  0.0286
  0.0298  0.0292  0.0290  0.0300  0.0304  0.0297  0.0296  0.0303  0.0290  0.0295  0.0288  0.0290
  0.0313  0.0302  0.0297  0.0316  0.0332  0.0310  0.0308  0.0324  0.0298  0.0308  0.0293  0.0295
    1.7233  -32.7226    9.8654  -13.8295  -15.8609  -10.1811
   -1.3780    6.5284    0.3172    9.4882   -5.9728   -9.6656
eta,q 0.97157  9.34978

---------------------------------------------------------------------
imgreg_4dfp /opt/freesurfer/average/711-2C_as_mni_average_305 /opt/freesurfer/average/711-2B_as_mni_average_305_mask talsrcimg_g11 none talsrcimg_to_711-2C_as_mni_average_305_t4 2311
---------------------------------------------------------------------

freesurfer imgreg_4dfp.c
/opt/freesurfer/average/711-2C_as_mni_average_305.4dfp.img
       256       256       256         1
  1.000000  1.000000  1.000000
orientation T byte_order littleendian
Reading image: /opt/freesurfer/average/711-2C_as_mni_average_305.4dfp.img
dimensions:      256       256       256
mmppix:       1.0000   -1.0000   -1.0000
center:     128.0000 -129.0000 -129.0000
/opt/freesurfer/average/711-2B_as_mni_average_305_mask.4dfp.img
       256       256       256         1
  1.000000  1.000000  1.000000
orientation T byte_order littleendian
Reading mask: /opt/freesurfer/average/711-2B_as_mni_average_305_mask.4dfp.img (2306576 pixels)
talsrcimg_g11.4dfp.img
       256       256       256         1
  1.000000  1.000000  1.000000
orientation T byte_order littleendian
Reading image: talsrcimg_g11.4dfp.img
dimensions:      256       256       256
mmppix:       1.0000   -1.0000   -1.0000
center:     128.0000 -129.0000 -129.0000
fimgreg.f
image alignment mode   2311 decimal      907 hex
parameters
    1.7233  -32.7226    9.8654  -13.8295  -15.8609  -10.1811
   -1.3780    6.5284    0.3172    9.4882   -5.9728   -9.6656
eta,q 0.97157  9.34978
niter,ni,del,rscale     5    3    5.0000    0.8000
parameters
    1.7061  -32.7270    9.8773  -14.3670  -15.3931  -10.6893
   -1.4681    6.5384    0.2918    9.3006   -6.1284   -9.6437
eta,q 0.97169  9.32460
  0.0298  0.0292  0.0290  0.0292  0.0294  0.0293  0.0294  0.0302  0.0289  0.0293  0.0287  0.0287
  0.0290  0.0288  0.0287  0.0287  0.0288  0.0287  0.0288  0.0292  0.0286  0.0287  0.0285  0.0285
  0.0286  0.0285  0.0285  0.0284  0.0285  0.0283  0.0284  0.0285  0.0284  0.0284  0.0283  0.0283
  0.0284  0.0284  0.0284  0.0284  0.0284  0.0284  0.0283  0.0283  0.0283  0.0283  0.0283  0.0283
  0.0286  0.0285  0.0285  0.0287  0.0284  0.0288  0.0285  0.0285  0.0284  0.0285  0.0284  0.0284
  0.0291  0.0288  0.0287  0.0291  0.0286  0.0291  0.0289  0.0292  0.0286  0.0288  0.0285  0.0285
  0.0298  0.0292  0.0290  0.0295  0.0290  0.0294  0.0295  0.0302  0.0289  0.0294  0.0288  0.0287
niter,ni,del,rscale     4    3    5.0000    0.7000
parameters
    1.7083  -32.7536    9.7963  -14.4622  -15.3472  -10.9292
   -1.4897    6.5496    0.2991    9.2725   -6.2052   -9.6731
eta,q 0.97172  9.31210
  0.0294  0.0289  0.0287  0.0291  0.0289  0.0292  0.0292  0.0298  0.0288  0.0291  0.0286  0.0286
  0.0288  0.0285  0.0285  0.0286  0.0286  0.0287  0.0287  0.0290  0.0285  0.0286  0.0284  0.0284
  0.0284  0.0284  0.0284  0.0284  0.0283  0.0283  0.0284  0.0284  0.0283  0.0284  0.0283  0.0283
  0.0283  0.0283  0.0283  0.0283  0.0283  0.0283  0.0283  0.0283  0.0283  0.0283  0.0283  0.0283
  0.0284  0.0284  0.0284  0.0285  0.0284  0.0286  0.0284  0.0285  0.0284  0.0284  0.0283  0.0283
  0.0288  0.0286  0.0286  0.0288  0.0285  0.0290  0.0287  0.0290  0.0285  0.0286  0.0285  0.0284
  0.0294  0.0289  0.0289  0.0291  0.0289  0.0292  0.0292  0.0298  0.0287  0.0291  0.0286  0.0286
niter,ni,del,rscale     3    3    5.0000    0.6000
parameters
    1.7079  -32.7522    9.7429  -14.5409  -15.3313  -11.1245
   -1.5123    6.5512    0.2906    9.2785   -6.2501   -9.7077
eta,q 0.97173  9.30120
  0.0291  0.0287  0.0286  0.0289  0.0287  0.0290  0.0289  0.0294  0.0286  0.0288  0.0285  0.0285
  0.0286  0.0285  0.0284  0.0285  0.0284  0.0286  0.0286  0.0288  0.0284  0.0285  0.0284  0.0284
  0.0284  0.0283  0.0283  0.0283  0.0283  0.0283  0.0283  0.0284  0.0283  0.0283  0.0283  0.0283
  0.0283  0.0283  0.0283  0.0283  0.0283  0.0283  0.0283  0.0283  0.0283  0.0283  0.0283  0.0283
  0.0284  0.0283  0.0283  0.0284  0.0283  0.0285  0.0283  0.0284  0.0283  0.0283  0.0283  0.0283
  0.0286  0.0285  0.0285  0.0286  0.0284  0.0288  0.0286  0.0288  0.0284  0.0285  0.0284  0.0284
  0.0291  0.0287  0.0287  0.0289  0.0287  0.0291  0.0289  0.0294  0.0286  0.0288  0.0285  0.0285
niter,ni,del,rscale     2    3    5.0000    0.5000
parameters
    1.7042  -32.7449    9.7029  -14.5954  -15.3463  -11.2606
   -1.5248    6.5550    0.2341    9.2787   -6.3124   -9.7394
eta,q 0.97174  9.29240
  0.0288  0.0286  0.0285  0.0287  0.0285  0.0288  0.0287  0.0290  0.0285  0.0286  0.0284  0.0284
  0.0285  0.0284  0.0284  0.0285  0.0284  0.0285  0.0285  0.0286  0.0284  0.0284  0.0283  0.0283
  0.0283  0.0283  0.0283  0.0283  0.0283  0.0283  0.0283  0.0283  0.0283  0.0283  0.0283  0.0283
  0.0283  0.0283  0.0283  0.0283  0.0283  0.0283  0.0283  0.0283  0.0283  0.0283  0.0283  0.0283
  0.0283  0.0283  0.0283  0.0283  0.0283  0.0284  0.0283  0.0283  0.0283  0.0283  0.0283  0.0283
  0.0285  0.0284  0.0284  0.0285  0.0284  0.0286  0.0285  0.0286  0.0284  0.0284  0.0283  0.0283
  0.0288  0.0286  0.0285  0.0287  0.0285  0.0289  0.0287  0.0290  0.0285  0.0286  0.0284  0.0284
niter,ni,del,rscale     1    3    5.0000    0.4000
parameters
    1.7050  -32.7329    9.6731  -14.6570  -15.3863  -11.3583
   -1.5341    6.5591    0.1979    9.2976   -6.3592   -9.7961
eta,q 0.97174  9.28394
  0.0286  0.0285  0.0284  0.0286  0.0284  0.0287  0.0286  0.0288  0.0284  0.0285  0.0284  0.0284
  0.0284  0.0283  0.0283  0.0284  0.0283  0.0284  0.0284  0.0285  0.0283  0.0284  0.0283  0.0283
  0.0283  0.0283  0.0283  0.0283  0.0283  0.0283  0.0283  0.0283  0.0283  0.0283  0.0283  0.0283
  0.0283  0.0283  0.0283  0.0283  0.0283  0.0283  0.0283  0.0283  0.0283  0.0283  0.0283  0.0283
  0.0283  0.0283  0.0283  0.0283  0.0283  0.0283  0.0283  0.0283  0.0283  0.0283  0.0283  0.0283
  0.0284  0.0283  0.0283  0.0284  0.0283  0.0285  0.0284  0.0285  0.0283  0.0284  0.0283  0.0283
  0.0286  0.0284  0.0284  0.0286  0.0284  0.0287  0.0286  0.0287  0.0284  0.0285  0.0284  0.0284
registration optimization eta report
parameter search radius
    0.8000    0.8000    0.8000    2.4000    2.4000    2.4000
    2.4000    2.4000    2.4000    2.4000    2.4000    2.4000
100000*second partial in parameter space
       56.       30.       25.        5.        3.        8.
        5.        9.        3.        4.        2.        2.
  0.0286  0.0285  0.0284  0.0286  0.0284  0.0287  0.0286  0.0288  0.0284  0.0285  0.0284  0.0284
  0.0284  0.0283  0.0283  0.0284  0.0283  0.0284  0.0284  0.0285  0.0283  0.0284  0.0283  0.0283
  0.0283  0.0283  0.0283  0.0283  0.0283  0.0283  0.0283  0.0283  0.0283  0.0283  0.0283  0.0283
  0.0283  0.0283  0.0283  0.0283  0.0283  0.0283  0.0283  0.0283  0.0283  0.0283  0.0283  0.0283
  0.0283  0.0283  0.0283  0.0283  0.0283  0.0283  0.0283  0.0283  0.0283  0.0283  0.0283  0.0283
  0.0284  0.0283  0.0283  0.0284  0.0283  0.0285  0.0284  0.0285  0.0283  0.0284  0.0283  0.0283
  0.0286  0.0284  0.0284  0.0286  0.0284  0.0287  0.0286  0.0287  0.0284  0.0285  0.0284  0.0284
    1.7050  -32.7329    9.6731  -14.6570  -15.3863  -11.3583
   -1.5341    6.5591    0.1979    9.2976   -6.3592   -9.7961
eta,q 0.97174  9.28394

---------------------------------------------------------------------
imgreg_4dfp /opt/freesurfer/average/711-2C_as_mni_average_305 /opt/freesurfer/average/711-2B_as_mni_average_305_mask talsrcimg_g11 none talsrcimg_to_711-2C_as_mni_average_305_t4 2311
---------------------------------------------------------------------

freesurfer imgreg_4dfp.c
/opt/freesurfer/average/711-2C_as_mni_average_305.4dfp.img
       256       256       256         1
  1.000000  1.000000  1.000000
orientation T byte_order littleendian
Reading image: /opt/freesurfer/average/711-2C_as_mni_average_305.4dfp.img
dimensions:      256       256       256
mmppix:       1.0000   -1.0000   -1.0000
center:     128.0000 -129.0000 -129.0000
/opt/freesurfer/average/711-2B_as_mni_average_305_mask.4dfp.img
       256       256       256         1
  1.000000  1.000000  1.000000
orientation T byte_order littleendian
Reading mask: /opt/freesurfer/average/711-2B_as_mni_average_305_mask.4dfp.img (2306576 pixels)
talsrcimg_g11.4dfp.img
       256       256       256         1
  1.000000  1.000000  1.000000
orientation T byte_order littleendian
Reading image: talsrcimg_g11.4dfp.img
dimensions:      256       256       256
mmppix:       1.0000   -1.0000   -1.0000
center:     128.0000 -129.0000 -129.0000
fimgreg.f
image alignment mode   2311 decimal      907 hex
parameters
    1.7050  -32.7329    9.6731  -14.6570  -15.3863  -11.3583
   -1.5341    6.5591    0.1979    9.2976   -6.3592   -9.7961
eta,q 0.97174  9.28394
niter,ni,del,rscale     5    3    5.0000    0.8000
parameters
    1.7184  -32.7050    9.6389  -14.3858  -15.3865  -10.9981
   -1.4862    6.5683    0.3330    9.4067   -6.1639   -9.8528
eta,q 0.97172  9.31164
  0.0297  0.0291  0.0289  0.0295  0.0291  0.0298  0.0294  0.0302  0.0289  0.0294  0.0288  0.0287
  0.0289  0.0286  0.0285  0.0288  0.0286  0.0290  0.0288  0.0292  0.0286  0.0287  0.0285  0.0285
  0.0284  0.0283  0.0283  0.0284  0.0283  0.0285  0.0284  0.0285  0.0284  0.0284  0.0283  0.0283
  0.0283  0.0283  0.0283  0.0283  0.0283  0.0283  0.0283  0.0283  0.0283  0.0283  0.0283  0.0283
  0.0284  0.0283  0.0283  0.0284  0.0283  0.0285  0.0284  0.0285  0.0284  0.0284  0.0283  0.0283
  0.0289  0.0286  0.0286  0.0287  0.0286  0.0289  0.0288  0.0291  0.0285  0.0287  0.0285  0.0285
  0.0296  0.0290  0.0289  0.0292  0.0291  0.0293  0.0294  0.0302  0.0288  0.0293  0.0287  0.0287
niter,ni,del,rscale     4    3    5.0000    0.7000
parameters
    1.7081  -32.7240    9.7069  -14.4455  -15.3621  -10.9980
   -1.5182    6.5553    0.2852    9.3625   -6.1865   -9.7914
eta,q 0.97173  9.30992
  0.0293  0.0289  0.0288  0.0291  0.0289  0.0293  0.0292  0.0297  0.0287  0.0290  0.0286  0.0286
  0.0287  0.0285  0.0285  0.0286  0.0285  0.0287  0.0287  0.0289  0.0285  0.0286  0.0284  0.0284
  0.0284  0.0283  0.0284  0.0283  0.0283  0.0284  0.0284  0.0284  0.0283  0.0283  0.0283  0.0283
  0.0283  0.0283  0.0283  0.0283  0.0283  0.0283  0.0283  0.0283  0.0283  0.0283  0.0283  0.0283
  0.0284  0.0284  0.0283  0.0284  0.0283  0.0285  0.0284  0.0284  0.0283  0.0284  0.0283  0.0283
  0.0288  0.0286  0.0285  0.0287  0.0285  0.0289  0.0287  0.0290  0.0285  0.0286  0.0284  0.0284
  0.0294  0.0289  0.0287  0.0291  0.0289  0.0292  0.0292  0.0298  0.0287  0.0291  0.0286  0.0286
niter,ni,del,rscale     3    3    5.0000    0.6000
parameters
    1.7062  -32.7367    9.7127  -14.5328  -15.3392  -11.1367
   -1.5247    6.5519    0.2744    9.3119   -6.2445   -9.7324
eta,q 0.97174  9.30085
  0.0291  0.0287  0.0286  0.0289  0.0287  0.0290  0.0289  0.0294  0.0286  0.0288  0.0285  0.0285
  0.0286  0.0285  0.0284  0.0285  0.0284  0.0286  0.0286  0.0288  0.0284  0.0285  0.0284  0.0284
  0.0284  0.0283  0.0283  0.0283  0.0283  0.0283  0.0283  0.0284  0.0283  0.0283  0.0283  0.0283
  0.0283  0.0283  0.0283  0.0283  0.0283  0.0283  0.0283  0.0283  0.0283  0.0283  0.0283  0.0283
  0.0284  0.0283  0.0283  0.0284  0.0283  0.0285  0.0283  0.0284  0.0283  0.0283  0.0283  0.0283
  0.0286  0.0285  0.0284  0.0286  0.0284  0.0288  0.0286  0.0288  0.0284  0.0285  0.0284  0.0284
  0.0291  0.0287  0.0286  0.0289  0.0287  0.0291  0.0289  0.0294  0.0286  0.0288  0.0285  0.0285
niter,ni,del,rscale     2    3    5.0000    0.5000
parameters
    1.7052  -32.7363    9.6944  -14.5932  -15.3525  -11.2670
   -1.5221    6.5555    0.2430    9.2987   -6.3173   -9.7458
eta,q 0.97174  9.29213
  0.0288  0.0286  0.0285  0.0287  0.0285  0.0289  0.0287  0.0290  0.0285  0.0286  0.0284  0.0284
  0.0285  0.0284  0.0284  0.0285  0.0284  0.0285  0.0285  0.0286  0.0284  0.0284  0.0283  0.0283
  0.0283  0.0283  0.0283  0.0283  0.0283  0.0283  0.0283  0.0283  0.0283  0.0283  0.0283  0.0283
  0.0283  0.0283  0.0283  0.0283  0.0283  0.0283  0.0283  0.0283  0.0283  0.0283  0.0283  0.0283
  0.0283  0.0283  0.0283  0.0283  0.0283  0.0284  0.0283  0.0283  0.0283  0.0283  0.0283  0.0283
  0.0285  0.0284  0.0284  0.0285  0.0284  0.0286  0.0285  0.0286  0.0284  0.0284  0.0284  0.0283
  0.0288  0.0286  0.0285  0.0287  0.0285  0.0289  0.0287  0.0290  0.0285  0.0286  0.0284  0.0284
niter,ni,del,rscale     1    3    5.0000    0.4000
parameters
    1.7018  -32.7291    9.6718  -14.6508  -15.3901  -11.3563
   -1.5299    6.5569    0.2105    9.3013   -6.3614   -9.7863
eta,q 0.97175  9.28408
  0.0286  0.0285  0.0284  0.0286  0.0284  0.0287  0.0285  0.0288  0.0284  0.0285  0.0284  0.0284
  0.0284  0.0283  0.0283  0.0284  0.0283  0.0284  0.0284  0.0285  0.0283  0.0284  0.0283  0.0283
  0.0283  0.0283  0.0283  0.0283  0.0283  0.0283  0.0283  0.0283  0.0283  0.0283  0.0283  0.0283
  0.0283  0.0283  0.0283  0.0283  0.0283  0.0283  0.0283  0.0283  0.0283  0.0283  0.0283  0.0283
  0.0283  0.0283  0.0283  0.0283  0.0283  0.0283  0.0283  0.0283  0.0283  0.0283  0.0283  0.0283
  0.0284  0.0283  0.0283  0.0284  0.0283  0.0285  0.0284  0.0285  0.0283  0.0284  0.0283  0.0283
  0.0286  0.0284  0.0284  0.0286  0.0284  0.0287  0.0286  0.0288  0.0284  0.0285  0.0284  0.0284
registration optimization eta report
parameter search radius
    0.8000    0.8000    0.8000    2.4000    2.4000    2.4000
    2.4000    2.4000    2.4000    2.4000    2.4000    2.4000
100000*second partial in parameter space
       56.       30.       26.        5.        3.        7.
        5.        9.        3.        4.        2.        2.
  0.0286  0.0285  0.0284  0.0286  0.0284  0.0287  0.0285  0.0288  0.0284  0.0285  0.0284  0.0284
  0.0284  0.0283  0.0283  0.0284  0.0283  0.0284  0.0284  0.0285  0.0283  0.0284  0.0283  0.0283
  0.0283  0.0283  0.0283  0.0283  0.0283  0.0283  0.0283  0.0283  0.0283  0.0283  0.0283  0.0283
  0.0283  0.0283  0.0283  0.0283  0.0283  0.0283  0.0283  0.0283  0.0283  0.0283  0.0283  0.0283
  0.0283  0.0283  0.0283  0.0283  0.0283  0.0283  0.0283  0.0283  0.0283  0.0283  0.0283  0.0283
  0.0284  0.0283  0.0283  0.0284  0.0283  0.0285  0.0284  0.0285  0.0283  0.0284  0.0283  0.0283
  0.0286  0.0284  0.0284  0.0286  0.0284  0.0287  0.0286  0.0288  0.0284  0.0285  0.0284  0.0284
    1.7018  -32.7291    9.6718  -14.6508  -15.3901  -11.3563
   -1.5299    6.5569    0.2105    9.3013   -6.3614   -9.7863
eta,q 0.97175  9.28408

---------------------------------------------------------------------
compute_vox2vox talsrcimg talsrcimg_to_711-2C_as_mni_average_305_t4 /opt/freesurfer/average/711-2C_as_mni_average_305
---------------------------------------------------------------------

freesurfer compute_vox2vox.c
Reading: talsrcimg.4dfp.ifh
Reading: talsrcimg_to_711-2C_as_mni_average_305_t4
Reading: /opt/freesurfer/average/711-2C_as_mni_average_305.4dfp.ifh
Writing: talsrcimg_to_711-2C_as_mni_average_305_t4_vox2vox.txt

start time Sun Mar 8 17:18:25 CET 2026
end		time Sun Mar 8 17:20:01 CET 2026

mpr2mni305 success

avi2talxfm orig_nu.mgz /opt/freesurfer/average/mni305.cor.mgz talsrcimg_to_711-2C_as_mni_average_305_t4_vox2vox.txt transforms/talairach.auto.xfm
avi2talxfm done
mv -f /out/sourcedata/freesurfer/sub-v1s14x0051558_ses-1/mri/talsrcimg_to_711-2C_as_mni_average_305_t4_vox2vox.txt /out/sourcedata/freesurfer/sub-v1s14x0051558_ses-1/mri/transforms/talsrcimg_to_711-2C_as_mni_average_305_t4_vox2vox.txt
lta_convert --src orig_nu.mgz --trg /opt/freesurfer/average/mni305.cor.mgz --inxfm transforms/talairach.auto.xfm --outlta transforms/talairach.auto.xfm.lta --subject fsaverage
7.3.2

--src: orig_nu.mgz src image (geometry).
--trg: /opt/freesurfer/average/mni305.cor.mgz trg image (geometry).
--inmni: transforms/talairach.auto.xfm input MNI/XFM transform.
--outlta: transforms/talairach.auto.xfm.lta output LTA.
--s: fsaverage subject name
 LTA read, type : 1
 1.16512  -0.08733   0.01097  -0.34953;
 0.08230   1.10842   0.12969  -25.06560;
-0.01194  -0.12163   1.16761  -33.36490;
 0.00000   0.00000   0.00000   1.00000;
setting subject to fsaverage
Writing  LTA to file transforms/talairach.auto.xfm.lta...
lta_convert successful.
 
 
Started at Sun Mar 8 17:18:25 CET 2026
Ended   at Sun Mar  8 17:20:01 CET 2026
talairach_avi done
