status file for recon-all
Sun Mar  8 20:21:47 CET 2026
#@# Tessellate lh Sun Mar  8 20:21:47 CET 2026
#@# Smooth1 lh Sun Mar  8 20:21:51 CET 2026
#@# Inflation1 lh Sun Mar  8 20:21:54 CET 2026
#@# QSphere lh Sun Mar  8 20:22:11 CET 2026
#@# Fix Topology lh Sun Mar  8 20:23:32 CET 2026
#@# Smooth2 lh Sun Mar  8 20:32:35 CET 2026
#@# Inflation2 lh Sun Mar  8 20:32:39 CET 2026
#@# Curv .H and .K lh Sun Mar  8 20:32:57 CET 2026
#@# Sphere lh Sun Mar  8 20:33:54 CET 2026
#@# Surf Reg lh Sun Mar  8 20:38:07 CET 2026
#@# Jacobian white lh Sun Mar  8 20:43:43 CET 2026
#@# AvgCurv lh Sun Mar  8 20:43:44 CET 2026
#@# Cortical Parc lh Sun Mar  8 20:43:45 CET 2026
#@# white curv lh Sun Mar  8 20:51:43 CET 2026
#@# white area lh Sun Mar  8 20:51:45 CET 2026
#@# pial curv lh Sun Mar  8 20:51:46 CET 2026
#@# pial area lh Sun Mar  8 20:51:48 CET 2026
#@# thickness lh Sun Mar  8 20:51:49 CET 2026
#@# area and vertex vol lh Sun Mar  8 20:52:24 CET 2026
#@# Curvature Stats lh Sun Mar  8 20:52:26 CET 2026
#@# Cortical Parc 2 lh Sun Mar  8 20:52:29 CET 2026
#@# Cortical Parc 3 lh Sun Mar  8 20:52:45 CET 2026
#@# WM/GM Contrast lh Sun Mar  8 20:52:57 CET 2026
recon-all -s sub-v1s14x0051571_ses-1 finished without error at Sun Mar  8 20:53:02 CET 2026



#New# invocation of recon-all 



status file for recon-all
Sun Mar  8 21:31:12 CET 2026
#@# white curv lh Sun Mar  8 21:31:12 CET 2026
#@# white area lh Sun Mar  8 21:31:12 CET 2026
#@# pial curv lh Sun Mar  8 21:31:12 CET 2026
#@# pial area lh Sun Mar  8 21:31:12 CET 2026
#@# thickness lh Sun Mar  8 21:31:12 CET 2026
#@# area and vertex vol lh Sun Mar  8 21:31:12 CET 2026
#@# Parcellation Stats lh Sun Mar  8 21:31:12 CET 2026
#@# Parcellation Stats 2 lh Sun Mar  8 21:31:37 CET 2026
#@# Parcellation Stats 3 lh Sun Mar  8 21:31:55 CET 2026
#@# BA_exvivo Labels lh Sun Mar  8 21:32:13 CET 2026
recon-all -s sub-v1s14x0051571_ses-1 finished without error at Sun Mar  8 21:35:21 CET 2026
