status file for recon-all
Sun Mar  8 20:53:07 CET 2026
#@# Tessellate rh Sun Mar  8 20:53:07 CET 2026
#@# Smooth1 rh Sun Mar  8 20:53:11 CET 2026
#@# Inflation1 rh Sun Mar  8 20:53:14 CET 2026
#@# QSphere rh Sun Mar  8 20:53:30 CET 2026
#@# Fix Topology rh Sun Mar  8 20:54:51 CET 2026
#@# Smooth2 rh Sun Mar  8 21:04:34 CET 2026
#@# Inflation2 rh Sun Mar  8 21:04:37 CET 2026
#@# Curv .H and .K rh Sun Mar  8 21:04:56 CET 2026
#@# Sphere rh Sun Mar  8 21:05:50 CET 2026
#@# Surf Reg rh Sun Mar  8 21:09:02 CET 2026
#@# Jacobian white rh Sun Mar  8 21:14:45 CET 2026
#@# AvgCurv rh Sun Mar  8 21:14:46 CET 2026
#@# Cortical Parc rh Sun Mar  8 21:14:47 CET 2026
#@# white curv rh Sun Mar  8 21:22:38 CET 2026
#@# white area rh Sun Mar  8 21:22:40 CET 2026
#@# pial curv rh Sun Mar  8 21:22:41 CET 2026
#@# pial area rh Sun Mar  8 21:22:44 CET 2026
#@# thickness rh Sun Mar  8 21:22:45 CET 2026
#@# area and vertex vol rh Sun Mar  8 21:23:19 CET 2026
#@# Curvature Stats rh Sun Mar  8 21:23:20 CET 2026
#@# Cortical Parc 2 rh Sun Mar  8 21:23:23 CET 2026
#@# Cortical Parc 3 rh Sun Mar  8 21:23:39 CET 2026
#@# WM/GM Contrast rh Sun Mar  8 21:23:50 CET 2026
recon-all -s sub-v1s14x0051571_ses-1 finished without error at Sun Mar  8 21:23:55 CET 2026



#New# invocation of recon-all 



status file for recon-all
Sun Mar  8 21:35:24 CET 2026
#@# white curv rh Sun Mar  8 21:35:24 CET 2026
#@# white area rh Sun Mar  8 21:35:24 CET 2026
#@# pial curv rh Sun Mar  8 21:35:24 CET 2026
#@# pial area rh Sun Mar  8 21:35:24 CET 2026
#@# thickness rh Sun Mar  8 21:35:24 CET 2026
#@# area and vertex vol rh Sun Mar  8 21:35:24 CET 2026
#@# Parcellation Stats rh Sun Mar  8 21:35:24 CET 2026
#@# Parcellation Stats 2 rh Sun Mar  8 21:35:48 CET 2026
#@# Parcellation Stats 3 rh Sun Mar  8 21:36:01 CET 2026
#@# BA_exvivo Labels rh Sun Mar  8 21:36:16 CET 2026
recon-all -s sub-v1s14x0051571_ses-1 finished without error at Sun Mar  8 21:39:25 CET 2026
