status file for recon-all
Sun Mar  8 18:31:20 CET 2026
#@# MotionCor Sun Mar  8 18:31:22 CET 2026
#@# Talairach Sun Mar  8 18:31:32 CET 2026
#@# Talairach Failure Detection Sun Mar  8 18:35:56 CET 2026
#@# Nu Intensity Correction Sun Mar  8 18:35:56 CET 2026
#@# Intensity Normalization Sun Mar  8 18:39:11 CET 2026
recon-all -s sub-v1s14x0051571_ses-1 finished without error at Sun Mar  8 18:40:42 CET 2026



#New# invocation of recon-all 



status file for recon-all
Sun Mar  8 18:48:38 CET 2026
#@# EM Registration Sun Mar  8 18:48:38 CET 2026
recon-all -s sub-v1s14x0051571_ses-1 finished without error at Sun Mar  8 18:50:19 CET 2026



#New# invocation of recon-all 



status file for recon-all
Sun Mar  8 18:50:21 CET 2026
#@# CA Normalize Sun Mar  8 18:50:21 CET 2026
#@# CA Reg Sun Mar  8 18:51:39 CET 2026
#@# SubCort Seg Sun Mar  8 19:40:29 CET 2026
#@# CC Seg Sun Mar  8 20:15:27 CET 2026
#@# Merge ASeg Sun Mar  8 20:16:17 CET 2026
#@# Intensity Normalization2 Sun Mar  8 20:16:17 CET 2026
#@# Mask BFS Sun Mar  8 20:18:29 CET 2026
#@# WM Segmentation Sun Mar  8 20:18:30 CET 2026
#@# Fill Sun Mar  8 20:20:39 CET 2026
recon-all -s sub-v1s14x0051571_ses-1 finished without error at Sun Mar  8 20:21:43 CET 2026



#New# invocation of recon-all 



status file for recon-all
Sun Mar  8 21:23:59 CET 2026
#@# white curv lh Sun Mar  8 21:23:59 CET 2026
#@# white area lh Sun Mar  8 21:23:59 CET 2026
#@# pial curv lh Sun Mar  8 21:23:59 CET 2026
#@# pial area lh Sun Mar  8 21:23:59 CET 2026
#@# thickness lh Sun Mar  8 21:23:59 CET 2026
#@# area and vertex vol lh Sun Mar  8 21:23:59 CET 2026
#@# white curv rh Sun Mar  8 21:23:59 CET 2026
#@# white area rh Sun Mar  8 21:23:59 CET 2026
#@# pial curv rh Sun Mar  8 21:23:59 CET 2026
#@# pial area rh Sun Mar  8 21:23:59 CET 2026
#@# thickness rh Sun Mar  8 21:23:59 CET 2026
#@# area and vertex vol rh Sun Mar  8 21:23:59 CET 2026
#@# Cortical ribbon mask Sun Mar  8 21:23:59 CET 2026
recon-all -s sub-v1s14x0051571_ses-1 finished without error at Sun Mar  8 21:31:08 CET 2026



#New# invocation of recon-all 



status file for recon-all
Sun Mar  8 21:39:29 CET 2026
#@# white curv lh Sun Mar  8 21:39:30 CET 2026
#@# white area lh Sun Mar  8 21:39:30 CET 2026
#@# pial curv lh Sun Mar  8 21:39:30 CET 2026
#@# pial area lh Sun Mar  8 21:39:30 CET 2026
#@# thickness lh Sun Mar  8 21:39:30 CET 2026
#@# area and vertex vol lh Sun Mar  8 21:39:30 CET 2026
#@# white curv rh Sun Mar  8 21:39:30 CET 2026
#@# white area rh Sun Mar  8 21:39:30 CET 2026
#@# pial curv rh Sun Mar  8 21:39:30 CET 2026
#@# pial area rh Sun Mar  8 21:39:30 CET 2026
#@# thickness rh Sun Mar  8 21:39:30 CET 2026
#@# area and vertex vol rh Sun Mar  8 21:39:30 CET 2026
#@# Curvature Stats lh Sun Mar  8 21:39:30 CET 2026
#@# Curvature Stats rh Sun Mar  8 21:39:33 CET 2026
#@# Relabel Hypointensities Sun Mar  8 21:39:36 CET 2026
#@# APas-to-ASeg Sun Mar  8 21:39:53 CET 2026
#@# AParc-to-ASeg aparc Sun Mar  8 21:40:02 CET 2026
#@# AParc-to-ASeg aparc.a2009s Sun Mar  8 21:40:52 CET 2026
#@# AParc-to-ASeg aparc.DKTatlas Sun Mar  8 21:41:42 CET 2026
#@# WMParc Sun Mar  8 21:42:30 CET 2026
#@# ASeg Stats Sun Mar  8 21:46:46 CET 2026
recon-all -s sub-v1s14x0051571_ses-1 finished without error at Sun Mar  8 21:47:28 CET 2026
